03-30 10:33:20.063  9669  9791 D HomeMate: comm[ Thread-44392: FileTool.java:65 deleteOldFiles() ] - deleteOldFiles()-fileName:HomeMate_20170315154511.844.txt

03-30 10:33:20.064  9669  9791 D HomeMate: comm[ Thread-44392: FileTool.java:65 deleteOldFiles() ] - deleteOldFiles()-fileName:HomeMate_20170315153345.714.txt

03-30 10:33:20.064  9669  9791 D HomeMate: comm[ Thread-44392: FileTool.java:65 deleteOldFiles() ] - deleteOldFiles()-fileName:HomeMate_20170315153240.555.txt

03-30 10:33:20.064  9669  9791 D HomeMate: comm[ Thread-44392: FileTool.java:65 deleteOldFiles() ] - deleteOldFiles()-fileName:HomeMate_20170315145956.701.txt

03-30 10:33:20.065  9669  9791 D HomeMate: comm[ Thread-44392: FileTool.java:65 deleteOldFiles() ] - deleteOldFiles()-fileName:HomeMate_20170315145950.003.txt

03-30 10:33:20.065  9669  9791 D HomeMate: comm[ Thread-44392: FileTool.java:65 deleteOldFiles() ] - deleteOldFiles()-fileName:HomeMate_20170315142144.680.txt

03-30 10:33:20.065  9669  9791 D HomeMate: comm[ Thread-44392: FileTool.java:65 deleteOldFiles() ] - deleteOldFiles()-fileName:HomeMate_20170315142102.593.txt

03-30 10:33:20.066  9669  9791 D HomeMate: comm[ Thread-44392: FileTool.java:65 deleteOldFiles() ] - deleteOldFiles()-fileName:HomeMate_20170315135952.188.txt

03-30 10:33:20.066  9669  9791 D HomeMate: comm[ Thread-44392: FileTool.java:65 deleteOldFiles() ] - deleteOldFiles()-fileName:HomeMate_20170315135941.637.txt

03-30 10:33:20.066  9669  9791 D HomeMate: comm[ Thread-44392: FileTool.java:65 deleteOldFiles() ] - deleteOldFiles()-fileName:HomeMate_20170315135558.461.txt

03-30 10:33:20.067  9669  9791 D HomeMate: comm[ Thread-44392: FileTool.java:65 deleteOldFiles() ] - deleteOldFiles()-fileName:HomeMate_20170315133847.445.txt

03-30 10:33:20.067  9669  9791 D HomeMate: comm[ Thread-44392: FileTool.java:65 deleteOldFiles() ] - deleteOldFiles()-fileName:HomeMate_20170315125724.932.txt

03-30 10:33:20.067  9669  9791 D HomeMate: comm[ Thread-44392: FileTool.java:65 deleteOldFiles() ] - deleteOldFiles()-fileName:HomeMate_20170315125621.143.txt

03-30 10:33:20.068  9669  9791 D HomeMate: comm[ Thread-44392: FileTool.java:65 deleteOldFiles() ] - deleteOldFiles()-fileName:HomeMate_20170315125535.812.txt

03-30 10:33:20.068  9669  9791 D HomeMate: comm[ Thread-44392: FileTool.java:65 deleteOldFiles() ] - deleteOldFiles()-fileName:HomeMate_20170315125450.208.txt

03-30 10:33:20.068  9669  9791 D HomeMate: comm[ Thread-44392: FileTool.java:65 deleteOldFiles() ] - deleteOldFiles()-fileName:HomeMate_20170315125236.897.txt

03-30 10:33:20.069  9669  9791 D HomeMate: comm[ Thread-44392: FileTool.java:65 deleteOldFiles() ] - deleteOldFiles()-fileName:HomeMate_20170315124941.569.txt

03-30 10:33:20.069  9669  9791 D HomeMate: comm[ Thread-44392: FileTool.java:65 deleteOldFiles() ] - deleteOldFiles()-fileName:HomeMate_20170315124831.111.txt

03-30 10:33:20.069  9669  9791 D HomeMate: comm[ Thread-44392: FileTool.java:65 deleteOldFiles() ] - deleteOldFiles()-fileName:HomeMate_20170315124745.963.txt

03-30 10:33:20.070  9669  9791 D HomeMate: comm[ Thread-44392: FileTool.java:65 deleteOldFiles() ] - deleteOldFiles()-fileName:HomeMate_20170315124700.288.txt

03-30 10:33:20.070  9669  9791 D HomeMate: comm[ Thread-44392: FileTool.java:65 deleteOldFiles() ] - deleteOldFiles()-fileName:HomeMate_20170315124522.496.txt

03-30 10:33:20.071  9669  9791 D HomeMate: comm[ Thread-44392: FileTool.java:65 deleteOldFiles() ] - deleteOldFiles()-fileName:HomeMate_20170315124437.099.txt

03-30 10:33:20.071  9669  9791 D HomeMate: comm[ Thread-44392: FileTool.java:65 deleteOldFiles() ] - deleteOldFiles()-fileName:HomeMate_20170315124351.378.txt

03-30 10:33:20.072  9669  9791 D HomeMate: comm[ Thread-44392: FileTool.java:65 deleteOldFiles() ] - deleteOldFiles()-fileName:HomeMate_20170315123516.255.txt

03-30 10:33:20.072  9669  9791 D HomeMate: comm[ Thread-44392: FileTool.java:65 deleteOldFiles() ] - deleteOldFiles()-fileName:HomeMate_20170315123353.173.txt

03-30 10:33:20.072  9669  9791 D HomeMate: comm[ Thread-44392: FileTool.java:65 deleteOldFiles() ] - deleteOldFiles()-fileName:HomeMate_20170315123252.813.txt

03-30 10:33:20.073  9669  9791 D HomeMate: comm[ Thread-44392: FileTool.java:65 deleteOldFiles() ] - deleteOldFiles()-fileName:HomeMate_20170315123152.673.txt

03-30 10:33:20.073  9669  9791 D HomeMate: comm[ Thread-44392: FileTool.java:65 deleteOldFiles() ] - deleteOldFiles()-fileName:HomeMate_20170315123048.224.txt

03-30 10:33:20.073  9669  9791 D HomeMate: comm[ Thread-44392: FileTool.java:65 deleteOldFiles() ] - deleteOldFiles()-fileName:HomeMate_20170315122923.341.txt

03-30 10:33:20.074  9669  9791 D HomeMate: comm[ Thread-44392: FileTool.java:65 deleteOldFiles() ] - deleteOldFiles()-fileName:HomeMate_20170315122703.718.txt

03-30 10:33:20.074  9669  9791 D HomeMate: comm[ Thread-44392: FileTool.java:65 deleteOldFiles() ] - deleteOldFiles()-fileName:HomeMate_20170315122534.306.txt

03-30 10:33:20.074  9669  9791 D HomeMate: comm[ Thread-44392: FileTool.java:65 deleteOldFiles() ] - deleteOldFiles()-fileName:HomeMate_20170315122425.253.txt

03-30 10:33:20.075  9669  9791 D HomeMate: comm[ Thread-44392: FileTool.java:65 deleteOldFiles() ] - deleteOldFiles()-fileName:HomeMate_20170315122338.937.txt

03-30 10:33:20.075  9669  9791 D HomeMate: comm[ Thread-44392: FileTool.java:65 deleteOldFiles() ] - deleteOldFiles()-fileName:HomeMate_20170315122254.419.txt

03-30 10:33:20.075  9669  9791 D HomeMate: comm[ Thread-44392: FileTool.java:65 deleteOldFiles() ] - deleteOldFiles()-fileName:HomeMate_20170315122033.533.txt

03-30 10:33:20.076  9669  9791 D HomeMate: comm[ Thread-44392: FileTool.java:65 deleteOldFiles() ] - deleteOldFiles()-fileName:HomeMate_20170315121652.417.txt

03-30 10:33:20.076  9669  9791 D HomeMate: comm[ Thread-44392: FileTool.java:65 deleteOldFiles() ] - deleteOldFiles()-fileName:HomeMate_20170315121646.080.txt

03-30 10:33:20.076  9669  9791 D HomeMate: comm[ Thread-44392: FileTool.java:65 deleteOldFiles() ] - deleteOldFiles()-fileName:HomeMate_20170315121635.468.txt

03-30 10:33:20.077  9669  9791 D HomeMate: comm[ Thread-44392: FileTool.java:65 deleteOldFiles() ] - deleteOldFiles()-fileName:HomeMate_20170315121623.915.txt

03-30 10:33:20.077  9669  9791 D HomeMate: comm[ Thread-44392: FileTool.java:65 deleteOldFiles() ] - deleteOldFiles()-fileName:HomeMate_20170315121612.086.txt

03-30 10:33:20.077  9669  9791 D HomeMate: comm[ Thread-44392: FileTool.java:65 deleteOldFiles() ] - deleteOldFiles()-fileName:HomeMate_20170315121600.373.txt

03-30 10:33:20.078  9669  9791 D HomeMate: comm[ Thread-44392: FileTool.java:65 deleteOldFiles() ] - deleteOldFiles()-fileName:HomeMate_20170315114852.540.txt

03-30 10:33:20.078  9669  9791 D HomeMate: comm[ Thread-44392: FileTool.java:65 deleteOldFiles() ] - deleteOldFiles()-fileName:HomeMate_20170315114814.888.txt

03-30 10:33:20.078  9669  9791 D HomeMate: comm[ Thread-44392: FileTool.java:65 deleteOldFiles() ] - deleteOldFiles()-fileName:HomeMate_20170315114701.642.txt

03-30 10:33:20.079  9669  9791 D HomeMate: comm[ Thread-44392: FileTool.java:65 deleteOldFiles() ] - deleteOldFiles()-fileName:HomeMate_20170315114609.703.txt

03-30 10:33:20.079  9669  9791 D HomeMate: comm[ Thread-44392: FileTool.java:65 deleteOldFiles() ] - deleteOldFiles()-fileName:HomeMate_20170315114526.263.txt

03-30 10:33:20.079  9669  9791 D HomeMate: comm[ Thread-44392: FileTool.java:65 deleteOldFiles() ] - deleteOldFiles()-fileName:HomeMate_20170315114434.896.txt

03-30 10:33:20.080  9669  9791 D HomeMate: comm[ Thread-44392: FileTool.java:65 deleteOldFiles() ] - deleteOldFiles()-fileName:HomeMate_20170315114323.195.txt

03-30 10:33:20.080  9669  9791 D HomeMate: comm[ Thread-44392: FileTool.java:65 deleteOldFiles() ] - deleteOldFiles()-fileName:HomeMate_20170315114242.183.txt

03-30 10:33:20.081  9669  9791 D HomeMate: comm[ Thread-44392: FileTool.java:65 deleteOldFiles() ] - deleteOldFiles()-fileName:HomeMate_20170315114128.051.txt

03-30 10:33:20.081  9669  9791 D HomeMate: comm[ Thread-44392: FileTool.java:65 deleteOldFiles() ] - deleteOldFiles()-fileName:HomeMate_20170315114023.883.txt

03-30 10:33:20.081  9669  9791 D HomeMate: comm[ Thread-44392: FileTool.java:65 deleteOldFiles() ] - deleteOldFiles()-fileName:HomeMate_20170315113918.177.txt

03-30 10:33:20.082  9669  9791 D HomeMate: comm[ Thread-44392: FileTool.java:65 deleteOldFiles() ] - deleteOldFiles()-fileName:HomeMate_20170315113750.298.txt

03-30 10:33:20.082  9669  9791 D HomeMate: comm[ Thread-44392: FileTool.java:65 deleteOldFiles() ] - deleteOldFiles()-fileName:HomeMate_20170315113658.644.txt

03-30 10:33:20.082  9669  9791 D HomeMate: comm[ Thread-44392: FileTool.java:65 deleteOldFiles() ] - deleteOldFiles()-fileName:HomeMate_20170315113528.642.txt

03-30 10:33:20.083  9669  9791 D HomeMate: comm[ Thread-44392: FileTool.java:65 deleteOldFiles() ] - deleteOldFiles()-fileName:HomeMate_20170315113405.698.txt

03-30 10:33:20.083  9669  9791 D HomeMate: comm[ Thread-44392: FileTool.java:65 deleteOldFiles() ] - deleteOldFiles()-fileName:HomeMate_20170315113251.834.txt

03-30 10:33:20.083  9669  9791 D HomeMate: comm[ Thread-44392: FileTool.java:65 deleteOldFiles() ] - deleteOldFiles()-fileName:HomeMate_20170315113209.636.txt

03-30 10:33:20.084  9669  9791 D HomeMate: comm[ Thread-44392: FileTool.java:65 deleteOldFiles() ] - deleteOldFiles()-fileName:HomeMate_20170315113124.566.txt

03-30 10:33:20.084  9669  9791 D HomeMate: comm[ Thread-44392: FileTool.java:65 deleteOldFiles() ] - deleteOldFiles()-fileName:HomeMate_20170315113039.834.txt

03-30 10:33:20.084  9669  9791 D HomeMate: comm[ Thread-44392: FileTool.java:65 deleteOldFiles() ] - deleteOldFiles()-fileName:HomeMate_20170315112945.535.txt

03-30 10:33:20.085  9669  9669 D HomeMate: allen[ main: HomeFragment.java:184 onActivityCreated() ] - onActivityCreated()

03-30 10:33:20.085  9669  9791 D HomeMate: comm[ Thread-44392: FileTool.java:65 deleteOldFiles() ] - deleteOldFiles()-fileName:HomeMate_20170315112846.587.txt

03-30 10:33:20.085  9669  9669 D HomeMate: comm[ main: HomeFragment.java:185 onActivityCreated() ] - HomeFragment{78cdc16 #0 id=0x7f0d0299 å®¶}

03-30 10:33:20.085  9669  9791 D HomeMate: comm[ Thread-44392: FileTool.java:65 deleteOldFiles() ] - deleteOldFiles()-fileName:HomeMate_20170315112723.019.txt

03-30 10:33:20.085  9669  9669 D HomeMate: comm[ main: HomeFragment.java:187 onActivityCreated() ] - HomeRefresh

03-30 10:33:20.085  9669  9791 D HomeMate: comm[ Thread-44392: FileTool.java:65 deleteOldFiles() ] - deleteOldFiles()-fileName:HomeMate_20170315112614.319.txt

03-30 10:33:20.086  9669  9669 D HomeMate: comm[ main: HomeRoomPresenter.java:58 init() ] - HomeRefresh

03-30 10:33:20.086  9669  9791 D HomeMate: comm[ Thread-44392: FileTool.java:65 deleteOldFiles() ] - deleteOldFiles()-fileName:HomeMate_20170315112532.735.txt

03-30 10:33:20.086  9669  9791 D HomeMate: comm[ Thread-44392: FileTool.java:65 deleteOldFiles() ] - deleteOldFiles()-fileName:HomeMate_20170315112442.943.txt

03-30 10:33:20.086  9669  9791 D HomeMate: comm[ Thread-44392: FileTool.java:65 deleteOldFiles() ] - deleteOldFiles()-fileName:HomeMate_20170315112253.977.txt

03-30 10:33:20.087  9669  9791 D HomeMate: comm[ Thread-44392: FileTool.java:65 deleteOldFiles() ] - deleteOldFiles()-fileName:HomeMate_20170315112048.243.txt

03-30 10:33:20.087  9669  9791 D HomeMate: comm[ Thread-44392: FileTool.java:65 deleteOldFiles() ] - deleteOldFiles()-fileName:HomeMate_20170315111908.007.txt

03-30 10:33:20.088  9669  9791 D HomeMate: comm[ Thread-44392: FileTool.java:65 deleteOldFiles() ] - deleteOldFiles()-fileName:HomeMate_20170315111724.809.txt

03-30 10:33:20.088  9669  9791 D HomeMate: comm[ Thread-44392: FileTool.java:65 deleteOldFiles() ] - deleteOldFiles()-fileName:HomeMate_20170315111631.263.txt

03-30 10:33:20.089  9669  9791 D HomeMate: comm[ Thread-44392: FileTool.java:65 deleteOldFiles() ] - deleteOldFiles()-fileName:HomeMate_20170315111539.241.txt

03-30 10:33:20.089  9669  9791 D HomeMate: comm[ Thread-44392: FileTool.java:65 deleteOldFiles() ] - deleteOldFiles()-fileName:HomeMate_20170315111450.095.txt

03-30 10:33:20.089  9669  9791 D HomeMate: comm[ Thread-44392: FileTool.java:65 deleteOldFiles() ] - deleteOldFiles()-fileName:HomeMate_20170315111400.711.txt

03-30 10:33:20.090  9669  9791 D HomeMate: comm[ Thread-44392: FileTool.java:65 deleteOldFiles() ] - deleteOldFiles()-fileName:HomeMate_20170315111305.817.txt

03-30 10:33:20.090  9669  9791 D HomeMate: comm[ Thread-44392: FileTool.java:65 deleteOldFiles() ] - deleteOldFiles()-fileName:HomeMate_20170315111159.453.txt

03-30 10:33:20.090  9669  9791 D HomeMate: comm[ Thread-44392: FileTool.java:65 deleteOldFiles() ] - deleteOldFiles()-fileName:HomeMate_20170315111107.549.txt

03-30 10:33:20.091  9669  9791 D HomeMate: comm[ Thread-44392: FileTool.java:65 deleteOldFiles() ] - deleteOldFiles()-fileName:HomeMate_20170315111021.308.txt

03-30 10:33:20.091  9669  9791 D HomeMate: comm[ Thread-44392: FileTool.java:65 deleteOldFiles() ] - deleteOldFiles()-fileName:HomeMate_20170315110932.217.txt

03-30 10:33:20.091  9669  9791 D HomeMate: comm[ Thread-44392: FileTool.java:65 deleteOldFiles() ] - deleteOldFiles()-fileName:HomeMate_20170315110730.488.txt

03-30 10:33:20.092  9669  9791 D HomeMate: comm[ Thread-44392: FileTool.java:65 deleteOldFiles() ] - deleteOldFiles()-fileName:HomeMate_20170315110641.616.txt

03-30 10:33:20.092  9669  9791 D HomeMate: comm[ Thread-44392: FileTool.java:65 deleteOldFiles() ] - deleteOldFiles()-fileName:HomeMate_20170315110447.770.txt

03-30 10:33:20.092  9669  9791 D HomeMate: comm[ Thread-44392: FileTool.java:65 deleteOldFiles() ] - deleteOldFiles()-fileName:HomeMate_20170315110309.988.txt

03-30 10:33:20.093  9669  9791 D HomeMate: comm[ Thread-44392: FileTool.java:65 deleteOldFiles() ] - deleteOldFiles()-fileName:HomeMate_20170315110224.792.txt

03-30 10:33:20.093  9669  9791 D HomeMate: comm[ Thread-44392: FileTool.java:65 deleteOldFiles() ] - deleteOldFiles()-fileName:HomeMate_20170315110140.343.txt

03-30 10:33:20.093  9669  9791 D HomeMate: comm[ Thread-44392: FileTool.java:65 deleteOldFiles() ] - deleteOldFiles()-fileName:HomeMate_20170315110054.542.txt

03-30 10:33:20.094  9669  9791 D HomeMate: comm[ Thread-44392: FileTool.java:65 deleteOldFiles() ] - deleteOldFiles()-fileName:HomeMate_20170315110012.140.txt

03-30 10:33:20.094  9669  9791 D HomeMate: comm[ Thread-44392: FileTool.java:65 deleteOldFiles() ] - deleteOldFiles()-fileName:HomeMate_20170315105859.533.txt

03-30 10:33:20.095  9669  9791 D HomeMate: comm[ Thread-44392: FileTool.java:65 deleteOldFiles() ] - deleteOldFiles()-fileName:HomeMate_20170315105735.086.txt

03-30 10:33:20.095  9669  9791 D HomeMate: comm[ Thread-44392: FileTool.java:65 deleteOldFiles() ] - deleteOldFiles()-fileName:HomeMate_20170315105331.858.txt

03-30 10:33:20.095  9669  9791 D HomeMate: comm[ Thread-44392: FileTool.java:65 deleteOldFiles() ] - deleteOldFiles()-fileName:HomeMate_20170315102638.310.txt

03-30 10:33:20.096  9669  9791 D HomeMate: comm[ Thread-44392: FileTool.java:65 deleteOldFiles() ] - deleteOldFiles()-fileName:HomeMate_20170315102553.301.txt

03-30 10:33:20.096  9669  9791 D HomeMate: comm[ Thread-44392: FileTool.java:65 deleteOldFiles() ] - deleteOldFiles()-fileName:HomeMate_20170315102506.333.txt

03-30 10:33:20.096  9669  9791 D HomeMate: comm[ Thread-44392: FileTool.java:65 deleteOldFiles() ] - deleteOldFiles()-fileName:HomeMate_20170315102420.784.txt

03-30 10:33:20.097  9669  9791 D HomeMate: comm[ Thread-44392: FileTool.java:65 deleteOldFiles() ] - deleteOldFiles()-fileName:HomeMate_20170315091708.070.txt

03-30 10:33:20.097  9669  9791 D HomeMate: comm[ Thread-44392: FileTool.java:65 deleteOldFiles() ] - deleteOldFiles()-fileName:HomeMate_20170315091636.400.txt

03-30 10:33:20.097  9669  9669 D HomeMate: comm[ main: HomeFragment.java:279 onInit() ] - HomeRefresh

03-30 10:33:20.097  9669  9791 D HomeMate: comm[ Thread-44392: FileTool.java:65 deleteOldFiles() ] - deleteOldFiles()-fileName:HomeMate_20170315091531.864.txt

03-30 10:33:20.098  9669  9791 D HomeMate: comm[ Thread-44392: FileTool.java:65 deleteOldFiles() ] - deleteOldFiles()-fileName:HomeMate_20170315091450.189.txt

03-30 10:33:20.098  9669  9669 D HomeMate: allen[ main: HomeFragment.java:291 onRefreshFamilies() ] - families:[Family{familyId='ea4205a93f1c46b4a6df9bb391513dd9', pic='', creator='91a31ba24648493aad89636922662c04', familyName='ojrtx', nickname_in_family='null', email='15079034630@126.com', phone='', showIndex=1, isAdmin=1, userid='91a31ba24648493aad89636922662c04', userName=ahdhhddhhd, updateTimeSec=1490841108000} , Family{familyId='7c9d5013119f46a2a89fe662794afe17', pic='', creator='91a31ba24648493aad89636922662c04', familyName='gggy', nickname_in_family='null', email='15079034630@126.com', phone='', showIndex=2, isAdmin=1, userid='91a31ba24648493aad89636922662c04', userName=ahdhhddhhd, updateTimeSec=1490702078000} , Family{familyId='2f2e636022b94e218b3c2f9756c65cc5', pic='http://homemate.orvibo.com/images/family/decd605137a041d3943517d8943621bf.png', creator='91a31ba24648493aad89636922662c04', familyName='f30ow', nickname_in_family='null', email='15079034630@126.com', phone='', showIndex=3, isAdmin=1, userid='91a31ba24648493aad89636922662c04', userName=ahdhhddhhd, updateTimeSec=1490702078000} , Family{familyId='8a1ceb7b78034a539fbebe64efd979fc', pic='http://homemate.orvibo.com/images/family/5d1549631bde4bba877fa28498755239.png', creator='91a31ba24648493aad89636922662c04', familyName='2fa1b', nickname_in_family='null', email='15079034630@126.com', phone='', showIndex=4, isAdmin=1, userid='91a31ba24648493aad89636922662c04', userName=ahdhhddhhd, updateTimeSec=1490702078000} , Family{familyId='dbc10e32ebe547cc932bce19fe63d2c1', pic='http://homemate.orvibo.com/images/family/783967619a144ff182042bce99002bb1.png', creator='91a31ba24648493aad89636922662c04', familyName='iu299', nickname_in_family='null', email='15079034630@126.com', phone='', showIndex=5, isAdmin=1, userid='91a31ba24648493aad89636922662c04', userName=ahdhhddhhd, updateTimeSec=1490702078000} ] selectFamilyPosition:0

03-30 10:33:20.098  9669  9791 D HomeMate: comm[ Thread-44392: FileTool.java:65 deleteOldFiles() ] - deleteOldFiles()-fileName:HomeMate_20170315090727.357.txt

03-30 10:33:20.098  9669  9791 D HomeMate: comm[ Thread-44392: FileTool.java:65 deleteOldFiles() ] - deleteOldFiles()-fileName:HomeMate_20170314194309.602.txt

03-30 10:33:20.099  9669  9791 D HomeMate: comm[ Thread-44392: FileTool.java:65 deleteOldFiles() ] - deleteOldFiles()-fileName:HomeMate_20170314194528.432vicenter.db

03-30 10:33:20.099  9669  9791 D HomeMate: comm[ Thread-44392: FileTool.java:65 deleteOldFiles() ] - deleteOldFiles()-fileName:HomeMate_20170314194528.471device_desc.db

03-30 10:33:20.099  9669  9791 D HomeMate: comm[ Thread-44392: FileTool.java:65 deleteOldFiles() ] - deleteOldFiles()-fileName:HomeMate_20170314191435.952.txt

03-30 10:33:20.100  9669  9791 D HomeMate: comm[ Thread-44392: FileTool.java:65 deleteOldFiles() ] - deleteOldFiles()-fileName:HomeMate_20170314191342.186.txt

03-30 10:33:20.100  9669  9791 D HomeMate: comm[ Thread-44392: FileTool.java:65 deleteOldFiles() ] - deleteOldFiles()-fileName:HomeMate_20170314190407.728.txt

03-30 10:33:20.101  9669  9791 D HomeMate: comm[ Thread-44392: FileTool.java:65 deleteOldFiles() ] - deleteOldFiles()-fileName:HomeMate_20170314190302.766.txt

03-30 10:33:20.101  9669  9791 D HomeMate: comm[ Thread-44392: FileTool.java:65 deleteOldFiles() ] - deleteOldFiles()-fileName:HomeMate_20170314190225.130.txt

03-30 10:33:20.101  9669  9791 D HomeMate: comm[ Thread-44392: FileTool.java:65 deleteOldFiles() ] - deleteOldFiles()-fileName:HomeMate_20170314190133.082.txt

03-30 10:33:20.102  9669  9791 D HomeMate: comm[ Thread-44392: FileTool.java:65 deleteOldFiles() ] - deleteOldFiles()-fileName:HomeMate_20170314190122.738.txt

03-30 10:33:20.102  9669  9791 D HomeMate: comm[ Thread-44392: FileTool.java:65 deleteOldFiles() ] - deleteOldFiles()-fileName:HomeMate_20170314190113.571.txt

03-30 10:33:20.102  9669  9791 D HomeMate: comm[ Thread-44392: FileTool.java:65 deleteOldFiles() ] - deleteOldFiles()-fileName:HomeMate_20170314190036.218.txt

03-30 10:33:20.103  9669  9791 D HomeMate: comm[ Thread-44392: FileTool.java:65 deleteOldFiles() ] - deleteOldFiles()-fileName:HomeMate_20170314185958.974.txt

03-30 10:33:20.103  9669  9791 D HomeMate: comm[ Thread-44392: FileTool.java:65 deleteOldFiles() ] - deleteOldFiles()-fileName:HomeMate_20170314180421.293.txt

03-30 10:33:20.104  9669  9791 D HomeMate: comm[ Thread-44392: FileTool.java:65 deleteOldFiles() ] - deleteOldFiles()-fileName:HomeMate_20170314175634.752.txt

03-30 10:33:20.104  9669  9791 D HomeMate: comm[ Thread-44392: FileTool.java:65 deleteOldFiles() ] - deleteOldFiles()-fileName:HomeMate_20170314174531.915.txt

03-30 10:33:20.105  9669  9791 D HomeMate: comm[ Thread-44392: FileTool.java:65 deleteOldFiles() ] - deleteOldFiles()-fileName:HomeMate_20170314174242.283.txt

03-30 10:33:20.105  9669  9791 D HomeMate: comm[ Thread-44392: FileTool.java:65 deleteOldFiles() ] - deleteOldFiles()-fileName:HomeMate_20170314173009.987.txt

03-30 10:33:20.105  9669  9791 D HomeMate: comm[ Thread-44392: FileTool.java:65 deleteOldFiles() ] - deleteOldFiles()-fileName:HomeMate_20170314171124.633.txt

03-30 10:33:20.106  9669  9791 D HomeMate: comm[ Thread-44392: FileTool.java:65 deleteOldFiles() ] - deleteOldFiles()-fileName:HomeMate_20170314170148.988.txt

03-30 10:33:20.106  9669  9791 D HomeMate: comm[ Thread-44392: FileTool.java:65 deleteOldFiles() ] - deleteOldFiles()-fileName:HomeMate_20170314170103.140.txt

03-30 10:33:20.106  9669  9791 D HomeMate: comm[ Thread-44392: FileTool.java:65 deleteOldFiles() ] - deleteOldFiles()-fileName:HomeMate_20170314170048.079.txt

03-30 10:33:20.107  9669  9791 D HomeMate: comm[ Thread-44392: FileTool.java:65 deleteOldFiles() ] - deleteOldFiles()-fileName:HomeMate_20170314165946.316.txt

03-30 10:33:20.107  9669  9791 D HomeMate: comm[ Thread-44392: FileTool.java:65 deleteOldFiles() ] - deleteOldFiles()-fileName:HomeMate_20170314165800.825.txt

03-30 10:33:20.107  9669  9791 D HomeMate: comm[ Thread-44392: FileTool.java:65 deleteOldFiles() ] - deleteOldFiles()-fileName:HomeMate_20170314164742.923.txt

03-30 10:33:20.108  9669  9791 D HomeMate: comm[ Thread-44392: FileTool.java:65 deleteOldFiles() ] - deleteOldFiles()-fileName:HomeMate_20170314164639.933.txt

03-30 10:33:20.108  9669  9791 D HomeMate: comm[ Thread-44392: FileTool.java:65 deleteOldFiles() ] - deleteOldFiles()-fileName:HomeMate_20170314164533.729.txt

03-30 10:33:20.108  9669  9791 D HomeMate: comm[ Thread-44392: FileTool.java:65 deleteOldFiles() ] - deleteOldFiles()-fileName:HomeMate_20170314164406.231.txt

03-30 10:33:20.109  9669  9791 D HomeMate: comm[ Thread-44392: FileTool.java:65 deleteOldFiles() ] - deleteOldFiles()-fileName:HomeMate_20170314163059.622.txt

03-30 10:33:20.109  9669  9791 D HomeMate: comm[ Thread-44392: FileTool.java:65 deleteOldFiles() ] - deleteOldFiles()-fileName:HomeMate_20170314163002.900.txt

03-30 10:33:20.109  9669  9850 D HomeMate: hank[ Thread-44424: FeedBackService.java:94 onSuccess() ] - FeedbackAPI unreadCount:18

03-30 10:33:20.109  9669  9791 D HomeMate: comm[ Thread-44392: FileTool.java:65 deleteOldFiles() ] - deleteOldFiles()-fileName:HomeMate_20170314162904.677.txt

03-30 10:33:20.110  9669  9791 D HomeMate: comm[ Thread-44392: FileTool.java:65 deleteOldFiles() ] - deleteOldFiles()-fileName:HomeMate_20170314162814.496.txt

03-30 10:33:20.110  9669  9791 D HomeMate: comm[ Thread-44392: FileTool.java:65 deleteOldFiles() ] - deleteOldFiles()-fileName:HomeMate_20170314162733.632.txt

03-30 10:33:20.111  9669  9791 D HomeMate: comm[ Thread-44392: FileTool.java:65 deleteOldFiles() ] - deleteOldFiles()-fileName:HomeMate_20170314162523.215.txt

03-30 10:33:20.111  9669  9791 D HomeMate: comm[ Thread-44392: FileTool.java:65 deleteOldFiles() ] - deleteOldFiles()-fileName:HomeMate_20170314162433.431.txt

03-30 10:33:20.111  9669  9791 D HomeMate: comm[ Thread-44392: FileTool.java:65 deleteOldFiles() ] - deleteOldFiles()-fileName:HomeMate_20170314162353.877.txt

03-30 10:33:20.112  9669  9791 D HomeMate: comm[ Thread-44392: FileTool.java:65 deleteOldFiles() ] - deleteOldFiles()-fileName:HomeMate_20170314162305.668.txt

03-30 10:33:20.112  9669  9791 D HomeMate: comm[ Thread-44392: FileTool.java:65 deleteOldFiles() ] - deleteOldFiles()-fileName:HomeMate_20170314162204.038.txt

03-30 10:33:20.112  9669  9791 D HomeMate: comm[ Thread-44392: FileTool.java:65 deleteOldFiles() ] - deleteOldFiles()-fileName:HomeMate_20170314162120.687.txt

03-30 10:33:20.113  9669  9791 D HomeMate: comm[ Thread-44392: FileTool.java:65 deleteOldFiles() ] - deleteOldFiles()-fileName:HomeMate_20170314162018.423.txt

03-30 10:33:20.113  9669  9791 D HomeMate: comm[ Thread-44392: FileTool.java:65 deleteOldFiles() ] - deleteOldFiles()-fileName:HomeMate_20170314161918.849.txt

03-30 10:33:20.113  9669  9791 D HomeMate: comm[ Thread-44392: FileTool.java:65 deleteOldFiles() ] - deleteOldFiles()-fileName:HomeMate_20170314161838.102.txt

03-30 10:33:20.114  9669  9791 D HomeMate: comm[ Thread-44392: FileTool.java:65 deleteOldFiles() ] - deleteOldFiles()-fileName:HomeMate_20170314161728.020.txt

03-30 10:33:20.114  9669  9791 D HomeMate: comm[ Thread-44392: FileTool.java:65 deleteOldFiles() ] - deleteOldFiles()-fileName:HomeMate_20170314161628.224.txt

03-30 10:33:20.114  9669  9791 D HomeMate: comm[ Thread-44392: FileTool.java:65 deleteOldFiles() ] - deleteOldFiles()-fileName:HomeMate_20170314161537.656.txt

03-30 10:33:20.115  9669  9791 D HomeMate: comm[ Thread-44392: FileTool.java:65 deleteOldFiles() ] - deleteOldFiles()-fileName:HomeMate_20170314161100.376.txt

03-30 10:33:20.115  9669  9791 D HomeMate: comm[ Thread-44392: FileTool.java:65 deleteOldFiles() ] - deleteOldFiles()-fileName:HomeMate_20170314160937.059.txt

03-30 10:33:20.115  9669  9791 D HomeMate: comm[ Thread-44392: FileTool.java:65 deleteOldFiles() ] - deleteOldFiles()-fileName:HomeMate_20170314160835.186.txt

03-30 10:33:20.116  9669  9791 D HomeMate: comm[ Thread-44392: FileTool.java:65 deleteOldFiles() ] - deleteOldFiles()-fileName:HomeMate_20170314160615.884.txt

03-30 10:33:20.116  9669  9791 D HomeMate: comm[ Thread-44392: FileTool.java:65 deleteOldFiles() ] - deleteOldFiles()-fileName:HomeMate_20170314160514.313.txt

03-30 10:33:20.116  9669  9791 D HomeMate: comm[ Thread-44392: FileTool.java:65 deleteOldFiles() ] - deleteOldFiles()-fileName:HomeMate_20170314160348.585.txt

03-30 10:33:20.117  9669  9791 D HomeMate: comm[ Thread-44392: FileTool.java:65 deleteOldFiles() ] - deleteOldFiles()-fileName:HomeMate_20170314155619.147.txt

03-30 10:33:20.117  9669  9791 D HomeMate: comm[ Thread-44392: FileTool.java:65 deleteOldFiles() ] - deleteOldFiles()-fileName:HomeMate_20170314155543.147.txt

03-30 10:33:20.118  9669  9791 D HomeMate: comm[ Thread-44392: FileTool.java:65 deleteOldFiles() ] - deleteOldFiles()-fileName:HomeMate_20170314155504.932.txt

03-30 10:33:20.118  9669  9791 D HomeMate: comm[ Thread-44392: FileTool.java:65 deleteOldFiles() ] - deleteOldFiles()-fileName:HomeMate_20170314155339.027.txt

03-30 10:33:20.118  9669  9791 D HomeMate: comm[ Thread-44392: FileTool.java:65 deleteOldFiles() ] - deleteOldFiles()-fileName:HomeMate_20170314155241.180.txt

03-30 10:33:20.118  9669  9669 D HomeMate: comm[ main: HomeFragment.java:382 doRefreshRooms() ] - HomeRefresh-do refresh

03-30 10:33:20.119  9669  9791 D HomeMate: comm[ Thread-44392: FileTool.java:65 deleteOldFiles() ] - deleteOldFiles()-fileName:HomeMate_20170314155142.147.txt

03-30 10:33:20.119  9669  9669 D HomeMate: allen[ main: HomeFragment.java:385 doRefreshRooms() ] - rooms:[Room{roomId='ea4205a93f1c46b4a6df9bb391513dd9', roomName='é»˜è®¤æˆ¿é—´', floorId='714c9032b3ef488bbfe77bff438d53a4', roomType=0, sequence=0, isDefaultRoom=false, imgUrl='/storage/emulated/0/HomeMate/room/6_thumb'} BaseBo{delFlag=0, updateTime='0', createTime='0', updateTimeSec=0, uid='null', userName='null'}] selectRoomPosition:0

03-30 10:33:20.119  9669  9791 D HomeMate: comm[ Thread-44392: FileTool.java:65 deleteOldFiles() ] - deleteOldFiles()-fileName:HomeMate_20170314095711.806.txt

03-30 10:33:20.119  9669  9791 D HomeMate: comm[ Thread-44392: FileTool.java:65 deleteOldFiles() ] - deleteOldFiles()-fileName:HomeMate_20170314095648.946.txt

03-30 10:33:20.120  9669  9791 D HomeMate: comm[ Thread-44392: FileTool.java:65 deleteOldFiles() ] - deleteOldFiles()-fileName:HomeMate_20170314095628.648.txt

03-30 10:33:20.120  9669  9791 D HomeMate: comm[ Thread-44392: FileTool.java:65 deleteOldFiles() ] - deleteOldFiles()-fileName:HomeMate_20170314095537.218.txt

03-30 10:33:20.120  9669  9791 D HomeMate: comm[ Thread-44392: FileTool.java:65 deleteOldFiles() ] - deleteOldFiles()-fileName:HomeMate_20170314095520.094.txt

03-30 10:33:20.121  9669  9791 D HomeMate: comm[ Thread-44392: FileTool.java:65 deleteOldFiles() ] - deleteOldFiles()-fileName:HomeMate_20170314095356.804.txt

03-30 10:33:20.121  9669  9791 D HomeMate: comm[ Thread-44392: FileTool.java:65 deleteOldFiles() ] - deleteOldFiles()-fileName:HomeMate_20170314095103.179.txt

03-30 10:33:20.122  9669  9791 D HomeMate: comm[ Thread-44392: FileTool.java:65 deleteOldFiles() ] - deleteOldFiles()-fileName:HomeMate_20170314094908.569.txt

03-30 10:33:20.122  9669  9791 D HomeMate: comm[ Thread-44392: FileTool.java:65 deleteOldFiles() ] - deleteOldFiles()-fileName:HomeMate_20170314094827.887.txt

03-30 10:33:20.122  9669  9791 D HomeMate: comm[ Thread-44392: FileTool.java:65 deleteOldFiles() ] - deleteOldFiles()-fileName:HomeMate_20170314093539.753.txt

03-30 10:33:20.123  9669  9791 D HomeMate: comm[ Thread-44392: FileTool.java:65 deleteOldFiles() ] - deleteOldFiles()-fileName:HomeMate_20170314093520.381.txt

03-30 10:33:20.123  9669  9791 D HomeMate: comm[ Thread-44392: FileTool.java:65 deleteOldFiles() ] - deleteOldFiles()-fileName:HomeMate_20170314092043.278.txt

03-30 10:33:20.123  9669  9791 D HomeMate: comm[ Thread-44392: FileTool.java:65 deleteOldFiles() ] - deleteOldFiles()-fileName:HomeMate_20170314092006.815.txt

03-30 10:33:20.124  9669  9669 I HomeMate: comm[ main: BaseRequest.java:118 doRequestAsync() ] - registerEvent: com.orvibo.homemate.device.home.HomeRoomPresenter$1@af39784

03-30 10:33:20.124  9669  9791 D HomeMate: comm[ Thread-44392: FileTool.java:65 deleteOldFiles() ] - deleteOldFiles()-fileName:HomeMate_20170314091624.631.txt

03-30 10:33:20.124  9669  9791 D HomeMate: comm[ Thread-44392: FileTool.java:65 deleteOldFiles() ] - deleteOldFiles()-fileName:HomeMate_20170314091545.648.txt

03-30 10:33:20.124  9669  9791 D HomeMate: comm[ Thread-44392: FileTool.java:65 deleteOldFiles() ] - deleteOldFiles()-fileName:HomeMate_20170314091341.874.txt

03-30 10:33:20.125  9669  9791 D HomeMate: comm[ Thread-44392: FileTool.java:65 deleteOldFiles() ] - deleteOldFiles()-fileName:HomeMate_20170314091231.302.txt

03-30 10:33:20.125  9669  9791 D HomeMate: comm[ Thread-44392: FileTool.java:65 deleteOldFiles() ] - deleteOldFiles()-fileName:HomeMate_20170314091151.430.txt

03-30 10:33:20.125  9669  9669 D HomeMate: comm[ main: BaseRequest.java:978 saveSerial() ] - Record serial 628627504 on com.orvibo.homemate.device.home.HomeRoomPresenter$1@af39784

03-30 10:33:20.125  9669  9791 D HomeMate: comm[ Thread-44392: FileTool.java:65 deleteOldFiles() ] - deleteOldFiles()-fileName:HomeMate_20170313191816.407.txt

03-30 10:33:20.126  9669  9791 D HomeMate: comm[ Thread-44392: FileTool.java:65 deleteOldFiles() ] - deleteOldFiles()-fileName:HomeMate_20170313191739.265.txt

03-30 10:33:20.126  9669  9824 D HomeMate: comm[ pool-4-thread-2: MinaSocket.java:139 send() ] - target:server,position:server start request.requestConfig:RequestConfig{state=2, type=0, target=1, requestConf=RequestConf{totalCount=2, intervalTime=3500, lastTimeoutTime=5000}},messageLength:138

03-30 10:33:20.126  9669  9824 D HomeMate: sConnectFutures:{server=org.apache.mina.core.polling.AbstractPollingIoConnector$ConnectionRequest@1cafd9}

03-30 10:33:20.126  9669  9791 D HomeMate: comm[ Thread-44392: FileTool.java:65 deleteOldFiles() ] - deleteOldFiles()-fileName:HomeMate_20170313191601.277.txt

03-30 10:33:20.126  9669  9791 D HomeMate: comm[ Thread-44392: FileTool.java:65 deleteOldFiles() ] - deleteOldFiles()-fileName:HomeMate_20170313191524.488.txt

03-30 10:33:20.126  9669  9824 I HomeMate: comm[ pool-4-thread-2: CodecEncoder.java:44 encode() ] - encode()-ç¼–ç å®Œæˆ,å‘IP:/192.168.2.242:10001å†™æ•°æ?(138):68,64,00,8a,64,6b,f5,f7,03,f4,61,37,63,64,63,37,64,34,61,35,35,32,34,38,36,32,62,64,36,39,66,31,32,61,65,66,37,38,32,33,61,30,38,63,3f,77,40,99,3e,71,4e,f8,58,5d,bc,f1,f6,5b,19,5e,86,82,13,9d,e5,a6,59,95,74,5a,3b,4a,c6,8b,f2,27,7f,6b,31,18,d7,7a,12,1d,f9,84,ab,d3,e4,9b,e1,02,6f,29,6d,c9,a7,a8,0f,ae,3e,d9,f5,8d,b3,14,f1,2a,0a,3c,eb,83,c0,9c,6c,13,fb,ec,4b,f1,ac,28,fb,52,e9,83,7c,ce,f3,01,75,4a,77,06,a6,16,4f,49

03-30 10:33:20.127  9669  9791 D HomeMate: comm[ Thread-44392: FileTool.java:65 deleteOldFiles() ] - deleteOldFiles()-fileName:HomeMate_20170313191321.780.txt

03-30 10:33:20.127  9669  9791 D HomeMate: comm[ Thread-44392: FileTool.java:65 deleteOldFiles() ] - deleteOldFiles()-fileName:HomeMate_20170313191246.144.txt

03-30 10:33:20.127  9669  9824 D HomeMate: comm[ pool-4-thread-2: MinaSocket.java:157 send() ] - isWritten:true,ioSession:(0x00000001: nio socket, client, /192.168.56.181:46841 => /192.168.2.242:10001)

03-30 10:33:20.127  9669  9791 D HomeMate: comm[ Thread-44392: FileTool.java:65 deleteOldFiles() ] - deleteOldFiles()-fileName:HomeMate_20170313191141.026.txt

03-30 10:33:20.128  9669  9791 D HomeMate: comm[ Thread-44392: FileTool.java:65 deleteOldFiles() ] - deleteOldFiles()-fileName:HomeMate_20170313191050.606.txt

03-30 10:33:20.128  9669  9824 V HomeMate: comm[ pool-4-thread-2: BaseRequest.java:180 onAsyncTick() ] - Send command:Command{

03-30 10:33:20.128  9669  9824 V HomeMate: uid='server'

03-30 10:33:20.128  9669  9824 V HomeMate: serial=628627504

03-30 10:33:20.128  9669  9824 V HomeMate: cmd=201

03-30 10:33:20.128  9669  9824 V HomeMate: crc='F5F703F4'

03-30 10:33:20.128  9669  9824 V HomeMate: requestConfig=RequestConfig{state=2, type=0, target=1, requestConf=RequestConf{totalCount=2, intervalTime=3500, lastTimeoutTime=5000}}

03-30 10:33:20.128  9669  9824 V HomeMate: jsonObject={"userId":"91a31ba24648493aad89636922662c04","cmd":201,"serial":628627504,"ver":"2.3.0"}}

03-30 10:33:20.128  9669  9791 D HomeMate: comm[ Thread-44392: FileTool.java:65 deleteOldFiles() ] - deleteOldFiles()-fileName:HomeMate_20170313191012.345.txt

03-30 10:33:20.128  9669  9669 D HomeMate: allen[ main: HomeFragment.java:203 onStart() ] - onStart()

03-30 10:33:20.128  9669  9791 D HomeMate: comm[ Thread-44392: FileTool.java:65 deleteOldFiles() ] - deleteOldFiles()-fileName:HomeMate_20170313190741.732.txt

03-30 10:33:20.129  9669  9791 D HomeMate: comm[ Thread-44392: FileTool.java:65 deleteOldFiles() ] - deleteOldFiles()-fileName:HomeMate_20170313190703.828.txt

03-30 10:33:20.129  9669  9791 D HomeMate: comm[ Thread-44392: FileTool.java:65 deleteOldFiles() ] - deleteOldFiles()-fileName:HomeMate_20170313190456.707.txt

03-30 10:33:20.130  9669  9791 D HomeMate: comm[ Thread-44392: FileTool.java:65 deleteOldFiles() ] - deleteOldFiles()-fileName:HomeMate_20170313190426.578.txt

03-30 10:33:20.130  9669  9791 D HomeMate: comm[ Thread-44392: FileTool.java:65 deleteOldFiles() ] - deleteOldFiles()-fileName:HomeMate_20170313190410.585.txt

03-30 10:33:20.131  9669  9791 D HomeMate: comm[ Thread-44392: FileTool.java:65 deleteOldFiles() ] - deleteOldFiles()-fileName:HomeMate_20170313190332.633.txt

03-30 10:33:20.131  9669  9791 D HomeMate: comm[ Thread-44392: FileTool.java:65 deleteOldFiles() ] - deleteOldFiles()-fileName:HomeMate_20170313190212.735.txt

03-30 10:33:20.131  9669  9791 D HomeMate: comm[ Thread-44392: FileTool.java:65 deleteOldFiles() ] - deleteOldFiles()-fileName:HomeMate_20170313190112.636.txt

03-30 10:33:20.132  9669  9791 D HomeMate: comm[ Thread-44392: FileTool.java:65 deleteOldFiles() ] - deleteOldFiles()-fileName:HomeMate_20170313190036.425.txt

03-30 10:33:20.132  9669  9791 D HomeMate: comm[ Thread-44392: FileTool.java:65 deleteOldFiles() ] - deleteOldFiles()-fileName:HomeMate_20170313185111.315.txt

03-30 10:33:20.132  9669  9791 D HomeMate: comm[ Thread-44392: FileTool.java:65 deleteOldFiles() ] - deleteOldFiles()-fileName:HomeMate_20170313184906.175.txt

03-30 10:33:20.133  9669  9791 D HomeMate: comm[ Thread-44392: FileTool.java:65 deleteOldFiles() ] - deleteOldFiles()-fileName:HomeMate_20170313184525.970.txt

03-30 10:33:20.133  9669  9791 D HomeMate: comm[ Thread-44392: FileTool.java:65 deleteOldFiles() ] - deleteOldFiles()-fileName:HomeMate_20170313184439.797.txt

03-30 10:33:20.133  9669  9791 D HomeMate: comm[ Thread-44392: FileTool.java:65 deleteOldFiles() ] - deleteOldFiles()-fileName:HomeMate_20170313184354.382.txt

03-30 10:33:20.134  9669  9791 D HomeMate: comm[ Thread-44392: FileTool.java:65 deleteOldFiles() ] - deleteOldFiles()-fileName:HomeMate_20170313184134.785.txt

03-30 10:33:20.134  9669  9791 D HomeMate: comm[ Thread-44392: FileTool.java:65 deleteOldFiles() ] - deleteOldFiles()-fileName:HomeMate_20170313184019.923.txt

03-30 10:33:20.134  9669  9791 D HomeMate: comm[ Thread-44392: FileTool.java:65 deleteOldFiles() ] - deleteOldFiles()-fileName:HomeMate_20170313183931.347.txt

03-30 10:33:20.135  9669  9791 D HomeMate: comm[ Thread-44392: FileTool.java:65 deleteOldFiles() ] - deleteOldFiles()-fileName:HomeMate_20170313180326.788.txt

03-30 10:33:20.135  9669  9791 D HomeMate: comm[ Thread-44392: FileTool.java:65 deleteOldFiles() ] - deleteOldFiles()-fileName:HomeMate_20170313173614.684.txt

03-30 10:33:20.135  9669  9791 D HomeMate: comm[ Thread-44392: FileTool.java:65 deleteOldFiles() ] - deleteOldFiles()-fileName:HomeMate_20170313170821.794.txt

03-30 10:33:20.136  9669  9791 D HomeMate: comm[ Thread-44392: FileTool.java:65 deleteOldFiles() ] - deleteOldFiles()-fileName:HomeMate_20170313161144.300.txt

03-30 10:33:20.136  9669  9791 D HomeMate: comm[ Thread-44392: FileTool.java:65 deleteOldFiles() ] - deleteOldFiles()-fileName:HomeMate_20170313155950.353.txt

03-30 10:33:20.137  9669  9791 D HomeMate: comm[ Thread-44392: FileTool.java:65 deleteOldFiles() ] - deleteOldFiles()-fileName:HomeMate_20170313150904.353.txt

03-30 10:33:20.138  9669  9791 D HomeMate: comm[ Thread-44392: FileTool.java:65 deleteOldFiles() ] - deleteOldFiles()-fileName:HomeMate_20170313145012.757.txt

03-30 10:33:20.138  9669  9791 D HomeMate: comm[ Thread-44392: FileTool.java:65 deleteOldFiles() ] - deleteOldFiles()-fileName:HomeMate_20170313144808.463.txt

03-30 10:33:20.138  9669  9791 D HomeMate: comm[ Thread-44392: FileTool.java:65 deleteOldFiles() ] - deleteOldFiles()-fileName:HomeMate_20170313144648.137.txt

03-30 10:33:20.139  9669  9791 D HomeMate: comm[ Thread-44392: FileTool.java:65 deleteOldFiles() ] - deleteOldFiles()-fileName:HomeMate_20170313144537.568.txt

03-30 10:33:20.139  9669  9791 D HomeMate: comm[ Thread-44392: FileTool.java:65 deleteOldFiles() ] - deleteOldFiles()-fileName:HomeMate_20170313144501.915.txt

03-30 10:33:20.140  9669  9791 D HomeMate: comm[ Thread-44392: FileTool.java:65 deleteOldFiles() ] - deleteOldFiles()-fileName:HomeMate_20170313144446.344.txt

03-30 10:33:20.140  9669  9791 D HomeMate: comm[ Thread-44392: FileTool.java:65 deleteOldFiles() ] - deleteOldFiles()-fileName:HomeMate_20170313144242.420.txt

03-30 10:33:20.140  9669  9791 D HomeMate: comm[ Thread-44392: FileTool.java:65 deleteOldFiles() ] - deleteOldFiles()-fileName:HomeMate_20170313144022.408.txt

03-30 10:33:20.141  9669  9791 D HomeMate: comm[ Thread-44392: FileTool.java:65 deleteOldFiles() ] - deleteOldFiles()-fileName:HomeMate_20170313143839.125.txt

03-30 10:33:20.141  9669  9791 D HomeMate: comm[ Thread-44392: FileTool.java:65 deleteOldFiles() ] - deleteOldFiles()-fileName:HomeMate_20170313143133.553.txt

03-30 10:33:20.141  9669  9791 D HomeMate: comm[ Thread-44392: FileTool.java:65 deleteOldFiles() ] - deleteOldFiles()-fileName:HomeMate_20170313142423.653.txt

03-30 10:33:20.142  9669  9791 D HomeMate: comm[ Thread-44392: FileTool.java:65 deleteOldFiles() ] - deleteOldFiles()-fileName:HomeMate_20170313142340.561.txt

03-30 10:33:20.142  9669  9791 D HomeMate: comm[ Thread-44392: FileTool.java:65 deleteOldFiles() ] - deleteOldFiles()-fileName:HomeMate_20170313142227.518.txt

03-30 10:33:20.143  9669  9791 D HomeMate: comm[ Thread-44392: FileTool.java:65 deleteOldFiles() ] - deleteOldFiles()-fileName:HomeMate_20170313142101.227.txt

03-30 10:33:20.143  9669  9791 D HomeMate: comm[ Thread-44392: FileTool.java:65 deleteOldFiles() ] - deleteOldFiles()-fileName:HomeMate_20170313142040.891.txt

03-30 10:33:20.143  9669  9791 D HomeMate: comm[ Thread-44392: FileTool.java:65 deleteOldFiles() ] - deleteOldFiles()-fileName:HomeMate_20170313141947.844.txt

03-30 10:33:20.144  9669  9791 D HomeMate: comm[ Thread-44392: FileTool.java:65 deleteOldFiles() ] - deleteOldFiles()-fileName:HomeMate_20170313141844.056.txt

03-30 10:33:20.144  9669  9791 D HomeMate: comm[ Thread-44392: FileTool.java:65 deleteOldFiles() ] - deleteOldFiles()-fileName:HomeMate_20170313141656.565.txt

03-30 10:33:20.144  9669  9791 D HomeMate: comm[ Thread-44392: FileTool.java:65 deleteOldFiles() ] - deleteOldFiles()-fileName:HomeMate_20170313141508.476.txt

03-30 10:33:20.145  9669  9791 D HomeMate: comm[ Thread-44392: FileTool.java:65 deleteOldFiles() ] - deleteOldFiles()-fileName:HomeMate_20170313141406.313.txt

03-30 10:33:20.145  9669  9791 D HomeMate: comm[ Thread-44392: FileTool.java:65 deleteOldFiles() ] - deleteOldFiles()-fileName:HomeMate_20170313141332.523.txt

03-30 10:33:20.145  9669  9826 D HomeMate: comm[ NioProcessor-7: CodecDecoder.java:44 doDecode() ] - hd:6864,actualLen:1024

03-30 10:33:20.145  9669  9791 D HomeMate: comm[ Thread-44392: FileTool.java:65 deleteOldFiles() ] - deleteOldFiles()-fileName:HomeMate_20170313141126.506.txt

03-30 10:33:20.146  9669  9826 W HomeMate: comm[ NioProcessor-7: CodecDecoder.java:57 doDecode() ] - length is wrong.æ•°æ®çš„æ?»é•¿åº¦Len[2618]ï¼Œå®žé™…æŽ¥æ”¶åˆ°çš„é•¿åº¦actualLenï¼?1024

03-30 10:33:20.146  9669  9791 D HomeMate: comm[ Thread-44392: FileTool.java:65 deleteOldFiles() ] - deleteOldFiles()-fileName:HomeMate_20170313135958.678.txt

03-30 10:33:20.146  9669  9791 D HomeMate: comm[ Thread-44392: FileTool.java:65 deleteOldFiles() ] - deleteOldFiles()-fileName:HomeMate_20170313134329.793.txt

03-30 10:33:20.146  9669  9826 D HomeMate: comm[ NioProcessor-7: CodecDecoder.java:44 doDecode() ] - hd:6864,actualLen:2618

03-30 10:33:20.147  9669  9791 D HomeMate: comm[ Thread-44392: FileTool.java:65 deleteOldFiles() ] - deleteOldFiles()-fileName:HomeMate_20170313134228.658.txt

03-30 10:33:20.147  9669  9791 D HomeMate: comm[ Thread-44392: FileTool.java:65 deleteOldFiles() ] - deleteOldFiles()-fileName:HomeMate_20170313120320.073.txt

03-30 10:33:20.147  9669  9791 D HomeMate: comm[ Thread-44392: FileTool.java:65 deleteOldFiles() ] - deleteOldFiles()-fileName:HomeMate_20170313120126.784.txt

03-30 10:33:20.148  9669  9791 D HomeMate: comm[ Thread-44392: FileTool.java:65 deleteOldFiles() ] - deleteOldFiles()-fileName:HomeMate_20170313120122.163.txt

03-30 10:33:20.148  9669  9791 D HomeMate: comm[ Thread-44392: FileTool.java:65 deleteOldFiles() ] - deleteOldFiles()-fileName:HomeMate_20170313120041.244.txt

03-30 10:33:20.148  9669  9791 D HomeMate: comm[ Thread-44392: FileTool.java:65 deleteOldFiles() ] - deleteOldFiles()-fileName:HomeMate_20170313115959.070.txt

03-30 10:33:20.149  9669  9791 D HomeMate: comm[ Thread-44392: FileTool.java:65 deleteOldFiles() ] - deleteOldFiles()-fileName:HomeMate_20170313115836.504.txt

03-30 10:33:20.149  9669  9791 D HomeMate: comm[ Thread-44392: FileTool.java:65 deleteOldFiles() ] - deleteOldFiles()-fileName:HomeMate_20170313115715.189.txt

03-30 10:33:20.149  9669  9791 D HomeMate: comm[ Thread-44392: FileTool.java:65 deleteOldFiles() ] - deleteOldFiles()-fileName:HomeMate_20170313115632.227.txt

03-30 10:33:20.150  9669  9791 D HomeMate: comm[ Thread-44392: FileTool.java:65 deleteOldFiles() ] - deleteOldFiles()-fileName:HomeMate_20170313115543.996.txt

03-30 10:33:20.150  9669  9791 D HomeMate: comm[ Thread-44392: FileTool.java:65 deleteOldFiles() ] - deleteOldFiles()-fileName:HomeMate_20170313115506.724.txt

03-30 10:33:20.151  9669  9791 D HomeMate: comm[ Thread-44392: FileTool.java:65 deleteOldFiles() ] - deleteOldFiles()-fileName:HomeMate_20170313115042.494.txt

03-30 10:33:20.151  9669  9791 D HomeMate: comm[ Thread-44392: FileTool.java:65 deleteOldFiles() ] - deleteOldFiles()-fileName:HomeMate_20170313113853.370.txt

03-30 10:33:20.151  9669  9791 D HomeMate: comm[ Thread-44392: FileTool.java:65 deleteOldFiles() ] - deleteOldFiles()-fileName:HomeMate_20170313113744.236.txt

03-30 10:33:20.152  9669  9791 D HomeMate: comm[ Thread-44392: FileTool.java:65 deleteOldFiles() ] - deleteOldFiles()-fileName:HomeMate_20170313113654.626.txt

03-30 10:33:20.152  9669  9791 D HomeMate: comm[ Thread-44392: FileTool.java:65 deleteOldFiles() ] - deleteOldFiles()-fileName:HomeMate_20170313113529.790.txt

03-30 10:33:20.152  9669  9791 D HomeMate: comm[ Thread-44392: FileTool.java:65 deleteOldFiles() ] - deleteOldFiles()-fileName:HomeMate_20170313113402.777.txt

03-30 10:33:20.153  9669  9791 D HomeMate: comm[ Thread-44392: FileTool.java:65 deleteOldFiles() ] - deleteOldFiles()-fileName:HomeMate_20170313113323.284.txt

03-30 10:33:20.153  9669  9791 D HomeMate: comm[ Thread-44392: FileTool.java:65 deleteOldFiles() ] - deleteOldFiles()-fileName:HomeMate_20170313113233.425.txt

03-30 10:33:20.154  9669  9791 D HomeMate: comm[ Thread-44392: FileTool.java:65 deleteOldFiles() ] - deleteOldFiles()-fileName:HomeMate_20170313113109.656.txt

03-30 10:33:20.154  9669  9791 D HomeMate: comm[ Thread-44392: FileTool.java:65 deleteOldFiles() ] - deleteOldFiles()-fileName:HomeMate_20170313112901.965.txt

03-30 10:33:20.155  9669  9791 D HomeMate: comm[ Thread-44392: FileTool.java:65 deleteOldFiles() ] - deleteOldFiles()-fileName:HomeMate_20170313112757.896.txt

03-30 10:33:20.155  9669  9791 D HomeMate: comm[ Thread-44392: FileTool.java:65 deleteOldFiles() ] - deleteOldFiles()-fileName:HomeMate_20170313112652.468.txt

03-30 10:33:20.156  9669  9791 D HomeMate: comm[ Thread-44392: FileTool.java:65 deleteOldFiles() ] - deleteOldFiles()-fileName:HomeMate_20170313112607.485.txt

03-30 10:33:20.156  9669  9791 D HomeMate: comm[ Thread-44392: FileTool.java:65 deleteOldFiles() ] - deleteOldFiles()-fileName:HomeMate_20170313112505.812.txt

03-30 10:33:20.156  9669  9791 D HomeMate: comm[ Thread-44392: FileTool.java:65 deleteOldFiles() ] - deleteOldFiles()-fileName:HomeMate_20170313112353.309.txt

03-30 10:33:20.157  9669  9791 D HomeMate: comm[ Thread-44392: FileTool.java:65 deleteOldFiles() ] - deleteOldFiles()-fileName:HomeMate_20170313112312.457.txt

03-30 10:33:20.157  9669  9791 D HomeMate: comm[ Thread-44392: FileTool.java:65 deleteOldFiles() ] - deleteOldFiles()-fileName:HomeMate_20170313112229.776.txt

03-30 10:33:20.157  9669  9791 D HomeMate: comm[ Thread-44392: FileTool.java:65 deleteOldFiles() ] - deleteOldFiles()-fileName:HomeMate_20170313112139.678.txt

