03-30 10:58:14.384  2267  2267 D UTAnalytics:UTLog: pid:2267 Log [id=0, eventId=2001, index=],867451020054497||460015796275061||Xiaomi||MI NOTE LTE||1920*1080||Unknown||Wi-Fi||Unknown||null||23256401||2.3.0.300||-||-||-||-||zh||a||6.0.1||2.5.1_for_bc||1490842670656||WJfwe+sntC4DAAdSBLpxQDCW||mini||-||-||-||-||_ap=1_mac=02:00:00:00:00:00||1490842694380||CustomHybird||2001||Main||-||16225||-,

03-30 10:58:14.384  2267  2267 D UTAnalytics:LogStoreMgr: pid:2267 [add] :,

03-30 10:58:14.393  4229  4367 D WtProcessController: onAMRestartActivity callback

03-30 10:58:14.394  4229  4367 D WtProcessController: set foreground process size 1 pid:24778pacakgeName:com.miui.gallery

03-30 10:58:14.394  4223  4916 I GameBoosterService: NowApp: com.orvibo.homemate foreground?false

03-30 10:58:14.394  4223 23339 I GameBoosterService: NowApp: com.miui.gallery foreground?true

03-30 10:58:14.398  2044  3799 I Timeline: Timeline: App_transition_ready time:338785178

03-30 10:58:14.404  2044  4266 I Timeline: Timeline: App_transition_ready time:338785184

03-30 10:58:14.411  2044  2115 I Timeline: Timeline: App_transition_ready time:338785191

03-30 10:58:14.437  2044  2115 I Timeline: Timeline: App_transition_ready time:338785217

03-30 10:58:14.439  4229  4367 W WtProcessController: do not trim { PackageName :com.miui.home Pid: 4268 Uid: 10019 Start by: unknown Score:50 Old score:50 state:0 mBackgroundTimeInMillis:1490842668805 WakelockCount:0 wakelogsize:0  ActivityDestroied:false Activity size: 1 PackageInfo:{WhetstonePackageInfo#PacakgeName:com.miui.home uid:10019 uiMemoryThresold:0 nonUiMemoryThresold:0 Flag:-2147483392,0x80000100 [,APP_SYSTEM] Type:0[] } tasknum:17589}

03-30 10:58:14.442  3746  3746 V PhoneStatusBarPolicy: updateManagedProfile mManagedProfileFocused: false mKeyguardVisible: false mCurrentUserId:0 mCurrentProfileId:0 mSecondSpaceStatusIconVisible: true showIcon:false

03-30 10:58:14.461 24778 24778 D CrossUserPickerActivity: getContentResolver: NormalContentResolver

03-30 10:58:14.464 24778 24778 D MiuiGallery2_PickerActivity: creating picker, capacity is 1

03-30 10:58:14.493 24778 24778 D MiuiGallery2_PickerActivity: applyActionBar

03-30 10:58:14.501 24778 24778 V BoostFramework: BoostFramework() : mPerf = com.qualcomm.qti.Performance@3f6dfa7

03-30 10:58:14.501 24778 24778 V BoostFramework: BoostFramework() : mPerf = com.qualcomm.qti.Performance@a6c4c54

03-30 10:58:14.502 24778 24778 V BoostFramework: BoostFramework() : mPerf = com.qualcomm.qti.Performance@36bd9c0

03-30 10:58:14.513 24778 24778 D CrossUserPickerActivity: getApplicationContext: NormalApplication

03-30 10:58:14.519  4123  4123 W Binder_8: type=1400 audit(0.0:55260847): avc: denied { ioctl } for path="socket:[12234610]" dev="sockfs" ino=12234610 ioctlcmd=7704 scontext=u:r:system_server:s0 tcontext=u:r:system_server:s0 tclass=unix_stream_socket permissive=0

03-30 10:58:14.519  4123  4123 W Binder_8: type=1400 audit(0.0:55260848): avc: denied { ioctl } for path="socket:[12234610]" dev="sockfs" ino=12234610 ioctlcmd=7704 scontext=u:r:system_server:s0 tcontext=u:r:system_server:s0 tclass=unix_stream_socket permissive=0

03-30 10:58:14.523 24778 24778 D ActivityThreadInjector: clearCachedDrawables.

03-30 10:58:14.557 24778 24778 D CrossUserPickerActivity: getApplicationContext: NormalApplication

03-30 10:58:14.566 24778 24796 D MiuiGallery2_.provider.cache.Filter: build for alias_show_in_homepage=1

03-30 10:58:14.566 24778 24796 D MiuiGallery2_.provider.cache.Filter: build for serverType=1

03-30 10:58:14.568 24778 24796 D MiuiGallery2_.provider.cache.Filter: filter build finish: CompoundFilter{mFilters=[CompareFilter{mIndex=24, mComparator=null, mArgument='null'}, CompareFilter{mIndex=-1, mComparator=EQUALS, mArgument='1'}], mCompound=AND}

03-30 10:58:14.568 24778 24796 D MiuiGallery2_.provider.cache.CacheManager: filter cost: 0ms

03-30 10:58:14.568 24778 24796 D MiuiGallery2_.provider.cache.CacheManager: group cost: 0ms

03-30 10:58:14.568 24778 24796 D MiuiGallery2_.provider.cache.CacheManager: sort cost: 0ms

03-30 10:58:14.568 24778 24796 D MiuiGallery2_.provider.cache.CacheManager: query cost: 2ms

03-30 10:58:14.568 24778 24796 D MiuiGallery2_.provider.cache.MediaManager: caller need a header data, start generate for 9

03-30 10:58:14.571 24778 24796 D MiuiGallery2_.provider.cache.MediaManager: header generated

03-30 10:58:14.573 24778 24796 D MiuiGallery2_.provider.cache.MediaManager: generate cursor cost: 3ms

03-30 10:58:14.580 24778 29158 I Adreno-EGL: <qeglDrvAPI_eglInitialize:379>: EGL 1.4 QUALCOMM build: AU_LINUX_ANDROID_LA.BF.1.1.3_RB1.06.00.01.181.013_msm8974_refs/tags/AU_LINUX_ANDROID_LA.BF.1.1.3_RB1.06.00.01.181.013__release_AU (I48a9d37399)

03-30 10:58:14.580 24778 29158 I Adreno-EGL: OpenGL ES Shader Compiler Version: E031.29.00.00

03-30 10:58:14.580 24778 29158 I Adreno-EGL: Build Date: 11/17/16 Thu

03-30 10:58:14.580 24778 29158 I Adreno-EGL: Local Branch: 

03-30 10:58:14.580 24778 29158 I Adreno-EGL: Remote Branch: refs/tags/AU_LINUX_ANDROID_LA.BF.1.1.3_RB1.06.00.01.181.013

03-30 10:58:14.580 24778 29158 I Adreno-EGL: Local Patches: NONE

03-30 10:58:14.580 24778 29158 I Adreno-EGL: Reconstruct Branch: NOTHING

03-30 10:58:14.580 24778 29158 I OpenGLRenderer: Initialized EGL, version 1.4

03-30 10:58:14.624  2044  2115 I ActivityManager: Displayed com.miui.gallery/.picker.PickGalleryActivity: +236ms

03-30 10:58:14.628  3746  3746 D PhoneStatusBar: disable: 0x00000000 -> 0x00000040 (diff: 0x00000040)

03-30 10:58:14.628  3746  3746 D PhoneStatusBar: disable: < expand icons alerts ticker system_info back home recent clock full hide keyguard none float >

03-30 10:58:14.629  4374  4374 W Binder_10: type=1400 audit(0.0:55260849): avc: denied { ioctl } for path="socket:[12046043]" dev="sockfs" ino=12046043 ioctlcmd=7704 scontext=u:r:system_server:s0 tcontext=u:r:system_server:s0 tclass=unix_stream_socket permissive=0

03-30 10:58:14.629  4374  4374 W Binder_10: type=1400 audit(0.0:55260850): avc: denied { ioctl } for path="socket:[12046043]" dev="sockfs" ino=12046043 ioctlcmd=7704 scontext=u:r:system_server:s0 tcontext=u:r:system_server:s0 tclass=unix_stream_socket permissive=0

03-30 10:58:14.638 28253 28253 I AppiumUnicodeIME: onFinishInput

03-30 10:58:14.639 28253 28253 I AppiumUnicodeIME: onStartInput

03-30 10:58:14.668 24778 24778 D MiuiGallery2_MicroThumbCache: getCenterCropBitmap cost 9

03-30 10:58:14.668 24778 24778 D ImageLoader: Load image from memory cache [file:///storage/emulated/0/DCIM/Camera/IMG_20170223_150843.jpg_200x200]

03-30 10:58:14.668 24778 24778 D MiuiGallery2_MicroThumbGridItem: bind Image cost 9

03-30 10:58:14.672 24778 24778 D MiuiGallery2_MicroThumbCache: getCenterCropBitmap cost 1

03-30 10:58:14.672 24778 24778 D ImageLoader: Load image from memory cache [file:///storage/emulated/0/DCIM/Camera/IMG_20170223_150841.jpg_200x200]

03-30 10:58:14.672 24778 24778 D MiuiGallery2_MicroThumbGridItem: bind Image cost 1

03-30 10:58:14.677 24778 24778 D MiuiGallery2_MicroThumbCache: getCenterCropBitmap cost 1

03-30 10:58:14.677 24778 24778 D ImageLoader: Load image from memory cache [file:///storage/emulated/0/DCIM/Camera/IMG_20170223_150838.jpg_200x200]

03-30 10:58:14.677 24778 24778 D MiuiGallery2_MicroThumbGridItem: bind Image cost 1

03-30 10:58:14.679  3002  3002 W thread-pool-3: type=1400 audit(0.0:55260851): avc: denied { getattr } for path="/data/local/tmp" dev="mmcblk0p25" ino=253954 scontext=u:r:platform_app:s0:c512,c768 tcontext=u:object_r:shell_data_file:s0 tclass=dir permissive=0

03-30 10:58:14.682 24778 24778 D MiuiGallery2_MicroThumbCache: getCenterCropBitmap cost 1

03-30 10:58:14.682 24778 24778 D ImageLoader: Load image from memory cache [file:///storage/emulated/0/DCIM/Camera/IMG_20170223_150836.jpg_200x200]

03-30 10:58:14.682 24778 24778 D MiuiGallery2_MicroThumbGridItem: bind Image cost 1

03-30 10:58:14.690 24778 24778 D MiuiGallery2_MicroThumbCache: getCenterCropBitmap cost 4

03-30 10:58:14.690 24778 24778 D ImageLoader: Load image from memory cache [file:///storage/emulated/0/DCIM/Camera/IMG_20170223_150832.jpg_200x200]

03-30 10:58:14.690 24778 24778 D MiuiGallery2_MicroThumbGridItem: bind Image cost 4

03-30 10:58:14.698 24778 24778 D MiuiGallery2_MicroThumbCache: getCenterCropBitmap cost 1

03-30 10:58:14.698 24778 24778 D ImageLoader: Load image from memory cache [file:///storage/emulated/0/DCIM/Camera/IMG_20170223_150826.jpg_200x200]

03-30 10:58:14.698 24778 24778 D MiuiGallery2_MicroThumbGridItem: bind Image cost 1

03-30 10:58:14.703 24778 24778 D MiuiGallery2_MicroThumbCache: getCenterCropBitmap cost 0

03-30 10:58:14.703 24778 24778 D ImageLoader: Load image from memory cache [file:///storage/emulated/0/DCIM/Camera/IMG_20170223_150822.jpg_200x200]

03-30 10:58:14.703 24778 24778 D MiuiGallery2_MicroThumbGridItem: bind Image cost 0

03-30 10:58:14.710  2044  2115 I Timeline: Timeline: Activity_windows_visible id: ActivityRecord{cfb81e9 u0 com.miui.gallery/.picker.PickGalleryActivity t17590} time:338785490

03-30 10:58:14.714 24778 24778 D MiuiGallery2_MicroThumbCache: getCenterCropBitmap cost 2

03-30 10:58:14.714 24778 24778 D ImageLoader: Load image from memory cache [file:///storage/emulated/0/MIUI/Gallery/cloud/.microthumbnailFile/55fde15954485afc3eac99dcb2d0912b0c8e6a69.jpg_200x200]

03-30 10:58:14.714 24778 24778 D MiuiGallery2_MicroThumbGridItem: bind Image cost 2

03-30 10:58:14.720 24778 24778 D MiuiGallery2_MicroThumbCache: getCenterCropBitmap cost 1

03-30 10:58:14.720 24778 24778 D ImageLoader: Load image from memory cache [file:///storage/emulated/0/MIUI/Gallery/cloud/.microthumbnailFile/21eae15c33d54a55cdad9dc056394105e8d91307.jpg_200x200]

03-30 10:58:14.720 24778 24778 D MiuiGallery2_MicroThumbGridItem: bind Image cost 1

03-30 10:58:14.726 24778 24778 W View    : requestLayout() improperly called by android.widget.TextView{2234fb0 V.ED..... ......ID 0,0-0,0 #7f0a0041 app:id/datetime} during layout: running second layout pass

03-30 10:58:14.742  2044  2115 I Timeline: Timeline: App_transition_stopped time:338785522

03-30 10:58:14.751 24778 24778 I MiuiGallery2_MediaScannerService: onCreate

03-30 10:58:14.751 24778 24778 I MiuiGallery2_MediaScannerService: onStartCommand: 1

03-30 10:58:14.751 24778 24778 I MiuiGallery2_MediaScannerService: ScanFoldersTask scanPriority 3, paths [/storage/emulated/0/tencent/qqfile_recv, /storage/emulated/0/download, /storage/emulated/0/tencent/micromsg/weixin, /storage/emulated/0/tencent/qq_images, /storage/emulated/0/pictures/scanner]

03-30 10:58:14.751 24778 24778 I MiuiGallery2_ScanTaskManager: priority 3, time 1490842694751

03-30 10:58:14.753 24778  3006 I MiuiGallery2_MediaScannerService: Thread[thread-pool-0,5,main] [/storage/emulated/0/tencent/qqfile_recv, /storage/emulated/0/download, /storage/emulated/0/tencent/micromsg/weixin, /storage/emulated/0/tencent/qq_images, /storage/emulated/0/pictures/scanner]

03-30 10:58:14.755 24778 24778 I MiuiGallery2_MediaScannerService: onStartCommand: 2

03-30 10:58:14.755 24778 24778 I MiuiGallery2_MediaScannerService: ScanFoldersTask scanPriority 3, paths [/storage/emulated/0/homemate, /storage/emulated/0, /storage/emulated/0/DCIM/Screenshots, /storage/emulated/0/DCIM/Camera, /data/sdcard, /system/media/wallpaper, /system/media/lockscreen]

03-30 10:58:14.762 24778  3006 D MiuiGallery2_.provider.cache.CacheManager: deleting _id IN (), null

03-30 10:58:14.762 24778  3006 D MiuiGallery2_.provider.cache.Filter: build for _id IN ()

03-30 10:58:14.763 24778  3006 D MiuiGallery2_.provider.cache.Filter: filter build finish: CompareFilter{mIndex=0, mComparator=IN, mArgument='()'}

03-30 10:58:14.763 24778  3006 D MiuiGallery2_.provider.cache.CacheManager: filter cost: 0ms

03-30 10:58:14.763 24778  3006 D MiuiGallery2_.provider.cache.CacheManager: delete finished

03-30 10:58:14.766  4116  4556 I XiaomiFirewall: firewall pkgName:com.orvibo.homemate, result:0x0

03-30 10:58:14.769 24778  3006 I MiuiGallery2_MediaScanner: delete empty albums 0

03-30 10:58:14.777  2267  2267 W HomeMate: comm[ main: BaseActivity.java:244 onTrimMemory() ] - MainActivity level:20

03-30 10:58:14.795 24778  3006 I MiuiGallery2_MediaScanner: processDirectory cost 25

03-30 10:58:14.986  6151  6186 I octvm_klo: read wakeups from wakealarm_fd:1

03-30 10:58:14.986  6151  6186 I octvm_klo: new timerfd interval:

03-30 10:58:14.986  6151  6186 I octvm_klo: 	itval.it_interval.tv_sec 1, itval.it_interval.tv_nsec 0

03-30 10:58:14.986  6151  6186 I octvm_klo: 	itval.it_value.tv_sec 0, itval.it_value.tv_nsec 999996354

03-30 10:58:15.032   379   493 I ThermalEngine: Sensor:batt_temp:368 mC

03-30 10:58:15.200 24778  3006 I MiuiGallery2_MediaScanner: delete /storage/emulated/0/HomeMate/temp_cropped2.jpg

03-30 10:58:15.207 24778  3006 I MiuiGallery2_MediaScanner: delete /storage/emulated/0/HomeMate/temp_cropped.jpg

03-30 10:58:15.215 24778  3006 I MiuiGallery2_MediaScanner: delete /data/local/tmp/screenshot_1490841261725.png

03-30 10:58:15.218 24778  3006 I MiuiGallery2_MediaScanner: delete /data/local/tmp/screenshot_1490841355840.png

03-30 10:58:15.220 24778  3006 I MiuiGallery2_MediaScanner: delete /data/local/tmp/screenshot_1490841411438.png

03-30 10:58:15.224 24778  3006 I MiuiGallery2_MediaScanner: delete /data/local/tmp/screenshot_1490841493315.png

03-30 10:58:15.230 24778  3006 I MiuiGallery2_MediaScanner: delete /data/local/tmp/screenshot_1490841580807.png

03-30 10:58:15.233 24778  3006 I MiuiGallery2_MediaScanner: delete /data/local/tmp/screenshot_1490841718236.png

03-30 10:58:15.236 24778  3006 I MiuiGallery2_MediaScanner: delete /data/local/tmp/screenshot_1490841849025.png

03-30 10:58:15.239 24778  3006 I MiuiGallery2_MediaScanner: delete /data/local/tmp/screenshot_1490841934613.png

03-30 10:58:15.242 24778  3006 I MiuiGallery2_MediaScanner: delete /data/local/tmp/screenshot_1490842010713.png

03-30 10:58:15.246 24778  3006 I MiuiGallery2_MediaScanner: delete /data/local/tmp/screenshot_1490842045097.png

03-30 10:58:15.249 24778  3006 I MiuiGallery2_MediaScanner: delete /data/local/tmp/screenshot_1490842134104.png

03-30 10:58:15.251 24778  3006 I MiuiGallery2_MediaScanner: delete /data/local/tmp/screenshot_1490842168400.png

03-30 10:58:15.254 24778  3006 I MiuiGallery2_MediaScanner: delete /data/local/tmp/screenshot_1490842207888.png

03-30 10:58:15.259 24778  3006 I MiuiGallery2_MediaScanner: delete /data/local/tmp/screenshot_1490842232767.png

03-30 10:58:15.267 24778  3006 I MiuiGallery2_MediaScanner: delete /data/local/tmp/screenshot_1490842267109.png

03-30 10:58:15.271 24778  3006 I MiuiGallery2_MediaScanner: delete /data/local/tmp/screenshot_1490842363326.png

03-30 10:58:15.277 24778  3006 I MiuiGallery2_MediaScanner: delete /data/local/tmp/screenshot_1490842423406.png

03-30 10:58:15.282 24778  3006 D MiuiGallery2_.provider.cache.CacheManager: deleting _id IN (555,556,559,560,561,562,563,564,565,566,567,568,569,570,571,572,573,574,575), null

03-30 10:58:15.282 24778  3006 D MiuiGallery2_.provider.cache.Filter: build for _id IN (555,556,559,560,561,562,563,564,565,566,567,568,569,570,571,572,573,574,575)

03-30 10:58:15.283 24778  3006 D MiuiGallery2_.provider.cache.Filter: filter build finish: CompareFilter{mIndex=0, mComparator=IN, mArgument='(555,556,559,560,561,562,563,564,565,566,567,568,569,570,571,572,573,574,575)'}

03-30 10:58:15.283 24778  3006 D MiuiGallery2_.provider.cache.CacheManager: filter cost: 0ms

03-30 10:58:15.283 24778  3006 D MiuiGallery2_.provider.cache.CacheManager: deleted MediaItem{mId=555, mSha1='f1978fc0459ed3a754ee03e36c443db7883d6e35', mAlbumId=139, mMicroThumb='null', mThumbnail='null', mFilePath='/storage/emulated/0/HomeMate/temp_cropped2.jpg', mType=1, mTitle='temp_cropped2', mMimeType='image/jpeg', mLocalFlag=7, mIsSyncing=null, mSecretKey=null, mMixedTime=1490690457000, mAliasCreateDate=1032828}

03-30 10:58:15.283 24778  3006 D MiuiGallery2_.provider.cache.CacheManager: deleted MediaItem{mId=556, mSha1='8bebfd5456d2a3ceade465e6196484dd1af4aa5e', mAlbumId=139, mMicroThumb='null', mThumbnail='null', mFilePath='/storage/emulated/0/HomeMate/temp_cropped.jpg', mType=1, mTitle='temp_cropped', mMimeType='image/jpeg', mLocalFlag=7, mIsSyncing=null, mSecretKey=null, mMixedTime=1490690453000, mAliasCreateDate=1032828}

03-30 10:58:15.283 24778  3006 D MiuiGallery2_.provider.cache.CacheManager: deleted MediaItem{mId=559, mSha1='6397f75f3075a92f64752418c2e1f049f7541df1', mAlbumId=29, mMicroThumb='null', mThumbnail='null', mFilePath='/data/local/tmp/screenshot_1490841261725.png', mType=1, mTitle='screenshot_1490841261725', mMimeType='image/png', mLocalFlag=7, mIsSyncing=null, mSecretKey=null, mMixedTime=0, mAliasCreateDate=1008673}

03-30 10:58:15.283 24778  3006 D MiuiGallery2_.provider.cache.CacheManager: deleted MediaItem{mId=560, mSha1='8075029f28003151a184b95ac2ae86decb0a23a0', mAlbumId=29, mMicroThumb='null', mThumbnail='null', mFilePath='/data/local/tmp/screenshot_1490841355840.png', mType=1, mTitle='screenshot_1490841355840', mMimeType='image/png', mLocalFlag=7, mIsSyncing=null, mSecretKey=null, mMixedTime=0, mAliasCreateDate=1008673}

03-30 10:58:15.283 24778  3006 D MiuiGallery2_.provider.cache.CacheManager: deleted MediaItem{mId=561, mSha1='d1a6e9c5e20eb9bedaf3e136be6ac1b40fd04af4', mAlbumId=29, mMicroThumb='null', mThumbnail='null', mFilePath='/data/local/tmp/screenshot_1490841411438.png', mType=1, mTitle='screenshot_1490841411438', mMimeType='image/png', mLocalFlag=7, mIsSyncing=null, mSecretKey=null, mMixedTime=0, mAliasCreateDate=1008673}

03-30 10:58:15.283 24778  3006 D MiuiGallery2_.provider.cache.CacheManager: deleted MediaItem{mId=562, mSha1='ef0efd5ca5e8af673fb1707a4e0cdd2550f2af7d', mAlbumId=29, mMicroThumb='null', mThumbnail='null', mFilePath='/data/local/tmp/screenshot_1490841493315.png', mType=1, mTitle='screenshot_1490841493315', mMimeType='image/png', mLocalFlag=7, mIsSyncing=null, mSecretKey=null, mMixedTime=0, mAliasCreateDate=1008673}

03-30 10:58:15.283 24778  3006 D MiuiGallery2_.provider.cache.CacheManager: deleted MediaItem{mId=563, mSha1='6526fdfc97ecab109ec62a07bd200b92fcf991fe', mAlbumId=29, mMicroThumb='null', mThumbnail='null', mFilePath='/data/local/tmp/screenshot_1490841580807.png', mType=1, mTitle='screenshot_1490841580807', mMimeType='image/png', mLocalFlag=7, mIsSyncing=null, mSecretKey=null, mMixedTime=0, mAliasCreateDate=1008673}

03-30 10:58:15.283 24778  3006 D MiuiGallery2_.provider.cache.CacheManager: deleted MediaItem{mId=564, mSha1='8d3472f01c6252b055cd9098013ff16ce366ffd5', mAlbumId=29, mMicroThumb='null', mThumbnail='null', mFilePath='/data/local/tmp/screenshot_1490841718236.png', mType=1, mTitle='screenshot_1490841718236', mMimeType='image/png', mLocalFlag=7, mIsSyncing=null, mSecretKey=null, mMixedTime=0, mAliasCreateDate=1008673}

03-30 10:58:15.284 24778  3006 D MiuiGallery2_.provider.cache.CacheManager: deleted MediaItem{mId=565, mSha1='69d6020cf92f945ee00b1ce289d9d800b48900e3', mAlbumId=29, mMicroThumb='null', mThumbnail='null', mFilePath='/data/local/tmp/screenshot_1490841849025.png', mType=1, mTitle='screenshot_1490841849025', mMimeType='image/png', mLocalFlag=7, mIsSyncing=null, mSecretKey=null, mMixedTime=0, mAliasCreateDate=1008673}

03-30 10:58:15.284 24778  3006 D MiuiGallery2_.provider.cache.CacheManager: deleted MediaItem{mId=566, mSha1='7bd46a8a4c71744e116b692a79458e0300367826', mAlbumId=29, mMicroThumb='null', mThumbnail='null', mFilePath='/data/local/tmp/screenshot_1490841934613.png', mType=1, mTitle='screenshot_1490841934613', mMimeType='image/png', mLocalFlag=7, mIsSyncing=null, mSecretKey=null, mMixedTime=0, mAliasCreateDate=1008673}

03-30 10:58:15.284 24778  3006 D MiuiGallery2_.provider.cache.CacheManager: deleted MediaItem{mId=567, mSha1='ee1d05190c328f0fb4b958880510017438377158', mAlbumId=29, mMicroThumb='null', mThumbnail='null', mFilePath='/data/local/tmp/screenshot_1490842010713.png', mType=1, mTitle='screenshot_1490842010713', mMimeType='image/png', mLocalFlag=7, mIsSyncing=null, mSecretKey=null, mMixedTime=0, mAliasCreateDate=1008673}

03-30 10:58:15.284 24778  3006 D MiuiGallery2_.provider.cache.CacheManager: deleted MediaItem{mId=568, mSha1='1d15558ad2903ffb034d3ddf3e0e5a2bda693bb6', mAlbumId=29, mMicroThumb='null', mThumbnail='null', mFilePath='/data/local/tmp/screenshot_1490842045097.png', mType=1, mTitle='screenshot_1490842045097', mMimeType='image/png', mLocalFlag=7, mIsSyncing=null, mSecretKey=null, mMixedTime=0, mAliasCreateDate=1008673}

03-30 10:58:15.284 24778  3006 D MiuiGallery2_.provider.cache.CacheManager: deleted MediaItem{mId=569, mSha1='bb939e228fd0b6f1a1faa21251c1c524638a0564', mAlbumId=29, mMicroThumb='null', mThumbnail='null', mFilePath='/data/local/tmp/screenshot_1490842134104.png', mType=1, mTitle='screenshot_1490842134104', mMimeType='image/png', mLocalFlag=7, mIsSyncing=null, mSecretKey=null, mMixedTime=0, mAliasCreateDate=1008673}

03-30 10:58:15.284 24778  3006 D MiuiGallery2_.provider.cache.CacheManager: deleted MediaItem{mId=570, mSha1='9c4fd9f388ae3dd38323c4a58799d93c65a56f3e', mAlbumId=29, mMicroThumb='null', mThumbnail='null', mFilePath='/data/local/tmp/screenshot_1490842168400.png', mType=1, mTitle='screenshot_1490842168400', mMimeType='image/png', mLocalFlag=7, mIsSyncing=null, mSecretKey=null, mMixedTime=0, mAliasCreateDate=1008673}

03-30 10:58:15.284 24778  3006 D MiuiGallery2_.provider.cache.CacheManager: deleted MediaItem{mId=571, mSha1='a001dfc917bd7846ceb8779dcb60e3a3d9897111', mAlbumId=29, mMicroThumb='null', mThumbnail='null', mFilePath='/data/local/tmp/screenshot_1490842207888.png', mType=1, mTitle='screenshot_1490842207888', mMimeType='image/png', mLocalFlag=7, mIsSyncing=null, mSecretKey=null, mMixedTime=0, mAliasCreateDate=1008673}

03-30 10:58:15.284 24778  3006 D MiuiGallery2_.provider.cache.CacheManager: deleted MediaItem{mId=572, mSha1='a001dfc917bd7846ceb8779dcb60e3a3d9897111', mAlbumId=29, mMicroThumb='null', mThumbnail='null', mFilePath='/data/local/tmp/screenshot_1490842232767.png', mType=1, mTitle='screenshot_1490842232767', mMimeType='image/png', mLocalFlag=7, mIsSyncing=null, mSecretKey=null, mMixedTime=0, mAliasCreateDate=1008673}

03-30 10:58:15.284 24778  3006 D MiuiGallery2_.provider.cache.CacheManager: deleted MediaItem{mId=573, mSha1='1a0ee382d41939e2de19044d615791a2476ef424', mAlbumId=29, mMicroThumb='null', mThumbnail='null', mFilePath='/data/local/tmp/screenshot_1490842267109.png', mType=1, mTitle='screenshot_1490842267109', mMimeType='image/png', mLocalFlag=7, mIsSyncing=null, mSecretKey=null, mMixedTime=0, mAliasCreateDate=1008673}

03-30 10:58:15.284 24778  3006 D MiuiGallery2_.provider.cache.CacheManager: deleted MediaItem{mId=574, mSha1='2d1283365ad9dd4a2b90d5e6ca5aee6021271558', mAlbumId=29, mMicroThumb='null', mThumbnail='null', mFilePath='/data/local/tmp/screenshot_1490842363326.png', mType=1, mTitle='screenshot_1490842363326', mMimeType='image/png', mLocalFlag=7, mIsSyncing=null, mSecretKey=null, mMixedTime=0, mAliasCreateDate=1008673}

03-30 10:58:15.284 24778  3006 D MiuiGallery2_.provider.cache.CacheManager: deleted MediaItem{mId=575, mSha1='9672027bc0d1a5b1555c10291e80df9fc595be36', mAlbumId=29, mMicroThumb='null', mThumbnail='null', mFilePath='/data/local/tmp/screenshot_1490842423406.png', mType=1, mTitle='screenshot_1490842423406', mMimeType='image/png', mLocalFlag=7, mIsSyncing=null, mSecretKey=null, mMixedTime=0, mAliasCreateDate=1008673}

03-30 10:58:15.284 24778  3006 D MiuiGallery2_.provider.cache.CacheManager: delete finished

03-30 10:58:15.295  2198  2198 I QueryController: Matched selector: UiSelector[INSTANCE=0, RESOURCE_ID=com.miui.gallery:id/pick_num_indicator] <<==>> [android.view.accessibility.AccessibilityNodeInfo@800511a1; boundsInParent: Rect(0, 0 - 267, 267); boundsInScreen: Rect(0, 413 - 267, 680); packageName: com.miui.gallery; className: android.widget.TextView; text: null; error: null; maxTextLength: -1; contentDescription: null; viewIdResName: com.miui.gallery:id/pick_num_indicator; checkable: false; checked: false; focusable: false; focused: false; selected: false; clickable: false; longClickable: false; contextClickable: false; enabled: true; password: false; scrollable: false; actions: [AccessibilityAction: ACTION_SELECT - null, AccessibilityAction: ACTION_CLEAR_SELECTION - null, AccessibilityAction: ACTION_ACCESSIBILITY_FOCUS - null, AccessibilityAction: ACTION_UNKNOWN - null]]

03-30 10:58:15.306  2198  2198 I QueryController: Matched selector: UiSelector[INSTANCE=1, COUNT=1, RESOURCE_ID=com.miui.gallery:id/pick_num_indicator] <<==>> [android.view.accessibility.AccessibilityNodeInfo@80051923; boundsInParent: Rect(0, 0 - 267, 267); boundsInScreen: Rect(271, 413 - 538, 680); packageName: com.miui.gallery; className: android.widget.TextView; text: null; error: null; maxTextLength: -1; contentDescription: null; viewIdResName: com.miui.gallery:id/pick_num_indicator; checkable: false; checked: false; focusable: false; focused: false; selected: false; clickable: false; longClickable: false; contextClickable: false; enabled: true; password: false; scrollable: false; actions: [AccessibilityAction: ACTION_SELECT - null, AccessibilityAction: ACTION_CLEAR_SELECTION - null, AccessibilityAction: ACTION_ACCESSIBILITY_FOCUS - null, AccessibilityAction: ACTION_UNKNOWN - null]]

03-30 10:58:15.323 24778  3006 I MiuiGallery2_TAG: rows deleted: 19

03-30 10:58:15.323 24778  3006 D MiuiGallery2_MediaScannerService: {scan_source=whitelist album, dir_paths=[/storage/emulated/0/tencent/qqfile_recv, /storage/emulated/0/download, /storage/emulated/0/tencent/micromsg/weixin, /storage/emulated/0/tencent/qq_images, /storage/emulated/0/pictures/scanner], time_consumption=570, dir_count=5}

03-30 10:58:15.323 24778  3006 I MiuiGallery2_ScanTaskManager: priority 3, time 1490842694755

03-30 10:58:15.323 24778  3006 I MiuiGallery2_MediaScannerService: Thread[thread-pool-0,5,main] [/storage/emulated/0/homemate, /storage/emulated/0, /storage/emulated/0/DCIM/Screenshots, /storage/emulated/0/DCIM/Camera, /data/sdcard, /system/media/wallpaper, /system/media/lockscreen]

03-30 10:58:15.324 24778 24795 D MiuiGallery2_.provider.cache.Filter: build for alias_show_in_homepage=1

03-30 10:58:15.324 24778 24795 D MiuiGallery2_.provider.cache.Filter: build for serverType=1

03-30 10:58:15.326 24778 24795 D MiuiGallery2_.provider.cache.Filter: filter build finish: CompoundFilter{mFilters=[CompareFilter{mIndex=24, mComparator=null, mArgument='null'}, CompareFilter{mIndex=-1, mComparator=EQUALS, mArgument='1'}], mCompound=AND}

03-30 10:58:15.327 24778 24795 D MiuiGallery2_.provider.cache.CacheManager: filter cost: 0ms

03-30 10:58:15.327 24778 24795 D MiuiGallery2_.provider.cache.CacheManager: group cost: 0ms

03-30 10:58:15.327 24778 24795 D MiuiGallery2_.provider.cache.CacheManager: sort cost: 0ms

03-30 10:58:15.327 24778 24795 D MiuiGallery2_.provider.cache.CacheManager: query cost: 3ms

03-30 10:58:15.327 24778 24795 D MiuiGallery2_.provider.cache.MediaManager: caller need a header data, start generate for 9

03-30 10:58:15.327 24778 24795 D MiuiGallery2_.provider.cache.MediaManager: header generated

03-30 10:58:15.327 24778 24795 D MiuiGallery2_.provider.cache.MediaManager: generate cursor cost: 0ms

03-30 10:58:15.329  2198  2198 I QueryController: Matched selector: UiSelector[INSTANCE=2, COUNT=2, RESOURCE_ID=com.miui.gallery:id/pick_num_indicator] <<==>> [android.view.accessibility.AccessibilityNodeInfo@800520a5; boundsInParent: Rect(0, 0 - 267, 267); boundsInScreen: Rect(542, 413 - 809, 680); packageName: com.miui.gallery; className: android.widget.TextView; text: null; error: null; maxTextLength: -1; contentDescription: null; viewIdResName: com.miui.gallery:id/pick_num_indicator; checkable: false; checked: false; focusable: false; focused: false; selected: false; clickable: false; longClickable: false; contextClickable: false; enabled: true; password: false; scrollable: false; actions: [AccessibilityAction: ACTION_SELECT - null, AccessibilityAction: ACTION_CLEAR_SELECTION - null, AccessibilityAction: ACTION_ACCESSIBILITY_FOCUS - null, AccessibilityAction: ACTION_UNKNOWN - null]]

03-30 10:58:15.330 24778  3006 D MiuiGallery2_.provider.cache.CacheManager: deleting _id IN (), null

03-30 10:58:15.330 24778  3006 D MiuiGallery2_.provider.cache.Filter: build for _id IN ()

03-30 10:58:15.330 24778  3006 D MiuiGallery2_.provider.cache.Filter: filter build finish: CompareFilter{mIndex=0, mComparator=IN, mArgument='()'}

03-30 10:58:15.331 24778  3006 D MiuiGallery2_.provider.cache.CacheManager: filter cost: 1ms

03-30 10:58:15.331 24778  3006 D MiuiGallery2_.provider.cache.CacheManager: delete finished

03-30 10:58:15.333 24778  3006 I MiuiGallery2_MediaScanner: delete empty albums 0

03-30 10:58:15.364 24778 24778 D MiuiGallery2_MicroThumbCache: getCenterCropBitmap cost 0

03-30 10:58:15.364 24778 24778 D ImageLoader: Load image from memory cache [file:///storage/emulated/0/DCIM/Camera/IMG_20170223_150843.jpg_200x200]

03-30 10:58:15.364 24778 24778 D MiuiGallery2_MicroThumbGridItem: bind Image cost 0

03-30 10:58:15.365 24778 24778 D MiuiGallery2_MicroThumbCache: getCenterCropBitmap cost 1

03-30 10:58:15.365 24778 24778 D ImageLoader: Load image from memory cache [file:///storage/emulated/0/DCIM/Camera/IMG_20170223_150841.jpg_200x200]

03-30 10:58:15.365 24778 24778 D MiuiGallery2_MicroThumbGridItem: bind Image cost 1

03-30 10:58:15.365 24778 24778 D MiuiGallery2_MicroThumbCache: getCenterCropBitmap cost 0

03-30 10:58:15.365 24778 24778 D ImageLoader: Load image from memory cache [file:///storage/emulated/0/DCIM/Camera/IMG_20170223_150838.jpg_200x200]

03-30 10:58:15.366 24778 24778 D MiuiGallery2_MicroThumbGridItem: bind Image cost 0

03-30 10:58:15.366 24778 24778 D MiuiGallery2_MicroThumbCache: getCenterCropBitmap cost 0

03-30 10:58:15.366 24778 24778 D ImageLoader: Load image from memory cache [file:///storage/emulated/0/DCIM/Camera/IMG_20170223_150836.jpg_200x200]

03-30 10:58:15.366 24778 24778 D MiuiGallery2_MicroThumbGridItem: bind Image cost 0

03-30 10:58:15.367 24778 24778 D MiuiGallery2_MicroThumbCache: getCenterCropBitmap cost 1

03-30 10:58:15.367 24778 24778 D ImageLoader: Load image from memory cache [file:///storage/emulated/0/DCIM/Camera/IMG_20170223_150832.jpg_200x200]

03-30 10:58:15.367 24778 24778 D MiuiGallery2_MicroThumbGridItem: bind Image cost 1

03-30 10:58:15.367 24778 24778 D MiuiGallery2_MicroThumbCache: getCenterCropBitmap cost 0

03-30 10:58:15.367 24778 24778 D ImageLoader: Load image from memory cache [file:///storage/emulated/0/DCIM/Camera/IMG_20170223_150826.jpg_200x200]

03-30 10:58:15.367 24778 24778 D MiuiGallery2_MicroThumbGridItem: bind Image cost 0

03-30 10:58:15.368 24778 24778 D MiuiGallery2_MicroThumbCache: getCenterCropBitmap cost 1

03-30 10:58:15.368 24778 24778 D ImageLoader: Load image from memory cache [file:///storage/emulated/0/DCIM/Camera/IMG_20170223_150822.jpg_200x200]

03-30 10:58:15.368 24778 24778 D MiuiGallery2_MicroThumbGridItem: bind Image cost 1

03-30 10:58:15.374 24778 24778 D MiuiGallery2_MicroThumbCache: getCenterCropBitmap cost 5

03-30 10:58:15.374 24778 24778 D ImageLoader: Load image from memory cache [file:///storage/emulated/0/MIUI/Gallery/cloud/.microthumbnailFile/55fde15954485afc3eac99dcb2d0912b0c8e6a69.jpg_200x200]

03-30 10:58:15.374 24778 24778 D MiuiGallery2_MicroThumbGridItem: bind Image cost 5

03-30 10:58:15.375 24778 24778 D MiuiGallery2_MicroThumbCache: getCenterCropBitmap cost 1

03-30 10:58:15.375 24778 24778 D ImageLoader: Load image from memory cache [file:///storage/emulated/0/MIUI/Gallery/cloud/.microthumbnailFile/21eae15c33d54a55cdad9dc056394105e8d91307.jpg_200x200]

03-30 10:58:15.375 24778 24778 D MiuiGallery2_MicroThumbGridItem: bind Image cost 1

03-30 10:58:15.381 24778 24778 W View    : requestLayout() improperly called by android.widget.TextView{e647b2e V.ED..... ......ID 0,0-0,0 #7f0a0041 app:id/datetime} during layout: running second layout pass

03-30 10:58:15.381 24778 24778 W View    : requestLayout() improperly called by android.widget.TextView{2234fb0 V.ED..... ......ID 19,29-137,73 #7f0a0041 app:id/datetime} during layout: running second layout pass

03-30 10:58:15.403  2198  2198 I QueryController: Matched selector: UiSelector[INSTANCE=3, COUNT=3, RESOURCE_ID=com.miui.gallery:id/pick_num_indicator] <<==>> [android.view.accessibility.AccessibilityNodeInfo@80052827; boundsInParent: Rect(0, 0 - 267, 267); boundsInScreen: Rect(813, 413 - 1080, 680); packageName: com.miui.gallery; className: android.widget.TextView; text: null; error: null; maxTextLength: -1; contentDescription: null; viewIdResName: com.miui.gallery:id/pick_num_indicator; checkable: false; checked: false; focusable: false; focused: false; selected: false; clickable: false; longClickable: false; contextClickable: false; enabled: true; password: false; scrollable: false; actions: [AccessibilityAction: ACTION_SELECT - null, AccessibilityAction: ACTION_CLEAR_SELECTION - null, AccessibilityAction: ACTION_ACCESSIBILITY_FOCUS - null, AccessibilityAction: ACTION_UNKNOWN - null]]

03-30 10:58:15.435  3745  3745 D wpa_supplicant: wlan0: Control interface command 'SIGNAL_POLL'

03-30 10:58:15.449  3745  3745 D wpa_supplicant: CTRL-DEBUG: global_ctrl_sock-sendto: sock=11 sndbuf=163840 outq=0 send_len=49

03-30 10:58:15.674  2267  2350 D UTAnalytics:CommitTask: pid:2267 check&commit event:65501,

03-30 10:58:15.676  2267  2350 D UTAnalytics:CommitTask: pid:2267 next:65501,

03-30 10:58:15.680  2267  2350 D UTAnalytics:CommitTask: pid:2267 check&commit event:65502,

03-30 10:58:15.680  2267  2350 D UTAnalytics:CommitTask: pid:2267 next:65502,

03-30 10:58:15.680  2267  2350 D UTAnalytics:CommitTask: pid:2267 check&commit event:65503,

03-30 10:58:15.680  2267  2350 D UTAnalytics:CommitTask: pid:2267 next:65503,

03-30 10:58:15.686  2267  2350 D UTAnalytics:UTUtil: pid:2267 upload without flowback. args:{ARG1=feedback,feedback, counterData={"meta":{"sdk-version":"2.5.1_for_bc"},"data":[{"page":"feedback","monitorPoint":"getConfSuccess","count":1,"value":0},{"page":"feedback","monitorPoint":"getUnreadCountSuccess","count":7,"value":0}]}, USERNICK=, ARG2=getConfSuccess,getUnreadCountSuccess, EVENTID=65502, USERID=, ACCESS=Wi-Fi, ACCESS_SUBTYPE=Unknown},

03-30 10:58:15.686  2267  2350 D UTAnalytics:null: pid:2267 [sendToUT]: args:{ARG1=feedback,feedback, counterData={"meta":{"sdk-version":"2.5.1_for_bc"},"data":[{"page":"feedback","monitorPoint":"getConfSuccess","count":1,"value":0},{"page":"feedback","monitorPoint":"getUnreadCountSuccess","count":7,"value":0}]}, USERNICK=, ARG2=getConfSuccess,getUnreadCountSuccess, EVENTID=65502, USERID=, ACCESS=Wi-Fi, ACCESS_SUBTYPE=Unknown},

03-30 10:58:15.686  2267  2350 D UTAnalytics:UTDC: pid:2267 [commit] page:eventId:65502,arg1:feedback,feedback,arg2:getConfSuccess,getUnreadCountSuccess,arg3:args:{ARG1=feedback,feedback, counterData={"meta":{"sdk-version":"2.5.1_for_bc"},"data":[{"page":"feedback","monitorPoint":"getConfSuccess","count":1,"value":0},{"page":"feedback","monitorPoint":"getUnreadCountSuccess","count":7,"value":0}]}, USERNICK=, ARG2=getConfSuccess,getUnreadCountSuccess, EVENTID=65502, USERID=, ACCESS=Wi-Fi, ACCESS_SUBTYPE=Unknown},

03-30 10:58:15.695  2267  2350 D UTAnalytics:UTLog: pid:2267 Log [id=0, eventId=65502, index=],867451020054497||460015796275061||Xiaomi||MI NOTE LTE||1920*1080||Unknown||Wi-Fi||Unknown||null||23256401||2.3.0.300||-||-||-||-||zh||a||6.0.1||2.5.1_for_bc||1490842670656||WJfwe+sntC4DAAdSBLpxQDCW||mini||-||-||-||-||_ap=1_mac=02:00:00:00:00:00||1490842695686||-||65502||feedback,feedback||getConfSuccess,getUnreadCountSuccess||-||counterData={"meta":{"sdk-version":"2.5.1_for_bc"},"data":[{"page":"feedback","monitorPoint":"getConfSuccess","count":1,"value":0},{"page":"feedback","monitorPoint":"getUnreadCountSuccess","count":7,"value":0}]},

03-30 10:58:15.696  2267  2350 D UTAnalytics:LogStoreMgr: pid:2267 [add] :,

03-30 10:58:15.835  2267  2350 D UTAnalytics:UTDC: pid:2267 [commit] page:UT,eventId:1010,arg1:24626,arg2:0,arg3:args:{SDKTYPE=mini},

03-30 10:58:15.853  2267  2350 D UTAnalytics:UTLog: pid:2267 Log [id=0, eventId=1010, index=],867451020054497||460015796275061||Xiaomi||MI NOTE LTE||1920*1080||Unknown||Wi-Fi||Unknown||null||23256401||2.3.0.300||-||-||-||-||zh||a||6.0.1||2.5.1_for_bc||1490842670656||WJfwe+sntC4DAAdSBLpxQDCW||mini||-||-||-||-||_ap=1_mac=02:00:00:00:00:00||1490842695835||UT||1010||24626||0||-||-,

03-30 10:58:15.853  2267  2350 D UTAnalytics:LogStoreMgr: pid:2267 [add] :,

03-30 10:58:15.986  6151  6186 I octvm_klo: read wakeups from wakealarm_fd:1

03-30 10:58:15.986  6151  6186 I octvm_klo: new timerfd interval:

03-30 10:58:15.986  6151  6186 I octvm_klo: 	itval.it_interval.tv_sec 1, itval.it_interval.tv_nsec 0

03-30 10:58:15.986  6151  6186 I octvm_klo: 	itval.it_value.tv_sec 0, itval.it_value.tv_nsec 999996875

03-30 10:58:16.016  2198  2198 I QueryController: Matched selector: UiSelector[INSTANCE=4, COUNT=4, RESOURCE_ID=com.miui.gallery:id/pick_num_indicator] <<==>> [android.view.accessibility.AccessibilityNodeInfo@80052fa9; boundsInParent: Rect(0, 0 - 267, 267); boundsInScreen: Rect(0, 684 - 267, 951); packageName: com.miui.gallery; className: android.widget.TextView; text: null; error: null; maxTextLength: -1; contentDescription: null; viewIdResName: com.miui.gallery:id/pick_num_indicator; checkable: false; checked: false; focusable: false; focused: false; selected: false; clickable: false; longClickable: false; contextClickable: false; enabled: true; password: false; scrollable: false; actions: [AccessibilityAction: ACTION_SELECT - null, AccessibilityAction: ACTION_CLEAR_SELECTION - null, AccessibilityAction: ACTION_ACCESSIBILITY_FOCUS - null, AccessibilityAction: ACTION_UNKNOWN - null]]

03-30 10:58:16.034   379   493 I ThermalEngine: Sensor:batt_temp:368 mC

03-30 10:58:16.054  2198  2198 I QueryController: Matched selector: UiSelector[INSTANCE=5, COUNT=5, RESOURCE_ID=com.miui.gallery:id/pick_num_indicator] <<==>> [android.view.accessibility.AccessibilityNodeInfo@8005372b; boundsInParent: Rect(0, 0 - 267, 267); boundsInScreen: Rect(271, 684 - 538, 951); packageName: com.miui.gallery; className: android.widget.TextView; text: null; error: null; maxTextLength: -1; contentDescription: null; viewIdResName: com.miui.gallery:id/pick_num_indicator; checkable: false; checked: false; focusable: false; focused: false; selected: false; clickable: false; longClickable: false; contextClickable: false; enabled: true; password: false; scrollable: false; actions: [AccessibilityAction: ACTION_SELECT - null, AccessibilityAction: ACTION_CLEAR_SELECTION - null, AccessibilityAction: ACTION_ACCESSIBILITY_FOCUS - null, AccessibilityAction: ACTION_UNKNOWN - null]]

03-30 10:58:16.067  2198  2198 I QueryController: Matched selector: UiSelector[INSTANCE=6, COUNT=6, RESOURCE_ID=com.miui.gallery:id/pick_num_indicator] <<==>> [android.view.accessibility.AccessibilityNodeInfo@80053ead; boundsInParent: Rect(0, 0 - 267, 267); boundsInScreen: Rect(542, 684 - 809, 951); packageName: com.miui.gallery; className: android.widget.TextView; text: null; error: null; maxTextLength: -1; contentDescription: null; viewIdResName: com.miui.gallery:id/pick_num_indicator; checkable: false; checked: false; focusable: false; focused: false; selected: false; clickable: false; longClickable: false; contextClickable: false; enabled: true; password: false; scrollable: false; actions: [AccessibilityAction: ACTION_SELECT - null, AccessibilityAction: ACTION_CLEAR_SELECTION - null, AccessibilityAction: ACTION_ACCESSIBILITY_FOCUS - null, AccessibilityAction: ACTION_UNKNOWN - null]]

03-30 10:58:16.088  2198  2198 I QueryController: Matched selector: UiSelector[INSTANCE=7, COUNT=7, RESOURCE_ID=com.miui.gallery:id/pick_num_indicator] <<==>> [android.view.accessibility.AccessibilityNodeInfo@8005462f; boundsInParent: Rect(0, 0 - 267, 267); boundsInScreen: Rect(0, 1061 - 267, 1328); packageName: com.miui.gallery; className: android.widget.TextView; text: null; error: null; maxTextLength: -1; contentDescription: null; viewIdResName: com.miui.gallery:id/pick_num_indicator; checkable: false; checked: false; focusable: false; focused: false; selected: false; clickable: false; longClickable: false; contextClickable: false; enabled: true; password: false; scrollable: false; actions: [AccessibilityAction: ACTION_SELECT - null, AccessibilityAction: ACTION_CLEAR_SELECTION - null, AccessibilityAction: ACTION_ACCESSIBILITY_FOCUS - null, AccessibilityAction: ACTION_UNKNOWN - null]]

03-30 10:58:16.110  2198  2198 I QueryController: Matched selector: UiSelector[INSTANCE=8, COUNT=8, RESOURCE_ID=com.miui.gallery:id/pick_num_indicator] <<==>> [android.view.accessibility.AccessibilityNodeInfo@80054db1; boundsInParent: Rect(0, 0 - 267, 267); boundsInScreen: Rect(271, 1061 - 538, 1328); packageName: com.miui.gallery; className: android.widget.TextView; text: null; error: null; maxTextLength: -1; contentDescription: null; viewIdResName: com.miui.gallery:id/pick_num_indicator; checkable: false; checked: false; focusable: false; focused: false; selected: false; clickable: false; longClickable: false; contextClickable: false; enabled: true; password: false; scrollable: false; actions: [AccessibilityAction: ACTION_SELECT - null, AccessibilityAction: ACTION_CLEAR_SELECTION - null, AccessibilityAction: ACTION_ACCESSIBILITY_FOCUS - null, AccessibilityAction: ACTION_UNKNOWN - null]]

03-30 10:58:16.258  2198  2198 I QueryController: Matched selector: UiSelector[INSTANCE=0, RESOURCE_ID=com.miui.gallery:id/pick_num_indicator] <<==>> [android.view.accessibility.AccessibilityNodeInfo@800511a1; boundsInParent: Rect(0, 0 - 267, 267); boundsInScreen: Rect(0, 413 - 267, 680); packageName: com.miui.gallery; className: android.widget.TextView; text: null; error: null; maxTextLength: -1; contentDescription: null; viewIdResName: com.miui.gallery:id/pick_num_indicator; checkable: false; checked: false; focusable: false; focused: false; selected: false; clickable: false; longClickable: false; contextClickable: false; enabled: true; password: false; scrollable: false; actions: [AccessibilityAction: ACTION_SELECT - null, AccessibilityAction: ACTION_CLEAR_SELECTION - null, AccessibilityAction: ACTION_ACCESSIBILITY_FOCUS - null, AccessibilityAction: ACTION_UNKNOWN - null]]

03-30 10:58:16.305  2198  2198 I QueryController: Matched selector: UiSelector[INSTANCE=0, RESOURCE_ID=com.miui.gallery:id/pick_num_indicator] <<==>> [android.view.accessibility.AccessibilityNodeInfo@800511a1; boundsInParent: Rect(0, 0 - 267, 267); boundsInScreen: Rect(0, 413 - 267, 680); packageName: com.miui.gallery; className: android.widget.TextView; text: null; error: null; maxTextLength: -1; contentDescription: null; viewIdResName: com.miui.gallery:id/pick_num_indicator; checkable: false; checked: false; focusable: false; focused: false; selected: false; clickable: false; longClickable: false; contextClickable: false; enabled: true; password: false; scrollable: false; actions: [AccessibilityAction: ACTION_SELECT - null, AccessibilityAction: ACTION_CLEAR_SELECTION - null, AccessibilityAction: ACTION_ACCESSIBILITY_FOCUS - null, AccessibilityAction: ACTION_UNKNOWN - null]]

03-30 10:58:16.310  2198  2198 D InteractionController: clickAndSync(133, 546)

03-30 10:58:16.596 24778 29157 D CrossUserPickerActivity: getContentResolver: NormalContentResolver

03-30 10:58:16.600 24778 29157 D MiuiGallery2_.provider.cache.Filter: build for sha1 IN ('42af704e116a288d2e9c892fd1eabf3d97c469d3')

03-30 10:58:16.602 24778 29157 D MiuiGallery2_.provider.cache.Filter: build for (localGroupId!=-1000)

03-30 10:58:16.602 24778 29157 D MiuiGallery2_.provider.cache.Filter: build for localGroupId!=-1000

03-30 10:58:16.603 24778 29157 D MiuiGallery2_.provider.cache.Filter: filter build finish: CompareFilter{mIndex=-1, mComparator=NOT_EQUALS, mArgument='-1000'}

03-30 10:58:16.603 24778 29157 D MiuiGallery2_.provider.cache.Filter: filter build finish: CompoundFilter{mFilters=[CompareFilter{mIndex=-1, mComparator=IN, mArgument='('42af704e116a288d2e9c892fd1eabf3d97c469d3')'}, CompareFilter{mIndex=-1, mComparator=NOT_EQUALS, mArgument='-1000'}], mCompound=AND}

03-30 10:58:16.604 24778 29157 D MiuiGallery2_.provider.cache.CacheManager: filter cost: 1ms

03-30 10:58:16.604 24778 29157 D MiuiGallery2_.provider.cache.CacheManager: group cost: 0ms

03-30 10:58:16.604 24778 29157 D MiuiGallery2_.provider.cache.CacheManager: query cost: 4ms

03-30 10:58:16.624 24778 24778 D MiuiGallery2_PickGalleryActivity: Picker capacity: 1, result 1 items

03-30 10:58:16.624 24778 24778 D MiuiGallery2_PickGalleryActivity: picked file: 1, pending: 0

03-30 10:58:16.624 24778 24778 D MiuiGallery2_PickGalleryActivity: parse raw results[[file:///storage/emulated/0/DCIM/Camera/IMG_20170223_150843.jpg]] for LEGACY_MEDIA

03-30 10:58:16.628 24778 24778 D CrossUserPickerActivity: getContentResolver: NormalContentResolver

03-30 10:58:16.644  4229  4367 D WtProcessController: onAMPauseActivity callback

03-30 10:58:16.688  2267  2267 D onActivityResult: onActivityResult 4002 : -1

03-30 10:58:16.688  2267  2267 D WXPhoto : takePhoto callback, requestCode: 4002;resultCode: -1

03-30 10:58:16.690  4229  4367 D WtProcessController: onAMResumeActivity callback

03-30 10:58:16.690  4229  4367 D WtProcessController: set foreground process size 2 pid:2267pacakgeName:com.orvibo.homemate

03-30 10:58:16.690  4223  4255 I GameBoosterService: NowApp: com.miui.gallery foreground?false

03-30 10:58:16.690  4223 22802 I GameBoosterService: NowApp: com.orvibo.homemate foreground?true

03-30 10:58:16.692  2044  4348 I Timeline: Timeline: App_transition_ready time:338787473

03-30 10:58:16.704  2267  2339 D UTAnalytics:AppMonitorDelegate: pid:2267 commitCount module: feedback, monitorPoint: AlbumSuccess, value: 0.0,

03-30 10:58:16.704  2267  2339 I UTAnalytics:EventRepo: pid:2267 COUNTER, EVENT size:9,

03-30 10:58:16.714  2267  2267 W ExifInterface: Skip the tag entry since tag number is not defined: 2

03-30 10:58:16.787 24778  3006 I MiuiGallery2_MediaScanner: do scan folder /storage/emulated/0/homemate

03-30 10:58:16.986  6151  6186 I octvm_klo: read wakeups from wakealarm_fd:1

03-30 10:58:16.986  6151  6186 I octvm_klo: new timerfd interval:

03-30 10:58:16.986  6151  6186 I octvm_klo: 	itval.it_interval.tv_sec 1, itval.it_interval.tv_nsec 0

03-30 10:58:16.986  6151  6186 I octvm_klo: 	itval.it_value.tv_sec 0, itval.it_value.tv_nsec 999997552

03-30 10:58:17.035   379   493 I ThermalEngine: Sensor:batt_temp:368 mC

03-30 10:58:17.076  2267  2267 D WXPhoto : photo size:48145

03-30 10:58:17.104  2267  2267 D WVCallBackContext: call success 

