03-30 10:45:20.213  3745  3745 D wpa_supplicant: CTRL-DEBUG: ctrl_sock-sendmsg: sock=11 sndbuf=163840 outq=448 send_len=24

03-30 10:45:20.213  3745  3745 D wpa_supplicant: CTRL_IFACE monitor sent successfully to /data/misc/wifi/sockets/wpa_ctrl_2044-2\x00

03-30 10:45:20.213  3745  3745 D wpa_supplicant: wlan0: Radio work 'scan'@0xb68d9398 done in 0.133638 seconds

03-30 10:45:20.213  3745  3745 D wpa_supplicant: RTM_NEWLINK: ifi_index=22 ifname=wlan0 wext ifi_family=0 ifi_flags=0x11043 ([UP][RUNNING][LOWER_UP])

03-30 10:45:20.222  3745  3745 D wpa_supplicant: CTRL-DEBUG: global_ctrl_sock-sendto: sock=11 sndbuf=163840 outq=0 send_len=3529

03-30 10:45:20.225  3745  3745 D wpa_supplicant: CTRL-DEBUG: global_ctrl_sock-sendto: sock=11 sndbuf=163840 outq=0 send_len=3598

03-30 10:45:20.227  3745  3745 D wpa_supplicant: CTRL-DEBUG: global_ctrl_sock-sendto: sock=11 sndbuf=163840 outq=0 send_len=3955

03-30 10:45:20.237  3745  3745 D wpa_supplicant: CTRL-DEBUG: global_ctrl_sock-sendto: sock=11 sndbuf=163840 outq=0 send_len=3915

03-30 10:45:20.241  3745  3745 D wpa_supplicant: CTRL-DEBUG: global_ctrl_sock-sendto: sock=11 sndbuf=163840 outq=0 send_len=3850

03-30 10:45:20.244  3745  3745 D wpa_supplicant: CTRL-DEBUG: global_ctrl_sock-sendto: sock=11 sndbuf=163840 outq=0 send_len=3521

03-30 10:45:20.273  3745  3745 D wpa_supplicant: EAPOL: EAP Session-Id not available

03-30 10:45:20.273  3745  3745 D wpa_supplicant: CTRL-DEBUG: global_ctrl_sock-sendto: sock=11 sndbuf=163840 outq=0 send_len=279

03-30 10:45:20.736  6151  6186 I octvm_klo: read wakeups from wakealarm_fd:1

03-30 10:45:20.737  6151  6186 I octvm_klo: new timerfd interval:

03-30 10:45:20.737  6151  6186 I octvm_klo: 	itval.it_interval.tv_sec 1, itval.it_interval.tv_nsec 0

03-30 10:45:20.737  6151  6186 I octvm_klo: 	itval.it_value.tv_sec 0, itval.it_value.tv_nsec 999997188

03-30 10:45:20.918   379   493 I ThermalEngine: Sensor:batt_temp:361 mC

03-30 10:45:21.737  6151  6186 I octvm_klo: read wakeups from wakealarm_fd:1

03-30 10:45:21.737  6151  6186 I octvm_klo: new timerfd interval:

03-30 10:45:21.737  6151  6186 I octvm_klo: 	itval.it_interval.tv_sec 1, itval.it_interval.tv_nsec 0

03-30 10:45:21.737  6151  6186 I octvm_klo: 	itval.it_value.tv_sec 0, itval.it_value.tv_nsec 999997291

03-30 10:45:21.919   379   493 I ThermalEngine: Sensor:batt_temp:361 mC

03-30 10:45:22.740  6151  6186 I octvm_klo: read wakeups from wakealarm_fd:1

03-30 10:45:22.740  6151  6186 I octvm_klo: new timerfd interval:

03-30 10:45:22.740  6151  6186 I octvm_klo: 	itval.it_interval.tv_sec 1, itval.it_interval.tv_nsec 0

03-30 10:45:22.740  6151  6186 I octvm_klo: 	itval.it_value.tv_sec 0, itval.it_value.tv_nsec 999996354

03-30 10:45:22.834  3745  3745 D wpa_supplicant: wlan0: Control interface command 'SIGNAL_POLL'

03-30 10:45:22.849  3745  3745 D wpa_supplicant: CTRL-DEBUG: global_ctrl_sock-sendto: sock=11 sndbuf=163840 outq=0 send_len=49

03-30 10:45:22.921   379   493 I ThermalEngine: Sensor:batt_temp:361 mC

03-30 10:45:23.740  6151  6186 I octvm_klo: read wakeups from wakealarm_fd:1

03-30 10:45:23.740  6151  6186 I octvm_klo: new timerfd interval:

03-30 10:45:23.740  6151  6186 I octvm_klo: 	itval.it_interval.tv_sec 1, itval.it_interval.tv_nsec 0

03-30 10:45:23.740  6151  6186 I octvm_klo: 	itval.it_value.tv_sec 0, itval.it_value.tv_nsec 999990782

03-30 10:45:23.923   379   493 I ThermalEngine: Sensor:batt_temp:361 mC

03-30 10:45:24.600 20981 21074 D UTAnalytics:CommitTask: pid:20981 check&commit event:65501,

03-30 10:45:24.609 20981 21074 D UTAnalytics:CommitTask: pid:20981 next:65501,

03-30 10:45:24.609 20981 21074 D UTAnalytics:CommitTask: pid:20981 check&commit event:65502,

03-30 10:45:24.609 20981 21074 D UTAnalytics:CommitTask: pid:20981 next:65502,

03-30 10:45:24.624 20981 21074 D UTAnalytics:CommitTask: pid:20981 check&commit event:65503,

03-30 10:45:24.624 20981 21074 D UTAnalytics:CommitTask: pid:20981 next:65503,

03-30 10:45:24.730  2044  2118 D AutomaticBrightnessController: drop the lightsensor event ,time=338015510 ,lux=12.490817

03-30 10:45:24.740  6151  6186 I octvm_klo: read wakeups from wakealarm_fd:1

03-30 10:45:24.740  6151  6186 I octvm_klo: new timerfd interval:

03-30 10:45:24.740  6151  6186 I octvm_klo: 	itval.it_interval.tv_sec 1, itval.it_interval.tv_nsec 0

03-30 10:45:24.740  6151  6186 I octvm_klo: 	itval.it_value.tv_sec 0, itval.it_value.tv_nsec 999996094

03-30 10:45:24.900  2044  2118 D AutomaticBrightnessController: drop the lightsensor event ,time=338015680 ,lux=2.9390156

03-30 10:45:24.925   379   493 I ThermalEngine: Sensor:batt_temp:361 mC

03-30 10:45:25.070  2044  2118 D AutomaticBrightnessController: drop the lightsensor event ,time=338015850 ,lux=6.6127853

03-30 10:45:25.240  2044  2118 D AutomaticBrightnessController: drop the lightsensor event ,time=338016020 ,lux=17.634094

03-30 10:45:25.410  2044  2118 D AutomaticBrightnessController: drop the lightsensor event ,time=338016190 ,lux=22.777372

03-30 10:45:25.740  6151  6186 I octvm_klo: read wakeups from wakealarm_fd:1

03-30 10:45:25.741  6151  6186 I octvm_klo: new timerfd interval:

03-30 10:45:25.741  6151  6186 I octvm_klo: 	itval.it_interval.tv_sec 1, itval.it_interval.tv_nsec 0

03-30 10:45:25.741  6151  6186 I octvm_klo: 	itval.it_value.tv_sec 0, itval.it_value.tv_nsec 999996354

03-30 10:45:25.856  3745  3745 D wpa_supplicant: wlan0: Control interface command 'SIGNAL_POLL'

03-30 10:45:25.870  3745  3745 D wpa_supplicant: CTRL-DEBUG: global_ctrl_sock-sendto: sock=11 sndbuf=163840 outq=0 send_len=49

03-30 10:45:25.920  2044  2118 D AutomaticBrightnessController: drop the lightsensor event ,time=338016700 ,lux=83.76195

03-30 10:45:25.926   379   493 I ThermalEngine: Sensor:batt_temp:361 mC

03-30 10:45:26.090  2044  2118 D AutomaticBrightnessController: drop the lightsensor event ,time=338016870 ,lux=70.53638

03-30 10:45:26.260  2044  2118 D AutomaticBrightnessController: drop the lightsensor event ,time=338017040 ,lux=78.61867

03-30 10:45:26.430  2044  2118 D AutomaticBrightnessController: drop the lightsensor event ,time=338017210 ,lux=78.61867

03-30 10:45:26.591 20981 21074 D UTAnalytics:LogStoreMgr: pid:20981 [store],

03-30 10:45:26.600  2044  2118 D AutomaticBrightnessController: drop the lightsensor event ,time=338017381 ,lux=83.0272

03-30 10:45:26.610 20981 21074 D UTAnalytics:UTSqliteLogStore: pid:20981 sql:SELECT * FROM log ORDER BY time ASC  LIMIT 98,

03-30 10:45:26.617 20981 21074 D UTAnalytics:LogStoreMgr: pid:20981 [get],[],

03-30 10:45:26.621 20981 21074 D UTAnalytics:UploadEngine: pid:20981 UTDC.bBackground:false,AppInfoUtil.isForeground(UTDC.getContext()) ,true,

03-30 10:45:26.625 20981 21074 D UTAnalytics:UploadTask: pid:20981 mPeriod:30000,

03-30 10:45:26.741  6151  6186 I octvm_klo: read wakeups from wakealarm_fd:1

03-30 10:45:26.741  6151  6186 I octvm_klo: new timerfd interval:

03-30 10:45:26.741  6151  6186 I octvm_klo: 	itval.it_interval.tv_sec 1, itval.it_interval.tv_nsec 0

03-30 10:45:26.741  6151  6186 I octvm_klo: 	itval.it_value.tv_sec 0, itval.it_value.tv_nsec 999995781

03-30 10:45:26.770  2044  2118 D AutomaticBrightnessController: drop the lightsensor event ,time=338017550 ,lux=83.0272

03-30 10:45:26.930   379   493 I ThermalEngine: Sensor:batt_temp:361 mC

03-30 10:45:27.741  6151  6186 I octvm_klo: read wakeups from wakealarm_fd:1

03-30 10:45:27.741  6151  6186 I octvm_klo: new timerfd interval:

03-30 10:45:27.741  6151  6186 I octvm_klo: 	itval.it_interval.tv_sec 1, itval.it_interval.tv_nsec 0

03-30 10:45:27.741  6151  6186 I octvm_klo: 	itval.it_value.tv_sec 0, itval.it_value.tv_nsec 999991771

03-30 10:45:27.793  2044  2118 D AutomaticBrightnessController: drop the lightsensor event ,time=338018573 ,lux=95.51801

03-30 10:45:27.932   379   493 I ThermalEngine: Sensor:batt_temp:361 mC

03-30 10:45:27.960  2044  2118 D AutomaticBrightnessController: drop the lightsensor event ,time=338018740 ,lux=7.347539

03-30 10:45:28.130  2044  2118 D AutomaticBrightnessController: drop the lightsensor event ,time=338018910 ,lux=2.2042618

03-30 10:45:28.300  2044  2118 D AutomaticBrightnessController: drop the lightsensor event ,time=338019080 ,lux=7.347539

03-30 10:45:28.741  6151  6186 I octvm_klo: read wakeups from wakealarm_fd:1

03-30 10:45:28.741  6151  6186 I octvm_klo: new timerfd interval:

03-30 10:45:28.741  6151  6186 I octvm_klo: 	itval.it_interval.tv_sec 1, itval.it_interval.tv_nsec 0

03-30 10:45:28.741  6151  6186 I octvm_klo: 	itval.it_value.tv_sec 0, itval.it_value.tv_nsec 999996823

03-30 10:45:28.779 25810 25810 W AppWatcher: type=1400 audit(0.0:55210823): avc: denied { getattr } for path="/proc/opalum-temp-calib" dev="proc" ino=4026534631 scontext=u:r:untrusted_app:s0:c512,c768 tcontext=u:object_r:proc_opalum:s0 tclass=file permissive=0

03-30 10:45:28.779 25810 25810 W AppWatcher: type=1400 audit(0.0:55210824): avc: denied { getattr } for path="/proc/opalum-f0-calib" dev="proc" ino=4026534630 scontext=u:r:untrusted_app:s0:c512,c768 tcontext=u:object_r:proc_opalum:s0 tclass=file permissive=0

03-30 10:45:28.779 25810 25810 W AppWatcher: type=1400 audit(0.0:55210825): avc: denied { getattr } for path="/proc/sysrq-trigger" dev="proc" ino=4026533735 scontext=u:r:untrusted_app:s0:c512,c768 tcontext=u:object_r:proc_sysrq:s0 tclass=file permissive=0

03-30 10:45:28.789 25810 25810 W AppWatcher: type=1400 audit(0.0:55210826): avc: denied { getattr } for path="/proc/1" dev="proc" ino=11921139 scontext=u:r:untrusted_app:s0:c512,c768 tcontext=u:r:init:s0 tclass=dir permissive=0

03-30 10:45:28.789 25810 25810 W AppWatcher: type=1400 audit(0.0:55210827): avc: denied { getattr } for path="/proc/2" dev="proc" ino=11961941 scontext=u:r:untrusted_app:s0:c512,c768 tcontext=u:r:kernel:s0 tclass=dir permissive=0

03-30 10:45:28.799 25810 25810 W AppWatcher: type=1400 audit(0.0:55210828): avc: denied { getattr } for path="/proc/3" dev="proc" ino=11961942 scontext=u:r:untrusted_app:s0:c512,c768 tcontext=u:r:kernel:s0 tclass=dir permissive=0

03-30 10:45:28.799 25810 25810 W AppWatcher: type=1400 audit(0.0:55210829): avc: denied { getattr } for path="/proc/6" dev="proc" ino=11961943 scontext=u:r:untrusted_app:s0:c512,c768 tcontext=u:r:kernel:s0 tclass=dir permissive=0

03-30 10:45:28.799 25810 25810 W AppWatcher: type=1400 audit(0.0:55210830): avc: denied { getattr } for path="/proc/7" dev="proc" ino=11961944 scontext=u:r:untrusted_app:s0:c512,c768 tcontext=u:r:kernel:s0 tclass=dir permissive=0

03-30 10:45:28.799 25810 25810 W AppWatcher: type=1400 audit(0.0:55210831): avc: denied { getattr } for path="/proc/8" dev="proc" ino=11961945 scontext=u:r:untrusted_app:s0:c512,c768 tcontext=u:r:kernel:s0 tclass=dir permissive=0

03-30 10:45:28.809 25810 25810 W AppWatcher: type=1400 audit(0.0:55210832): avc: denied { getattr } for path="/proc/21" dev="proc" ino=11961946 scontext=u:r:untrusted_app:s0:c512,c768 tcontext=u:r:kernel:s0 tclass=dir permissive=0

03-30 10:45:28.809 25810 25810 W AppWatcher: type=1400 audit(0.0:55210833): avc: denied { getattr } for path="/proc/22" dev="proc" ino=11961947 scontext=u:r:untrusted_app:s0:c512,c768 tcontext=u:r:kernel:s0 tclass=dir permissive=0

03-30 10:45:28.809 25810 25810 W AppWatcher: type=1400 audit(0.0:55210834): avc: denied { getattr } for path="/proc/28" dev="proc" ino=11961948 scontext=u:r:untrusted_app:s0:c512,c768 tcontext=u:r:kernel:s0 tclass=dir permissive=0

03-30 10:45:28.809 25810 25810 W AppWatcher: type=1400 audit(0.0:55210835): avc: denied { getattr } for path="/proc/29" dev="proc" ino=11961949 scontext=u:r:untrusted_app:s0:c512,c768 tcontext=u:r:kernel:s0 tclass=dir permissive=0

03-30 10:45:28.809 25810 25810 W AppWatcher: type=1400 audit(0.0:55210836): avc: denied { getattr } for path="/proc/30" dev="proc" ino=11961950 scontext=u:r:untrusted_app:s0:c512,c768 tcontext=u:r:kernel:s0 tclass=dir permissive=0

03-30 10:45:28.809 25810 25810 W AppWatcher: type=1400 audit(0.0:55210837): avc: denied { getattr } for path="/proc/32" dev="proc" ino=11961951 scontext=u:r:untrusted_app:s0:c512,c768 tcontext=u:r:kernel:s0 tclass=dir permissive=0

03-30 10:45:28.819 25810 25810 W AppWatcher: type=1400 audit(0.0:55210838): avc: denied { getattr } for path="/proc/33" dev="proc" ino=11961952 scontext=u:r:untrusted_app:s0:c512,c768 tcontext=u:r:kernel:s0 tclass=dir permissive=0

03-30 10:45:28.819 25810 25810 W AppWatcher: type=1400 audit(0.0:55210839): avc: denied { getattr } for path="/proc/34" dev="proc" ino=11961953 scontext=u:r:untrusted_app:s0:c512,c768 tcontext=u:r:kernel:s0 tclass=dir permissive=0

03-30 10:45:28.819 25810 25810 W AppWatcher: type=1400 audit(0.0:55210840): avc: denied { getattr } for path="/proc/61" dev="proc" ino=11961954 scontext=u:r:untrusted_app:s0:c512,c768 tcontext=u:r:kernel:s0 tclass=dir permissive=0

03-30 10:45:28.819 25810 25810 W AppWatcher: type=1400 audit(0.0:55210841): avc: denied { getattr } for path="/proc/62" dev="proc" ino=11961955 scontext=u:r:untrusted_app:s0:c512,c768 tcontext=u:r:kernel:s0 tclass=dir permissive=0

03-30 10:45:28.819 25810 25810 W AppWatcher: type=1400 audit(0.0:55210842): avc: denied { getattr } for path="/proc/63" dev="proc" ino=11961956 scontext=u:r:untrusted_app:s0:c512,c768 tcontext=u:r:kernel:s0 tclass=dir permissive=0

03-30 10:45:28.873  3745  3745 D wpa_supplicant: wlan0: Control interface command 'SIGNAL_POLL'

03-30 10:45:28.887  3745  3745 D wpa_supplicant: CTRL-DEBUG: global_ctrl_sock-sendto: sock=11 sndbuf=163840 outq=0 send_len=49

03-30 10:45:28.933   379   493 I ThermalEngine: Sensor:batt_temp:362 mC

03-30 10:45:29.741  6151  6186 I octvm_klo: read wakeups from wakealarm_fd:1

03-30 10:45:29.741  6151  6186 I octvm_klo: new timerfd interval:

03-30 10:45:29.741  6151  6186 I octvm_klo: 	itval.it_interval.tv_sec 1, itval.it_interval.tv_nsec 0

03-30 10:45:29.741  6151  6186 I octvm_klo: 	itval.it_value.tv_sec 0, itval.it_value.tv_nsec 999995365

03-30 10:45:29.935   379   493 I ThermalEngine: Sensor:batt_temp:361 mC

03-30 10:45:30.742  6151  6186 I octvm_klo: read wakeups from wakealarm_fd:1

03-30 10:45:30.742  6151  6186 I octvm_klo: new timerfd interval:

03-30 10:45:30.742  6151  6186 I octvm_klo: 	itval.it_interval.tv_sec 1, itval.it_interval.tv_nsec 0

03-30 10:45:30.742  6151  6186 I octvm_klo: 	itval.it_value.tv_sec 0, itval.it_value.tv_nsec 999990989

03-30 10:45:30.936   379   493 I ThermalEngine: Sensor:batt_temp:361 mC

03-30 10:45:31.742  6151  6186 I octvm_klo: read wakeups from wakealarm_fd:1

03-30 10:45:31.743  6151  6186 I octvm_klo: new timerfd interval:

03-30 10:45:31.743  6151  6186 I octvm_klo: 	itval.it_interval.tv_sec 1, itval.it_interval.tv_nsec 0

03-30 10:45:31.743  6151  6186 I octvm_klo: 	itval.it_value.tv_sec 0, itval.it_value.tv_nsec 999992188

03-30 10:45:31.893  3745  3745 D wpa_supplicant: wlan0: Control interface command 'SIGNAL_POLL'

03-30 10:45:31.907  3745  3745 D wpa_supplicant: CTRL-DEBUG: global_ctrl_sock-sendto: sock=11 sndbuf=163840 outq=0 send_len=49

03-30 10:45:31.940   379   493 I ThermalEngine: Sensor:batt_temp:361 mC

03-30 10:45:32.743  6151  6186 I octvm_klo: read wakeups from wakealarm_fd:1
