03-30 10:39:13.845 14736 14838 D HomeMate: comm[ Thread-44454: FileTool.java:65 deleteOldFiles() ] - deleteOldFiles()-fileName:HomeMate_20170307175320.996.txt

03-30 10:39:13.845 14736 14838 D HomeMate: comm[ Thread-44454: FileTool.java:65 deleteOldFiles() ] - deleteOldFiles()-fileName:HomeMate_20170307175217.292.txt

03-30 10:39:13.846 14736 14838 D HomeMate: comm[ Thread-44454: FileTool.java:65 deleteOldFiles() ] - deleteOldFiles()-fileName:HomeMate_20170307175141.646.txt

03-30 10:39:13.846 14736 14838 D HomeMate: comm[ Thread-44454: FileTool.java:65 deleteOldFiles() ] - deleteOldFiles()-fileName:HomeMate_20170307174848.191.txt

03-30 10:39:13.847 14736 14838 D HomeMate: comm[ Thread-44454: FileTool.java:65 deleteOldFiles() ] - deleteOldFiles()-fileName:HomeMate_20170307174753.194.txt

03-30 10:39:13.847 14736 14838 D HomeMate: comm[ Thread-44454: FileTool.java:65 deleteOldFiles() ] - deleteOldFiles()-fileName:HomeMate_20170307174658.567.txt

03-30 10:39:13.847 14736 14838 D HomeMate: comm[ Thread-44454: FileTool.java:65 deleteOldFiles() ] - deleteOldFiles()-fileName:HomeMate_20170307174604.325.txt

03-30 10:39:13.848 14736 14838 D HomeMate: comm[ Thread-44454: FileTool.java:65 deleteOldFiles() ] - deleteOldFiles()-fileName:HomeMate_20170307174519.509.txt

03-30 10:39:13.848 14736 14838 D HomeMate: comm[ Thread-44454: FileTool.java:65 deleteOldFiles() ] - deleteOldFiles()-fileName:HomeMate_20170307174443.656.txt

03-30 10:39:13.849 14736 14838 D HomeMate: comm[ Thread-44454: FileTool.java:65 deleteOldFiles() ] - deleteOldFiles()-fileName:HomeMate_20170307160840.955.txt

03-30 10:39:13.849 14736 14838 D HomeMate: comm[ Thread-44454: FileTool.java:65 deleteOldFiles() ] - deleteOldFiles()-fileName:HomeMate_20170307160622.572.txt

03-30 10:39:13.850 14736 14838 D HomeMate: comm[ Thread-44454: FileTool.java:65 deleteOldFiles() ] - deleteOldFiles()-fileName:HomeMate_20170307160552.145.txt

03-30 10:39:13.850 14736 14838 D HomeMate: comm[ Thread-44454: FileTool.java:65 deleteOldFiles() ] - deleteOldFiles()-fileName:HomeMate_20170307160520.254.txt

03-30 10:39:13.850 14736 14838 D HomeMate: comm[ Thread-44454: FileTool.java:65 deleteOldFiles() ] - deleteOldFiles()-fileName:HomeMate_20170307160450.082.txt

03-30 10:39:13.851 14736 14838 D HomeMate: comm[ Thread-44454: FileTool.java:65 deleteOldFiles() ] - deleteOldFiles()-fileName:HomeMate_20170307160419.393.txt

03-30 10:39:13.851 14736 14838 D HomeMate: comm[ Thread-44454: FileTool.java:65 deleteOldFiles() ] - deleteOldFiles()-fileName:HomeMate_20170307160308.046.txt

03-30 10:39:13.852 14736 14838 D HomeMate: comm[ Thread-44454: FileTool.java:65 deleteOldFiles() ] - deleteOldFiles()-fileName:HomeMate_20170307160158.041.txt

03-30 10:39:13.852 14736 14838 D HomeMate: comm[ Thread-44454: FileTool.java:65 deleteOldFiles() ] - deleteOldFiles()-fileName:HomeMate_20170307160114.503.txt

03-30 10:39:13.853 14736 14838 D HomeMate: comm[ Thread-44454: FileTool.java:65 deleteOldFiles() ] - deleteOldFiles()-fileName:HomeMate_20170307160057.988.txt

03-30 10:39:13.853 14736 14838 D HomeMate: comm[ Thread-44454: FileTool.java:65 deleteOldFiles() ] - deleteOldFiles()-fileName:HomeMate_20170307155401.765.txt

03-30 10:39:13.854 14736 14838 D HomeMate: comm[ Thread-44454: FileTool.java:65 deleteOldFiles() ] - deleteOldFiles()-fileName:HomeMate_20170307153056.237.txt

03-30 10:39:13.854 14736 14838 D HomeMate: comm[ Thread-44454: FileTool.java:65 deleteOldFiles() ] - deleteOldFiles()-fileName:HomeMate_20170307152847.805.txt

03-30 10:39:13.855 14736 14838 D HomeMate: comm[ Thread-44454: FileTool.java:65 deleteOldFiles() ] - deleteOldFiles()-fileName:HomeMate_20170307152711.987.txt

03-30 10:39:13.855 14736 14838 D HomeMate: comm[ Thread-44454: FileTool.java:65 deleteOldFiles() ] - deleteOldFiles()-fileName:HomeMate_20170307152650.733.txt

03-30 10:39:13.855 14736 14838 D HomeMate: comm[ Thread-44454: FileTool.java:65 deleteOldFiles() ] - deleteOldFiles()-fileName:HomeMate_20170307152301.745.txt

03-30 10:39:13.856 14736 14838 D HomeMate: comm[ Thread-44454: FileTool.java:65 deleteOldFiles() ] - deleteOldFiles()-fileName:HomeMate_20170307152130.843.txt

03-30 10:39:13.856 14736 14838 D HomeMate: comm[ Thread-44454: FileTool.java:65 deleteOldFiles() ] - deleteOldFiles()-fileName:HomeMate_20170307113839.231.txt

03-30 10:39:13.856 14736 14838 D HomeMate: comm[ Thread-44454: FileTool.java:65 deleteOldFiles() ] - deleteOldFiles()-fileName:HomeMate_20170307100249.289.txt

03-30 10:39:13.857 14736 14838 D HomeMate: comm[ Thread-44454: FileTool.java:65 deleteOldFiles() ] - deleteOldFiles()-fileName:HomeMate_20170307085935.168.txt

03-30 10:39:13.857 14736 14838 D HomeMate: comm[ Thread-44454: FileTool.java:65 deleteOldFiles() ] - deleteOldFiles()-fileName:HomeMate_20170307085713.888.txt

03-30 10:39:13.858 14736 14838 D HomeMate: comm[ Thread-44454: FileTool.java:65 deleteOldFiles() ] - deleteOldFiles()-fileName:HomeMate_20170307085638.047.txt

03-30 10:39:13.858 14736 14838 D HomeMate: comm[ Thread-44454: FileTool.java:65 deleteOldFiles() ] - deleteOldFiles()-fileName:HomeMate_20170306193822.181.txt

03-30 10:39:13.858 14736 14838 D HomeMate: comm[ Thread-44454: FileTool.java:65 deleteOldFiles() ] - deleteOldFiles()-fileName:HomeMate_20170306193752.383.txt

03-30 10:39:13.859 14736 14838 D HomeMate: comm[ Thread-44454: FileTool.java:65 deleteOldFiles() ] - deleteOldFiles()-fileName:HomeMate_20170306193721.876.txt

03-30 10:39:13.862 14736 14838 D HomeMate: comm[ Thread-44454: FileTool.java:65 deleteOldFiles() ] - deleteOldFiles()-fileName:HomeMate_20170306193651.094.txt

03-30 10:39:13.862 14736 14838 D HomeMate: comm[ Thread-44454: FileTool.java:65 deleteOldFiles() ] - deleteOldFiles()-fileName:HomeMate_20170306193621.066.txt

03-30 10:39:13.863 14736 14838 D HomeMate: comm[ Thread-44454: FileTool.java:65 deleteOldFiles() ] - deleteOldFiles()-fileName:HomeMate_20170306193551.480.txt

03-30 10:39:13.863 14736 14838 D HomeMate: comm[ Thread-44454: FileTool.java:65 deleteOldFiles() ] - deleteOldFiles()-fileName:HomeMate_20170306193521.173.txt

03-30 10:39:13.864 14736 14838 D HomeMate: comm[ Thread-44454: FileTool.java:65 deleteOldFiles() ] - deleteOldFiles()-fileName:HomeMate_20170306184835.689.txt

03-30 10:39:13.864 14736 14838 D HomeMate: comm[ Thread-44454: FileTool.java:65 deleteOldFiles() ] - deleteOldFiles()-fileName:HomeMate_20170306184534.204.txt

03-30 10:39:13.864 14736 14838 D HomeMate: comm[ Thread-44454: FileTool.java:65 deleteOldFiles() ] - deleteOldFiles()-fileName:HomeMate_20170306184424.892.txt

03-30 10:39:13.892  2044  2115 I Timeline: Timeline: App_transition_ready time:337644672

03-30 10:39:13.893  2044  2115 I Timeline: Timeline: App_transition_stopped time:337644673

03-30 10:39:13.897  3746  3746 D PhoneStatusBar: disable: 0x00000100 -> 0x00000000 (diff: 0x00000100)

03-30 10:39:13.897  3746  3746 D PhoneStatusBar: disable: < expand icons alerts ticker system_info back home recent clock full hide* keyguard none float >

03-30 10:39:13.897  3746  3746 D PhoneStatusBar: showStatusBar isshow=true;delay=false

03-30 10:39:13.899  2044  2115 I ActivityManager: Displayed com.orvibo.homemate/.common.main.MainActivity: +1s162ms

03-30 10:39:13.899  2044  2115 I Timeline: Timeline: Activity_windows_visible id: ActivityRecord{82a98b4 u0 com.orvibo.homemate/.common.main.MainActivity t17521} time:337644679

03-30 10:39:13.901  6151 28208 I octvm_power: handle event trigger full_screen_exit

03-30 10:39:13.913  3746  3746 V PhoneStatusBarPolicy: updateManagedProfile mManagedProfileFocused: false mKeyguardVisible: false mCurrentUserId:0 mCurrentProfileId:0 mSecondSpaceStatusIconVisible: true showIcon:false

03-30 10:39:13.928 14736 14736 I SearchGateway: onUdpSearchGatewayResult()-gatewayInfos:[GatewayInfo{uid='007e5608c69c', model='VIH001', hubName='null', ip='192.168.56.166', port=8088}, GatewayInfo{uid='007e56121201', model='Hub002', hubName='null', ip='192.168.56.245', port=8088}, GatewayInfo{uid='5cffffe20086', model='Hub100', hubName='null', ip='192.168.56.228', port=8088}, GatewayInfo{uid='5cffff43d6b4', model='Hub002', hubName='null', ip='192.168.56.121', port=8088}]

03-30 10:39:13.928 14736 14736 I HomeMate: comm[ main: LoginHub.java:170 onSearch() ] - gatewayInfos:[GatewayInfo{uid='007e5608c69c', model='VIH001', hubName='null', ip='192.168.56.166', port=8088}, GatewayInfo{uid='007e56121201', model='Hub002', hubName='null', ip='192.168.56.245', port=8088}, GatewayInfo{uid='5cffffe20086', model='Hub100', hubName='null', ip='192.168.56.228', port=8088}, GatewayInfo{uid='5cffff43d6b4', model='Hub002', hubName='null', ip='192.168.56.121', port=8088}]

03-30 10:39:13.928 14736 14736 W HomeMate: comm[ main: LoginHub.java:212 checkNeedProcessHub() ] - æ­¤ä¸»æœºä¸éœ?è¦å¤„ç†GatewayInfo{uid='007e5608c69c', model='VIH001', hubName='null', ip='192.168.56.166', port=8088}

03-30 10:39:13.928 14736 14736 W HomeMate: comm[ main: LoginHub.java:212 checkNeedProcessHub() ] - æ­¤ä¸»æœºä¸éœ?è¦å¤„ç†GatewayInfo{uid='007e56121201', model='Hub002', hubName='null', ip='192.168.56.245', port=8088}

03-30 10:39:13.929 14736 14736 W HomeMate: comm[ main: LoginHub.java:212 checkNeedProcessHub() ] - æ­¤ä¸»æœºä¸éœ?è¦å¤„ç†GatewayInfo{uid='5cffffe20086', model='Hub100', hubName='null', ip='192.168.56.228', port=8088}

03-30 10:39:13.929 14736 14736 W HomeMate: comm[ main: LoginHub.java:212 checkNeedProcessHub() ] - æ­¤ä¸»æœºä¸éœ?è¦å¤„ç†GatewayInfo{uid='5cffff43d6b4', model='Hub002', hubName='null', ip='192.168.56.121', port=8088}

03-30 10:39:13.929 14736 14736 D HomeMate: comm[ main: LoginHub.java:176 onSearch() ] - localLoginHubUids:[007e56121206],æœç´¢è¿”å›žçš„uids:[],isLoginAllLocalHub:false

03-30 10:39:13.930 14736 14736 E HomeMate: comm[ main: LoginHub.java:180 onSearch() ] - æœ¬åœ°æœç´¢ä¸åˆ°æŒ‡å®šçš„ä¸»æœ?.localLoginHubUids:[007e56121206]

03-30 10:39:13.930 14736 14736 D HomeMate: comm[ main: LoginHub.java:282 isLoginFinish() ] - hubLoginStatues:{007e56121206=DONE}

03-30 10:39:13.931 14736 14736 I HomeMate: comm[ main: LoginHub.java:322 callback() ] - Login hub cost 2057ms

03-30 10:39:13.931 14736 14736 W HomeMate: comm[ main: Login.java:189 onLoginHubFail() ] - Fail to login hub.result:314

03-30 10:39:13.931 14736 14736 D HomeMate: comm[ main: LoginServer.java:181 isLoginServerFinish() ] - loginServerState:DONE

03-30 10:39:13.931 14736 14736 D SearchGateway: stopSearch()-Stop search gateways.

03-30 10:39:13.933 14736 14908 W NioReceiveThread: run()-NioReceiveThread has been stop.

03-30 10:39:13.934 14736 14736 D NioReceiveThread: stopReceive()

03-30 10:39:13.935 14736 14736 D NioReceiveThread: stopReceive()

03-30 10:39:13.949 14736 14736 I HomeMate: comm[ main: Login.java:248 callback() ] - Login cost 2830ms

03-30 10:39:13.950 14736 14736 D HomeMate: comm[ main: InfoPushService.java:58 onEventMainThread() ] - onEventMainThread()-PullEvent:PullEvent{type=1, logined=true}

03-30 10:39:13.950 14736 14736 D HomeMate: comm[ main: InfoPushManager.java:430 pushInfos() ] - []

03-30 10:39:13.951 14736 14736 D HomeMate: comm[ main: MainPresenter.java:565 onEventMainThread() ] - MainEvent{mainActionType=0, bottomTabType=0, showFirstTab=false, toLoginActivity=false, login365Event=Login365Event{gateways=null, cocos=null, result=0, serverLoginResult=0}, mLoadDataEvent=null, mHubUpgradeEvent=null, mLocationResultEvent=null, mLatestMessages=null, loadImportantDataUid='null'}

03-30 10:39:13.951 14736 14736 D HomeMate: comm[ main: MainPresenter.java:582 onEventMainThread() ] - Start to process login result.

03-30 10:39:13.951 14736 14736 D HomeMate: comm[ main: MainActivity.java:382 setLoadingProgress() ] - show:false

03-30 10:39:13.952 14736 14736 D HomeMate: comm[ main: MainPresenter.java:523 processLogin() ] - Login365Event{gateways=null, cocos=null, result=0, serverLoginResult=0}

03-30 10:39:13.952 14736 14736 D HomeMate: comm[ main: MainActivity.java:382 setLoadingProgress() ] - show:false

03-30 10:39:13.952 14736 14736 I HomeMate: comm[ main: MainPresenter.java:539 processLogin() ] - Finish login homemate,start to refresh data.

03-30 10:39:13.955 14736 14736 D HomeMate: comm[ main: MainPresenter.java:258 checkSearchUnbindDevice() ] - 

03-30 10:39:13.955 14736 14736 I HomeMate: comm[ main: MainPresenter.java:667 onLoginFinish() ] - 

03-30 10:39:13.955 14736 14736 D HomeMate: comm[ main: MainActivity.java:457 onCheckHubUpgrade() ] - æ£?æŸ¥ä¸»æœºæ˜¯å¦å‡çº?

03-30 10:39:13.961 14736 14736 D HomeMate: comm[ main: BaseActivityPresenter.java:39 onCheckHubUpgrade() ] - uids:[007e56121206]

03-30 10:39:13.961 14736 14736 D HomeMate: comm[ main: CheckHubUpgrade.java:45 checkFamilyHubUpgrade() ] - familyId:ea4205a93f1c46b4a6df9bb391513dd9

03-30 10:39:13.963 14736 14736 I HomeMate: comm[ main: BaseRequest.java:118 doRequestAsync() ] - registerEvent: com.orvibo.homemate.common.BaseActivityPresenter$1@43f4385

03-30 10:39:13.966 14736 14736 D HomeMate: comm[ main: BaseRequest.java:978 saveSerial() ] - Record serial 368539444 on com.orvibo.homemate.common.BaseActivityPresenter$1@43f4385

03-30 10:39:13.967 14736 14890 D HomeMate: comm[ pool-4-thread-2: MinaSocket.java:139 send() ] - target:server,position:server start request.requestConfig:RequestConfig{state=2, type=0, target=1, requestConf=RequestConf{totalCount=2, intervalTime=3500, lastTimeoutTime=5000}},messageLength:138

03-30 10:39:13.967 14736 14890 D HomeMate: sConnectFutures:{server=org.apache.mina.core.polling.AbstractPollingIoConnector$ConnectionRequest@1cafd9}

03-30 10:39:13.968 14736 14890 I HomeMate: comm[ pool-4-thread-2: CodecEncoder.java:44 encode() ] - encode()-ç¼–ç å®Œæˆ,å‘IP:/192.168.2.242:10001å†™æ•°æ?(138):68,64,00,8a,64,6b,5f,b7,71,f1,64,39,35,30,63,63,66,34,33,61,38,32,34,61,65,37,39,30,33,63,30,65,63,65,38,31,66,34,37,33,32,33,fe,22,61,b2,2e,4e,33,7e,e8,99,d5,64,2d,34,f6,a9,d7,22,b2,21,e1,44,21,0a,dc,17,a1,ad,b7,6b,69,f3,2a,1a,ff,1c,2b,3f,8d,ca,37,1c,bb,2f,dc,27,95,f2,0c,2f,ab,55,0e,1e,ac,b8,ac,ae,7d,3c,a7,f1,86,b4,c4,fd,24,0b,5b,ad,58,3d,87,c6,4a,8c,88,e4,fb,0b,3d,31,45,c1,0c,ec,97,a7,ac,dc,cc,94,9e,48,7d,41

03-30 10:39:13.969 14736 14890 D HomeMate: comm[ pool-4-thread-2: MinaSocket.java:157 send() ] - isWritten:true,ioSession:(0x00000001: nio socket, client, /192.168.56.181:46856 => /192.168.2.242:10001)

03-30 10:39:13.969 14736 14736 D HomeMate: comm[ main: ViCenterService.java:494 sendTVLoginFinishBroadcast() ] - result:0 serverLoginResult:0

03-30 10:39:13.970 14736 14890 V HomeMate: comm[ pool-4-thread-2: BaseRequest.java:180 onAsyncTick() ] - Send command:Command{

03-30 10:39:13.970 14736 14890 V HomeMate: uid='server'

03-30 10:39:13.970 14736 14890 V HomeMate: serial=368539444

03-30 10:39:13.970 14736 14890 V HomeMate: cmd=208

03-30 10:39:13.970 14736 14890 V HomeMate: crc='5FB771F1'

03-30 10:39:13.970 14736 14890 V HomeMate: requestConfig=RequestConfig{state=2, type=0, target=1, requestConf=RequestConf{totalCount=2, intervalTime=3500, lastTimeoutTime=5000}}

03-30 10:39:13.970 14736 14890 V HomeMate: jsonObject={"familyId":"ea4205a93f1c46b4a6df9bb391513dd9","cmd":208,"serial":368539444,"ver":"2.3.0"}}

03-30 10:39:13.972 14736 14736 E HomeMate: comm[ main: Login.java:116 cancelLogin() ] - Cancel login

03-30 10:39:13.972 14736 14736 W HomeMate: comm[ main: BaseRequest.java:538 stopProcessResult() ] -  stop request and stop process result

03-30 10:39:13.972 14736 14736 D HomeMate: comm[ main: BaseRequest.java:511 stopRequest() ] -  Stop request com.orvibo.homemate.model.login.LoginServer$1@abac07f

03-30 10:39:13.973 14736 14736 D HomeMate: comm[ main: LoadServer.java:188 cancelQueryData() ] - cancelQueryData()-Cancel load LoadTableStatistics{, totalPage=-1, updateTime=1490841024, latestUpdateTime=0, checkedDataLoseCount=0, msgWhat=2, msgTimeoutWhat=3, readPages=[]}

03-30 10:39:13.973 14736 14736 D HomeMate: comm[ main: BaseRequest.java:511 stopRequest() ] -  Stop request com.orvibo.homemate.model.QueryWifiDeviceData@3538111

03-30 10:39:13.973 14736 14736 E HomeMate: comm[ main: LoginHub.java:297 cancalLoginHub() ] - Cancel login hub.

03-30 10:39:13.973 14736 14736 W HomeMate: comm[ main: BaseRequest.java:538 stopProcessResult() ] -  stop request and stop process result

03-30 10:39:13.974 14736 14736 D HomeMate: comm[ main: BaseRequest.java:511 stopRequest() ] -  Stop request com.orvibo.homemate.model.login.loginhub.LoginHub$1@725af45

03-30 10:39:13.974 14736 14736 E HomeMate: comm[ main: MultiLoad.java:563 cancel() ] - Cancel load 

03-30 10:39:13.974 14736 14736 E HomeMate: comm[ main: ReadData.java:117 stopRead() ] - Stop to load data.com.orvibo.homemate.core.load.MultiLoad$2@ad0d69a

03-30 10:39:13.974 14736 14736 D HomeMate: comm[ main: BaseRequest.java:511 stopRequest() ] -  Stop request com.orvibo.homemate.core.load.MultiLoad$2@ad0d69a

03-30 10:39:14.016  4116  4556 I XiaomiFirewall: firewall pkgName:com.orvibo.homemate, result:0x0

03-30 10:39:14.023 14736 14736 E RecyclerView: No adapter attached; skipping layout

03-30 10:39:14.025 14736 14898 D HomeMate: comm[ NioProcessor-7: CodecDecoder.java:44 doDecode() ] - hd:6864,actualLen:218

03-30 10:39:14.026 14736 14898 I HomeMate: comm[ NioProcessor-7: CodecDecoder.java:76 doDecode() ] - æŽ¥æ”¶åˆ°IP:192.168.2.242çš„æ•°æ®ï¼š68,64,0,da,64,6b,d4,8f,85,8a,64,39,35,30,63,63,66,34,33,61,38,32,34,61,65,37,39,30,33,63,30,65,63,65,38,31,66,34,37,33,32,33,73,f5,98,bb,65,93,d9,82,d7,47,9e,20,f2,f7,a4,1d,b5,68,30,4,14,e1,ac,c2,d0,ed,b0,93,d6,92,e,e4,3e,98,0,dc,6f,d,8b,2b,d9,f1,f4,c9,7,41,d,93,ac,3a,d3,1f,31,4c,46,7e,6d,c4,3a,bf,57,7a,64,d9,5f,17,eb,9a,94,2,7e,cd,38,13,36,44,ec,c5,90,e3,ad,c1,2a,38,da,ea,9e,44,24,5a,71,ef,26,f9,ac,f9,13,29,76,c9,e2,11,11,38,c1,76,ac,82,7e,9e,c4,e4,9d,eb,1b,78,6f,de,4d,ec,89,c8,95,3f,5d,86,f0,61,8c,6,d7,25,56,cc,d9,93,12,65,72,eb,48,62,2f,39,4d,ff,b9,7,be,8e,c4,4e,c2,19,29,42,c3,2,8f,e8,56,47,50,ae,85,13,ad,ca,98,4f,33,a0,1f,d7,c8,7a

03-30 10:39:14.027 14736 14899 I HomeMate: comm[ pool-5-thread-1: SocketUtil.java:70 progressMessage() ] - protocolType[dk],crc:D48F858A,sessionId:d950ccf43a824ae7903c0ece81f47323,jsonLen:176,ip:192.168.2.242,port:10001

03-30 10:39:14.027 14736 14899 I HomeMate: comm[ pool-5-thread-1: SocketUtil.java:108 progressMessage() ] - After decrypt json[{"cmd":208,"familyId":"ea4205a93f1c46b4a6df9bb391513dd9","ver":"2.3.0","serial":368539444,"status":0,"upgradeStatuses":[{"uid":"007e56121206","upgradeStatus":1}]}]

03-30 10:39:14.039 14736 14736 D HomeMate: comm[ main: ViCenterService.java:312 onReceive() ] - action:viCenter_action,receiver:com.orvibo.homemate.service.ViCenterService$3@c14ad63,service:com.orvibo.homemate.service.ViCenterService@f342d60

03-30 10:39:14.040 14736 14736 D HomeMate: comm[ main: BaseRequest.java:511 stopRequest() ] -  Stop request com.orvibo.homemate.model.QueryUserMessageRequest@c359301

03-30 10:39:14.043 14736 14736 D HomeMate: allen[ main: QueryUserMessage.java:87 queryLatestMessageCommon() ] - userId:91a31ba24648493aad89636922662c04,sequence:-1

03-30 10:39:14.043 14736 14736 I HomeMate: comm[ main: QueryUserMessageRequest.java:42 queryUserMessageRequest() ] - startStatusRecordRequest():maxSequence=-1,minSequence-1

03-30 10:39:14.045 14736 14736 I HomeMate: comm[ main: BaseRequest.java:118 doRequestAsync() ] - registerEvent: com.orvibo.homemate.model.QueryUserMessageRequest@c359301

03-30 10:39:14.047 14736 14736 D HomeMate: comm[ main: BaseRequest.java:978 saveSerial() ] - Record serial 1037007 on com.orvibo.homemate.model.QueryUserMessageRequest@c359301

03-30 10:39:14.047 14736 14846 D HomeMate: comm[ pool-4-thread-1: MinaSocket.java:139 send() ] - target:server,position:server start request.requestConfig:RequestConfig{state=2, type=0, target=1, requestConf=RequestConf{totalCount=2, intervalTime=3500, lastTimeoutTime=5000}},messageLength:218

03-30 10:39:14.047 14736 14846 D HomeMate: sConnectFutures:{server=org.apache.mina.core.polling.AbstractPollingIoConnector$ConnectionRequest@1cafd9}

03-30 10:39:14.048 14736 14846 I HomeMate: comm[ pool-4-thread-1: CodecEncoder.java:44 encode() ] - encode()-ç¼–ç å®Œæˆ,å‘IP:/192.168.2.242:10001å†™æ•°æ?(218):68,64,00,da,64,6b,54,30,7c,4f,64,39,35,30,63,63,66,34,33,61,38,32,34,61,65,37,39,30,33,63,30,65,63,65,38,31,66,34,37,33,32,33,fe,22,61,b2,2e,4e,33,7e,e8,99,d5,64,2d,34,f6,a9,d7,22,b2,21,e1,44,21,0a,dc,17,a1,ad,b7,6b,69,f3,2a,1a,ff,1c,2b,3f,8d,ca,37,1c,bb,2f,dc,27,95,f2,2b,e1,be,66,99,ec,b1,fe,41,e7,fb,84,86,c1,88,1c,72,ea,4e,d6,d7,03,a8,ca,61,f9,87,b1,53,d2,78,0e,11,f7,ab,0c,cb,89,da,0d,d2,18,ce,e4,38,ad,f0,4a,7f,5a,3d,0c,25,72,55,d2,49,ec,da,bf,bf,b2,37,66,37,26,42,1a,60,a8,9a,25,6f,61,f7,56,07,c6,dc,cc,99,4f,ba,2b,5a,76,66,8f,21,d2,55,5d,50,62,ac,16,7c,8a,a2,db,7a,f1,62,45,ca,0e,88,99,99,86,0a,9c,5c,89,03,bc,92,79,9a,a5,b3,3d,1f,ed,4f,22,b3,39

03-30 10:39:14.049 14736 14846 D HomeMate: comm[ pool-4-thread-1: MinaSocket.java:157 send() ] - isWritten:true,ioSession:(0x00000001: nio socket, client, /192.168.56.181:46856 => /192.168.2.242:10001)

03-30 10:39:14.050 14736 14846 V HomeMate: comm[ pool-4-thread-1: BaseRequest.java:180 onAsyncTick() ] - Send command:Command{

03-30 10:39:14.050 14736 14846 V HomeMate: uid='server'

03-30 10:39:14.050 14736 14846 V HomeMate: serial=1037007

03-30 10:39:14.050 14736 14846 V HomeMate: cmd=172

03-30 10:39:14.050 14736 14846 V HomeMate: crc='54307C4F'

03-30 10:39:14.050 14736 14846 V HomeMate: requestConfig=RequestConfig{state=2, type=0, target=1, requestConf=RequestConf{totalCount=2, intervalTime=3500, lastTimeoutTime=5000}}

03-30 10:39:14.050 14736 14846 V HomeMate: jsonObject={"familyId":"ea4205a93f1c46b4a6df9bb391513dd9","tableName":"messageCommon","maxSequence":-1,"minSequence":-1,"readCount":100,"cmd":172,"serial":1037007,"ver":"2.3.0"}}

03-30 10:39:14.050 14736 14736 D HomeMate: comm[ main: LocationCity.java:163 onLocationChanged() ] - onLocationChanged(amap)-location:latitude=22.593926longitude=114.004836province=å¹¿ä¸œçœ?#city=æ·±åœ³å¸?#district=å—å±±åŒ?#cityCode=0755#adCode=440305#address=å¹¿ä¸œçœæ·±åœ³å¸‚å—å±±åŒºå¡˜æœ—ä¸œè·¯é è¿‘å—å±±æ™ºå›?#country=ä¸­å›½#road=å¡˜æœ—ä¸œè·¯#poiName=å—å±±æ™ºå›­#street=å­¦è‹‘å¤§é“#streetNum=1001å?#errorCode=0#errorInfo=success#locationDetail=-1#locationType=4

03-30 10:39:14.057 14736 14736 D HomeMate: comm[ main: BaseRequest.java:498 stopRequest() ] - Stop request which serial is 368539444 on com.orvibo.homemate.common.BaseActivityPresenter$1@43f4385

03-30 10:39:14.057 14736 14736 D HomeMate: comm[ main: CheckHubUpgrade.java:59 onEventMainThread() ] - HubUpgradeEvent{hubUpgradeStates=[HubUpgradeState{uid='007e56121206', upgradeStatus=1}]upgradeStatus=-1} cmd=208 result=0 serial=368539444 uid=null

03-30 10:39:14.057 14736 14736 D HomeMate: comm[ main: CheckHubUpgrade.java:97 onHubUpgradeStatus() ] - result:0,hubUpgradeStates:[HubUpgradeState{uid='007e56121206', upgradeStatus=1}]

03-30 10:39:14.057 14736 14736 D HomeMate: comm[ main: BaseRequest.java:511 stopRequest() ] -  Stop request com.orvibo.homemate.common.BaseActivityPresenter$1@43f4385

03-30 10:39:14.058 14736 14736 D HomeMate: comm[ main: BaseActivityPresenter.java:47 onHubUpgradeStatus() ] - hubUpgradeStates:[HubUpgradeState{uid='007e56121206', upgradeStatus=1}],result:0,mActivity:com.orvibo.homemate.common.main.MainActivity@de46e8a

03-30 10:39:14.064  4229  4367 D WtProcessController: onAMDestroyActivity callback

03-30 10:39:14.066 14736 14736 D HomeMate: comm[ main: LaunchActivity.java:384 onDestroy() ] - 

03-30 10:39:14.075  4774 14973 D ANLP    : rgeo susscess[c]

03-30 10:39:14.077 14736 14972 I HomeMate: comm[ Thread-44503: LocationCity.java:302 run() ] - processPosition()-addresses:[Address[addressLines=[0:"NO. No.75 Changlingpi Road, Nanshan, Shenzhen, Guangdong"],feature=NO. No.75 Changlingpi Road,admin=Guangdong,sub-admin=null,locality=Shenzhen,thoroughfare=Changlingpi Road,postalCode=null,countryCode=CN,countryName=China,hasLatitude=true,latitude=22.593786,hasLongitude=true,longitude=114.004978,phone=null,url=null,extras=null]]

03-30 10:39:14.078 14736 14972 D HomeMate: comm[ Thread-44503: LocationCity.java:454 callback() ] - callback()- isCallbacked = [false], + country = [cn], state = [guangdong], city = [shenzhen]

03-30 10:39:14.078 14736 14972 D HomeMate: comm[ Thread-44503: LocationCity.java:420 setCallback() ] - setCallback()- isCallbacked = [true]

03-30 10:39:14.078 14736 14972 D HomeMate: comm[ Thread-44503: LocationService.java:38 onLocation() ] - onLocation()-country:cn,state:guangdong,city:shenzhen,result:0

03-30 10:39:14.089 14736 14736 D HomeMate: comm[ main: LocationPresenter.java:93 onEventMainThread() ] - LocationResultEvent{country='cn', state='guangdong', city='shenzhen', latitude=22.593926, longitude=114.004836, result=0}

03-30 10:39:14.092 14736 14736 D HomeMate: comm[ main: DateUtil.java:245 getTimeOffset() ] - timeOffset = 28800000

03-30 10:39:14.092 14736 14736 D HomeMate: comm[ main: DateUtil.java:265 getZoneOffset() ] - getTimeOffset() - zoneOffset = 28800000

03-30 10:39:14.094 14736 14736 D HomeMate: comm[ main: UploadLocation.java:47 startUploadLoaction() ] - startUploadLoaction() - longitude=114.004836 latotide=22.593926 country=cn city=shenzhen state=guangdong timeOffset=28800 zoneOffset=28800

03-30 10:39:14.112 14736 14898 D HomeMate: comm[ NioProcessor-7: CodecDecoder.java:44 doDecode() ] - hd:6864,actualLen:122

03-30 10:39:14.113 14736 14898 I HomeMate: comm[ NioProcessor-7: CodecDecoder.java:76 doDecode() ] - æŽ¥æ”¶åˆ°IP:192.168.2.242çš„æ•°æ®ï¼š68,64,0,7a,64,6b,69,f4,94,e,64,39,35,30,63,63,66,34,33,61,38,32,34,61,65,37,39,30,33,63,30,65,63,65,38,31,66,34,37,33,32,33,a6,83,d5,71,e5,97,4a,f1,96,1e,d5,96,22,1f,9d,22,cc,ac,c7,b3,96,91,9e,32,c,5b,4f,5b,da,76,65,6,40,fd,72,cf,22,dc,e1,d2,2a,3d,87,f6,5c,ba,48,de,94,77,dd,2b,4f,a1,67,b0,ca,6a,74,1c,47,f0,68,95,1,e1,4c,3c,3,26,ad,3f,7c,e8,75,91,eb,67,bd,75

03-30 10:39:14.113 14736 14899 I HomeMate: comm[ pool-5-thread-1: SocketUtil.java:70 progressMessage() ] - protocolType[dk],crc:69F4940E,sessionId:d950ccf43a824ae7903c0ece81f47323,jsonLen:80,ip:192.168.2.242,port:10001

03-30 10:39:14.114 14736 14899 I HomeMate: comm[ pool-5-thread-1: SocketUtil.java:108 progressMessage() ] - After decrypt json[{"cmd":172,"status":0,"tableName":"messageCommon","data":[],"serial":1037007}]

03-30 10:39:14.122 14736 14736 D HomeMate: comm[ main: BaseRequest.java:498 stopRequest() ] - Stop request which serial is 1037007 on com.orvibo.homemate.model.QueryUserMessageRequest@c359301

03-30 10:39:14.123 14736 14736 D HomeMate: comm[ main: QueryUserMessage.java:112 onResultReturn() ] - cmd=172 result=0 serial=1037007 uid=null

03-30 10:39:14.123 14736 14736 D HomeMate: comm[ main: BaseActivity.java:480 onEventMainThread() ] - onEventMainThread()-event:ViewEvent{loadDataType=7, uid='null', result=0}

03-30 10:39:14.124 14736 14736 D HomeMate: comm[ main: MainActivity.java:224 onRefresh() ] - ViewEvent{loadDataType=7, uid='null', result=0}

03-30 10:39:14.124 14736 14736 D HomeMate: comm[ main: MainActivity.java:255 refreshCurrentFragment() ] - Current tag is å®?,HomeFragment{4f8ad31 #0 id=0x7f0d0299 å®¶},mainRefreshType:5

03-30 10:39:14.125 14736 14736 D HomeMate: comm[ main: HomeFragment.java:195 onRefresh() ] - HomeFragment{4f8ad31 #0 id=0x7f0d0299 å®¶}

03-30 10:39:14.127 14736 14736 D HomeMate: comm[ main: HomeFragment.java:196 onRefresh() ] - HomeRefresh

03-30 10:39:14.127 14736 14736 D HomeMate: comm[ main: HomeRoomPresenter.java:58 init() ] - HomeRefresh

03-30 10:39:14.133 14736 14736 D HomeMate: comm[ main: HomeFragment.java:279 onInit() ] - HomeRefresh

03-30 10:39:14.134 14736 14736 D HomeMate: allen[ main: HomeFragment.java:291 onRefreshFamilies() ] - families:[Family{familyId='ea4205a93f1c46b4a6df9bb391513dd9', pic='null', creator='91a31ba24648493aad89636922662c04', familyName='ojrtx', nickname_in_family='null', email='15079034630@126.com', phone='', showIndex=1, isAdmin=1, userid='91a31ba24648493aad89636922662c04', userName=ahdhhddhhd, updateTimeSec=1490841108000} , Family{familyId='7c9d5013119f46a2a89fe662794afe17', pic='null', creator='91a31ba24648493aad89636922662c04', familyName='gggy', nickname_in_family='null', email='15079034630@126.com', phone='', showIndex=2, isAdmin=1, userid='91a31ba24648493aad89636922662c04', userName=ahdhhddhhd, updateTimeSec=1490702078000} , Family{familyId='2f2e636022b94e218b3c2f9756c65cc5', pic='http://homemate.orvibo.com/images/family/decd605137a041d3943517d8943621bf.png', creator='91a31ba24648493aad89636922662c04', familyName='f30ow', nickname_in_family='null', email='15079034630@126.com', phone='', showIndex=3, isAdmin=1, userid='91a31ba24648493aad89636922662c04', userName=ahdhhddhhd, updateTimeSec=1490702078000} , Family{familyId='8a1ceb7b78034a539fbebe64efd979fc', pic='http://homemate.orvibo.com/images/family/5d1549631bde4bba877fa28498755239.png', creator='91a31ba24648493aad89636922662c04', familyName='2fa1b', nickname_in_family='null', email='15079034630@126.com', phone='', showIndex=4, isAdmin=1, userid='91a31ba24648493aad89636922662c04', userName=ahdhhddhhd, updateTimeSec=1490702078000} , Family{familyId='dbc10e32ebe547cc932bce19fe63d2c1', pic='http://homemate.orvibo.com/images/family/783967619a144ff182042bce99002bb1.png', creator='91a31ba24648493aad89636922662c04', familyName='iu299', nickname_in_family='null', email='15079034630@126.com', phone='', showIndex=5, isAdmin=1, userid='91a31ba24648493aad89636922662c04', userName=ahdhhddhhd, updateTimeSec=1490702078000} ] selectFamilyPosition:0

03-30 10:39:14.151 14736 14736 D HomeMate: comm[ main: HomeFragment.java:382 doRefreshRooms() ] - HomeRefresh-do refresh

03-30 10:39:14.151 14736 14736 D HomeMate: allen[ main: HomeFragment.java:385 doRefreshRooms() ] - rooms:[Room{roomId='ea4205a93f1c46b4a6df9bb391513dd9', roomName='é»˜è®¤æˆ¿é—´', floorId='714c9032b3ef488bbfe77bff438d53a4', roomType=0, sequence=0, isDefaultRoom=false, imgUrl='/storage/emulated/0/HomeMate/room/6_thumb'} BaseBo{delFlag=0, updateTime='0', createTime='0', updateTimeSec=0, uid='null', userName='null'}] selectRoomPosition:0

03-30 10:39:14.155 14736 14736 D HomeMate: comm[ main: BaseFragment.java:74 onAttach() ] - HomePagerFragment

03-30 10:39:14.156 14736 14736 D HomeMate: allen[ main: HomePagerFragment.java:120 onCreateView() ] - onCreateView()

03-30 10:39:14.158 14736 14736 V BoostFramework: BoostFramework() : mPerf = com.qualcomm.qti.Performance@1f0a139

03-30 10:39:14.158 14736 14736 V BoostFramework: BoostFramework() : mPerf = com.qualcomm.qti.Performance@faa337e

03-30 10:39:14.161 14736 14736 V BoostFramework: BoostFramework() : mPerf = com.qualcomm.qti.Performance@561012c

03-30 10:39:14.161 14736 14736 V BoostFramework: BoostFramework() : mPerf = com.qualcomm.qti.Performance@cb117f5

03-30 10:39:14.163 14736 14736 D HomeMate: allen[ main: HomePagerFragment.java:186 onActivityCreated() ] - onActivityCreated()

03-30 10:39:14.164 14736 14736 D HomeMate: comm[ main: PropertyReport.java:94 registerNewPropertyReport() ] - registerNewPropertyReport()-listener:com.orvibo.homemate.device.home.HomeDevicePresenter@932098a

03-30 10:39:14.165 14736 14736 D HomeMate: allen[ main: HomeDevicePresenter.java:110 refresh() ] - Start to init devices.

03-30 10:39:14.165 14736 14736 D HomeMate: allen[ main: HomeDevicePresenter.java:114 refresh() ] - Show devices from Room{roomId='ea4205a93f1c46b4a6df9bb391513dd9', roomName='é»˜è®¤æˆ¿é—´', floorId='714c9032b3ef488bbfe77bff438d53a4', roomType=0, sequence=0, isDefaultRoom=false, imgUrl='/storage/emulated/0/HomeMate/room/6_thumb'} BaseBo{delFlag=0, updateTime='0', createTime='0', updateTimeSec=0, uid='null', userName='null'}

03-30 10:39:14.170 14736 14736 D HomeMate: allen[ main: HomeDevicePresenter.java:116 refresh() ] - devices [Device{uid=5ccf7fda9b5e, deviceName=S30æ™ºèƒ½æ’åº§, deviceId=040c8e12fd4d4f3192d9a5378cf8b149, appDeviceId=65533, deviceType=29, roomId=, company='', delFlag=0, extAddr='', endpoint=-1, irDeviceId=, sequence=0, model='62f1da0474434509923b2dc947a0f14c', updateTime=1490840335000(2017-03-30 10:18:55), userName=null} ]

03-30 10:39:14.172 14736 14736 D HomeMate: allen[ main: HomeDevicePresenter.java:121 refresh() ] - other devices []

03-30 10:39:14.176 14736 14736 D HomeMate: allen[ main: HomeDevicePresenter.java:155 refreshDeviceStatus() ] - deviceStatusMap {040c8e12fd4d4f3192d9a5378cf8b149=Action{uid=5ccf7fda9b5e, deviceId=040c8e12fd4d4f3192d9a5378cf8b149, command='null', value1=0, value2=0, value3=0, value4=0, alarmType=1, delayTime=0, keyName='null', freq=0, name=, pluseNum=0, pluseData=null} }

03-30 10:39:14.177 14736 14736 D HomeMate: allen[ main: HomePagerFragment.java:229 onDeviceInit() ] - devices:[Device{uid=5ccf7fda9b5e, deviceName=S30æ™ºèƒ½æ’åº§, deviceId=040c8e12fd4d4f3192d9a5378cf8b149, appDeviceId=65533, deviceType=29, roomId=, company='', delFlag=0, extAddr='', endpoint=-1, irDeviceId=, sequence=0, model='62f1da0474434509923b2dc947a0f14c', updateTime=1490840335000(2017-03-30 10:18:55), userName=null} ],otherDevices:[]

03-30 10:39:14.182 14736 14736 D HomeMate: allen[ main: HomePagerFragment.java:279 onDeviceInit() ] - Show devices

03-30 10:39:14.183 14736 14736 D HomeMate: allen[ main: HomeDevicePresenter.java:129 refresh() ] - Finish to init device. cost 17ms

03-30 10:39:14.183 14736 14736 D HomeMate: comm[ main: DeviceUtil.java:953 getEnergyDevices() ] - familyId:ea4205a93f1c46b4a6df9bb391513dd9

03-30 10:39:14.186 14736 14736 D HomeMate: comm[ main: DeviceUtil.java:989 getEnergyDevices() ] - energyRemindDevices:[]

03-30 10:39:14.187 14736 14736 I HomeMate: wei[ main: RoomCommonSceneDao.java:46 selRoomCommonScene() ] - select * from scene inner join roomcommonscene on scene.sceneNo = roomcommonscene.sceneNo where roomcommonscene.userId = ? and roomcommonscene.roomId = ? order by roomcommonscene.sceneSequence ASC

03-30 10:39:14.197 14736 14736 D HomeMate: comm[ main: RoomImageUtil.java:275 getRoomImagePathByName() ] - RoomImageUtil: getRoomImagePathByName(file.exists == false !)

03-30 10:39:14.198 14736 14736 D HomeMate: comm[ main: HomePagerFragment.java:349 setRoomImage() ] - room:Room{roomId='ea4205a93f1c46b4a6df9bb391513dd9', roomName='é»˜è®¤æˆ¿é—´', floorId='714c9032b3ef488bbfe77bff438d53a4', roomType=0, sequence=0, isDefaultRoom=false, imgUrl='/storage/emulated/0/HomeMate/room/6_thumb'} BaseBo{delFlag=0, updateTime='0', createTime='0', updateTimeSec=0, uid='null', userName='null'}   file.exists()->true

03-30 10:39:14.198 14736 14736 D HomeMate: allen[ main: HomePagerFragment.java:202 onStart() ] - onStart()

03-30 10:39:14.200 14736 14736 D HomeMate: allen[ main: HomePagerFragment.java:208 onResume() ] - onResume()

03-30 10:39:14.202 14736 14736 I HomeMate: comm[ main: BaseRequest.java:118 doRequestAsync() ] - registerEvent: com.orvibo.homemate.device.home.HomeRoomPresenter$1@aaf3456

03-30 10:39:14.203 14736 14736 D HomeMate: comm[ main: BaseRequest.java:978 saveSerial() ] - Record serial 1162618533 on com.orvibo.homemate.device.home.HomeRoomPresenter$1@aaf3456

03-30 10:39:14.204 14736 14890 D HomeMate: comm[ pool-4-thread-2: MinaSocket.java:139 send() ] - target:server,position:server start request.requestConfig:RequestConfig{state=2, type=0, target=1, requestConf=RequestConf{totalCount=2, intervalTime=3500, lastTimeoutTime=5000}},messageLength:138

03-30 10:39:14.204 14736 14890 D HomeMate: sConnectFutures:{server=org.apache.mina.core.polling.AbstractPollingIoConnector$ConnectionRequest@1cafd9}

03-30 10:39:14.205 14736 14890 I HomeMate: comm[ pool-4-thread-2: CodecEncoder.java:44 encode() ] - encode()-ç¼–ç å®Œæˆ,å‘IP:/192.168.2.242:10001å†™æ•°æ?(138):68,64,00,8a,64,6b,48,c0,7c,f7,64,39,35,30,63,63,66,34,33,61,38,32,34,61,65,37,39,30,33,63,30,65,63,65,38,31,66,34,37,33,32,33,79,c5,de,38,25,07,ad,08,94,4a,8e,44,59,58,6c,5e,23,c2,62,f3,be,9b,97,0b,d0,3b,57,4d,67,fc,8a,5a,12,8b,5f,72,ec,4e,dc,27,bc,c2,ef,6b,ec,cf,33,70,ce,51,b2,12,4c,91,0c,f0,3a,c6,4b,16,5b,0d,01,01,a0,7d,a2,7f,86,d9,e8,6a,48,de,43,ab,5e,71,76,99,92,d4,91,56,d2,53,6c,d7,29,59,00,90,dd,79,0a,14

03-30 10:39:14.206 14736 14890 D HomeMate: comm[ pool-4-thread-2: MinaSocket.java:157 send() ] - isWritten:true,ioSession:(0x00000001: nio socket, client, /192.168.56.181:46856 => /192.168.2.242:10001)

03-30 10:39:14.207 14736 14890 V HomeMate: comm[ pool-4-thread-2: BaseRequest.java:180 onAsyncTick() ] - Send command:Command{

03-30 10:39:14.207 14736 14890 V HomeMate: uid='server'

03-30 10:39:14.207 14736 14890 V HomeMate: serial=1162618533

03-30 10:39:14.207 14736 14890 V HomeMate: cmd=201

03-30 10:39:14.207 14736 14890 V HomeMate: crc='48C07CF7'

03-30 10:39:14.207 14736 14890 V HomeMate: requestConfig=RequestConfig{state=2, type=0, target=1, requestConf=RequestConf{totalCount=2, intervalTime=3500, lastTimeoutTime=5000}}

03-30 10:39:14.207 14736 14890 V HomeMate: jsonObject={"userId":"91a31ba24648493aad89636922662c04","cmd":201,"serial":1162618533,"ver":"2.3.0"}}

03-30 10:39:14.212 14736 14736 E RecyclerView: No adapter attached; skipping layout

03-30 10:39:14.238 14736 14736 D HomeMate: comm[ main: MainActivity.java:335 onRefresh() ] - mainRefreshType:4

03-30 10:39:14.238 14736 14736 D HomeMate: comm[ main: MainActivity.java:255 refreshCurrentFragment() ] - Current tag is å®?,HomeFragment{4f8ad31 #0 id=0x7f0d0299 å®¶},mainRefreshType:4

03-30 10:39:14.238 14736 14736 D HomeMate: comm[ main: HomeFragment.java:195 onRefresh() ] - HomeFragment{4f8ad31 #0 id=0x7f0d0299 å®¶}

03-30 10:39:14.238 14736 14736 D HomeMate: comm[ main: HomeFragment.java:196 onRefresh() ] - HomeRefresh

03-30 10:39:14.239 14736 14736 D HomeMate: comm[ main: HomeRoomPresenter.java:58 init() ] - HomeRefresh

03-30 10:39:14.247 14736 14736 D HomeMate: comm[ main: HomeFragment.java:279 onInit() ] - HomeRefresh

03-30 10:39:14.247 14736 14736 D HomeMate: allen[ main: HomeFragment.java:291 onRefreshFamilies() ] - families:[Family{familyId='ea4205a93f1c46b4a6df9bb391513dd9', pic='null', creator='91a31ba24648493aad89636922662c04', familyName='ojrtx', nickname_in_family='null', email='15079034630@126.com', phone='', showIndex=1, isAdmin=1, userid='91a31ba24648493aad89636922662c04', userName=ahdhhddhhd, updateTimeSec=1490841108000} , Family{familyId='7c9d5013119f46a2a89fe662794afe17', pic='null', creator='91a31ba24648493aad89636922662c04', familyName='gggy', nickname_in_family='null', email='15079034630@126.com', phone='', showIndex=2, isAdmin=1, userid='91a31ba24648493aad89636922662c04', userName=ahdhhddhhd, updateTimeSec=1490702078000} , Family{familyId='2f2e636022b94e218b3c2f9756c65cc5', pic='http://homemate.orvibo.com/images/family/decd605137a041d3943517d8943621bf.png', creator='91a31ba24648493aad89636922662c04', familyName='f30ow', nickname_in_family='null', email='15079034630@126.com', phone='', showIndex=3, isAdmin=1, userid='91a31ba24648493aad89636922662c04', userName=ahdhhddhhd, updateTimeSec=1490702078000} , Family{familyId='8a1ceb7b78034a539fbebe64efd979fc', pic='http://homemate.orvibo.com/images/family/5d1549631bde4bba877fa28498755239.png', creator='91a31ba24648493aad89636922662c04', familyName='2fa1b', nickname_in_family='null', email='15079034630@126.com', phone='', showIndex=4, isAdmin=1, userid='91a31ba24648493aad89636922662c04', userName=ahdhhddhhd, updateTimeSec=1490702078000} , Family{familyId='dbc10e32ebe547cc932bce19fe63d2c1', pic='http://homemate.orvibo.com/images/family/783967619a144ff182042bce99002bb1.png', creator='91a31ba24648493aad89636922662c04', familyName='iu299', nickname_in_family='null', email='15079034630@126.com', phone='', showIndex=5, isAdmin=1, userid='91a31ba24648493aad89636922662c04', userName=ahdhhddhhd, updateTimeSec=1490702078000} ] selectFamilyPosition:0

03-30 10:39:14.265 14736 14736 D HomeMate: comm[ main: HomeFragment.java:382 doRefreshRooms() ] - HomeRefresh-do refresh

03-30 10:39:14.266 14736 14736 D HomeMate: allen[ main: HomeFragment.java:385 doRefreshRooms() ] - rooms:[Room{roomId='ea4205a93f1c46b4a6df9bb391513dd9', roomName='é»˜è®¤æˆ¿é—´', floorId='714c9032b3ef488bbfe77bff438d53a4', roomType=0, sequence=0, isDefaultRoom=false, imgUrl='/storage/emulated/0/HomeMate/room/6_thumb'} BaseBo{delFlag=0, updateTime='0', createTime='0', updateTimeSec=0, uid='null', userName='null'}] selectRoomPosition:0

03-30 10:39:14.270 14736 14736 D HomeMate: comm[ main: BaseFragment.java:74 onAttach() ] - HomePagerFragment

03-30 10:39:14.270 14736 14736 D HomeMate: allen[ main: HomePagerFragment.java:120 onCreateView() ] - onCreateView()

03-30 10:39:14.273 14736 14736 V BoostFramework: BoostFramework() : mPerf = com.qualcomm.qti.Performance@80c858c

03-30 10:39:14.273 14736 14736 V BoostFramework: BoostFramework() : mPerf = com.qualcomm.qti.Performance@44db4d5

03-30 10:39:14.277 14736 14736 V BoostFramework: BoostFramework() : mPerf = com.qualcomm.qti.Performance@f4d63db

03-30 10:39:14.277 14736 14736 V BoostFramework: BoostFramework() : mPerf = com.qualcomm.qti.Performance@ec26e78

03-30 10:39:14.278 14736 14736 D HomeMate: allen[ main: HomePagerFragment.java:186 onActivityCreated() ] - onActivityCreated()

03-30 10:39:14.279 14736 14736 D HomeMate: comm[ main: PropertyReport.java:94 registerNewPropertyReport() ] - registerNewPropertyReport()-listener:com.orvibo.homemate.device.home.HomeDevicePresenter@f41c951

03-30 10:39:14.281 14736 14736 D HomeMate: allen[ main: HomeDevicePresenter.java:110 refresh() ] - Start to init devices.

03-30 10:39:14.282 14736 14736 D HomeMate: allen[ main: HomeDevicePresenter.java:114 refresh() ] - Show devices from Room{roomId='ea4205a93f1c46b4a6df9bb391513dd9', roomName='é»˜è®¤æˆ¿é—´', floorId='714c9032b3ef488bbfe77bff438d53a4', roomType=0, sequence=0, isDefaultRoom=false, imgUrl='/storage/emulated/0/HomeMate/room/6_thumb'} BaseBo{delFlag=0, updateTime='0', createTime='0', updateTimeSec=0, uid='null', userName='null'}

03-30 10:39:14.287 14736 14736 D HomeMate: allen[ main: HomeDevicePresenter.java:116 refresh() ] - devices [Device{uid=5ccf7fda9b5e, deviceName=S30æ™ºèƒ½æ’åº§, deviceId=040c8e12fd4d4f3192d9a5378cf8b149, appDeviceId=65533, deviceType=29, roomId=, company='', delFlag=0, extAddr='', endpoint=-1, irDeviceId=, sequence=0, model='62f1da0474434509923b2dc947a0f14c', updateTime=1490840335000(2017-03-30 10:18:55), userName=null} ]

03-30 10:39:14.293 14736 14736 D HomeMate: allen[ main: HomeDevicePresenter.java:121 refresh() ] - other devices []

03-30 10:39:14.298 14736 14736 D HomeMate: allen[ main: HomeDevicePresenter.java:155 refreshDeviceStatus() ] - deviceStatusMap {040c8e12fd4d4f3192d9a5378cf8b149=Action{uid=5ccf7fda9b5e, deviceId=040c8e12fd4d4f3192d9a5378cf8b149, command='null', value1=0, value2=0, value3=0, value4=0, alarmType=1, delayTime=0, keyName='null', freq=0, name=, pluseNum=0, pluseData=null} }

03-30 10:39:14.298 14736 14736 D HomeMate: allen[ main: HomePagerFragment.java:229 onDeviceInit() ] - devices:[Device{uid=5ccf7fda9b5e, deviceName=S30æ™ºèƒ½æ’åº§, deviceId=040c8e12fd4d4f3192d9a5378cf8b149, appDeviceId=65533, deviceType=29, roomId=, company='', delFlag=0, extAddr='', endpoint=-1, irDeviceId=, sequence=0, model='62f1da0474434509923b2dc947a0f14c', updateTime=1490840335000(2017-03-30 10:18:55), userName=null} ],otherDevices:[]

03-30 10:39:14.303 14736 14736 D HomeMate: allen[ main: HomePagerFragment.java:279 onDeviceInit() ] - Show devices

03-30 10:39:14.303 14736 14736 D HomeMate: allen[ main: HomeDevicePresenter.java:129 refresh() ] - Finish to init device. cost 22ms

03-30 10:39:14.304 14736 14736 D HomeMate: comm[ main: DeviceUtil.java:953 getEnergyDevices() ] - familyId:ea4205a93f1c46b4a6df9bb391513dd9

03-30 10:39:14.308 14736 14736 D HomeMate: comm[ main: DeviceUtil.java:989 getEnergyDevices() ] - energyRemindDevices:[]

03-30 10:39:14.309 14736 14736 I HomeMate: wei[ main: RoomCommonSceneDao.java:46 selRoomCommonScene() ] - select * from scene inner join roomcommonscene on scene.sceneNo = roomcommonscene.sceneNo where roomcommonscene.userId = ? and roomcommonscene.roomId = ? order by roomcommonscene.sceneSequence ASC

03-30 10:39:14.312 14736 14898 D HomeMate: comm[ NioProcessor-7: CodecDecoder.java:44 doDecode() ] - hd:6864,actualLen:1024

03-30 10:39:14.313 14736 14898 W HomeMate: comm[ NioProcessor-7: CodecDecoder.java:57 doDecode() ] - length is wrong.æ•°æ®çš„æ?»é•¿åº¦Len[2618]ï¼Œå®žé™…æŽ¥æ”¶åˆ°çš„é•¿åº¦actualLenï¼?1024

03-30 10:39:14.313 14736 14898 D HomeMate: comm[ NioProcessor-7: CodecDecoder.java:44 doDecode() ] - hd:6864,actualLen:2618

03-30 10:39:14.320 14736 14736 D HomeMate: comm[ main: RoomImageUtil.java:275 getRoomImagePathByName() ] - RoomImageUtil: getRoomImagePathByName(file.exists == false !)

03-30 10:39:14.327 14736 14736 D HomeMate: comm[ main: HomePagerFragment.java:349 setRoomImage() ] - room:Room{roomId='ea4205a93f1c46b4a6df9bb391513dd9', roomName='é»˜è®¤æˆ¿é—´', floorId='714c9032b3ef488bbfe77bff438d53a4', roomType=0, sequence=0, isDefaultRoom=false, imgUrl='/storage/emulated/0/HomeMate/room/6_thumb'} BaseBo{delFlag=0, updateTime='0', createTime='0', updateTimeSec=0, uid='null', userName='null'}   file.exists()->true

03-30 10:39:14.328 14736 14736 D HomeMate: allen[ main: HomePagerFragment.java:202 onStart() ] - onStart()

03-30 10:39:14.329 14736 14736 D HomeMate: allen[ main: HomePagerFragment.java:208 onResume() ] - onResume()

03-30 10:39:14.331 14736 14736 I HomeMate: comm[ main: BaseRequest.java:118 doRequestAsync() ] - registerEvent: com.orvibo.homemate.device.home.HomeRoomPresenter$1@9227353

03-30 10:39:14.333 14736 14736 D HomeMate: comm[ main: BaseRequest.java:978 saveSerial() ] - Record serial 969194433 on com.orvibo.homemate.device.home.HomeRoomPresenter$1@9227353

03-30 10:39:14.334 14736 14846 D HomeMate: comm[ pool-4-thread-1: MinaSocket.java:139 send() ] - target:server,position:server start request.requestConfig:RequestConfig{state=2, type=0, target=1, requestConf=RequestConf{totalCount=2, intervalTime=3500, lastTimeoutTime=5000}},messageLength:138

03-30 10:39:14.334 14736 14846 D HomeMate: sConnectFutures:{server=org.apache.mina.core.polling.AbstractPollingIoConnector$ConnectionRequest@1cafd9}

03-30 10:39:14.335 14736 14846 I HomeMate: comm[ pool-4-thread-1: CodecEncoder.java:44 encode() ] - encode()-ç¼–ç å®Œæˆ,å‘IP:/192.168.2.242:10001å†™æ•°æ?(138):68,64,00,8a,64,6b,64,43,7b,f8,64,39,35,30,63,63,66,34,33,61,38,32,34,61,65,37,39,30,33,63,30,65,63,65,38,31,66,34,37,33,32,33,79,c5,de,38,25,07,ad,08,94,4a,8e,44,59,58,6c,5e,23,c2,62,f3,be,9b,97,0b,d0,3b,57,4d,67,fc,8a,5a,12,8b,5f,72,ec,4e,dc,27,bc,c2,ef,6b,ec,cf,33,70,ce,51,b2,12,4c,91,0c,f0,3a,c6,4b,16,5b,0d,01,01,de,eb,3a,4c,b0,41,e2,99,19,ab,ab,f7,2b,48,d6,ab,9e,24,ec,dc,3d,11,79,72,f0,b1,16,17,30,84,81,9a

03-30 10:39:14.336 14736 14736 E RecyclerView: No adapter attached; skipping layout

