--------- beginning of main

03-30 10:39:13.045 14736 14838 D HomeMate: comm[ Thread-44454: FileTool.java:65 deleteOldFiles() ] - deleteOldFiles()-fileName:HomeMate_20170321092205.962.txt

03-30 10:39:13.046 14736 14838 D HomeMate: comm[ Thread-44454: FileTool.java:65 deleteOldFiles() ] - deleteOldFiles()-fileName:HomeMate_20170321092115.565.txt

03-30 10:39:13.047 14736 14838 D HomeMate: comm[ Thread-44454: FileTool.java:65 deleteOldFiles() ] - deleteOldFiles()-fileName:HomeMate_20170321092032.386.txt

03-30 10:39:13.047 14736 14838 D HomeMate: comm[ Thread-44454: FileTool.java:65 deleteOldFiles() ] - deleteOldFiles()-fileName:HomeMate_20170321091910.122.txt

03-30 10:39:13.047 14736 14838 D HomeMate: comm[ Thread-44454: FileTool.java:65 deleteOldFiles() ] - deleteOldFiles()-fileName:HomeMate_20170321091809.056.txt

03-30 10:39:13.048 14736 14838 D HomeMate: comm[ Thread-44454: FileTool.java:65 deleteOldFiles() ] - deleteOldFiles()-fileName:HomeMate_20170321091709.054.txt

03-30 10:39:13.048 14736 14838 D HomeMate: comm[ Thread-44454: FileTool.java:65 deleteOldFiles() ] - deleteOldFiles()-fileName:HomeMate_20170321091615.186.txt

03-30 10:39:13.048 14736 14838 D HomeMate: comm[ Thread-44454: FileTool.java:65 deleteOldFiles() ] - deleteOldFiles()-fileName:HomeMate_20170321091510.740.txt

03-30 10:39:13.049 14736 14838 D HomeMate: comm[ Thread-44454: FileTool.java:65 deleteOldFiles() ] - deleteOldFiles()-fileName:HomeMate_20170321091431.082.txt

03-30 10:39:13.049 14736 14838 D HomeMate: comm[ Thread-44454: FileTool.java:65 deleteOldFiles() ] - deleteOldFiles()-fileName:HomeMate_20170321091343.060.txt

03-30 10:39:13.049 14736 14838 D HomeMate: comm[ Thread-44454: FileTool.java:65 deleteOldFiles() ] - deleteOldFiles()-fileName:HomeMate_20170321091239.325.txt

03-30 10:39:13.049 14736 14838 D HomeMate: comm[ Thread-44454: FileTool.java:65 deleteOldFiles() ] - deleteOldFiles()-fileName:HomeMate_20170321091142.902.txt

03-30 10:39:13.050 14736 14838 D HomeMate: comm[ Thread-44454: FileTool.java:65 deleteOldFiles() ] - deleteOldFiles()-fileName:HomeMate_20170321091113.161.txt

03-30 10:39:13.050 14736 14838 D HomeMate: comm[ Thread-44454: FileTool.java:65 deleteOldFiles() ] - deleteOldFiles()-fileName:HomeMate_20170320185334.440.txt

03-30 10:39:13.050 14736 14838 D HomeMate: comm[ Thread-44454: FileTool.java:65 deleteOldFiles() ] - deleteOldFiles()-fileName:HomeMate_20170320185219.049.txt

03-30 10:39:13.051 14736 14838 D HomeMate: comm[ Thread-44454: FileTool.java:65 deleteOldFiles() ] - deleteOldFiles()-fileName:HomeMate_20170320185010.983.txt

03-30 10:39:13.051 14736 14838 D HomeMate: comm[ Thread-44454: FileTool.java:65 deleteOldFiles() ] - deleteOldFiles()-fileName:HomeMate_20170320184926.505.txt

03-30 10:39:13.051 14736 14838 D HomeMate: comm[ Thread-44454: FileTool.java:65 deleteOldFiles() ] - deleteOldFiles()-fileName:HomeMate_20170320184823.782.txt

03-30 10:39:13.052 14736 14838 D HomeMate: comm[ Thread-44454: FileTool.java:65 deleteOldFiles() ] - deleteOldFiles()-fileName:HomeMate_20170320184728.941.txt

03-30 10:39:13.052 14736 14838 D HomeMate: comm[ Thread-44454: FileTool.java:65 deleteOldFiles() ] - deleteOldFiles()-fileName:HomeMate_20170320184631.254.txt

03-30 10:39:13.052 14736 14838 D HomeMate: comm[ Thread-44454: FileTool.java:65 deleteOldFiles() ] - deleteOldFiles()-fileName:HomeMate_20170320184442.680.txt

03-30 10:39:13.052 14736 14838 D HomeMate: comm[ Thread-44454: FileTool.java:65 deleteOldFiles() ] - deleteOldFiles()-fileName:HomeMate_20170320184135.874.txt

03-30 10:39:13.053 14736 14838 D HomeMate: comm[ Thread-44454: FileTool.java:65 deleteOldFiles() ] - deleteOldFiles()-fileName:HomeMate_20170320184122.440.txt

03-30 10:39:13.053 14736 14838 D HomeMate: comm[ Thread-44454: FileTool.java:65 deleteOldFiles() ] - deleteOldFiles()-fileName:HomeMate_20170320184047.267.txt

03-30 10:39:13.053 14736 14838 D HomeMate: comm[ Thread-44454: FileTool.java:65 deleteOldFiles() ] - deleteOldFiles()-fileName:HomeMate_20170320183755.223.txt

03-30 10:39:13.053 14736 14838 D HomeMate: comm[ Thread-44454: FileTool.java:65 deleteOldFiles() ] - deleteOldFiles()-fileName:HomeMate_20170320183719.867.txt

03-30 10:39:13.054 14736 14838 D HomeMate: comm[ Thread-44454: FileTool.java:65 deleteOldFiles() ] - deleteOldFiles()-fileName:HomeMate_20170320183640.397.txt

03-30 10:39:13.054 14736 14838 D HomeMate: comm[ Thread-44454: FileTool.java:65 deleteOldFiles() ] - deleteOldFiles()-fileName:HomeMate_20170320183603.296.txt

03-30 10:39:13.054 14736 14838 D HomeMate: comm[ Thread-44454: FileTool.java:65 deleteOldFiles() ] - deleteOldFiles()-fileName:HomeMate_20170320183504.574.txt

03-30 10:39:13.054 14736 14838 D HomeMate: comm[ Thread-44454: FileTool.java:65 deleteOldFiles() ] - deleteOldFiles()-fileName:HomeMate_20170320183421.381.txt

03-30 10:39:13.055 14736 14838 D HomeMate: comm[ Thread-44454: FileTool.java:65 deleteOldFiles() ] - deleteOldFiles()-fileName:HomeMate_20170320183347.696.txt

03-30 10:39:13.055 14736 14838 D HomeMate: comm[ Thread-44454: FileTool.java:65 deleteOldFiles() ] - deleteOldFiles()-fileName:HomeMate_20170320183305.285.txt

03-30 10:39:13.056 14736 14838 D HomeMate: comm[ Thread-44454: FileTool.java:65 deleteOldFiles() ] - deleteOldFiles()-fileName:HomeMate_20170320183215.146.txt

03-30 10:39:13.056 14736 14838 D HomeMate: comm[ Thread-44454: FileTool.java:65 deleteOldFiles() ] - deleteOldFiles()-fileName:HomeMate_20170320183141.083.txt

03-30 10:39:13.056 14736 14838 D HomeMate: comm[ Thread-44454: FileTool.java:65 deleteOldFiles() ] - deleteOldFiles()-fileName:HomeMate_20170320183105.222.txt

03-30 10:39:13.056 14736 14838 D HomeMate: comm[ Thread-44454: FileTool.java:65 deleteOldFiles() ] - deleteOldFiles()-fileName:HomeMate_20170320183029.156.txt

03-30 10:39:13.057 14736 14838 D HomeMate: comm[ Thread-44454: FileTool.java:65 deleteOldFiles() ] - deleteOldFiles()-fileName:HomeMate_20170320182954.231.txt

03-30 10:39:13.057 14736 14838 D HomeMate: comm[ Thread-44454: FileTool.java:65 deleteOldFiles() ] - deleteOldFiles()-fileName:HomeMate_20170320182855.806.txt

03-30 10:39:13.057 14736 14838 D HomeMate: comm[ Thread-44454: FileTool.java:65 deleteOldFiles() ] - deleteOldFiles()-fileName:HomeMate_20170320182812.412.txt

03-30 10:39:13.057 14736 14838 D HomeMate: comm[ Thread-44454: FileTool.java:65 deleteOldFiles() ] - deleteOldFiles()-fileName:HomeMate_20170320182718.064.txt

03-30 10:39:13.058 14736 14838 D HomeMate: comm[ Thread-44454: FileTool.java:65 deleteOldFiles() ] - deleteOldFiles()-fileName:HomeMate_20170320182630.350.txt

03-30 10:39:13.058 14736 14838 D HomeMate: comm[ Thread-44454: FileTool.java:65 deleteOldFiles() ] - deleteOldFiles()-fileName:HomeMate_20170320182459.122.txt

03-30 10:39:13.058 14736 14838 D HomeMate: comm[ Thread-44454: FileTool.java:65 deleteOldFiles() ] - deleteOldFiles()-fileName:HomeMate_20170320182355.262.txt

03-30 10:39:13.059 14736 14838 D HomeMate: comm[ Thread-44454: FileTool.java:65 deleteOldFiles() ] - deleteOldFiles()-fileName:HomeMate_20170320182251.205.txt

03-30 10:39:13.059 14736 14838 D HomeMate: comm[ Thread-44454: FileTool.java:65 deleteOldFiles() ] - deleteOldFiles()-fileName:HomeMate_20170320182141.084.txt

03-30 10:39:13.059 14736 14838 D HomeMate: comm[ Thread-44454: FileTool.java:65 deleteOldFiles() ] - deleteOldFiles()-fileName:HomeMate_20170320182033.792.txt

03-30 10:39:13.059 14736 14838 D HomeMate: comm[ Thread-44454: FileTool.java:65 deleteOldFiles() ] - deleteOldFiles()-fileName:HomeMate_20170320181949.964.txt

03-30 10:39:13.060 14736 14838 D HomeMate: comm[ Thread-44454: FileTool.java:65 deleteOldFiles() ] - deleteOldFiles()-fileName:HomeMate_20170320181859.735.txt

03-30 10:39:13.060 14736 14838 D HomeMate: comm[ Thread-44454: FileTool.java:65 deleteOldFiles() ] - deleteOldFiles()-fileName:HomeMate_20170320181749.055.txt

03-30 10:39:13.060 14736 14838 D HomeMate: comm[ Thread-44454: FileTool.java:65 deleteOldFiles() ] - deleteOldFiles()-fileName:HomeMate_20170320181647.073.txt

03-30 10:39:13.061 14736 14838 D HomeMate: comm[ Thread-44454: FileTool.java:65 deleteOldFiles() ] - deleteOldFiles()-fileName:HomeMate_20170320181607.612.txt

03-30 10:39:13.061 14736 14838 D HomeMate: comm[ Thread-44454: FileTool.java:65 deleteOldFiles() ] - deleteOldFiles()-fileName:HomeMate_20170320181452.812.txt

03-30 10:39:13.061 14736 14838 D HomeMate: comm[ Thread-44454: FileTool.java:65 deleteOldFiles() ] - deleteOldFiles()-fileName:HomeMate_20170320170017.051.txt

03-30 10:39:13.062 14736 14838 D HomeMate: comm[ Thread-44454: FileTool.java:65 deleteOldFiles() ] - deleteOldFiles()-fileName:HomeMate_20170320165948.184.txt

03-30 10:39:13.062 14736 14838 D HomeMate: comm[ Thread-44454: FileTool.java:65 deleteOldFiles() ] - deleteOldFiles()-fileName:HomeMate_20170320165917.688.txt

03-30 10:39:13.062 14736 14838 D HomeMate: comm[ Thread-44454: FileTool.java:65 deleteOldFiles() ] - deleteOldFiles()-fileName:HomeMate_20170320165847.773.txt

03-30 10:39:13.063 14736 14838 D HomeMate: comm[ Thread-44454: FileTool.java:65 deleteOldFiles() ] - deleteOldFiles()-fileName:HomeMate_20170320165745.017.txt

03-30 10:39:13.064 14736 14838 D HomeMate: comm[ Thread-44454: FileTool.java:65 deleteOldFiles() ] - deleteOldFiles()-fileName:HomeMate_20170320165643.165.txt

03-30 10:39:13.065 14736 14838 D HomeMate: comm[ Thread-44454: FileTool.java:65 deleteOldFiles() ] - deleteOldFiles()-fileName:HomeMate_20170320165606.469.txt

03-30 10:39:13.065 14736 14838 D HomeMate: comm[ Thread-44454: FileTool.java:65 deleteOldFiles() ] - deleteOldFiles()-fileName:HomeMate_20170320165430.641.txt

03-30 10:39:13.065 14736 14838 D HomeMate: comm[ Thread-44454: FileTool.java:65 deleteOldFiles() ] - deleteOldFiles()-fileName:HomeMate_20170320165345.365.txt

03-30 10:39:13.065 14736 14838 D HomeMate: comm[ Thread-44454: FileTool.java:65 deleteOldFiles() ] - deleteOldFiles()-fileName:HomeMate_20170320164447.217.txt

03-30 10:39:13.066 14736 14838 D HomeMate: comm[ Thread-44454: FileTool.java:65 deleteOldFiles() ] - deleteOldFiles()-fileName:HomeMate_20170320164424.993.txt

03-30 10:39:13.066 14736 14838 D HomeMate: comm[ Thread-44454: FileTool.java:65 deleteOldFiles() ] - deleteOldFiles()-fileName:HomeMate_20170320164300.877.txt

03-30 10:39:13.066 14736 14838 D HomeMate: comm[ Thread-44454: FileTool.java:65 deleteOldFiles() ] - deleteOldFiles()-fileName:HomeMate_20170320163951.217.txt

03-30 10:39:13.066 14736 14838 D HomeMate: comm[ Thread-44454: FileTool.java:65 deleteOldFiles() ] - deleteOldFiles()-fileName:HomeMate_20170320163614.810.txt

03-30 10:39:13.067 14736 14838 D HomeMate: comm[ Thread-44454: FileTool.java:65 deleteOldFiles() ] - deleteOldFiles()-fileName:HomeMate_20170320163344.538.txt

03-30 10:39:13.067 14736 14838 D HomeMate: comm[ Thread-44454: FileTool.java:65 deleteOldFiles() ] - deleteOldFiles()-fileName:HomeMate_20170320162727.492.txt

03-30 10:39:13.067 14736 14838 D HomeMate: comm[ Thread-44454: FileTool.java:65 deleteOldFiles() ] - deleteOldFiles()-fileName:HomeMate_20170320161649.184.txt

03-30 10:39:13.068 14736 14838 D HomeMate: comm[ Thread-44454: FileTool.java:65 deleteOldFiles() ] - deleteOldFiles()-fileName:HomeMate_20170320161639.748.txt

03-30 10:39:13.068 14736 14838 D HomeMate: comm[ Thread-44454: FileTool.java:65 deleteOldFiles() ] - deleteOldFiles()-fileName:HomeMate_20170320161552.709.txt

03-30 10:39:13.068 14736 14838 D HomeMate: comm[ Thread-44454: FileTool.java:65 deleteOldFiles() ] - deleteOldFiles()-fileName:HomeMate_20170320161447.464.txt

03-30 10:39:13.068 14736 14838 D HomeMate: comm[ Thread-44454: FileTool.java:65 deleteOldFiles() ] - deleteOldFiles()-fileName:HomeMate_20170320161318.492.txt

03-30 10:39:13.069 14736 14838 D HomeMate: comm[ Thread-44454: FileTool.java:65 deleteOldFiles() ] - deleteOldFiles()-fileName:HomeMate_20170320161211.961.txt

03-30 10:39:13.069 14736 14838 D HomeMate: comm[ Thread-44454: FileTool.java:65 deleteOldFiles() ] - deleteOldFiles()-fileName:HomeMate_20170320161108.468.txt

03-30 10:39:13.069 14736 14838 D HomeMate: comm[ Thread-44454: FileTool.java:65 deleteOldFiles() ] - deleteOldFiles()-fileName:HomeMate_20170320161022.545.txt

03-30 10:39:13.070 14736 14838 D HomeMate: comm[ Thread-44454: FileTool.java:65 deleteOldFiles() ] - deleteOldFiles()-fileName:HomeMate_20170320160852.999.txt

03-30 10:39:13.070 14736 14838 D HomeMate: comm[ Thread-44454: FileTool.java:65 deleteOldFiles() ] - deleteOldFiles()-fileName:HomeMate_20170320160713.844.txt

03-30 10:39:13.070 14736 14838 D HomeMate: comm[ Thread-44454: FileTool.java:65 deleteOldFiles() ] - deleteOldFiles()-fileName:HomeMate_20170320160620.125.txt

03-30 10:39:13.070 14736 14838 D HomeMate: comm[ Thread-44454: FileTool.java:65 deleteOldFiles() ] - deleteOldFiles()-fileName:HomeMate_20170320160236.362.txt

03-30 10:39:13.071 14736 14838 D HomeMate: comm[ Thread-44454: FileTool.java:65 deleteOldFiles() ] - deleteOldFiles()-fileName:HomeMate_20170320160225.529.txt

03-30 10:39:13.071 14736 14838 D HomeMate: comm[ Thread-44454: FileTool.java:65 deleteOldFiles() ] - deleteOldFiles()-fileName:HomeMate_20170320160051.754.txt

03-30 10:39:13.071 14736 14838 D HomeMate: comm[ Thread-44454: FileTool.java:65 deleteOldFiles() ] - deleteOldFiles()-fileName:HomeMate_20170320155907.651.txt

03-30 10:39:13.074 14736 14838 D HomeMate: comm[ Thread-44454: FileTool.java:65 deleteOldFiles() ] - deleteOldFiles()-fileName:HomeMate_20170320155739.667.txt

03-30 10:39:13.075 14736 14838 D HomeMate: comm[ Thread-44454: FileTool.java:65 deleteOldFiles() ] - deleteOldFiles()-fileName:HomeMate_20170320155641.377.txt

03-30 10:39:13.075 14736 14838 D HomeMate: comm[ Thread-44454: FileTool.java:65 deleteOldFiles() ] - deleteOldFiles()-fileName:HomeMate_20170320155554.579.txt

03-30 10:39:13.075 14736 14838 D HomeMate: comm[ Thread-44454: FileTool.java:65 deleteOldFiles() ] - deleteOldFiles()-fileName:HomeMate_20170320155515.668.txt

03-30 10:39:13.075 14736 14838 D HomeMate: comm[ Thread-44454: FileTool.java:65 deleteOldFiles() ] - deleteOldFiles()-fileName:HomeMate_20170320155327.615.txt

03-30 10:39:13.076 14736 14838 D HomeMate: comm[ Thread-44454: FileTool.java:65 deleteOldFiles() ] - deleteOldFiles()-fileName:HomeMate_20170320155223.022.txt

03-30 10:39:13.076 14736 14838 D HomeMate: comm[ Thread-44454: FileTool.java:65 deleteOldFiles() ] - deleteOldFiles()-fileName:HomeMate_20170320155143.409.txt

03-30 10:39:13.076 14736 14838 D HomeMate: comm[ Thread-44454: FileTool.java:65 deleteOldFiles() ] - deleteOldFiles()-fileName:HomeMate_20170320154855.828.txt

03-30 10:39:13.076 14736 14838 D HomeMate: comm[ Thread-44454: FileTool.java:65 deleteOldFiles() ] - deleteOldFiles()-fileName:HomeMate_20170320154811.219.txt

03-30 10:39:13.077 14736 14838 D HomeMate: comm[ Thread-44454: FileTool.java:65 deleteOldFiles() ] - deleteOldFiles()-fileName:HomeMate_20170320154722.335.txt

03-30 10:39:13.077 14736 14838 D HomeMate: comm[ Thread-44454: FileTool.java:65 deleteOldFiles() ] - deleteOldFiles()-fileName:HomeMate_20170320154637.344.txt

03-30 10:39:13.080 14736 14838 D HomeMate: comm[ Thread-44454: FileTool.java:65 deleteOldFiles() ] - deleteOldFiles()-fileName:HomeMate_20170320154528.286.txt

03-30 10:39:13.080 14736 14838 D HomeMate: comm[ Thread-44454: FileTool.java:65 deleteOldFiles() ] - deleteOldFiles()-fileName:HomeMate_20170320154434.623.txt

03-30 10:39:13.081 14736 14838 D HomeMate: comm[ Thread-44454: FileTool.java:65 deleteOldFiles() ] - deleteOldFiles()-fileName:HomeMate_20170320154353.534.txt

03-30 10:39:13.081 14736 14838 D HomeMate: comm[ Thread-44454: FileTool.java:65 deleteOldFiles() ] - deleteOldFiles()-fileName:HomeMate_20170320154303.583.txt

03-30 10:39:13.081 14736 14838 D HomeMate: comm[ Thread-44454: FileTool.java:65 deleteOldFiles() ] - deleteOldFiles()-fileName:HomeMate_20170320154204.435.txt

03-30 10:39:13.082 14736 14838 D HomeMate: comm[ Thread-44454: FileTool.java:65 deleteOldFiles() ] - deleteOldFiles()-fileName:HomeMate_20170320154121.162.txt

03-30 10:39:13.082 14736 14838 D HomeMate: comm[ Thread-44454: FileTool.java:65 deleteOldFiles() ] - deleteOldFiles()-fileName:HomeMate_20170320154035.996.txt

03-30 10:39:13.082 14736 14838 D HomeMate: comm[ Thread-44454: FileTool.java:65 deleteOldFiles() ] - deleteOldFiles()-fileName:HomeMate_20170320153951.232.txt

03-30 10:39:13.083 14736 14838 D HomeMate: comm[ Thread-44454: FileTool.java:65 deleteOldFiles() ] - deleteOldFiles()-fileName:HomeMate_20170320153908.476.txt

03-30 10:39:13.084 14736 14838 D HomeMate: comm[ Thread-44454: FileTool.java:65 deleteOldFiles() ] - deleteOldFiles()-fileName:HomeMate_20170320153738.436.txt

03-30 10:39:13.085 14736 14838 D HomeMate: comm[ Thread-44454: FileTool.java:65 deleteOldFiles() ] - deleteOldFiles()-fileName:HomeMate_20170320153634.946.txt

03-30 10:39:13.085 14736 14838 D HomeMate: comm[ Thread-44454: FileTool.java:65 deleteOldFiles() ] - deleteOldFiles()-fileName:HomeMate_20170320153521.455.txt

03-30 10:39:13.085 14736 14838 D HomeMate: comm[ Thread-44454: FileTool.java:65 deleteOldFiles() ] - deleteOldFiles()-fileName:HomeMate_20170320153433.993.txt

03-30 10:39:13.085 14736 14838 D HomeMate: comm[ Thread-44454: FileTool.java:65 deleteOldFiles() ] - deleteOldFiles()-fileName:HomeMate_20170320153304.394.txt

03-30 10:39:13.086 14736 14838 D HomeMate: comm[ Thread-44454: FileTool.java:65 deleteOldFiles() ] - deleteOldFiles()-fileName:HomeMate_20170320153211.685.txt

03-30 10:39:13.087 14736 14838 D HomeMate: comm[ Thread-44454: FileTool.java:65 deleteOldFiles() ] - deleteOldFiles()-fileName:HomeMate_20170320153103.256.txt

03-30 10:39:13.087 14736 14838 D HomeMate: comm[ Thread-44454: FileTool.java:65 deleteOldFiles() ] - deleteOldFiles()-fileName:HomeMate_20170320152934.434.txt

03-30 10:39:13.088 14736 14838 D HomeMate: comm[ Thread-44454: FileTool.java:65 deleteOldFiles() ] - deleteOldFiles()-fileName:HomeMate_20170320152834.507.txt

03-30 10:39:13.089 14736 14838 D HomeMate: comm[ Thread-44454: FileTool.java:65 deleteOldFiles() ] - deleteOldFiles()-fileName:HomeMate_20170320152721.025.txt

03-30 10:39:13.089 14736 14838 D HomeMate: comm[ Thread-44454: FileTool.java:65 deleteOldFiles() ] - deleteOldFiles()-fileName:HomeMate_20170320152555.728.txt

03-30 10:39:13.089 14736 14838 D HomeMate: comm[ Thread-44454: FileTool.java:65 deleteOldFiles() ] - deleteOldFiles()-fileName:HomeMate_20170320152431.474.txt

03-30 10:39:13.090 14736 14838 D HomeMate: comm[ Thread-44454: FileTool.java:65 deleteOldFiles() ] - deleteOldFiles()-fileName:HomeMate_20170320152332.689.txt

03-30 10:39:13.090 14736 14838 D HomeMate: comm[ Thread-44454: FileTool.java:65 deleteOldFiles() ] - deleteOldFiles()-fileName:HomeMate_20170320152258.952.txt

03-30 10:39:13.091 14736 14838 D HomeMate: comm[ Thread-44454: FileTool.java:65 deleteOldFiles() ] - deleteOldFiles()-fileName:HomeMate_20170320152142.888.txt

03-30 10:39:13.091 14736 14838 D HomeMate: comm[ Thread-44454: FileTool.java:65 deleteOldFiles() ] - deleteOldFiles()-fileName:HomeMate_20170320151946.437.txt

03-30 10:39:13.092 14736 14838 D HomeMate: comm[ Thread-44454: FileTool.java:65 deleteOldFiles() ] - deleteOldFiles()-fileName:HomeMate_20170320151554.448.txt

03-30 10:39:13.092 14736 14838 D HomeMate: comm[ Thread-44454: FileTool.java:65 deleteOldFiles() ] - deleteOldFiles()-fileName:HomeMate_20170320151523.614.txt

03-30 10:39:13.094 14736 14927 D HomeMate: hank[ Thread-44487: FeedBackService.java:94 onSuccess() ] - FeedbackAPI unreadCount:18

03-30 10:39:13.094 14736 14838 D HomeMate: comm[ Thread-44454: FileTool.java:65 deleteOldFiles() ] - deleteOldFiles()-fileName:HomeMate_20170320150915.671.txt

03-30 10:39:13.094 14736 14838 D HomeMate: comm[ Thread-44454: FileTool.java:65 deleteOldFiles() ] - deleteOldFiles()-fileName:HomeMate_20170320150837.047.txt

03-30 10:39:13.094 14736 14838 D HomeMate: comm[ Thread-44454: FileTool.java:65 deleteOldFiles() ] - deleteOldFiles()-fileName:HomeMate_20170320150759.273.txt

03-30 10:39:13.095 14736 14736 D HomeMate: allen[ main: HomeFragment.java:184 onActivityCreated() ] - onActivityCreated()

03-30 10:39:13.097 14736 14736 D HomeMate: comm[ main: HomeFragment.java:185 onActivityCreated() ] - HomeFragment{4f8ad31 #0 id=0x7f0d0299 å®¶}

03-30 10:39:13.097 14736 14838 D HomeMate: comm[ Thread-44454: FileTool.java:65 deleteOldFiles() ] - deleteOldFiles()-fileName:HomeMate_20170320150656.738.txt

03-30 10:39:13.097 14736 14736 D HomeMate: comm[ main: HomeFragment.java:187 onActivityCreated() ] - HomeRefresh

03-30 10:39:13.097 14736 14838 D HomeMate: comm[ Thread-44454: FileTool.java:65 deleteOldFiles() ] - deleteOldFiles()-fileName:HomeMate_20170320150030.361.txt

03-30 10:39:13.098 14736 14736 D HomeMate: comm[ main: HomeRoomPresenter.java:58 init() ] - HomeRefresh

03-30 10:39:13.098 14736 14838 D HomeMate: comm[ Thread-44454: FileTool.java:65 deleteOldFiles() ] - deleteOldFiles()-fileName:HomeMate_20170320145920.657.txt

03-30 10:39:13.098 14736 14838 D HomeMate: comm[ Thread-44454: FileTool.java:65 deleteOldFiles() ] - deleteOldFiles()-fileName:HomeMate_20170320145800.973.txt

03-30 10:39:13.098 14736 14838 D HomeMate: comm[ Thread-44454: FileTool.java:65 deleteOldFiles() ] - deleteOldFiles()-fileName:HomeMate_20170320145724.344.txt

03-30 10:39:13.098 14736 14838 D HomeMate: comm[ Thread-44454: FileTool.java:65 deleteOldFiles() ] - deleteOldFiles()-fileName:HomeMate_20170320145426.163.txt

03-30 10:39:13.099 14736 14838 D HomeMate: comm[ Thread-44454: FileTool.java:65 deleteOldFiles() ] - deleteOldFiles()-fileName:HomeMate_20170320145348.839.txt

03-30 10:39:13.099 14736 14838 D HomeMate: comm[ Thread-44454: FileTool.java:65 deleteOldFiles() ] - deleteOldFiles()-fileName:HomeMate_20170320145257.332.txt

03-30 10:39:13.099 14736 14838 D HomeMate: comm[ Thread-44454: FileTool.java:65 deleteOldFiles() ] - deleteOldFiles()-fileName:HomeMate_20170320145029.607.txt

03-30 10:39:13.100 14736 14838 D HomeMate: comm[ Thread-44454: FileTool.java:65 deleteOldFiles() ] - deleteOldFiles()-fileName:HomeMate_20170320144852.224.txt

03-30 10:39:13.100 14736 14838 D HomeMate: comm[ Thread-44454: FileTool.java:65 deleteOldFiles() ] - deleteOldFiles()-fileName:HomeMate_20170320144844.527.txt

03-30 10:39:13.100 14736 14838 D HomeMate: comm[ Thread-44454: FileTool.java:65 deleteOldFiles() ] - deleteOldFiles()-fileName:HomeMate_20170320144811.030.txt

03-30 10:39:13.100 14736 14838 D HomeMate: comm[ Thread-44454: FileTool.java:65 deleteOldFiles() ] - deleteOldFiles()-fileName:HomeMate_20170320144551.230.txt

03-30 10:39:13.101 14736 14838 D HomeMate: comm[ Thread-44454: FileTool.java:65 deleteOldFiles() ] - deleteOldFiles()-fileName:HomeMate_20170320144429.888.txt

03-30 10:39:13.101 14736 14838 D HomeMate: comm[ Thread-44454: FileTool.java:65 deleteOldFiles() ] - deleteOldFiles()-fileName:HomeMate_20170320144352.248.txt

03-30 10:39:13.101 14736 14838 D HomeMate: comm[ Thread-44454: FileTool.java:65 deleteOldFiles() ] - deleteOldFiles()-fileName:HomeMate_20170320144313.601.txt

03-30 10:39:13.102 14736 14838 D HomeMate: comm[ Thread-44454: FileTool.java:65 deleteOldFiles() ] - deleteOldFiles()-fileName:HomeMate_20170320144213.059.txt

03-30 10:39:13.102 14736 14838 D HomeMate: comm[ Thread-44454: FileTool.java:65 deleteOldFiles() ] - deleteOldFiles()-fileName:HomeMate_20170320144127.254.txt

03-30 10:39:13.102 14736 14838 D HomeMate: comm[ Thread-44454: FileTool.java:65 deleteOldFiles() ] - deleteOldFiles()-fileName:HomeMate_20170320144053.056.txt

03-30 10:39:13.102 14736 14838 D HomeMate: comm[ Thread-44454: FileTool.java:65 deleteOldFiles() ] - deleteOldFiles()-fileName:HomeMate_20170320143945.696.txt

03-30 10:39:13.103 14736 14838 D HomeMate: comm[ Thread-44454: FileTool.java:65 deleteOldFiles() ] - deleteOldFiles()-fileName:HomeMate_20170320143907.413.txt

03-30 10:39:13.103 14736 14838 D HomeMate: comm[ Thread-44454: FileTool.java:65 deleteOldFiles() ] - deleteOldFiles()-fileName:HomeMate_20170320143826.883.txt

03-30 10:39:13.103 14736 14838 D HomeMate: comm[ Thread-44454: FileTool.java:65 deleteOldFiles() ] - deleteOldFiles()-fileName:HomeMate_20170320143747.728.txt

03-30 10:39:13.103 14736 14838 D HomeMate: comm[ Thread-44454: FileTool.java:65 deleteOldFiles() ] - deleteOldFiles()-fileName:HomeMate_20170320143712.229.txt

03-30 10:39:13.104 14736 14838 D HomeMate: comm[ Thread-44454: FileTool.java:65 deleteOldFiles() ] - deleteOldFiles()-fileName:HomeMate_20170320143635.042.txt

03-30 10:39:13.104 14736 14838 D HomeMate: comm[ Thread-44454: FileTool.java:65 deleteOldFiles() ] - deleteOldFiles()-fileName:HomeMate_20170320143557.466.txt

03-30 10:39:13.107 14736 14838 D HomeMate: comm[ Thread-44454: FileTool.java:65 deleteOldFiles() ] - deleteOldFiles()-fileName:HomeMate_20170320143521.506.txt

03-30 10:39:13.108 14736 14838 D HomeMate: comm[ Thread-44454: FileTool.java:65 deleteOldFiles() ] - deleteOldFiles()-fileName:HomeMate_20170320143419.008.txt

03-30 10:39:13.108 14736 14838 D HomeMate: comm[ Thread-44454: FileTool.java:65 deleteOldFiles() ] - deleteOldFiles()-fileName:HomeMate_20170320143335.561.txt

03-30 10:39:13.108 14736 14838 D HomeMate: comm[ Thread-44454: FileTool.java:65 deleteOldFiles() ] - deleteOldFiles()-fileName:HomeMate_20170320143241.771.txt

03-30 10:39:13.109 14736 14838 D HomeMate: comm[ Thread-44454: FileTool.java:65 deleteOldFiles() ] - deleteOldFiles()-fileName:HomeMate_20170320143153.431.txt

03-30 10:39:13.109 14736 14838 D HomeMate: comm[ Thread-44454: FileTool.java:65 deleteOldFiles() ] - deleteOldFiles()-fileName:HomeMate_20170320143111.635.txt

03-30 10:39:13.109 14736 14838 D HomeMate: comm[ Thread-44454: FileTool.java:65 deleteOldFiles() ] - deleteOldFiles()-fileName:HomeMate_20170320142953.823.txt

03-30 10:39:13.110 14736 14838 D HomeMate: comm[ Thread-44454: FileTool.java:65 deleteOldFiles() ] - deleteOldFiles()-fileName:HomeMate_20170320142842.883.txt

03-30 10:39:13.110 14736 14838 D HomeMate: comm[ Thread-44454: FileTool.java:65 deleteOldFiles() ] - deleteOldFiles()-fileName:HomeMate_20170320142758.291.txt

03-30 10:39:13.110 14736 14838 D HomeMate: comm[ Thread-44454: FileTool.java:65 deleteOldFiles() ] - deleteOldFiles()-fileName:HomeMate_20170320142709.240.txt

03-30 10:39:13.113 14736 14838 D HomeMate: comm[ Thread-44454: FileTool.java:65 deleteOldFiles() ] - deleteOldFiles()-fileName:HomeMate_20170320142545.951.txt

03-30 10:39:13.113 14736 14736 D HomeMate: comm[ main: HomeFragment.java:279 onInit() ] - HomeRefresh

03-30 10:39:13.113 14736 14838 D HomeMate: comm[ Thread-44454: FileTool.java:65 deleteOldFiles() ] - deleteOldFiles()-fileName:HomeMate_20170320142507.572.txt

03-30 10:39:13.114 14736 14736 D HomeMate: allen[ main: HomeFragment.java:291 onRefreshFamilies() ] - families:[Family{familyId='ea4205a93f1c46b4a6df9bb391513dd9', pic='', creator='91a31ba24648493aad89636922662c04', familyName='ojrtx', nickname_in_family='null', email='15079034630@126.com', phone='', showIndex=1, isAdmin=1, userid='91a31ba24648493aad89636922662c04', userName=ahdhhddhhd, updateTimeSec=1490841108000} , Family{familyId='7c9d5013119f46a2a89fe662794afe17', pic='', creator='91a31ba24648493aad89636922662c04', familyName='gggy', nickname_in_family='null', email='15079034630@126.com', phone='', showIndex=2, isAdmin=1, userid='91a31ba24648493aad89636922662c04', userName=ahdhhddhhd, updateTimeSec=1490702078000} , Family{familyId='2f2e636022b94e218b3c2f9756c65cc5', pic='http://homemate.orvibo.com/images/family/decd605137a041d3943517d8943621bf.png', creator='91a31ba24648493aad89636922662c04', familyName='f30ow', nickname_in_family='null', email='15079034630@126.com', phone='', showIndex=3, isAdmin=1, userid='91a31ba24648493aad89636922662c04', userName=ahdhhddhhd, updateTimeSec=1490702078000} , Family{familyId='8a1ceb7b78034a539fbebe64efd979fc', pic='http://homemate.orvibo.com/images/family/5d1549631bde4bba877fa28498755239.png', creator='91a31ba24648493aad89636922662c04', familyName='2fa1b', nickname_in_family='null', email='15079034630@126.com', phone='', showIndex=4, isAdmin=1, userid='91a31ba24648493aad89636922662c04', userName=ahdhhddhhd, updateTimeSec=1490702078000} , Family{familyId='dbc10e32ebe547cc932bce19fe63d2c1', pic='http://homemate.orvibo.com/images/family/783967619a144ff182042bce99002bb1.png', creator='91a31ba24648493aad89636922662c04', familyName='iu299', nickname_in_family='null', email='15079034630@126.com', phone='', showIndex=5, isAdmin=1, userid='91a31ba24648493aad89636922662c04', userName=ahdhhddhhd, updateTimeSec=1490702078000} ] selectFamilyPosition:0

03-30 10:39:13.114 14736 14838 D HomeMate: comm[ Thread-44454: FileTool.java:65 deleteOldFiles() ] - deleteOldFiles()-fileName:HomeMate_20170320142432.533.txt

03-30 10:39:13.114 14736 14838 D HomeMate: comm[ Thread-44454: FileTool.java:65 deleteOldFiles() ] - deleteOldFiles()-fileName:HomeMate_20170320141342.258.txt

03-30 10:39:13.114 14736 14838 D HomeMate: comm[ Thread-44454: FileTool.java:65 deleteOldFiles() ] - deleteOldFiles()-fileName:HomeMate_20170320141151.447.txt

03-30 10:39:13.115 14736 14838 D HomeMate: comm[ Thread-44454: FileTool.java:65 deleteOldFiles() ] - deleteOldFiles()-fileName:HomeMate_20170320141118.664.txt

03-30 10:39:13.115 14736 14838 D HomeMate: comm[ Thread-44454: FileTool.java:65 deleteOldFiles() ] - deleteOldFiles()-fileName:HomeMate_20170320140816.349.txt

03-30 10:39:13.115 14736 14838 D HomeMate: comm[ Thread-44454: FileTool.java:65 deleteOldFiles() ] - deleteOldFiles()-fileName:HomeMate_20170320140742.213.txt

03-30 10:39:13.115 14736 14838 D HomeMate: comm[ Thread-44454: FileTool.java:65 deleteOldFiles() ] - deleteOldFiles()-fileName:HomeMate_20170320140709.448.txt

03-30 10:39:13.116 14736 14838 D HomeMate: comm[ Thread-44454: FileTool.java:65 deleteOldFiles() ] - deleteOldFiles()-fileName:HomeMate_20170320140521.556.txt

03-30 10:39:13.116 14736 14838 D HomeMate: comm[ Thread-44454: FileTool.java:65 deleteOldFiles() ] - deleteOldFiles()-fileName:HomeMate_20170320140347.623.txt

03-30 10:39:13.116 14736 14838 D HomeMate: comm[ Thread-44454: FileTool.java:65 deleteOldFiles() ] - deleteOldFiles()-fileName:HomeMate_20170320140309.442.txt

03-30 10:39:13.117 14736 14838 D HomeMate: comm[ Thread-44454: FileTool.java:65 deleteOldFiles() ] - deleteOldFiles()-fileName:HomeMate_20170320140209.126.txt

03-30 10:39:13.117 14736 14838 D HomeMate: comm[ Thread-44454: FileTool.java:65 deleteOldFiles() ] - deleteOldFiles()-fileName:HomeMate_20170320140125.498.txt

03-30 10:39:13.117 14736 14838 D HomeMate: comm[ Thread-44454: FileTool.java:65 deleteOldFiles() ] - deleteOldFiles()-fileName:HomeMate_20170320140027.529.txt

03-30 10:39:13.118 14736 14838 D HomeMate: comm[ Thread-44454: FileTool.java:65 deleteOldFiles() ] - deleteOldFiles()-fileName:HomeMate_20170320135924.534.txt

03-30 10:39:13.118 14736 14838 D HomeMate: comm[ Thread-44454: FileTool.java:65 deleteOldFiles() ] - deleteOldFiles()-fileName:HomeMate_20170320135845.633.txt

03-30 10:39:13.118 14736 14838 D HomeMate: comm[ Thread-44454: FileTool.java:65 deleteOldFiles() ] - deleteOldFiles()-fileName:HomeMate_20170320135806.702.txt

03-30 10:39:13.118 14736 14838 D HomeMate: comm[ Thread-44454: FileTool.java:65 deleteOldFiles() ] - deleteOldFiles()-fileName:HomeMate_20170320135719.424.txt

03-30 10:39:13.119 14736 14838 D HomeMate: comm[ Thread-44454: FileTool.java:65 deleteOldFiles() ] - deleteOldFiles()-fileName:HomeMate_20170320135645.283.txt

03-30 10:39:13.119 14736 14838 D HomeMate: comm[ Thread-44454: FileTool.java:65 deleteOldFiles() ] - deleteOldFiles()-fileName:HomeMate_20170320135609.881.txt

03-30 10:39:13.119 14736 14838 D HomeMate: comm[ Thread-44454: FileTool.java:65 deleteOldFiles() ] - deleteOldFiles()-fileName:HomeMate_20170320135534.784.txt

03-30 10:39:13.120 14736 14838 D HomeMate: comm[ Thread-44454: FileTool.java:65 deleteOldFiles() ] - deleteOldFiles()-fileName:HomeMate_20170320135459.962.txt

03-30 10:39:13.120 14736 14838 D HomeMate: comm[ Thread-44454: FileTool.java:65 deleteOldFiles() ] - deleteOldFiles()-fileName:HomeMate_20170320135401.888.txt

03-30 10:39:13.120 14736 14838 D HomeMate: comm[ Thread-44454: FileTool.java:65 deleteOldFiles() ] - deleteOldFiles()-fileName:HomeMate_20170320135320.093.txt

03-30 10:39:13.120 14736 14838 D HomeMate: comm[ Thread-44454: FileTool.java:65 deleteOldFiles() ] - deleteOldFiles()-fileName:HomeMate_20170320135227.510.txt

03-30 10:39:13.121 14736 14838 D HomeMate: comm[ Thread-44454: FileTool.java:65 deleteOldFiles() ] - deleteOldFiles()-fileName:HomeMate_20170320135139.848.txt

03-30 10:39:13.121 14736 14838 D HomeMate: comm[ Thread-44454: FileTool.java:65 deleteOldFiles() ] - deleteOldFiles()-fileName:HomeMate_20170320135058.188.txt

03-30 10:39:13.121 14736 14838 D HomeMate: comm[ Thread-44454: FileTool.java:65 deleteOldFiles() ] - deleteOldFiles()-fileName:HomeMate_20170320134940.682.txt

03-30 10:39:13.122 14736 14838 D HomeMate: comm[ Thread-44454: FileTool.java:65 deleteOldFiles() ] - deleteOldFiles()-fileName:HomeMate_20170320134832.692.txt

03-30 10:39:13.122 14736 14838 D HomeMate: comm[ Thread-44454: FileTool.java:65 deleteOldFiles() ] - deleteOldFiles()-fileName:HomeMate_20170320134748.333.txt

03-30 10:39:13.122 14736 14838 D HomeMate: comm[ Thread-44454: FileTool.java:65 deleteOldFiles() ] - deleteOldFiles()-fileName:HomeMate_20170320134701.961.txt

03-30 10:39:13.122 14736 14838 D HomeMate: comm[ Thread-44454: FileTool.java:65 deleteOldFiles() ] - deleteOldFiles()-fileName:HomeMate_20170320134551.714.txt

03-30 10:39:13.123 14736 14838 D HomeMate: comm[ Thread-44454: FileTool.java:65 deleteOldFiles() ] - deleteOldFiles()-fileName:HomeMate_20170320134452.058.txt

03-30 10:39:13.123 14736 14838 D HomeMate: comm[ Thread-44454: FileTool.java:65 deleteOldFiles() ] - deleteOldFiles()-fileName:HomeMate_20170320134417.615.txt

03-30 10:39:13.123 14736 14838 D HomeMate: comm[ Thread-44454: FileTool.java:65 deleteOldFiles() ] - deleteOldFiles()-fileName:HomeMate_20170320134304.443.txt

03-30 10:39:13.124 14736 14838 D HomeMate: comm[ Thread-44454: FileTool.java:65 deleteOldFiles() ] - deleteOldFiles()-fileName:HomeMate_20170320134147.805.txt

03-30 10:39:13.124 14736 14838 D HomeMate: comm[ Thread-44454: FileTool.java:65 deleteOldFiles() ] - deleteOldFiles()-fileName:HomeMate_20170320134052.254.txt

03-30 10:39:13.124 14736 14838 D HomeMate: comm[ Thread-44454: FileTool.java:65 deleteOldFiles() ] - deleteOldFiles()-fileName:HomeMate_20170320113614.663.txt

03-30 10:39:13.125 14736 14838 D HomeMate: comm[ Thread-44454: FileTool.java:65 deleteOldFiles() ] - deleteOldFiles()-fileName:HomeMate_20170320111822.930.txt

03-30 10:39:13.125 14736 14838 D HomeMate: comm[ Thread-44454: FileTool.java:65 deleteOldFiles() ] - deleteOldFiles()-fileName:HomeMate_20170320111443.941.txt

03-30 10:39:13.125 14736 14838 D HomeMate: comm[ Thread-44454: FileTool.java:65 deleteOldFiles() ] - deleteOldFiles()-fileName:HomeMate_20170320111320.929.txt

03-30 10:39:13.125 14736 14838 D HomeMate: comm[ Thread-44454: FileTool.java:65 deleteOldFiles() ] - deleteOldFiles()-fileName:HomeMate_20170320110853.273.txt

03-30 10:39:13.126 14736 14838 D HomeMate: comm[ Thread-44454: FileTool.java:65 deleteOldFiles() ] - deleteOldFiles()-fileName:HomeMate_20170320105029.101.txt

03-30 10:39:13.126 14736 14838 D HomeMate: comm[ Thread-44454: FileTool.java:65 deleteOldFiles() ] - deleteOldFiles()-fileName:HomeMate_20170320104915.798.txt

03-30 10:39:13.126 14736 14838 D HomeMate: comm[ Thread-44454: FileTool.java:65 deleteOldFiles() ] - deleteOldFiles()-fileName:HomeMate_20170320104744.789.txt

03-30 10:39:13.127 14736 14838 D HomeMate: comm[ Thread-44454: FileTool.java:65 deleteOldFiles() ] - deleteOldFiles()-fileName:HomeMate_20170320104735.941.txt

03-30 10:39:13.127 14736 14838 D HomeMate: comm[ Thread-44454: FileTool.java:65 deleteOldFiles() ] - deleteOldFiles()-fileName:HomeMate_20170320104705.957.txt

03-30 10:39:13.127 14736 14838 D HomeMate: comm[ Thread-44454: FileTool.java:65 deleteOldFiles() ] - deleteOldFiles()-fileName:HomeMate_20170320104636.816.txt

03-30 10:39:13.127 14736 14838 D HomeMate: comm[ Thread-44454: FileTool.java:65 deleteOldFiles() ] - deleteOldFiles()-fileName:HomeMate_20170320104607.866.txt

03-30 10:39:13.128 14736 14838 D HomeMate: comm[ Thread-44454: FileTool.java:65 deleteOldFiles() ] - deleteOldFiles()-fileName:HomeMate_20170320104538.848.txt

03-30 10:39:13.128 14736 14838 D HomeMate: comm[ Thread-44454: FileTool.java:65 deleteOldFiles() ] - deleteOldFiles()-fileName:HomeMate_20170320104508.845.txt

03-30 10:39:13.128 14736 14838 D HomeMate: comm[ Thread-44454: FileTool.java:65 deleteOldFiles() ] - deleteOldFiles()-fileName:HomeMate_20170320104439.921.txt

03-30 10:39:13.129 14736 14838 D HomeMate: comm[ Thread-44454: FileTool.java:65 deleteOldFiles() ] - deleteOldFiles()-fileName:HomeMate_20170320104409.790.txt

03-30 10:39:13.129 14736 14838 D HomeMate: comm[ Thread-44454: FileTool.java:65 deleteOldFiles() ] - deleteOldFiles()-fileName:HomeMate_20170320104340.982.txt

03-30 10:39:13.129 14736 14838 D HomeMate: comm[ Thread-44454: FileTool.java:65 deleteOldFiles() ] - deleteOldFiles()-fileName:HomeMate_20170320104253.296.txt

03-30 10:39:13.130 14736 14838 D HomeMate: comm[ Thread-44454: FileTool.java:65 deleteOldFiles() ] - deleteOldFiles()-fileName:HomeMate_20170320104019.252.txt

03-30 10:39:13.130 14736 14838 D HomeMate: comm[ Thread-44454: FileTool.java:65 deleteOldFiles() ] - deleteOldFiles()-fileName:HomeMate_20170320103942.933.txt

03-30 10:39:13.130 14736 14838 D HomeMate: comm[ Thread-44454: FileTool.java:65 deleteOldFiles() ] - deleteOldFiles()-fileName:HomeMate_20170320103859.626.txt

03-30 10:39:13.131 14736 14838 D HomeMate: comm[ Thread-44454: FileTool.java:65 deleteOldFiles() ] - deleteOldFiles()-fileName:HomeMate_20170320103819.312.txt

03-30 10:39:13.131 14736 14838 D HomeMate: comm[ Thread-44454: FileTool.java:65 deleteOldFiles() ] - deleteOldFiles()-fileName:HomeMate_20170320103719.127.txt

03-30 10:39:13.131 14736 14838 D HomeMate: comm[ Thread-44454: FileTool.java:65 deleteOldFiles() ] - deleteOldFiles()-fileName:HomeMate_20170320103634.481.txt

03-30 10:39:13.132 14736 14838 D HomeMate: comm[ Thread-44454: FileTool.java:65 deleteOldFiles() ] - deleteOldFiles()-fileName:HomeMate_20170320103559.499.txt

03-30 10:39:13.132 14736 14838 D HomeMate: comm[ Thread-44454: FileTool.java:65 deleteOldFiles() ] - deleteOldFiles()-fileName:HomeMate_20170320103459.257.txt

03-30 10:39:13.132 14736 14838 D HomeMate: comm[ Thread-44454: FileTool.java:65 deleteOldFiles() ] - deleteOldFiles()-fileName:HomeMate_20170320103422.821.txt

03-30 10:39:13.132 14736 14838 D HomeMate: comm[ Thread-44454: FileTool.java:65 deleteOldFiles() ] - deleteOldFiles()-fileName:HomeMate_20170320103341.373.txt

03-30 10:39:13.133 14736 14838 D HomeMate: comm[ Thread-44454: FileTool.java:65 deleteOldFiles() ] - deleteOldFiles()-fileName:HomeMate_20170320103253.927.txt

03-30 10:39:13.133 14736 14838 D HomeMate: comm[ Thread-44454: FileTool.java:65 deleteOldFiles() ] - deleteOldFiles()-fileName:HomeMate_20170320103220.583.txt

03-30 10:39:13.133 14736 14838 D HomeMate: comm[ Thread-44454: FileTool.java:65 deleteOldFiles() ] - deleteOldFiles()-fileName:HomeMate_20170320103144.949.txt

03-30 10:39:13.134 14736 14838 D HomeMate: comm[ Thread-44454: FileTool.java:65 deleteOldFiles() ] - deleteOldFiles()-fileName:HomeMate_20170320103110.467.txt

03-30 10:39:13.134 14736 14838 D HomeMate: comm[ Thread-44454: FileTool.java:65 deleteOldFiles() ] - deleteOldFiles()-fileName:HomeMate_20170320103036.513.txt

03-30 10:39:13.134 14736 14838 D HomeMate: comm[ Thread-44454: FileTool.java:65 deleteOldFiles() ] - deleteOldFiles()-fileName:HomeMate_20170320102938.510.txt

03-30 10:39:13.135 14736 14838 D HomeMate: comm[ Thread-44454: FileTool.java:65 deleteOldFiles() ] - deleteOldFiles()-fileName:HomeMate_20170320102858.298.txt

03-30 10:39:13.135 14736 14838 D HomeMate: comm[ Thread-44454: FileTool.java:65 deleteOldFiles() ] - deleteOldFiles()-fileName:HomeMate_20170320102812.520.txt

03-30 10:39:13.135 14736 14736 D HomeMate: comm[ main: HomeFragment.java:382 doRefreshRooms() ] - HomeRefresh-do refresh

03-30 10:39:13.135 14736 14838 D HomeMate: comm[ Thread-44454: FileTool.java:65 deleteOldFiles() ] - deleteOldFiles()-fileName:HomeMate_20170320102725.344.txt

03-30 10:39:13.135 14736 14838 D HomeMate: comm[ Thread-44454: FileTool.java:65 deleteOldFiles() ] - deleteOldFiles()-fileName:HomeMate_20170320102643.933.txt

03-30 10:39:13.136 14736 14736 D HomeMate: allen[ main: HomeFragment.java:385 doRefreshRooms() ] - rooms:[Room{roomId='ea4205a93f1c46b4a6df9bb391513dd9', roomName='é»˜è®¤æˆ¿é—´', floorId='714c9032b3ef488bbfe77bff438d53a4', roomType=0, sequence=0, isDefaultRoom=false, imgUrl='/storage/emulated/0/HomeMate/room/6_thumb'} BaseBo{delFlag=0, updateTime='0', createTime='0', updateTimeSec=0, uid='null', userName='null'}] selectRoomPosition:0

03-30 10:39:13.136 14736 14838 D HomeMate: comm[ Thread-44454: FileTool.java:65 deleteOldFiles() ] - deleteOldFiles()-fileName:HomeMate_20170320102516.434.txt

03-30 10:39:13.136 14736 14838 D HomeMate: comm[ Thread-44454: FileTool.java:65 deleteOldFiles() ] - deleteOldFiles()-fileName:HomeMate_20170320102409.401.txt

03-30 10:39:13.136 14736 14838 D HomeMate: comm[ Thread-44454: FileTool.java:65 deleteOldFiles() ] - deleteOldFiles()-fileName:HomeMate_20170320102325.783.txt

03-30 10:39:13.137 14736 14838 D HomeMate: comm[ Thread-44454: FileTool.java:65 deleteOldFiles() ] - deleteOldFiles()-fileName:HomeMate_20170320102237.417.txt

03-30 10:39:13.137 14736 14838 D HomeMate: comm[ Thread-44454: FileTool.java:65 deleteOldFiles() ] - deleteOldFiles()-fileName:HomeMate_20170320102129.999.txt

03-30 10:39:13.137 14736 14838 D HomeMate: comm[ Thread-44454: FileTool.java:65 deleteOldFiles() ] - deleteOldFiles()-fileName:HomeMate_20170320102054.904.txt

03-30 10:39:13.137 14736 14838 D HomeMate: comm[ Thread-44454: FileTool.java:65 deleteOldFiles() ] - deleteOldFiles()-fileName:HomeMate_20170320102024.126.txt

03-30 10:39:13.138 14736 14838 D HomeMate: comm[ Thread-44454: FileTool.java:65 deleteOldFiles() ] - deleteOldFiles()-fileName:HomeMate_20170320095301.240.txt

03-30 10:39:13.138 14736 14838 D HomeMate: comm[ Thread-44454: FileTool.java:65 deleteOldFiles() ] - deleteOldFiles()-fileName:HomeMate_20170320095106.824.txt

03-30 10:39:13.138 14736 14838 D HomeMate: comm[ Thread-44454: FileTool.java:65 deleteOldFiles() ] - deleteOldFiles()-fileName:HomeMate_20170320094820.809.txt

03-30 10:39:13.139 14736 14838 D HomeMate: comm[ Thread-44454: FileTool.java:65 deleteOldFiles() ] - deleteOldFiles()-fileName:HomeMate_20170320094302.354.txt

03-30 10:39:13.139 14736 14838 D HomeMate: comm[ Thread-44454: FileTool.java:65 deleteOldFiles() ] - deleteOldFiles()-fileName:HomeMate_20170320094059.163.txt

03-30 10:39:13.139 14736 14838 D HomeMate: comm[ Thread-44454: FileTool.java:65 deleteOldFiles() ] - deleteOldFiles()-fileName:HomeMate_20170317171440.041.txt

03-30 10:39:13.145 14736 14838 D HomeMate: comm[ Thread-44454: FileTool.java:65 deleteOldFiles() ] - deleteOldFiles()-fileName:HomeMate_20170317170456.667.txt

03-30 10:39:13.147 14736 14838 D HomeMate: comm[ Thread-44454: FileTool.java:65 deleteOldFiles() ] - deleteOldFiles()-fileName:HomeMate_20170317170409.954.txt

03-30 10:39:13.147 14736 14838 D HomeMate: comm[ Thread-44454: FileTool.java:65 deleteOldFiles() ] - deleteOldFiles()-fileName:HomeMate_20170317165732.653.txt

03-30 10:39:13.148 14736 14838 D HomeMate: comm[ Thread-44454: FileTool.java:65 deleteOldFiles() ] - deleteOldFiles()-fileName:HomeMate_20170317165721.143.txt

03-30 10:39:13.148 14736 14736 I HomeMate: comm[ main: BaseRequest.java:118 doRequestAsync() ] - registerEvent: com.orvibo.homemate.device.home.HomeRoomPresenter$1@10c9997

03-30 10:39:13.148 14736 14838 D HomeMate: comm[ Thread-44454: FileTool.java:65 deleteOldFiles() ] - deleteOldFiles()-fileName:HomeMate_20170317165550.261.txt

03-30 10:39:13.148 14736 14838 D HomeMate: comm[ Thread-44454: FileTool.java:65 deleteOldFiles() ] - deleteOldFiles()-fileName:HomeMate_20170317165408.606.txt

03-30 10:39:13.148 14736 14838 D HomeMate: comm[ Thread-44454: FileTool.java:65 deleteOldFiles() ] - deleteOldFiles()-fileName:HomeMate_20170317165223.861.txt

03-30 10:39:13.149 14736 14838 D HomeMate: comm[ Thread-44454: FileTool.java:65 deleteOldFiles() ] - deleteOldFiles()-fileName:HomeMate_20170317165053.988.txt

03-30 10:39:13.149 14736 14838 D HomeMate: comm[ Thread-44454: FileTool.java:65 deleteOldFiles() ] - deleteOldFiles()-fileName:HomeMate_20170317164941.648.txt

03-30 10:39:13.150 14736 14736 D HomeMate: comm[ main: BaseRequest.java:978 saveSerial() ] - Record serial 615059999 on com.orvibo.homemate.device.home.HomeRoomPresenter$1@10c9997

03-30 10:39:13.150 14736 14846 D HomeMate: comm[ pool-4-thread-1: MinaSocket.java:139 send() ] - target:server,position:server start request.requestConfig:RequestConfig{state=2, type=0, target=1, requestConf=RequestConf{totalCount=2, intervalTime=3500, lastTimeoutTime=5000}},messageLength:138

03-30 10:39:13.150 14736 14846 D HomeMate: sConnectFutures:{server=org.apache.mina.core.polling.AbstractPollingIoConnector$ConnectionRequest@1cafd9}

03-30 10:39:13.150 14736 14736 D HomeMate: allen[ main: HomeFragment.java:203 onStart() ] - onStart()

03-30 10:39:13.151 14736 14846 I HomeMate: comm[ pool-4-thread-1: CodecEncoder.java:44 encode() ] - encode()-ç¼–ç å®Œæˆ,å‘IP:/192.168.2.242:10001å†™æ•°æ?(138):68,64,00,8a,64,6b,c4,f0,61,c7,64,39,35,30,63,63,66,34,33,61,38,32,34,61,65,37,39,30,33,63,30,65,63,65,38,31,66,34,37,33,32,33,79,c5,de,38,25,07,ad,08,94,4a,8e,44,59,58,6c,5e,23,c2,62,f3,be,9b,97,0b,d0,3b,57,4d,67,fc,8a,5a,12,8b,5f,72,ec,4e,dc,27,bc,c2,ef,6b,ec,cf,33,70,ce,51,b2,12,4c,91,0c,f0,3a,c6,4b,16,5b,0d,01,01,e0,69,19,aa,23,94,34,ee,42,d4,41,10,e7,47,13,92,9e,24,ec,dc,3d,11,79,72,f0,b1,16,17,30,84,81,9a

03-30 10:39:13.152 14736 14846 D HomeMate: comm[ pool-4-thread-1: MinaSocket.java:157 send() ] - isWritten:true,ioSession:(0x00000001: nio socket, client, /192.168.56.181:46856 => /192.168.2.242:10001)

03-30 10:39:13.152 14736 14846 V HomeMate: comm[ pool-4-thread-1: BaseRequest.java:180 onAsyncTick() ] - Send command:Command{

03-30 10:39:13.152 14736 14846 V HomeMate: uid='server'

03-30 10:39:13.152 14736 14846 V HomeMate: serial=615059999

03-30 10:39:13.152 14736 14846 V HomeMate: cmd=201

03-30 10:39:13.152 14736 14846 V HomeMate: crc='C4F061C7'

03-30 10:39:13.152 14736 14846 V HomeMate: requestConfig=RequestConfig{state=2, type=0, target=1, requestConf=RequestConf{totalCount=2, intervalTime=3500, lastTimeoutTime=5000}}

03-30 10:39:13.152 14736 14846 V HomeMate: jsonObject={"userId":"91a31ba24648493aad89636922662c04","cmd":201,"serial":615059999,"ver":"2.3.0"}}

03-30 10:39:13.154 14736 14838 D HomeMate: comm[ Thread-44454: FileTool.java:65 deleteOldFiles() ] - deleteOldFiles()-fileName:HomeMate_20170317164819.418.txt

03-30 10:39:13.154 14736 14838 D HomeMate: comm[ Thread-44454: FileTool.java:65 deleteOldFiles() ] - deleteOldFiles()-fileName:HomeMate_20170317164724.506.txt

03-30 10:39:13.155 14736 14838 D HomeMate: comm[ Thread-44454: FileTool.java:65 deleteOldFiles() ] - deleteOldFiles()-fileName:HomeMate_20170317164626.235.txt

03-30 10:39:13.155 14736 14838 D HomeMate: comm[ Thread-44454: FileTool.java:65 deleteOldFiles() ] - deleteOldFiles()-fileName:HomeMate_20170317164513.012.txt

03-30 10:39:13.155 14736 14838 D HomeMate: comm[ Thread-44454: FileTool.java:65 deleteOldFiles() ] - deleteOldFiles()-fileName:HomeMate_20170317164410.738.txt

03-30 10:39:13.155 14736 14838 D HomeMate: comm[ Thread-44454: FileTool.java:65 deleteOldFiles() ] - deleteOldFiles()-fileName:HomeMate_20170317164319.351.txt

03-30 10:39:13.156 14736 14838 D HomeMate: comm[ Thread-44454: FileTool.java:65 deleteOldFiles() ] - deleteOldFiles()-fileName:HomeMate_20170317164225.244.txt

03-30 10:39:13.156 14736 14838 D HomeMate: comm[ Thread-44454: FileTool.java:65 deleteOldFiles() ] - deleteOldFiles()-fileName:HomeMate_20170317164018.472.txt

03-30 10:39:13.156 14736 14838 D HomeMate: comm[ Thread-44454: FileTool.java:65 deleteOldFiles() ] - deleteOldFiles()-fileName:HomeMate_20170317163923.309.txt

03-30 10:39:13.157 14736 14838 D HomeMate: comm[ Thread-44454: FileTool.java:65 deleteOldFiles() ] - deleteOldFiles()-fileName:HomeMate_20170317163721.905.txt

03-30 10:39:13.157 14736 14838 D HomeMate: comm[ Thread-44454: FileTool.java:65 deleteOldFiles() ] - deleteOldFiles()-fileName:HomeMate_20170317163559.922.txt

03-30 10:39:13.157 14736 14838 D HomeMate: comm[ Thread-44454: FileTool.java:65 deleteOldFiles() ] - deleteOldFiles()-fileName:HomeMate_20170317163437.836.txt

03-30 10:39:13.157 14736 14838 D HomeMate: comm[ Thread-44454: FileTool.java:65 deleteOldFiles() ] - deleteOldFiles()-fileName:HomeMate_20170317163349.368.txt

03-30 10:39:13.158 14736 14838 D HomeMate: comm[ Thread-44454: FileTool.java:65 deleteOldFiles() ] - deleteOldFiles()-fileName:HomeMate_20170317163307.113.txt

03-30 10:39:13.158 14736 14838 D HomeMate: comm[ Thread-44454: FileTool.java:65 deleteOldFiles() ] - deleteOldFiles()-fileName:HomeMate_20170317163224.683.txt

03-30 10:39:13.158 14736 14838 D HomeMate: comm[ Thread-44454: FileTool.java:65 deleteOldFiles() ] - deleteOldFiles()-fileName:HomeMate_20170317163122.240.txt

03-30 10:39:13.159 14736 14838 D HomeMate: comm[ Thread-44454: FileTool.java:65 deleteOldFiles() ] - deleteOldFiles()-fileName:HomeMate_20170317163036.532.txt

03-30 10:39:13.159 14736 14838 D HomeMate: comm[ Thread-44454: FileTool.java:65 deleteOldFiles() ] - deleteOldFiles()-fileName:HomeMate_20170317162959.614.txt

03-30 10:39:13.159 14736 14838 D HomeMate: comm[ Thread-44454: FileTool.java:65 deleteOldFiles() ] - deleteOldFiles()-fileName:HomeMate_20170317162853.482.txt

