03-30 10:39:28.616  6151  6186 I octvm_klo: 	itval.it_interval.tv_sec 1, itval.it_interval.tv_nsec 0

03-30 10:39:28.616  6151  6186 I octvm_klo: 	itval.it_value.tv_sec 0, itval.it_value.tv_nsec 999997188

03-30 10:39:29.449   379   493 I ThermalEngine: Sensor:batt_temp:355 mC

03-30 10:39:29.616  6151  6186 I octvm_klo: read wakeups from wakealarm_fd:1

03-30 10:39:29.616  6151  6186 I octvm_klo: new timerfd interval:

03-30 10:39:29.616  6151  6186 I octvm_klo: 	itval.it_interval.tv_sec 1, itval.it_interval.tv_nsec 0

03-30 10:39:29.616  6151  6186 I octvm_klo: 	itval.it_value.tv_sec 0, itval.it_value.tv_nsec 999992344

03-30 10:39:29.822  3745  3745 D wpa_supplicant: wlan0: Control interface command 'SIGNAL_POLL'

03-30 10:39:29.836  3745  3745 D wpa_supplicant: CTRL-DEBUG: global_ctrl_sock-sendto: sock=11 sndbuf=163840 outq=0 send_len=49

03-30 10:39:30.345 14736 14776 W System.err: æ— æ³•è®¿é—®æˆ–ç½‘ç»œä¸ç¨³å®š

03-30 10:39:30.346 14736 14776 W System.err: 	at com.danale.video.sdk.http.impl.apache.ApacheHttpClient.readDataWithRetriesAndReportDanaleError(Unknown Source)

03-30 10:39:30.346 14736 14776 W System.err: 	at com.danale.video.sdk.http.impl.apache.ApacheHttpClient.execute(Unknown Source)

03-30 10:39:30.346 14736 14776 W System.err: 	at com.danale.video.sdk.utils.DnsAnalysisUtil.dnsAnalysisByDanale(Unknown Source)

03-30 10:39:30.346 14736 14776 W System.err: 	at com.danale.video.sdk.platform.entity.Session$7.doInBackground(Unknown Source)

03-30 10:39:30.346 14736 14776 W System.err: 	at com.danale.video.sdk.platform.entity.Session$7.doInBackground(Unknown Source)

03-30 10:39:30.346 14736 14776 W System.err: 	at com.danale.video.sdk.async.AsyncTask$2.call(Unknown Source)

03-30 10:39:30.346 14736 14776 W System.err: 	at java.util.concurrent.FutureTask.run(FutureTask.java:237)

03-30 10:39:30.347 14736 14776 W System.err: 	at java.util.concurrent.ThreadPoolExecutor.runWorker(ThreadPoolExecutor.java:1113)

03-30 10:39:30.347 14736 14776 W System.err: 	at java.util.concurrent.ThreadPoolExecutor$Worker.run(ThreadPoolExecutor.java:588)

03-30 10:39:30.347 14736 14776 W System.err: 	at java.lang.Thread.run(Thread.java:818)

03-30 10:39:30.347 14736 14776 W System.err: Caused by: org.apache.http.conn.ConnectTimeoutException: Connect to /54.93.73.119:443 timed out

03-30 10:39:30.348 14736 14776 W System.err: 	at org.apache.http.conn.scheme.PlainSocketFactory.connectSocket(PlainSocketFactory.java:126)

03-30 10:39:30.348 14736 14776 W System.err: 	at org.apache.http.impl.conn.DefaultClientConnectionOperator.openConnection(DefaultClientConnectionOperator.java:149)

03-30 10:39:30.348 14736 14776 W System.err: 	at org.apache.http.impl.conn.AbstractPoolEntry.open(AbstractPoolEntry.java:169)

03-30 10:39:30.348 14736 14776 W System.err: 	at org.apache.http.impl.conn.AbstractPooledConnAdapter.open(AbstractPooledConnAdapter.java:124)

03-30 10:39:30.348 14736 14776 W System.err: 	at org.apache.http.impl.client.DefaultRequestDirector.execute(DefaultRequestDirector.java:370)

03-30 10:39:30.349 14736 14776 W System.err: 	at org.apache.http.impl.client.AbstractHttpClient.execute(AbstractHttpClient.java:560)

03-30 10:39:30.360 14736 14776 W System.err: 	at org.apache.http.impl.client.AbstractHttpClient.execute(AbstractHttpClient.java:492)

03-30 10:39:30.360 14736 14776 W System.err: 	at org.apache.http.impl.client.AbstractHttpClient.execute(AbstractHttpClient.java:470)

03-30 10:39:30.360 14736 14776 W System.err: 	at com.danale.video.sdk.http.impl.apache.ApacheHttpClient.readDataWithRetriesAndReportDanaleError(Unknown Source)

03-30 10:39:30.360 14736 14776 W System.err: 	... 9 more

03-30 10:39:30.451   379   493 I ThermalEngine: Sensor:batt_temp:355 mC

03-30 10:39:30.616  6151  6186 I octvm_klo: read wakeups from wakealarm_fd:1

03-30 10:39:30.616  6151  6186 I octvm_klo: new timerfd interval:

03-30 10:39:30.616  6151  6186 I octvm_klo: 	itval.it_interval.tv_sec 1, itval.it_interval.tv_nsec 0

03-30 10:39:30.616  6151  6186 I octvm_klo: 	itval.it_value.tv_sec 0, itval.it_value.tv_nsec 999997083

03-30 10:39:31.452   379   493 I ThermalEngine: Sensor:batt_temp:355 mC

03-30 10:39:31.616  6151  6186 I octvm_klo: read wakeups from wakealarm_fd:1

03-30 10:39:31.616  6151  6186 I octvm_klo: new timerfd interval:

03-30 10:39:31.616  6151  6186 I octvm_klo: 	itval.it_interval.tv_sec 1, itval.it_interval.tv_nsec 0

03-30 10:39:31.616  6151  6186 I octvm_klo: 	itval.it_value.tv_sec 0, itval.it_value.tv_nsec 999997291

03-30 10:39:32.453   379   493 I ThermalEngine: Sensor:batt_temp:355 mC

03-30 10:39:32.519 25810 25810 W AppWatcher: type=1400 audit(0.0:55199859): avc: denied { getattr } for path="/proc/opalum-temp-calib" dev="proc" ino=4026534631 scontext=u:r:untrusted_app:s0:c512,c768 tcontext=u:object_r:proc_opalum:s0 tclass=file permissive=0

03-30 10:39:32.529 25810 25810 W AppWatcher: type=1400 audit(0.0:55199860): avc: denied { getattr } for path="/proc/opalum-f0-calib" dev="proc" ino=4026534630 scontext=u:r:untrusted_app:s0:c512,c768 tcontext=u:object_r:proc_opalum:s0 tclass=file permissive=0

03-30 10:39:32.529 25810 25810 W AppWatcher: type=1400 audit(0.0:55199861): avc: denied { getattr } for path="/proc/sysrq-trigger" dev="proc" ino=4026533735 scontext=u:r:untrusted_app:s0:c512,c768 tcontext=u:object_r:proc_sysrq:s0 tclass=file permissive=0

03-30 10:39:32.561 13762 13845 W IdleConnectionHandler: Removing a connection that never existed!

03-30 10:39:32.559 25810 25810 W AppWatcher: type=1400 audit(0.0:55199862): avc: denied { getattr } for path="/proc/1" dev="proc" ino=11921139 scontext=u:r:untrusted_app:s0:c512,c768 tcontext=u:r:init:s0 tclass=dir permissive=0

03-30 10:39:32.559 25810 25810 W AppWatcher: type=1400 audit(0.0:55199863): avc: denied { getattr } for path="/proc/2" dev="proc" ino=11961941 scontext=u:r:untrusted_app:s0:c512,c768 tcontext=u:r:kernel:s0 tclass=dir permissive=0

03-30 10:39:32.559 25810 25810 W AppWatcher: type=1400 audit(0.0:55199864): avc: denied { getattr } for path="/proc/3" dev="proc" ino=11961942 scontext=u:r:untrusted_app:s0:c512,c768 tcontext=u:r:kernel:s0 tclass=dir permissive=0

03-30 10:39:32.559 25810 25810 W AppWatcher: type=1400 audit(0.0:55199865): avc: denied { getattr } for path="/proc/6" dev="proc" ino=11961943 scontext=u:r:untrusted_app:s0:c512,c768 tcontext=u:r:kernel:s0 tclass=dir permissive=0

03-30 10:39:32.569 25810 25810 W AppWatcher: type=1400 audit(0.0:55199866): avc: denied { getattr } for path="/proc/7" dev="proc" ino=11961944 scontext=u:r:untrusted_app:s0:c512,c768 tcontext=u:r:kernel:s0 tclass=dir permissive=0

03-30 10:39:32.579 25810 25810 W AppWatcher: type=1400 audit(0.0:55199867): avc: denied { getattr } for path="/proc/8" dev="proc" ino=11961945 scontext=u:r:untrusted_app:s0:c512,c768 tcontext=u:r:kernel:s0 tclass=dir permissive=0

03-30 10:39:32.579 25810 25810 W AppWatcher: type=1400 audit(0.0:55199868): avc: denied { getattr } for path="/proc/21" dev="proc" ino=11961946 scontext=u:r:untrusted_app:s0:c512,c768 tcontext=u:r:kernel:s0 tclass=dir permissive=0

03-30 10:39:32.589 25810 25810 W AppWatcher: type=1400 audit(0.0:55199869): avc: denied { getattr } for path="/proc/22" dev="proc" ino=11961947 scontext=u:r:untrusted_app:s0:c512,c768 tcontext=u:r:kernel:s0 tclass=dir permissive=0

03-30 10:39:32.589 25810 25810 W AppWatcher: type=1400 audit(0.0:55199870): avc: denied { getattr } for path="/proc/28" dev="proc" ino=11961948 scontext=u:r:untrusted_app:s0:c512,c768 tcontext=u:r:kernel:s0 tclass=dir permissive=0

03-30 10:39:32.589 25810 25810 W AppWatcher: type=1400 audit(0.0:55199871): avc: denied { getattr } for path="/proc/29" dev="proc" ino=11961949 scontext=u:r:untrusted_app:s0:c512,c768 tcontext=u:r:kernel:s0 tclass=dir permissive=0

03-30 10:39:32.589 25810 25810 W AppWatcher: type=1400 audit(0.0:55199872): avc: denied { getattr } for path="/proc/30" dev="proc" ino=11961950 scontext=u:r:untrusted_app:s0:c512,c768 tcontext=u:r:kernel:s0 tclass=dir permissive=0

03-30 10:39:32.599 25810 25810 W AppWatcher: type=1400 audit(0.0:55199873): avc: denied { getattr } for path="/proc/32" dev="proc" ino=11961951 scontext=u:r:untrusted_app:s0:c512,c768 tcontext=u:r:kernel:s0 tclass=dir permissive=0

03-30 10:39:32.599 25810 25810 W AppWatcher: type=1400 audit(0.0:55199874): avc: denied { getattr } for path="/proc/33" dev="proc" ino=11961952 scontext=u:r:untrusted_app:s0:c512,c768 tcontext=u:r:kernel:s0 tclass=dir permissive=0

03-30 10:39:32.599 25810 25810 W AppWatcher: type=1400 audit(0.0:55199875): avc: denied { getattr } for path="/proc/34" dev="proc" ino=11961953 scontext=u:r:untrusted_app:s0:c512,c768 tcontext=u:r:kernel:s0 tclass=dir permissive=0

03-30 10:39:32.599 25810 25810 W AppWatcher: type=1400 audit(0.0:55199876): avc: denied { getattr } for path="/proc/61" dev="proc" ino=11961954 scontext=u:r:untrusted_app:s0:c512,c768 tcontext=u:r:kernel:s0 tclass=dir permissive=0

03-30 10:39:32.599 25810 25810 W AppWatcher: type=1400 audit(0.0:55199877): avc: denied { getattr } for path="/proc/62" dev="proc" ino=11961955 scontext=u:r:untrusted_app:s0:c512,c768 tcontext=u:r:kernel:s0 tclass=dir permissive=0

03-30 10:39:32.599 25810 25810 W AppWatcher: type=1400 audit(0.0:55199878): avc: denied { getattr } for path="/proc/63" dev="proc" ino=11961956 scontext=u:r:untrusted_app:s0:c512,c768 tcontext=u:r:kernel:s0 tclass=dir permissive=0

03-30 10:39:32.618  6151  6186 I octvm_klo: read wakeups from wakealarm_fd:1

03-30 10:39:32.618  6151  6186 I octvm_klo: new timerfd interval:

03-30 10:39:32.618  6151  6186 I octvm_klo: 	itval.it_interval.tv_sec 1, itval.it_interval.tv_nsec 0

03-30 10:39:32.618  6151  6186 I octvm_klo: 	itval.it_value.tv_sec 0, itval.it_value.tv_nsec 999997604

03-30 10:39:32.849  3745  3745 D wpa_supplicant: wlan0: Control interface command 'SIGNAL_POLL'

03-30 10:39:32.851  3745  3745 D wpa_supplicant: CTRL-DEBUG: global_ctrl_sock-sendto: sock=11 sndbuf=163840 outq=0 send_len=49

03-30 10:39:33.455   379   493 I ThermalEngine: Sensor:batt_temp:355 mC

03-30 10:39:33.618  6151  6186 I octvm_klo: read wakeups from wakealarm_fd:1

03-30 10:39:33.618  6151  6186 I octvm_klo: new timerfd interval:

03-30 10:39:33.618  6151  6186 I octvm_klo: 	itval.it_interval.tv_sec 1, itval.it_interval.tv_nsec 0

03-30 10:39:33.618  6151  6186 I octvm_klo: 	itval.it_value.tv_sec 0, itval.it_value.tv_nsec 999997605

03-30 10:39:34.456   379   493 I ThermalEngine: Sensor:batt_temp:355 mC

03-30 10:39:34.487  4116  4556 I XiaomiFirewall: firewall pkgName:com.orvibo.homemate, result:0x0

03-30 10:39:34.618  6151  6186 I octvm_klo: read wakeups from wakealarm_fd:1

03-30 10:39:34.618  6151  6186 I octvm_klo: new timerfd interval:

03-30 10:39:34.618  6151  6186 I octvm_klo: 	itval.it_interval.tv_sec 1, itval.it_interval.tv_nsec 0

03-30 10:39:34.618  6151  6186 I octvm_klo: 	itval.it_value.tv_sec 0, itval.it_value.tv_nsec 999994271

03-30 10:39:35.430 14736 14812 D UTAnalytics:CommitTask: pid:14736 check&commit event:65501,

03-30 10:39:35.431 14736 14812 D UTAnalytics:CommitTask: pid:14736 next:65501,

03-30 10:39:35.431 14736 14812 D UTAnalytics:CommitTask: pid:14736 check&commit event:65502,

03-30 10:39:35.431 14736 14812 D UTAnalytics:CommitTask: pid:14736 next:65502,

03-30 10:39:35.431 14736 14812 D UTAnalytics:CommitTask: pid:14736 check&commit event:65503,

03-30 10:39:35.431 14736 14812 D UTAnalytics:CommitTask: pid:14736 next:65503,

03-30 10:39:35.457   379   493 I ThermalEngine: Sensor:batt_temp:355 mC

03-30 10:39:35.620  6151  6186 I octvm_klo: read wakeups from wakealarm_fd:1

03-30 10:39:35.620  6151  6186 I octvm_klo: new timerfd interval:

03-30 10:39:35.620  6151  6186 I octvm_klo: 	itval.it_interval.tv_sec 1, itval.it_interval.tv_nsec 0

03-30 10:39:35.620  6151  6186 I octvm_klo: 	itval.it_value.tv_sec 0, itval.it_value.tv_nsec 999996979

03-30 10:39:35.858  3745  3745 D wpa_supplicant: wlan0: Control interface command 'SIGNAL_POLL'

03-30 10:39:35.873  3745  3745 D wpa_supplicant: CTRL-DEBUG: global_ctrl_sock-sendto: sock=11 sndbuf=163840 outq=0 send_len=49

03-30 10:39:36.459   379   493 I ThermalEngine: Sensor:batt_temp:355 mC

03-30 10:39:36.621  6151  6186 I octvm_klo: read wakeups from wakealarm_fd:1

03-30 10:39:36.621  6151  6186 I octvm_klo: new timerfd interval:

03-30 10:39:36.621  6151  6186 I octvm_klo: 	itval.it_interval.tv_sec 1, itval.it_interval.tv_nsec 0

03-30 10:39:36.621  6151  6186 I octvm_klo: 	itval.it_value.tv_sec 0, itval.it_value.tv_nsec 999997240

03-30 10:39:36.718   379   472 I ThermalEngine: Sensor:tsens_tz_sensor5:56000 mC

03-30 10:39:36.719   379   516 I ThermalEngine: Sensor:tsens_tz_sensor5:56000 mC

03-30 10:39:36.719   379   516 I ThermalEngine: TM Id 'CPU0_MONITOR' Sensor 'cpu0' - alarm raised 1 at 56.0 degC

03-30 10:39:36.719   379   516 I ThermalEngine: ACTION: CPU - Setting CPU[0] to 1728000

03-30 10:39:36.720   379   516 I ThermalEngine: Mitigation:CPU[0]:1728000 Khz

03-30 10:39:36.720   379   516 I ThermalEngine: ACTION: CPU - Setting CPU[1] to 1728000

03-30 10:39:36.720   379   516 E ThermalEngine: Failed to set desired CPU[1] frequency limit to 1728000

03-30 10:39:36.720   379   516 I ThermalEngine: ACTION: CPU - Setting CPU[2] to 1728000

03-30 10:39:36.720   379   516 E ThermalEngine: Failed to set desired CPU[2] frequency limit to 1728000

03-30 10:39:36.720   379   516 I ThermalEngine: ACTION: CPU - Setting CPU[3] to 1728000

03-30 10:39:36.720   379   516 I ThermalEngine: Mitigation:CPU[3]:1728000 Khz

03-30 10:39:37.168   379   472 I ThermalEngine: Sensor:tsens_tz_sensor5:49000 mC

03-30 10:39:37.169   379   516 I ThermalEngine: Sensor:tsens_tz_sensor5:49000 mC

03-30 10:39:37.169   379   516 I ThermalEngine: TM Id 'CPU0_MONITOR' Sensor 'cpu0' - alarm cleared 1 at 49.0 degC

03-30 10:39:37.169   379   516 I ThermalEngine: ACTION: CPU - Setting CPU[0] to 2457600

03-30 10:39:37.170   379   516 I ThermalEngine: Mitigation:CPU[0]:2457600 Khz

03-30 10:39:37.170   379   516 I ThermalEngine: ACTION: CPU - Setting CPU[1] to 2457600

03-30 10:39:37.170   379   516 E ThermalEngine: Failed to set desired CPU[1] frequency limit to 2457600

03-30 10:39:37.170   379   516 I ThermalEngine: ACTION: CPU - Setting CPU[2] to 2457600

03-30 10:39:37.170   379   516 E ThermalEngine: Failed to set desired CPU[2] frequency limit to 2457600

03-30 10:39:37.170   379   516 I ThermalEngine: ACTION: CPU - Setting CPU[3] to 2457600

03-30 10:39:37.170   379   516 I ThermalEngine: Mitigation:CPU[3]:2457600 Khz

03-30 10:39:37.460   379   493 I ThermalEngine: Sensor:batt_temp:355 mC

03-30 10:39:37.463 15168 15168 D AndroidRuntime: >>>>>> START com.android.internal.os.RuntimeInit uid 10098 <<<<<<

03-30 10:39:37.475 15168 15168 D AndroidRuntime: CheckJNI is OFF

03-30 10:39:37.552 15168 15168 D ICU     : No timezone override file found: /data/misc/zoneinfo/current/icu/icu_tzdata.dat

03-30 10:39:37.621  6151  6186 I octvm_klo: read wakeups from wakealarm_fd:1

03-30 10:39:37.621  6151  6186 I octvm_klo: new timerfd interval:

03-30 10:39:37.621  6151  6186 I octvm_klo: 	itval.it_interval.tv_sec 1, itval.it_interval.tv_nsec 0

03-30 10:39:37.621  6151  6186 I octvm_klo: 	itval.it_value.tv_sec 0, itval.it_value.tv_nsec 999996927

03-30 10:39:37.665 15168 15168 I Radio-JNI: register_android_hardware_Radio DONE

03-30 10:39:37.709 15168 15168 D AndroidRuntime: Calling main entry com.android.commands.am.Am

03-30 10:39:37.731 15168 15168 D AndroidRuntime: Shutting down VM

03-30 10:39:37.795  4229  4367 W WtProcessController: do not trim { PackageName :com.orvibo.homemate Pid: 14736 Uid: 10143 Start by: activity Score:50 Old score:50 state:0 mBackgroundTimeInMillis:1490841557283 WakelockCount:0 wakelogsize:0  ActivityDestroied:false Activity size: 2 PackageInfo:{WhetstonePackageInfo#PacakgeName:com.orvibo.homemate uid:10143 uiMemoryThresold:0 nonUiMemoryThresold:0 Flag:1073745984,0x40001040 [,TRIMHEAPS,FLAG_DEAL_SCHEDULE] Type:64[,AUTO_START] } tasknum:17521}

03-30 10:39:37.844  4229  4367 W WtProcessController: do not trim { PackageName :com.miui.home Pid: 4268 Uid: 10019 Start by: unknown Score:50 Old score:50 state:0 mBackgroundTimeInMillis:1490841548711 WakelockCount:0 wakelogsize:0  ActivityDestroied:false Activity size: 1 PackageInfo:{WhetstonePackageInfo#PacakgeName:com.miui.home uid:10019 uiMemoryThresold:0 nonUiMemoryThresold:0 Flag:-2147483392,0x80000100 [,APP_SYSTEM] Type:0[] } tasknum:17520}

03-30 10:39:37.900  4229  4367 W WtProcessController: do not trim { PackageName :com.orvibo.homemate Pid: 14841 Uid: 10143 Start by: service Score:50 Old score:50 state:0 mBackgroundTimeInMillis:1490841557284 WakelockCount:0 wakelogsize:0  ActivityDestroied:false Activity size: 0 PackageInfo:{WhetstonePackageInfo#PacakgeName:com.orvibo.homemate uid:10143 uiMemoryThresold:0 nonUiMemoryThresold:0 Flag:1073745984,0x40001040 [,TRIMHEAPS,FLAG_DEAL_SCHEDULE] Type:64[,AUTO_START] } tasknum:-1}

03-30 10:39:38.462   379   493 I ThermalEngine: Sensor:batt_temp:355 mC

03-30 10:39:38.622  6151  6186 I octvm_klo: read wakeups from wakealarm_fd:1

03-30 10:39:38.622  6151  6186 I octvm_klo: new timerfd interval:

03-30 10:39:38.622  6151  6186 I octvm_klo: 	itval.it_interval.tv_sec 1, itval.it_interval.tv_nsec 0

03-30 10:39:38.622  6151  6186 I octvm_klo: 	itval.it_value.tv_sec 0, itval.it_value.tv_nsec 999996250

03-30 10:39:38.880  3745  3745 D wpa_supplicant: wlan0: Control interface command 'SIGNAL_POLL'
