03-30 10:52:31.552   379   493 I ThermalEngine: Sensor:batt_temp:365 mC

03-30 10:52:31.881  6151  6186 I octvm_klo: read wakeups from wakealarm_fd:1

03-30 10:52:31.881  6151  6186 I octvm_klo: new timerfd interval:

03-30 10:52:31.881  6151  6186 I octvm_klo: 	itval.it_interval.tv_sec 1, itval.it_interval.tv_nsec 0

03-30 10:52:31.881  6151  6186 I octvm_klo: 	itval.it_value.tv_sec 0, itval.it_value.tv_nsec 999996146

03-30 10:52:32.553   379   493 I ThermalEngine: Sensor:batt_temp:365 mC

03-30 10:52:32.839   379   472 I ThermalEngine: Sensor:tsens_tz_sensor5:57000 mC

03-30 10:52:32.841   379   516 I ThermalEngine: Sensor:tsens_tz_sensor5:57000 mC

03-30 10:52:32.841   379   516 I ThermalEngine: TM Id 'CPU0_MONITOR' Sensor 'cpu0' - alarm raised 1 at 57.0 degC

03-30 10:52:32.841   379   516 I ThermalEngine: ACTION: CPU - Setting CPU[0] to 1728000

03-30 10:52:32.842   379   516 I ThermalEngine: Mitigation:CPU[0]:1728000 Khz

03-30 10:52:32.842   379   516 I ThermalEngine: ACTION: CPU - Setting CPU[1] to 1728000

03-30 10:52:32.842   379   516 E ThermalEngine: Failed to set desired CPU[1] frequency limit to 1728000

03-30 10:52:32.842   379   516 I ThermalEngine: ACTION: CPU - Setting CPU[2] to 1728000

03-30 10:52:32.842   379   516 E ThermalEngine: Failed to set desired CPU[2] frequency limit to 1728000

03-30 10:52:32.842   379   516 I ThermalEngine: ACTION: CPU - Setting CPU[3] to 1728000

03-30 10:52:32.843   379   516 I ThermalEngine: Mitigation:CPU[3]:1728000 Khz

03-30 10:52:32.881  6151  6186 I octvm_klo: read wakeups from wakealarm_fd:1

03-30 10:52:32.881  6151  6186 I octvm_klo: new timerfd interval:

03-30 10:52:32.881  6151  6186 I octvm_klo: 	itval.it_interval.tv_sec 1, itval.it_interval.tv_nsec 0

03-30 10:52:32.881  6151  6186 I octvm_klo: 	itval.it_value.tv_sec 0, itval.it_value.tv_nsec 999997240

03-30 10:52:33.096   379   472 I ThermalEngine: Sensor:tsens_tz_sensor5:50000 mC

03-30 10:52:33.097   379   516 I ThermalEngine: Sensor:tsens_tz_sensor5:50000 mC

03-30 10:52:33.097   379   516 I ThermalEngine: TM Id 'CPU0_MONITOR' Sensor 'cpu0' - alarm cleared 1 at 50.0 degC

03-30 10:52:33.097   379   516 I ThermalEngine: ACTION: CPU - Setting CPU[0] to 2457600

03-30 10:52:33.097   379   516 I ThermalEngine: Mitigation:CPU[0]:2457600 Khz

03-30 10:52:33.097   379   516 I ThermalEngine: ACTION: CPU - Setting CPU[1] to 2457600

03-30 10:52:33.097   379   516 E ThermalEngine: Failed to set desired CPU[1] frequency limit to 2457600

03-30 10:52:33.097   379   516 I ThermalEngine: ACTION: CPU - Setting CPU[2] to 2457600

03-30 10:52:33.098   379   516 E ThermalEngine: Failed to set desired CPU[2] frequency limit to 2457600

03-30 10:52:33.098   379   516 I ThermalEngine: ACTION: CPU - Setting CPU[3] to 2457600

03-30 10:52:33.098   379   516 I ThermalEngine: Mitigation:CPU[3]:2457600 Khz

03-30 10:52:33.554   379   493 I ThermalEngine: Sensor:batt_temp:365 mC

03-30 10:52:33.881  6151  6186 I octvm_klo: read wakeups from wakealarm_fd:1

03-30 10:52:33.881  6151  6186 I octvm_klo: new timerfd interval:

03-30 10:52:33.881  6151  6186 I octvm_klo: 	itval.it_interval.tv_sec 1, itval.it_interval.tv_nsec 0

03-30 10:52:33.881  6151  6186 I octvm_klo: 	itval.it_value.tv_sec 0, itval.it_value.tv_nsec 999996041

03-30 10:52:34.301   638   638 D charger_monitor: vchg_loop stable: 0, is_settled = 0,usb_target_ua = 500000, usbin_current_now = 500000,fastchg_sts = 1, num_attempts = 0

03-30 10:52:34.335  4569  5273 I InfoCollectManager: ACTION:android.intent.action.BATTERY_CHANGED

03-30 10:52:34.353  2044  2078 I WhetstoneClientManager: pid = 2465, uid = 10144 is frozen, not allowed Broadcast

03-30 10:52:34.353  2044  2078 V BroadcastQueueInjector: Skipping BroadcastRecord{9f4bcac u-1 android.intent.action.BATTERY_CHANGED} to ProcessRecord{8fb4531 2465:com.tencent.android.qqdownloader:daemon/u0a144}

03-30 10:52:34.354  2044  2078 D Whetstone-FW: MiuiLog-Whetstone-BroadcastControl BroadcastRecord{9f4bcac u-1 android.intent.action.BATTERY_CHANGED} is discarded

03-30 10:52:34.354  2044  2078 I WhetstoneClientManager: pid = 2465, uid = 10144 is frozen, not allowed Broadcast

03-30 10:52:34.354  2044  2078 V BroadcastQueueInjector: Skipping BroadcastRecord{9f4bcac u-1 android.intent.action.BATTERY_CHANGED} to ProcessRecord{8fb4531 2465:com.tencent.android.qqdownloader:daemon/u0a144}

03-30 10:52:34.354  2044  2078 D Whetstone-FW: MiuiLog-Whetstone-BroadcastControl BroadcastRecord{9f4bcac u-1 android.intent.action.BATTERY_CHANGED} is discarded

03-30 10:52:34.379 13976 13976 V MiCloudSyncStateObserver: broadcast received

03-30 10:52:34.379 13976 13976 V MiCloudSyncStateObserver: battery changed

03-30 10:52:34.395  2044  2078 I WhetstoneClientManager: pid = 2465, uid = 10144 is frozen, not allowed Broadcast

03-30 10:52:34.395  2044  2078 V BroadcastQueueInjector: Skipping BroadcastRecord{7b8ed75 u-1 android.intent.action.BATTERY_CHANGED} to ProcessRecord{8fb4531 2465:com.tencent.android.qqdownloader:daemon/u0a144}

03-30 10:52:34.395  2044  2078 D Whetstone-FW: MiuiLog-Whetstone-BroadcastControl BroadcastRecord{7b8ed75 u-1 android.intent.action.BATTERY_CHANGED} is discarded

03-30 10:52:34.395  2044  2078 I WhetstoneClientManager: pid = 2465, uid = 10144 is frozen, not allowed Broadcast

03-30 10:52:34.395  2044  2078 V BroadcastQueueInjector: Skipping BroadcastRecord{7b8ed75 u-1 android.intent.action.BATTERY_CHANGED} to ProcessRecord{8fb4531 2465:com.tencent.android.qqdownloader:daemon/u0a144}

03-30 10:52:34.395  2044  2078 D Whetstone-FW: MiuiLog-Whetstone-BroadcastControl BroadcastRecord{7b8ed75 u-1 android.intent.action.BATTERY_CHANGED} is discarded

03-30 10:52:34.404 13976 13976 V MiCloudSyncStateObserver: broadcast received

03-30 10:52:34.404 13976 13976 V MiCloudSyncStateObserver: battery changed

03-30 10:52:34.409  3745  3745 D wpa_supplicant: wlan0: Control interface command 'SIGNAL_POLL'

03-30 10:52:34.422  3745  3745 D wpa_supplicant: CTRL-DEBUG: global_ctrl_sock-sendto: sock=11 sndbuf=163840 outq=0 send_len=49

03-30 10:52:34.556   379   493 I ThermalEngine: Sensor:batt_temp:366 mC

03-30 10:52:34.586  4116  4556 I XiaomiFirewall: firewall pkgName:com.tencent.mm, result:0x0

03-30 10:52:34.881  6151  6186 I octvm_klo: read wakeups from wakealarm_fd:1

03-30 10:52:34.881  6151  6186 I octvm_klo: new timerfd interval:

03-30 10:52:34.881  6151  6186 I octvm_klo: 	itval.it_interval.tv_sec 1, itval.it_interval.tv_nsec 0

03-30 10:52:34.881  6151  6186 I octvm_klo: 	itval.it_value.tv_sec 0, itval.it_value.tv_nsec 999995260

03-30 10:52:35.557   379   493 I ThermalEngine: Sensor:batt_temp:365 mC

03-30 10:52:35.826  4569  5273 D InfoCollectHelper: totalByte:573232345

03-30 10:52:35.827  4569  5273 I InfoCollectManager: ACTION:android.intent.action.BATTERY_CHANGED

03-30 10:52:35.881  6151  6186 I octvm_klo: read wakeups from wakealarm_fd:1

03-30 10:52:35.881  6151  6186 I octvm_klo: new timerfd interval:

03-30 10:52:35.881  6151  6186 I octvm_klo: 	itval.it_interval.tv_sec 1, itval.it_interval.tv_nsec 0

03-30 10:52:35.881  6151  6186 I octvm_klo: 	itval.it_value.tv_sec 0, itval.it_value.tv_nsec 999993698

03-30 10:52:36.459 25810 25810 W AppWatcher: type=1400 audit(0.0:55251922): avc: denied { getattr } for path="/proc/opalum-temp-calib" dev="proc" ino=4026534631 scontext=u:r:untrusted_app:s0:c512,c768 tcontext=u:object_r:proc_opalum:s0 tclass=file permissive=0

03-30 10:52:36.459 25810 25810 W AppWatcher: type=1400 audit(0.0:55251923): avc: denied { getattr } for path="/proc/opalum-f0-calib" dev="proc" ino=4026534630 scontext=u:r:untrusted_app:s0:c512,c768 tcontext=u:object_r:proc_opalum:s0 tclass=file permissive=0

03-30 10:52:36.459 25810 25810 W AppWatcher: type=1400 audit(0.0:55251924): avc: denied { getattr } for path="/proc/sysrq-trigger" dev="proc" ino=4026533735 scontext=u:r:untrusted_app:s0:c512,c768 tcontext=u:object_r:proc_sysrq:s0 tclass=file permissive=0

03-30 10:52:36.469 25810 25810 W AppWatcher: type=1400 audit(0.0:55251925): avc: denied { getattr } for path="/proc/1" dev="proc" ino=11921139 scontext=u:r:untrusted_app:s0:c512,c768 tcontext=u:r:init:s0 tclass=dir permissive=0

03-30 10:52:36.469 25810 25810 W AppWatcher: type=1400 audit(0.0:55251926): avc: denied { getattr } for path="/proc/2" dev="proc" ino=11961941 scontext=u:r:untrusted_app:s0:c512,c768 tcontext=u:r:kernel:s0 tclass=dir permissive=0

03-30 10:52:36.469 25810 25810 W AppWatcher: type=1400 audit(0.0:55251927): avc: denied { getattr } for path="/proc/3" dev="proc" ino=11961942 scontext=u:r:untrusted_app:s0:c512,c768 tcontext=u:r:kernel:s0 tclass=dir permissive=0

03-30 10:52:36.469 25810 25810 W AppWatcher: type=1400 audit(0.0:55251928): avc: denied { getattr } for path="/proc/6" dev="proc" ino=11961943 scontext=u:r:untrusted_app:s0:c512,c768 tcontext=u:r:kernel:s0 tclass=dir permissive=0

03-30 10:52:36.479 25810 25810 W AppWatcher: type=1400 audit(0.0:55251929): avc: denied { getattr } for path="/proc/7" dev="proc" ino=11961944 scontext=u:r:untrusted_app:s0:c512,c768 tcontext=u:r:kernel:s0 tclass=dir permissive=0

03-30 10:52:36.489 25810 25810 W AppWatcher: type=1400 audit(0.0:55251930): avc: denied { getattr } for path="/proc/8" dev="proc" ino=11961945 scontext=u:r:untrusted_app:s0:c512,c768 tcontext=u:r:kernel:s0 tclass=dir permissive=0

03-30 10:52:36.489 25810 25810 W AppWatcher: type=1400 audit(0.0:55251931): avc: denied { getattr } for path="/proc/21" dev="proc" ino=11961946 scontext=u:r:untrusted_app:s0:c512,c768 tcontext=u:r:kernel:s0 tclass=dir permissive=0

03-30 10:52:36.499 25810 25810 W AppWatcher: type=1400 audit(0.0:55251932): avc: denied { getattr } for path="/proc/22" dev="proc" ino=11961947 scontext=u:r:untrusted_app:s0:c512,c768 tcontext=u:r:kernel:s0 tclass=dir permissive=0

03-30 10:52:36.499 25810 25810 W AppWatcher: type=1400 audit(0.0:55251933): avc: denied { getattr } for path="/proc/28" dev="proc" ino=11961948 scontext=u:r:untrusted_app:s0:c512,c768 tcontext=u:r:kernel:s0 tclass=dir permissive=0

03-30 10:52:36.499 25810 25810 W AppWatcher: type=1400 audit(0.0:55251934): avc: denied { getattr } for path="/proc/29" dev="proc" ino=11961949 scontext=u:r:untrusted_app:s0:c512,c768 tcontext=u:r:kernel:s0 tclass=dir permissive=0

03-30 10:52:36.509 25810 25810 W AppWatcher: type=1400 audit(0.0:55251935): avc: denied { getattr } for path="/proc/30" dev="proc" ino=11961950 scontext=u:r:untrusted_app:s0:c512,c768 tcontext=u:r:kernel:s0 tclass=dir permissive=0

03-30 10:52:36.509 25810 25810 W AppWatcher: type=1400 audit(0.0:55251936): avc: denied { getattr } for path="/proc/32" dev="proc" ino=11961951 scontext=u:r:untrusted_app:s0:c512,c768 tcontext=u:r:kernel:s0 tclass=dir permissive=0

03-30 10:52:36.519 25810 25810 W AppWatcher: type=1400 audit(0.0:55251937): avc: denied { getattr } for path="/proc/33" dev="proc" ino=11961952 scontext=u:r:untrusted_app:s0:c512,c768 tcontext=u:r:kernel:s0 tclass=dir permissive=0

03-30 10:52:36.519 25810 25810 W AppWatcher: type=1400 audit(0.0:55251938): avc: denied { getattr } for path="/proc/34" dev="proc" ino=11961953 scontext=u:r:untrusted_app:s0:c512,c768 tcontext=u:r:kernel:s0 tclass=dir permissive=0

03-30 10:52:36.529 25810 25810 W AppWatcher: type=1400 audit(0.0:55251939): avc: denied { getattr } for path="/proc/61" dev="proc" ino=11961954 scontext=u:r:untrusted_app:s0:c512,c768 tcontext=u:r:kernel:s0 tclass=dir permissive=0

03-30 10:52:36.529 25810 25810 W AppWatcher: type=1400 audit(0.0:55251940): avc: denied { getattr } for path="/proc/62" dev="proc" ino=11961955 scontext=u:r:untrusted_app:s0:c512,c768 tcontext=u:r:kernel:s0 tclass=dir permissive=0

03-30 10:52:36.529 25810 25810 W AppWatcher: type=1400 audit(0.0:55251941): avc: denied { getattr } for path="/proc/63" dev="proc" ino=11961956 scontext=u:r:untrusted_app:s0:c512,c768 tcontext=u:r:kernel:s0 tclass=dir permissive=0

03-30 10:52:36.558   379   493 I ThermalEngine: Sensor:batt_temp:366 mC

03-30 10:52:36.882  6151  6186 I octvm_klo: read wakeups from wakealarm_fd:1

03-30 10:52:36.882  6151  6186 I octvm_klo: new timerfd interval:

03-30 10:52:36.882  6151  6186 I octvm_klo: 	itval.it_interval.tv_sec 1, itval.it_interval.tv_nsec 0

03-30 10:52:36.882  6151  6186 I octvm_klo: 	itval.it_value.tv_sec 0, itval.it_value.tv_nsec 999990833

03-30 10:52:37.427  3745  3745 D wpa_supplicant: wlan0: Control interface command 'SIGNAL_POLL'

03-30 10:52:37.442  3745  3745 D wpa_supplicant: CTRL-DEBUG: global_ctrl_sock-sendto: sock=11 sndbuf=163840 outq=0 send_len=49

03-30 10:52:37.559   379   493 I ThermalEngine: Sensor:batt_temp:365 mC

03-30 10:52:37.771 27823 27890 D UTAnalytics:CommitTask: pid:27823 check&commit event:65503,

03-30 10:52:37.783 27823 27893 D UTAnalytics:CommitTask: pid:27823 check&commit event:65501,

03-30 10:52:37.783 27823 27893 D UTAnalytics:CommitTask: pid:27823 next:65501,

03-30 10:52:37.783 27823 27893 D UTAnalytics:CommitTask: pid:27823 check&commit event:65502,

03-30 10:52:37.783 27823 27893 D UTAnalytics:CommitTask: pid:27823 next:65502,

03-30 10:52:37.788 27823 27890 D UTAnalytics:CommitTask: pid:27823 next:65503,

03-30 10:52:37.882  6151  6186 I octvm_klo: read wakeups from wakealarm_fd:1

03-30 10:52:37.882  6151  6186 I octvm_klo: new timerfd interval:

03-30 10:52:37.882  6151  6186 I octvm_klo: 	itval.it_interval.tv_sec 1, itval.it_interval.tv_nsec 0

03-30 10:52:37.882  6151  6186 I octvm_klo: 	itval.it_value.tv_sec 0, itval.it_value.tv_nsec 999996927

03-30 10:52:38.561   379   493 I ThermalEngine: Sensor:batt_temp:365 mC

03-30 10:52:38.883  6151  6186 I octvm_klo: read wakeups from wakealarm_fd:1

03-30 10:52:38.883  6151  6186 I octvm_klo: new timerfd interval:

03-30 10:52:38.883  6151  6186 I octvm_klo: 	itval.it_interval.tv_sec 1, itval.it_interval.tv_nsec 0

03-30 10:52:38.883  6151  6186 I octvm_klo: 	itval.it_value.tv_sec 0, itval.it_value.tv_nsec 999989115

03-30 10:52:39.562   379   493 I ThermalEngine: Sensor:batt_temp:365 mC

03-30 10:52:39.883  6151  6186 I octvm_klo: read wakeups from wakealarm_fd:1

03-30 10:52:39.883  6151  6186 I octvm_klo: new timerfd interval:

03-30 10:52:39.883  6151  6186 I octvm_klo: 	itval.it_interval.tv_sec 1, itval.it_interval.tv_nsec 0

03-30 10:52:39.883  6151  6186 I octvm_klo: 	itval.it_value.tv_sec 0, itval.it_value.tv_nsec 999993698

03-30 10:52:40.131  2044  3620 D WifiStateMachine: starting scan for "56.1_neiwang"-WPA_PSK with 5280,2412

03-30 10:52:40.131  3745  3745 D wpa_supplicant: wlan0: Control interface command 'SCAN TYPE=ONLY freq=5280,2412'

03-30 10:52:40.132  3745  3745 D wpa_supplicant: wlan0: Setting scan request: 0.000000 sec

03-30 10:52:40.132  3745  3745 D wpa_supplicant: CTRL-DEBUG: global_ctrl_sock-sendto: sock=11 sndbuf=163840 outq=0 send_len=3

03-30 10:52:40.132  3745  3745 D wpa_supplicant: wlan0: Starting AP scan for wildcard SSID

03-30 10:52:40.132  3745  3745 D wpa_supplicant: wlan0: Limit manual scan to specified channels

03-30 10:52:40.133  3745  3745 D wpa_supplicant: wlan0: Add radio work 'scan'@0xb68d9398

03-30 10:52:40.133  3745  3745 D wpa_supplicant: wlan0: First radio work item in the queue - schedule start immediately

03-30 10:52:40.133  3745  3745 D wpa_supplicant: wlan0: Starting radio work 'scan'@0xb68d9398 after 0.000270 second wait

03-30 10:52:40.133  3745  3745 D wpa_supplicant: wlan0: nl80211: scan request

03-30 10:52:40.133  3745  3745 D wpa_supplicant: nl80211: Scan SSID - hexdump(len=0): [NULL]

03-30 10:52:40.133  3745  3745 D wpa_supplicant: nl80211: Scan extra IEs - hexdump(len=7): 7f 05 00 00 0a 02 01

03-30 10:52:40.134  3745  3745 D wpa_supplicant: nl80211: Scan frequency 2412 MHz

03-30 10:52:40.134  3745  3745 D wpa_supplicant: nl80211: Scan frequency 5280 MHz

03-30 10:52:40.164  3745  3745 D wpa_supplicant: Scan requested (ret=0) - scan timeout 30 seconds

03-30 10:52:40.164  3745  3745 D wpa_supplicant: nl80211: Event message available

03-30 10:52:40.164  3745  3745 D wpa_supplicant: nl80211: Drv Event 33 (NL80211_CMD_TRIGGER_SCAN) received for wlan0

03-30 10:52:40.164  3745  3745 D wpa_supplicant: wlan0: nl80211: Scan trigger

03-30 10:52:40.164  3745  3745 D wpa_supplicant: wlan0: Event SCAN_STARTED (47) received

03-30 10:52:40.164  3745  3745 D wpa_supplicant: wlan0: Own scan request started a scan in 0.000234 seconds

03-30 10:52:40.164  3745  3745 D wpa_supplicant: CTRL-DEBUG: ctrl_sock-sendmsg: sock=11 sndbuf=163840 outq=0 send_len=24

03-30 10:52:40.164  3745  3745 D wpa_supplicant: CTRL_IFACE monitor sent successfully to /data/misc/wifi/sockets/wpa_ctrl_2044-2\x00

03-30 10:52:40.288  3745  3745 D wpa_supplicant: nl80211: Event message available

03-30 10:52:40.288  3745  3745 D wpa_supplicant: nl80211: Drv Event 34 (NL80211_CMD_NEW_SCAN_RESULTS) received for wlan0

03-30 10:52:40.288  3745  3745 D wpa_supplicant: wlan0: nl80211: New scan results available

03-30 10:52:40.288  3745  3745 D wpa_supplicant: nl80211: Scan included frequencies: 2412 5280

03-30 10:52:40.288  3745  3745 D wpa_supplicant: wlan0: Event SCAN_RESULTS (3) received

03-30 10:52:40.288  3745  3745 D wpa_supplicant: wlan0: Scan completed in 0.123594 seconds

03-30 10:52:40.288  3745  3745 D wpa_supplicant: nl80211: Associated on 5280 MHz

03-30 10:52:40.288  3745  3745 D wpa_supplicant: nl80211: Associated with cc:81:da:9c:13:28

03-30 10:52:40.288  3745  3745 D wpa_supplicant: nl80211: Received scan results (6 BSSes)

03-30 10:52:40.288  3745  3745 D wpa_supplicant: nl80211: Scan results indicate BSS status with cc:81:da:9c:13:28 as associated

03-30 10:52:40.288  3745  3745 D wpa_supplicant: wlan0: BSS: Start scan result update 5305

03-30 10:52:40.289  3745  3745 D wpa_supplicant: BSS: last_scan_res_used=6/64

03-30 10:52:40.289  3745  3745 D wpa_supplicant: wlan0: Scan-only results received

03-30 10:52:40.289  3745  3745 D wpa_supplicant: CTRL-DEBUG: ctrl_sock-sendmsg: sock=11 sndbuf=163840 outq=0 send_len=24

03-30 10:52:40.289  3745  3745 D wpa_supplicant: CTRL_IFACE monitor sent successfully to /data/misc/wifi/sockets/wpa_ctrl_2044-2\x00

03-30 10:52:40.289  3745  3745 D wpa_supplicant: wlan0: Radio work 'scan'@0xb68d9398 done in 0.155917 seconds

03-30 10:52:40.291  3745  3745 D wpa_supplicant: RTM_NEWLINK: ifi_index=22 ifname=wlan0 wext ifi_family=0 ifi_flags=0x11043 ([UP][RUNNING][LOWER_UP])

03-30 10:52:40.295  3745  3745 D wpa_supplicant: CTRL-DEBUG: global_ctrl_sock-sendto: sock=11 sndbuf=163840 outq=0 send_len=3553

03-30 10:52:40.303  3745  3745 D wpa_supplicant: CTRL-DEBUG: global_ctrl_sock-sendto: sock=11 sndbuf=163840 outq=0 send_len=3770

03-30 10:52:40.310  3745  3745 D wpa_supplicant: CTRL-DEBUG: global_ctrl_sock-sendto: sock=11 sndbuf=163840 outq=0 send_len=3800

03-30 10:52:40.313  3745  3745 D wpa_supplicant: CTRL-DEBUG: global_ctrl_sock-sendto: sock=11 sndbuf=163840 outq=0 send_len=3634

03-30 10:52:40.318  3745  3745 D wpa_supplicant: CTRL-DEBUG: global_ctrl_sock-sendto: sock=11 sndbuf=163840 outq=0 send_len=3322

03-30 10:52:40.322  3745  3745 D wpa_supplicant: CTRL-DEBUG: global_ctrl_sock-sendto: sock=11 sndbuf=163840 outq=0 send_len=3744

03-30 10:52:40.323  3745  3745 D wpa_supplicant: CTRL-DEBUG: global_ctrl_sock-sendto: sock=11 sndbuf=163840 outq=0 send_len=865

03-30 10:52:40.357  3745  3745 D wpa_supplicant: EAPOL: EAP Session-Id not available

03-30 10:52:40.357  3745  3745 D wpa_supplicant: CTRL-DEBUG: global_ctrl_sock-sendto: sock=11 sndbuf=163840 outq=0 send_len=279

03-30 10:52:40.445  3745  3745 D wpa_supplicant: wlan0: Control interface command 'SIGNAL_POLL'

03-30 10:52:40.451  3745  3745 D wpa_supplicant: CTRL-DEBUG: global_ctrl_sock-sendto: sock=11 sndbuf=163840 outq=0 send_len=49

03-30 10:52:40.563   379   493 I ThermalEngine: Sensor:batt_temp:365 mC

03-30 10:52:40.883  6151  6186 I octvm_klo: read wakeups from wakealarm_fd:1

03-30 10:52:40.883  6151  6186 I octvm_klo: new timerfd interval:

03-30 10:52:40.883  6151  6186 I octvm_klo: 	itval.it_interval.tv_sec 1, itval.it_interval.tv_nsec 0

03-30 10:52:40.883  6151  6186 I octvm_klo: 	itval.it_value.tv_sec 0, itval.it_value.tv_nsec 999996355

03-30 10:52:41.564   379   493 I ThermalEngine: Sensor:batt_temp:365 mC
