03-30 10:27:14.372  6151  6186 I octvm_klo: new timerfd interval:

03-30 10:27:14.372  6151  6186 I octvm_klo: 	itval.it_interval.tv_sec 1, itval.it_interval.tv_nsec 0

03-30 10:27:14.372  6151  6186 I octvm_klo: 	itval.it_value.tv_sec 0, itval.it_value.tv_nsec 999997031

03-30 10:27:14.388   379   493 I ThermalEngine: Sensor:batt_temp:336 mC

03-30 10:27:14.852  2444  2571 D AMSDevReporter: Get MAN response: {"t":1490840832516,"ret":"","success":"success"}

03-30 10:27:14.856  2444  2571 I AMSDevReporter: Report [FEEDBACK] stat success.

03-30 10:27:15.334  4569  7585 D FrozenAppController: FrozenAPP, is HasProcessOOMTooLow

03-30 10:27:15.335  4569  7585 D FrozenAppController: >>> event = 22 >>> state = 0 uid 10120

03-30 10:27:15.335  4569  7585 V FrozenAppController:     >>>>  MSG_FROZEN_APP : { uid: 10120 mState:0 mEvent:22 mIsForeground:false mLocationPolicy:255}

03-30 10:27:15.348  4569  7585 D FrozenAppController: FrozenAPP, is HasProcessOOMTooLow

03-30 10:27:15.349  4569  7585 D FrozenAppController: >>> event = 22 >>> state = 0 uid 10120

03-30 10:27:15.349  4569  7585 V FrozenAppController:     >>>>  MSG_FROZEN_APP : { uid: 10120 mState:0 mEvent:22 mIsForeground:false mLocationPolicy:255}

03-30 10:27:15.372  6151  6186 I octvm_klo: read wakeups from wakealarm_fd:1

03-30 10:27:15.372  6151  6186 I octvm_klo: new timerfd interval:

03-30 10:27:15.372  6151  6186 I octvm_klo: 	itval.it_interval.tv_sec 1, itval.it_interval.tv_nsec 0

03-30 10:27:15.372  6151  6186 I octvm_klo: 	itval.it_value.tv_sec 0, itval.it_value.tv_nsec 999997031

03-30 10:27:15.390   379   493 I ThermalEngine: Sensor:batt_temp:336 mC

03-30 10:27:16.372  6151  6186 I octvm_klo: read wakeups from wakealarm_fd:1

03-30 10:27:16.372  6151  6186 I octvm_klo: new timerfd interval:

03-30 10:27:16.372  6151  6186 I octvm_klo: 	itval.it_interval.tv_sec 1, itval.it_interval.tv_nsec 0

03-30 10:27:16.372  6151  6186 I octvm_klo: 	itval.it_value.tv_sec 0, itval.it_value.tv_nsec 999994271

03-30 10:27:16.391   379   493 I ThermalEngine: Sensor:batt_temp:336 mC

03-30 10:27:16.688  3745  3745 D wpa_supplicant: wlan0: Control interface command 'SIGNAL_POLL'

03-30 10:27:16.704  3745  3745 D wpa_supplicant: CTRL-DEBUG: global_ctrl_sock-sendto: sock=11 sndbuf=163840 outq=0 send_len=49

03-30 10:27:17.242  2444  2542 D NAT     : SYMMETRIC_NAT

03-30 10:27:17.245  2444  2542 D NAT     : call void method before

03-30 10:27:17.246  2444  2542 D NAT     : call void method after

03-30 10:27:17.372  6151  6186 I octvm_klo: read wakeups from wakealarm_fd:1

03-30 10:27:17.372  6151  6186 I octvm_klo: new timerfd interval:

03-30 10:27:17.372  6151  6186 I octvm_klo: 	itval.it_interval.tv_sec 1, itval.it_interval.tv_nsec 0

03-30 10:27:17.372  6151  6186 I octvm_klo: 	itval.it_value.tv_sec 0, itval.it_value.tv_nsec 999995729

03-30 10:27:17.392   379   493 I ThermalEngine: Sensor:batt_temp:336 mC

03-30 10:27:18.373  6151  6186 I octvm_klo: read wakeups from wakealarm_fd:1

03-30 10:27:18.373  6151  6186 I octvm_klo: new timerfd interval:

03-30 10:27:18.373  6151  6186 I octvm_klo: 	itval.it_interval.tv_sec 1, itval.it_interval.tv_nsec 0

03-30 10:27:18.373  6151  6186 I octvm_klo: 	itval.it_value.tv_sec 0, itval.it_value.tv_nsec 999996927

03-30 10:27:18.393   379   493 I ThermalEngine: Sensor:batt_temp:336 mC

03-30 10:27:19.373  6151  6186 I octvm_klo: read wakeups from wakealarm_fd:1

03-30 10:27:19.373  6151  6186 I octvm_klo: new timerfd interval:

03-30 10:27:19.373  6151  6186 I octvm_klo: 	itval.it_interval.tv_sec 1, itval.it_interval.tv_nsec 0

03-30 10:27:19.373  6151  6186 I octvm_klo: 	itval.it_value.tv_sec 0, itval.it_value.tv_nsec 999995053

03-30 10:27:19.400   379   493 I ThermalEngine: Sensor:batt_temp:336 mC

03-30 10:27:19.429 25810 25810 W AppWatcher: type=1400 audit(0.0:55139553): avc: denied { getattr } for path="/proc/opalum-temp-calib" dev="proc" ino=4026534631 scontext=u:r:untrusted_app:s0:c512,c768 tcontext=u:object_r:proc_opalum:s0 tclass=file permissive=0

03-30 10:27:19.439 25810 25810 W AppWatcher: type=1400 audit(0.0:55139554): avc: denied { getattr } for path="/proc/opalum-f0-calib" dev="proc" ino=4026534630 scontext=u:r:untrusted_app:s0:c512,c768 tcontext=u:object_r:proc_opalum:s0 tclass=file permissive=0

03-30 10:27:19.439 25810 25810 W AppWatcher: type=1400 audit(0.0:55139555): avc: denied { getattr } for path="/proc/sysrq-trigger" dev="proc" ino=4026533735 scontext=u:r:untrusted_app:s0:c512,c768 tcontext=u:object_r:proc_sysrq:s0 tclass=file permissive=0

03-30 10:27:19.449 25810 25810 W AppWatcher: type=1400 audit(0.0:55139556): avc: denied { getattr } for path="/proc/1" dev="proc" ino=11921139 scontext=u:r:untrusted_app:s0:c512,c768 tcontext=u:r:init:s0 tclass=dir permissive=0

03-30 10:27:19.459 25810 25810 W AppWatcher: type=1400 audit(0.0:55139557): avc: denied { getattr } for path="/proc/2" dev="proc" ino=11961941 scontext=u:r:untrusted_app:s0:c512,c768 tcontext=u:r:kernel:s0 tclass=dir permissive=0

03-30 10:27:19.459 25810 25810 W AppWatcher: type=1400 audit(0.0:55139558): avc: denied { getattr } for path="/proc/3" dev="proc" ino=11961942 scontext=u:r:untrusted_app:s0:c512,c768 tcontext=u:r:kernel:s0 tclass=dir permissive=0

03-30 10:27:19.459 25810 25810 W AppWatcher: type=1400 audit(0.0:55139559): avc: denied { getattr } for path="/proc/6" dev="proc" ino=11961943 scontext=u:r:untrusted_app:s0:c512,c768 tcontext=u:r:kernel:s0 tclass=dir permissive=0

03-30 10:27:19.459 25810 25810 W AppWatcher: type=1400 audit(0.0:55139560): avc: denied { getattr } for path="/proc/7" dev="proc" ino=11961944 scontext=u:r:untrusted_app:s0:c512,c768 tcontext=u:r:kernel:s0 tclass=dir permissive=0

03-30 10:27:19.469 25810 25810 W AppWatcher: type=1400 audit(0.0:55139561): avc: denied { getattr } for path="/proc/8" dev="proc" ino=11961945 scontext=u:r:untrusted_app:s0:c512,c768 tcontext=u:r:kernel:s0 tclass=dir permissive=0

03-30 10:27:19.469 25810 25810 W AppWatcher: type=1400 audit(0.0:55139562): avc: denied { getattr } for path="/proc/21" dev="proc" ino=11961946 scontext=u:r:untrusted_app:s0:c512,c768 tcontext=u:r:kernel:s0 tclass=dir permissive=0

03-30 10:27:19.469 25810 25810 W AppWatcher: type=1400 audit(0.0:55139563): avc: denied { getattr } for path="/proc/22" dev="proc" ino=11961947 scontext=u:r:untrusted_app:s0:c512,c768 tcontext=u:r:kernel:s0 tclass=dir permissive=0

03-30 10:27:19.469 25810 25810 W AppWatcher: type=1400 audit(0.0:55139564): avc: denied { getattr } for path="/proc/28" dev="proc" ino=11961948 scontext=u:r:untrusted_app:s0:c512,c768 tcontext=u:r:kernel:s0 tclass=dir permissive=0

03-30 10:27:19.479 25810 25810 W AppWatcher: type=1400 audit(0.0:55139565): avc: denied { getattr } for path="/proc/29" dev="proc" ino=11961949 scontext=u:r:untrusted_app:s0:c512,c768 tcontext=u:r:kernel:s0 tclass=dir permissive=0

03-30 10:27:19.479 25810 25810 W AppWatcher: type=1400 audit(0.0:55139566): avc: denied { getattr } for path="/proc/30" dev="proc" ino=11961950 scontext=u:r:untrusted_app:s0:c512,c768 tcontext=u:r:kernel:s0 tclass=dir permissive=0

03-30 10:27:19.479 25810 25810 W AppWatcher: type=1400 audit(0.0:55139567): avc: denied { getattr } for path="/proc/32" dev="proc" ino=11961951 scontext=u:r:untrusted_app:s0:c512,c768 tcontext=u:r:kernel:s0 tclass=dir permissive=0

03-30 10:27:19.479 25810 25810 W AppWatcher: type=1400 audit(0.0:55139568): avc: denied { getattr } for path="/proc/33" dev="proc" ino=11961952 scontext=u:r:untrusted_app:s0:c512,c768 tcontext=u:r:kernel:s0 tclass=dir permissive=0

03-30 10:27:19.479 25810 25810 W AppWatcher: type=1400 audit(0.0:55139569): avc: denied { getattr } for path="/proc/34" dev="proc" ino=11961953 scontext=u:r:untrusted_app:s0:c512,c768 tcontext=u:r:kernel:s0 tclass=dir permissive=0

03-30 10:27:19.479 25810 25810 W AppWatcher: type=1400 audit(0.0:55139570): avc: denied { getattr } for path="/proc/61" dev="proc" ino=11961954 scontext=u:r:untrusted_app:s0:c512,c768 tcontext=u:r:kernel:s0 tclass=dir permissive=0

03-30 10:27:19.479 25810 25810 W AppWatcher: type=1400 audit(0.0:55139571): avc: denied { getattr } for path="/proc/62" dev="proc" ino=11961955 scontext=u:r:untrusted_app:s0:c512,c768 tcontext=u:r:kernel:s0 tclass=dir permissive=0

03-30 10:27:19.479 25810 25810 W AppWatcher: type=1400 audit(0.0:55139572): avc: denied { getattr } for path="/proc/63" dev="proc" ino=11961956 scontext=u:r:untrusted_app:s0:c512,c768 tcontext=u:r:kernel:s0 tclass=dir permissive=0

03-30 10:27:19.710  3745  3745 D wpa_supplicant: wlan0: Control interface command 'SIGNAL_POLL'

03-30 10:27:19.726  3745  3745 D wpa_supplicant: CTRL-DEBUG: global_ctrl_sock-sendto: sock=11 sndbuf=163840 outq=0 send_len=49

03-30 10:27:19.941  2044  3620 D WifiStateMachine: starting scan for "56.1_neiwang"-WPA_PSK with 5280,2412

03-30 10:27:19.942  3745  3745 D wpa_supplicant: wlan0: Control interface command 'SCAN TYPE=ONLY freq=5280,2412'

03-30 10:27:19.942  3745  3745 D wpa_supplicant: wlan0: Setting scan request: 0.000000 sec

03-30 10:27:19.942  3745  3745 D wpa_supplicant: CTRL-DEBUG: global_ctrl_sock-sendto: sock=11 sndbuf=163840 outq=0 send_len=3

03-30 10:27:19.942  3745  3745 D wpa_supplicant: wlan0: Starting AP scan for wildcard SSID

03-30 10:27:19.942  3745  3745 D wpa_supplicant: wlan0: Limit manual scan to specified channels

03-30 10:27:19.942  3745  3745 D wpa_supplicant: wlan0: Add radio work 'scan'@0xb68d9398

03-30 10:27:19.942  3745  3745 D wpa_supplicant: wlan0: First radio work item in the queue - schedule start immediately

03-30 10:27:19.942  3745  3745 D wpa_supplicant: wlan0: Starting radio work 'scan'@0xb68d9398 after 0.000079 second wait

03-30 10:27:19.942  3745  3745 D wpa_supplicant: wlan0: nl80211: scan request

03-30 10:27:19.942  3745  3745 D wpa_supplicant: nl80211: Scan SSID - hexdump(len=0): [NULL]

03-30 10:27:19.943  3745  3745 D wpa_supplicant: nl80211: Scan extra IEs - hexdump(len=7): 7f 05 00 00 0a 02 01

03-30 10:27:19.943  3745  3745 D wpa_supplicant: nl80211: Scan frequency 2412 MHz

03-30 10:27:19.943  3745  3745 D wpa_supplicant: nl80211: Scan frequency 5280 MHz

03-30 10:27:19.958  3745  3745 D wpa_supplicant: Scan requested (ret=0) - scan timeout 30 seconds

03-30 10:27:19.958  3745  3745 D wpa_supplicant: nl80211: Event message available

03-30 10:27:19.958  3745  3745 D wpa_supplicant: nl80211: Drv Event 33 (NL80211_CMD_TRIGGER_SCAN) received for wlan0

03-30 10:27:19.958  3745  3745 D wpa_supplicant: wlan0: nl80211: Scan trigger

03-30 10:27:19.959  3745  3745 D wpa_supplicant: wlan0: Event SCAN_STARTED (47) received

03-30 10:27:19.959  3745  3745 D wpa_supplicant: wlan0: Own scan request started a scan in 0.000253 seconds

03-30 10:27:19.959  3745  3745 D wpa_supplicant: CTRL-DEBUG: ctrl_sock-sendmsg: sock=11 sndbuf=163840 outq=0 send_len=24

03-30 10:27:19.959  3745  3745 D wpa_supplicant: CTRL_IFACE monitor sent successfully to /data/misc/wifi/sockets/wpa_ctrl_2044-2\x00

03-30 10:27:19.987  6783 25818 W System  : ClassLoader referenced unknown path: /system/framework/tcmclient.jar

03-30 10:27:20.069  3745  3745 D wpa_supplicant: nl80211: Event message available

03-30 10:27:20.069  3745  3745 D wpa_supplicant: nl80211: Drv Event 34 (NL80211_CMD_NEW_SCAN_RESULTS) received for wlan0

03-30 10:27:20.069  3745  3745 D wpa_supplicant: wlan0: nl80211: New scan results available

03-30 10:27:20.069  3745  3745 D wpa_supplicant: nl80211: Scan included frequencies: 2412 5280

03-30 10:27:20.069  3745  3745 D wpa_supplicant: wlan0: Event SCAN_RESULTS (3) received

03-30 10:27:20.069  3745  3745 D wpa_supplicant: wlan0: Scan completed in 0.110467 seconds

03-30 10:27:20.069  3745  3745 D wpa_supplicant: nl80211: Associated on 5280 MHz

03-30 10:27:20.069  3745  3745 D wpa_supplicant: nl80211: Associated with cc:81:da:9c:13:28

03-30 10:27:20.069  3745  3745 D wpa_supplicant: nl80211: Received scan results (32 BSSes)

03-30 10:27:20.070  3745  3745 D wpa_supplicant: nl80211: Scan results indicate BSS status with cc:81:da:9c:13:28 as associated

03-30 10:27:20.070  3745  3745 D wpa_supplicant: wlan0: BSS: Start scan result update 5212

03-30 10:27:20.070  3745  3745 D wpa_supplicant: BSS: last_scan_res_used=32/64

03-30 10:27:20.070  3745  3745 D wpa_supplicant: wlan0: Scan-only results received

03-30 10:27:20.070  3745  3745 D wpa_supplicant: CTRL-DEBUG: ctrl_sock-sendmsg: sock=11 sndbuf=163840 outq=0 send_len=24

03-30 10:27:20.070  3745  3745 D wpa_supplicant: CTRL_IFACE monitor sent successfully to /data/misc/wifi/sockets/wpa_ctrl_2044-2\x00

03-30 10:27:20.070  3745  3745 D wpa_supplicant: wlan0: Radio work 'scan'@0xb68d9398 done in 0.127646 seconds

03-30 10:27:20.077  3745  3745 D wpa_supplicant: CTRL-DEBUG: global_ctrl_sock-sendto: sock=11 sndbuf=163840 outq=0 send_len=3541

03-30 10:27:20.077  3745  3745 D wpa_supplicant: RTM_NEWLINK: ifi_index=22 ifname=wlan0 wext ifi_family=0 ifi_flags=0x11043 ([UP][RUNNING][LOWER_UP])

03-30 10:27:20.081  4116  4556 I XiaomiFirewall: firewall pkgName:com.qihoo.appstore, result:0x0

03-30 10:27:20.085  3745  3745 D wpa_supplicant: CTRL-DEBUG: global_ctrl_sock-sendto: sock=11 sndbuf=163840 outq=0 send_len=3699

03-30 10:27:20.089  3745  3745 D wpa_supplicant: CTRL-DEBUG: global_ctrl_sock-sendto: sock=11 sndbuf=163840 outq=0 send_len=3243

03-30 10:27:20.094  3745  3745 D wpa_supplicant: CTRL-DEBUG: global_ctrl_sock-sendto: sock=11 sndbuf=163840 outq=0 send_len=3891

03-30 10:27:20.098  3745  3745 D wpa_supplicant: CTRL-DEBUG: global_ctrl_sock-sendto: sock=11 sndbuf=163840 outq=0 send_len=3610

03-30 10:27:20.101  3745  3745 D wpa_supplicant: CTRL-DEBUG: global_ctrl_sock-sendto: sock=11 sndbuf=163840 outq=0 send_len=3035

03-30 10:27:20.124  3745  3745 D wpa_supplicant: EAPOL: EAP Session-Id not available

03-30 10:27:20.124  3745  3745 D wpa_supplicant: CTRL-DEBUG: global_ctrl_sock-sendto: sock=11 sndbuf=163840 outq=0 send_len=279

03-30 10:27:20.373  6151  6186 I octvm_klo: read wakeups from wakealarm_fd:1

03-30 10:27:20.373  6151  6186 I octvm_klo: new timerfd interval:

03-30 10:27:20.373  6151  6186 I octvm_klo: 	itval.it_interval.tv_sec 1, itval.it_interval.tv_nsec 0

03-30 10:27:20.373  6151  6186 I octvm_klo: 	itval.it_value.tv_sec 0, itval.it_value.tv_nsec 999994844

03-30 10:27:20.401   379   493 I ThermalEngine: Sensor:batt_temp:336 mC

03-30 10:27:21.042  4060  4253 W PushService: 2017-03-30 10:27:21,042 - [WARN::PushService] - [Thread:54] JOB: check the ping-pong.1490840831039

03-30 10:27:21.373  6151  6186 I octvm_klo: read wakeups from wakealarm_fd:1

03-30 10:27:21.373  6151  6186 I octvm_klo: new timerfd interval:

03-30 10:27:21.373  6151  6186 I octvm_klo: 	itval.it_interval.tv_sec 1, itval.it_interval.tv_nsec 0

03-30 10:27:21.373  6151  6186 I octvm_klo: 	itval.it_value.tv_sec 0, itval.it_value.tv_nsec 999996094

03-30 10:27:21.402   379   493 I ThermalEngine: Sensor:batt_temp:336 mC

03-30 10:27:22.373  6151  6186 I octvm_klo: read wakeups from wakealarm_fd:1

03-30 10:27:22.373  6151  6186 I octvm_klo: new timerfd interval:

03-30 10:27:22.373  6151  6186 I octvm_klo: 	itval.it_interval.tv_sec 1, itval.it_interval.tv_nsec 0

03-30 10:27:22.373  6151  6186 I octvm_klo: 	itval.it_value.tv_sec 0, itval.it_value.tv_nsec 999994584

03-30 10:27:22.404   379   493 I ThermalEngine: Sensor:batt_temp:336 mC

03-30 10:27:22.731  3745  3745 D wpa_supplicant: wlan0: Control interface command 'SIGNAL_POLL'

03-30 10:27:22.745  3745  3745 D wpa_supplicant: CTRL-DEBUG: global_ctrl_sock-sendto: sock=11 sndbuf=163840 outq=0 send_len=49

03-30 10:27:23.373  6151  6186 I octvm_klo: read wakeups from wakealarm_fd:1

03-30 10:27:23.374  6151  6186 I octvm_klo: new timerfd interval:

03-30 10:27:23.374  6151  6186 I octvm_klo: 	itval.it_interval.tv_sec 1, itval.it_interval.tv_nsec 0

03-30 10:27:23.374  6151  6186 I octvm_klo: 	itval.it_value.tv_sec 0, itval.it_value.tv_nsec 999993698

03-30 10:27:23.405   379   493 I ThermalEngine: Sensor:batt_temp:336 mC

03-30 10:27:24.161  2444  2496 W System.err: java.net.SocketTimeoutException: SSL handshake timed out

03-30 10:27:24.177  2444  2496 W System.err: 	at com.android.org.conscrypt.NativeCrypto.SSL_do_handshake(Native Method)

03-30 10:27:24.177  2444  2496 W System.err: 	at com.android.org.conscrypt.OpenSSLSocketImpl.startHandshake(OpenSSLSocketImpl.java:324)

03-30 10:27:24.177  2444  2496 W System.err: 	at com.android.org.conscrypt.OpenSSLSocketImpl.waitForHandshake(OpenSSLSocketImpl.java:629)

03-30 10:27:24.177  2444  2496 W System.err: 	at com.android.org.conscrypt.OpenSSLSocketImpl.getInputStream(OpenSSLSocketImpl.java:591)

03-30 10:27:24.177  2444  2496 W System.err: 	at org.apache.http.impl.io.SocketInputBuffer.<init>(SocketInputBuffer.java:75)

03-30 10:27:24.177  2444  2496 W System.err: 	at org.apache.http.impl.SocketHttpClientConnection.createSessionInputBuffer(SocketHttpClientConnection.java:88)

03-30 10:27:24.177  2444  2496 W System.err: 	at org.apache.http.impl.conn.DefaultClientConnection.createSessionInputBuffer(DefaultClientConnection.java:175)

03-30 10:27:24.177  2444  2496 W System.err: 	at org.apache.http.impl.SocketHttpClientConnection.bind(SocketHttpClientConnection.java:111)

03-30 10:27:24.177  2444  2496 W System.err: 	at org.apache.http.impl.conn.DefaultClientConnection.openCompleted(DefaultClientConnection.java:134)

03-30 10:27:24.177  2444  2496 W System.err: 	at org.apache.http.impl.conn.DefaultClientConnectionOperator.openConnection(DefaultClientConnectionOperator.java:177)

03-30 10:27:24.177  2444  2496 W System.err: 	at org.apache.http.impl.conn.AbstractPoolEntry.open(AbstractPoolEntry.java:169)

03-30 10:27:24.177  2444  2496 W System.err: 	at org.apache.http.impl.conn.AbstractPooledConnAdapter.open(AbstractPooledConnAdapter.java:124)

03-30 10:27:24.177  2444  2496 W System.err: 	at org.apache.http.impl.client.DefaultRequestDirector.execute(DefaultRequestDirector.java:370)

03-30 10:27:24.178  2444  2496 W System.err: 	at org.apache.http.impl.client.AbstractHttpClient.execute(AbstractHttpClient.java:560)

03-30 10:27:24.178  2444  2496 W System.err: 	at org.apache.http.impl.client.AbstractHttpClient.execute(AbstractHttpClient.java:492)

03-30 10:27:24.178  2444  2496 W System.err: 	at org.apache.http.impl.client.AbstractHttpClient.execute(AbstractHttpClient.java:470)

03-30 10:27:24.178  2444  2496 W System.err: 	at com.videogo.openapi.RestfulUtils.post(RestfulUtils.java:470)

03-30 10:27:24.178  2444  2496 W System.err: 	at com.videogo.openapi.RestfulUtils.post(RestfulUtils.java:426)

03-30 10:27:24.178  2444  2496 W System.err: 	at com.videogo.openapi.EzvizAPI.reportData(EzvizAPI.java:4269)

03-30 10:27:24.178  2444  2496 W System.err: 	at com.videogo.openapi.EZOpenSDK$1.run(EZOpenSDK.java:108)

03-30 10:27:24.178  2444  2496 W System.err: 	at java.lang.Thread.run(Thread.java:818)

03-30 10:27:24.178  2444  2496 I RestfulUtils: IOException

03-30 10:27:24.179  2444  2496 W System.err: com.videogo.exception.BaseException: IO Error

03-30 10:27:24.179  2444  2496 W System.err: 	at com.videogo.openapi.RestfulUtils.post(RestfulUtils.java:500)

03-30 10:27:24.179  2444  2496 W System.err: 	at com.videogo.openapi.RestfulUtils.post(RestfulUtils.java:426)

03-30 10:27:24.179  2444  2496 W System.err: 	at com.videogo.openapi.EzvizAPI.reportData(EzvizAPI.java:4269)

03-30 10:27:24.179  2444  2496 W System.err: 	at com.videogo.openapi.EZOpenSDK$1.run(EZOpenSDK.java:108)

03-30 10:27:24.179  2444  2496 W System.err: 	at java.lang.Thread.run(Thread.java:818)

03-30 10:27:24.374  6151  6186 I octvm_klo: read wakeups from wakealarm_fd:1

03-30 10:27:24.374  6151  6186 I octvm_klo: new timerfd interval:

03-30 10:27:24.374  6151  6186 I octvm_klo: 	itval.it_interval.tv_sec 1, itval.it_interval.tv_nsec 0

03-30 10:27:24.374  6151  6186 I octvm_klo: 	itval.it_value.tv_sec 0, itval.it_value.tv_nsec 999994844

03-30 10:27:24.406   379   493 I ThermalEngine: Sensor:batt_temp:336 mC

03-30 10:27:24.967  2044  4142 D LocationPolicy: [uid = 10098, op = 2] is blocked by location policy

03-30 10:27:24.967  2044  4142 D WifiService: uid=10098 wifi scan blocked

03-30 10:27:25.333  2990  2990 D AndroidRuntime: >>>>>> START com.android.internal.os.RuntimeInit uid 2000 <<<<<<

03-30 10:27:25.338  2990  2990 D AndroidRuntime: CheckJNI is OFF

03-30 10:27:25.374  6151  6186 I octvm_klo: read wakeups from wakealarm_fd:1

03-30 10:27:25.374  6151  6186 I octvm_klo: new timerfd interval:

03-30 10:27:25.374  6151  6186 I octvm_klo: 	itval.it_interval.tv_sec 1, itval.it_interval.tv_nsec 0

03-30 10:27:25.374  6151  6186 I octvm_klo: 	itval.it_value.tv_sec 0, itval.it_value.tv_nsec 999992448

03-30 10:27:25.378  2990  2990 D ICU     : No timezone override file found: /data/misc/zoneinfo/current/icu/icu_tzdata.dat

03-30 10:27:25.407   379   493 I ThermalEngine: Sensor:batt_temp:337 mC

03-30 10:27:25.420  2990  2990 I Radio-JNI: register_android_hardware_Radio DONE

03-30 10:27:25.445  2990  2990 D AndroidRuntime: Calling main entry com.android.commands.input.Input

03-30 10:27:25.447  2990  2990 I Input   : injectMotionEvent: MotionEvent { action=ACTION_DOWN, actionButton=0, id[0]=0, x[0]=540.0, y[0]=1440.0, toolType[0]=TOOL_TYPE_UNKNOWN, buttonState=0, metaState=0, flags=0x0, edgeFlags=0x0, pointerCount=1, historySize=0, eventTime=336936226, downTime=336936226, deviceId=0, source=0x1002 }

03-30 10:27:25.455  2990  2990 I Input   : injectMotionEvent: MotionEvent { action=ACTION_MOVE, actionButton=0, id[0]=0, x[0]=540.0, y[0]=1440.0, toolType[0]=TOOL_TYPE_UNKNOWN, buttonState=0, metaState=0, flags=0x0, edgeFlags=0x0, pointerCount=1, historySize=0, eventTime=336936226, downTime=336936226, deviceId=0, source=0x1002 }

03-30 10:27:25.470  2990  2990 I Input   : injectMotionEvent: MotionEvent { action=ACTION_MOVE, actionButton=0, id[0]=0, x[0]=540.0, y[0]=1363.2, toolType[0]=TOOL_TYPE_UNKNOWN, buttonState=0, metaState=0, flags=0x0, edgeFlags=0x0, pointerCount=1, historySize=0, eventTime=336936250, downTime=336936250, deviceId=0, source=0x1002 }

03-30 10:27:25.492  2990  2990 I Input   : injectMotionEvent: MotionEvent { action=ACTION_MOVE, actionButton=0, id[0]=0, x[0]=540.0, y[0]=1292.8, toolType[0]=TOOL_TYPE_UNKNOWN, buttonState=0, metaState=0, flags=0x0, edgeFlags=0x0, pointerCount=1, historySize=0, eventTime=336936272, downTime=336936272, deviceId=0, source=0x1002 }

03-30 10:27:25.507  2990  2990 I Input   : injectMotionEvent: MotionEvent { action=ACTION_MOVE, actionButton=0, id[0]=0, x[0]=540.0, y[0]=1244.8, toolType[0]=TOOL_TYPE_UNKNOWN, buttonState=0, metaState=0, flags=0x0, edgeFlags=0x0, pointerCount=1, historySize=0, eventTime=336936287, downTime=336936287, deviceId=0, source=0x1002 }

03-30 10:27:25.521  2990  2990 I Input   : injectMotionEvent: MotionEvent { action=ACTION_MOVE, actionButton=0, id[0]=0, x[0]=540.0, y[0]=1200.0, toolType[0]=TOOL_TYPE_UNKNOWN, buttonState=0, metaState=0, flags=0x0, edgeFlags=0x0, pointerCount=1, historySize=0, eventTime=336936301, downTime=336936301, deviceId=0, source=0x1002 }

03-30 10:27:25.539  2990  2990 I Input   : injectMotionEvent: MotionEvent { action=ACTION_MOVE, actionButton=0, id[0]=0, x[0]=540.0, y[0]=1142.4, toolType[0]=TOOL_TYPE_UNKNOWN, buttonState=0, metaState=0, flags=0x0, edgeFlags=0x0, pointerCount=1, historySize=0, eventTime=336936319, downTime=336936319, deviceId=0, source=0x1002 }

03-30 10:27:25.553  2990  2990 I Input   : injectMotionEvent: MotionEvent { action=ACTION_MOVE, actionButton=0, id[0]=0, x[0]=540.0, y[0]=1097.6, toolType[0]=TOOL_TYPE_UNKNOWN, buttonState=0, metaState=0, flags=0x0, edgeFlags=0x0, pointerCount=1, historySize=0, eventTime=336936333, downTime=336936333, deviceId=0, source=0x1002 }

03-30 10:27:25.573  2990  2990 I Input   : injectMotionEvent: MotionEvent { action=ACTION_MOVE, actionButton=0, id[0]=0, x[0]=540.0, y[0]=1033.6, toolType[0]=TOOL_TYPE_UNKNOWN, buttonState=0, metaState=0, flags=0x0, edgeFlags=0x0, pointerCount=1, historySize=0, eventTime=336936353, downTime=336936353, deviceId=0, source=0x1002 }

03-30 10:27:25.589  2990  2990 I Input   : injectMotionEvent: MotionEvent { action=ACTION_MOVE, actionButton=0, id[0]=0, x[0]=540.0, y[0]=982.4, toolType[0]=TOOL_TYPE_UNKNOWN, buttonState=0, metaState=0, flags=0x0, edgeFlags=0x0, pointerCount=1, historySize=0, eventTime=336936369, downTime=336936369, deviceId=0, source=0x1002 }

03-30 10:27:25.608  2990  2990 I Input   : injectMotionEvent: MotionEvent { action=ACTION_MOVE, actionButton=0, id[0]=0, x[0]=540.0, y[0]=921.6, toolType[0]=TOOL_TYPE_UNKNOWN, buttonState=0, metaState=0, flags=0x0, edgeFlags=0x0, pointerCount=1, historySize=0, eventTime=336936388, downTime=336936388, deviceId=0, source=0x1002 }

03-30 10:27:25.622  2990  2990 I Input   : injectMotionEvent: MotionEvent { action=ACTION_MOVE, actionButton=0, id[0]=0, x[0]=540.0, y[0]=876.80005, toolType[0]=TOOL_TYPE_UNKNOWN, buttonState=0, metaState=0, flags=0x0, edgeFlags=0x0, pointerCount=1, historySize=0, eventTime=336936402, downTime=336936402, deviceId=0, source=0x1002 }

03-30 10:27:25.636  2990  2990 I Input   : injectMotionEvent: MotionEvent { action=ACTION_MOVE, actionButton=0, id[0]=0, x[0]=540.0, y[0]=832.0, toolType[0]=TOOL_TYPE_UNKNOWN, buttonState=0, metaState=0, flags=0x0, edgeFlags=0x0, pointerCount=1, historySize=0, eventTime=336936416, downTime=336936416, deviceId=0, source=0x1002 }

03-30 10:27:25.650  2990  2990 I Input   : injectMotionEvent: MotionEvent { action=ACTION_MOVE, actionButton=0, id[0]=0, x[0]=540.0, y[0]=787.2, toolType[0]=TOOL_TYPE_UNKNOWN, buttonState=0, metaState=0, flags=0x0, edgeFlags=0x0, pointerCount=1, historySize=0, eventTime=336936430, downTime=336936430, deviceId=0, source=0x1002 }

03-30 10:27:25.668  2990  2990 I Input   : injectMotionEvent: MotionEvent { action=ACTION_MOVE, actionButton=0, id[0]=0, x[0]=540.0, y[0]=729.6, toolType[0]=TOOL_TYPE_UNKNOWN, buttonState=0, metaState=0, flags=0x0, edgeFlags=0x0, pointerCount=1, historySize=0, eventTime=336936448, downTime=336936448, deviceId=0, source=0x1002 }

03-30 10:27:25.687  2990  2990 I Input   : injectMotionEvent: MotionEvent { action=ACTION_MOVE, actionButton=0, id[0]=0, x[0]=540.0, y[0]=668.8, toolType[0]=TOOL_TYPE_UNKNOWN, buttonState=0, metaState=0, flags=0x0, edgeFlags=0x0, pointerCount=1, historySize=0, eventTime=336936467, downTime=336936467, deviceId=0, source=0x1002 }

03-30 10:27:25.700  2990  2990 I Input   : injectMotionEvent: MotionEvent { action=ACTION_MOVE, actionButton=0, id[0]=0, x[0]=540.0, y[0]=627.19995, toolType[0]=TOOL_TYPE_UNKNOWN, buttonState=0, metaState=0, flags=0x0, edgeFlags=0x0, pointerCount=1, historySize=0, eventTime=336936480, downTime=336936480, deviceId=0, source=0x1002 }

03-30 10:27:25.718  2990  2990 I Input   : injectMotionEvent: MotionEvent { action=ACTION_MOVE, actionButton=0, id[0]=0, x[0]=540.0, y[0]=572.80005, toolType[0]=TOOL_TYPE_UNKNOWN, buttonState=0, metaState=0, flags=0x0, edgeFlags=0x0, pointerCount=1, historySize=0, eventTime=336936497, downTime=336936497, deviceId=0, source=0x1002 }

03-30 10:27:25.735  2990  2990 I Input   : injectMotionEvent: MotionEvent { action=ACTION_MOVE, actionButton=0, id[0]=0, x[0]=540.0, y[0]=515.2, toolType[0]=TOOL_TYPE_UNKNOWN, buttonState=0, metaState=0, flags=0x0, edgeFlags=0x0, pointerCount=1, historySize=0, eventTime=336936515, downTime=336936515, deviceId=0, source=0x1002 }

03-30 10:27:25.750  3745  3745 D wpa_supplicant: wlan0: Control interface command 'SIGNAL_POLL'

03-30 10:27:25.752  2990  2990 I Input   : injectMotionEvent: MotionEvent { action=ACTION_UP, actionButton=0, id[0]=0, x[0]=540.0, y[0]=480.0, toolType[0]=TOOL_TYPE_UNKNOWN, buttonState=0, metaState=0, flags=0x0, edgeFlags=0x0, pointerCount=1, historySize=0, eventTime=336936532, downTime=336936532, deviceId=0, source=0x1002 }

03-30 10:27:25.758  2990  2990 D AndroidRuntime: Shutting down VM

03-30 10:27:25.765  3745  3745 D wpa_supplicant: CTRL-DEBUG: global_ctrl_sock-sendto: sock=11 sndbuf=163840 outq=0 send_len=49

03-30 10:27:26.379  6151  6186 I octvm_klo: read wakeups from wakealarm_fd:1

03-30 10:27:26.379  6151  6186 I octvm_klo: new timerfd interval:

03-30 10:27:26.379  6151  6186 I octvm_klo: 	itval.it_interval.tv_sec 1, itval.it_interval.tv_nsec 0

03-30 10:27:26.379  6151  6186 I octvm_klo: 	itval.it_value.tv_sec 0, itval.it_value.tv_nsec 999997605

03-30 10:27:26.408   379   493 I ThermalEngine: Sensor:batt_temp:337 mC

03-30 10:27:27.380  6151  6186 I octvm_klo: read wakeups from wakealarm_fd:1

03-30 10:27:27.380  6151  6186 I octvm_klo: new timerfd interval:

03-30 10:27:27.380  6151  6186 I octvm_klo: 	itval.it_interval.tv_sec 1, itval.it_interval.tv_nsec 0

03-30 10:27:27.380  6151  6186 I octvm_klo: 	itval.it_value.tv_sec 0, itval.it_value.tv_nsec 999993698

03-30 10:27:27.416   379   493 I ThermalEngine: Sensor:batt_temp:336 mC

03-30 10:27:28.380  6151  6186 I octvm_klo: read wakeups from wakealarm_fd:1

03-30 10:27:28.380  6151  6186 I octvm_klo: new timerfd interval:

03-30 10:27:28.380  6151  6186 I octvm_klo: 	itval.it_interval.tv_sec 1, itval.it_interval.tv_nsec 0

03-30 10:27:28.380  6151  6186 I octvm_klo: 	itval.it_value.tv_sec 0, itval.it_value.tv_nsec 999990573

03-30 10:27:28.417   379   493 I ThermalEngine: Sensor:batt_temp:336 mC

03-30 10:27:28.771  3745  3745 D wpa_supplicant: wlan0: Control interface command 'SIGNAL_POLL'

03-30 10:27:28.786  3745  3745 D wpa_supplicant: CTRL-DEBUG: global_ctrl_sock-sendto: sock=11 sndbuf=163840 outq=0 send_len=49

03-30 10:27:28.794  2044  3622 D ConnectivityService: notifyType CAP_CHANGED for NetworkAgentInfo [WIFI () - 168]

03-30 10:27:28.796  3746  3746 D StatusBar.NetworkController: slot=-10;action=android.net.wifi.RSSI_CHANGED

03-30 10:27:29.380  6151  6186 I octvm_klo: read wakeups from wakealarm_fd:1

03-30 10:27:29.380  6151  6186 I octvm_klo: new timerfd interval:

03-30 10:27:29.380  6151  6186 I octvm_klo: 	itval.it_interval.tv_sec 1, itval.it_interval.tv_nsec 0

03-30 10:27:29.380  6151  6186 I octvm_klo: 	itval.it_value.tv_sec 0, itval.it_value.tv_nsec 999994792

03-30 10:27:29.419   379   493 I ThermalEngine: Sensor:batt_temp:336 mC

03-30 10:27:29.659 25810 25810 W AppWatcher: type=1400 audit(0.0:55139814): avc: denied { getattr } for path="/proc/opalum-temp-calib" dev="proc" ino=4026534631 scontext=u:r:untrusted_app:s0:c512,c768 tcontext=u:object_r:proc_opalum:s0 tclass=file permissive=0

03-30 10:27:29.659 25810 25810 W AppWatcher: type=1400 audit(0.0:55139815): avc: denied { getattr } for path="/proc/opalum-f0-calib" dev="proc" ino=4026534630 scontext=u:r:untrusted_app:s0:c512,c768 tcontext=u:object_r:proc_opalum:s0 tclass=file permissive=0

03-30 10:27:29.659 25810 25810 W AppWatcher: type=1400 audit(0.0:55139816): avc: denied { getattr } for path="/proc/sysrq-trigger" dev="proc" ino=4026533735 scontext=u:r:untrusted_app:s0:c512,c768 tcontext=u:object_r:proc_sysrq:s0 tclass=file permissive=0

03-30 10:27:29.669 25810 25810 W AppWatcher: type=1400 audit(0.0:55139817): avc: denied { getattr } for path="/proc/1" dev="proc" ino=11921139 scontext=u:r:untrusted_app:s0:c512,c768 tcontext=u:r:init:s0 tclass=dir permissive=0

03-30 10:27:29.669 25810 25810 W AppWatcher: type=1400 audit(0.0:55139818): avc: denied { getattr } for path="/proc/2" dev="proc" ino=11961941 scontext=u:r:untrusted_app:s0:c512,c768 tcontext=u:r:kernel:s0 tclass=dir permissive=0

03-30 10:27:29.669 25810 25810 W AppWatcher: type=1400 audit(0.0:55139819): avc: denied { getattr } for path="/proc/3" dev="proc" ino=11961942 scontext=u:r:untrusted_app:s0:c512,c768 tcontext=u:r:kernel:s0 tclass=dir permissive=0

03-30 10:27:29.669 25810 25810 W AppWatcher: type=1400 audit(0.0:55139820): avc: denied { getattr } for path="/proc/6" dev="proc" ino=11961943 scontext=u:r:untrusted_app:s0:c512,c768 tcontext=u:r:kernel:s0 tclass=dir permissive=0

03-30 10:27:29.669 25810 25810 W AppWatcher: type=1400 audit(0.0:55139821): avc: denied { getattr } for path="/proc/7" dev="proc" ino=11961944 scontext=u:r:untrusted_app:s0:c512,c768 tcontext=u:r:kernel:s0 tclass=dir permissive=0

03-30 10:27:29.679 25810 25810 W AppWatcher: type=1400 audit(0.0:55139822): avc: denied { getattr } for path="/proc/8" dev="proc" ino=11961945 scontext=u:r:untrusted_app:s0:c512,c768 tcontext=u:r:kernel:s0 tclass=dir permissive=0

03-30 10:27:29.679 25810 25810 W AppWatcher: type=1400 audit(0.0:55139823): avc: denied { getattr } for path="/proc/21" dev="proc" ino=11961946 scontext=u:r:untrusted_app:s0:c512,c768 tcontext=u:r:kernel:s0 tclass=dir permissive=0

03-30 10:27:29.679 25810 25810 W AppWatcher: type=1400 audit(0.0:55139824): avc: denied { getattr } for path="/proc/22" dev="proc" ino=11961947 scontext=u:r:untrusted_app:s0:c512,c768 tcontext=u:r:kernel:s0 tclass=dir permissive=0

03-30 10:27:29.679 25810 25810 W AppWatcher: type=1400 audit(0.0:55139825): avc: denied { getattr } for path="/proc/28" dev="proc" ino=11961948 scontext=u:r:untrusted_app:s0:c512,c768 tcontext=u:r:kernel:s0 tclass=dir permissive=0

03-30 10:27:29.679 25810 25810 W AppWatcher: type=1400 audit(0.0:55139826): avc: denied { getattr } for path="/proc/29" dev="proc" ino=11961949 scontext=u:r:untrusted_app:s0:c512,c768 tcontext=u:r:kernel:s0 tclass=dir permissive=0

03-30 10:27:29.679 25810 25810 W AppWatcher: type=1400 audit(0.0:55139827): avc: denied { getattr } for path="/proc/30" dev="proc" ino=11961950 scontext=u:r:untrusted_app:s0:c512,c768 tcontext=u:r:kernel:s0 tclass=dir permissive=0

03-30 10:27:29.689 25810 25810 W AppWatcher: type=1400 audit(0.0:55139828): avc: denied { getattr } for path="/proc/32" dev="proc" ino=11961951 scontext=u:r:untrusted_app:s0:c512,c768 tcontext=u:r:kernel:s0 tclass=dir permissive=0

03-30 10:27:29.689 25810 25810 W AppWatcher: type=1400 audit(0.0:55139829): avc: denied { getattr } for path="/proc/33" dev="proc" ino=11961952 scontext=u:r:untrusted_app:s0:c512,c768 tcontext=u:r:kernel:s0 tclass=dir permissive=0

03-30 10:27:29.689 25810 25810 W AppWatcher: type=1400 audit(0.0:55139830): avc: denied { getattr } for path="/proc/34" dev="proc" ino=11961953 scontext=u:r:untrusted_app:s0:c512,c768 tcontext=u:r:kernel:s0 tclass=dir permissive=0

03-30 10:27:29.689 25810 25810 W AppWatcher: type=1400 audit(0.0:55139831): avc: denied { getattr } for path="/proc/61" dev="proc" ino=11961954 scontext=u:r:untrusted_app:s0:c512,c768 tcontext=u:r:kernel:s0 tclass=dir permissive=0

03-30 10:27:29.689 25810 25810 W AppWatcher: type=1400 audit(0.0:55139832): avc: denied { getattr } for path="/proc/62" dev="proc" ino=11961955 scontext=u:r:untrusted_app:s0:c512,c768 tcontext=u:r:kernel:s0 tclass=dir permissive=0

03-30 10:27:29.689 25810 25810 W AppWatcher: type=1400 audit(0.0:55139833): avc: denied { getattr } for path="/proc/63" dev="proc" ino=11961956 scontext=u:r:untrusted_app:s0:c512,c768 tcontext=u:r:kernel:s0 tclass=dir permissive=0

03-30 10:27:30.380  6151  6186 I octvm_klo: read wakeups from wakealarm_fd:1

03-30 10:27:30.380  6151  6186 I octvm_klo: new timerfd interval:

03-30 10:27:30.380  6151  6186 I octvm_klo: 	itval.it_interval.tv_sec 1, itval.it_interval.tv_nsec 0

03-30 10:27:30.380  6151  6186 I octvm_klo: 	itval.it_value.tv_sec 0, itval.it_value.tv_nsec 999996041

03-30 10:27:30.420   379   493 I ThermalEngine: Sensor:batt_temp:337 mC

03-30 10:27:31.381  6151  6186 I octvm_klo: read wakeups from wakealarm_fd:1

03-30 10:27:31.381  6151  6186 I octvm_klo: new timerfd interval:

03-30 10:27:31.381  6151  6186 I octvm_klo: 	itval.it_interval.tv_sec 1, itval.it_interval.tv_nsec 0

03-30 10:27:31.381  6151  6186 I octvm_klo: 	itval.it_value.tv_sec 0, itval.it_value.tv_nsec 999995468

03-30 10:27:31.421   379   493 I ThermalEngine: Sensor:batt_temp:336 mC

03-30 10:27:31.802  3745  3745 D wpa_supplicant: wlan0: Control interface command 'SIGNAL_POLL'

03-30 10:27:31.817  3745  3745 D wpa_supplicant: CTRL-DEBUG: global_ctrl_sock-sendto: sock=11 sndbuf=163840 outq=0 send_len=49

03-30 10:27:31.820  2044  3622 D ConnectivityService: notifyType CAP_CHANGED for NetworkAgentInfo [WIFI () - 168]

03-30 10:27:31.822  3746  3746 D StatusBar.NetworkController: slot=-10;action=android.net.wifi.RSSI_CHANGED

03-30 10:27:32.381  6151  6186 I octvm_klo: read wakeups from wakealarm_fd:1

03-30 10:27:32.381  6151  6186 I octvm_klo: new timerfd interval:

03-30 10:27:32.381  6151  6186 I octvm_klo: 	itval.it_interval.tv_sec 1, itval.it_interval.tv_nsec 0

03-30 10:27:32.381  6151  6186 I octvm_klo: 	itval.it_value.tv_sec 0, itval.it_value.tv_nsec 999997500

03-30 10:27:32.422   379   493 I ThermalEngine: Sensor:batt_temp:336 mC

03-30 10:27:33.381  6151  6186 I octvm_klo: read wakeups from wakealarm_fd:1

03-30 10:27:33.381  6151  6186 I octvm_klo: new timerfd interval:

03-30 10:27:33.381  6151  6186 I octvm_klo: 	itval.it_interval.tv_sec 1, itval.it_interval.tv_nsec 0

03-30 10:27:33.381  6151  6186 I octvm_klo: 	itval.it_value.tv_sec 0, itval.it_value.tv_nsec 999996719

03-30 10:27:33.423   379   493 I ThermalEngine: Sensor:batt_temp:336 mC

03-30 10:27:34.381  6151  6186 I octvm_klo: read wakeups from wakealarm_fd:1

03-30 10:27:34.382  6151  6186 I octvm_klo: new timerfd interval:

03-30 10:27:34.382  6151  6186 I octvm_klo: 	itval.it_interval.tv_sec 1, itval.it_interval.tv_nsec 0

03-30 10:27:34.382  6151  6186 I octvm_klo: 	itval.it_value.tv_sec 0, itval.it_value.tv_nsec 999996302

03-30 10:27:34.425   379   493 I ThermalEngine: Sensor:batt_temp:336 mC

03-30 10:27:34.822  3745  3745 D wpa_supplicant: wlan0: Control interface command 'SIGNAL_POLL'

03-30 10:27:34.838  3745  3745 D wpa_supplicant: CTRL-DEBUG: global_ctrl_sock-sendto: sock=11 sndbuf=163840 outq=0 send_len=49

03-30 10:27:35.382  6151  6186 I octvm_klo: read wakeups from wakealarm_fd:1

03-30 10:27:35.382  6151  6186 I octvm_klo: new timerfd interval:

03-30 10:27:35.382  6151  6186 I octvm_klo: 	itval.it_interval.tv_sec 1, itval.it_interval.tv_nsec 0

03-30 10:27:35.382  6151  6186 I octvm_klo: 	itval.it_value.tv_sec 0, itval.it_value.tv_nsec 999995886

03-30 10:27:35.426   379   493 I ThermalEngine: Sensor:batt_temp:336 mC

03-30 10:27:36.383  6151  6186 I octvm_klo: read wakeups from wakealarm_fd:1

03-30 10:27:36.383  6151  6186 I octvm_klo: new timerfd interval:

03-30 10:27:36.383  6151  6186 I octvm_klo: 	itval.it_interval.tv_sec 1, itval.it_interval.tv_nsec 0

03-30 10:27:36.383  6151  6186 I octvm_klo: 	itval.it_value.tv_sec 0, itval.it_value.tv_nsec 999996614

03-30 10:27:36.427   379   493 I ThermalEngine: Sensor:batt_temp:336 mC

03-30 10:27:37.383  6151  6186 I octvm_klo: read wakeups from wakealarm_fd:1

03-30 10:27:37.383  6151  6186 I octvm_klo: new timerfd interval:

03-30 10:27:37.383  6151  6186 I octvm_klo: 	itval.it_interval.tv_sec 1, itval.it_interval.tv_nsec 0

03-30 10:27:37.383  6151  6186 I octvm_klo: 	itval.it_value.tv_sec 0, itval.it_value.tv_nsec 999996094

03-30 10:27:37.429   379   493 I ThermalEngine: Sensor:batt_temp:336 mC

03-30 10:27:37.841  3745  3745 D wpa_supplicant: wlan0: Control interface command 'SIGNAL_POLL'

03-30 10:27:37.855  3745  3745 D wpa_supplicant: CTRL-DEBUG: global_ctrl_sock-sendto: sock=11 sndbuf=163840 outq=0 send_len=49

03-30 10:27:37.892  2444  2567 D UTAnalytics:CommitTask: pid:2444 check&commit event:65502,

03-30 10:27:37.892  2444  2567 D UTAnalytics:CommitTask: pid:2444 next:65502,

03-30 10:27:37.893  2444  2567 D UTAnalytics:CommitTask: pid:2444 check&commit event:65503,

03-30 10:27:37.893  2444  2567 D UTAnalytics:CommitTask: pid:2444 next:65503,

03-30 10:27:37.893  2444  2567 D UTAnalytics:CommitTask: pid:2444 check&commit event:65501,

03-30 10:27:37.893  2444  2567 D UTAnalytics:CommitTask: pid:2444 next:65501,

03-30 10:27:38.025  2444  2567 D UTAnalytics:LogStoreMgr: pid:2444 [store],

03-30 10:27:38.036  2444  2567 D UTAnalytics:UTSqliteLogStore: pid:2444 sql:SELECT * FROM log ORDER BY time ASC  LIMIT 350,

03-30 10:27:38.038  2444  2567 D UTAnalytics:LogStoreMgr: pid:2444 [get],[],

03-30 10:27:38.041  2444  2567 D UTAnalytics:UploadEngine: pid:2444 UTDC.bBackground:false,AppInfoUtil.isForeground(UTDC.getContext()) ,true,

03-30 10:27:38.044  2444  2567 D UTAnalytics:UploadTask: pid:2444 mPeriod:30000,

03-30 10:27:38.384  6151  6186 I octvm_klo: read wakeups from wakealarm_fd:1

03-30 10:27:38.384  6151  6186 I octvm_klo: new timerfd interval:

03-30 10:27:38.384  6151  6186 I octvm_klo: 	itval.it_interval.tv_sec 1, itval.it_interval.tv_nsec 0

03-30 10:27:38.384  6151  6186 I octvm_klo: 	itval.it_value.tv_sec 0, itval.it_value.tv_nsec 999995625

03-30 10:27:38.430   379   493 I ThermalEngine: Sensor:batt_temp:336 mC

03-30 10:27:39.384  6151  6186 I octvm_klo: read wakeups from wakealarm_fd:1

03-30 10:27:39.384  6151  6186 I octvm_klo: new timerfd interval:

03-30 10:27:39.384  6151  6186 I octvm_klo: 	itval.it_interval.tv_sec 1, itval.it_interval.tv_nsec 0

03-30 10:27:39.384  6151  6186 I octvm_klo: 	itval.it_value.tv_sec 0, itval.it_value.tv_nsec 999991354

03-30 10:27:39.431   379   493 I ThermalEngine: Sensor:batt_temp:336 mC

03-30 10:27:39.839 25810 25810 W AppWatcher: type=1400 audit(0.0:55140074): avc: denied { getattr } for path="/proc/opalum-temp-calib" dev="proc" ino=4026534631 scontext=u:r:untrusted_app:s0:c512,c768 tcontext=u:object_r:proc_opalum:s0 tclass=file permissive=0

03-30 10:27:39.839 25810 25810 W AppWatcher: type=1400 audit(0.0:55140075): avc: denied { getattr } for path="/proc/opalum-f0-calib" dev="proc" ino=4026534630 scontext=u:r:untrusted_app:s0:c512,c768 tcontext=u:object_r:proc_opalum:s0 tclass=file permissive=0

03-30 10:27:39.839 25810 25810 W AppWatcher: type=1400 audit(0.0:55140076): avc: denied { getattr } for path="/proc/sysrq-trigger" dev="proc" ino=4026533735 scontext=u:r:untrusted_app:s0:c512,c768 tcontext=u:object_r:proc_sysrq:s0 tclass=file permissive=0

03-30 10:27:39.839 25810 25810 W AppWatcher: type=1400 audit(0.0:55140077): avc: denied { getattr } for path="/proc/1" dev="proc" ino=11921139 scontext=u:r:untrusted_app:s0:c512,c768 tcontext=u:r:init:s0 tclass=dir permissive=0

03-30 10:27:39.849 25810 25810 W AppWatcher: type=1400 audit(0.0:55140078): avc: denied { getattr } for path="/proc/2" dev="proc" ino=11961941 scontext=u:r:untrusted_app:s0:c512,c768 tcontext=u:r:kernel:s0 tclass=dir permissive=0

03-30 10:27:39.849 25810 25810 W AppWatcher: type=1400 audit(0.0:55140079): avc: denied { getattr } for path="/proc/3" dev="proc" ino=11961942 scontext=u:r:untrusted_app:s0:c512,c768 tcontext=u:r:kernel:s0 tclass=dir permissive=0

03-30 10:27:39.849 25810 25810 W AppWatcher: type=1400 audit(0.0:55140080): avc: denied { getattr } for path="/proc/6" dev="proc" ino=11961943 scontext=u:r:untrusted_app:s0:c512,c768 tcontext=u:r:kernel:s0 tclass=dir permissive=0

03-30 10:27:39.849 25810 25810 W AppWatcher: type=1400 audit(0.0:55140081): avc: denied { getattr } for path="/proc/7" dev="proc" ino=11961944 scontext=u:r:untrusted_app:s0:c512,c768 tcontext=u:r:kernel:s0 tclass=dir permissive=0

03-30 10:27:39.849 25810 25810 W AppWatcher: type=1400 audit(0.0:55140082): avc: denied { getattr } for path="/proc/8" dev="proc" ino=11961945 scontext=u:r:untrusted_app:s0:c512,c768 tcontext=u:r:kernel:s0 tclass=dir permissive=0

03-30 10:27:39.849 25810 25810 W AppWatcher: type=1400 audit(0.0:55140083): avc: denied { getattr } for path="/proc/21" dev="proc" ino=11961946 scontext=u:r:untrusted_app:s0:c512,c768 tcontext=u:r:kernel:s0 tclass=dir permissive=0

03-30 10:27:39.849 25810 25810 W AppWatcher: type=1400 audit(0.0:55140084): avc: denied { getattr } for path="/proc/22" dev="proc" ino=11961947 scontext=u:r:untrusted_app:s0:c512,c768 tcontext=u:r:kernel:s0 tclass=dir permissive=0

03-30 10:27:39.849 25810 25810 W AppWatcher: type=1400 audit(0.0:55140085): avc: denied { getattr } for path="/proc/28" dev="proc" ino=11961948 scontext=u:r:untrusted_app:s0:c512,c768 tcontext=u:r:kernel:s0 tclass=dir permissive=0

03-30 10:27:39.849 25810 25810 W AppWatcher: type=1400 audit(0.0:55140086): avc: denied { getattr } for path="/proc/29" dev="proc" ino=11961949 scontext=u:r:untrusted_app:s0:c512,c768 tcontext=u:r:kernel:s0 tclass=dir permissive=0

03-30 10:27:39.849 25810 25810 W AppWatcher: type=1400 audit(0.0:55140087): avc: denied { getattr } for path="/proc/30" dev="proc" ino=11961950 scontext=u:r:untrusted_app:s0:c512,c768 tcontext=u:r:kernel:s0 tclass=dir permissive=0

03-30 10:27:39.849 25810 25810 W AppWatcher: type=1400 audit(0.0:55140088): avc: denied { getattr } for path="/proc/32" dev="proc" ino=11961951 scontext=u:r:untrusted_app:s0:c512,c768 tcontext=u:r:kernel:s0 tclass=dir permissive=0

03-30 10:27:39.849 25810 25810 W AppWatcher: type=1400 audit(0.0:55140089): avc: denied { getattr } for path="/proc/33" dev="proc" ino=11961952 scontext=u:r:untrusted_app:s0:c512,c768 tcontext=u:r:kernel:s0 tclass=dir permissive=0

03-30 10:27:39.849 25810 25810 W AppWatcher: type=1400 audit(0.0:55140090): avc: denied { getattr } for path="/proc/34" dev="proc" ino=11961953 scontext=u:r:untrusted_app:s0:c512,c768 tcontext=u:r:kernel:s0 tclass=dir permissive=0

03-30 10:27:39.849 25810 25810 W AppWatcher: type=1400 audit(0.0:55140091): avc: denied { getattr } for path="/proc/61" dev="proc" ino=11961954 scontext=u:r:untrusted_app:s0:c512,c768 tcontext=u:r:kernel:s0 tclass=dir permissive=0

03-30 10:27:39.849 25810 25810 W AppWatcher: type=1400 audit(0.0:55140092): avc: denied { getattr } for path="/proc/62" dev="proc" ino=11961955 scontext=u:r:untrusted_app:s0:c512,c768 tcontext=u:r:kernel:s0 tclass=dir permissive=0

03-30 10:27:39.859 25810 25810 W AppWatcher: type=1400 audit(0.0:55140093): avc: denied { getattr } for path="/proc/63" dev="proc" ino=11961956 scontext=u:r:untrusted_app:s0:c512,c768 tcontext=u:r:kernel:s0 tclass=dir permissive=0

03-30 10:27:39.944  2044  3620 D WifiStateMachine: starting scan for "56.1_neiwang"-WPA_PSK with 5280,2412

03-30 10:27:39.944  3745  3745 D wpa_supplicant: wlan0: Control interface command 'SCAN TYPE=ONLY freq=5280,2412'

03-30 10:27:39.945  3745  3745 D wpa_supplicant: wlan0: Setting scan request: 0.000000 sec

03-30 10:27:39.945  3745  3745 D wpa_supplicant: CTRL-DEBUG: global_ctrl_sock-sendto: sock=11 sndbuf=163840 outq=0 send_len=3

03-30 10:27:39.946  3745  3745 D wpa_supplicant: wlan0: Starting AP scan for wildcard SSID

03-30 10:27:39.946  3745  3745 D wpa_supplicant: wlan0: Limit manual scan to specified channels

03-30 10:27:39.946  3745  3745 D wpa_supplicant: wlan0: Add radio work 'scan'@0xb68d9398

03-30 10:27:39.946  3745  3745 D wpa_supplicant: wlan0: First radio work item in the queue - schedule start immediately

03-30 10:27:39.947  3745  3745 D wpa_supplicant: wlan0: Starting radio work 'scan'@0xb68d9398 after 0.000094 second wait

03-30 10:27:39.947  3745  3745 D wpa_supplicant: wlan0: nl80211: scan request

03-30 10:27:39.947  3745  3745 D wpa_supplicant: nl80211: Scan SSID - hexdump(len=0): [NULL]

03-30 10:27:39.947  3745  3745 D wpa_supplicant: nl80211: Scan extra IEs - hexdump(len=7): 7f 05 00 00 0a 02 01

03-30 10:27:39.947  3745  3745 D wpa_supplicant: nl80211: Scan frequency 2412 MHz

03-30 10:27:39.947  3745  3745 D wpa_supplicant: nl80211: Scan frequency 5280 MHz

03-30 10:27:39.960  3745  3745 D wpa_supplicant: Scan requested (ret=0) - scan timeout 30 seconds

03-30 10:27:39.960  3745  3745 D wpa_supplicant: nl80211: Event message available

03-30 10:27:39.960  3745  3745 D wpa_supplicant: nl80211: Drv Event 33 (NL80211_CMD_TRIGGER_SCAN) received for wlan0

03-30 10:27:39.960  3745  3745 D wpa_supplicant: wlan0: nl80211: Scan trigger

03-30 10:27:39.960  3745  3745 D wpa_supplicant: wlan0: Event SCAN_STARTED (47) received

03-30 10:27:39.960  3745  3745 D wpa_supplicant: wlan0: Own scan request started a scan in 0.000228 seconds

03-30 10:27:39.960  3745  3745 D wpa_supplicant: CTRL-DEBUG: ctrl_sock-sendmsg: sock=11 sndbuf=163840 outq=0 send_len=24

03-30 10:27:39.962  3745  3745 D wpa_supplicant: CTRL_IFACE monitor sent successfully to /data/misc/wifi/sockets/wpa_ctrl_2044-2\x00

03-30 10:27:40.086  3745  3745 D wpa_supplicant: nl80211: Event message available

03-30 10:27:40.086  3745  3745 D wpa_supplicant: nl80211: Drv Event 34 (NL80211_CMD_NEW_SCAN_RESULTS) received for wlan0

03-30 10:27:40.086  3745  3745 D wpa_supplicant: wlan0: nl80211: New scan results available

03-30 10:27:40.086  3745  3745 D wpa_supplicant: nl80211: Scan included frequencies: 2412 5280

03-30 10:27:40.086  3745  3745 D wpa_supplicant: wlan0: Event SCAN_RESULTS (3) received

03-30 10:27:40.086  3745  3745 D wpa_supplicant: wlan0: Scan completed in 0.125634 seconds

03-30 10:27:40.086  3745  3745 D wpa_supplicant: nl80211: Associated on 5280 MHz

03-30 10:27:40.086  3745  3745 D wpa_supplicant: nl80211: Associated with cc:81:da:9c:13:28

03-30 10:27:40.086  3745  3745 D wpa_supplicant: nl80211: Received scan results (32 BSSes)

03-30 10:27:40.087  3745  3745 D wpa_supplicant: nl80211: Scan results indicate BSS status with cc:81:da:9c:13:28 as associated

03-30 10:27:40.087  3745  3745 D wpa_supplicant: wlan0: BSS: Start scan result update 5213

03-30 10:27:40.087  3745  3745 D wpa_supplicant: BSS: last_scan_res_used=32/64

03-30 10:27:40.087  3745  3745 D wpa_supplicant: wlan0: Scan-only results received

03-30 10:27:40.087  3745  3745 D wpa_supplicant: CTRL-DEBUG: ctrl_sock-sendmsg: sock=11 sndbuf=163840 outq=0 send_len=24

03-30 10:27:40.087  3745  3745 D wpa_supplicant: CTRL_IFACE monitor sent successfully to /data/misc/wifi/sockets/wpa_ctrl_2044-2\x00

03-30 10:27:40.087  3745  3745 D wpa_supplicant: wlan0: Radio work 'scan'@0xb68d9398 done in 0.140575 seconds

03-30 10:27:40.090  3745  3745 D wpa_supplicant: RTM_NEWLINK: ifi_index=22 ifname=wlan0 wext ifi_family=0 ifi_flags=0x11043 ([UP][RUNNING][LOWER_UP])

03-30 10:27:40.098  3745  3745 D wpa_supplicant: CTRL-DEBUG: global_ctrl_sock-sendto: sock=11 sndbuf=163840 outq=0 send_len=3541

03-30 10:27:40.108  3745  3745 D wpa_supplicant: CTRL-DEBUG: global_ctrl_sock-sendto: sock=11 sndbuf=163840 outq=0 send_len=3699

