03-30 10:36:24.556 11889 11983 D HomeMate: comm[ Thread-44416: FileTool.java:65 deleteOldFiles() ] - deleteOldFiles()-fileName:HomeMate_20170309164455.537.txt

03-30 10:36:24.556 11889 11983 D HomeMate: comm[ Thread-44416: FileTool.java:65 deleteOldFiles() ] - deleteOldFiles()-fileName:HomeMate_20170309164404.213.txt

03-30 10:36:24.556 11889 11983 D HomeMate: comm[ Thread-44416: FileTool.java:65 deleteOldFiles() ] - deleteOldFiles()-fileName:HomeMate_20170309164322.451.txt

03-30 10:36:24.557 11889 11983 D HomeMate: comm[ Thread-44416: FileTool.java:65 deleteOldFiles() ] - deleteOldFiles()-fileName:HomeMate_20170309164237.378.txt

03-30 10:36:24.557 11889 11983 D HomeMate: comm[ Thread-44416: FileTool.java:65 deleteOldFiles() ] - deleteOldFiles()-fileName:HomeMate_20170309164138.376.txt

03-30 10:36:24.558 11889 11983 D HomeMate: comm[ Thread-44416: FileTool.java:65 deleteOldFiles() ] - deleteOldFiles()-fileName:HomeMate_20170309164039.456.txt

03-30 10:36:24.558 11889 11889 D HomeMate: comm[ main: HomeFragment.java:279 onInit() ] - HomeRefresh

03-30 10:36:24.558 11889 11983 D HomeMate: comm[ Thread-44416: FileTool.java:65 deleteOldFiles() ] - deleteOldFiles()-fileName:HomeMate_20170309164001.935.txt

03-30 10:36:24.558 11889 11983 D HomeMate: comm[ Thread-44416: FileTool.java:65 deleteOldFiles() ] - deleteOldFiles()-fileName:HomeMate_20170309163837.701.txt

03-30 10:36:24.558 11889 11889 D HomeMate: allen[ main: HomeFragment.java:291 onRefreshFamilies() ] - families:[Family{familyId='ea4205a93f1c46b4a6df9bb391513dd9', pic='null', creator='91a31ba24648493aad89636922662c04', familyName='ojrtx', nickname_in_family='null', email='15079034630@126.com', phone='', showIndex=1, isAdmin=1, userid='91a31ba24648493aad89636922662c04', userName=ahdhhddhhd, updateTimeSec=1490841108000} , Family{familyId='7c9d5013119f46a2a89fe662794afe17', pic='null', creator='91a31ba24648493aad89636922662c04', familyName='gggy', nickname_in_family='null', email='15079034630@126.com', phone='', showIndex=2, isAdmin=1, userid='91a31ba24648493aad89636922662c04', userName=ahdhhddhhd, updateTimeSec=1490702078000} , Family{familyId='2f2e636022b94e218b3c2f9756c65cc5', pic='http://homemate.orvibo.com/images/family/decd605137a041d3943517d8943621bf.png', creator='91a31ba24648493aad89636922662c04', familyName='f30ow', nickname_in_family='null', email='15079034630@126.com', phone='', showIndex=3, isAdmin=1, userid='91a31ba24648493aad89636922662c04', userName=ahdhhddhhd, updateTimeSec=1490702078000} , Family{familyId='8a1ceb7b78034a539fbebe64efd979fc', pic='http://homemate.orvibo.com/images/family/5d1549631bde4bba877fa28498755239.png', creator='91a31ba24648493aad89636922662c04', familyName='2fa1b', nickname_in_family='null', email='15079034630@126.com', phone='', showIndex=4, isAdmin=1, userid='91a31ba24648493aad89636922662c04', userName=ahdhhddhhd, updateTimeSec=1490702078000} , Family{familyId='dbc10e32ebe547cc932bce19fe63d2c1', pic='http://homemate.orvibo.com/images/family/783967619a144ff182042bce99002bb1.png', creator='91a31ba24648493aad89636922662c04', familyName='iu299', nickname_in_family='null', email='15079034630@126.com', phone='', showIndex=5, isAdmin=1, userid='91a31ba24648493aad89636922662c04', userName=ahdhhddhhd, updateTimeSec=1490702078000} ] selectFamilyPosition:0

03-30 10:36:24.559 11889 11983 D HomeMate: comm[ Thread-44416: FileTool.java:65 deleteOldFiles() ] - deleteOldFiles()-fileName:HomeMate_20170309163753.617.txt

03-30 10:36:24.559 11889 11983 D HomeMate: comm[ Thread-44416: FileTool.java:65 deleteOldFiles() ] - deleteOldFiles()-fileName:HomeMate_20170309163559.743.txt

03-30 10:36:24.559  6151  6186 I octvm_klo: read wakeups from wakealarm_fd:1

03-30 10:36:24.559  6151  6186 I octvm_klo: new timerfd interval:

03-30 10:36:24.559  6151  6186 I octvm_klo: 	itval.it_interval.tv_sec 1, itval.it_interval.tv_nsec 0

03-30 10:36:24.559  6151  6186 I octvm_klo: 	itval.it_value.tv_sec 0, itval.it_value.tv_nsec 999997865

03-30 10:36:24.560 11889 11983 D HomeMate: comm[ Thread-44416: FileTool.java:65 deleteOldFiles() ] - deleteOldFiles()-fileName:HomeMate_20170309163517.947.txt

03-30 10:36:24.560 11889 11983 D HomeMate: comm[ Thread-44416: FileTool.java:65 deleteOldFiles() ] - deleteOldFiles()-fileName:HomeMate_20170309163330.794.txt

03-30 10:36:24.561 11889 11983 D HomeMate: comm[ Thread-44416: FileTool.java:65 deleteOldFiles() ] - deleteOldFiles()-fileName:HomeMate_20170309163220.576.txt

03-30 10:36:24.561 11889 11983 D HomeMate: comm[ Thread-44416: FileTool.java:65 deleteOldFiles() ] - deleteOldFiles()-fileName:HomeMate_20170309163139.832.txt

03-30 10:36:24.561 11889 11983 D HomeMate: comm[ Thread-44416: FileTool.java:65 deleteOldFiles() ] - deleteOldFiles()-fileName:HomeMate_20170309163100.992.txt

03-30 10:36:24.562 11889 11983 D HomeMate: comm[ Thread-44416: FileTool.java:65 deleteOldFiles() ] - deleteOldFiles()-fileName:HomeMate_20170309163024.832.txt

03-30 10:36:24.562 11889 11983 D HomeMate: comm[ Thread-44416: FileTool.java:65 deleteOldFiles() ] - deleteOldFiles()-fileName:HomeMate_20170309162946.084.txt

03-30 10:36:24.563 11889 11983 D HomeMate: comm[ Thread-44416: FileTool.java:65 deleteOldFiles() ] - deleteOldFiles()-fileName:HomeMate_20170309162909.784.txt

03-30 10:36:24.563 11889 11983 D HomeMate: comm[ Thread-44416: FileTool.java:65 deleteOldFiles() ] - deleteOldFiles()-fileName:HomeMate_20170309162729.614.txt

03-30 10:36:24.563 11889 11983 D HomeMate: comm[ Thread-44416: FileTool.java:65 deleteOldFiles() ] - deleteOldFiles()-fileName:HomeMate_20170309162722.544.txt

03-30 10:36:24.564 11889 11983 D HomeMate: comm[ Thread-44416: FileTool.java:65 deleteOldFiles() ] - deleteOldFiles()-fileName:HomeMate_20170309162652.837.txt

03-30 10:36:24.564 11889 11983 D HomeMate: comm[ Thread-44416: FileTool.java:65 deleteOldFiles() ] - deleteOldFiles()-fileName:HomeMate_20170309162616.220.txt

03-30 10:36:24.565 11889 11983 D HomeMate: comm[ Thread-44416: FileTool.java:65 deleteOldFiles() ] - deleteOldFiles()-fileName:HomeMate_20170309162530.542.txt

03-30 10:36:24.565 11889 11983 D HomeMate: comm[ Thread-44416: FileTool.java:65 deleteOldFiles() ] - deleteOldFiles()-fileName:HomeMate_20170309162451.275.txt

03-30 10:36:24.565 11889 11983 D HomeMate: comm[ Thread-44416: FileTool.java:65 deleteOldFiles() ] - deleteOldFiles()-fileName:HomeMate_20170309162413.089.txt

03-30 10:36:24.566 11889 11983 D HomeMate: comm[ Thread-44416: FileTool.java:65 deleteOldFiles() ] - deleteOldFiles()-fileName:HomeMate_20170309162342.233.txt

03-30 10:36:24.566 11889 11983 D HomeMate: comm[ Thread-44416: FileTool.java:65 deleteOldFiles() ] - deleteOldFiles()-fileName:HomeMate_20170309162221.194.txt

03-30 10:36:24.567 11889 11983 D HomeMate: comm[ Thread-44416: FileTool.java:65 deleteOldFiles() ] - deleteOldFiles()-fileName:HomeMate_20170309162152.373.txt

03-30 10:36:24.567 11889 11983 D HomeMate: comm[ Thread-44416: FileTool.java:65 deleteOldFiles() ] - deleteOldFiles()-fileName:HomeMate_20170309162123.271.txt

03-30 10:36:24.567 11889 11983 D HomeMate: comm[ Thread-44416: FileTool.java:65 deleteOldFiles() ] - deleteOldFiles()-fileName:HomeMate_20170309162053.711.txt

03-30 10:36:24.568 11889 11983 D HomeMate: comm[ Thread-44416: FileTool.java:65 deleteOldFiles() ] - deleteOldFiles()-fileName:HomeMate_20170309162023.179.txt

03-30 10:36:24.568 11889 11983 D HomeMate: comm[ Thread-44416: FileTool.java:65 deleteOldFiles() ] - deleteOldFiles()-fileName:HomeMate_20170309161951.222.txt

03-30 10:36:24.569 11889 11983 D HomeMate: comm[ Thread-44416: FileTool.java:65 deleteOldFiles() ] - deleteOldFiles()-fileName:HomeMate_20170309161050.747.txt

03-30 10:36:24.569 11889 11983 D HomeMate: comm[ Thread-44416: FileTool.java:65 deleteOldFiles() ] - deleteOldFiles()-fileName:HomeMate_20170309160546.414.txt

03-30 10:36:24.569 11889 11983 D HomeMate: comm[ Thread-44416: FileTool.java:65 deleteOldFiles() ] - deleteOldFiles()-fileName:HomeMate_20170309160524.737.txt

03-30 10:36:24.570 11889 11983 D HomeMate: comm[ Thread-44416: FileTool.java:65 deleteOldFiles() ] - deleteOldFiles()-fileName:HomeMate_20170309160514.973.txt

03-30 10:36:24.570 11889 11983 D HomeMate: comm[ Thread-44416: FileTool.java:65 deleteOldFiles() ] - deleteOldFiles()-fileName:HomeMate_20170309160501.380.txt

03-30 10:36:24.571 11889 11983 D HomeMate: comm[ Thread-44416: FileTool.java:65 deleteOldFiles() ] - deleteOldFiles()-fileName:HomeMate_20170309160443.331.txt

03-30 10:36:24.571 11889 11983 D HomeMate: comm[ Thread-44416: FileTool.java:65 deleteOldFiles() ] - deleteOldFiles()-fileName:HomeMate_20170309160045.456.txt

03-30 10:36:24.572 11889 11983 D HomeMate: comm[ Thread-44416: FileTool.java:65 deleteOldFiles() ] - deleteOldFiles()-fileName:HomeMate_20170309160034.062.txt

03-30 10:36:24.572 11889 11983 D HomeMate: comm[ Thread-44416: FileTool.java:65 deleteOldFiles() ] - deleteOldFiles()-fileName:HomeMate_20170309155906.760.txt

03-30 10:36:24.572 11889 11983 D HomeMate: comm[ Thread-44416: FileTool.java:65 deleteOldFiles() ] - deleteOldFiles()-fileName:HomeMate_20170309155812.108.txt

03-30 10:36:24.573 11889 11983 D HomeMate: comm[ Thread-44416: FileTool.java:65 deleteOldFiles() ] - deleteOldFiles()-fileName:HomeMate_20170309155805.020.txt

03-30 10:36:24.573 11889 11983 D HomeMate: comm[ Thread-44416: FileTool.java:65 deleteOldFiles() ] - deleteOldFiles()-fileName:HomeMate_20170309155622.867.txt

03-30 10:36:24.574 11889 11983 D HomeMate: comm[ Thread-44416: FileTool.java:65 deleteOldFiles() ] - deleteOldFiles()-fileName:HomeMate_20170309155447.666.txt

03-30 10:36:24.574 11889 11983 D HomeMate: comm[ Thread-44416: FileTool.java:65 deleteOldFiles() ] - deleteOldFiles()-fileName:HomeMate_20170309155330.223.txt

03-30 10:36:24.574 11889 11983 D HomeMate: comm[ Thread-44416: FileTool.java:65 deleteOldFiles() ] - deleteOldFiles()-fileName:HomeMate_20170309155213.963.txt

03-30 10:36:24.575 11889 11983 D HomeMate: comm[ Thread-44416: FileTool.java:65 deleteOldFiles() ] - deleteOldFiles()-fileName:HomeMate_20170309155028.128.txt

03-30 10:36:24.575 11889 11983 D HomeMate: comm[ Thread-44416: FileTool.java:65 deleteOldFiles() ] - deleteOldFiles()-fileName:HomeMate_20170309154919.196.txt

03-30 10:36:24.576 11889 11983 D HomeMate: comm[ Thread-44416: FileTool.java:65 deleteOldFiles() ] - deleteOldFiles()-fileName:HomeMate_20170309154332.508.txt

03-30 10:36:24.576 11889 11983 D HomeMate: comm[ Thread-44416: FileTool.java:65 deleteOldFiles() ] - deleteOldFiles()-fileName:HomeMate_20170309153319.598.txt

03-30 10:36:24.576 11889 11983 D HomeMate: comm[ Thread-44416: FileTool.java:65 deleteOldFiles() ] - deleteOldFiles()-fileName:HomeMate_20170309153201.404.txt

03-30 10:36:24.577 11889 11983 D HomeMate: comm[ Thread-44416: FileTool.java:65 deleteOldFiles() ] - deleteOldFiles()-fileName:HomeMate_20170309153042.068.txt

03-30 10:36:24.577 11889 11983 D HomeMate: comm[ Thread-44416: FileTool.java:65 deleteOldFiles() ] - deleteOldFiles()-fileName:HomeMate_20170309152910.133.txt

03-30 10:36:24.577 11889 11983 D HomeMate: comm[ Thread-44416: FileTool.java:65 deleteOldFiles() ] - deleteOldFiles()-fileName:HomeMate_20170309152647.589.txt

03-30 10:36:24.578 11889 11983 D HomeMate: comm[ Thread-44416: FileTool.java:65 deleteOldFiles() ] - deleteOldFiles()-fileName:HomeMate_20170309152351.273.txt

03-30 10:36:24.578 11889 11983 D HomeMate: comm[ Thread-44416: FileTool.java:65 deleteOldFiles() ] - deleteOldFiles()-fileName:HomeMate_20170309152040.446.txt

03-30 10:36:24.579 11889 11983 D HomeMate: comm[ Thread-44416: FileTool.java:65 deleteOldFiles() ] - deleteOldFiles()-fileName:HomeMate_20170309142444.489.txt

03-30 10:36:24.579 11889 11983 D HomeMate: comm[ Thread-44416: FileTool.java:65 deleteOldFiles() ] - deleteOldFiles()-fileName:HomeMate_20170309142106.423.txt

03-30 10:36:24.580 11889 11983 D HomeMate: comm[ Thread-44416: FileTool.java:65 deleteOldFiles() ] - deleteOldFiles()-fileName:HomeMate_20170309111211.197.txt

03-30 10:36:24.580 11889 11983 D HomeMate: comm[ Thread-44416: FileTool.java:65 deleteOldFiles() ] - deleteOldFiles()-fileName:HomeMate_20170309110550.368.txt

03-30 10:36:24.580 11889 11983 D HomeMate: comm[ Thread-44416: FileTool.java:65 deleteOldFiles() ] - deleteOldFiles()-fileName:HomeMate_20170308182700.547.txt

03-30 10:36:24.581 11889 11983 D HomeMate: comm[ Thread-44416: FileTool.java:65 deleteOldFiles() ] - deleteOldFiles()-fileName:HomeMate_20170308174215.668.txt

03-30 10:36:24.581 11889 11983 D HomeMate: comm[ Thread-44416: FileTool.java:65 deleteOldFiles() ] - deleteOldFiles()-fileName:HomeMate_20170308161031.311.txt

03-30 10:36:24.582 11889 11983 D HomeMate: comm[ Thread-44416: FileTool.java:65 deleteOldFiles() ] - deleteOldFiles()-fileName:HomeMate_20170308160642.279.txt

03-30 10:36:24.582 11889 11983 D HomeMate: comm[ Thread-44416: FileTool.java:65 deleteOldFiles() ] - deleteOldFiles()-fileName:HomeMate_20170308150720.075.txt

03-30 10:36:24.583 11889 11983 D HomeMate: comm[ Thread-44416: FileTool.java:65 deleteOldFiles() ] - deleteOldFiles()-fileName:HomeMate_20170308150650.541.txt

03-30 10:36:24.583 11889 11983 D HomeMate: comm[ Thread-44416: FileTool.java:65 deleteOldFiles() ] - deleteOldFiles()-fileName:HomeMate_20170308150338.387.txt

03-30 10:36:24.583 11889 11983 D HomeMate: comm[ Thread-44416: FileTool.java:65 deleteOldFiles() ] - deleteOldFiles()-fileName:HomeMate_20170308150022.801.txt

03-30 10:36:24.584 11889 11983 D HomeMate: comm[ Thread-44416: FileTool.java:65 deleteOldFiles() ] - deleteOldFiles()-fileName:HomeMate_20170308124039.239.txt

03-30 10:36:24.585 11889 11983 D HomeMate: comm[ Thread-44416: FileTool.java:65 deleteOldFiles() ] - deleteOldFiles()-fileName:HomeMate_20170308120035.877.txt

03-30 10:36:24.585 11889 11983 D HomeMate: comm[ Thread-44416: FileTool.java:65 deleteOldFiles() ] - deleteOldFiles()-fileName:HomeMate_20170308115938.889.txt

03-30 10:36:24.586 11889 11983 D HomeMate: comm[ Thread-44416: FileTool.java:65 deleteOldFiles() ] - deleteOldFiles()-fileName:HomeMate_20170308115840.428.txt

03-30 10:36:24.590 11889 11983 D HomeMate: comm[ Thread-44416: FileTool.java:65 deleteOldFiles() ] - deleteOldFiles()-fileName:HomeMate_20170308115748.382.txt

03-30 10:36:24.590 11889 11983 D HomeMate: comm[ Thread-44416: FileTool.java:65 deleteOldFiles() ] - deleteOldFiles()-fileName:HomeMate_20170308115609.551.txt

03-30 10:36:24.591 11889 11983 D HomeMate: comm[ Thread-44416: FileTool.java:65 deleteOldFiles() ] - deleteOldFiles()-fileName:HomeMate_20170308115501.679.txt

03-30 10:36:24.591 11889 11983 D HomeMate: comm[ Thread-44416: FileTool.java:65 deleteOldFiles() ] - deleteOldFiles()-fileName:HomeMate_20170308115424.918.txt

03-30 10:36:24.592 11889 11983 D HomeMate: comm[ Thread-44416: FileTool.java:65 deleteOldFiles() ] - deleteOldFiles()-fileName:HomeMate_20170308115245.735.txt

03-30 10:36:24.592 11889 11983 D HomeMate: comm[ Thread-44416: FileTool.java:65 deleteOldFiles() ] - deleteOldFiles()-fileName:HomeMate_20170308115219.604.txt

03-30 10:36:24.592 11889 11983 D HomeMate: comm[ Thread-44416: FileTool.java:65 deleteOldFiles() ] - deleteOldFiles()-fileName:HomeMate_20170308115040.187.txt

03-30 10:36:24.593 11889 11983 D HomeMate: comm[ Thread-44416: FileTool.java:65 deleteOldFiles() ] - deleteOldFiles()-fileName:HomeMate_20170308114853.852.txt

03-30 10:36:24.593 11889 11983 D HomeMate: comm[ Thread-44416: FileTool.java:65 deleteOldFiles() ] - deleteOldFiles()-fileName:HomeMate_20170308114803.902.txt

03-30 10:36:24.594 11889 11983 D HomeMate: comm[ Thread-44416: FileTool.java:65 deleteOldFiles() ] - deleteOldFiles()-fileName:HomeMate_20170308114712.655.txt

03-30 10:36:24.594 11889 11983 D HomeMate: comm[ Thread-44416: FileTool.java:65 deleteOldFiles() ] - deleteOldFiles()-fileName:HomeMate_20170308114616.101.txt

03-30 10:36:24.594 11889 11983 D HomeMate: comm[ Thread-44416: FileTool.java:65 deleteOldFiles() ] - deleteOldFiles()-fileName:HomeMate_20170308114251.715.txt

03-30 10:36:24.595 11889 11983 D HomeMate: comm[ Thread-44416: FileTool.java:65 deleteOldFiles() ] - deleteOldFiles()-fileName:HomeMate_20170308114217.086.txt

03-30 10:36:24.595 11889 11983 D HomeMate: comm[ Thread-44416: FileTool.java:65 deleteOldFiles() ] - deleteOldFiles()-fileName:HomeMate_20170308114140.304.txt

03-30 10:36:24.595 11889 11889 D HomeMate: comm[ main: HomeFragment.java:382 doRefreshRooms() ] - HomeRefresh-do refresh

03-30 10:36:24.596 11889 11983 D HomeMate: comm[ Thread-44416: FileTool.java:65 deleteOldFiles() ] - deleteOldFiles()-fileName:HomeMate_20170308114009.188.txt

03-30 10:36:24.596 11889 11889 D HomeMate: allen[ main: HomeFragment.java:385 doRefreshRooms() ] - rooms:[Room{roomId='ea4205a93f1c46b4a6df9bb391513dd9', roomName='é»è®¤æ¿é´', floorId='714c9032b3ef488bbfe77bff438d53a4', roomType=0, sequence=0, isDefaultRoom=false, imgUrl='/storage/emulated/0/HomeMate/room/6_thumb'} BaseBo{delFlag=0, updateTime='0', createTime='0', updateTimeSec=0, uid='null', userName='null'}] selectRoomPosition:0

03-30 10:36:24.596 11889 11983 D HomeMate: comm[ Thread-44416: FileTool.java:65 deleteOldFiles() ] - deleteOldFiles()-fileName:HomeMate_20170308113910.591.txt

03-30 10:36:24.596 11889 11983 D HomeMate: comm[ Thread-44416: FileTool.java:65 deleteOldFiles() ] - deleteOldFiles()-fileName:HomeMate_20170308113713.737.txt

03-30 10:36:24.597 11889 11983 D HomeMate: comm[ Thread-44416: FileTool.java:65 deleteOldFiles() ] - deleteOldFiles()-fileName:HomeMate_20170308113617.682.txt

03-30 10:36:24.597 11889 11983 D HomeMate: comm[ Thread-44416: FileTool.java:65 deleteOldFiles() ] - deleteOldFiles()-fileName:HomeMate_20170308113606.140.txt

03-30 10:36:24.598 11889 11983 D HomeMate: comm[ Thread-44416: FileTool.java:65 deleteOldFiles() ] - deleteOldFiles()-fileName:HomeMate_20170308113520.870.txt

03-30 10:36:24.598 11889 11983 D HomeMate: comm[ Thread-44416: FileTool.java:65 deleteOldFiles() ] - deleteOldFiles()-fileName:HomeMate_20170308113357.701.txt

03-30 10:36:24.602 11889 11983 D HomeMate: comm[ Thread-44416: FileTool.java:65 deleteOldFiles() ] - deleteOldFiles()-fileName:HomeMate_20170308113318.723.txt

03-30 10:36:24.602 11889 11983 D HomeMate: comm[ Thread-44416: FileTool.java:65 deleteOldFiles() ] - deleteOldFiles()-fileName:HomeMate_20170308113237.914.txt

03-30 10:36:24.602 11889 11889 D HomeMate: comm[ main: BaseFragment.java:74 onAttach() ] - HomePagerFragment

03-30 10:36:24.603 11889 11983 D HomeMate: comm[ Thread-44416: FileTool.java:65 deleteOldFiles() ] - deleteOldFiles()-fileName:HomeMate_20170308113008.571.txt

03-30 10:36:24.603 11889 11983 D HomeMate: comm[ Thread-44416: FileTool.java:65 deleteOldFiles() ] - deleteOldFiles()-fileName:HomeMate_20170308112931.930.txt

03-30 10:36:24.603 11889 11983 D HomeMate: comm[ Thread-44416: FileTool.java:65 deleteOldFiles() ] - deleteOldFiles()-fileName:HomeMate_20170308112854.231.txt

03-30 10:36:24.604 11889 11983 D HomeMate: comm[ Thread-44416: FileTool.java:65 deleteOldFiles() ] - deleteOldFiles()-fileName:HomeMate_20170308110536.110.txt

03-30 10:36:24.604 11889 11889 D HomeMate: allen[ main: HomePagerFragment.java:120 onCreateView() ] - onCreateView()

03-30 10:36:24.604 11889 11983 D HomeMate: comm[ Thread-44416: FileTool.java:65 deleteOldFiles() ] - deleteOldFiles()-fileName:HomeMate_20170308110425.406.txt

03-30 10:36:24.605 11889 11983 D HomeMate: comm[ Thread-44416: FileTool.java:65 deleteOldFiles() ] - deleteOldFiles()-fileName:HomeMate_20170308110312.920.txt

03-30 10:36:24.605 11889 11983 D HomeMate: comm[ Thread-44416: FileTool.java:65 deleteOldFiles() ] - deleteOldFiles()-fileName:HomeMate_20170308105745.625.txt

03-30 10:36:24.606 11889 11983 D HomeMate: comm[ Thread-44416: FileTool.java:65 deleteOldFiles() ] - deleteOldFiles()-fileName:HomeMate_20170308105608.073.txt

03-30 10:36:24.606 11889 11889 V BoostFramework: BoostFramework() : mPerf = com.qualcomm.qti.Performance@1d30196

03-30 10:36:24.606 11889 11983 D HomeMate: comm[ Thread-44416: FileTool.java:65 deleteOldFiles() ] - deleteOldFiles()-fileName:HomeMate_20170308105500.151.txt

03-30 10:36:24.606 11889 11889 V BoostFramework: BoostFramework() : mPerf = com.qualcomm.qti.Performance@1579117

03-30 10:36:24.606 11889 11983 D HomeMate: comm[ Thread-44416: FileTool.java:65 deleteOldFiles() ] - deleteOldFiles()-fileName:HomeMate_20170308105421.367.txt

03-30 10:36:24.607 11889 11983 D HomeMate: comm[ Thread-44416: FileTool.java:65 deleteOldFiles() ] - deleteOldFiles()-fileName:HomeMate_20170308105248.383.txt

03-30 10:36:24.607 11889 11983 D HomeMate: comm[ Thread-44416: FileTool.java:65 deleteOldFiles() ] - deleteOldFiles()-fileName:HomeMate_20170308105141.850.txt

03-30 10:36:24.608 11889 11983 D HomeMate: comm[ Thread-44416: FileTool.java:65 deleteOldFiles() ] - deleteOldFiles()-fileName:HomeMate_20170308105035.814.txt

03-30 10:36:24.608 11889 11983 D HomeMate: comm[ Thread-44416: FileTool.java:65 deleteOldFiles() ] - deleteOldFiles()-fileName:HomeMate_20170308103636.660.txt

03-30 10:36:24.608 11889 11983 D HomeMate: comm[ Thread-44416: FileTool.java:65 deleteOldFiles() ] - deleteOldFiles()-fileName:HomeMate_20170308103329.114.txt

03-30 10:36:24.608 11889 11889 V BoostFramework: BoostFramework() : mPerf = com.qualcomm.qti.Performance@c9c6eed

03-30 10:36:24.609 11889 11889 V BoostFramework: BoostFramework() : mPerf = com.qualcomm.qti.Performance@b5a122

03-30 10:36:24.609 11889 11983 D HomeMate: comm[ Thread-44416: FileTool.java:65 deleteOldFiles() ] - deleteOldFiles()-fileName:HomeMate_20170308103251.287.txt

03-30 10:36:24.609 11889 11983 D HomeMate: comm[ Thread-44416: FileTool.java:65 deleteOldFiles() ] - deleteOldFiles()-fileName:HomeMate_20170308102649.774.txt

03-30 10:36:24.610 11889 11889 D HomeMate: allen[ main: HomePagerFragment.java:186 onActivityCreated() ] - onActivityCreated()

03-30 10:36:24.610 11889 11983 D HomeMate: comm[ Thread-44416: FileTool.java:65 deleteOldFiles() ] - deleteOldFiles()-fileName:HomeMate_20170308102610.447.txt

03-30 10:36:24.611 11889 11983 D HomeMate: comm[ Thread-44416: FileTool.java:65 deleteOldFiles() ] - deleteOldFiles()-fileName:HomeMate_20170308102107.133.txt

03-30 10:36:24.611 11889 11983 D HomeMate: comm[ Thread-44416: FileTool.java:65 deleteOldFiles() ] - deleteOldFiles()-fileName:HomeMate_20170308101550.788.txt

03-30 10:36:24.612 11889 11983 D HomeMate: comm[ Thread-44416: FileTool.java:65 deleteOldFiles() ] - deleteOldFiles()-fileName:HomeMate_20170308101526.786.txt

03-30 10:36:24.614 11889 11889 D HomeMate: comm[ main: PropertyReport.java:94 registerNewPropertyReport() ] - registerNewPropertyReport()-listener:com.orvibo.homemate.device.home.HomeDevicePresenter@ccda170

03-30 10:36:24.615 11889 11889 D HomeMate: allen[ main: HomeDevicePresenter.java:110 refresh() ] - Start to init devices.

03-30 10:36:24.615  3745  3745 D wpa_supplicant: wlan0: Control interface command 'SCAN TYPE=ONLY'

03-30 10:36:24.615  3745  3745 D wpa_supplicant: wlan0: Setting scan request: 0.000000 sec

03-30 10:36:24.615  3745  3745 D wpa_supplicant: CTRL-DEBUG: global_ctrl_sock-sendto: sock=11 sndbuf=163840 outq=0 send_len=3

03-30 10:36:24.615  3745  3745 D wpa_supplicant: wlan0: Starting AP scan for wildcard SSID

03-30 10:36:24.615  3745  3745 D wpa_supplicant: wlan0: Add radio work 'scan'@0xb68d9398

03-30 10:36:24.615  3745  3745 D wpa_supplicant: wlan0: First radio work item in the queue - schedule start immediately

03-30 10:36:24.615  3745  3745 D wpa_supplicant: wlan0: Starting radio work 'scan'@0xb68d9398 after 0.000053 second wait

03-30 10:36:24.616  3745  3745 D wpa_supplicant: wlan0: nl80211: scan request

03-30 10:36:24.616  3745  3745 D wpa_supplicant: nl80211: Scan SSID - hexdump(len=0): [NULL]

03-30 10:36:24.616  3745  3745 D wpa_supplicant: nl80211: Scan extra IEs - hexdump(len=7): 7f 05 00 00 0a 02 01

03-30 10:36:24.617 11889 11983 D HomeMate: comm[ Thread-44416: FileTool.java:65 deleteOldFiles() ] - deleteOldFiles()-fileName:HomeMate_20170308101413.948.txt

03-30 10:36:24.617  3745  3745 D wpa_supplicant: Scan requested (ret=0) - scan timeout 30 seconds

03-30 10:36:24.617  3745  3745 D wpa_supplicant: nl80211: Event message available

03-30 10:36:24.617  3745  3745 D wpa_supplicant: nl80211: Drv Event 33 (NL80211_CMD_TRIGGER_SCAN) received for wlan0

03-30 10:36:24.617  3745  3745 D wpa_supplicant: wlan0: nl80211: Scan trigger

03-30 10:36:24.617 11889 11983 D HomeMate: comm[ Thread-44416: FileTool.java:65 deleteOldFiles() ] - deleteOldFiles()-fileName:HomeMate_20170308101332.549.txt

03-30 10:36:24.617  3745  3745 D wpa_supplicant: wlan0: Event SCAN_STARTED (47) received

03-30 10:36:24.617  3745  3745 D wpa_supplicant: wlan0: Own scan request started a scan in 0.000142 seconds

03-30 10:36:24.617  3745  3745 D wpa_supplicant: CTRL-DEBUG: ctrl_sock-sendmsg: sock=11 sndbuf=163840 outq=0 send_len=24

03-30 10:36:24.617  3745  3745 D wpa_supplicant: CTRL_IFACE monitor sent successfully to /data/misc/wifi/sockets/wpa_ctrl_2044-2\x00

03-30 10:36:24.618 11889 11983 D HomeMate: comm[ Thread-44416: FileTool.java:65 deleteOldFiles() ] - deleteOldFiles()-fileName:HomeMate_20170308100623.355.txt

03-30 10:36:24.618 11889 11889 D HomeMate: allen[ main: HomeDevicePresenter.java:114 refresh() ] - Show devices from Room{roomId='ea4205a93f1c46b4a6df9bb391513dd9', roomName='é»è®¤æ¿é´', floorId='714c9032b3ef488bbfe77bff438d53a4', roomType=0, sequence=0, isDefaultRoom=false, imgUrl='/storage/emulated/0/HomeMate/room/6_thumb'} BaseBo{delFlag=0, updateTime='0', createTime='0', updateTimeSec=0, uid='null', userName='null'}

03-30 10:36:24.620 11889 11983 D HomeMate: comm[ Thread-44416: FileTool.java:65 deleteOldFiles() ] - deleteOldFiles()-fileName:HomeMate_20170308100546.790.txt

03-30 10:36:24.620 11889 11983 D HomeMate: comm[ Thread-44416: FileTool.java:65 deleteOldFiles() ] - deleteOldFiles()-fileName:HomeMate_20170308100508.682.txt

03-30 10:36:24.621 11889 11983 D HomeMate: comm[ Thread-44416: FileTool.java:65 deleteOldFiles() ] - deleteOldFiles()-fileName:HomeMate_20170308100014.820.txt

03-30 10:36:24.622 11889 11983 D HomeMate: comm[ Thread-44416: FileTool.java:65 deleteOldFiles() ] - deleteOldFiles()-fileName:HomeMate_20170308095607.224.txt

03-30 10:36:24.622 11889 11983 D HomeMate: comm[ Thread-44416: FileTool.java:65 deleteOldFiles() ] - deleteOldFiles()-fileName:HomeMate_20170308095531.156.txt

03-30 10:36:24.622 11889 11983 D HomeMate: comm[ Thread-44416: FileTool.java:65 deleteOldFiles() ] - deleteOldFiles()-fileName:HomeMate_20170308095328.298.txt

03-30 10:36:24.623 11889 11983 D HomeMate: comm[ Thread-44416: FileTool.java:65 deleteOldFiles() ] - deleteOldFiles()-fileName:HomeMate_20170308094217.670.txt

03-30 10:36:24.623 11889 11983 D HomeMate: comm[ Thread-44416: FileTool.java:65 deleteOldFiles() ] - deleteOldFiles()-fileName:HomeMate_20170308094141.251.txt

03-30 10:36:24.624 11889 11983 D HomeMate: comm[ Thread-44416: FileTool.java:65 deleteOldFiles() ] - deleteOldFiles()-fileName:HomeMate_20170308094009.737.txt

03-30 10:36:24.624 11889 11983 D HomeMate: comm[ Thread-44416: FileTool.java:65 deleteOldFiles() ] - deleteOldFiles()-fileName:HomeMate_20170308093953.941.txt

03-30 10:36:24.625 11889 11983 D HomeMate: comm[ Thread-44416: FileTool.java:65 deleteOldFiles() ] - deleteOldFiles()-fileName:HomeMate_20170308093937.788.txt

03-30 10:36:24.625 11889 11983 D HomeMate: comm[ Thread-44416: FileTool.java:65 deleteOldFiles() ] - deleteOldFiles()-fileName:HomeMate_20170308093918.050.txt

03-30 10:36:24.626 11889 11983 D HomeMate: comm[ Thread-44416: FileTool.java:65 deleteOldFiles() ] - deleteOldFiles()-fileName:HomeMate_20170308093838.521.txt

03-30 10:36:24.627 11889 11983 D HomeMate: comm[ Thread-44416: FileTool.java:65 deleteOldFiles() ] - deleteOldFiles()-fileName:HomeMate_20170308093520.342.txt

03-30 10:36:24.627 11889 11983 D HomeMate: comm[ Thread-44416: FileTool.java:65 deleteOldFiles() ] - deleteOldFiles()-fileName:HomeMate_20170308093445.013.txt

03-30 10:36:24.627 11889 11983 D HomeMate: comm[ Thread-44416: FileTool.java:65 deleteOldFiles() ] - deleteOldFiles()-fileName:HomeMate_20170308093408.875.txt

03-30 10:36:24.628 11889 11983 D HomeMate: comm[ Thread-44416: FileTool.java:65 deleteOldFiles() ] - deleteOldFiles()-fileName:HomeMate_20170307191342.043.txt

03-30 10:36:24.628 11889 11983 D HomeMate: comm[ Thread-44416: FileTool.java:65 deleteOldFiles() ] - deleteOldFiles()-fileName:HomeMate_20170307191242.139.txt

03-30 10:36:24.629 11889 11983 D HomeMate: comm[ Thread-44416: FileTool.java:65 deleteOldFiles() ] - deleteOldFiles()-fileName:HomeMate_20170307191008.348.txt

03-30 10:36:24.629 11889 11983 D HomeMate: comm[ Thread-44416: FileTool.java:65 deleteOldFiles() ] - deleteOldFiles()-fileName:HomeMate_20170307190854.771.txt

03-30 10:36:24.630 11889 11983 D HomeMate: comm[ Thread-44416: FileTool.java:65 deleteOldFiles() ] - deleteOldFiles()-fileName:HomeMate_20170307190700.875.txt

03-30 10:36:24.630 11889 11983 D HomeMate: comm[ Thread-44416: FileTool.java:65 deleteOldFiles() ] - deleteOldFiles()-fileName:HomeMate_20170307190529.170.txt

03-30 10:36:24.633 11889 11983 D HomeMate: comm[ Thread-44416: FileTool.java:65 deleteOldFiles() ] - deleteOldFiles()-fileName:HomeMate_20170307190253.719.txt

03-30 10:36:24.633 11889 11983 D HomeMate: comm[ Thread-44416: FileTool.java:65 deleteOldFiles() ] - deleteOldFiles()-fileName:HomeMate_20170307190241.381.txt

03-30 10:36:24.634 11889 11983 D HomeMate: comm[ Thread-44416: FileTool.java:65 deleteOldFiles() ] - deleteOldFiles()-fileName:HomeMate_20170307190147.102.txt

03-30 10:36:24.634 11889 11983 D HomeMate: comm[ Thread-44416: FileTool.java:65 deleteOldFiles() ] - deleteOldFiles()-fileName:HomeMate_20170307190057.515.txt

03-30 10:36:24.635 11889 11983 D HomeMate: comm[ Thread-44416: FileTool.java:65 deleteOldFiles() ] - deleteOldFiles()-fileName:HomeMate_20170307185958.691.txt

03-30 10:36:24.635 11889 11983 D HomeMate: comm[ Thread-44416: FileTool.java:65 deleteOldFiles() ] - deleteOldFiles()-fileName:HomeMate_20170307185821.406.txt

03-30 10:36:24.636 11889 11889 D HomeMate: allen[ main: HomeDevicePresenter.java:116 refresh() ] - devices [Device{uid=5ccf7fda9b5e, deviceName=S30æºè½æåº§, deviceId=040c8e12fd4d4f3192d9a5378cf8b149, appDeviceId=65533, deviceType=29, roomId=, company='', delFlag=0, extAddr='', endpoint=-1, irDeviceId=, sequence=0, model='62f1da0474434509923b2dc947a0f14c', updateTime=1490840335000(2017-03-30 10:18:55), userName=null} ]

03-30 10:36:24.639 11889 11983 D HomeMate: comm[ Thread-44416: FileTool.java:65 deleteOldFiles() ] - deleteOldFiles()-fileName:HomeMate_20170307185731.300.txt

03-30 10:36:24.639 11889 11983 D HomeMate: comm[ Thread-44416: FileTool.java:65 deleteOldFiles() ] - deleteOldFiles()-fileName:HomeMate_20170307185615.601.txt

03-30 10:36:24.640 11889 11889 D HomeMate: allen[ main: HomeDevicePresenter.java:121 refresh() ] - other devices []

03-30 10:36:24.640 11889 11983 D HomeMate: comm[ Thread-44416: FileTool.java:65 deleteOldFiles() ] - deleteOldFiles()-fileName:HomeMate_20170307185528.729.txt

03-30 10:36:24.640 11889 11983 D HomeMate: comm[ Thread-44416: FileTool.java:65 deleteOldFiles() ] - deleteOldFiles()-fileName:HomeMate_20170307185441.584.txt

03-30 10:36:24.641 11889 11983 D HomeMate: comm[ Thread-44416: FileTool.java:65 deleteOldFiles() ] - deleteOldFiles()-fileName:HomeMate_20170307185330.163.txt

03-30 10:36:24.642 11889 11983 D HomeMate: comm[ Thread-44416: FileTool.java:65 deleteOldFiles() ] - deleteOldFiles()-fileName:HomeMate_20170307185229.796.txt

03-30 10:36:24.643 11889 11983 D HomeMate: comm[ Thread-44416: FileTool.java:65 deleteOldFiles() ] - deleteOldFiles()-fileName:HomeMate_20170307185130.708.txt

03-30 10:36:24.643 11889 11983 D HomeMate: comm[ Thread-44416: FileTool.java:65 deleteOldFiles() ] - deleteOldFiles()-fileName:HomeMate_20170307184753.420.txt

03-30 10:36:24.644 11889 11983 D HomeMate: comm[ Thread-44416: FileTool.java:65 deleteOldFiles() ] - deleteOldFiles()-fileName:HomeMate_20170307184646.097.txt

03-30 10:36:24.645 11889 11983 D HomeMate: comm[ Thread-44416: FileTool.java:65 deleteOldFiles() ] - deleteOldFiles()-fileName:HomeMate_20170307184547.674.txt

03-30 10:36:24.645 11889 11983 D HomeMate: comm[ Thread-44416: FileTool.java:65 deleteOldFiles() ] - deleteOldFiles()-fileName:HomeMate_20170307184449.345.txt

03-30 10:36:24.646 11889 11983 D HomeMate: comm[ Thread-44416: FileTool.java:65 deleteOldFiles() ] - deleteOldFiles()-fileName:HomeMate_20170307184351.705.txt

03-30 10:36:24.646 11889 11983 D HomeMate: comm[ Thread-44416: FileTool.java:65 deleteOldFiles() ] - deleteOldFiles()-fileName:HomeMate_20170307184246.561.txt

03-30 10:36:24.646 11889 11983 D HomeMate: comm[ Thread-44416: FileTool.java:65 deleteOldFiles() ] - deleteOldFiles()-fileName:HomeMate_20170307184209.846.txt

03-30 10:36:24.647 11889 11983 D HomeMate: comm[ Thread-44416: FileTool.java:65 deleteOldFiles() ] - deleteOldFiles()-fileName:HomeMate_20170307184059.988.txt

03-30 10:36:24.648 11889 11983 D HomeMate: comm[ Thread-44416: FileTool.java:65 deleteOldFiles() ] - deleteOldFiles()-fileName:HomeMate_20170307180448.877.txt

03-30 10:36:24.648 11889 11983 D HomeMate: comm[ Thread-44416: FileTool.java:65 deleteOldFiles() ] - deleteOldFiles()-fileName:HomeMate_20170307180412.057.txt

03-30 10:36:24.649 11889 11983 D HomeMate: comm[ Thread-44416: FileTool.java:65 deleteOldFiles() ] - deleteOldFiles()-fileName:HomeMate_20170307180335.083.txt

03-30 10:36:24.650 11889 11889 D HomeMate: allen[ main: HomeDevicePresenter.java:155 refreshDeviceStatus() ] - deviceStatusMap {040c8e12fd4d4f3192d9a5378cf8b149=Action{uid=5ccf7fda9b5e, deviceId=040c8e12fd4d4f3192d9a5378cf8b149, command='null', value1=0, value2=0, value3=0, value4=0, alarmType=1, delayTime=0, keyName='null', freq=0, name=, pluseNum=0, pluseData=null} }

03-30 10:36:24.650 11889 11983 D HomeMate: comm[ Thread-44416: FileTool.java:65 deleteOldFiles() ] - deleteOldFiles()-fileName:HomeMate_20170307180257.239.txt

03-30 10:36:24.650 11889 11983 D HomeMate: comm[ Thread-44416: FileTool.java:65 deleteOldFiles() ] - deleteOldFiles()-fileName:HomeMate_20170307180212.575.txt

03-30 10:36:24.651 11889 11889 D HomeMate: allen[ main: HomePagerFragment.java:229 onDeviceInit() ] - devices:[Device{uid=5ccf7fda9b5e, deviceName=S30æºè½æåº§, deviceId=040c8e12fd4d4f3192d9a5378cf8b149, appDeviceId=65533, deviceType=29, roomId=, company='', delFlag=0, extAddr='', endpoint=-1, irDeviceId=, sequence=0, model='62f1da0474434509923b2dc947a0f14c', updateTime=1490840335000(2017-03-30 10:18:55), userName=null} ],otherDevices:[]

03-30 10:36:24.651 11889 11983 D HomeMate: comm[ Thread-44416: FileTool.java:65 deleteOldFiles() ] - deleteOldFiles()-fileName:HomeMate_20170307180136.517.txt

03-30 10:36:24.651 11889 11983 D HomeMate: comm[ Thread-44416: FileTool.java:65 deleteOldFiles() ] - deleteOldFiles()-fileName:HomeMate_20170307175614.157.txt

03-30 10:36:24.652 11889 11983 D HomeMate: comm[ Thread-44416: FileTool.java:65 deleteOldFiles() ] - deleteOldFiles()-fileName:HomeMate_20170307175509.636.txt

03-30 10:36:24.652 11889 11983 D HomeMate: comm[ Thread-44416: FileTool.java:65 deleteOldFiles() ] - deleteOldFiles()-fileName:HomeMate_20170307175415.957.txt

03-30 10:36:24.652 11889 11983 D HomeMate: comm[ Thread-44416: FileTool.java:65 deleteOldFiles() ] - deleteOldFiles()-fileName:HomeMate_20170307175320.996.txt

03-30 10:36:24.653 11889 11983 D HomeMate: comm[ Thread-44416: FileTool.java:65 deleteOldFiles() ] - deleteOldFiles()-fileName:HomeMate_20170307175217.292.txt

03-30 10:36:24.653 11889 11983 D HomeMate: comm[ Thread-44416: FileTool.java:65 deleteOldFiles() ] - deleteOldFiles()-fileName:HomeMate_20170307175141.646.txt

03-30 10:36:24.654 11889 11983 D HomeMate: comm[ Thread-44416: FileTool.java:65 deleteOldFiles() ] - deleteOldFiles()-fileName:HomeMate_20170307174848.191.txt

03-30 10:36:24.660 11889 11889 D HomeMate: allen[ main: HomePagerFragment.java:279 onDeviceInit() ] - Show devices

03-30 10:36:24.660 11889 11889 D HomeMate: allen[ main: HomeDevicePresenter.java:129 refresh() ] - Finish to init device. cost 45ms

03-30 10:36:24.662 11889 11889 D HomeMate: comm[ main: DeviceUtil.java:953 getEnergyDevices() ] - familyId:ea4205a93f1c46b4a6df9bb391513dd9

03-30 10:36:24.662 11889 11983 D HomeMate: comm[ Thread-44416: FileTool.java:65 deleteOldFiles() ] - deleteOldFiles()-fileName:HomeMate_20170307174753.194.txt

03-30 10:36:24.664 11889 11983 D HomeMate: comm[ Thread-44416: FileTool.java:65 deleteOldFiles() ] - deleteOldFiles()-fileName:HomeMate_20170307174658.567.txt

03-30 10:36:24.665 11889 11983 D HomeMate: comm[ Thread-44416: FileTool.java:65 deleteOldFiles() ] - deleteOldFiles()-fileName:HomeMate_20170307174604.325.txt

03-30 10:36:24.666 11889 11983 D HomeMate: comm[ Thread-44416: FileTool.java:65 deleteOldFiles() ] - deleteOldFiles()-fileName:HomeMate_20170307174519.509.txt

03-30 10:36:24.667 11889 11983 D HomeMate: comm[ Thread-44416: FileTool.java:65 deleteOldFiles() ] - deleteOldFiles()-fileName:HomeMate_20170307174443.656.txt

03-30 10:36:24.669 11889 11983 D HomeMate: comm[ Thread-44416: FileTool.java:65 deleteOldFiles() ] - deleteOldFiles()-fileName:HomeMate_20170307160840.955.txt

03-30 10:36:24.670 11889 11983 D HomeMate: comm[ Thread-44416: FileTool.java:65 deleteOldFiles() ] - deleteOldFiles()-fileName:HomeMate_20170307160622.572.txt

03-30 10:36:24.671 11889 11983 D HomeMate: comm[ Thread-44416: FileTool.java:65 deleteOldFiles() ] - deleteOldFiles()-fileName:HomeMate_20170307160552.145.txt

03-30 10:36:24.671 11889 11983 D HomeMate: comm[ Thread-44416: FileTool.java:65 deleteOldFiles() ] - deleteOldFiles()-fileName:HomeMate_20170307160520.254.txt

03-30 10:36:24.671 11889 11889 D HomeMate: comm[ main: DeviceUtil.java:989 getEnergyDevices() ] - energyRemindDevices:[]

03-30 10:36:24.672 11889 11983 D HomeMate: comm[ Thread-44416: FileTool.java:65 deleteOldFiles() ] - deleteOldFiles()-fileName:HomeMate_20170307160450.082.txt

03-30 10:36:24.672 11889 11889 I HomeMate: wei[ main: RoomCommonSceneDao.java:46 selRoomCommonScene() ] - select * from scene inner join roomcommonscene on scene.sceneNo = roomcommonscene.sceneNo where roomcommonscene.userId = ? and roomcommonscene.roomId = ? order by roomcommonscene.sceneSequence ASC

03-30 10:36:24.672 11889 11983 D HomeMate: comm[ Thread-44416: FileTool.java:65 deleteOldFiles() ] - deleteOldFiles()-fileName:HomeMate_20170307160419.393.txt

03-30 10:36:24.673 11889 11983 D HomeMate: comm[ Thread-44416: FileTool.java:65 deleteOldFiles() ] - deleteOldFiles()-fileName:HomeMate_20170307160308.046.txt

03-30 10:36:24.673 11889 11983 D HomeMate: comm[ Thread-44416: FileTool.java:65 deleteOldFiles() ] - deleteOldFiles()-fileName:HomeMate_20170307160158.041.txt

03-30 10:36:24.675 11889 11983 D HomeMate: comm[ Thread-44416: FileTool.java:65 deleteOldFiles() ] - deleteOldFiles()-fileName:HomeMate_20170307160114.503.txt

03-30 10:36:24.676 11889 11983 D HomeMate: comm[ Thread-44416: FileTool.java:65 deleteOldFiles() ] - deleteOldFiles()-fileName:HomeMate_20170307160057.988.txt

03-30 10:36:24.676 11889 11983 D HomeMate: comm[ Thread-44416: FileTool.java:65 deleteOldFiles() ] - deleteOldFiles()-fileName:HomeMate_20170307155401.765.txt

03-30 10:36:24.677 11889 11983 D HomeMate: comm[ Thread-44416: FileTool.java:65 deleteOldFiles() ] - deleteOldFiles()-fileName:HomeMate_20170307153056.237.txt

03-30 10:36:24.677 11889 11983 D HomeMate: comm[ Thread-44416: FileTool.java:65 deleteOldFiles() ] - deleteOldFiles()-fileName:HomeMate_20170307152847.805.txt

03-30 10:36:24.678 11889 11983 D HomeMate: comm[ Thread-44416: FileTool.java:65 deleteOldFiles() ] - deleteOldFiles()-fileName:HomeMate_20170307152711.987.txt

03-30 10:36:24.678 11889 11983 D HomeMate: comm[ Thread-44416: FileTool.java:65 deleteOldFiles() ] - deleteOldFiles()-fileName:HomeMate_20170307152650.733.txt

03-30 10:36:24.678 11889 11983 D HomeMate: comm[ Thread-44416: FileTool.java:65 deleteOldFiles() ] - deleteOldFiles()-fileName:HomeMate_20170307152301.745.txt

03-30 10:36:24.685 11889 11983 D HomeMate: comm[ Thread-44416: FileTool.java:65 deleteOldFiles() ] - deleteOldFiles()-fileName:HomeMate_20170307152130.843.txt

03-30 10:36:24.686 11889 11983 D HomeMate: comm[ Thread-44416: FileTool.java:65 deleteOldFiles() ] - deleteOldFiles()-fileName:HomeMate_20170307113839.231.txt

03-30 10:36:24.686 11889 11983 D HomeMate: comm[ Thread-44416: FileTool.java:65 deleteOldFiles() ] - deleteOldFiles()-fileName:HomeMate_20170307100249.289.txt

03-30 10:36:24.687 11889 11983 D HomeMate: comm[ Thread-44416: FileTool.java:65 deleteOldFiles() ] - deleteOldFiles()-fileName:HomeMate_20170307085935.168.txt

03-30 10:36:24.687 11889 11983 D HomeMate: comm[ Thread-44416: FileTool.java:65 deleteOldFiles() ] - deleteOldFiles()-fileName:HomeMate_20170307085713.888.txt

03-30 10:36:24.689 11889 11983 D HomeMate: comm[ Thread-44416: FileTool.java:65 deleteOldFiles() ] - deleteOldFiles()-fileName:HomeMate_20170307085638.047.txt

03-30 10:36:24.690 11889 11983 D HomeMate: comm[ Thread-44416: FileTool.java:65 deleteOldFiles() ] - deleteOldFiles()-fileName:HomeMate_20170306193822.181.txt

03-30 10:36:24.690 11889 11983 D HomeMate: comm[ Thread-44416: FileTool.java:65 deleteOldFiles() ] - deleteOldFiles()-fileName:HomeMate_20170306193752.383.txt

03-30 10:36:24.691 11889 11983 D HomeMate: comm[ Thread-44416: FileTool.java:65 deleteOldFiles() ] - deleteOldFiles()-fileName:HomeMate_20170306193721.876.txt

03-30 10:36:24.691 11889 11983 D HomeMate: comm[ Thread-44416: FileTool.java:65 deleteOldFiles() ] - deleteOldFiles()-fileName:HomeMate_20170306193651.094.txt

03-30 10:36:24.691 11889 11983 D HomeMate: comm[ Thread-44416: FileTool.java:65 deleteOldFiles() ] - deleteOldFiles()-fileName:HomeMate_20170306193621.066.txt

03-30 10:36:24.692 11889 11983 D HomeMate: comm[ Thread-44416: FileTool.java:65 deleteOldFiles() ] - deleteOldFiles()-fileName:HomeMate_20170306193551.480.txt

03-30 10:36:24.692 11889 11889 D HomeMate: comm[ main: RoomImageUtil.java:275 getRoomImagePathByName() ] - RoomImageUtil: getRoomImagePathByName(file.exists == false !)

03-30 10:36:24.693 11889 11983 D HomeMate: comm[ Thread-44416: FileTool.java:65 deleteOldFiles() ] - deleteOldFiles()-fileName:HomeMate_20170306193521.173.txt

03-30 10:36:24.693 11889 11889 D HomeMate: comm[ main: HomePagerFragment.java:349 setRoomImage() ] - room:Room{roomId='ea4205a93f1c46b4a6df9bb391513dd9', roomName='é»è®¤æ¿é´', floorId='714c9032b3ef488bbfe77bff438d53a4', roomType=0, sequence=0, isDefaultRoom=false, imgUrl='/storage/emulated/0/HomeMate/room/6_thumb'} BaseBo{delFlag=0, updateTime='0', createTime='0', updateTimeSec=0, uid='null', userName='null'}   file.exists()->true

03-30 10:36:24.694 11889 11889 D HomeMate: allen[ main: HomePagerFragment.java:202 onStart() ] - onStart()

03-30 10:36:24.694 11889 11983 D HomeMate: comm[ Thread-44416: FileTool.java:65 deleteOldFiles() ] - deleteOldFiles()-fileName:HomeMate_20170306184835.689.txt

03-30 10:36:24.695 11889 11983 D HomeMate: comm[ Thread-44416: FileTool.java:65 deleteOldFiles() ] - deleteOldFiles()-fileName:HomeMate_20170306184534.204.txt

03-30 10:36:24.695 11889 11889 D HomeMate: allen[ main: HomePagerFragment.java:208 onResume() ] - onResume()

03-30 10:36:24.695 11889 11983 D HomeMate: comm[ Thread-44416: FileTool.java:65 deleteOldFiles() ] - deleteOldFiles()-fileName:HomeMate_20170306184424.892.txt

03-30 10:36:24.695 11889 11889 I a       : onMDNSFinish(phone)-gatewayInfos:[GatewayInfo{uid='007e5608c69c', model='VIH001', hubName='null', ip='192.168.56.166', port=5353}],isMDNSSearching:true

03-30 10:36:24.695 11889 11889 I a       : callBacks()-MDNS finish.onMDNSListeners:{com.orvibo.homemate.model.login.loginhub.LoginHub$2@f226a5f=com.orvibo.homemate.model.login.loginhub.LoginHub$2@f226a5f}

03-30 10:36:24.695 11889 11889 I SearchGateway: onMDNSFinish()-gatewayInfos:[GatewayInfo{uid='007e5608c69c', model='VIH001', hubName='null', ip='192.168.56.166', port=5353}]

03-30 10:36:24.700 28253 28253 I AppiumUnicodeIME: onFinishInput

03-30 10:36:24.700 28253 28253 I AppiumUnicodeIME: onStartInput

03-30 10:36:24.719 11889 11889 E RecyclerView: No adapter attached; skipping layout

03-30 10:36:24.785  2044  2115 I Timeline: Timeline: App_transition_ready time:337475565

03-30 10:36:24.785  2044  2115 I Timeline: Timeline: App_transition_stopped time:337475565

03-30 10:36:24.788  3746  3746 D PhoneStatusBar: disable: 0x00000100 -> 0x00000000 (diff: 0x00000100)

03-30 10:36:24.788  3746  3746 D PhoneStatusBar: disable: < expand icons alerts ticker system_info back home recent clock full hide* keyguard none float >

03-30 10:36:24.788  3746  3746 D PhoneStatusBar: showStatusBar isshow=true;delay=false

03-30 10:36:24.790  6151 24013 I octvm_power: handle event trigger full_screen_exit

03-30 10:36:24.792  2044  2115 I ActivityManager: Displayed com.orvibo.homemate/.common.main.MainActivity: +995ms

03-30 10:36:24.792  2044  2115 I Timeline: Timeline: Activity_windows_visible id: ActivityRecord{8b59074 u0 com.orvibo.homemate/.common.main.MainActivity t17508} time:337475572

03-30 10:36:24.799  3746  3746 V PhoneStatusBarPolicy: updateManagedProfile mManagedProfileFocused: false mKeyguardVisible: false mCurrentUserId:0 mCurrentProfileId:0 mSecondSpaceStatusIconVisible: true showIcon:false

03-30 10:36:24.826 11889 11889 I SearchGateway: onUdpSearchGatewayResult()-gatewayInfos:[GatewayInfo{uid='007e5608c69c', model='VIH001', hubName='null', ip='192.168.56.166', port=8088}, GatewayInfo{uid='007e56121201', model='Hub002', hubName='null', ip='192.168.56.245', port=8088}, GatewayInfo{uid='5cffffe20086', model='Hub100', hubName='null', ip='192.168.56.228', port=8088}, GatewayInfo{uid='5cffff43d6b4', model='Hub002', hubName='null', ip='192.168.56.121', port=8088}]

03-30 10:36:24.826 11889 11889 I HomeMate: comm[ main: LoginHub.java:170 onSearch() ] - gatewayInfos:[GatewayInfo{uid='007e5608c69c', model='VIH001', hubName='null', ip='192.168.56.166', port=8088}, GatewayInfo{uid='007e56121201', model='Hub002', hubName='null', ip='192.168.56.245', port=8088}, GatewayInfo{uid='5cffffe20086', model='Hub100', hubName='null', ip='192.168.56.228', port=8088}, GatewayInfo{uid='5cffff43d6b4', model='Hub002', hubName='null', ip='192.168.56.121', port=8088}]

03-30 10:36:24.826 11889 11889 W HomeMate: comm[ main: LoginHub.java:212 checkNeedProcessHub() ] - æ­¤ä¸»æºä¸é?è¦å¤çGatewayInfo{uid='007e5608c69c', model='VIH001', hubName='null', ip='192.168.56.166', port=8088}

03-30 10:36:24.827 11889 11889 W HomeMate: comm[ main: LoginHub.java:212 checkNeedProcessHub() ] - æ­¤ä¸»æºä¸é?è¦å¤çGatewayInfo{uid='007e56121201', model='Hub002', hubName='null', ip='192.168.56.245', port=8088}

03-30 10:36:24.827 11889 11889 W HomeMate: comm[ main: LoginHub.java:212 checkNeedProcessHub() ] - æ­¤ä¸»æºä¸é?è¦å¤çGatewayInfo{uid='5cffffe20086', model='Hub100', hubName='null', ip='192.168.56.228', port=8088}

03-30 10:36:24.827 11889 11889 W HomeMate: comm[ main: LoginHub.java:212 checkNeedProcessHub() ] - æ­¤ä¸»æºä¸é?è¦å¤çGatewayInfo{uid='5cffff43d6b4', model='Hub002', hubName='null', ip='192.168.56.121', port=8088}

03-30 10:36:24.827 11889 11889 D HomeMate: comm[ main: LoginHub.java:176 onSearch() ] - localLoginHubUids:[007e56121206],æç´¢è¿åçuids:[],isLoginAllLocalHub:false

03-30 10:36:24.828 11889 11889 E HomeMate: comm[ main: LoginHub.java:180 onSearch() ] - æ¬å°æç´¢ä¸å°æå®çä¸»æ?.localLoginHubUids:[007e56121206]

03-30 10:36:24.828 11889 11889 D HomeMate: comm[ main: LoginHub.java:282 isLoginFinish() ] - hubLoginStatues:{007e56121206=DONE}

03-30 10:36:24.828 11889 11889 I HomeMate: comm[ main: LoginHub.java:322 callback() ] - Login hub cost 1824ms

03-30 10:36:24.829 11889 11889 W HomeMate: comm[ main: Login.java:189 onLoginHubFail() ] - Fail to login hub.result:314

03-30 10:36:24.829 11889 11889 D HomeMate: comm[ main: LoginServer.java:181 isLoginServerFinish() ] - loginServerState:DONE

03-30 10:36:24.829 11889 11889 D SearchGateway: stopSearch()-Stop search gateways.

03-30 10:36:24.831 11889 12030 W NioReceiveThread: run()-NioReceiveThread has been stop.

03-30 10:36:24.831 11889 11889 D NioReceiveThread: stopReceive()

03-30 10:36:24.832 11889 11889 D NioReceiveThread: stopReceive()

03-30 10:36:24.836 11889 11889 I HomeMate: comm[ main: Login.java:248 callback() ] - Login cost 2695ms

03-30 10:36:24.837 11889 11889 D HomeMate: comm[ main: InfoPushService.java:58 onEventMainThread() ] - onEventMainThread()-PullEvent:PullEvent{type=1, logined=true}

03-30 10:36:24.837 11889 11889 D HomeMate: comm[ main: InfoPushManager.java:430 pushInfos() ] - []

03-30 10:36:24.838 11889 11889 D HomeMate: comm[ main: MainPresenter.java:565 onEventMainThread() ] - MainEvent{mainActionType=0, bottomTabType=0, showFirstTab=false, toLoginActivity=false, login365Event=Login365Event{gateways=null, cocos=null, result=0, serverLoginResult=0}, mLoadDataEvent=null, mHubUpgradeEvent=null, mLocationResultEvent=null, mLatestMessages=null, loadImportantDataUid='null'}

03-30 10:36:24.838 11889 11889 D HomeMate: comm[ main: MainPresenter.java:582 onEventMainThread() ] - Start to process login result.

03-30 10:36:24.838 11889 11889 D HomeMate: comm[ main: MainActivity.java:382 setLoadingProgress() ] - show:false

03-30 10:36:24.839 11889 11889 D HomeMate: comm[ main: MainPresenter.java:523 processLogin() ] - Login365Event{gateways=null, cocos=null, result=0, serverLoginResult=0}

03-30 10:36:24.839 11889 11889 D HomeMate: comm[ main: MainActivity.java:382 setLoadingProgress() ] - show:false

03-30 10:36:24.839 11889 11889 I HomeMate: comm[ main: MainPresenter.java:539 processLogin() ] - Finish login homemate,start to refresh data.

03-30 10:36:24.841 11889 11889 D HomeMate: comm[ main: MainPresenter.java:258 checkSearchUnbindDevice() ] - 

03-30 10:36:24.842 11889 11889 I HomeMate: comm[ main: MainPresenter.java:667 onLoginFinish() ] - 

