03-30 10:43:56.662  2044  2118 D AutomaticBrightnessController: drop the lightsensor event ,time=337927442 ,lux=94.0485

03-30 10:43:56.680 19885 20066 W System.err: 	at com.loc.n.a(AuthManager.java:96)

03-30 10:43:56.680 19885 20066 W System.err: 	at com.loc.n.b(AuthManager.java:118)

03-30 10:43:56.680 19885 20066 W System.err: 	at com.loc.aw.b(APS.java:3446)

03-30 10:43:56.680 19885 20066 W System.err: 	at com.loc.d.e(APSServiceCore.java:450)

03-30 10:43:56.680 19885 20066 W System.err: 	at com.loc.d.f(APSServiceCore.java:43)

03-30 10:43:56.680 19885 20066 W System.err: 	at com.loc.d$a.run(APSServiceCore.java:319)

03-30 10:43:56.706  4116  4556 I XiaomiFirewall: firewall pkgName:com.orvibo.homemate, result:0x0

03-30 10:43:56.709  6151  6186 I octvm_klo: read wakeups from wakealarm_fd:1

03-30 10:43:56.709  6151  6186 I octvm_klo: new timerfd interval:

03-30 10:43:56.709  6151  6186 I octvm_klo: 	itval.it_interval.tv_sec 1, itval.it_interval.tv_nsec 0

03-30 10:43:56.709  6151  6186 I octvm_klo: 	itval.it_value.tv_sec 0, itval.it_value.tv_nsec 999998229

03-30 10:43:56.802   379   493 I ThermalEngine: Sensor:batt_temp:361 mC

03-30 10:43:57.510  2044  2118 D AutomaticBrightnessController: drop the lightsensor event ,time=337928290 ,lux=6.6127853

03-30 10:43:57.680  2044  2118 D AutomaticBrightnessController: drop the lightsensor event ,time=337928460 ,lux=7.347539

03-30 10:43:57.709  6151  6186 I octvm_klo: read wakeups from wakealarm_fd:1

03-30 10:43:57.709  6151  6186 I octvm_klo: new timerfd interval:

03-30 10:43:57.709  6151  6186 I octvm_klo: 	itval.it_interval.tv_sec 1, itval.it_interval.tv_nsec 0

03-30 10:43:57.709  6151  6186 I octvm_klo: 	itval.it_value.tv_sec 0, itval.it_value.tv_nsec 999995938

03-30 10:43:57.803   379   493 I ThermalEngine: Sensor:batt_temp:361 mC

03-30 10:43:57.851  2044  2118 D AutomaticBrightnessController: drop the lightsensor event ,time=337928631 ,lux=7.347539

03-30 10:43:57.970 19885 19958 D UTAnalytics:CommitTask: pid:19885 check&commit event:65501,

03-30 10:43:57.970 19885 19955 D UTAnalytics:CommitTask: pid:19885 check&commit event:65502,

03-30 10:43:57.971 19885 19958 D UTAnalytics:CommitTask: pid:19885 next:65501,

03-30 10:43:57.971 19885 19958 D UTAnalytics:CommitTask: pid:19885 check&commit event:65503,

03-30 10:43:57.972 19885 19958 D UTAnalytics:CommitTask: pid:19885 next:65503,

03-30 10:43:57.981 19885 19955 D UTAnalytics:CommitTask: pid:19885 next:65502,

03-30 10:43:58.020  2044  2118 D AutomaticBrightnessController: drop the lightsensor event ,time=337928800 ,lux=13.960325

03-30 10:43:58.346  3745  3745 D wpa_supplicant: wlan0: Control interface command 'SIGNAL_POLL'

03-30 10:43:58.361  3745  3745 D wpa_supplicant: CTRL-DEBUG: global_ctrl_sock-sendto: sock=11 sndbuf=163840 outq=0 send_len=49

03-30 10:43:58.709  6151  6186 I octvm_klo: read wakeups from wakealarm_fd:1

03-30 10:43:58.709  6151  6186 I octvm_klo: new timerfd interval:

03-30 10:43:58.709  6151  6186 I octvm_klo: 	itval.it_interval.tv_sec 1, itval.it_interval.tv_nsec 0

03-30 10:43:58.709  6151  6186 I octvm_klo: 	itval.it_value.tv_sec 0, itval.it_value.tv_nsec 999996511

03-30 10:43:58.804   379   493 I ThermalEngine: Sensor:batt_temp:361 mC

03-30 10:43:59.709  6151  6186 I octvm_klo: read wakeups from wakealarm_fd:1

03-30 10:43:59.709  6151  6186 I octvm_klo: new timerfd interval:

03-30 10:43:59.709  6151  6186 I octvm_klo: 	itval.it_interval.tv_sec 1, itval.it_interval.tv_nsec 0

03-30 10:43:59.709  6151  6186 I octvm_klo: 	itval.it_value.tv_sec 0, itval.it_value.tv_nsec 999996979

03-30 10:43:59.806   379   493 I ThermalEngine: Sensor:batt_temp:361 mC

03-30 10:43:59.947  2044 13361 D DhcpClient: Received packet: d4:a1:48:4b:59:e3 NAK, reason wrong address

03-30 10:44:00.070  2044  3620 D WifiStateMachine: starting scan for "56.1_neiwang"-WPA_PSK with 5280,2412

03-30 10:44:00.071  3745  3745 D wpa_supplicant: wlan0: Control interface command 'SCAN TYPE=ONLY freq=5280,2412'

03-30 10:44:00.071  3745  3745 D wpa_supplicant: wlan0: Setting scan request: 0.000000 sec

03-30 10:44:00.071  3745  3745 D wpa_supplicant: CTRL-DEBUG: global_ctrl_sock-sendto: sock=11 sndbuf=163840 outq=0 send_len=3

03-30 10:44:00.071  3745  3745 D wpa_supplicant: wlan0: Starting AP scan for wildcard SSID

03-30 10:44:00.071  3745  3745 D wpa_supplicant: wlan0: Limit manual scan to specified channels

03-30 10:44:00.071  3745  3745 D wpa_supplicant: wlan0: Add radio work 'scan'@0xb68d9398

03-30 10:44:00.071  3745  3745 D wpa_supplicant: wlan0: First radio work item in the queue - schedule start immediately

03-30 10:44:00.071  3745  3745 D wpa_supplicant: wlan0: Starting radio work 'scan'@0xb68d9398 after 0.000056 second wait

03-30 10:44:00.071  3745  3745 D wpa_supplicant: wlan0: nl80211: scan request

03-30 10:44:00.071  3745  3745 D wpa_supplicant: nl80211: Scan SSID - hexdump(len=0): [NULL]

03-30 10:44:00.071  3745  3745 D wpa_supplicant: nl80211: Scan extra IEs - hexdump(len=7): 7f 05 00 00 0a 02 01

03-30 10:44:00.071  3745  3745 D wpa_supplicant: nl80211: Scan frequency 2412 MHz

03-30 10:44:00.071  3745  3745 D wpa_supplicant: nl80211: Scan frequency 5280 MHz

03-30 10:44:00.084  3745  3745 D wpa_supplicant: Scan requested (ret=0) - scan timeout 30 seconds

03-30 10:44:00.084  3745  3745 D wpa_supplicant: nl80211: Event message available

03-30 10:44:00.084  3745  3745 D wpa_supplicant: nl80211: Drv Event 33 (NL80211_CMD_TRIGGER_SCAN) received for wlan0

03-30 10:44:00.084  3745  3745 D wpa_supplicant: wlan0: nl80211: Scan trigger

03-30 10:44:00.084  3745  3745 D wpa_supplicant: wlan0: Event SCAN_STARTED (47) received

03-30 10:44:00.084  3745  3745 D wpa_supplicant: wlan0: Own scan request started a scan in 0.000166 seconds

03-30 10:44:00.084  3745  3745 D wpa_supplicant: CTRL-DEBUG: ctrl_sock-sendmsg: sock=11 sndbuf=163840 outq=0 send_len=24

03-30 10:44:00.084  3745  3745 D wpa_supplicant: CTRL_IFACE monitor sent successfully to /data/misc/wifi/sockets/wpa_ctrl_2044-2\x00

03-30 10:44:00.100  4229  4367 W WtProcessController: do not trim { PackageName :com.miui.home Pid: 4268 Uid: 10019 Start by: unknown Score:50 Old score:50 state:0 mBackgroundTimeInMillis:1490841811164 WakelockCount:0 wakelogsize:0  ActivityDestroied:false Activity size: 1 PackageInfo:{WhetstonePackageInfo#PacakgeName:com.miui.home uid:10019 uiMemoryThresold:0 nonUiMemoryThresold:0 Flag:-2147483392,0x80000100 [,APP_SYSTEM] Type:0[] } tasknum:17544}

03-30 10:44:00.154  4229  4367 W WtProcessController: do not trim { PackageName :com.orvibo.homemate Pid: 19985 Uid: 10143 Start by: service Score:100 Old score:100 state:0 mBackgroundTimeInMillis:0 WakelockCount:0 wakelogsize:0  ActivityDestroied:false Activity size: 0 PackageInfo:{WhetstonePackageInfo#PacakgeName:com.orvibo.homemate uid:10143 uiMemoryThresold:0 nonUiMemoryThresold:0 Flag:1073745984,0x40001040 [,TRIMHEAPS,FLAG_DEAL_SCHEDULE] Type:64[,AUTO_START] } tasknum:-1}

03-30 10:44:00.200  3745  3745 D wpa_supplicant: nl80211: Event message available

03-30 10:44:00.200  3745  3745 D wpa_supplicant: nl80211: Drv Event 34 (NL80211_CMD_NEW_SCAN_RESULTS) received for wlan0

03-30 10:44:00.200  3745  3745 D wpa_supplicant: wlan0: nl80211: New scan results available

03-30 10:44:00.200  3745  3745 D wpa_supplicant: nl80211: Scan included frequencies: 2412 5280

03-30 10:44:00.200  3745  3745 D wpa_supplicant: wlan0: Event SCAN_RESULTS (3) received

03-30 10:44:00.201  3745  3745 D wpa_supplicant: wlan0: Scan completed in 0.116330 seconds

03-30 10:44:00.201  3745  3745 D wpa_supplicant: nl80211: Associated on 5280 MHz

03-30 10:44:00.201  3745  3745 D wpa_supplicant: nl80211: Associated with cc:81:da:9c:13:28

03-30 10:44:00.201  3745  3745 D wpa_supplicant: nl80211: Received scan results (35 BSSes)

03-30 10:44:00.201  3745  3745 D wpa_supplicant: nl80211: Scan results indicate BSS status with cc:81:da:9c:13:28 as associated

03-30 10:44:00.201  3745  3745 D wpa_supplicant: wlan0: BSS: Start scan result update 5276

03-30 10:44:00.201  3745  3745 D wpa_supplicant: BSS: last_scan_res_used=35/64

03-30 10:44:00.201  3745  3745 D wpa_supplicant: wlan0: Scan-only results received

03-30 10:44:00.201  3745  3745 D wpa_supplicant: CTRL-DEBUG: ctrl_sock-sendmsg: sock=11 sndbuf=163840 outq=0 send_len=24

03-30 10:44:00.201  3745  3745 D wpa_supplicant: CTRL_IFACE monitor sent successfully to /data/misc/wifi/sockets/wpa_ctrl_2044-2\x00

03-30 10:44:00.201  3745  3745 D wpa_supplicant: wlan0: Radio work 'scan'@0xb68d9398 done in 0.130449 seconds

03-30 10:44:00.203  3745  3745 D wpa_supplicant: RTM_NEWLINK: ifi_index=22 ifname=wlan0 wext ifi_family=0 ifi_flags=0x11043 ([UP][RUNNING][LOWER_UP])

03-30 10:44:00.208  3745  3745 D wpa_supplicant: CTRL-DEBUG: global_ctrl_sock-sendto: sock=11 sndbuf=163840 outq=0 send_len=3529

03-30 10:44:00.212  3745  3745 D wpa_supplicant: CTRL-DEBUG: global_ctrl_sock-sendto: sock=11 sndbuf=163840 outq=0 send_len=3598

03-30 10:44:00.216  3745  3745 D wpa_supplicant: CTRL-DEBUG: global_ctrl_sock-sendto: sock=11 sndbuf=163840 outq=0 send_len=3955

03-30 10:44:00.218  3745  3745 D wpa_supplicant: CTRL-DEBUG: global_ctrl_sock-sendto: sock=11 sndbuf=163840 outq=0 send_len=3915

03-30 10:44:00.221  3745  3745 D wpa_supplicant: CTRL-DEBUG: global_ctrl_sock-sendto: sock=11 sndbuf=163840 outq=0 send_len=3846

03-30 10:44:00.224  3745  3745 D wpa_supplicant: CTRL-DEBUG: global_ctrl_sock-sendto: sock=11 sndbuf=163840 outq=0 send_len=3503

03-30 10:44:00.226  3745  3745 D wpa_supplicant: CTRL-DEBUG: global_ctrl_sock-sendto: sock=11 sndbuf=163840 outq=0 send_len=1114

03-30 10:44:00.249  3745  3745 D wpa_supplicant: EAPOL: EAP Session-Id not available

03-30 10:44:00.249  3745  3745 D wpa_supplicant: CTRL-DEBUG: global_ctrl_sock-sendto: sock=11 sndbuf=163840 outq=0 send_len=279

03-30 10:44:00.709  6151  6186 I octvm_klo: read wakeups from wakealarm_fd:1

03-30 10:44:00.710  6151  6186 I octvm_klo: new timerfd interval:

03-30 10:44:00.710  6151  6186 I octvm_klo: 	itval.it_interval.tv_sec 1, itval.it_interval.tv_nsec 0

03-30 10:44:00.710  6151  6186 I octvm_klo: 	itval.it_value.tv_sec 0, itval.it_value.tv_nsec 999992239

03-30 10:44:00.807   379   493 I ThermalEngine: Sensor:batt_temp:361 mC

03-30 10:44:01.367  3745  3745 D wpa_supplicant: wlan0: Control interface command 'SIGNAL_POLL'

03-30 10:44:01.380  3745  3745 D wpa_supplicant: CTRL-DEBUG: global_ctrl_sock-sendto: sock=11 sndbuf=163840 outq=0 send_len=49

03-30 10:44:01.710  6151  6186 I octvm_klo: read wakeups from wakealarm_fd:1

03-30 10:44:01.710  6151  6186 I octvm_klo: new timerfd interval:

03-30 10:44:01.710  6151  6186 I octvm_klo: 	itval.it_interval.tv_sec 1, itval.it_interval.tv_nsec 0

03-30 10:44:01.710  6151  6186 I octvm_klo: 	itval.it_value.tv_sec 0, itval.it_value.tv_nsec 999992657

03-30 10:44:01.808   379   493 I ThermalEngine: Sensor:batt_temp:361 mC

03-30 10:44:02.285 19885 19937 D NAT     : SYMMETRIC_NAT

03-30 10:44:02.287 19885 19937 D NAT     : call void method before

03-30 10:44:02.288 19885 19937 D NAT     : call void method after

03-30 10:44:02.711  6151  6186 I octvm_klo: read wakeups from wakealarm_fd:1

03-30 10:44:02.711  6151  6186 I octvm_klo: new timerfd interval:

03-30 10:44:02.711  6151  6186 I octvm_klo: 	itval.it_interval.tv_sec 1, itval.it_interval.tv_nsec 0

03-30 10:44:02.711  6151  6186 I octvm_klo: 	itval.it_value.tv_sec 0, itval.it_value.tv_nsec 999988542

03-30 10:44:02.809   379   493 I ThermalEngine: Sensor:batt_temp:360 mC

03-30 10:44:03.711  6151  6186 I octvm_klo: read wakeups from wakealarm_fd:1

03-30 10:44:03.711  6151  6186 I octvm_klo: new timerfd interval:

03-30 10:44:03.711  6151  6186 I octvm_klo: 	itval.it_interval.tv_sec 1, itval.it_interval.tv_nsec 0

03-30 10:44:03.711  6151  6186 I octvm_klo: 	itval.it_value.tv_sec 0, itval.it_value.tv_nsec 999992292

03-30 10:44:03.811   379   493 I ThermalEngine: Sensor:batt_temp:360 mC

03-30 10:44:04.023  4116  4556 I XiaomiFirewall: firewall pkgName:com.qihoo.appstore, result:0x0

03-30 10:44:04.389  3745  3745 D wpa_supplicant: wlan0: Control interface command 'SIGNAL_POLL'

03-30 10:44:04.409  3745  3745 D wpa_supplicant: CTRL-DEBUG: global_ctrl_sock-sendto: sock=11 sndbuf=163840 outq=0 send_len=49

03-30 10:44:04.481  2044  2118 D AutomaticBrightnessController: drop the lightsensor event ,time=337935261 ,lux=4.4085236

03-30 10:44:04.651  2044  2118 D AutomaticBrightnessController: drop the lightsensor event ,time=337935430 ,lux=3.6737695

03-30 10:44:04.711  6151  6186 I octvm_klo: read wakeups from wakealarm_fd:1

03-30 10:44:04.712  6151  6186 I octvm_klo: new timerfd interval:

03-30 10:44:04.712  6151  6186 I octvm_klo: 	itval.it_interval.tv_sec 1, itval.it_interval.tv_nsec 0

03-30 10:44:04.712  6151  6186 I octvm_klo: 	itval.it_value.tv_sec 0, itval.it_value.tv_nsec 999992187

03-30 10:44:04.812   379   493 I ThermalEngine: Sensor:batt_temp:361 mC

03-30 10:44:04.820  2044  2118 D AutomaticBrightnessController: drop the lightsensor event ,time=337935600 ,lux=5.1432776

03-30 10:44:04.990  2044  2118 D AutomaticBrightnessController: drop the lightsensor event ,time=337935770 ,lux=5.1432776

03-30 10:44:05.162  2044  2118 D AutomaticBrightnessController: drop the lightsensor event ,time=337935942 ,lux=2.9390156

03-30 10:44:05.331  2044  2118 D AutomaticBrightnessController: drop the lightsensor event ,time=337936111 ,lux=1.4695078

03-30 10:44:05.500  2044  2118 D AutomaticBrightnessController: drop the lightsensor event ,time=337936280 ,lux=5.1432776

03-30 10:44:05.712  6151  6186 I octvm_klo: read wakeups from wakealarm_fd:1

03-30 10:44:05.712  6151  6186 I octvm_klo: new timerfd interval:

03-30 10:44:05.712  6151  6186 I octvm_klo: 	itval.it_interval.tv_sec 1, itval.it_interval.tv_nsec 0

03-30 10:44:05.712  6151  6186 I octvm_klo: 	itval.it_value.tv_sec 0, itval.it_value.tv_nsec 999991823

03-30 10:44:05.813   379   493 I ThermalEngine: Sensor:batt_temp:360 mC

03-30 10:44:06.351  2044  2118 D AutomaticBrightnessController: drop the lightsensor event ,time=337937131 ,lux=30.124912

03-30 10:44:06.521  2044  2118 D AutomaticBrightnessController: drop the lightsensor event ,time=337937301 ,lux=8.0822935

03-30 10:44:06.690  2044  2118 D AutomaticBrightnessController: drop the lightsensor event ,time=337937470 ,lux=5.1432776

03-30 10:44:06.712  6151  6186 I octvm_klo: read wakeups from wakealarm_fd:1

03-30 10:44:06.712  6151  6186 I octvm_klo: new timerfd interval:

03-30 10:44:06.712  6151  6186 I octvm_klo: 	itval.it_interval.tv_sec 1, itval.it_interval.tv_nsec 0

03-30 10:44:06.712  6151  6186 I octvm_klo: 	itval.it_value.tv_sec 0, itval.it_value.tv_nsec 999993542

03-30 10:44:06.814   379   493 I ThermalEngine: Sensor:batt_temp:360 mC

03-30 10:44:06.860  2044  2118 D AutomaticBrightnessController: drop the lightsensor event ,time=337937640 ,lux=2.9390156

03-30 10:44:07.030  2044  2118 D AutomaticBrightnessController: drop the lightsensor event ,time=337937810 ,lux=8.0822935
