03-30 10:37:40.509 25810 25810 W AppWatcher: type=1400 audit(0.0:55196629): avc: denied { getattr } for path="/proc/7" dev="proc" ino=11961944 scontext=u:r:untrusted_app:s0:c512,c768 tcontext=u:r:kernel:s0 tclass=dir permissive=0

03-30 10:37:40.509 25810 25810 W AppWatcher: type=1400 audit(0.0:55196630): avc: denied { getattr } for path="/proc/8" dev="proc" ino=11961945 scontext=u:r:untrusted_app:s0:c512,c768 tcontext=u:r:kernel:s0 tclass=dir permissive=0

03-30 10:37:40.509 25810 25810 W AppWatcher: type=1400 audit(0.0:55196631): avc: denied { getattr } for path="/proc/21" dev="proc" ino=11961946 scontext=u:r:untrusted_app:s0:c512,c768 tcontext=u:r:kernel:s0 tclass=dir permissive=0

03-30 10:37:40.509 25810 25810 W AppWatcher: type=1400 audit(0.0:55196632): avc: denied { getattr } for path="/proc/22" dev="proc" ino=11961947 scontext=u:r:untrusted_app:s0:c512,c768 tcontext=u:r:kernel:s0 tclass=dir permissive=0

03-30 10:37:40.509 25810 25810 W AppWatcher: type=1400 audit(0.0:55196633): avc: denied { getattr } for path="/proc/28" dev="proc" ino=11961948 scontext=u:r:untrusted_app:s0:c512,c768 tcontext=u:r:kernel:s0 tclass=dir permissive=0

03-30 10:37:40.519 25810 25810 W AppWatcher: type=1400 audit(0.0:55196634): avc: denied { getattr } for path="/proc/29" dev="proc" ino=11961949 scontext=u:r:untrusted_app:s0:c512,c768 tcontext=u:r:kernel:s0 tclass=dir permissive=0

03-30 10:37:40.519 25810 25810 W AppWatcher: type=1400 audit(0.0:55196635): avc: denied { getattr } for path="/proc/30" dev="proc" ino=11961950 scontext=u:r:untrusted_app:s0:c512,c768 tcontext=u:r:kernel:s0 tclass=dir permissive=0

03-30 10:37:40.519 25810 25810 W AppWatcher: type=1400 audit(0.0:55196636): avc: denied { getattr } for path="/proc/32" dev="proc" ino=11961951 scontext=u:r:untrusted_app:s0:c512,c768 tcontext=u:r:kernel:s0 tclass=dir permissive=0

03-30 10:37:40.519 25810 25810 W AppWatcher: type=1400 audit(0.0:55196637): avc: denied { getattr } for path="/proc/33" dev="proc" ino=11961952 scontext=u:r:untrusted_app:s0:c512,c768 tcontext=u:r:kernel:s0 tclass=dir permissive=0

03-30 10:37:40.519 25810 25810 W AppWatcher: type=1400 audit(0.0:55196638): avc: denied { getattr } for path="/proc/34" dev="proc" ino=11961953 scontext=u:r:untrusted_app:s0:c512,c768 tcontext=u:r:kernel:s0 tclass=dir permissive=0

03-30 10:37:40.519 25810 25810 W AppWatcher: type=1400 audit(0.0:55196639): avc: denied { getattr } for path="/proc/61" dev="proc" ino=11961954 scontext=u:r:untrusted_app:s0:c512,c768 tcontext=u:r:kernel:s0 tclass=dir permissive=0

03-30 10:37:40.519 25810 25810 W AppWatcher: type=1400 audit(0.0:55196640): avc: denied { getattr } for path="/proc/62" dev="proc" ino=11961955 scontext=u:r:untrusted_app:s0:c512,c768 tcontext=u:r:kernel:s0 tclass=dir permissive=0

03-30 10:37:40.519 25810 25810 W AppWatcher: type=1400 audit(0.0:55196641): avc: denied { getattr } for path="/proc/63" dev="proc" ino=11961956 scontext=u:r:untrusted_app:s0:c512,c768 tcontext=u:r:kernel:s0 tclass=dir permissive=0

03-30 10:37:40.582  6151  6186 I octvm_klo: read wakeups from wakealarm_fd:1

03-30 10:37:40.582  6151  6186 I octvm_klo: new timerfd interval:

03-30 10:37:40.582  6151  6186 I octvm_klo: 	itval.it_interval.tv_sec 1, itval.it_interval.tv_nsec 0

03-30 10:37:40.582  6151  6186 I octvm_klo: 	itval.it_value.tv_sec 0, itval.it_value.tv_nsec 999996302

03-30 10:37:41.232  3745  3745 D wpa_supplicant: wlan0: Control interface command 'SIGNAL_POLL'

03-30 10:37:41.237  3745  3745 D wpa_supplicant: CTRL-DEBUG: global_ctrl_sock-sendto: sock=11 sndbuf=163840 outq=0 send_len=49

03-30 10:37:41.301   379   493 I ThermalEngine: Sensor:batt_temp:351 mC

03-30 10:37:41.582  6151  6186 I octvm_klo: read wakeups from wakealarm_fd:1

03-30 10:37:41.582  6151  6186 I octvm_klo: new timerfd interval:

03-30 10:37:41.582  6151  6186 I octvm_klo: 	itval.it_interval.tv_sec 1, itval.it_interval.tv_nsec 0

03-30 10:37:41.582  6151  6186 I octvm_klo: 	itval.it_value.tv_sec 0, itval.it_value.tv_nsec 999995677

03-30 10:37:41.839 12852 12940 D UTAnalytics:CommitTask: pid:12852 check&commit event:65501,

03-30 10:37:41.844 12852 12940 D UTAnalytics:CommitTask: pid:12852 next:65501,

03-30 10:37:41.844 12852 12940 D UTAnalytics:CommitTask: pid:12852 check&commit event:65502,

03-30 10:37:41.844 12852 12940 D UTAnalytics:CommitTask: pid:12852 next:65502,

03-30 10:37:41.844 12852 12940 D UTAnalytics:CommitTask: pid:12852 check&commit event:65503,

03-30 10:37:41.844 12852 12940 D UTAnalytics:CommitTask: pid:12852 next:65503,

03-30 10:37:42.303   379   493 I ThermalEngine: Sensor:batt_temp:351 mC

03-30 10:37:42.582  6151  6186 I octvm_klo: read wakeups from wakealarm_fd:1

03-30 10:37:42.583  6151  6186 I octvm_klo: new timerfd interval:

03-30 10:37:42.583  6151  6186 I octvm_klo: 	itval.it_interval.tv_sec 1, itval.it_interval.tv_nsec 0

03-30 10:37:42.583  6151  6186 I octvm_klo: 	itval.it_value.tv_sec 0, itval.it_value.tv_nsec 999994583

03-30 10:37:42.875 12852 12937 D UTAnalytics:LogStoreMgr: pid:12852 [store],

03-30 10:37:42.878 12852 12937 D UTAnalytics:UTSqliteLogStore: pid:12852 sql:SELECT * FROM log ORDER BY time ASC  LIMIT 350,

03-30 10:37:42.885 12852 12937 D UTAnalytics:LogStoreMgr: pid:12852 [get],[],

03-30 10:37:42.887 12852 12937 D UTAnalytics:UploadEngine: pid:12852 UTDC.bBackground:false,AppInfoUtil.isForeground(UTDC.getContext()) ,true,

03-30 10:37:42.889 12852 12937 D UTAnalytics:UploadTask: pid:12852 mPeriod:30000,

03-30 10:37:43.304   379   493 I ThermalEngine: Sensor:batt_temp:351 mC

03-30 10:37:43.583  6151  6186 I octvm_klo: read wakeups from wakealarm_fd:1

03-30 10:37:43.583  6151  6186 I octvm_klo: new timerfd interval:

03-30 10:37:43.583  6151  6186 I octvm_klo: 	itval.it_interval.tv_sec 1, itval.it_interval.tv_nsec 0

03-30 10:37:43.583  6151  6186 I octvm_klo: 	itval.it_value.tv_sec 0, itval.it_value.tv_nsec 999996511

03-30 10:37:44.245  3745  3745 D wpa_supplicant: wlan0: Control interface command 'SIGNAL_POLL'

03-30 10:37:44.261  3745  3745 D wpa_supplicant: CTRL-DEBUG: global_ctrl_sock-sendto: sock=11 sndbuf=163840 outq=0 send_len=49

03-30 10:37:44.305   379   493 I ThermalEngine: Sensor:batt_temp:351 mC

03-30 10:37:44.583  6151  6186 I octvm_klo: read wakeups from wakealarm_fd:1

03-30 10:37:44.583  6151  6186 I octvm_klo: new timerfd interval:

03-30 10:37:44.583  6151  6186 I octvm_klo: 	itval.it_interval.tv_sec 1, itval.it_interval.tv_nsec 0

03-30 10:37:44.583  6151  6186 I octvm_klo: 	itval.it_value.tv_sec 0, itval.it_value.tv_nsec 999995104

03-30 10:37:45.307   379   493 I ThermalEngine: Sensor:batt_temp:351 mC

03-30 10:37:45.583  6151  6186 I octvm_klo: read wakeups from wakealarm_fd:1

03-30 10:37:45.583  6151  6186 I octvm_klo: new timerfd interval:

03-30 10:37:45.583  6151  6186 I octvm_klo: 	itval.it_interval.tv_sec 1, itval.it_interval.tv_nsec 0

03-30 10:37:45.583  6151  6186 I octvm_klo: 	itval.it_value.tv_sec 0, itval.it_value.tv_nsec 999992708

03-30 10:37:46.308   379   493 I ThermalEngine: Sensor:batt_temp:351 mC

03-30 10:37:46.583  6151  6186 I octvm_klo: read wakeups from wakealarm_fd:1

03-30 10:37:46.583  6151  6186 I octvm_klo: new timerfd interval:

03-30 10:37:46.583  6151  6186 I octvm_klo: 	itval.it_interval.tv_sec 1, itval.it_interval.tv_nsec 0

03-30 10:37:46.583  6151  6186 I octvm_klo: 	itval.it_value.tv_sec 0, itval.it_value.tv_nsec 999995729

03-30 10:37:47.270  3745  3745 D wpa_supplicant: wlan0: Control interface command 'SIGNAL_POLL'

03-30 10:37:47.286  3745  3745 D wpa_supplicant: CTRL-DEBUG: global_ctrl_sock-sendto: sock=11 sndbuf=163840 outq=0 send_len=49

03-30 10:37:47.309   379   493 I ThermalEngine: Sensor:batt_temp:351 mC

03-30 10:37:47.584  6151  6186 I octvm_klo: read wakeups from wakealarm_fd:1

03-30 10:37:47.584  6151  6186 I octvm_klo: new timerfd interval:

03-30 10:37:47.584  6151  6186 I octvm_klo: 	itval.it_interval.tv_sec 1, itval.it_interval.tv_nsec 0

03-30 10:37:47.584  6151  6186 I octvm_klo: 	itval.it_value.tv_sec 0, itval.it_value.tv_nsec 999990573

03-30 10:37:48.310   379   493 I ThermalEngine: Sensor:batt_temp:351 mC

03-30 10:37:48.584  6151  6186 I octvm_klo: read wakeups from wakealarm_fd:1

03-30 10:37:48.584  6151  6186 I octvm_klo: new timerfd interval:

03-30 10:37:48.584  6151  6186 I octvm_klo: 	itval.it_interval.tv_sec 1, itval.it_interval.tv_nsec 0

03-30 10:37:48.584  6151  6186 I octvm_klo: 	itval.it_value.tv_sec 0, itval.it_value.tv_nsec 999993907

03-30 10:37:49.311   379   493 I ThermalEngine: Sensor:batt_temp:351 mC

03-30 10:37:49.584  6151  6186 I octvm_klo: read wakeups from wakealarm_fd:1

03-30 10:37:49.584  6151  6186 I octvm_klo: new timerfd interval:

03-30 10:37:49.584  6151  6186 I octvm_klo: 	itval.it_interval.tv_sec 1, itval.it_interval.tv_nsec 0

03-30 10:37:49.584  6151  6186 I octvm_klo: 	itval.it_value.tv_sec 0, itval.it_value.tv_nsec 999996406

03-30 10:37:50.294  3745  3745 D wpa_supplicant: wlan0: Control interface command 'SIGNAL_POLL'

03-30 10:37:50.308  3745  3745 D wpa_supplicant: CTRL-DEBUG: global_ctrl_sock-sendto: sock=11 sndbuf=163840 outq=0 send_len=49

03-30 10:37:50.313   379   493 I ThermalEngine: Sensor:batt_temp:352 mC

03-30 10:37:50.584  6151  6186 I octvm_klo: read wakeups from wakealarm_fd:1

03-30 10:37:50.584  6151  6186 I octvm_klo: new timerfd interval:

03-30 10:37:50.584  6151  6186 I octvm_klo: 	itval.it_interval.tv_sec 1, itval.it_interval.tv_nsec 0

03-30 10:37:50.584  6151  6186 I octvm_klo: 	itval.it_value.tv_sec 0, itval.it_value.tv_nsec 999994271

03-30 10:37:50.669 25810 25810 W AppWatcher: type=1400 audit(0.0:55196893): avc: denied { getattr } for path="/proc/opalum-temp-calib" dev="proc" ino=4026534631 scontext=u:r:untrusted_app:s0:c512,c768 tcontext=u:object_r:proc_opalum:s0 tclass=file permissive=0

03-30 10:37:50.669 25810 25810 W AppWatcher: type=1400 audit(0.0:55196894): avc: denied { getattr } for path="/proc/opalum-f0-calib" dev="proc" ino=4026534630 scontext=u:r:untrusted_app:s0:c512,c768 tcontext=u:object_r:proc_opalum:s0 tclass=file permissive=0

03-30 10:37:50.669 25810 25810 W AppWatcher: type=1400 audit(0.0:55196895): avc: denied { getattr } for path="/proc/sysrq-trigger" dev="proc" ino=4026533735 scontext=u:r:untrusted_app:s0:c512,c768 tcontext=u:object_r:proc_sysrq:s0 tclass=file permissive=0

03-30 10:37:50.679 25810 25810 W AppWatcher: type=1400 audit(0.0:55196896): avc: denied { getattr } for path="/proc/1" dev="proc" ino=11921139 scontext=u:r:untrusted_app:s0:c512,c768 tcontext=u:r:init:s0 tclass=dir permissive=0

03-30 10:37:50.679 25810 25810 W AppWatcher: type=1400 audit(0.0:55196897): avc: denied { getattr } for path="/proc/2" dev="proc" ino=11961941 scontext=u:r:untrusted_app:s0:c512,c768 tcontext=u:r:kernel:s0 tclass=dir permissive=0

03-30 10:37:50.679 25810 25810 W AppWatcher: type=1400 audit(0.0:55196898): avc: denied { getattr } for path="/proc/3" dev="proc" ino=11961942 scontext=u:r:untrusted_app:s0:c512,c768 tcontext=u:r:kernel:s0 tclass=dir permissive=0

03-30 10:37:50.679 25810 25810 W AppWatcher: type=1400 audit(0.0:55196899): avc: denied { getattr } for path="/proc/6" dev="proc" ino=11961943 scontext=u:r:untrusted_app:s0:c512,c768 tcontext=u:r:kernel:s0 tclass=dir permissive=0

03-30 10:37:50.679 25810 25810 W AppWatcher: type=1400 audit(0.0:55196900): avc: denied { getattr } for path="/proc/7" dev="proc" ino=11961944 scontext=u:r:untrusted_app:s0:c512,c768 tcontext=u:r:kernel:s0 tclass=dir permissive=0

03-30 10:37:50.679 25810 25810 W AppWatcher: type=1400 audit(0.0:55196901): avc: denied { getattr } for path="/proc/8" dev="proc" ino=11961945 scontext=u:r:untrusted_app:s0:c512,c768 tcontext=u:r:kernel:s0 tclass=dir permissive=0

03-30 10:37:50.679 25810 25810 W AppWatcher: type=1400 audit(0.0:55196902): avc: denied { getattr } for path="/proc/21" dev="proc" ino=11961946 scontext=u:r:untrusted_app:s0:c512,c768 tcontext=u:r:kernel:s0 tclass=dir permissive=0

03-30 10:37:50.679 25810 25810 W AppWatcher: type=1400 audit(0.0:55196903): avc: denied { getattr } for path="/proc/22" dev="proc" ino=11961947 scontext=u:r:untrusted_app:s0:c512,c768 tcontext=u:r:kernel:s0 tclass=dir permissive=0

03-30 10:37:50.679 25810 25810 W AppWatcher: type=1400 audit(0.0:55196904): avc: denied { getattr } for path="/proc/28" dev="proc" ino=11961948 scontext=u:r:untrusted_app:s0:c512,c768 tcontext=u:r:kernel:s0 tclass=dir permissive=0

03-30 10:37:50.679 25810 25810 W AppWatcher: type=1400 audit(0.0:55196905): avc: denied { getattr } for path="/proc/29" dev="proc" ino=11961949 scontext=u:r:untrusted_app:s0:c512,c768 tcontext=u:r:kernel:s0 tclass=dir permissive=0

03-30 10:37:50.689 25810 25810 W AppWatcher: type=1400 audit(0.0:55196906): avc: denied { getattr } for path="/proc/30" dev="proc" ino=11961950 scontext=u:r:untrusted_app:s0:c512,c768 tcontext=u:r:kernel:s0 tclass=dir permissive=0

03-30 10:37:50.689 25810 25810 W AppWatcher: type=1400 audit(0.0:55196907): avc: denied { getattr } for path="/proc/32" dev="proc" ino=11961951 scontext=u:r:untrusted_app:s0:c512,c768 tcontext=u:r:kernel:s0 tclass=dir permissive=0

03-30 10:37:50.689 25810 25810 W AppWatcher: type=1400 audit(0.0:55196908): avc: denied { getattr } for path="/proc/33" dev="proc" ino=11961952 scontext=u:r:untrusted_app:s0:c512,c768 tcontext=u:r:kernel:s0 tclass=dir permissive=0

03-30 10:37:50.689 25810 25810 W AppWatcher: type=1400 audit(0.0:55196909): avc: denied { getattr } for path="/proc/34" dev="proc" ino=11961953 scontext=u:r:untrusted_app:s0:c512,c768 tcontext=u:r:kernel:s0 tclass=dir permissive=0

03-30 10:37:50.689 25810 25810 W AppWatcher: type=1400 audit(0.0:55196910): avc: denied { getattr } for path="/proc/61" dev="proc" ino=11961954 scontext=u:r:untrusted_app:s0:c512,c768 tcontext=u:r:kernel:s0 tclass=dir permissive=0

03-30 10:37:50.689 25810 25810 W AppWatcher: type=1400 audit(0.0:55196911): avc: denied { getattr } for path="/proc/62" dev="proc" ino=11961955 scontext=u:r:untrusted_app:s0:c512,c768 tcontext=u:r:kernel:s0 tclass=dir permissive=0

03-30 10:37:50.689 25810 25810 W AppWatcher: type=1400 audit(0.0:55196912): avc: denied { getattr } for path="/proc/63" dev="proc" ino=11961956 scontext=u:r:untrusted_app:s0:c512,c768 tcontext=u:r:kernel:s0 tclass=dir permissive=0

03-30 10:37:51.021  4116  4556 I XiaomiFirewall: firewall pkgName:com.qihoo.appstore, result:0x0

03-30 10:37:51.314   379   493 I ThermalEngine: Sensor:batt_temp:351 mC

03-30 10:37:51.584  6151  6186 I octvm_klo: read wakeups from wakealarm_fd:1

03-30 10:37:51.585  6151  6186 I octvm_klo: new timerfd interval:

03-30 10:37:51.585  6151  6186 I octvm_klo: 	itval.it_interval.tv_sec 1, itval.it_interval.tv_nsec 0

03-30 10:37:51.585  6151  6186 I octvm_klo: 	itval.it_value.tv_sec 0, itval.it_value.tv_nsec 999996927

03-30 10:37:52.315   379   493 I ThermalEngine: Sensor:batt_temp:351 mC

03-30 10:37:52.585  6151  6186 I octvm_klo: read wakeups from wakealarm_fd:1

03-30 10:37:52.585  6151  6186 I octvm_klo: new timerfd interval:

03-30 10:37:52.585  6151  6186 I octvm_klo: 	itval.it_interval.tv_sec 1, itval.it_interval.tv_nsec 0

03-30 10:37:52.585  6151  6186 I octvm_klo: 	itval.it_value.tv_sec 0, itval.it_value.tv_nsec 999991302

03-30 10:37:52.948 12852 12888 W System.err: java.net.SocketTimeoutException: SSL handshake timed out

03-30 10:37:52.948 12852 12888 W System.err: 	at com.android.org.conscrypt.NativeCrypto.SSL_do_handshake(Native Method)

03-30 10:37:52.948 12852 12888 W System.err: 	at com.android.org.conscrypt.OpenSSLSocketImpl.startHandshake(OpenSSLSocketImpl.java:324)

03-30 10:37:52.948 12852 12888 W System.err: 	at com.android.org.conscrypt.OpenSSLSocketImpl.waitForHandshake(OpenSSLSocketImpl.java:629)

03-30 10:37:52.949 12852 12888 W System.err: 	at com.android.org.conscrypt.OpenSSLSocketImpl.getInputStream(OpenSSLSocketImpl.java:591)

03-30 10:37:52.949 12852 12888 W System.err: 	at org.apache.http.impl.io.SocketInputBuffer.<init>(SocketInputBuffer.java:75)

03-30 10:37:52.949 12852 12888 W System.err: 	at org.apache.http.impl.SocketHttpClientConnection.createSessionInputBuffer(SocketHttpClientConnection.java:88)

03-30 10:37:52.949 12852 12888 W System.err: 	at org.apache.http.impl.conn.DefaultClientConnection.createSessionInputBuffer(DefaultClientConnection.java:175)

03-30 10:37:52.949 12852 12888 W System.err: 	at org.apache.http.impl.SocketHttpClientConnection.bind(SocketHttpClientConnection.java:111)

03-30 10:37:52.949 12852 12888 W System.err: 	at org.apache.http.impl.conn.DefaultClientConnection.openCompleted(DefaultClientConnection.java:134)

03-30 10:37:52.949 12852 12888 W System.err: 	at org.apache.http.impl.conn.DefaultClientConnectionOperator.openConnection(DefaultClientConnectionOperator.java:177)

03-30 10:37:52.949 12852 12888 W System.err: 	at org.apache.http.impl.conn.AbstractPoolEntry.open(AbstractPoolEntry.java:169)

03-30 10:37:52.949 12852 12888 W System.err: 	at org.apache.http.impl.conn.AbstractPooledConnAdapter.open(AbstractPooledConnAdapter.java:124)

03-30 10:37:52.949 12852 12888 W System.err: 	at org.apache.http.impl.client.DefaultRequestDirector.execute(DefaultRequestDirector.java:370)

03-30 10:37:52.949 12852 12888 W System.err: 	at org.apache.http.impl.client.AbstractHttpClient.execute(AbstractHttpClient.java:560)

03-30 10:37:52.949 12852 12888 W System.err: 	at org.apache.http.impl.client.AbstractHttpClient.execute(AbstractHttpClient.java:492)

03-30 10:37:52.949 12852 12888 W System.err: 	at org.apache.http.impl.client.AbstractHttpClient.execute(AbstractHttpClient.java:470)

03-30 10:37:52.949 12852 12888 W System.err: 	at com.videogo.openapi.RestfulUtils.post(RestfulUtils.java:470)

03-30 10:37:52.949 12852 12888 W System.err: 	at com.videogo.openapi.RestfulUtils.post(RestfulUtils.java:426)

03-30 10:37:52.949 12852 12888 W System.err: 	at com.videogo.openapi.EzvizAPI.reportData(EzvizAPI.java:4269)

03-30 10:37:52.949 12852 12888 W System.err: 	at com.videogo.openapi.EZOpenSDK$1.run(EZOpenSDK.java:108)

03-30 10:37:52.949 12852 12888 W System.err: 	at java.lang.Thread.run(Thread.java:818)

03-30 10:37:52.951 12852 12888 I RestfulUtils: IOException

03-30 10:37:52.952 12852 12888 W System.err: com.videogo.exception.BaseException: IO Error

03-30 10:37:52.952 12852 12888 W System.err: 	at com.videogo.openapi.RestfulUtils.post(RestfulUtils.java:500)

03-30 10:37:52.952 12852 12888 W System.err: 	at com.videogo.openapi.RestfulUtils.post(RestfulUtils.java:426)

03-30 10:37:52.952 12852 12888 W System.err: 	at com.videogo.openapi.EzvizAPI.reportData(EzvizAPI.java:4269)

03-30 10:37:52.952 12852 12888 W System.err: 	at com.videogo.openapi.EZOpenSDK$1.run(EZOpenSDK.java:108)

03-30 10:37:52.952 12852 12888 W System.err: 	at java.lang.Thread.run(Thread.java:818)

03-30 10:37:53.312  3745  3745 D wpa_supplicant: wlan0: Control interface command 'SIGNAL_POLL'

03-30 10:37:53.316   379   493 I ThermalEngine: Sensor:batt_temp:351 mC

03-30 10:37:53.319  3745  3745 D wpa_supplicant: CTRL-DEBUG: global_ctrl_sock-sendto: sock=11 sndbuf=163840 outq=0 send_len=49

03-30 10:37:53.585  6151  6186 I octvm_klo: read wakeups from wakealarm_fd:1

03-30 10:37:53.585  6151  6186 I octvm_klo: new timerfd interval:

03-30 10:37:53.585  6151  6186 I octvm_klo: 	itval.it_interval.tv_sec 1, itval.it_interval.tv_nsec 0

03-30 10:37:53.585  6151  6186 I octvm_klo: 	itval.it_value.tv_sec 0, itval.it_value.tv_nsec 999997187

03-30 10:37:53.856 12852 12852 D HomeMate: comm[ main: MainActivity.java:116 onClick() ] - android.widget.RelativeLayout{21c4f7f VFE...C.. ...P.... 810,0-1080,154 #7f0d0780 app:id/tab_rl}

03-30 10:37:53.879 12852 12852 D HomeMate: comm[ main: MainActivity.java:132 onTabChanged() ] - tabId:æˆ‘çš„

03-30 10:37:53.904 12852 13292 D FeedbackAPI: sign before:appkey=23256401&deviceId=WJfwe+sntC4DAAdSBLpxQDCW

03-30 10:37:53.912 12852 13292 D FeedbackAPI : sign after:e469344ba86f5f3f88c8fd188558071e8ce8dba2

03-30 10:37:53.918 12852 12852 D HomeMate: comm[ main: BaseFragment.java:74 onAttach() ] - PersonalFragment

03-30 10:37:53.919 12852 12852 D HomeMate: comm[ main: PersonalFragment.java:97 onCreateView() ] - onCreateView()

03-30 10:37:53.921 12852 12852 V BoostFramework: BoostFramework() : mPerf = com.qualcomm.qti.Performance@8a03ae3

03-30 10:37:53.924 12852 12852 V BoostFramework: BoostFramework() : mPerf = com.qualcomm.qti.Performance@cbc6ce0

03-30 10:37:53.935  4116  4556 I XiaomiFirewall: firewall pkgName:com.orvibo.homemate, result:0x0

03-30 10:37:53.987 12852 12852 D HomeMate: comm[ main: PersonalFragment.java:204 refresh() ] - refresh()-appUserName:15079034630@126.com,userId:91a31ba24648493aad89636922662c04

03-30 10:37:53.989 12852 12852 D HomeMate: comm[ main: PersonalFragment.java:206 refresh() ] - refresh(0)-account:Account{userId='91a31ba24648493aad89636922662c04', familyId='null', password='E10ADC3949BA59ABBE56E057F20F883E', phone='', email='15079034630@126.com', userType=0, registerType=0, idc=0, country='null', state='null', city='null'} BaseBo{delFlag=0, updateTime='1490702387000', createTime='1490603889000', updateTimeSec=0, uid='null', userName='ahdhhddhhd'}

03-30 10:37:54.002 12852 12852 D HomeMate: comm[ main: GetAccountIcon.java:39 startGetAccountIcon() ] - params:source=ZhiJia365&sessionId=d27331617f174acda67fdd37045e3e82&userName=15079034630@126.com

03-30 10:37:54.006 12852 12852 D HomeMate: comm[ main: ADCache.java:50 getADInfo() ] - adInfoJson:{"errorMessage":"check gateway fail","updateTime":0,"isTarget":false,"errorCode":0,"image":null,"showAdv":false,"serial":"3e97f2a9afba4773a868a0e7e6e17374","url":null}

03-30 10:37:54.009 12852 12852 D HomeMate: comm[ main: ADModel.java:186 parseADInfoJson() ] - adInfo:ADInfo{, showAdv=false, errorCode=0, errorMessage='check gateway fail', image='null', url='null', isTarget=false, updateTime=0}

03-30 10:37:54.013 12852 12852 D HomeMate: comm[ main: PersonalFragment.java:144 setHubView() ] - hub uid :[007e56121206]

03-30 10:37:54.016 12852 12852 I HomeMate: hank[ main: FeedBackService.java:87 obtain() ] - is obtaining unread count now

03-30 10:37:54.076 12852 12852 V AsyncHttpRH: Progress 129 from 1 (12900%)

03-30 10:37:54.076 12852 12852 I HomeMate: comm[ main: GetAccountIcon.java:44 onSuccess() ] - {"errorMessage":"æˆåŠŸ","file":"https://homemate.orvibo.com/images/20170328/b1c9f1c967da46dfa5aa9d21991fb39f.jpg","errorCode":0}

03-30 10:37:54.076 12852 12852 I HomeMate: comm[ main: GetAccountIcon.java:63 onSuccess() ] - æˆåŠŸ

03-30 10:37:54.076 12852 12852 D HomeMate: comm[ main: PersonalFragment.java:397 onGetAccountIconResult() ] - 

03-30 10:37:54.079 12852 12852 D HomeMate: comm[ main: MainActivity.java:335 onRefresh() ] - mainRefreshType:1

03-30 10:37:54.080 12852 12852 D HomeMate: comm[ main: MainActivity.java:255 refreshCurrentFragment() ] - Current tag is æˆ‘çš„,PersonalFragment{e00bb3c #2 id=0x7f0d0299 æˆ‘çš„},mainRefreshType:1

03-30 10:37:54.080 12852 12852 D HomeMate: comm[ main: PersonalFragment.java:204 refresh() ] - refresh()-appUserName:15079034630@126.com,userId:91a31ba24648493aad89636922662c04

03-30 10:37:54.081 12852 12852 D HomeMate: comm[ main: PersonalFragment.java:206 refresh() ] - refresh(0)-account:Account{userId='91a31ba24648493aad89636922662c04', familyId='null', password='E10ADC3949BA59ABBE56E057F20F883E', phone='', email='15079034630@126.com', userType=0, registerType=0, idc=0, country='null', state='null', city='null'} BaseBo{delFlag=0, updateTime='1490702387000', createTime='1490603889000', updateTimeSec=0, uid='null', userName='ahdhhddhhd'}

03-30 10:37:54.085 12852 12852 D HomeMate: comm[ main: GetAccountIcon.java:39 startGetAccountIcon() ] - params:source=ZhiJia365&sessionId=d27331617f174acda67fdd37045e3e82&userName=15079034630@126.com

03-30 10:37:54.088 12852 12852 D HomeMate: comm[ main: ADCache.java:50 getADInfo() ] - adInfoJson:{"errorMessage":"check gateway fail","updateTime":0,"isTarget":false,"errorCode":0,"image":null,"showAdv":false,"serial":"3e97f2a9afba4773a868a0e7e6e17374","url":null}

03-30 10:37:54.092 12852 12852 D HomeMate: comm[ main: ADModel.java:186 parseADInfoJson() ] - adInfo:ADInfo{, showAdv=false, errorCode=0, errorMessage='check gateway fail', image='null', url='null', isTarget=false, updateTime=0}

03-30 10:37:54.094 12852 12852 D HomeMate: comm[ main: PersonalFragment.java:144 setHubView() ] - hub uid :[007e56121206]

03-30 10:37:54.096 12852 12852 I HomeMate: hank[ main: FeedBackService.java:87 obtain() ] - is obtaining unread count now

03-30 10:37:54.140 12852 12852 V AsyncHttpRH: Progress 129 from 1 (12900%)

03-30 10:37:54.141 12852 12852 I HomeMate: comm[ main: GetAccountIcon.java:44 onSuccess() ] - {"errorMessage":"æˆåŠŸ","file":"https://homemate.orvibo.com/images/20170328/b1c9f1c967da46dfa5aa9d21991fb39f.jpg","errorCode":0}

03-30 10:37:54.142 12852 12852 I HomeMate: comm[ main: GetAccountIcon.java:63 onSuccess() ] - æˆåŠŸ

03-30 10:37:54.142 12852 12852 D HomeMate: comm[ main: PersonalFragment.java:397 onGetAccountIconResult() ] - 

03-30 10:37:54.317   379   493 I ThermalEngine: Sensor:batt_temp:351 mC

03-30 10:37:54.586  6151  6186 I octvm_klo: read wakeups from wakealarm_fd:1

03-30 10:37:54.586  6151  6186 I octvm_klo: new timerfd interval:

03-30 10:37:54.586  6151  6186 I octvm_klo: 	itval.it_interval.tv_sec 1, itval.it_interval.tv_nsec 0

03-30 10:37:54.586  6151  6186 I octvm_klo: 	itval.it_value.tv_sec 0, itval.it_value.tv_nsec 999989480

03-30 10:37:55.318   379   493 I ThermalEngine: Sensor:batt_temp:351 mC

03-30 10:37:55.586  6151  6186 I octvm_klo: read wakeups from wakealarm_fd:1

03-30 10:37:55.586  6151  6186 I octvm_klo: new timerfd interval:

03-30 10:37:55.586  6151  6186 I octvm_klo: 	itval.it_interval.tv_sec 1, itval.it_interval.tv_nsec 0

03-30 10:37:55.586  6151  6186 I octvm_klo: 	itval.it_value.tv_sec 0, itval.it_value.tv_nsec 999995468

03-30 10:37:56.319   379   493 I ThermalEngine: Sensor:batt_temp:351 mC

03-30 10:37:56.327  3745  3745 D wpa_supplicant: wlan0: Control interface command 'SIGNAL_POLL'

03-30 10:37:56.342  3745  3745 D wpa_supplicant: CTRL-DEBUG: global_ctrl_sock-sendto: sock=11 sndbuf=163840 outq=0 send_len=49

03-30 10:37:56.587  6151  6186 I octvm_klo: read wakeups from wakealarm_fd:1

03-30 10:37:56.587  6151  6186 I octvm_klo: new timerfd interval:

03-30 10:37:56.587  6151  6186 I octvm_klo: 	itval.it_interval.tv_sec 1, itval.it_interval.tv_nsec 0

03-30 10:37:56.587  6151  6186 I octvm_klo: 	itval.it_value.tv_sec 0, itval.it_value.tv_nsec 999997396

03-30 10:37:57.325   379   493 I ThermalEngine: Sensor:batt_temp:351 mC

03-30 10:37:57.587  6151  6186 I octvm_klo: read wakeups from wakealarm_fd:1

03-30 10:37:57.587  6151  6186 I octvm_klo: new timerfd interval:

03-30 10:37:57.587  6151  6186 I octvm_klo: 	itval.it_interval.tv_sec 1, itval.it_interval.tv_nsec 0

03-30 10:37:57.587  6151  6186 I octvm_klo: 	itval.it_value.tv_sec 0, itval.it_value.tv_nsec 999996250

03-30 10:37:58.326   379   493 I ThermalEngine: Sensor:batt_temp:351 mC

03-30 10:37:58.587  6151  6186 I octvm_klo: read wakeups from wakealarm_fd:1

03-30 10:37:58.588  6151  6186 I octvm_klo: new timerfd interval:

03-30 10:37:58.588  6151  6186 I octvm_klo: 	itval.it_interval.tv_sec 1, itval.it_interval.tv_nsec 0

03-30 10:37:58.588  6151  6186 I octvm_klo: 	itval.it_value.tv_sec 0, itval.it_value.tv_nsec 999994948

03-30 10:37:59.327   379   493 I ThermalEngine: Sensor:batt_temp:351 mC

03-30 10:37:59.351  3745  3745 D wpa_supplicant: wlan0: Control interface command 'SIGNAL_POLL'

03-30 10:37:59.366  3745  3745 D wpa_supplicant: CTRL-DEBUG: global_ctrl_sock-sendto: sock=11 sndbuf=163840 outq=0 send_len=49

03-30 10:37:59.588  6151  6186 I octvm_klo: read wakeups from wakealarm_fd:1

03-30 10:37:59.588  6151  6186 I octvm_klo: new timerfd interval:

03-30 10:37:59.588  6151  6186 I octvm_klo: 	itval.it_interval.tv_sec 1, itval.it_interval.tv_nsec 0

03-30 10:37:59.588  6151  6186 I octvm_klo: 	itval.it_value.tv_sec 0, itval.it_value.tv_nsec 999996198

03-30 10:38:00.027  2044  3620 D WifiStateMachine: starting scan for "56.1_neiwang"-WPA_PSK with 5280,2412

03-30 10:38:00.027  3745  3745 D wpa_supplicant: wlan0: Control interface command 'SCAN TYPE=ONLY freq=5280,2412'

03-30 10:38:00.027  3745  3745 D wpa_supplicant: wlan0: Setting scan request: 0.000000 sec

03-30 10:38:00.028  3745  3745 D wpa_supplicant: CTRL-DEBUG: global_ctrl_sock-sendto: sock=11 sndbuf=163840 outq=0 send_len=3

03-30 10:38:00.028  3745  3745 D wpa_supplicant: wlan0: Starting AP scan for wildcard SSID

03-30 10:38:00.028  3745  3745 D wpa_supplicant: wlan0: Limit manual scan to specified channels

03-30 10:38:00.028  3745  3745 D wpa_supplicant: wlan0: Add radio work 'scan'@0xb68d9398

03-30 10:38:00.028  3745  3745 D wpa_supplicant: wlan0: First radio work item in the queue - schedule start immediately

03-30 10:38:00.028  3745  3745 D wpa_supplicant: wlan0: Starting radio work 'scan'@0xb68d9398 after 0.000060 second wait

03-30 10:38:00.028  3745  3745 D wpa_supplicant: wlan0: nl80211: scan request

03-30 10:38:00.028  3745  3745 D wpa_supplicant: nl80211: Scan SSID - hexdump(len=0): [NULL]

03-30 10:38:00.028  3745  3745 D wpa_supplicant: nl80211: Scan extra IEs - hexdump(len=7): 7f 05 00 00 0a 02 01

03-30 10:38:00.028  3745  3745 D wpa_supplicant: nl80211: Scan frequency 2412 MHz

03-30 10:38:00.028  3745  3745 D wpa_supplicant: nl80211: Scan frequency 5280 MHz

03-30 10:38:00.039  3745  3745 D wpa_supplicant: Scan requested (ret=0) - scan timeout 30 seconds

03-30 10:38:00.039  3745  3745 D wpa_supplicant: nl80211: Event message available

03-30 10:38:00.039  3745  3745 D wpa_supplicant: nl80211: Drv Event 33 (NL80211_CMD_TRIGGER_SCAN) received for wlan0

03-30 10:38:00.042  3745  3745 D wpa_supplicant: wlan0: nl80211: Scan trigger

03-30 10:38:00.042  3745  3745 D wpa_supplicant: wlan0: Event SCAN_STARTED (47) received

03-30 10:38:00.042  3745  3745 D wpa_supplicant: wlan0: Own scan request started a scan in 0.003060 seconds

03-30 10:38:00.042  3745  3745 D wpa_supplicant: CTRL-DEBUG: ctrl_sock-sendmsg: sock=11 sndbuf=163840 outq=0 send_len=24

03-30 10:38:00.043  3745  3745 D wpa_supplicant: CTRL_IFACE monitor sent successfully to /data/misc/wifi/sockets/wpa_ctrl_2044-2\x00

03-30 10:38:00.115  4229  4367 W WtProcessController: do not trim { PackageName :com.orvibo.homemate Pid: 12852 Uid: 10143 Start by: activity Score:100 Old score:100 state:0 mBackgroundTimeInMillis:0 WakelockCount:0 wakelogsize:0  ActivityDestroied:false Activity size: 1 PackageInfo:{WhetstonePackageInfo#PacakgeName:com.orvibo.homemate uid:10143 uiMemoryThresold:0 nonUiMemoryThresold:0 Flag:1073745984,0x40001040 [,TRIMHEAPS,FLAG_DEAL_SCHEDULE] Type:64[,AUTO_START] } tasknum:17512}

03-30 10:38:00.163  4229  4367 W WtProcessController: do not trim { PackageName :com.miui.home Pid: 4268 Uid: 10019 Start by: unknown Score:50 Old score:50 state:0 mBackgroundTimeInMillis:1490841434880 WakelockCount:0 wakelogsize:0  ActivityDestroied:false Activity size: 1 PackageInfo:{WhetstonePackageInfo#PacakgeName:com.miui.home uid:10019 uiMemoryThresold:0 nonUiMemoryThresold:0 Flag:-2147483392,0x80000100 [,APP_SYSTEM] Type:0[] } tasknum:17511}

03-30 10:38:00.164  3745  3745 D wpa_supplicant: nl80211: Event message available

03-30 10:38:00.164  3745  3745 D wpa_supplicant: nl80211: Drv Event 34 (NL80211_CMD_NEW_SCAN_RESULTS) received for wlan0

03-30 10:38:00.164  3745  3745 D wpa_supplicant: wlan0: nl80211: New scan results available

03-30 10:38:00.164  3745  3745 D wpa_supplicant: nl80211: Scan included frequencies: 2412 5280

03-30 10:38:00.164  3745  3745 D wpa_supplicant: wlan0: Event SCAN_RESULTS (3) received

03-30 10:38:00.165  3745  3745 D wpa_supplicant: wlan0: Scan completed in 0.121997 seconds

03-30 10:38:00.170  3745  3745 D wpa_supplicant: nl80211: Associated on 5280 MHz

03-30 10:38:00.170  3745  3745 D wpa_supplicant: nl80211: Associated with cc:81:da:9c:13:28

03-30 10:38:00.170  3745  3745 D wpa_supplicant: nl80211: Received scan results (32 BSSes)

03-30 10:38:00.170  3745  3745 D wpa_supplicant: nl80211: Scan results indicate BSS status with cc:81:da:9c:13:28 as associated

03-30 10:38:00.170  3745  3745 D wpa_supplicant: wlan0: BSS: Start scan result update 5251

03-30 10:38:00.170  3745  3745 D wpa_supplicant: BSS: last_scan_res_used=32/64

03-30 10:38:00.170  3745  3745 D wpa_supplicant: wlan0: Scan-only results received

03-30 10:38:00.170  3745  3745 D wpa_supplicant: CTRL-DEBUG: ctrl_sock-sendmsg: sock=11 sndbuf=163840 outq=0 send_len=24

03-30 10:38:00.170  3745  3745 D wpa_supplicant: CTRL_IFACE monitor sent successfully to /data/misc/wifi/sockets/wpa_ctrl_2044-2\x00

03-30 10:38:00.170  3745  3745 D wpa_supplicant: wlan0: Radio work 'scan'@0xb68d9398 done in 0.142497 seconds

03-30 10:38:00.171  3745  3745 D wpa_supplicant: RTM_NEWLINK: ifi_index=22 ifname=wlan0 wext ifi_family=0 ifi_flags=0x11043 ([UP][RUNNING][LOWER_UP])

03-30 10:38:00.173  3745  3745 D wpa_supplicant: CTRL-DEBUG: global_ctrl_sock-sendto: sock=11 sndbuf=163840 outq=0 send_len=3541

03-30 10:38:00.175  3745  3745 D wpa_supplicant: CTRL-DEBUG: global_ctrl_sock-sendto: sock=11 sndbuf=163840 outq=0 send_len=3797

03-30 10:38:00.178  3745  3745 D wpa_supplicant: CTRL-DEBUG: global_ctrl_sock-sendto: sock=11 sndbuf=163840 outq=0 send_len=3966

03-30 10:38:00.181  3745  3745 D wpa_supplicant: CTRL-DEBUG: global_ctrl_sock-sendto: sock=11 sndbuf=163840 outq=0 send_len=3592

03-30 10:38:00.184  3745  3745 D wpa_supplicant: CTRL-DEBUG: global_ctrl_sock-sendto: sock=11 sndbuf=163840 outq=0 send_len=3466

03-30 10:38:00.186  3745  3745 D wpa_supplicant: CTRL-DEBUG: global_ctrl_sock-sendto: sock=11 sndbuf=163840 outq=0 send_len=4076

03-30 10:38:00.207  3745  3745 D wpa_supplicant: EAPOL: EAP Session-Id not available

03-30 10:38:00.207  3745  3745 D wpa_supplicant: CTRL-DEBUG: global_ctrl_sock-sendto: sock=11 sndbuf=163840 outq=0 send_len=279

03-30 10:38:00.306  4229  4367 W WtProcessController: do not trim { PackageName :com.orvibo.homemate Pid: 12966 Uid: 10143 Start by: service Score:100 Old score:100 state:0 mBackgroundTimeInMillis:0 WakelockCount:0 wakelogsize:0  ActivityDestroied:false Activity size: 0 PackageInfo:{WhetstonePackageInfo#PacakgeName:com.orvibo.homemate uid:10143 uiMemoryThresold:0 nonUiMemoryThresold:0 Flag:1073745984,0x40001040 [,TRIMHEAPS,FLAG_DEAL_SCHEDULE] Type:64[,AUTO_START] } tasknum:-1}

03-30 10:38:00.328   379   493 I ThermalEngine: Sensor:batt_temp:352 mC

03-30 10:38:00.482 12852 13042 W System.err: java.net.SocketTimeoutException: failed to connect to restapi.amap.com/106.11.12.1 (port 443) after 20000ms

03-30 10:38:00.483 12852 13042 W System.err: 	at libcore.io.IoBridge.connectErrno(IoBridge.java:169)

03-30 10:38:00.483 12852 13042 W System.err: 	at libcore.io.IoBridge.connect(IoBridge.java:122)

03-30 10:38:00.483 12852 13042 W System.err: 	at java.net.PlainSocketImpl.connect(PlainSocketImpl.java:183)

03-30 10:38:00.483 12852 13042 W System.err: 	at java.net.PlainSocketImpl.connect(PlainSocketImpl.java:452)

03-30 10:38:00.484 12852 13042 W System.err: 	at java.net.Socket.connect(Socket.java:884)

03-30 10:38:00.489 12852 13042 W System.err: 	at com.android.okhttp.internal.Platform.connectSocket(Platform.java:117)

03-30 10:38:00.489 12852 13042 W System.err: 	at com.android.okhttp.internal.http.SocketConnector.connectRawSocket(SocketConnector.java:160)

03-30 10:38:00.490 12852 13042 W System.err: 	at com.android.okhttp.internal.http.SocketConnector.connectTls(SocketConnector.java:79)

03-30 10:38:00.490 12852 13042 W System.err: 	at com.android.okhttp.Connection.connect(Connection.java:143)

03-30 10:38:00.490 12852 13042 W System.err: 	at com.android.okhttp.Connection.connectAndSetOwner(Connection.java:185)

03-30 10:38:00.490 12852 13042 W System.err: 	at com.android.okhttp.OkHttpClient$1.connectAndSetOwner(OkHttpClient.java:128)

03-30 10:38:00.490 12852 13042 W System.err: 	at com.android.okhttp.internal.http.HttpEngine.nextConnection(HttpEngine.java:342)

03-30 10:38:00.490 12852 13042 W System.err: 	at com.android.okhttp.internal.http.HttpEngine.connect(HttpEngine.java:331)

03-30 10:38:00.490 12852 13042 W System.err: 	at com.android.okhttp.internal.http.HttpEngine.sendRequest(HttpEngine.java:249)

03-30 10:38:00.490 12852 13042 W System.err: 	at com.android.okhttp.internal.huc.HttpURLConnectionImpl.execute(HttpURLConnectionImpl.java:437)

03-30 10:38:00.490 12852 13042 W System.err: 	at com.android.okhttp.internal.huc.HttpURLConnectionImpl.connect(HttpURLConnectionImpl.java:114)

03-30 10:38:00.490 12852 13042 W System.err: 	at com.android.okhttp.internal.huc.HttpURLConnectionImpl.getOutputStream(HttpURLConnectionImpl.java:245)

03-30 10:38:00.490 12852 13042 W System.err: 	at com.android.okhttp.internal.huc.DelegatingHttpsURLConnection.getOutputStream(DelegatingHttpsURLConnection.java:218)

03-30 10:38:00.490 12852 13042 W System.err: 	at com.android.okhttp.internal.huc.HttpsURLConnectionImpl.getOutputStream(HttpsURLConnectionImpl.java:25)

03-30 10:38:00.490 12852 13042 W System.err: 	at com.loc.ar.a(HttpUrlUtil.java:372)

03-30 10:38:00.490 12852 13042 W System.err: 	at com.loc.ap.b(BaseNetManager.java:158)

03-30 10:38:00.490 12852 13042 W System.err: 	at com.loc.ap.a(BaseNetManager.java:101)

03-30 10:38:00.490 12852 13042 W System.err: 	at com.loc.p.a(ConfigManager.java:222)

03-30 10:38:00.490 12852 13042 W System.err: 	at com.loc.bu.a(AuthUtil.java:34)

03-30 10:38:00.490 12852 13042 W System.err: 	at com.loc.aw.b(APS.java:3447)

03-30 10:38:00.490 12852 13042 W System.err: 	at com.loc.d.e(APSServiceCore.java:450)

03-30 10:38:00.490 12852 13042 W System.err: 	at com.loc.d.f(APSServiceCore.java:43)

03-30 10:38:00.490 12852 13042 W System.err: 	at com.loc.d$a.run(APSServiceCore.java:319)

03-30 10:38:00.490 12852 13042 W System.err: com.loc.l: socket è¿žæŽ¥è¶…æ—¶ - SocketTimeoutException

03-30 10:38:00.490 12852 13042 W System.err: 	at com.loc.ar.a(HttpUrlUtil.java:393)

03-30 10:38:00.490 12852 13042 W System.err: 	at com.loc.ap.b(BaseNetManager.java:158)

03-30 10:38:00.490 12852 13042 W System.err: 	at com.loc.ap.a(BaseNetManager.java:101)

03-30 10:38:00.490 12852 13042 W System.err: 	at com.loc.p.a(ConfigManager.java:222)

03-30 10:38:00.490 12852 13042 W System.err: 	at com.loc.bu.a(AuthUtil.java:34)

03-30 10:38:00.491 12852 13042 W System.err: 	at com.loc.aw.b(APS.java:3447)

03-30 10:38:00.491 12852 13042 W System.err: 	at com.loc.d.e(APSServiceCore.java:450)

03-30 10:38:00.491 12852 13042 W System.err: 	at com.loc.d.f(APSServiceCore.java:43)

03-30 10:38:00.491 12852 13042 W System.err: 	at com.loc.d$a.run(APSServiceCore.java:319)

03-30 10:38:00.548  2044  4104 W ActivityManager: Unable to start service Intent { cmp=com.autonavi.minimap/com.amap.api.service.AMapService (has extras) } U=0: not found

03-30 10:38:00.549  2044  2056 W ActivityManager: Unable to start service Intent { cmp=com.autonavi.minimap/com.taobao.agoo.PushService (has extras) } U=0: not found

03-30 10:38:00.588  6151  6186 I octvm_klo: read wakeups from wakealarm_fd:1

03-30 10:38:00.588  6151  6186 I octvm_klo: new timerfd interval:

03-30 10:38:00.588  6151  6186 I octvm_klo: 	itval.it_interval.tv_sec 1, itval.it_interval.tv_nsec 0

03-30 10:38:00.588  6151  6186 I octvm_klo: 	itval.it_value.tv_sec 0, itval.it_value.tv_nsec 999996042

03-30 10:38:00.839 25810 25810 W AppWatcher: type=1400 audit(0.0:55197161): avc: denied { getattr } for path="/proc/opalum-temp-calib" dev="proc" ino=4026534631 scontext=u:r:untrusted_app:s0:c512,c768 tcontext=u:object_r:proc_opalum:s0 tclass=file permissive=0

03-30 10:38:00.839 25810 25810 W AppWatcher: type=1400 audit(0.0:55197162): avc: denied { getattr } for path="/proc/opalum-f0-calib" dev="proc" ino=4026534630 scontext=u:r:untrusted_app:s0:c512,c768 tcontext=u:object_r:proc_opalum:s0 tclass=file permissive=0

03-30 10:38:00.839 25810 25810 W AppWatcher: type=1400 audit(0.0:55197163): avc: denied { getattr } for path="/proc/sysrq-trigger" dev="proc" ino=4026533735 scontext=u:r:untrusted_app:s0:c512,c768 tcontext=u:object_r:proc_sysrq:s0 tclass=file permissive=0

03-30 10:38:00.839 25810 25810 W AppWatcher: type=1400 audit(0.0:55197164): avc: denied { getattr } for path="/proc/1" dev="proc" ino=11921139 scontext=u:r:untrusted_app:s0:c512,c768 tcontext=u:r:init:s0 tclass=dir permissive=0

03-30 10:38:00.839 25810 25810 W AppWatcher: type=1400 audit(0.0:55197165): avc: denied { getattr } for path="/proc/2" dev="proc" ino=11961941 scontext=u:r:untrusted_app:s0:c512,c768 tcontext=u:r:kernel:s0 tclass=dir permissive=0

03-30 10:38:00.839 25810 25810 W AppWatcher: type=1400 audit(0.0:55197166): avc: denied { getattr } for path="/proc/3" dev="proc" ino=11961942 scontext=u:r:untrusted_app:s0:c512,c768 tcontext=u:r:kernel:s0 tclass=dir permissive=0

03-30 10:38:00.839 25810 25810 W AppWatcher: type=1400 audit(0.0:55197167): avc: denied { getattr } for path="/proc/6" dev="proc" ino=11961943 scontext=u:r:untrusted_app:s0:c512,c768 tcontext=u:r:kernel:s0 tclass=dir permissive=0

03-30 10:38:00.839 25810 25810 W AppWatcher: type=1400 audit(0.0:55197168): avc: denied { getattr } for path="/proc/7" dev="proc" ino=11961944 scontext=u:r:untrusted_app:s0:c512,c768 tcontext=u:r:kernel:s0 tclass=dir permissive=0

03-30 10:38:00.839 25810 25810 W AppWatcher: type=1400 audit(0.0:55197169): avc: denied { getattr } for path="/proc/8" dev="proc" ino=11961945 scontext=u:r:untrusted_app:s0:c512,c768 tcontext=u:r:kernel:s0 tclass=dir permissive=0

03-30 10:38:00.839 25810 25810 W AppWatcher: type=1400 audit(0.0:55197170): avc: denied { getattr } for path="/proc/21" dev="proc" ino=11961946 scontext=u:r:untrusted_app:s0:c512,c768 tcontext=u:r:kernel:s0 tclass=dir permissive=0

03-30 10:38:00.849 25810 25810 W AppWatcher: type=1400 audit(0.0:55197171): avc: denied { getattr } for path="/proc/22" dev="proc" ino=11961947 scontext=u:r:untrusted_app:s0:c512,c768 tcontext=u:r:kernel:s0 tclass=dir permissive=0

03-30 10:38:00.849 25810 25810 W AppWatcher: type=1400 audit(0.0:55197172): avc: denied { getattr } for path="/proc/28" dev="proc" ino=11961948 scontext=u:r:untrusted_app:s0:c512,c768 tcontext=u:r:kernel:s0 tclass=dir permissive=0

03-30 10:38:00.849 25810 25810 W AppWatcher: type=1400 audit(0.0:55197173): avc: denied { getattr } for path="/proc/29" dev="proc" ino=11961949 scontext=u:r:untrusted_app:s0:c512,c768 tcontext=u:r:kernel:s0 tclass=dir permissive=0

03-30 10:38:00.849 25810 25810 W AppWatcher: type=1400 audit(0.0:55197174): avc: denied { getattr } for path="/proc/30" dev="proc" ino=11961950 scontext=u:r:untrusted_app:s0:c512,c768 tcontext=u:r:kernel:s0 tclass=dir permissive=0

03-30 10:38:00.849 25810 25810 W AppWatcher: type=1400 audit(0.0:55197175): avc: denied { getattr } for path="/proc/32" dev="proc" ino=11961951 scontext=u:r:untrusted_app:s0:c512,c768 tcontext=u:r:kernel:s0 tclass=dir permissive=0

03-30 10:38:00.849 25810 25810 W AppWatcher: type=1400 audit(0.0:55197176): avc: denied { getattr } for path="/proc/33" dev="proc" ino=11961952 scontext=u:r:untrusted_app:s0:c512,c768 tcontext=u:r:kernel:s0 tclass=dir permissive=0

03-30 10:38:00.849 25810 25810 W AppWatcher: type=1400 audit(0.0:55197177): avc: denied { getattr } for path="/proc/34" dev="proc" ino=11961953 scontext=u:r:untrusted_app:s0:c512,c768 tcontext=u:r:kernel:s0 tclass=dir permissive=0

03-30 10:38:00.849 25810 25810 W AppWatcher: type=1400 audit(0.0:55197178): avc: denied { getattr } for path="/proc/61" dev="proc" ino=11961954 scontext=u:r:untrusted_app:s0:c512,c768 tcontext=u:r:kernel:s0 tclass=dir permissive=0

03-30 10:38:00.849 25810 25810 W AppWatcher: type=1400 audit(0.0:55197179): avc: denied { getattr } for path="/proc/62" dev="proc" ino=11961955 scontext=u:r:untrusted_app:s0:c512,c768 tcontext=u:r:kernel:s0 tclass=dir permissive=0

03-30 10:38:00.849 25810 25810 W AppWatcher: type=1400 audit(0.0:55197180): avc: denied { getattr } for path="/proc/63" dev="proc" ino=11961956 scontext=u:r:untrusted_app:s0:c512,c768 tcontext=u:r:kernel:s0 tclass=dir permissive=0

03-30 10:38:01.329   379   493 I ThermalEngine: Sensor:batt_temp:351 mC

03-30 10:38:01.588  6151  6186 I octvm_klo: read wakeups from wakealarm_fd:1

03-30 10:38:01.589  6151  6186 I octvm_klo: new timerfd interval:

03-30 10:38:01.589  6151  6186 I octvm_klo: 	itval.it_interval.tv_sec 1, itval.it_interval.tv_nsec 0

03-30 10:38:01.589  6151  6186 I octvm_klo: 	itval.it_value.tv_sec 0, itval.it_value.tv_nsec 999993645

03-30 10:38:02.331   379   493 I ThermalEngine: Sensor:batt_temp:351 mC

03-30 10:38:02.374  3745  3745 D wpa_supplicant: wlan0: Control interface command 'SIGNAL_POLL'

03-30 10:38:02.388  3745  3745 D wpa_supplicant: CTRL-DEBUG: global_ctrl_sock-sendto: sock=11 sndbuf=163840 outq=0 send_len=49

03-30 10:38:02.589  6151  6186 I octvm_klo: read wakeups from wakealarm_fd:1

03-30 10:38:02.589  6151  6186 I octvm_klo: new timerfd interval:

03-30 10:38:02.589  6151  6186 I octvm_klo: 	itval.it_interval.tv_sec 1, itval.it_interval.tv_nsec 0

03-30 10:38:02.589  6151  6186 I octvm_klo: 	itval.it_value.tv_sec 0, itval.it_value.tv_nsec 999990729

03-30 10:38:03.333   379   493 I ThermalEngine: Sensor:batt_temp:351 mC

03-30 10:38:03.589  6151  6186 I octvm_klo: read wakeups from wakealarm_fd:1

03-30 10:38:03.589  6151  6186 I octvm_klo: new timerfd interval:

03-30 10:38:03.589  6151  6186 I octvm_klo: 	itval.it_interval.tv_sec 1, itval.it_interval.tv_nsec 0

03-30 10:38:03.589  6151  6186 I octvm_klo: 	itval.it_value.tv_sec 0, itval.it_value.tv_nsec 999992135

03-30 10:38:04.334   379   493 I ThermalEngine: Sensor:batt_temp:351 mC

03-30 10:38:04.590  6151  6186 I octvm_klo: read wakeups from wakealarm_fd:1

03-30 10:38:04.590  6151  6186 I octvm_klo: new timerfd interval:

03-30 10:38:04.590  6151  6186 I octvm_klo: 	itval.it_interval.tv_sec 1, itval.it_interval.tv_nsec 0

03-30 10:38:04.590  6151  6186 I octvm_klo: 	itval.it_value.tv_sec 0, itval.it_value.tv_nsec 999995573

03-30 10:38:05.335   379   493 I ThermalEngine: Sensor:batt_temp:351 mC

03-30 10:38:05.392  3745  3745 D wpa_supplicant: wlan0: Control interface command 'SIGNAL_POLL'

03-30 10:38:05.407  3745  3745 D wpa_supplicant: CTRL-DEBUG: global_ctrl_sock-sendto: sock=11 sndbuf=163840 outq=0 send_len=49

03-30 10:38:05.590  6151  6186 I octvm_klo: read wakeups from wakealarm_fd:1

03-30 10:38:05.590  6151  6186 I octvm_klo: new timerfd interval:

03-30 10:38:05.590  6151  6186 I octvm_klo: 	itval.it_interval.tv_sec 1, itval.it_interval.tv_nsec 0

03-30 10:38:05.590  6151  6186 I octvm_klo: 	itval.it_value.tv_sec 0, itval.it_value.tv_nsec 999997292

03-30 10:38:06.338   379   493 I ThermalEngine: Sensor:batt_temp:351 mC

03-30 10:38:06.590  6151  6186 I octvm_klo: read wakeups from wakealarm_fd:1

03-30 10:38:06.590  6151  6186 I octvm_klo: new timerfd interval:

03-30 10:38:06.590  6151  6186 I octvm_klo: 	itval.it_interval.tv_sec 1, itval.it_interval.tv_nsec 0

03-30 10:38:06.590  6151  6186 I octvm_klo: 	itval.it_value.tv_sec 0, itval.it_value.tv_nsec 999997500

03-30 10:38:06.695 12852 13292 D HomeMate: hank[ Thread-44531: FeedBackService.java:94 onSuccess() ] - FeedbackAPI unreadCount:18

03-30 10:38:06.700 12852 12852 D HomeMate: comm[ main: MainActivity.java:176 setTabReadTip() ] - showRedTip:true,position:3

03-30 10:38:06.865 12852 12940 D UTAnalytics:CommitTask: pid:12852 check&commit event:65501,

03-30 10:38:06.865 12852 12937 D UTAnalytics:CommitTask: pid:12852 check&commit event:65502,

03-30 10:38:06.879 12852 12940 D UTAnalytics:CommitTask: pid:12852 next:65501,

03-30 10:38:06.879 12852 12940 D UTAnalytics:CommitTask: pid:12852 check&commit event:65503,

03-30 10:38:06.879 12852 12940 D UTAnalytics:CommitTask: pid:12852 next:65503,

03-30 10:38:06.880 12852 12937 D UTAnalytics:CommitTask: pid:12852 next:65502,

03-30 10:38:07.339   379   493 I ThermalEngine: Sensor:batt_temp:351 mC

03-30 10:38:07.591  6151  6186 I octvm_klo: read wakeups from wakealarm_fd:1

03-30 10:38:07.591  6151  6186 I octvm_klo: new timerfd interval:

03-30 10:38:07.591  6151  6186 I octvm_klo: 	itval.it_interval.tv_sec 1, itval.it_interval.tv_nsec 0

03-30 10:38:07.591  6151  6186 I octvm_klo: 	itval.it_value.tv_sec 0, itval.it_value.tv_nsec 999996771

03-30 10:38:08.341   379   493 I ThermalEngine: Sensor:batt_temp:351 mC

03-30 10:38:08.417  3745  3745 D wpa_supplicant: wlan0: Control interface command 'SIGNAL_POLL'

03-30 10:38:08.431  3745  3745 D wpa_supplicant: CTRL-DEBUG: global_ctrl_sock-sendto: sock=11 sndbuf=163840 outq=0 send_len=49

03-30 10:38:08.591  6151  6186 I octvm_klo: read wakeups from wakealarm_fd:1

03-30 10:38:08.591  6151  6186 I octvm_klo: new timerfd interval:

03-30 10:38:08.591  6151  6186 I octvm_klo: 	itval.it_interval.tv_sec 1, itval.it_interval.tv_nsec 0

03-30 10:38:08.591  6151  6186 I octvm_klo: 	itval.it_value.tv_sec 0, itval.it_value.tv_nsec 999996979

03-30 10:38:09.342   379   493 I ThermalEngine: Sensor:batt_temp:351 mC

03-30 10:38:09.591  6151  6186 I octvm_klo: read wakeups from wakealarm_fd:1

03-30 10:38:09.591  6151  6186 I octvm_klo: new timerfd interval:

03-30 10:38:09.591  6151  6186 I octvm_klo: 	itval.it_interval.tv_sec 1, itval.it_interval.tv_nsec 0

03-30 10:38:09.591  6151  6186 I octvm_klo: 	itval.it_value.tv_sec 0, itval.it_value.tv_nsec 999995156

03-30 10:38:10.343   379   493 I ThermalEngine: Sensor:batt_temp:351 mC
