--------- beginning of system

03-30 10:47:18.346  2044  2078 V ActivityManager: Attempted to start a foreground service (ComponentInfo{com.orvibo.homemate/com.orvibo.homemate.service.TempService}) with a broken notification (no icon: Notification(pri=0 contentView=null vibrate=null sound=null defaults=0x0 flags=0x40 color=0x00000000 vis=PRIVATE))

03-30 10:47:18.350  2044  2044 V NotificationService: pkg=com.orvibo.homemate canInterrupt=true intercept=true

03-30 10:47:18.450  3746  3879 W ContextImpl: Calling a method in the system process without a qualified user: android.app.ContextImpl.bindService:1295 android.content.ContextWrapper.bindService:614 com.xiaomi.mistatistic.sdk.controller.LocalEventRecorder.a:90 com.xiaomi.mistatistic.sdk.controller.LocalEventRecorder.b:70 com.xiaomi.mistatistic.sdk.controller.LocalEventRecorder.a:25 

03-30 10:47:20.874  2044  3799 D SystemSettings: Want to modify SystemSettings? See MiuiSettings.System.PUBLIC_SETTINGS

03-30 10:47:20.874  2044  3799 W SettingsProvider: You shouldn't keep your settings in the secure settings. This will soon become an error.

03-30 10:47:21.256  2044  2078 V BroadcastQueueInjector: Skipping BroadcastRecord{247967a u-1 android.net.wifi.SCAN_RESULTS} to ProcessRecord{8fb4531 2465:com.tencent.android.qqdownloader:daemon/u0a144}

03-30 10:47:21.256  2044  2078 D Whetstone-FW: MiuiLog-Whetstone-BroadcastControl BroadcastRecord{247967a u-1 android.net.wifi.SCAN_RESULTS} is discarded

03-30 10:47:23.496  2044  3621 D WifiService: Client connection lost with reason: 4

03-30 10:47:23.496  2044  4323 D ActivityManagerInjector: com.tencent.android.qqdownloader:connect is killed by AMS with adj 16 ,do not allow restart

03-30 10:47:23.496  2044  4323 D ActivityManager: cleanUpApplicationRecord -- 5140

03-30 10:47:23.501  2044  3621 D WifiService: Client connection lost with reason: 4

03-30 10:47:23.552  2044  4323 W ActivityManager: Failure disconnecting service ComponentInfo{com.tencent.android.qqdownloader/com.qq.AppService.IPCService} to connection android.os.BinderProxy@89e07db (in com.tencent.android.qqdownloader)

03-30 10:47:23.552  2044  4323 W ActivityManager: android.os.DeadObjectException: Transaction failed on small parcel; remote process probably died

03-30 10:47:23.552  2044  4323 W ActivityManager: 	at android.os.BinderProxy.transactNative(Native Method)

03-30 10:47:23.552  2044  4323 W ActivityManager: 	at android.os.BinderProxy.transact(Binder.java:503)

03-30 10:47:23.552  2044  4323 W ActivityManager: 	at android.app.IServiceConnection$Stub$Proxy.connected(IServiceConnection.java:92)

03-30 10:47:23.552  2044  4323 W ActivityManager: 	at com.android.server.am.ActiveServices.bringDownServiceLocked(ActiveServices.java:1837)

03-30 10:47:23.552  2044  4323 W ActivityManager: 	at com.android.server.am.ActiveServices.killServicesLocked(ActiveServices.java:2469)

03-30 10:47:23.552  2044  4323 W ActivityManager: 	at com.android.server.am.ActivityManagerService.cleanUpApplicationRecordLocked(ActivityManagerService.java:15933)

03-30 10:47:23.552  2044  4323 W ActivityManager: 	at com.android.server.am.ActivityManagerService.handleAppDiedLocked(ActivityManagerService.java:4735)

03-30 10:47:23.552  2044  4323 W ActivityManager: 	at com.android.server.am.ActivityManagerService.appDiedLocked(ActivityManagerService.java:4908)

03-30 10:47:23.552  2044  4323 W ActivityManager: 	at com.android.server.am.ActivityManagerService$AppDeathRecipient.binderDied(ActivityManagerService.java:1355)

03-30 10:47:23.552  2044  4323 W ActivityManager: 	at android.os.BinderProxy.sendDeathNotice(Binder.java:558)

03-30 10:47:23.556  2044  4123 D ActivityManagerInjector: com.tencent.android.qqdownloader is killed by AMS with adj 16 ,do not allow restart

03-30 10:47:23.556  2044  4123 D ActivityManager: cleanUpApplicationRecord -- 5091

03-30 10:47:23.558  2044  3885 D PowerKeeperPolicy: Caller[1000] updateWakelockBlockedUid:uid=10144, tag=null, block=false

03-30 10:47:23.561  2044  4283 V LocationPolicy: writePolicyLocked()

03-30 10:47:23.691   333  2472 E FrameworkListener: read() failed (Connection reset by peer)

03-30 10:47:25.121  2044  3799 D LocationPolicy: [uid = 10098, op = 2] is blocked by location policy

03-30 10:47:25.121  2044  3799 D WifiService: uid=10098 wifi scan blocked

03-30 10:47:26.571  2044  4142 I ActivityManager: START u0 {cmp=com.orvibo.homemate/.user.UserActivity (has extras)} from uid 10143 on display 0

03-30 10:47:28.043  2044  4348 I ActivityManager: START u0 {cmp=com.orvibo.homemate/.user.UserThirdActivity} from uid 10143 on display 0

03-30 10:47:30.731  2044  4245 I ActivityManager: START u0 {cmp=com.orvibo.homemate/.user.UserThirdInfoActivity (has extras)} from uid 10143 on display 0

03-30 10:47:33.460  2044  4245 I ActivityManager: START u0 {flg=0x18000000 cmp=com.tencent.mm/.plugin.base.stub.WXEntryActivity (has extras)} from uid 10143 on display 0

03-30 10:47:33.467  2044  4245 E ActivityManager: Invalid thumbnail dimensions: 0x0

03-30 10:47:33.543  2044  3765 V LocationPolicy: writePolicyLocked()

03-30 10:47:33.770  2044  3807 I ActivityManager: START u0 {cmp=com.tencent.mm/.ui.account.SimpleLoginUI (has extras)} from uid 10138 on display 0

03-30 10:47:33.872  3746  3879 W ContextImpl: Calling a method in the system process without a qualified user: android.app.ContextImpl.bindService:1295 android.content.ContextWrapper.bindService:614 com.xiaomi.mistatistic.sdk.controller.LocalEventRecorder.a:90 com.xiaomi.mistatistic.sdk.controller.LocalEventRecorder.b:70 com.xiaomi.mistatistic.sdk.controller.LocalEventRecorder.a:25 

03-30 10:47:33.997  2044  2078 I ActivityManager: Start proc 24440:com.tencent.mm:appbrand0/u0a138 for broadcast com.tencent.mm/.plugin.appbrand.task.AppBrandTaskPreloadReceiver

03-30 10:47:35.142  2044  4266 W ActivityManager: cann't getContentProviderImpl: com.tencent.mm.coolassist.debugprovider, cpi is null. 

03-30 10:47:35.143 24440 24440 E ActivityThread: Failed to find provider info for com.tencent.mm.coolassist.debugprovider

03-30 10:47:36.256  2044  3621 D WifiService: New client listening to asynchronous messages

03-30 10:47:37.570  2044  4374 D ConnectivityService: listenForNetwork for Listen from uid/pid:10138/24440 for NetworkRequest [ id=334, legacyType=-1, [ Capabilities: INTERNET&NOT_RESTRICTED&TRUSTED] ]

03-30 10:47:37.808  2044  4374 D ConnectivityService: listenForNetwork for Listen from uid/pid:10138/24440 for NetworkRequest [ id=335, legacyType=-1, [ Capabilities: INTERNET&NOT_RESTRICTED&TRUSTED] ]

03-30 10:47:39.208  2044  3622 D ConnectivityService: releasing NetworkRequest NetworkRequest [ id=334, legacyType=-1, [ Capabilities: INTERNET&NOT_RESTRICTED&TRUSTED] ]

03-30 10:47:43.127  2044  2056 W ActivityManager: Unable to start service Intent { cmp=com.autonavi.minimap/com.amap.api.service.AMapService (has extras) } U=0: not found

03-30 10:47:43.129  2044  3765 W ActivityManager: Unable to start service Intent { cmp=com.autonavi.minimap/com.taobao.agoo.PushService (has extras) } U=0: not found

03-30 10:48:11.734  2044  3622 D ConnectivityService: notifyType CAP_CHANGED for NetworkAgentInfo [WIFI () - 168]

03-30 10:48:14.757  2044  3622 D ConnectivityService: notifyType CAP_CHANGED for NetworkAgentInfo [WIFI () - 168]

03-30 10:48:34.634  2044  3885 V LocationPolicy: writePolicyLocked()

03-30 10:48:57.542  2044  4123 I ActivityManager: Force stopping com.orvibo.homemate appid=10143 user=0: from pid 25661

03-30 10:48:57.542  2044  4123 I ActivityManager: Killing 23914:com.orvibo.homemate/u0a143 (adj 7): stop com.orvibo.homemate

03-30 10:48:57.543  2044  4123 D ActivityManager: cleanUpApplicationRecord -- 23914

03-30 10:48:57.543  2044  4123 I AutoStartManagerService: MIUILOG- Reject RestartService packageName :com.orvibo.homemate uid : 10143

03-30 10:48:57.543  2044  4123 I AutoStartManagerService: MIUILOG- Reject RestartService packageName :com.orvibo.homemate uid : 10143

03-30 10:48:57.544  2044  4123 I AutoStartManagerService: MIUILOG- Reject RestartService packageName :com.orvibo.homemate uid : 10143

03-30 10:48:57.544  2044  4123 I AutoStartManagerService: MIUILOG- Reject RestartService packageName :com.orvibo.homemate uid : 10143

03-30 10:48:57.544  2044  4123 I ActivityManager: Killing 24029:com.orvibo.homemate:moon/u0a143 (adj 2): stop com.orvibo.homemate

03-30 10:48:57.545  2044  4123 D ActivityManager: cleanUpApplicationRecord -- 24029

03-30 10:48:57.546  2044  4123 I AutoStartManagerService: MIUILOG- Reject RestartService packageName :com.orvibo.homemate uid : 10143

03-30 10:48:57.547  2044  4123 I ActivityManager:   Force finishing activity ActivityRecord{fc45b72 u0 com.orvibo.homemate/.common.main.MainActivity t17561}

03-30 10:48:57.548  2044  2080 I libprocessgroup: Killing pid 24131 in uid 10143 as part of process group 23914

03-30 10:48:57.549  2044  4123 I ActivityManager:   Force finishing activity ActivityRecord{bc5c207 u0 com.orvibo.homemate/.user.UserActivity t17561}

03-30 10:48:57.562  2044  4123 I ActivityManager:   Force finishing activity ActivityRecord{dc2caa0 u0 com.orvibo.homemate/.user.UserThirdActivity t17561}

03-30 10:48:57.567  2044  4123 I ActivityManager:   Force finishing activity ActivityRecord{cb1df15 u0 com.orvibo.homemate/.user.UserThirdInfoActivity t17561}

03-30 10:48:57.603  2044  2078 I ActivityManager: Start proc 25685:com.tencent.android.qqdownloader/u0a144 for broadcast com.tencent.android.qqdownloader/com.tencent.assistant.localres.localapk.PackageChangedReceiver

03-30 10:48:57.620  2044  3621 D WifiService: Client connection lost with reason: 4

03-30 10:48:57.916  2044  4266 I ActivityManager: Start proc 25723:com.tencent.android.qqdownloader:connect/u0a144 for broadcast com.tencent.android.qqdownloader/com.qq.AppService.APKReceiver

03-30 10:48:58.073  2044  3621 D WifiService: New client listening to asynchronous messages

03-30 10:48:58.655  2044  3621 D WifiService: New client listening to asynchronous messages

03-30 10:48:58.844  2044  3885 D BaseMiuiPhoneWindowManager: keyCode:3 down:true 338229621 338229621 policyFlags=2b000000 deviceId:-1 isScreenOn:true

03-30 10:48:58.844  2044  3885 D WindowManager: keyguardActive=false

03-30 10:48:58.850  2044  4266 D BaseMiuiPhoneWindowManager: keyCode:3 down:false 338229621 338229621 policyFlags=2b000000 deviceId:-1 isScreenOn:true

03-30 10:48:58.850  2044  4266 D WindowManager: keyguardActive=false

03-30 10:48:58.860  2044  3550 I ActivityManager: START u0 {act=android.intent.action.MAIN cat=[android.intent.category.HOME] flg=0x10200000 cmp=com.miui.home/.launcher.Launcher (has extras)} from uid 1000 on display 0

03-30 10:48:58.864  2044  3550 E ActivityManager: Invalid thumbnail dimensions: 0x0

03-30 10:48:59.105  2044  4298 W WindowManager: Attempted to remove non-existing token: android.os.Binder@4eee3f3

03-30 10:49:00.386  2044  4266 I ActivityManager: Force stopping io.appium.unlock appid=10126 user=0: from pid 25820

03-30 10:49:02.111  2044  4245 I ActivityManager: START u0 {act=android.intent.action.VIEW dat=file:///data/local/tmp/UnicodeIME-debug.apk typ=application/vnd.android.package-archive flg=0x18000000 cmp=com.miui.securitycenter/com.miui.permcenter.install.AdbInstallActivity (has extras)} from uid 2000 on display 0

03-30 10:49:02.152  2044  3799 E ActivityManager: Invalid thumbnail dimensions: 0x0

03-30 10:49:02.171  2044  3765 W InputMethodManagerService: Window already focused, ignoring focus gain of: com.android.internal.view.IInputMethodClient$Stub$Proxy@a39f67c attribute=null, token = android.os.BinderProxy@6350dbe

03-30 10:49:02.235  2044  3807 D com.android.server.pm.PackageManagerServiceInjector: check if need preinstall apps

03-30 10:49:02.261  6143  1618 D DefContainer: Copying /data/local/tmp/UnicodeIME-debug.apk to base.apk

03-30 10:49:02.300  2044  2126 W PackageManager: Package io.appium.android.ime signatures do not match the previously installed version; ignoring!

03-30 10:49:02.505  2044  2126 I com.android.server.pm.PackageManagerServiceInjector: MIUILOG-onPackageInstalled: PackageEvent { mTimeStamp=2017-03-30 10:49:02 mAction=Install mPackageName=io.appium.android.ime mReturnCode=-7 mVersionCode=0 mVersionName=mInstallerPkgName=

03-30 10:49:06.984  2044  3807 I ActivityManager: START u0 {act=android.intent.action.VIEW dat=file:///data/local/tmp/settings_apk-debug.apk typ=application/vnd.android.package-archive flg=0x18000000 cmp=com.miui.securitycenter/com.miui.permcenter.install.AdbInstallActivity (has extras)} from uid 2000 on display 0

03-30 10:49:07.028 26123 26123 I PackageParser: io.appium.settings: compat added android.permission.WRITE_EXTERNAL_STORAGE

03-30 10:49:07.042  2044  4245 E ActivityManager: Invalid thumbnail dimensions: 0x0

03-30 10:49:07.101  2044  3765 W InputMethodManagerService: Window already focused, ignoring focus gain of: com.android.internal.view.IInputMethodClient$Stub$Proxy@5e4969d attribute=null, token = android.os.BinderProxy@6350dbe

03-30 10:49:07.161  2044  4374 D com.android.server.pm.PackageManagerServiceInjector: check if need preinstall apps

03-30 10:49:07.180  6143  6167 D DefContainer: Copying /data/local/tmp/settings_apk-debug.apk to base.apk

03-30 10:49:07.197  2044  2126 I PackageParser: io.appium.settings: compat added android.permission.WRITE_EXTERNAL_STORAGE

03-30 10:49:07.213  2044  2126 W PackageManager: Package io.appium.settings signatures do not match the previously installed version; ignoring!

03-30 10:49:07.401  2044  2126 I com.android.server.pm.PackageManagerServiceInjector: MIUILOG-onPackageInstalled: PackageEvent { mTimeStamp=2017-03-30 10:49:07 mAction=Install mPackageName=io.appium.settings mReturnCode=-7 mVersionCode=0 mVersionName=mInstallerPkgName=

03-30 10:49:08.446  2044  2056 I ActivityManager: START u0 {act=android.intent.action.VIEW dat=file:///data/local/tmp/unlock_apk-debug.apk typ=application/vnd.android.package-archive flg=0x18000000 cmp=com.miui.securitycenter/com.miui.permcenter.install.AdbInstallActivity (has extras)} from uid 2000 on display 0

03-30 10:49:08.498  2044  2057 E ActivityManager: Invalid thumbnail dimensions: 0x0

03-30 10:49:08.525  2044  3799 W InputMethodManagerService: Window already focused, ignoring focus gain of: com.android.internal.view.IInputMethodClient$Stub$Proxy@8435f0e attribute=null, token = android.os.BinderProxy@6350dbe

03-30 10:49:08.559  2044  4283 D com.android.server.pm.PackageManagerServiceInjector: check if need preinstall apps

03-30 10:49:08.573  6143  1618 D DefContainer: Copying /data/local/tmp/unlock_apk-debug.apk to base.apk

03-30 10:49:08.601  2044  2126 W PackageManager: Package io.appium.unlock signatures do not match the previously installed version; ignoring!

03-30 10:49:08.815  2044  2126 I com.android.server.pm.PackageManagerServiceInjector: MIUILOG-onPackageInstalled: PackageEvent { mTimeStamp=2017-03-30 10:49:08 mAction=Install mPackageName=io.appium.unlock mReturnCode=-7 mVersionCode=0 mVersionName=mInstallerPkgName=

03-30 10:49:16.924  2044  4245 I ActivityManager: Force stopping com.orvibo.homemate appid=10143 user=0: from pid 26218

03-30 10:49:17.187  2044  3885 I ActivityManager: START u0 {act=android.intent.action.MAIN cat=[android.intent.category.LAUNCHER] flg=0x10200000 cmp=com.orvibo.homemate/.common.launch.LaunchActivity} from uid 2000 on display 0

03-30 10:49:17.232  2044  4123 I ActivityManager: Start proc 26250:com.orvibo.homemate/u0a143 for activity com.orvibo.homemate/.common.launch.LaunchActivity

03-30 10:49:17.288  2044  4266 V LocationPolicy: writePolicyLocked()

03-30 10:49:19.001  2044  3621 D WifiService: New client listening to asynchronous messages

03-30 10:49:19.725  2044  4245 I ActivityManager: Start proc 26351:com.orvibo.homemate:moon/u0a143 for service com.orvibo.homemate/.service.MoonService

03-30 10:49:20.930  2044  2118 D AutomaticBrightnessController: drop the lightsensor event ,time=338251710 ,lux=42.615726

03-30 10:49:21.350  2044  4283 I ActivityManager: START u0 {cmp=com.orvibo.homemate/.common.main.MainActivity (has extras)} from uid 10143 on display 0

03-30 10:49:21.684  2044  2078 V ActivityManager: Attempted to start a foreground service (ComponentInfo{com.orvibo.homemate/com.orvibo.homemate.service.MoonService}) with a broken notification (no icon: Notification(pri=0 contentView=null vibrate=null sound=null defaults=0x0 flags=0x40 color=0x00000000 vis=PRIVATE))

03-30 10:49:21.689  2044  2044 V NotificationService: pkg=com.orvibo.homemate canInterrupt=true intercept=true

03-30 10:49:21.702  2044  2078 V ActivityManager: Attempted to start a foreground service (ComponentInfo{com.orvibo.homemate/com.orvibo.homemate.service.TempService}) with a broken notification (no icon: Notification(pri=0 contentView=null vibrate=null sound=null defaults=0x0 flags=0x40 color=0x00000000 vis=PRIVATE))

03-30 10:49:21.706  2044  2044 V NotificationService: pkg=com.orvibo.homemate canInterrupt=true intercept=true

03-30 10:49:21.832  3746  3879 W ContextImpl: Calling a method in the system process without a qualified user: android.app.ContextImpl.bindService:1295 android.content.ContextWrapper.bindService:614 com.xiaomi.mistatistic.sdk.controller.LocalEventRecorder.a:90 com.xiaomi.mistatistic.sdk.controller.LocalEventRecorder.b:70 com.xiaomi.mistatistic.sdk.controller.LocalEventRecorder.a:25 

03-30 10:49:23.616  2044  3765 D PowerKeeperPolicy: Caller[1000] updateWakelockBlockedUid:uid=10144, tag=null, block=true

03-30 10:49:23.616  2044  3765 D PowerManagerServiceInjector: set partial wakelock disabled:[PARTIAL_WAKE_LOCK              'i' DISABLED (uid=10144, pid=2465, ws=null)]

03-30 10:49:23.616  2044  3765 D PowerManagerServiceInjector: set partial wakelock disabled:[PARTIAL_WAKE_LOCK              'i' DISABLED (uid=10144, pid=2465, ws=null)]

03-30 10:49:23.616  2044  3765 D PowerManagerServiceInjector: set partial wakelock disabled:[PARTIAL_WAKE_LOCK              'i' DISABLED (uid=10144, pid=2465, ws=null)]

03-30 10:49:23.616  2044  3765 D PowerManagerServiceInjector: set partial wakelock disabled:[PARTIAL_WAKE_LOCK              'i' DISABLED (uid=10144, pid=2465, ws=null)]

03-30 10:49:23.616  2044  3765 D PowerManagerServiceInjector: set partial wakelock disabled:[PARTIAL_WAKE_LOCK              'i' DISABLED (uid=10144, pid=2465, ws=null)]

03-30 10:49:23.617  2044  3765 D PowerManagerServiceInjector: set partial wakelock disabled:[PARTIAL_WAKE_LOCK              'i' DISABLED (uid=10144, pid=2465, ws=null)]

03-30 10:49:23.617  2044  3765 D PowerManagerServiceInjector: set partial wakelock disabled:[PARTIAL_WAKE_LOCK              'i' DISABLED (uid=10144, pid=2465, ws=null)]

03-30 10:49:23.632  2044  4283 V LocationPolicy: writePolicyLocked()

03-30 10:49:24.224  2044  4323 D SystemSettings: Want to modify SystemSettings? See MiuiSettings.System.PUBLIC_SETTINGS

03-30 10:49:24.225  2044  4323 W SettingsProvider: You shouldn't keep your settings in the secure settings. This will soon become an error.

--------- beginning of main

03-30 10:49:24.653 26250 26250 D HomeMate: comm[ main: MainActivity.java:335 onRefresh() ] - mainRefreshType:1

03-30 10:49:24.654 26250 26250 D HomeMate: comm[ main: MainActivity.java:255 refreshCurrentFragment() ] - Current tag is ÊàëÁöÑ,PersonalFragment{191a23f #2 id=0x7f0d0299 ÊàëÁöÑ},mainRefreshType:1

03-30 10:49:24.654 26250 26250 D HomeMate: comm[ main: PersonalFragment.java:204 refresh() ] - refresh()-appUserName:15079034630@126.com,userId:91a31ba24648493aad89636922662c04

03-30 10:49:24.658 26250 26250 D HomeMate: comm[ main: PersonalFragment.java:206 refresh() ] - refresh(0)-account:Account{userId='91a31ba24648493aad89636922662c04', familyId='null', password='E10ADC3949BA59ABBE56E057F20F883E', phone='', email='15079034630@126.com', userType=0, registerType=0, idc=0, country='null', state='null', city='null'} BaseBo{delFlag=0, updateTime='1490702387000', createTime='1490603889000', updateTimeSec=0, uid='null', userName='ahdhhddhhd'}

03-30 10:49:24.664 26250 26250 D HomeMate: comm[ main: GetAccountIcon.java:39 startGetAccountIcon() ] - params:source=ZhiJia365&sessionId=f15470c3c1034ef2a877ff52c35f5944&userName=15079034630@126.com

03-30 10:49:24.666 26250 26250 D HomeMate: comm[ main: ADCache.java:50 getADInfo() ] - adInfoJson:{"errorMessage":"check gateway fail","updateTime":0,"isTarget":false,"errorCode":0,"image":null,"showAdv":false,"serial":"bf84e332499f4252b26881bc2655d7a7","url":null}

03-30 10:49:24.669 26250 26250 D HomeMate: comm[ main: ADModel.java:186 parseADInfoJson() ] - adInfo:ADInfo{, showAdv=false, errorCode=0, errorMessage='check gateway fail', image='null', url='null', isTarget=false, updateTime=0}

03-30 10:49:24.671 26250 26250 D HomeMate: comm[ main: PersonalFragment.java:144 setHubView() ] - hub uid :[007e56121206]

03-30 10:49:24.674 26250 26250 I HomeMate: hank[ main: FeedBackService.java:87 obtain() ] - is obtaining unread count now

03-30 10:49:24.689 26250 26250 V AsyncHttpRH: Progress 129 from 1 (12900%)

03-30 10:49:24.690 26250 26250 I HomeMate: comm[ main: GetAccountIcon.java:44 onSuccess() ] - {"errorMessage":"ÊàêÂäü","file":"https://homemate.orvibo.com/images/20170328/b1c9f1c967da46dfa5aa9d21991fb39f.jpg","errorCode":0}

03-30 10:49:24.690 26250 26250 I HomeMate: comm[ main: GetAccountIcon.java:63 onSuccess() ] - ÊàêÂäü

03-30 10:49:24.690 26250 26250 D HomeMate: comm[ main: PersonalFragment.java:397 onGetAccountIconResult() ] - 

03-30 10:49:24.809  6151  6186 I octvm_klo: read wakeups from wakealarm_fd:1

03-30 10:49:24.809  6151  6186 I octvm_klo: new timerfd interval:

03-30 10:49:24.809  6151  6186 I octvm_klo: 	itval.it_interval.tv_sec 1, itval.it_interval.tv_nsec 0

03-30 10:49:24.809  6151  6186 I octvm_klo: 	itval.it_value.tv_sec 0, itval.it_value.tv_nsec 999992500

03-30 10:49:25.271   379   493 I ThermalEngine: Sensor:batt_temp:365 mC

03-30 10:49:25.698 26250 26496 D HomeMate: comm[ AsyncTask #1: OrviboUpdateAgent.java:259 doInBackground() ] - result =Ôªø{  "oldVersion": 90,  "day": "7",  "version": 22000302 ,  "name": "HomeMate",  "packagename":"com.orvibo.homemate",  "url": "http://firmware.orvibo.com/androidapk/homemate.apk",  "message": "‰øÆÂ§çBUGÔºåÊèêÂçáÁ®≥ÂÆöÊ?ß„??",  "message_en": "Bug fixes and overall performance improvements.",  "size": ""}

03-30 10:49:25.708 26250 26250 E HomeMate: comm[ main: OrviboUpdateAgent.java:311 onPostExecute() ] - localVersionCode=23000300

03-30 10:49:25.711  4513  4642 W Metok_Tag: < metok_app > invalid network operator 

03-30 10:49:25.714 26250 26250 D HomeMate: comm[ main: MainPresenter.java:331 onUpdateReturned() ] - isCanUpdate:false,responseInfos:{packagename=com.orvibo.homemate, oldVersion=90, size=, url=http://firmware.orvibo.com/androidapk/homemate.apk, version=22000302, name=HomeMate, day=7, message=‰øÆÂ§çBUGÔºåÊèêÂçáÁ®≥ÂÆöÊ?ß„??, message_en=Bug fixes and overall performance improvements.}

03-30 10:49:25.714 26250 26250 D HomeMate: comm[ main: MainActivity.java:176 setTabReadTip() ] - showRedTip:false,position:3

03-30 10:49:25.809  6151  6186 I octvm_klo: read wakeups from wakealarm_fd:1

03-30 10:49:25.810  6151  6186 I octvm_klo: new timerfd interval:

03-30 10:49:25.810  6151  6186 I octvm_klo: 	itval.it_interval.tv_sec 1, itval.it_interval.tv_nsec 0

03-30 10:49:25.810  6151  6186 I octvm_klo: 	itval.it_value.tv_sec 0, itval.it_value.tv_nsec 999998125

03-30 10:49:25.910 26250 26403 D HomeMate: hank[ Thread-44617: FeedBackService.java:94 onSuccess() ] - FeedbackAPI unreadCount:18

03-30 10:49:25.918 26250 26316 D UTAnalytics:AppMonitorDelegate: pid:26250 commitCount module: feedback, monitorPoint: getUnreadCountSuccess, value: 0.0,

03-30 10:49:25.921 26250 26316 I UTAnalytics:EventRepo: pid:26250 COUNTER, EVENT size:1,

03-30 10:49:25.928 26250 26250 D HomeMate: comm[ main: MainActivity.java:176 setTabReadTip() ] - showRedTip:true,position:3

03-30 10:49:26.276   379   493 I ThermalEngine: Sensor:batt_temp:365 mC

03-30 10:49:26.810  6151  6186 I octvm_klo: read wakeups from wakealarm_fd:1

03-30 10:49:26.810  6151  6186 I octvm_klo: new timerfd interval:

03-30 10:49:26.810  6151  6186 I octvm_klo: 	itval.it_interval.tv_sec 1, itval.it_interval.tv_nsec 0

03-30 10:49:26.810  6151  6186 I octvm_klo: 	itval.it_value.tv_sec 0, itval.it_value.tv_nsec 999997656

03-30 10:49:27.225  3745  3745 D wpa_supplicant: wlan0: Control interface command 'SIGNAL_POLL'

03-30 10:49:27.240  3745  3745 D wpa_supplicant: CTRL-DEBUG: global_ctrl_sock-sendto: sock=11 sndbuf=163840 outq=0 send_len=49

03-30 10:49:27.245  2044  3622 D ConnectivityService: notifyType CAP_CHANGED for NetworkAgentInfo [WIFI () - 168]

03-30 10:49:27.258  3746  3746 D StatusBar.NetworkController: slot=-10;action=android.net.wifi.RSSI_CHANGED

03-30 10:49:27.277   379   493 I ThermalEngine: Sensor:batt_temp:365 mC

03-30 10:49:27.810  6151  6186 I octvm_klo: read wakeups from wakealarm_fd:1

03-30 10:49:27.810  6151  6186 I octvm_klo: new timerfd interval:

03-30 10:49:27.810  6151  6186 I octvm_klo: 	itval.it_interval.tv_sec 1, itval.it_interval.tv_nsec 0

03-30 10:49:27.810  6151  6186 I octvm_klo: 	itval.it_value.tv_sec 0, itval.it_value.tv_nsec 999996770

03-30 10:49:28.160 26546 26546 D AndroidRuntime: >>>>>> START com.android.internal.os.RuntimeInit uid 2000 <<<<<<

03-30 10:49:28.171 26546 26546 D AndroidRuntime: CheckJNI is OFF

03-30 10:49:28.228 26546 26546 D ICU     : No timezone override file found: /data/misc/zoneinfo/current/icu/icu_tzdata.dat

03-30 10:49:28.279   379   493 I ThermalEngine: Sensor:batt_temp:365 mC

03-30 10:49:28.284 26546 26546 I Radio-JNI: register_android_hardware_Radio DONE

03-30 10:49:28.314 26546 26546 D AndroidRuntime: Calling main entry com.android.commands.am.Am

03-30 10:49:28.330  3754  3754 D MediaScannerReceiver: action: android.intent.action.MEDIA_SCANNER_SCAN_FILE path: /data/local/tmp/screenshot.png

03-30 10:49:28.329 24778 24778 W om.miui.gallery: type=1400 audit(0.0:55247455): avc: denied { getattr } for path="/data/local/tmp" dev="mmcblk0p25" ino=253954 scontext=u:r:platform_app:s0:c512,c768 tcontext=u:object_r:shell_data_file:s0 tclass=dir permissive=0

03-30 10:49:28.339 24778 24778 I MiuiGallery2_MediaScannerReceiver: ACTION_MEDIA_SCANNER_SCAN_FILE /data/local/tmp/screenshot.png

03-30 10:49:28.350 24778 24778 I MiuiGallery2_MediaScannerService: onCreate

03-30 10:49:28.352 26546 26546 D AndroidRuntime: Shutting down VM

03-30 10:49:28.353 24778 24778 I MiuiGallery2_MediaScannerService: onStartCommand: 1

03-30 10:49:28.359 24778 24778 I MiuiGallery2_MediaScannerService: ScanFileTask scanPriority 1, path /data/local/tmp/screenshot.png

03-30 10:49:28.359 24778 24778 I MiuiGallery2_ScanTaskManager: priority 1, time 1490842168353

03-30 10:49:28.379 26568 26568 W thread-pool-0: type=1400 audit(0.0:55247456): avc: denied { getattr } for path="/data/local/tmp" dev="mmcblk0p25" ino=253954 scontext=u:r:platform_app:s0:c512,c768 tcontext=u:object_r:shell_data_file:s0 tclass=dir permissive=0

03-30 10:49:28.387 26250 26323 D UTAnalytics:LogStoreMgr: pid:26250 [store],

03-30 10:49:28.400 26250 26323 D UTAnalytics:UTSqliteLogStore: pid:26250 sql:SELECT * FROM log ORDER BY time ASC  LIMIT 20,

03-30 10:49:28.400 24778 26568 I MiuiGallery2_SaveToCloudUtil: insert /data/local/tmp/screenshot_1490842168400.png

03-30 10:49:28.400 26250 26323 D UTAnalytics:UTSqliteLogStore: pid:26250 pos,0,count,2,

03-30 10:49:28.401 26250 26323 D UTAnalytics:UTSqliteLogStore: pid:26250 pos,1,count,2,

03-30 10:49:28.401 24778 26568 W System.err: java.io.FileNotFoundException: /data/local/tmp/screenshot_1490842168400.png: open failed: ENOENT (No such file or directory)

03-30 10:49:28.401 24778 26568 W System.err: 	at libcore.io.IoBridge.open(IoBridge.java:452)

03-30 10:49:28.401 26250 26323 D UTAnalytics:LogStoreMgr: pid:26250 [get],[Log [id=2297, eventId=19999, index=], Log [id=2298, eventId=2001, index=]],

03-30 10:49:28.401 24778 26568 W System.err: 	at java.io.FileInputStream.<init>(FileInputStream.java:76)

03-30 10:49:28.401 24778 26568 W System.err: 	at java.io.FileInputStream.<init>(FileInputStream.java:103)

03-30 10:49:28.401 24778 26568 W System.err: 	at miui.io.ResettableInputStream.ci(SourceFile:147)

03-30 10:49:28.401 24778 26568 W System.err: 	at miui.io.ResettableInputStream.read(SourceFile:252)

03-30 10:49:28.401 24778 26568 W System.err: 	at android.graphics.BitmapFactory.nativeDecodeStream(Native Method)

03-30 10:49:28.401 24778 26568 W System.err: 	at android.graphics.BitmapFactory.decodeStreamInternal(BitmapFactory.java:639)

03-30 10:49:28.401 24778 26568 W System.err: 	at android.graphics.BitmapFactory.decodeStream(BitmapFactory.java:615)

03-30 10:49:28.401 24778 26568 W System.err: 	at miui.graphics.BitmapFactory.getBitmapSize(SourceFile:71)

03-30 10:49:28.401 24778 26568 W System.err: 	at miui.graphics.BitmapFactory.getBitmapSize(SourceFile:85)

03-30 10:49:28.401 24778 26568 W System.err: 	at com.miui.gallery.scanner.SaveToCloudUtil.putValuesForImage(SaveToCloudUtil.java:642)

03-30 10:49:28.401 24778 26568 W System.err: 	at com.miui.gallery.scanner.SaveToCloudUtil.toValues(SaveToCloudUtil.java:516)

03-30 10:49:28.401 24778 26568 W System.err: 	at com.miui.gallery.scanner.SaveToCloudUtil.insert(SaveToCloudUtil.java:432)

03-30 10:49:28.401 24778 26568 W System.err: 	at com.miui.gallery.scanner.SaveToCloudUtil.saveToCloudDB(SaveToCloudUtil.java:129)

03-30 10:49:28.401 24778 26568 W System.err: 	at com.miui.gallery.scanner.MediaScanner$ScannerFileClient.scanFile(MediaScanner.java:426)

03-30 10:49:28.401 24778 26568 W System.err: 	at com.miui.gallery.scanner.MediaScanner.scanSingleFile(MediaScanner.java:398)

03-30 10:49:28.402 24778 26568 W System.err: 	at com.miui.gallery.scanner.MediaScannerService$ScanFileTask.run(MediaScannerService.java:126)

03-30 10:49:28.402 24778 26568 W System.err: 	at com.miui.gallery.scanner.MediaScannerService$ScanFileTask.run(MediaScannerService.java:108)

03-30 10:49:28.402 24778 26568 W System.err: 	at com.miui.gallery.threadpool.ThreadPool$Worker.run(ThreadPool.java:143)

03-30 10:49:28.402 24778 26568 W System.err: 	at java.util.concurrent.ThreadPoolExecutor.runWorker(ThreadPoolExecutor.java:1113)

03-30 10:49:28.402 24778 26568 W System.err: 	at java.util.concurrent.ThreadPoolExecutor$Worker.run(ThreadPoolExecutor.java:588)

03-30 10:49:28.402 24778 26568 W System.err: 	at java.lang.Thread.run(Thread.java:818)

03-30 10:49:28.402 24778 26568 W System.err: 	at com.miui.gallery.threadpool.PriorityThreadFactory$1.run(PriorityThreadFactory.java:43)

03-30 10:49:28.402 24778 26568 W System.err: Caused by: android.system.ErrnoException: open failed: ENOENT (No such file or directory)

03-30 10:49:28.402 26250 26323 D UTAnalytics:UploadTask: pid:26250 averagePackageSize:226.0,

03-30 10:49:28.402 24778 26568 W System.err: 	at libcore.io.Posix.open(Native Method)

03-30 10:49:28.402 24778 26568 W System.err: 	at libcore.io.BlockGuardOs.open(BlockGuardOs.java:186)

03-30 10:49:28.402 24778 26568 W System.err: 	at libcore.io.IoBridge.open(IoBridge.java:438)

03-30 10:49:28.402 24778 26568 W System.err: 	... 22 more

03-30 10:49:28.402 24778 26568 D skia    : ---- read threw an exception

03-30 10:49:28.402 24778 26568 D skia    : --- SkImageDecoder::Factory returned null

03-30 10:49:28.416 24778 26568 D MiuiGallery2_.provider.cache.CacheManager: insert 570, sha1=9c4fd9f388ae3dd38323c4a58799d93c65a56f3e localFlag=7 dateModified=0 localGroupId=29 size=628450 exifOrientation=0 mimeType=image/png dateTaken=0 fileName=screenshot_1490842168400.png exifImageWidth=-1 title=screenshot_1490842168400 localFile=/data/local/tmp/screenshot_1490842168400.png mixedDateTime=0 serverType=1 exifImageLength=-1

03-30 10:49:28.417 24778 26568 D MiuiGallery2_.provider.cache.CacheManager: insert MediaItem{mId=570, mSha1='9c4fd9f388ae3dd38323c4a58799d93c65a56f3e', mAlbumId=29, mMicroThumb='null', mThumbnail='null', mFilePath='/data/local/tmp/screenshot_1490842168400.png', mType=1, mTitle='screenshot_1490842168400', mMimeType='image/png', mLocalFlag=7, mIsSyncing=null, mSecretKey=null, mMixedTime=0, mAliasCreateDate=1008673}

03-30 10:49:28.431  4229  4367 W WtProcessController: do not trim { PackageName :com.orvibo.homemate Pid: 26250 Uid: 10143 Start by: activity Score:100 Old score:100 state:0 mBackgroundTimeInMillis:0 WakelockCount:0 wakelogsize:0  ActivityDestroied:false Activity size: 1 PackageInfo:{WhetstonePackageInfo#PacakgeName:com.orvibo.homemate uid:10143 uiMemoryThresold:0 nonUiMemoryThresold:0 Flag:1073745984,0x40001040 [,TRIMHEAPS,FLAG_DEAL_SCHEDULE] Type:64[,AUTO_START] } tasknum:17566}

03-30 10:49:28.442  4116  4556 I XiaomiFirewall: firewall pkgName:com.orvibo.homemate, result:0x0

03-30 10:49:28.457 24778 26568 I MiuiGallery2_MediaScannerService: onAllTasksExecuted

03-30 10:49:28.459 24778 24778 D MiuiGallery2_MediaScannerService: onDestroy

03-30 10:49:28.511 26250 26323 D UTAnalytics:UploadTask: pid:26250 url:http://adashbc.m.taobao.com/rest/sur?ak=23256401&av=2.3.0.300&c=null&v=3.0&s=86bad27dff0ee61d9d441772bce6d3431478798a&d=WJfwe%2BsntC4DAAdSBLpxQDCW&sv=2.5.1_for_bc&p=a&t=1490842168435&u=&is=1&k=0,

03-30 10:49:28.512 26250 26323 D UTAnalytics:UploadTask: pid:26250 result:{"t":1490842165370,"ret":"","success":"success"}

03-30 10:49:28.512 26250 26323 D UTAnalytics:UploadTask: ,

03-30 10:49:28.512 26250 26323 D UTAnalytics:UploadTask: pid:26250 winsize:350,

03-30 10:49:28.512 26250 26323 D UTAnalytics:LogStoreMgr: pid:26250 [Log [id=2297, eventId=19999, index=], Log [id=2298, eventId=2001, index=]],

03-30 10:49:28.526 26250 26323 D UTAnalytics:UTSqliteLogStore: pid:26250 delete ,2, isSuccess:true,

03-30 10:49:28.526 26250 26323 D UTAnalytics:CoreStatics: pid:26250 [uploadInc]:0,count:2,

03-30 10:49:28.526 26250 26323 D UTAnalytics:CoreStatics: pid:26250 [uploadInc]:2,

03-30 10:49:28.526 26250 26323 D UTAnalytics:UploadTask: pid:26250 logs.size():2, selfMonitorLogCount:0,

03-30 10:49:28.526 26250 26323 D UTAnalytics:UploadTask: pid:26250 upload isSendSuccess:true, consume:110, delete consume:14,

03-30 10:49:28.810  6151  6186 I octvm_klo: read wakeups from wakealarm_fd:1

03-30 10:49:28.810  6151  6186 I octvm_klo: new timerfd interval:

03-30 10:49:28.810  6151  6186 I octvm_klo: 	itval.it_interval.tv_sec 1, itval.it_interval.tv_nsec 0

03-30 10:49:28.810  6151  6186 I octvm_klo: 	itval.it_value.tv_sec 0, itval.it_value.tv_nsec 999996563

03-30 10:49:29.280   379   493 I ThermalEngine: Sensor:batt_temp:365 mC

03-30 10:49:29.475 26204 26204 I QueryController: Matched selector: UiSelector[INSTANCE=0, RESOURCE_ID=com.orvibo.homemate:id/iv_personal_user_icon] <<==>> [android.view.accessibility.AccessibilityNodeInfo@80049141; boundsInParent: Rect(0, 0 - 347, 347); boundsInScreen: Rect(366, 138 - 713, 485); packageName: com.orvibo.homemate; className: android.widget.ImageView; text: null; error: null; maxTextLength: -1; contentDescription: Áî®Êà∑Â§¥ÂÉè116; viewIdResName: com.orvibo.homemate:id/iv_personal_user_icon; checkable: false; checked: false; focusable: false; focused: false; selected: false; clickable: true; longClickable: false; contextClickable: false; enabled: true; password: false; scrollable: false; actions: [AccessibilityAction: ACTION_SELECT - null, AccessibilityAction: ACTION_CLEAR_SELECTION - null, AccessibilityAction: ACTION_CLICK - null, AccessibilityAction: ACTION_ACCESSIBILITY_FOCUS - null, AccessibilityAction: ACTION_NEXT_AT_MOVEMENT_GRANULARITY - null, AccessibilityAction: ACTION_PREVIOUS_AT_MOVEMENT_GRANULARITY - null, AccessibilityAction: ACTION_SET_SELECTION - null, AccessibilityAction: ACTION_UNKNOWN - null]]

03-30 10:49:29.512 26204 26204 I QueryController: Matched selector: UiSelector[INSTANCE=0, RESOURCE_ID=com.orvibo.homemate:id/iv_personal_user_icon] <<==>> [android.view.accessibility.AccessibilityNodeInfo@80049141; boundsInParent: Rect(0, 0 - 347, 347); boundsInScreen: Rect(366, 138 - 713, 485); packageName: com.orvibo.homemate; className: android.widget.ImageView; text: null; error: null; maxTextLength: -1; contentDescription: Áî®Êà∑Â§¥ÂÉè116; viewIdResName: com.orvibo.homemate:id/iv_personal_user_icon; checkable: false; checked: false; focusable: false; focused: false; selected: false; clickable: true; longClickable: false; contextClickable: false; enabled: true; password: false; scrollable: false; actions: [AccessibilityAction: ACTION_SELECT - null, AccessibilityAction: ACTION_CLEAR_SELECTION - null, AccessibilityAction: ACTION_CLICK - null, AccessibilityAction: ACTION_ACCESSIBILITY_FOCUS - null, AccessibilityAction: ACTION_NEXT_AT_MOVEMENT_GRANULARITY - null, AccessibilityAction: ACTION_PREVIOUS_AT_MOVEMENT_GRANULARITY - null, AccessibilityAction: ACTION_SET_SELECTION - null, AccessibilityAction: ACTION_UNKNOWN - null]]

03-30 10:49:29.517 26204 26204 D InteractionController: clickAndSync(539, 311)

03-30 10:49:29.636 26250 26250 I Timeline: Timeline: Activity_launch_request time:338260416

03-30 10:49:29.655  2044  4266 I ActivityManager: START u0 {cmp=com.orvibo.homemate/.user.UserActivity (has extras)} from uid 10143 on display 0

03-30 10:49:29.664  4229  4367 D WtProcessController: onAMCreateActivity callback

03-30 10:49:29.667  4229  4367 D WtProcessController: onAMPauseActivity callback

03-30 10:49:29.694 26250 26250 D UTAnalytics:UTDC: pid:26250 [commit] page:Main,eventId:2001,arg1:Launch,arg2:arg3:8023,args:{SDKTYPE=mini},

03-30 10:49:29.698 26250 26250 D UTAnalytics:UTLog: pid:26250 Log [id=0, eventId=2001, index=],867451020054497||460015796275061||Xiaomi||MI NOTE LTE||1920*1080||Unknown||Wi-Fi||Unknown||null||23256401||2.3.0.300||-||-||-||-||zh||a||6.0.1||2.5.1_for_bc||1490842159058||WJfwe+sntC4DAAdSBLpxQDCW||mini||-||-||-||-||_ap=1_mac=02:00:00:00:00:00||1490842169694||Main||2001||Launch||-||8023||-,

03-30 10:49:29.698 26250 26250 D UTAnalytics:LogStoreMgr: pid:26250 [add] :,

03-30 10:49:29.701 26250 26250 D HomeMate: comm[ main: BaseActivity.java:198 onPause() ] - MainActivity

03-30 10:49:29.706  4229  4367 D WtProcessController: onAMRestartActivity callback

03-30 10:49:29.708  2044  4266 I Timeline: Timeline: App_transition_ready time:338260488

03-30 10:49:29.728 26250 26250 D HomeMate: comm[ main: BaseActivity.java:127 onCreate() ] - onCreate:UserActivity

03-30 10:49:29.728 26250 26250 D HomeMate: allen[ main: ActivityManager.java:47 pushActivity() ] - pushActivity:com.orvibo.homemate.user.UserActivity@5419bd7

03-30 10:49:29.759 26250 26250 V BoostFramework: BoostFramework() : mPerf = com.qualcomm.qti.Performance@496fce1

03-30 10:49:29.759 26250 26250 V BoostFramework: BoostFramework() : mPerf = com.qualcomm.qti.Performance@c5c6a06

03-30 10:49:29.787 26250 26250 D HomeMate: comm[ main: BaseActivity.java:154 onResume() ] - UserActivity

03-30 10:49:29.788 26250 26250 E HomeMate: comm[ main: UserActivity.java:189 refresh() ] - Account{userId='91a31ba24648493aad89636922662c04', familyId='null', password='E10ADC3949BA59ABBE56E057F20F883E', phone='', email='15079034630@126.com', userType=0, registerType=0, idc=0, country='null', state='null', city='null'} BaseBo{delFlag=0, updateTime='1490702387000', createTime='1490603889000', updateTimeSec=0, uid='null', userName='ahdhhddhhd'}

03-30 10:49:29.795 26250 26250 D HomeMate: comm[ main: GetAccountIcon.java:39 startGetAccountIcon() ] - params:source=ZhiJia365&sessionId=f15470c3c1034ef2a877ff52c35f5944&userName=15079034630@126.com

03-30 10:49:29.799  4374  4374 W Binder_10: type=1400 audit(0.0:55247457): avc: denied { ioctl } for path="socket:[12193512]" dev="sockfs" ino=12193512 ioctlcmd=7704 scontext=u:r:system_server:s0 tcontext=u:r:system_server:s0 tclass=unix_stream_socket permissive=0

03-30 10:49:29.799  4374  4374 W Binder_10: type=1400 audit(0.0:55247458): avc: denied { ioctl } for path="socket:[12193512]" dev="sockfs" ino=12193512 ioctlcmd=7704 scontext=u:r:system_server:s0 tcontext=u:r:system_server:s0 tclass=unix_stream_socket permissive=0

03-30 10:49:29.805 26250 26250 D ActivityThreadInjector: clearCachedDrawables.

03-30 10:49:29.810  6151  6186 I octvm_klo: read wakeups from wakealarm_fd:1

03-30 10:49:29.810  6151  6186 I octvm_klo: new timerfd interval:

03-30 10:49:29.810  6151  6186 I octvm_klo: 	itval.it_interval.tv_sec 1, itval.it_interval.tv_nsec 0

03-30 10:49:29.810  6151  6186 I octvm_klo: 	itval.it_value.tv_sec 0, itval.it_value.tv_nsec 999997761

03-30 10:49:29.823  2044  3807 I Timeline: Timeline: App_transition_ready time:338260603

03-30 10:49:29.826  2044  3807 I Timeline: Timeline: App_transition_ready time:338260606

03-30 10:49:29.870  2044  2115 I Timeline: Timeline: App_transition_ready time:338260650

03-30 10:49:29.869  4323  4323 W Binder_E: type=1400 audit(0.0:55247459): avc: denied { ioctl } for path="socket:[12193083]" dev="sockfs" ino=12193083 ioctlcmd=7704 scontext=u:r:system_server:s0 tcontext=u:r:system_server:s0 tclass=unix_stream_socket permissive=0

03-30 10:49:29.869  4323  4323 W Binder_E: type=1400 audit(0.0:55247460): avc: denied { ioctl } for path="socket:[12193083]" dev="sockfs" ino=12193083 ioctlcmd=7704 scontext=u:r:system_server:s0 tcontext=u:r:system_server:s0 tclass=unix_stream_socket permissive=0

03-30 10:49:29.874  2044  2115 I ActivityManager: Displayed com.orvibo.homemate/.user.UserActivity: +170ms

03-30 10:49:29.874  3746  3746 V PhoneStatusBarPolicy: updateManagedProfile mManagedProfileFocused: false mKeyguardVisible: false mCurrentUserId:0 mCurrentProfileId:0 mSecondSpaceStatusIconVisible: true showIcon:false

03-30 10:49:29.874 28253 28253 I AppiumUnicodeIME: onFinishInput

03-30 10:49:29.877 28253 28253 I AppiumUnicodeIME: onStartInput

03-30 10:49:29.880 26250 26250 V AsyncHttpRH: Progress 129 from 1 (12900%)

03-30 10:49:29.880 26250 26250 I HomeMate: comm[ main: GetAccountIcon.java:44 onSuccess() ] - {"errorMessage":"ÊàêÂäü","file":"https://homemate.orvibo.com/images/20170328/b1c9f1c967da46dfa5aa9d21991fb39f.jpg","errorCode":0}

03-30 10:49:29.880 26250 26250 I HomeMate: comm[ main: GetAccountIcon.java:63 onSuccess() ] - ÊàêÂäü

03-30 10:49:30.147  2044  2115 I Timeline: Timeline: Activity_windows_visible id: ActivityRecord{a33b2f5 u0 com.orvibo.homemate/.user.UserActivity t17566} time:338260927

03-30 10:49:30.151  2044  2115 I Timeline: Timeline: App_transition_stopped time:338260931

03-30 10:49:30.157 26250 26250 D HomeMate: comm[ main: BaseActivity.java:215 onStop() ] - MainActivity

03-30 10:49:30.261  3745  3745 D wpa_supplicant: wlan0: Control interface command 'SIGNAL_POLL'

03-30 10:49:30.276  3745  3745 D wpa_supplicant: CTRL-DEBUG: global_ctrl_sock-sendto: sock=11 sndbuf=163840 outq=0 send_len=49

03-30 10:49:30.281   379   493 I ThermalEngine: Sensor:batt_temp:365 mC

03-30 10:49:30.281  2044  2118 D AutomaticBrightnessController: drop the lightsensor event ,time=338261061 ,lux=10.286555

03-30 10:49:30.451  2044  2118 D AutomaticBrightnessController: drop the lightsensor event ,time=338261231 ,lux=8.817047

03-30 10:49:30.810  6151  6186 I octvm_klo: read wakeups from wakealarm_fd:1

03-30 10:49:30.810  6151  6186 I octvm_klo: new timerfd interval:

03-30 10:49:30.810  6151  6186 I octvm_klo: 	itval.it_interval.tv_sec 1, itval.it_interval.tv_nsec 0

03-30 10:49:30.810  6151  6186 I octvm_klo: 	itval.it_value.tv_sec 0, itval.it_value.tv_nsec 999996303

03-30 10:49:30.967 26204 26204 I QueryController: Matched selector: UiSelector[TEXT=ÊéàÊùÉÁôªÂΩï] <<==>> [android.view.accessibility.AccessibilityNodeInfo@8005ee5f; boundsInParent: Rect(0, 0 - 200, 67); boundsInScreen: Rect(44, 883 - 244, 950); packageName: com.orvibo.homemate; className: android.widget.TextView; text: ÊéàÊùÉÁôªÂΩï; error: null; maxTextLength: -1; contentDescription: null; viewIdResName: null; checkable: false; checked: false; focusable: false; focused: false; selected: false; clickable: false; longClickable: false; contextClickable: false; enabled: true; password: false; scrollable: false; actions: [AccessibilityAction: ACTION_SELECT - null, AccessibilityAction: ACTION_CLEAR_SELECTION - null, AccessibilityAction: ACTION_ACCESSIBILITY_FOCUS - null, AccessibilityAction: ACTION_NEXT_AT_MOVEMENT_GRANULARITY - null, AccessibilityAction: ACTION_PREVIOUS_AT_MOVEMENT_GRANULARITY - null, AccessibilityAction: ACTION_SET_SELECTION - null, AccessibilityAction: ACTION_UNKNOWN - null]]

03-30 10:49:31.013 26204 26204 I QueryController: Matched selector: UiSelector[TEXT=ÊéàÊùÉÁôªÂΩï] <<==>> [android.view.accessibility.AccessibilityNodeInfo@8005ee5f; boundsInParent: Rect(0, 0 - 200, 67); boundsInScreen: Rect(44, 883 - 244, 950); packageName: com.orvibo.homemate; className: android.widget.TextView; text: ÊéàÊùÉÁôªÂΩï; error: null; maxTextLength: -1; contentDescription: null; viewIdResName: null; checkable: false; checked: false; focusable: false; focused: false; selected: false; clickable: false; longClickable: false; contextClickable: false; enabled: true; password: false; scrollable: false; actions: [AccessibilityAction: ACTION_SELECT - null, AccessibilityAction: ACTION_CLEAR_SELECTION - null, AccessibilityAction: ACTION_ACCESSIBILITY_FOCUS - null, AccessibilityAction: ACTION_NEXT_AT_MOVEMENT_GRANULARITY - null, AccessibilityAction: ACTION_PREVIOUS_AT_MOVEMENT_GRANULARITY - null, AccessibilityAction: ACTION_SET_SELECTION - null, AccessibilityAction: ACTION_UNKNOWN - null]]

03-30 10:49:31.021 26204 26204 D InteractionController: clickAndSync(144, 916)

03-30 10:49:31.167 26250 26250 I Timeline: Timeline: Activity_launch_request time:338261947

03-30 10:49:31.180  2044  3799 I ActivityManager: START u0 {cmp=com.orvibo.homemate/.user.UserThirdActivity} from uid 10143 on display 0

03-30 10:49:31.191  4229  4367 D WtProcessController: onAMCreateActivity callback

03-30 10:49:31.196  4229  4367 D WtProcessController: onAMPauseActivity callback

03-30 10:49:31.226 26250 26250 D UTAnalytics:UTDC: pid:26250 [commit] page:User,eventId:2001,arg1:Main,arg2:arg3:1440,args:{SDKTYPE=mini},

03-30 10:49:31.232 26250 26250 D UTAnalytics:UTLog: pid:26250 Log [id=0, eventId=2001, index=],867451020054497||460015796275061||Xiaomi||MI NOTE LTE||1920*1080||Unknown||Wi-Fi||Unknown||null||23256401||2.3.0.300||-||-||-||-||zh||a||6.0.1||2.5.1_for_bc||1490842159058||WJfwe+sntC4DAAdSBLpxQDCW||mini||-||-||-||-||_ap=1_mac=02:00:00:00:00:00||1490842171226||User||2001||Main||-||1440||-,

03-30 10:49:31.232 26250 26250 D UTAnalytics:LogStoreMgr: pid:26250 [add] :,

03-30 10:49:31.238 26250 26250 D HomeMate: comm[ main: BaseActivity.java:198 onPause() ] - UserActivity

03-30 10:49:31.242  4229  4367 D WtProcessController: onAMRestartActivity callback

03-30 10:49:31.244  2044  2057 I Timeline: Timeline: App_transition_ready time:338262024

03-30 10:49:31.257 26250 26250 D HomeMate: comm[ main: BaseActivity.java:127 onCreate() ] - onCreate:UserThirdActivity

03-30 10:49:31.257 26250 26250 D HomeMate: allen[ main: ActivityManager.java:47 pushActivity() ] - pushActivity:com.orvibo.homemate.user.UserThirdActivity@3166638

03-30 10:49:31.282   379   493 I ThermalEngine: Sensor:batt_temp:365 mC

03-30 10:49:31.286 26250 26250 D HomeMate: comm[ main: BaseActivity.java:154 onResume() ] - UserThirdActivity

03-30 10:49:31.289  4266  4266 W Binder_B: type=1400 audit(0.0:55247461): avc: denied { ioctl } for path="socket:[12194870]" dev="sockfs" ino=12194870 ioctlcmd=7704 scontext=u:r:system_server:s0 tcontext=u:r:system_server:s0 tclass=unix_stream_socket permissive=0

03-30 10:49:31.289  4266  4266 W Binder_B: type=1400 audit(0.0:55247462): avc: denied { ioctl } for path="socket:[12194870]" dev="sockfs" ino=12194870 ioctlcmd=7704 scontext=u:r:system_server:s0 tcontext=u:r:system_server:s0 tclass=unix_stream_socket permissive=0

03-30 10:49:31.299 26250 26250 D ActivityThreadInjector: clearCachedDrawables.

03-30 10:49:31.317  2044  4298 I Timeline: Timeline: App_transition_ready time:338262097

03-30 10:49:31.320  2044  4298 I Timeline: Timeline: App_transition_ready time:338262100

03-30 10:49:31.350  2044  2115 I Timeline: Timeline: App_transition_ready time:338262130

03-30 10:49:31.349  4245  4245 W Binder_A: type=1400 audit(0.0:55247463): avc: denied { ioctl } for path="socket:[12193083]" dev="sockfs" ino=12193083 ioctlcmd=7704 scontext=u:r:system_server:s0 tcontext=u:r:system_server:s0 tclass=unix_stream_socket permissive=0

03-30 10:49:31.349  4245  4245 W Binder_A: type=1400 audit(0.0:55247464): avc: denied { ioctl } for path="socket:[12193083]" dev="sockfs" ino=12193083 ioctlcmd=7704 scontext=u:r:system_server:s0 tcontext=u:r:system_server:s0 tclass=unix_stream_socket permissive=0

03-30 10:49:31.353  2044  2115 I ActivityManager: Displayed com.orvibo.homemate/.user.UserThirdActivity: +115ms

03-30 10:49:31.353 28253 28253 I AppiumUnicodeIME: onFinishInput

03-30 10:49:31.354 28253 28253 I AppiumUnicodeIME: onStartInput

03-30 10:49:31.354  3746  3746 V PhoneStatusBarPolicy: updateManagedProfile mManagedProfileFocused: false mKeyguardVisible: false mCurrentUserId:0 mCurrentProfileId:0 mSecondSpaceStatusIconVisible: true showIcon:false

03-30 10:49:31.390 26250 26345 D OpenGLRenderer: endAllStagingAnimators on 0x9fcc7080 (RippleDrawable) with handle 0x9593f910

03-30 10:49:31.420 26250 26323 D UTAnalytics:LogStoreMgr: pid:26250 [store],

03-30 10:49:31.423 26250 26323 D UTAnalytics:UTSqliteLogStore: pid:26250 [insert] ,, isSuccess:true,ret,2299,

03-30 10:49:31.423 26250 26323 D UTAnalytics:UTSqliteLogStore: pid:26250 [insert] ,, isSuccess:true,ret,2300,

03-30 10:49:31.440 26250 26323 D UTAnalytics:UTSqliteLogStore: pid:26250 sql:SELECT * FROM log ORDER BY time ASC  LIMIT 350,

03-30 10:49:31.441 26250 26323 D UTAnalytics:UTSqliteLogStore: pid:26250 pos,0,count,2,

03-30 10:49:31.441 26250 26323 D UTAnalytics:UTSqliteLogStore: pid:26250 pos,1,count,2,

03-30 10:49:31.441 26250 26323 D UTAnalytics:LogStoreMgr: pid:26250 [get],[Log [id=2299, eventId=2001, index=], Log [id=2300, eventId=2001, index=]],

