03-30 10:49:38.795  2044  4123 W miui.security.WakePathChecker: MIUILOG-WAKEPATH: call was rejected by wakepath. userId= 0 caller= com.sina.weibo callee= com.sdu.didi.psnger classname=com.igexin.sdk.PushService action=null wakeType=8

03-30 10:49:38.809  2044  4283 W miui.security.WakePathChecker: MIUILOG-WAKEPATH: call was rejected by wakepath. userId= 0 caller= com.sina.weibo callee= com.ximalaya.ting.android classname=com.igexin.sdk.PushService action=null wakeType=8

03-30 10:49:38.811  6151  6186 I octvm_klo: read wakeups from wakealarm_fd:1

03-30 10:49:38.811  6151  6186 I octvm_klo: new timerfd interval:

03-30 10:49:38.811  6151  6186 I octvm_klo: 	itval.it_interval.tv_sec 1, itval.it_interval.tv_nsec 0

03-30 10:49:38.811  6151  6186 I octvm_klo: 	itval.it_value.tv_sec 0, itval.it_value.tv_nsec 999997553

03-30 10:49:38.973 26758 26758 D jni/BreakpadIntegration: breakpad successed init

03-30 10:49:38.973 26758 26758 D jni/BreakpadIntegration: setupCrashHandler

03-30 10:49:38.974 26758 26758 D MultiDex: init switch config

03-30 10:49:39.004 26250 26293 W System.err: Êó†Ê≥ïËÆøÈóÆÊàñÁΩëÁªú‰∏çÁ®≥ÂÆö

03-30 10:49:39.005 26250 26293 W System.err: 	at com.danale.video.sdk.http.impl.apache.ApacheHttpClient.readDataWithRetriesAndReportDanaleError(Unknown Source)

03-30 10:49:39.005 26250 26293 W System.err: 	at com.danale.video.sdk.http.impl.apache.ApacheHttpClient.execute(Unknown Source)

03-30 10:49:39.005 26250 26293 W System.err: 	at com.danale.video.sdk.utils.DnsAnalysisUtil.dnsAnalysisByDanale(Unknown Source)

03-30 10:49:39.005 26250 26293 W System.err: 	at com.danale.video.sdk.platform.entity.Session$7.doInBackground(Unknown Source)

03-30 10:49:39.005 26250 26293 W System.err: 	at com.danale.video.sdk.platform.entity.Session$7.doInBackground(Unknown Source)

03-30 10:49:39.008 26250 26293 W System.err: 	at com.danale.video.sdk.async.AsyncTask$2.call(Unknown Source)

03-30 10:49:39.008 26250 26293 W System.err: 	at java.util.concurrent.FutureTask.run(FutureTask.java:237)

03-30 10:49:39.008 26250 26293 W System.err: 	at java.util.concurrent.ThreadPoolExecutor.runWorker(ThreadPoolExecutor.java:1113)

03-30 10:49:39.008 26250 26293 W System.err: 	at java.util.concurrent.ThreadPoolExecutor$Worker.run(ThreadPoolExecutor.java:588)

03-30 10:49:39.008 26250 26293 W System.err: 	at java.lang.Thread.run(Thread.java:818)

03-30 10:49:39.008 26250 26293 W System.err: Caused by: org.apache.http.conn.ConnectTimeoutException: Connect to /54.93.73.119:443 timed out

03-30 10:49:39.009 26250 26293 W System.err: 	at org.apache.http.conn.scheme.PlainSocketFactory.connectSocket(PlainSocketFactory.java:126)

03-30 10:49:39.009 26250 26293 W System.err: 	at org.apache.http.impl.conn.DefaultClientConnectionOperator.openConnection(DefaultClientConnectionOperator.java:149)

03-30 10:49:39.009 26250 26293 W System.err: 	at org.apache.http.impl.conn.AbstractPoolEntry.open(AbstractPoolEntry.java:169)

03-30 10:49:39.009 26250 26293 W System.err: 	at org.apache.http.impl.conn.AbstractPooledConnAdapter.open(AbstractPooledConnAdapter.java:124)

03-30 10:49:39.009 26250 26293 W System.err: 	at org.apache.http.impl.client.DefaultRequestDirector.execute(DefaultRequestDirector.java:370)

03-30 10:49:39.009 26250 26293 W System.err: 	at org.apache.http.impl.client.AbstractHttpClient.execute(AbstractHttpClient.java:560)

03-30 10:49:39.009 26250 26293 W System.err: 	at org.apache.http.impl.client.AbstractHttpClient.execute(AbstractHttpClient.java:492)

03-30 10:49:39.013 26250 26293 W System.err: 	at org.apache.http.impl.client.AbstractHttpClient.execute(AbstractHttpClient.java:470)

03-30 10:49:39.013 26250 26293 W System.err: 	at com.danale.video.sdk.http.impl.apache.ApacheHttpClient.readDataWithRetriesAndReportDanaleError(Unknown Source)

03-30 10:49:39.013 26250 26293 W System.err: 	... 9 more

03-30 10:49:39.033 26758 26758 I PushLogSC2815_weibo: [main-1]action is android.net.conn.CONNECTIVITY_CHANGE(weibo/null:-1)

03-30 10:49:39.131 26758 26798 I PushLogSC2815_weibo: [Thread-44556-44556]votedPackage from file:com.sina.weibo(weibo/null:-1)

03-30 10:49:39.133 26758 26798 I PushLogSC2815_weibo: [Thread-44556-44556]push jarFile is not exist(weibo/null:-1)

03-30 10:49:39.155 26758 26798 E PushLogSC2815_weibo: [Thread-44556-44556]FeatureOption.MTK_GEMINI_SUPPORTjava.lang.ClassNotFoundException: com.mediatek.common.featureoption.FeatureOption(weibo/null:-1)

03-30 10:49:39.155 26758 26798 I PushLogSC2815_weibo: [Thread-44556-44556]isMtkGeminiSupport false(weibo/null:-1)

03-30 10:49:39.158 26758 26798 I PushLogSC2815_weibo: [Thread-44556-44556]isHwGeminiSupport1 false(weibo/null:-1)

03-30 10:49:39.172  2044  3621 D WifiService: New client listening to asynchronous messages

03-30 10:49:39.180 26758 26758 I PushLogSC2815_weibo: [main-1]PushService:onCreate()(weibo/null:-1)

03-30 10:49:39.295   379   493 I ThermalEngine: Sensor:batt_temp:366 mC

03-30 10:49:39.312  3745  3745 D wpa_supplicant: wlan0: Control interface command 'SIGNAL_POLL'

03-30 10:49:39.315  3745  3745 D wpa_supplicant: CTRL-DEBUG: global_ctrl_sock-sendto: sock=11 sndbuf=163840 outq=0 send_len=49

03-30 10:49:39.370 26758 26758 I PushLogSC2815_weibo: [main-1]no push client, stop push apk service(weibo/null:-1)

03-30 10:49:39.379 26758 26758 I PushLogSC2815_weibo: [main-1]PushService onStartCommand(weibo/null:-1)

03-30 10:49:39.404 26250 26325 D UTAnalytics:UTDC: pid:26250 [commit] page:UT,eventId:1010,arg1:19862,arg2:0,arg3:args:{SDKTYPE=mini},

03-30 10:49:39.413 26250 26325 D UTAnalytics:UTLog: pid:26250 Log [id=0, eventId=1010, index=],867451020054497||460015796275061||Xiaomi||MI NOTE LTE||1920*1080||Unknown||Wi-Fi||Unknown||null||23256401||2.3.0.300||-||-||-||-||zh||a||6.0.1||2.5.1_for_bc||1490842159058||WJfwe+sntC4DAAdSBLpxQDCW||mini||-||-||-||-||_ap=1_mac=02:00:00:00:00:00||1490842179404||UT||1010||19862||0||-||-,

03-30 10:49:39.413 26250 26325 D UTAnalytics:LogStoreMgr: pid:26250 [add] :,

03-30 10:49:39.426 26758 26806 I PushLogSC2815_weibo: [ReceiverDispatcher-44561]no push client, stop push apk service(weibo/null:-1)

03-30 10:49:39.811  6151  6186 I octvm_klo: read wakeups from wakealarm_fd:1

03-30 10:49:39.812  6151  6186 I octvm_klo: new timerfd interval:

03-30 10:49:39.812  6151  6186 I octvm_klo: 	itval.it_interval.tv_sec 1, itval.it_interval.tv_nsec 0

03-30 10:49:39.812  6151  6186 I octvm_klo: 	itval.it_value.tv_sec 0, itval.it_value.tv_nsec 999997708

03-30 10:49:39.925  4229  4229 D WtProcessStrategy: do trim { PackageName :com.tencent.mm Pid: 26405 Uid: 10138 Start by: activity Score:50 Old score:50 state:0 mBackgroundTimeInMillis:1490842138867 WakelockCount:0 wakelogsize:0  ActivityDestroied:false Activity size: 2 PackageInfo:{WhetstonePackageInfo#PacakgeName:com.tencent.mm uid:10138 uiMemoryThresold:0 nonUiMemoryThresold:0 Flag:4160,0x1040 [,TRIMHEAPS,FLAG_DEAL_SCHEDULE] Type:64[,AUTO_START] } tasknum:17562}

03-30 10:49:39.925  4229  4229 D WtProcessStrategy: do trim { PackageName :com.tencent.mm Pid: 29631 Uid: 10138 Start by: service Score:50 Old score:50 state:0 mBackgroundTimeInMillis:1490842138867 WakelockCount:0 wakelogsize:0  ActivityDestroied:false Activity size: 0 PackageInfo:{WhetstonePackageInfo#PacakgeName:com.tencent.mm uid:10138 uiMemoryThresold:0 nonUiMemoryThresold:0 Flag:4160,0x1040 [,TRIMHEAPS,FLAG_DEAL_SCHEDULE] Type:64[,AUTO_START] } tasknum:-1}

03-30 10:49:39.926  4229  4229 D WtProcessStrategy: do trim { PackageName :com.tencent.mm Pid: 1408 Uid: 10138 Start by: activity Score:50 Old score:50 state:0 mBackgroundTimeInMillis:1490842138867 WakelockCount:0 wakelogsize:0  ActivityDestroied:false Activity size: 1 PackageInfo:{WhetstonePackageInfo#PacakgeName:com.tencent.mm uid:10138 uiMemoryThresold:0 nonUiMemoryThresold:0 Flag:4160,0x1040 [,TRIMHEAPS,FLAG_DEAL_SCHEDULE] Type:64[,AUTO_START] } tasknum:17403}

03-30 10:49:40.102  2044  3620 D WifiStateMachine: starting scan for "56.1_neiwang"-WPA_PSK with 5280,2412

03-30 10:49:40.103  3745  3745 D wpa_supplicant: wlan0: Control interface command 'SCAN TYPE=ONLY freq=5280,2412'

03-30 10:49:40.103  3745  3745 D wpa_supplicant: wlan0: Setting scan request: 0.000000 sec

03-30 10:49:40.103  3745  3745 D wpa_supplicant: CTRL-DEBUG: global_ctrl_sock-sendto: sock=11 sndbuf=163840 outq=0 send_len=3

03-30 10:49:40.104  3745  3745 D wpa_supplicant: wlan0: Starting AP scan for wildcard SSID

03-30 10:49:40.104  3745  3745 D wpa_supplicant: wlan0: Limit manual scan to specified channels

03-30 10:49:40.104  3745  3745 D wpa_supplicant: wlan0: Add radio work 'scan'@0xb68d9398

03-30 10:49:40.104  3745  3745 D wpa_supplicant: wlan0: First radio work item in the queue - schedule start immediately

03-30 10:49:40.105  3745  3745 D wpa_supplicant: wlan0: Starting radio work 'scan'@0xb68d9398 after 0.000235 second wait

03-30 10:49:40.105  3745  3745 D wpa_supplicant: wlan0: nl80211: scan request

03-30 10:49:40.105  3745  3745 D wpa_supplicant: nl80211: Scan SSID - hexdump(len=0): [NULL]

03-30 10:49:40.105  3745  3745 D wpa_supplicant: nl80211: Scan extra IEs - hexdump(len=7): 7f 05 00 00 0a 02 01

03-30 10:49:40.105  3745  3745 D wpa_supplicant: nl80211: Scan frequency 2412 MHz

03-30 10:49:40.105  3745  3745 D wpa_supplicant: nl80211: Scan frequency 5280 MHz

03-30 10:49:40.120  3745  3745 D wpa_supplicant: Scan requested (ret=0) - scan timeout 30 seconds

03-30 10:49:40.120  3745  3745 D wpa_supplicant: nl80211: Event message available

03-30 10:49:40.120  3745  3745 D wpa_supplicant: nl80211: Drv Event 33 (NL80211_CMD_TRIGGER_SCAN) received for wlan0

03-30 10:49:40.120  3745  3745 D wpa_supplicant: wlan0: nl80211: Scan trigger

03-30 10:49:40.120  3745  3745 D wpa_supplicant: wlan0: Event SCAN_STARTED (47) received

03-30 10:49:40.120  3745  3745 D wpa_supplicant: wlan0: Own scan request started a scan in 0.000172 seconds

03-30 10:49:40.120  3745  3745 D wpa_supplicant: CTRL-DEBUG: ctrl_sock-sendmsg: sock=11 sndbuf=163840 outq=0 send_len=24

03-30 10:49:40.121  3745  3745 D wpa_supplicant: CTRL_IFACE monitor sent successfully to /data/misc/wifi/sockets/wpa_ctrl_2044-2\x00

03-30 10:49:40.151  4116  4556 I XiaomiFirewall: firewall pkgName:com.sina.weibo, result:0x0

03-30 10:49:40.166 26250 26323 D UTAnalytics:UploadEngine: pid:26250 UTDC.bBackground:false,AppInfoUtil.isForeground(UTDC.getContext()) ,true,

03-30 10:49:40.172 26250 26323 D UTAnalytics:UploadTask: pid:26250 mPeriod:30000,

03-30 10:49:40.238  3745  3745 D wpa_supplicant: nl80211: Event message available

03-30 10:49:40.238  3745  3745 D wpa_supplicant: nl80211: Drv Event 34 (NL80211_CMD_NEW_SCAN_RESULTS) received for wlan0

03-30 10:49:40.238  3745  3745 D wpa_supplicant: wlan0: nl80211: New scan results available

03-30 10:49:40.238  3745  3745 D wpa_supplicant: nl80211: Scan included frequencies: 2412 5280

03-30 10:49:40.238  3745  3745 D wpa_supplicant: wlan0: Event SCAN_RESULTS (3) received

03-30 10:49:40.238  3745  3745 D wpa_supplicant: wlan0: Scan completed in 0.118240 seconds

03-30 10:49:40.238  3745  3745 D wpa_supplicant: nl80211: Associated on 5280 MHz

03-30 10:49:40.238  3745  3745 D wpa_supplicant: nl80211: Associated with cc:81:da:9c:13:28

03-30 10:49:40.239  3745  3745 D wpa_supplicant: nl80211: Received scan results (29 BSSes)

03-30 10:49:40.239  3745  3745 D wpa_supplicant: nl80211: Scan results indicate BSS status with cc:81:da:9c:13:28 as associated

03-30 10:49:40.239  3745  3745 D wpa_supplicant: wlan0: BSS: Start scan result update 5295

03-30 10:49:40.239  3745  3745 D wpa_supplicant: BSS: last_scan_res_used=29/64

03-30 10:49:40.239  3745  3745 D wpa_supplicant: wlan0: Scan-only results received

03-30 10:49:40.239  3745  3745 D wpa_supplicant: CTRL-DEBUG: ctrl_sock-sendmsg: sock=11 sndbuf=163840 outq=0 send_len=24

03-30 10:49:40.239  3745  3745 D wpa_supplicant: CTRL_IFACE monitor sent successfully to /data/misc/wifi/sockets/wpa_ctrl_2044-2\x00

03-30 10:49:40.239  3745  3745 D wpa_supplicant: wlan0: Radio work 'scan'@0xb68d9398 done in 0.134661 seconds

03-30 10:49:40.241  3745  3745 D wpa_supplicant: RTM_NEWLINK: ifi_index=22 ifname=wlan0 wext ifi_family=0 ifi_flags=0x11043 ([UP][RUNNING][LOWER_UP])

03-30 10:49:40.250  3745  3745 D wpa_supplicant: CTRL-DEBUG: global_ctrl_sock-sendto: sock=11 sndbuf=163840 outq=0 send_len=3541

03-30 10:49:40.254  3745  3745 D wpa_supplicant: CTRL-DEBUG: global_ctrl_sock-sendto: sock=11 sndbuf=163840 outq=0 send_len=3770

03-30 10:49:40.257  3745  3745 D wpa_supplicant: CTRL-DEBUG: global_ctrl_sock-sendto: sock=11 sndbuf=163840 outq=0 send_len=3800

03-30 10:49:40.260  3745  3745 D wpa_supplicant: CTRL-DEBUG: global_ctrl_sock-sendto: sock=11 sndbuf=163840 outq=0 send_len=3634

03-30 10:49:40.264  3745  3745 D wpa_supplicant: CTRL-DEBUG: global_ctrl_sock-sendto: sock=11 sndbuf=163840 outq=0 send_len=3834

03-30 10:49:40.283  3745  3745 D wpa_supplicant: EAPOL: EAP Session-Id not available

03-30 10:49:40.283  3745  3745 D wpa_supplicant: CTRL-DEBUG: global_ctrl_sock-sendto: sock=11 sndbuf=163840 outq=0 send_len=279

03-30 10:49:40.297   379   493 I ThermalEngine: Sensor:batt_temp:366 mC

03-30 10:49:40.812  6151  6186 I octvm_klo: read wakeups from wakealarm_fd:1

03-30 10:49:40.812  6151  6186 I octvm_klo: new timerfd interval:

03-30 10:49:40.812  6151  6186 I octvm_klo: 	itval.it_interval.tv_sec 1, itval.it_interval.tv_nsec 0

03-30 10:49:40.812  6151  6186 I octvm_klo: 	itval.it_value.tv_sec 0, itval.it_value.tv_nsec 999993906

03-30 10:49:41.298   379   493 I ThermalEngine: Sensor:batt_temp:365 mC

03-30 10:49:41.639  4116  4556 I XiaomiFirewall: firewall pkgName:com.sina.weibo, result:0x0

03-30 10:49:41.786   379   472 I ThermalEngine: Sensor:tsens_tz_sensor5:50000 mC

03-30 10:49:41.788   379   516 I ThermalEngine: Sensor:tsens_tz_sensor5:50000 mC

03-30 10:49:41.788   379   516 I ThermalEngine: TM Id 'CPU0_MONITOR' Sensor 'cpu0' - alarm cleared 1 at 50.0 degC

03-30 10:49:41.789   379   516 I ThermalEngine: ACTION: CPU - Setting CPU[0] to 2457600

03-30 10:49:41.790   379   516 I ThermalEngine: Mitigation:CPU[0]:2457600 Khz

03-30 10:49:41.791   379   516 I ThermalEngine: ACTION: CPU - Setting CPU[1] to 2457600

03-30 10:49:41.791   379   516 E ThermalEngine: Failed to set desired CPU[1] frequency limit to 2457600

03-30 10:49:41.791   379   516 I ThermalEngine: ACTION: CPU - Setting CPU[2] to 2457600

03-30 10:49:41.792   379   516 E ThermalEngine: Failed to set desired CPU[2] frequency limit to 2457600

03-30 10:49:41.792   379   516 I ThermalEngine: ACTION: CPU - Setting CPU[3] to 2457600

03-30 10:49:41.793   379   516 I ThermalEngine: Mitigation:CPU[3]:2457600 Khz

03-30 10:49:41.812  6151  6186 I octvm_klo: read wakeups from wakealarm_fd:1

03-30 10:49:41.812  6151  6186 I octvm_klo: new timerfd interval:

03-30 10:49:41.812  6151  6186 I octvm_klo: 	itval.it_interval.tv_sec 1, itval.it_interval.tv_nsec 0

03-30 10:49:41.812  6151  6186 I octvm_klo: 	itval.it_value.tv_sec 0, itval.it_value.tv_nsec 999995937

03-30 10:49:41.948 26250 26325 D UTAnalytics:LogStoreMgr: pid:26250 [store],

03-30 10:49:41.958 26250 26325 D UTAnalytics:UTSqliteLogStore: pid:26250 [insert] ,, isSuccess:true,ret,2303,

03-30 10:49:42.299   379   493 I ThermalEngine: Sensor:batt_temp:365 mC

03-30 10:49:42.328  3745  3745 D wpa_supplicant: wlan0: Control interface command 'SIGNAL_POLL'

03-30 10:49:42.336  3745  3745 D wpa_supplicant: CTRL-DEBUG: global_ctrl_sock-sendto: sock=11 sndbuf=163840 outq=0 send_len=49

03-30 10:49:42.812  6151  6186 I octvm_klo: read wakeups from wakealarm_fd:1

03-30 10:49:42.813  6151  6186 I octvm_klo: new timerfd interval:

03-30 10:49:42.813  6151  6186 I octvm_klo: 	itval.it_interval.tv_sec 1, itval.it_interval.tv_nsec 0

03-30 10:49:42.813  6151  6186 I octvm_klo: 	itval.it_value.tv_sec 0, itval.it_value.tv_nsec 999997187

03-30 10:49:43.301   379   493 I ThermalEngine: Sensor:batt_temp:365 mC

03-30 10:49:43.489 25810 25810 W AppWatcher: type=1400 audit(0.0:55247761): avc: denied { getattr } for path="/proc/opalum-temp-calib" dev="proc" ino=4026534631 scontext=u:r:untrusted_app:s0:c512,c768 tcontext=u:object_r:proc_opalum:s0 tclass=file permissive=0

03-30 10:49:43.489 25810 25810 W AppWatcher: type=1400 audit(0.0:55247762): avc: denied { getattr } for path="/proc/opalum-f0-calib" dev="proc" ino=4026534630 scontext=u:r:untrusted_app:s0:c512,c768 tcontext=u:object_r:proc_opalum:s0 tclass=file permissive=0

03-30 10:49:43.489 25810 25810 W AppWatcher: type=1400 audit(0.0:55247763): avc: denied { getattr } for path="/proc/sysrq-trigger" dev="proc" ino=4026533735 scontext=u:r:untrusted_app:s0:c512,c768 tcontext=u:object_r:proc_sysrq:s0 tclass=file permissive=0

03-30 10:49:43.499 25810 25810 W AppWatcher: type=1400 audit(0.0:55247764): avc: denied { getattr } for path="/proc/1" dev="proc" ino=11921139 scontext=u:r:untrusted_app:s0:c512,c768 tcontext=u:r:init:s0 tclass=dir permissive=0

03-30 10:49:43.499 25810 25810 W AppWatcher: type=1400 audit(0.0:55247765): avc: denied { getattr } for path="/proc/2" dev="proc" ino=11961941 scontext=u:r:untrusted_app:s0:c512,c768 tcontext=u:r:kernel:s0 tclass=dir permissive=0

03-30 10:49:43.499 25810 25810 W AppWatcher: type=1400 audit(0.0:55247766): avc: denied { getattr } for path="/proc/3" dev="proc" ino=11961942 scontext=u:r:untrusted_app:s0:c512,c768 tcontext=u:r:kernel:s0 tclass=dir permissive=0

03-30 10:49:43.509 25810 25810 W AppWatcher: type=1400 audit(0.0:55247767): avc: denied { getattr } for path="/proc/6" dev="proc" ino=11961943 scontext=u:r:untrusted_app:s0:c512,c768 tcontext=u:r:kernel:s0 tclass=dir permissive=0

03-30 10:49:43.509 25810 25810 W AppWatcher: type=1400 audit(0.0:55247768): avc: denied { getattr } for path="/proc/7" dev="proc" ino=11961944 scontext=u:r:untrusted_app:s0:c512,c768 tcontext=u:r:kernel:s0 tclass=dir permissive=0

03-30 10:49:43.509 25810 25810 W AppWatcher: type=1400 audit(0.0:55247769): avc: denied { getattr } for path="/proc/8" dev="proc" ino=11961945 scontext=u:r:untrusted_app:s0:c512,c768 tcontext=u:r:kernel:s0 tclass=dir permissive=0

03-30 10:49:43.509 25810 25810 W AppWatcher: type=1400 audit(0.0:55247770): avc: denied { getattr } for path="/proc/21" dev="proc" ino=11961946 scontext=u:r:untrusted_app:s0:c512,c768 tcontext=u:r:kernel:s0 tclass=dir permissive=0

03-30 10:49:43.509 25810 25810 W AppWatcher: type=1400 audit(0.0:55247771): avc: denied { getattr } for path="/proc/22" dev="proc" ino=11961947 scontext=u:r:untrusted_app:s0:c512,c768 tcontext=u:r:kernel:s0 tclass=dir permissive=0

03-30 10:49:43.509 25810 25810 W AppWatcher: type=1400 audit(0.0:55247772): avc: denied { getattr } for path="/proc/28" dev="proc" ino=11961948 scontext=u:r:untrusted_app:s0:c512,c768 tcontext=u:r:kernel:s0 tclass=dir permissive=0

03-30 10:49:43.519 25810 25810 W AppWatcher: type=1400 audit(0.0:55247773): avc: denied { getattr } for path="/proc/29" dev="proc" ino=11961949 scontext=u:r:untrusted_app:s0:c512,c768 tcontext=u:r:kernel:s0 tclass=dir permissive=0

03-30 10:49:43.519 25810 25810 W AppWatcher: type=1400 audit(0.0:55247774): avc: denied { getattr } for path="/proc/30" dev="proc" ino=11961950 scontext=u:r:untrusted_app:s0:c512,c768 tcontext=u:r:kernel:s0 tclass=dir permissive=0

03-30 10:49:43.519 25810 25810 W AppWatcher: type=1400 audit(0.0:55247775): avc: denied { getattr } for path="/proc/32" dev="proc" ino=11961951 scontext=u:r:untrusted_app:s0:c512,c768 tcontext=u:r:kernel:s0 tclass=dir permissive=0

03-30 10:49:43.529 25810 25810 W AppWatcher: type=1400 audit(0.0:55247776): avc: denied { getattr } for path="/proc/33" dev="proc" ino=11961952 scontext=u:r:untrusted_app:s0:c512,c768 tcontext=u:r:kernel:s0 tclass=dir permissive=0

03-30 10:49:43.529 25810 25810 W AppWatcher: type=1400 audit(0.0:55247777): avc: denied { getattr } for path="/proc/34" dev="proc" ino=11961953 scontext=u:r:untrusted_app:s0:c512,c768 tcontext=u:r:kernel:s0 tclass=dir permissive=0

03-30 10:49:43.529 25810 25810 W AppWatcher: type=1400 audit(0.0:55247778): avc: denied { getattr } for path="/proc/61" dev="proc" ino=11961954 scontext=u:r:untrusted_app:s0:c512,c768 tcontext=u:r:kernel:s0 tclass=dir permissive=0

03-30 10:49:43.529 25810 25810 W AppWatcher: type=1400 audit(0.0:55247779): avc: denied { getattr } for path="/proc/62" dev="proc" ino=11961955 scontext=u:r:untrusted_app:s0:c512,c768 tcontext=u:r:kernel:s0 tclass=dir permissive=0

03-30 10:49:43.539 25810 25810 W AppWatcher: type=1400 audit(0.0:55247780): avc: denied { getattr } for path="/proc/63" dev="proc" ino=11961956 scontext=u:r:untrusted_app:s0:c512,c768 tcontext=u:r:kernel:s0 tclass=dir permissive=0

03-30 10:49:43.539 25810 25810 W AppWatcher: type=1400 audit(0.0:55247781): avc: denied { getattr } for path="/proc/64" dev="proc" ino=11961957 scontext=u:r:untrusted_app:s0:c512,c768 tcontext=u:r:kernel:s0 tclass=dir permissive=0

03-30 10:49:43.539 25810 25810 W AppWatcher: type=1400 audit(0.0:55247782): avc: denied { getattr } for path="/proc/65" dev="proc" ino=11961958 scontext=u:r:untrusted_app:s0:c512,c768 tcontext=u:r:kernel:s0 tclass=dir permissive=0

03-30 10:49:43.549 25810 25810 W AppWatcher: type=1400 audit(0.0:55247783): avc: denied { getattr } for path="/proc/66" dev="proc" ino=11961959 scontext=u:r:untrusted_app:s0:c512,c768 tcontext=u:r:kernel:s0 tclass=dir permissive=0

03-30 10:49:43.549 25810 25810 W AppWatcher: type=1400 audit(0.0:55247784): avc: denied { getattr } for path="/proc/67" dev="proc" ino=11961960 scontext=u:r:untrusted_app:s0:c512,c768 tcontext=u:r:kernel:s0 tclass=dir permissive=0

03-30 10:49:43.549 25810 25810 W AppWatcher: type=1400 audit(0.0:55247785): avc: denied { getattr } for path="/proc/68" dev="proc" ino=11961961 scontext=u:r:untrusted_app:s0:c512,c768 tcontext=u:r:kernel:s0 tclass=dir permissive=0

03-30 10:49:43.549 25810 25810 W AppWatcher: type=1400 audit(0.0:55247786): avc: denied { getattr } for path="/proc/69" dev="proc" ino=11961962 scontext=u:r:untrusted_app:s0:c512,c768 tcontext=u:r:kernel:s0 tclass=dir permissive=0

03-30 10:49:43.549 25810 25810 W AppWatcher: type=1400 audit(0.0:55247787): avc: denied { getattr } for path="/proc/70" dev="proc" ino=11961963 scontext=u:r:untrusted_app:s0:c512,c768 tcontext=u:r:kernel:s0 tclass=dir permissive=0

03-30 10:49:43.559 25810 25810 W AppWatcher: type=1400 audit(0.0:55247788): avc: denied { getattr } for path="/proc/71" dev="proc" ino=11961964 scontext=u:r:untrusted_app:s0:c512,c768 tcontext=u:r:kernel:s0 tclass=dir permissive=0

03-30 10:49:43.813  6151  6186 I octvm_klo: read wakeups from wakealarm_fd:1

03-30 10:49:43.813  6151  6186 I octvm_klo: new timerfd interval:

03-30 10:49:43.813  6151  6186 I octvm_klo: 	itval.it_interval.tv_sec 1, itval.it_interval.tv_nsec 0

03-30 10:49:43.813  6151  6186 I octvm_klo: 	itval.it_value.tv_sec 0, itval.it_value.tv_nsec 999990834

03-30 10:49:43.906  4229  4367 W WtProcessController: do not trim { PackageName :com.miui.home Pid: 4268 Uid: 10019 Start by: unknown Score:50 Old score:50 state:0 mBackgroundTimeInMillis:1490842157197 WakelockCount:0 wakelogsize:0  ActivityDestroied:false Activity size: 1 PackageInfo:{WhetstonePackageInfo#PacakgeName:com.miui.home uid:10019 uiMemoryThresold:0 nonUiMemoryThresold:0 Flag:-2147483392,0x80000100 [,APP_SYSTEM] Type:0[] } tasknum:17565}

03-30 10:49:44.053  4116  4556 I XiaomiFirewall: firewall pkgName:com.orvibo.homemate, result:0x0

03-30 10:49:44.109 26250 26323 D UTAnalytics:CommitTask: pid:26250 check&commit event:65501,

03-30 10:49:44.110 26250 26323 D UTAnalytics:CommitTask: pid:26250 next:65501,

03-30 10:49:44.110 26250 26323 D UTAnalytics:CommitTask: pid:26250 check&commit event:65503,

03-30 10:49:44.110 26250 26323 D UTAnalytics:CommitTask: pid:26250 next:65503,

03-30 10:49:44.113 26250 26325 D UTAnalytics:CommitTask: pid:26250 check&commit event:65502,

03-30 10:49:44.115 26250 26325 D UTAnalytics:CommitTask: pid:26250 next:65502,

03-30 10:49:44.126 26250 26323 D UTAnalytics:UTUtil: pid:26250 upload without flowback. args:{ARG1=feedback, counterData={"meta":{"sdk-version":"2.5.1_for_bc"},"data":[{"page":"feedback","monitorPoint":"getUnreadCountSuccess","count":1,"value":0}]}, USERNICK=, ARG2=getUnreadCountSuccess, EVENTID=65502, USERID=, ACCESS=Wi-Fi, ACCESS_SUBTYPE=Unknown},

03-30 10:49:44.127 26250 26323 D UTAnalytics:null: pid:26250 [sendToUT]: args:{ARG1=feedback, counterData={"meta":{"sdk-version":"2.5.1_for_bc"},"data":[{"page":"feedback","monitorPoint":"getUnreadCountSuccess","count":1,"value":0}]}, USERNICK=, ARG2=getUnreadCountSuccess, EVENTID=65502, USERID=, ACCESS=Wi-Fi, ACCESS_SUBTYPE=Unknown},

03-30 10:49:44.127 26250 26323 D UTAnalytics:UTDC: pid:26250 [commit] page:eventId:65502,arg1:feedback,arg2:getUnreadCountSuccess,arg3:args:{ARG1=feedback, counterData={"meta":{"sdk-version":"2.5.1_for_bc"},"data":[{"page":"feedback","monitorPoint":"getUnreadCountSuccess","count":1,"value":0}]}, USERNICK=, ARG2=getUnreadCountSuccess, EVENTID=65502, USERID=, ACCESS=Wi-Fi, ACCESS_SUBTYPE=Unknown},

03-30 10:49:44.139 26250 26323 D UTAnalytics:UTLog: pid:26250 Log [id=0, eventId=65502, index=],867451020054497||460015796275061||Xiaomi||MI NOTE LTE||1920*1080||Unknown||Wi-Fi||Unknown||null||23256401||2.3.0.300||-||-||-||-||zh||a||6.0.1||2.5.1_for_bc||1490842159058||WJfwe+sntC4DAAdSBLpxQDCW||mini||-||-||-||-||_ap=1_mac=02:00:00:00:00:00||1490842184127||-||65502||feedback||getUnreadCountSuccess||-||counterData={"meta":{"sdk-version":"2.5.1_for_bc"},"data":[{"page":"feedback","monitorPoint":"getUnreadCountSuccess","count":1,"value":0}]},

03-30 10:49:44.139 26250 26323 D UTAnalytics:LogStoreMgr: pid:26250 [add] :,

03-30 10:49:44.302   379   493 I ThermalEngine: Sensor:batt_temp:365 mC

03-30 10:49:44.463 26758 26758 I PushLogSC2815_weibo: [main-1]enter PushService:onDestroy(), needExitService is:true(weibo/null:-1)

03-30 10:49:44.813  6151  6186 I octvm_klo: read wakeups from wakealarm_fd:1

03-30 10:49:44.814  6151  6186 I octvm_klo: new timerfd interval:

03-30 10:49:44.814  6151  6186 I octvm_klo: 	itval.it_interval.tv_sec 1, itval.it_interval.tv_nsec 0

03-30 10:49:44.814  6151  6186 I octvm_klo: 	itval.it_value.tv_sec 0, itval.it_value.tv_nsec 999989375

03-30 10:49:45.303   379   493 I ThermalEngine: Sensor:batt_temp:365 mC

03-30 10:49:45.349  3745  3745 D wpa_supplicant: wlan0: Control interface command 'SIGNAL_POLL'

03-30 10:49:45.363  3745  3745 D wpa_supplicant: CTRL-DEBUG: global_ctrl_sock-sendto: sock=11 sndbuf=163840 outq=0 send_len=49

03-30 10:49:45.814  6151  6186 I octvm_klo: read wakeups from wakealarm_fd:1

03-30 10:49:45.814  6151  6186 I octvm_klo: new timerfd interval:

03-30 10:49:45.814  6151  6186 I octvm_klo: 	itval.it_interval.tv_sec 1, itval.it_interval.tv_nsec 0

03-30 10:49:45.814  6151  6186 I octvm_klo: 	itval.it_value.tv_sec 0, itval.it_value.tv_nsec 999986770

03-30 10:49:46.305   379   493 I ThermalEngine: Sensor:batt_temp:365 mC

03-30 10:49:46.814  6151  6186 I octvm_klo: read wakeups from wakealarm_fd:1

03-30 10:49:46.814  6151  6186 I octvm_klo: new timerfd interval:

03-30 10:49:46.814  6151  6186 I octvm_klo: 	itval.it_interval.tv_sec 1, itval.it_interval.tv_nsec 0

03-30 10:49:46.814  6151  6186 I octvm_klo: 	itval.it_value.tv_sec 0, itval.it_value.tv_nsec 999989583

03-30 10:49:47.306   379   493 I ThermalEngine: Sensor:batt_temp:365 mC

03-30 10:49:47.814  6151  6186 I octvm_klo: read wakeups from wakealarm_fd:1

03-30 10:49:47.815  6151  6186 I octvm_klo: new timerfd interval:

03-30 10:49:47.815  6151  6186 I octvm_klo: 	itval.it_interval.tv_sec 1, itval.it_interval.tv_nsec 0

03-30 10:49:47.815  6151  6186 I octvm_klo: 	itval.it_value.tv_sec 0, itval.it_value.tv_nsec 999988281

03-30 10:49:48.307   379   493 I ThermalEngine: Sensor:batt_temp:365 mC

03-30 10:49:48.369  3745  3745 D wpa_supplicant: wlan0: Control interface command 'SIGNAL_POLL'

03-30 10:49:48.384  3745  3745 D wpa_supplicant: CTRL-DEBUG: global_ctrl_sock-sendto: sock=11 sndbuf=163840 outq=0 send_len=49

03-30 10:49:48.814  6151  6186 I octvm_klo: read wakeups from wakealarm_fd:1

03-30 10:49:48.815  6151  6186 I octvm_klo: new timerfd interval:

03-30 10:49:48.815  6151  6186 I octvm_klo: 	itval.it_interval.tv_sec 1, itval.it_interval.tv_nsec 0

03-30 10:49:48.815  6151  6186 I octvm_klo: 	itval.it_value.tv_sec 0, itval.it_value.tv_nsec 999996406

03-30 10:49:49.092  4116  4556 I XiaomiFirewall: firewall pkgName:com.orvibo.homemate, result:0x0

03-30 10:49:49.191 26250 26325 D UTAnalytics:LogStoreMgr: pid:26250 [store],

03-30 10:49:49.210 26250 26325 D UTAnalytics:UTSqliteLogStore: pid:26250 [insert] ,, isSuccess:true,ret,2304,

03-30 10:49:49.309   379   493 I ThermalEngine: Sensor:batt_temp:365 mC

03-30 10:49:49.815  6151  6186 I octvm_klo: read wakeups from wakealarm_fd:1

03-30 10:49:49.815  6151  6186 I octvm_klo: new timerfd interval:

03-30 10:49:49.815  6151  6186 I octvm_klo: 	itval.it_interval.tv_sec 1, itval.it_interval.tv_nsec 0

03-30 10:49:49.815  6151  6186 I octvm_klo: 	itval.it_value.tv_sec 0, itval.it_value.tv_nsec 999988281

03-30 10:49:50.310   379   493 I ThermalEngine: Sensor:batt_temp:365 mC

03-30 10:49:50.815  6151  6186 I octvm_klo: read wakeups from wakealarm_fd:1

03-30 10:49:50.815  6151  6186 I octvm_klo: new timerfd interval:

03-30 10:49:50.815  6151  6186 I octvm_klo: 	itval.it_interval.tv_sec 1, itval.it_interval.tv_nsec 0

03-30 10:49:50.815  6151  6186 I octvm_klo: 	itval.it_value.tv_sec 0, itval.it_value.tv_nsec 999989480

03-30 10:49:51.311   379   493 I ThermalEngine: Sensor:batt_temp:365 mC

03-30 10:49:51.387  3745  3745 D wpa_supplicant: wlan0: Control interface command 'SIGNAL_POLL'

03-30 10:49:51.404  3745  3745 D wpa_supplicant: CTRL-DEBUG: global_ctrl_sock-sendto: sock=11 sndbuf=163840 outq=0 send_len=49

03-30 10:49:51.815  6151  6186 I octvm_klo: read wakeups from wakealarm_fd:1

03-30 10:49:51.815  6151  6186 I octvm_klo: new timerfd interval:

03-30 10:49:51.815  6151  6186 I octvm_klo: 	itval.it_interval.tv_sec 1, itval.it_interval.tv_nsec 0

03-30 10:49:51.815  6151  6186 I octvm_klo: 	itval.it_value.tv_sec 0, itval.it_value.tv_nsec 999996718

03-30 10:49:52.313   379   493 I ThermalEngine: Sensor:batt_temp:365 mC

03-30 10:49:52.605  4223  4223 I PowerUtils: Device name:virgo

03-30 10:49:52.608  4223  4223 I PowerUtils: Device name:virgo

03-30 10:49:52.609  4223  4223 W BatteryChargeTimeHelper: Use max, leftChargeTime 7346673 maxChargeTime 4568000

03-30 10:49:52.619  4223  4223 I PowerSaveService: Update connected notification, charging true

03-30 10:49:52.632  2044  2044 V NotificationService: pkg=com.miui.securitycenter canInterrupt=true intercept=true

03-30 10:49:52.640  3746 31910 D StatusBar: onNotificationPosted:  Key: 0|com.miui.securitycenter|2131296947|null|1000 GroupKey: 0|com.miui.securitycenter|2131296947|null|1000 Connected: true

03-30 10:49:52.641  3746  3746 D StatusBar:  GroupChild: false  GroupsContainsKey: false  IsUpdate: true IsGroupSummary: false hasIcon: true

03-30 10:49:52.642  3746  3746 D PhoneStatusBar: updateNotification pkg=com.miui.securitycenter;id=2131296947

03-30 10:49:52.648 26204 26214 V MiuiFeatureUtils: Loaded and parsed feature configure file successfully

03-30 10:49:52.648 26204 26214 W MiuiFeatureUtils: Failed to get system feature DumpBitmapInfo

03-30 10:49:52.815  6151  6186 I octvm_klo: read wakeups from wakealarm_fd:1

03-30 10:49:52.816  6151  6186 I octvm_klo: new timerfd interval:

03-30 10:49:52.816  6151  6186 I octvm_klo: 	itval.it_interval.tv_sec 1, itval.it_interval.tv_nsec 0

03-30 10:49:52.816  6151  6186 I octvm_klo: 	itval.it_value.tv_sec 0, itval.it_value.tv_nsec 999991719

03-30 10:49:53.314   379   493 I ThermalEngine: Sensor:batt_temp:365 mC

03-30 10:49:53.338  4223  4223 I PowerUtils: Device name:virgo

03-30 10:49:53.343  4223  4223 I PowerUtils: Device name:virgo

03-30 10:49:53.346  4223  4223 W BatteryChargeTimeHelper: Use max, leftChargeTime 7346673 maxChargeTime 4568000

03-30 10:49:53.356  4223  4223 I PowerSaveService: Update connected notification, charging true

03-30 10:49:53.357  2044  2044 V NotificationService: pkg=com.miui.securitycenter canInterrupt=true intercept=true

03-30 10:49:53.361  3746  3798 D StatusBar: onNotificationPosted:  Key: 0|com.miui.securitycenter|2131296947|null|1000 GroupKey: 0|com.miui.securitycenter|2131296947|null|1000 Connected: true

03-30 10:49:53.362  3746  3746 D StatusBar:  GroupChild: false  GroupsContainsKey: false  IsUpdate: true IsGroupSummary: false hasIcon: true

03-30 10:49:53.362  3746  3746 D PhoneStatusBar: updateNotification pkg=com.miui.securitycenter;id=2131296947

03-30 10:49:53.818  6151  6186 I octvm_klo: read wakeups from wakealarm_fd:1

03-30 10:49:53.818  6151  6186 I octvm_klo: new timerfd interval:

03-30 10:49:53.818  6151  6186 I octvm_klo: 	itval.it_interval.tv_sec 1, itval.it_interval.tv_nsec 0

03-30 10:49:53.818  6151  6186 I octvm_klo: 	itval.it_value.tv_sec 0, itval.it_value.tv_nsec 999992240

03-30 10:49:54.315   379   493 I ThermalEngine: Sensor:batt_temp:365 mC

03-30 10:49:54.409  3745  3745 D wpa_supplicant: wlan0: Control interface command 'SIGNAL_POLL'

03-30 10:49:54.425  3745  3745 D wpa_supplicant: CTRL-DEBUG: global_ctrl_sock-sendto: sock=11 sndbuf=163840 outq=0 send_len=49

03-30 10:49:54.818  6151  6186 I octvm_klo: read wakeups from wakealarm_fd:1

03-30 10:49:54.818  6151  6186 I octvm_klo: new timerfd interval:

03-30 10:49:54.818  6151  6186 I octvm_klo: 	itval.it_interval.tv_sec 1, itval.it_interval.tv_nsec 0

03-30 10:49:54.818  6151  6186 I octvm_klo: 	itval.it_value.tv_sec 0, itval.it_value.tv_nsec 999989479

03-30 10:49:55.316   379   493 I ThermalEngine: Sensor:batt_temp:365 mC

03-30 10:49:55.818  6151  6186 I octvm_klo: read wakeups from wakealarm_fd:1

03-30 10:49:55.819  6151  6186 I octvm_klo: new timerfd interval:

03-30 10:49:55.819  6151  6186 I octvm_klo: 	itval.it_interval.tv_sec 1, itval.it_interval.tv_nsec 0

03-30 10:49:55.819  6151  6186 I octvm_klo: 	itval.it_value.tv_sec 0, itval.it_value.tv_nsec 999995365

03-30 10:49:56.319   379   493 I ThermalEngine: Sensor:batt_temp:365 mC

03-30 10:49:56.507  4116  4556 I XiaomiFirewall: firewall pkgName:com.sina.weibo, result:0x0

03-30 10:49:56.819  6151  6186 I octvm_klo: read wakeups from wakealarm_fd:1

03-30 10:49:56.819  6151  6186 I octvm_klo: new timerfd interval:

03-30 10:49:56.819  6151  6186 I octvm_klo: 	itval.it_interval.tv_sec 1, itval.it_interval.tv_nsec 0

03-30 10:49:56.819  6151  6186 I octvm_klo: 	itval.it_value.tv_sec 0, itval.it_value.tv_nsec 999997239

03-30 10:49:57.320   379   493 I ThermalEngine: Sensor:batt_temp:366 mC

03-30 10:49:57.428  3745  3745 D wpa_supplicant: wlan0: Control interface command 'SIGNAL_POLL'

03-30 10:49:57.431  3745  3745 D wpa_supplicant: CTRL-DEBUG: global_ctrl_sock-sendto: sock=11 sndbuf=163840 outq=0 send_len=49

03-30 10:49:57.459  4223  4223 I PowerUtils: Device name:virgo

03-30 10:49:57.463  4223  4223 I PowerUtils: Device name:virgo

03-30 10:49:57.466  4223  4223 W BatteryChargeTimeHelper: Use max, leftChargeTime 7346673 maxChargeTime 4568000

03-30 10:49:57.476  4223  4223 I PowerSaveService: Update connected notification, charging true

03-30 10:49:57.477  2044  2044 V NotificationService: pkg=com.miui.securitycenter canInterrupt=true intercept=true

03-30 10:49:57.485  3746  5797 D StatusBar: onNotificationPosted:  Key: 0|com.miui.securitycenter|2131296947|null|1000 GroupKey: 0|com.miui.securitycenter|2131296947|null|1000 Connected: true

03-30 10:49:57.486  3746  3746 D StatusBar:  GroupChild: false  GroupsContainsKey: false  IsUpdate: true IsGroupSummary: false hasIcon: true

03-30 10:49:57.487  3746  3746 D PhoneStatusBar: updateNotification pkg=com.miui.securitycenter;id=2131296947

03-30 10:49:57.819  6151  6186 I octvm_klo: read wakeups from wakealarm_fd:1

03-30 10:49:57.819  6151  6186 I octvm_klo: new timerfd interval:

03-30 10:49:57.819  6151  6186 I octvm_klo: 	itval.it_interval.tv_sec 1, itval.it_interval.tv_nsec 0

03-30 10:49:57.819  6151  6186 I octvm_klo: 	itval.it_value.tv_sec 0, itval.it_value.tv_nsec 999988334

03-30 10:49:58.298  4116  4556 I XiaomiFirewall: firewall pkgName:com.sina.weibo, result:0x0

03-30 10:49:58.322   379   493 I ThermalEngine: Sensor:batt_temp:366 mC

03-30 10:49:58.819  6151  6186 I octvm_klo: read wakeups from wakealarm_fd:1

03-30 10:49:58.819  6151  6186 I octvm_klo: new timerfd interval:

03-30 10:49:58.819  6151  6186 I octvm_klo: 	itval.it_interval.tv_sec 1, itval.it_interval.tv_nsec 0

03-30 10:49:58.819  6151  6186 I octvm_klo: 	itval.it_value.tv_sec 0, itval.it_value.tv_nsec 999992917

03-30 10:49:59.262  2044  4245 V LocationPolicy: writePolicyLocked()

03-30 10:49:59.323   379   493 I ThermalEngine: Sensor:batt_temp:365 mC

03-30 10:49:59.517  1553  1553 D FFMPEGHttpCallback: set initHttpCallback

03-30 10:49:59.615  4229  4367 D WtProcessController: onAMPauseActivity callback

03-30 10:49:59.653 26204 26217 E QueryController: Got null root node from accessibility - Retrying...

03-30 10:49:59.668  2044  4245 I Timeline: Timeline: App_transition_ready time:338290449

03-30 10:49:59.670  4229  4367 D WtProcessController: onAMResumeActivity callback

03-30 10:49:59.679  2044  4323 I Timeline: Timeline: App_transition_ready time:338290459

03-30 10:49:59.689  2044  4348 I Timeline: Timeline: App_transition_ready time:338290469

03-30 10:49:59.692  3746  3746 D PhoneStatusBar: disable: 0x00000040 -> 0x00000000 (diff: 0x00000040)

03-30 10:49:59.692  3746  3746 D PhoneStatusBar: disable: < expand icons alerts ticker system_info back home recent clock full hide keyguard none float >

03-30 10:49:59.693  4229  4367 D WtProcessController: onAMPauseActivity callback

03-30 10:49:59.700  4229  4367 D WtProcessController: onAMResumeActivity callback

03-30 10:49:59.700  4229  4367 D WtProcessController: set foreground process size 2 pid:26250pacakgeName:com.orvibo.homemate

03-30 10:49:59.700  4223 30385 I GameBoosterService: NowApp: com.sina.weibo foreground?false

03-30 10:49:59.701  4223  4255 I GameBoosterService: NowApp: com.orvibo.homemate foreground?true

03-30 10:49:59.704  2044  3885 I Timeline: Timeline: App_transition_ready time:338290484

03-30 10:49:59.699  4266  4266 W Binder_B: type=1400 audit(0.0:55248303): avc: denied { ioctl } for path="socket:[12193083]" dev="sockfs" ino=12193083 ioctlcmd=7704 scontext=u:r:system_server:s0 tcontext=u:r:system_server:s0 tclass=unix_stream_socket permissive=0

03-30 10:49:59.699  4266  4266 W Binder_B: type=1400 audit(0.0:55248304): avc: denied { ioctl } for path="socket:[12193083]" dev="sockfs" ino=12193083 ioctlcmd=7704 scontext=u:r:system_server:s0 tcontext=u:r:system_server:s0 tclass=unix_stream_socket permissive=0

03-30 10:49:59.710 28253 28253 I AppiumUnicodeIME: onFinishInput

03-30 10:49:59.710 28253 28253 I AppiumUnicodeIME: onStartInput

03-30 10:49:59.724 26250 26250 V umengsocial: xxxx authend = 2.00kITnaFriwBGE2267dfe65dODhtYC

03-30 10:49:59.739 26250 26250 I umengsocial: save auth succeed

03-30 10:49:59.747 26250 26993 I UClient : 369:	request: http://log.umsns.com/share/token/5608d75167e58eefa90013bd/?pcv=2.0&md5imei=56313E1967F49DC7C608ACA4CBA18520&de=MI%20NOTE%20LTE&mac=34%3A80%3Ab3%3Aa1%3A12%3A6d&sn=492c754e&app_id=3753653405&os=Android&refresh_token=2.00kITnaFriwBGEa31f335dfbWcBPFE&imei=867451020054497&access_token=2.00kITnaFriwBGE2267dfe65dODhtYC&en=Wi-Fi&to=sina&usid=5124402346&expires_in=2650202&app_secret=80857ca3fc9d9fb0e3fda6c242fd8b24&sdkv=5.1.2&dt=1490842199746&android_id=ff116425accac7b6

03-30 10:49:59.747 26250 26993 E xxxxx   : url=http://log.umsns.com/share/token/5608d75167e58eefa90013bd/?pcv=2.0&md5imei=56313E1967F49DC7C608ACA4CBA18520&de=MI%20NOTE%20LTE&mac=34%3A80%3Ab3%3Aa1%3A12%3A6d&sn=492c754e&app_id=3753653405&os=Android&refresh_token=2.00kITnaFriwBGEa31f335dfbWcBPFE&imei=867451020054497&access_token=2.00kITnaFriwBGE2267dfe65dODhtYC&en=Wi-Fi&to=sina&usid=5124402346&expires_in=2650202&app_secret=80857ca3fc9d9fb0e3fda6c242fd8b24&sdkv=5.1.2&dt=1490842199746&android_id=ff116425accac7b6

03-30 10:49:59.748 26250 26250 D HomeMate: comm[ main: UserThirdAuth.java:48 onComplete() ] - onComplete()-platform:SINA.doOauthVerify map:{com.sina.weibo.intent.extra.NICK_NAME=ÂΩ≠Á∫¢29799, access_token=2.00kITnaFriwBGE2267dfe65dODhtYC, com.sina.weibo.intent.extra.USER_ICON=null, uid=5124402346, userName=ÂΩ≠Á∫¢29799, _weibo_appPackage=com.sina.weibo, expires_in=2650202, _weibo_transaction=1490842176883, refresh_token=2.00kITnaFriwBGEa31f335dfbWcBPFE}

03-30 10:49:59.748  4229  4367 W WtProcessController: do not trim { PackageName :com.sina.weibo Pid: 1553 Uid: 10098 Start by: content provider Score:50 Old score:50 state:0 mBackgroundTimeInMillis:1490842199694 WakelockCount:0 wakelogsize:0  ActivityDestroied:false Activity size: 2 PackageInfo:{WhetstonePackageInfo#PacakgeName:com.sina.weibo uid:10098 uiMemoryThresold:0 nonUiMemoryThresold:0 Flag:5184,0x1440 [,TRIMHEAPS,SOFT_RESET,FLAG_DEAL_SCHEDULE] Type:0[] } tasknum:17566}

03-30 10:49:59.755 26250 26993 V 10.13   : ek = 94d5f607de4f6025853af43e089831e7

03-30 10:49:59.756 26250 26993 E xxxxx   : raw={"pcv":"2.0","md5imei":"56313E1967F49DC7C608ACA4CBA18520","ak":"5608d75167e58eefa90013bd","de":"MI NOTE LTE","mac":"34:80:b3:a1:12:6d","app_id":"3753653405","sn":"492c754e","ek":"94d5f607de4f6025853af43e089831e7","os":"Android","refresh_token":"2.00kITnaFriwBGEa31f335dfbWcBPFE","opid":21,"sid":"aba9e59b8082429f979b6eaf1147d74c","access_token":"2.00kITnaFriwBGE2267dfe65dODhtYC","imei":"867451020054497","en":"Wi-Fi","to":"sina","uid":"56313e1967f49dc7c68aca4cba18520","usid":"5124402346","tp":1,"expires_in":"2650202","app_secret":"80857ca3fc9d9fb0e3fda6c242fd8b24","sdkv":"5.1.2","android_id":"ff116425accac7b6","dt":"1490842199746"}

03-30 10:49:59.756 26250 26993 I --->    : unencrypt string: {"pcv":"2.0","md5imei":"56313E1967F49DC7C608ACA4CBA18520","ak":"5608d75167e58eefa90013bd","de":"MI NOTE LTE","mac":"34:80:b3:a1:12:6d","app_id":"3753653405","sn":"492c754e","ek":"94d5f607de4f6025853af43e089831e7","os":"Android","refresh_token":"2.00kITnaFriwBGEa31f335dfbWcBPFE","opid":21,"sid":"aba9e59b8082429f979b6eaf1147d74c","access_token":"2.00kITnaFriwBGE2267dfe65dODhtYC","imei":"867451020054497","en":"Wi-Fi","to":"sina","uid":"56313e1967f49dc7c68aca4cba18520","usid":"5124402346","tp":1,"expires_in":"2650202","app_secret":"80857ca3fc9d9fb0e3fda6c242fd8b24","sdkv":"5.1.2","android_id":"ff116425accac7b6","dt":"1490842199746"}

03-30 10:49:59.766 26250 26993 E umengsocial: xxxxx send~~={ud_post=2Tt+ZsTHUfTQ/qKY3dAxBivuvX0mJkLEq4j8LWFXn8cW1KQKnvWIfDcih6qvnwghEV+nb84bWzkCB7RT3p+4EGR9mwr4tGrCI/9krMQZ5DwO4JxK/4gcsOlskXR6cnJSUHMP6YCdXa8wqMggiA06yuw+tlJl1uB3aLr7YAIFSVvqFmfki9N4qDEZW6Thc/WQ51SL+7p9aTpSNsZC7BA8pK9I/fqvaAP8cZ4/X8cPjWS7dxp8wh9LJ4/8oy75IllIiSZTpZc/XGu1iPp2AqmvSsN1EkzHmqK+cYx6voPa3acnbZrue2LqPkd0QrcAmLd+tndsrQ5mtSGG/lGQA5XYMHeLMXJQ0T34n4M7T9VMT1AHYDFnlcS+CbT99Lb050f5qkXT7joETXjr+f9gW6dX6QtZ9QYovuaoR/Wr53Wdh8yo38gPRf/26qhf1rKCll5XVW2j36VJXGxFGHJ6u2IWRl9husLVzvktRZ4hki6lR+zDIkMuYxHj/cq2869X3vS5AT5gDZhW1n+FNrARXJnOUXt9UP391woc8P03NCTLzw/I2qg2+FLputY4kRdCsJOmWg9rrcsm5Nn6HCmo9H7Ze173lpmlCT3+BODMmSmfJQBkIkzbdHQk/ovjIcXgblb5fq3pnm24/etn/+2OpM6FTLLax4AgB1RzwuiFkC7Yzv4/rnlhgFi7Nsc0V0f9gjjqSDrrjuv+OlAfHW71kzUX5XLaamu8Tzm66N5YQJMauBfm8PjAb70hHiD5yx8RDPiZVqJhdJJwj7W/xn6IPD3Apy8yh4KThSHaG0PQIxMCnHyyS4g5iBw9/mv0VB048/0TFJ99ssQpIa9UrtgaISNZzA==}

03-30 10:49:59.777 26250 26250 D sina    : onCreate

03-30 10:49:59.777 26250 26250 V umengsocial: xxxx auth = 2.00kITnaFriwBGE2267dfe65dODhtYC   true

03-30 10:49:59.796 26250 26250 D sina    : onCreate

03-30 10:49:59.796 26250 26250 V umengsocial: xxxx auth = 2.00kITnaFriwBGE2267dfe65dODhtYC   true

03-30 10:49:59.797 26250 26250 D HomeMate: comm[ main: UserThirdAuth.java:52 onComplete() ] - oauth:true

03-30 10:49:59.800 26250 26250 D HomeMate: comm[ main: BaseActivity.java:154 onResume() ] - UserThirdInfoActivity

03-30 10:49:59.800 26250 26250 D HomeMate: comm[ main: BaseActivity.java:162 onResume() ] - onResume()-HomeMate go to foreground.

03-30 10:49:59.801 26250 26250 D HomeMate: comm[ main: AppTool.java:141 isLoginWhenAppToForeground() ] - isLoginWhenAppToForeground()-dTime:21s,bgTime:1490842178s

03-30 10:49:59.802 26250 26250 D HomeMate: comm[ main: BaseActivityPresenter.java:39 onCheckHubUpgrade() ] - uids:[007e56121206]

03-30 10:49:59.802 26250 26250 D HomeMate: comm[ main: CheckHubUpgrade.java:45 checkFamilyHubUpgrade() ] - familyId:ea4205a93f1c46b4a6df9bb391513dd9

03-30 10:49:59.805 26250 26250 I HomeMate: comm[ main: BaseRequest.java:118 doRequestAsync() ] - registerEvent: com.orvibo.homemate.common.BaseActivityPresenter$1@b2fb915

03-30 10:49:59.807 26250 26250 D HomeMate: comm[ main: BaseRequest.java:978 saveSerial() ] - Record serial 2118617095 on com.orvibo.homemate.common.BaseActivityPresenter$1@b2fb915

03-30 10:49:59.809 26250 26375 D HomeMate: comm[ pool-4-thread-2: MinaSocket.java:139 send() ] - target:server,position:server start request.requestConfig:RequestConfig{state=2, type=0, target=1, requestConf=RequestConf{totalCount=2, intervalTime=3500, lastTimeoutTime=5000}},messageLength:138

03-30 10:49:59.809 26250 26375 D HomeMate: sConnectFutures:{server=org.apache.mina.core.polling.AbstractPollingIoConnector$ConnectionRequest@964d84c}

03-30 10:49:59.809 26250 26375 I HomeMate: comm[ pool-4-thread-2: CodecEncoder.java:44 encode() ] - encode()-ÁºñÁ†ÅÂÆåÊàê,ÂêëIP:/192.168.2.242:10001ÂÜôÊï∞Êç?(138):68,64,00,8a,64,6b,62,db,0b,85,66,31,35,34,37,30,63,33,63,31,30,33,34,65,66,32,61,38,37,37,66,66,35,32,63,33,35,66,35,39,34,34,64,d4,e6,d2,0e,09,cd,31,92,6e,05,18,09,8b,e6,f6,dc,0d,fb,c0,f2,f5,ba,ab,10,16,ec,93,37,00,f7,88,3a,df,37,a2,85,d2,af,a4,fc,2c,e6,80,dd,fb,77,c9,1a,b6,78,62,63,8c,eb,26,b8,39,a0,17,39,42,2f,cb,1f,e3,56,ea,f2,f4,b1,94,3c,bf,8d,e2,b0,b5,dc,b9,f3,3a,ec,0d,f3,9d,7a,a8,62,07,40,2d,91,e8,e5,9b

03-30 10:49:59.810 26250 26375 D HomeMate: comm[ pool-4-thread-2: MinaSocket.java:157 send() ] - isWritten:true,ioSession:(0x00000001: nio socket, client, /192.168.56.181:46885 => /192.168.2.242:10001)

03-30 10:49:59.811 26250 26375 V HomeMate: comm[ pool-4-thread-2: BaseRequest.java:180 onAsyncTick() ] - Send command:Command{

03-30 10:49:59.811 26250 26375 V HomeMate: uid='server'

03-30 10:49:59.811 26250 26375 V HomeMate: serial=2118617095

03-30 10:49:59.811 26250 26375 V HomeMate: cmd=208

03-30 10:49:59.811 26250 26375 V HomeMate: crc='62DB0B85'

03-30 10:49:59.811 26250 26375 V HomeMate: requestConfig=RequestConfig{state=2, type=0, target=1, requestConf=RequestConf{totalCount=2, intervalTime=3500, lastTimeoutTime=5000}}

03-30 10:49:59.811 26250 26375 V HomeMate: jsonObject={"familyId":"ea4205a93f1c46b4a6df9bb391513dd9","cmd":208,"serial":2118617095,"ver":"2.3.0"}}

03-30 10:49:59.819  6151  6186 I octvm_klo: read wakeups from wakealarm_fd:1

03-30 10:49:59.819  6151  6186 I octvm_klo: new timerfd interval:

03-30 10:49:59.819  6151  6186 I octvm_klo: 	itval.it_interval.tv_sec 1, itval.it_interval.tv_nsec 0

03-30 10:49:59.819  6151  6186 I octvm_klo: 	itval.it_value.tv_sec 0, itval.it_value.tv_nsec 999998281

03-30 10:49:59.830  4229  4367 D WtProcessController: onAMDestroyActivity callback

03-30 10:49:59.830  2044  2115 I Timeline: Timeline: App_transition_ready time:338290610

03-30 10:49:59.834 26250 26379 D HomeMate: comm[ NioProcessor-7: CodecDecoder.java:44 doDecode() ] - hd:6864,actualLen:218

03-30 10:49:59.834  3746  3746 V PhoneStatusBarPolicy: updateManagedProfile mManagedProfileFocused: false mKeyguardVisible: false mCurrentUserId:0 mCurrentProfileId:0 mSecondSpaceStatusIconVisible: true showIcon:false

03-30 10:49:59.835 26250 26379 I HomeMate: comm[ NioProcessor-7: CodecDecoder.java:76 doDecode() ] - Êé•Êî∂Âà∞IP:192.168.2.242ÁöÑÊï∞ÊçÆÔºö68,64,0,da,64,6b,36,c5,87,79,66,31,35,34,37,30,63,33,63,31,30,33,34,65,66,32,61,38,37,37,66,66,35,32,63,33,35,66,35,39,34,34,c6,78,d2,50,bb,da,b2,7e,67,75,7,d,2,69,ab,88,59,57,ff,a5,6a,43,2f,1a,f6,9d,27,d8,25,a,5,50,a6,d0,94,20,2a,de,f4,6e,b1,dd,6,e9,a,a0,cb,7d,e9,9b,aa,a0,3,9d,f5,4a,8f,ee,45,bf,7c,6f,93,ae,7a,90,59,e2,b4,e0,8e,9e,52,5b,ce,e0,95,29,60,13,48,6c,d6,2b,25,b,62,69,96,30,48,78,d4,80,97,b7,3d,65,ce,38,3,7,b2,7f,fb,c9,75,19,89,e5,49,2,1c,6d,0,a,40,65,da,2c,49,c0,3c,1a,1a,2b,f4,2f,c5,d8,17,e2,37,3c,4b,1,a4,7,a5,2e,bf,5b,40,77,d5,ef,f8,76,9d,8,f0,17,c4,c6,69,94,14,9a,a7,11,f4,88,bf,28,a5,e6,76,88,5c,f0,85,5c,b8,8c,56,b6

03-30 10:49:59.835 26250 26380 I HomeMate: comm[ pool-5-thread-1: SocketUtil.java:70 progressMessage() ] - protocolType[dk],crc:36C58779,sessionId:f15470c3c1034ef2a877ff52c35f5944,jsonLen:176,ip:192.168.2.242,port:10001

03-30 10:49:59.836 26250 26380 I HomeMate: comm[ pool-5-thread-1: SocketUtil.java:108 progressMessage() ] - After decrypt json[{"cmd":208,"familyId":"ea4205a93f1c46b4a6df9bb391513dd9","ver":"2.3.0","serial":2118617095,"status":0,"upgradeStatuses":[{"uid":"007e56121206","upgradeStatus":1}]}]

03-30 10:49:59.838 26250 26250 D HomeMate: comm[ main: BaseRequest.java:498 stopRequest() ] - Stop request which serial is 2118617095 on com.orvibo.homemate.common.BaseActivityPresenter$1@b2fb915

03-30 10:49:59.838 26250 26250 D HomeMate: comm[ main: CheckHubUpgrade.java:59 onEventMainThread() ] - HubUpgradeEvent{hubUpgradeStates=[HubUpgradeState{uid='007e56121206', upgradeStatus=1}]upgradeStatus=-1} cmd=208 result=0 serial=2118617095 uid=null

03-30 10:49:59.839 26250 26250 D HomeMate: comm[ main: CheckHubUpgrade.java:97 onHubUpgradeStatus() ] - result:0,hubUpgradeStates:[HubUpgradeState{uid='007e56121206', upgradeStatus=1}]

03-30 10:49:59.839 26250 26250 D HomeMate: comm[ main: BaseRequest.java:511 stopRequest() ] -  Stop request com.orvibo.homemate.common.BaseActivityPresenter$1@b2fb915

03-30 10:49:59.839 26250 26250 D HomeMate: comm[ main: BaseActivityPresenter.java:47 onHubUpgradeStatus() ] - hubUpgradeStates:[HubUpgradeState{uid='007e56121206', upgradeStatus=1}],result:0,mActivity:com.orvibo.homemate.user.UserThirdInfoActivity@5d2313f

