03-17 16:31:37.372 17661 17661 W AppWatcher: type=1400 audit(0.0:3039106): avc: denied { getattr } for path="/proc/29" dev="proc" ino=2557292 scontext=u:r:untrusted_app:s0:c512,c768 tcontext=u:r:kernel:s0 tclass=dir permissive=0

03-17 16:31:37.372 17661 17661 W AppWatcher: type=1400 audit(0.0:3039107): avc: denied { getattr } for path="/proc/30" dev="proc" ino=2557293 scontext=u:r:untrusted_app:s0:c512,c768 tcontext=u:r:kernel:s0 tclass=dir permissive=0

03-17 16:31:37.372 17661 17661 W AppWatcher: type=1400 audit(0.0:3039108): avc: denied { getattr } for path="/proc/32" dev="proc" ino=2557294 scontext=u:r:untrusted_app:s0:c512,c768 tcontext=u:r:kernel:s0 tclass=dir permissive=0

03-17 16:31:37.382 17661 17661 W AppWatcher: type=1400 audit(0.0:3039109): avc: denied { getattr } for path="/proc/33" dev="proc" ino=2557295 scontext=u:r:untrusted_app:s0:c512,c768 tcontext=u:r:kernel:s0 tclass=dir permissive=0

03-17 16:31:37.382 17661 17661 W AppWatcher: type=1400 audit(0.0:3039110): avc: denied { getattr } for path="/proc/34" dev="proc" ino=2557296 scontext=u:r:untrusted_app:s0:c512,c768 tcontext=u:r:kernel:s0 tclass=dir permissive=0

03-17 16:31:37.382 17661 17661 W AppWatcher: type=1400 audit(0.0:3039111): avc: denied { getattr } for path="/proc/61" dev="proc" ino=2557297 scontext=u:r:untrusted_app:s0:c512,c768 tcontext=u:r:kernel:s0 tclass=dir permissive=0

03-17 16:31:37.382 17661 17661 W AppWatcher: type=1400 audit(0.0:3039112): avc: denied { getattr } for path="/proc/62" dev="proc" ino=2557298 scontext=u:r:untrusted_app:s0:c512,c768 tcontext=u:r:kernel:s0 tclass=dir permissive=0

03-17 16:31:37.382 17661 17661 W AppWatcher: type=1400 audit(0.0:3039113): avc: denied { getattr } for path="/proc/63" dev="proc" ino=2557299 scontext=u:r:untrusted_app:s0:c512,c768 tcontext=u:r:kernel:s0 tclass=dir permissive=0

03-17 16:31:37.890   370   482 I ThermalEngine: Sensor:batt_temp:378 mC

03-17 16:31:38.514  1534  1534 E JavaBinder: !!! FAILED BINDER TRANSACTION !!!  (parcel size = 104)

03-17 16:31:38.516  1534  1534 E JavaBinder: !!! FAILED BINDER TRANSACTION !!!  (parcel size = 104)

03-17 16:31:38.642  5869  5938 I octvm_klo: read wakeups from wakealarm_fd:1

03-17 16:31:38.642  5869  5938 I octvm_klo: new timerfd interval:

03-17 16:31:38.642  5869  5938 I octvm_klo: 	itval.it_interval.tv_sec 4, itval.it_interval.tv_nsec 0

03-17 16:31:38.642  5869  5938 I octvm_klo: 	itval.it_value.tv_sec 3, itval.it_value.tv_nsec 999995625

03-17 16:31:38.891   370   482 I ThermalEngine: Sensor:batt_temp:378 mC

03-17 16:31:39.527  1534  1534 E JavaBinder: !!! FAILED BINDER TRANSACTION !!!  (parcel size = 104)

03-17 16:31:39.537  1534  1534 E JavaBinder: !!! FAILED BINDER TRANSACTION !!!  (parcel size = 104)

03-17 16:31:39.891 29371 29426 W System.err: Êó†Ê≥ïËÆøÈóÆÊàñÁΩëÁªú‰∏çÁ®≥ÂÆö

03-17 16:31:39.891 29371 29426 W System.err: 	at com.danale.video.sdk.http.impl.apache.ApacheHttpClient.readDataWithRetriesAndReportDanaleError(Unknown Source)

03-17 16:31:39.892 29371 29426 W System.err: 	at com.danale.video.sdk.http.impl.apache.ApacheHttpClient.execute(Unknown Source)

03-17 16:31:39.892 29371 29426 W System.err: 	at com.danale.video.sdk.utils.DnsAnalysisUtil.dnsAnalysisByDanale(Unknown Source)

03-17 16:31:39.892 29371 29426 W System.err: 	at com.danale.video.sdk.platform.entity.Session$7.doInBackground(Unknown Source)

03-17 16:31:39.892 29371 29426 W System.err: 	at com.danale.video.sdk.platform.entity.Session$7.doInBackground(Unknown Source)

03-17 16:31:39.892 29371 29426 W System.err: 	at com.danale.video.sdk.async.AsyncTask$2.call(Unknown Source)

03-17 16:31:39.892 29371 29426 W System.err: 	at java.util.concurrent.FutureTask.run(FutureTask.java:237)

03-17 16:31:39.892 29371 29426 W System.err: 	at java.util.concurrent.ThreadPoolExecutor.runWorker(ThreadPoolExecutor.java:1113)

03-17 16:31:39.892 29371 29426 W System.err: 	at java.util.concurrent.ThreadPoolExecutor$Worker.run(ThreadPoolExecutor.java:588)

03-17 16:31:39.892 29371 29426 W System.err: 	at java.lang.Thread.run(Thread.java:818)

03-17 16:31:39.892 29371 29426 W System.err: Caused by: org.apache.http.conn.ConnectTimeoutException: Connect to /54.93.73.119:443 timed out

03-17 16:31:39.892   370   482 I ThermalEngine: Sensor:batt_temp:378 mC

03-17 16:31:39.892 29371 29426 W System.err: 	at org.apache.http.conn.scheme.PlainSocketFactory.connectSocket(PlainSocketFactory.java:126)

03-17 16:31:39.892 29371 29426 W System.err: 	at org.apache.http.impl.conn.DefaultClientConnectionOperator.openConnection(DefaultClientConnectionOperator.java:149)

03-17 16:31:39.892 29371 29426 W System.err: 	at org.apache.http.impl.conn.AbstractPoolEntry.open(AbstractPoolEntry.java:169)

03-17 16:31:39.892 29371 29426 W System.err: 	at org.apache.http.impl.conn.AbstractPooledConnAdapter.open(AbstractPooledConnAdapter.java:124)

03-17 16:31:39.893 29371 29426 W System.err: 	at org.apache.http.impl.client.DefaultRequestDirector.execute(DefaultRequestDirector.java:370)

03-17 16:31:39.893 29371 29426 W System.err: 	at org.apache.http.impl.client.AbstractHttpClient.execute(AbstractHttpClient.java:560)

03-17 16:31:39.893 29371 29426 W System.err: 	at org.apache.http.impl.client.AbstractHttpClient.execute(AbstractHttpClient.java:492)

03-17 16:31:39.893 29371 29426 W System.err: 	at org.apache.http.impl.client.AbstractHttpClient.execute(AbstractHttpClient.java:470)

03-17 16:31:39.893 29371 29426 W System.err: 	at com.danale.video.sdk.http.impl.apache.ApacheHttpClient.readDataWithRetriesAndReportDanaleError(Unknown Source)

03-17 16:31:39.893 29371 29426 W System.err: 	... 9 more

03-17 16:31:39.912 22823 22823 D wpa_supplicant: wlan0: Control interface command 'SIGNAL_POLL'

03-17 16:31:39.927 22823 22823 D wpa_supplicant: CTRL-DEBUG: global_ctrl_sock-sendto: sock=11 sndbuf=163840 outq=0 send_len=48

03-17 16:31:40.893   370   482 I ThermalEngine: Sensor:batt_temp:378 mC

03-17 16:31:41.895   370   482 I ThermalEngine: Sensor:batt_temp:378 mC

03-17 16:31:42.550  1534  1534 E JavaBinder: !!! FAILED BINDER TRANSACTION !!!  (parcel size = 104)

03-17 16:31:42.551  1534  1534 E JavaBinder: !!! FAILED BINDER TRANSACTION !!!  (parcel size = 104)

03-17 16:31:42.642  5869  5938 I octvm_klo: read wakeups from wakealarm_fd:1

03-17 16:31:42.642  5869  5938 I octvm_klo: new timerfd interval:

03-17 16:31:42.642  5869  5938 I octvm_klo: 	itval.it_interval.tv_sec 4, itval.it_interval.tv_nsec 0

03-17 16:31:42.642  5869  5938 I octvm_klo: 	itval.it_value.tv_sec 3, itval.it_value.tv_nsec 999996823

03-17 16:31:42.896   370   482 I ThermalEngine: Sensor:batt_temp:378 mC

03-17 16:31:42.933 22823 22823 D wpa_supplicant: wlan0: Control interface command 'SIGNAL_POLL'

03-17 16:31:42.947 22823 22823 D wpa_supplicant: CTRL-DEBUG: global_ctrl_sock-sendto: sock=11 sndbuf=163840 outq=0 send_len=48

03-17 16:31:43.434  3962  4066 W WtProcessController: do not trim { PackageName :com.orvibo.homemate Pid: 29371 Uid: 10136 Start by: activity Score:50 Old score:50 state:0 mBackgroundTimeInMillis:1489739486156 WakelockCount:0 wakelogsize:0  ActivityDestroied:false Activity size: 2 PackageInfo:{WhetstonePackageInfo#PacakgeName:com.orvibo.homemate uid:10136 uiMemoryThresold:0 nonUiMemoryThresold:0 Flag:5184,0x1440 [,TRIMHEAPS,SOFT_RESET,FLAG_DEAL_SCHEDULE] Type:0[] } tasknum:10183}

03-17 16:31:43.480   370   467 I ThermalEngine: Sensor:tsens_tz_sensor5:56000 mC

03-17 16:31:43.480   370   493 I ThermalEngine: Sensor:tsens_tz_sensor5:56000 mC

03-17 16:31:43.480   370   493 I ThermalEngine: TM Id 'CPU0_MONITOR' Sensor 'cpu0' - alarm raised 1 at 56.0 degC

03-17 16:31:43.481   370   493 I ThermalEngine: ACTION: CPU - Setting CPU[0] to 1728000

03-17 16:31:43.481   370   493 I ThermalEngine: Mitigation:CPU[0]:1728000 Khz

03-17 16:31:43.481   370   493 I ThermalEngine: ACTION: CPU - Setting CPU[1] to 1728000

03-17 16:31:43.481   370   493 E ThermalEngine: Failed to set desired CPU[1] frequency limit to 1728000

03-17 16:31:43.481   370   493 I ThermalEngine: ACTION: CPU - Setting CPU[2] to 1728000

03-17 16:31:43.481   370   493 E ThermalEngine: Failed to set desired CPU[2] frequency limit to 1728000

03-17 16:31:43.482   370   493 I ThermalEngine: ACTION: CPU - Setting CPU[3] to 1728000

03-17 16:31:43.482   370   493 I ThermalEngine: Mitigation:CPU[3]:1728000 Khz

03-17 16:31:43.569  3962  4066 W WtProcessController: do not trim { PackageName :com.miui.home Pid: 3994 Uid: 10019 Start by: unknown Score:50 Old score:50 state:0 mBackgroundTimeInMillis:1489739477864 WakelockCount:0 wakelogsize:0  ActivityDestroied:false Activity size: 1 PackageInfo:{WhetstonePackageInfo#PacakgeName:com.miui.home uid:10019 uiMemoryThresold:0 nonUiMemoryThresold:0 Flag:-2147483392,0x80000100 [,APP_SYSTEM] Type:0[] } tasknum:10182}

03-17 16:31:43.650  3962  4066 W WtProcessController: do not trim { PackageName :com.orvibo.homemate Pid: 29480 Uid: 10136 Start by: service Score:50 Old score:50 state:0 mBackgroundTimeInMillis:1489739486156 WakelockCount:0 wakelogsize:0  ActivityDestroied:false Activity size: 0 PackageInfo:{WhetstonePackageInfo#PacakgeName:com.orvibo.homemate uid:10136 uiMemoryThresold:0 nonUiMemoryThresold:0 Flag:5184,0x1440 [,TRIMHEAPS,SOFT_RESET,FLAG_DEAL_SCHEDULE] Type:0[] } tasknum:-1}

03-17 16:31:43.897   370   482 I ThermalEngine: Sensor:batt_temp:378 mC

03-17 16:31:44.022  3852  4239 I XiaomiFirewall: firewall pkgName:com.orvibo.homemate, result:0x0

03-17 16:31:44.122   370   467 I ThermalEngine: Sensor:tsens_tz_sensor5:50000 mC

03-17 16:31:44.122   370   493 I ThermalEngine: Sensor:tsens_tz_sensor5:50000 mC

03-17 16:31:44.122   370   493 I ThermalEngine: TM Id 'CPU0_MONITOR' Sensor 'cpu0' - alarm cleared 1 at 50.0 degC

03-17 16:31:44.123   370   493 I ThermalEngine: ACTION: CPU - Setting CPU[0] to 2457600

03-17 16:31:44.123   370   493 I ThermalEngine: Mitigation:CPU[0]:2457600 Khz

03-17 16:31:44.123   370   493 I ThermalEngine: ACTION: CPU - Setting CPU[1] to 2457600

03-17 16:31:44.124   370   493 E ThermalEngine: Failed to set desired CPU[1] frequency limit to 2457600

03-17 16:31:44.124   370   493 I ThermalEngine: ACTION: CPU - Setting CPU[2] to 2457600

03-17 16:31:44.124   370   493 E ThermalEngine: Failed to set desired CPU[2] frequency limit to 2457600

03-17 16:31:44.124   370   493 I ThermalEngine: ACTION: CPU - Setting CPU[3] to 2457600

03-17 16:31:44.124   370   493 I ThermalEngine: Mitigation:CPU[3]:2457600 Khz

03-17 16:31:44.898   370   482 I ThermalEngine: Sensor:batt_temp:378 mC

03-17 16:31:44.988 29371 29454 D UTAnalytics:CommitTask: pid:29371 check&commit event:65501,

03-17 16:31:44.989 29371 29454 D UTAnalytics:CommitTask: pid:29371 next:65501,

03-17 16:31:44.989 29371 29454 D UTAnalytics:CommitTask: pid:29371 check&commit event:65502,

03-17 16:31:44.989 29371 29454 D UTAnalytics:CommitTask: pid:29371 next:65502,

03-17 16:31:44.989 29371 29454 D UTAnalytics:CommitTask: pid:29371 check&commit event:65503,

03-17 16:31:44.989 29371 29454 D UTAnalytics:CommitTask: pid:29371 next:65503,

03-17 16:31:44.992 29371 29456 D UTAnalytics:UTUtil: pid:29371 upload without flowback. args:{ARG1=feedback, counterData={"meta":{"sdk-version":"2.5.1_for_bc"},"data":[{"page":"feedback","monitorPoint":"getUnreadCountSuccess","count":2,"value":0}]}, USERNICK=, ARG2=getUnreadCountSuccess, EVENTID=65502, USERID=, ACCESS=Wi-Fi, ACCESS_SUBTYPE=Unknown},

03-17 16:31:44.994 29371 29456 D UTAnalytics:null: pid:29371 [sendToUT]: args:{ARG1=feedback, counterData={"meta":{"sdk-version":"2.5.1_for_bc"},"data":[{"page":"feedback","monitorPoint":"getUnreadCountSuccess","count":2,"value":0}]}, USERNICK=, ARG2=getUnreadCountSuccess, EVENTID=65502, USERID=, ACCESS=Wi-Fi, ACCESS_SUBTYPE=Unknown},

03-17 16:31:44.994 29371 29456 D UTAnalytics:UTDC: pid:29371 [commit] page:eventId:65502,arg1:feedback,arg2:getUnreadCountSuccess,arg3:args:{ARG1=feedback, counterData={"meta":{"sdk-version":"2.5.1_for_bc"},"data":[{"page":"feedback","monitorPoint":"getUnreadCountSuccess","count":2,"value":0}]}, USERNICK=, ARG2=getUnreadCountSuccess, EVENTID=65502, USERID=, ACCESS=Wi-Fi, ACCESS_SUBTYPE=Unknown},

03-17 16:31:45.016 29371 29456 D UTAnalytics:UTLog: pid:29371 Log [id=0, eventId=65502, index=],867451020054497||460015796275061||Xiaomi||MI NOTE LTE||1920*1080||Unknown||Wi-Fi||Unknown||null||23256401||2.3.0.201||-||-||-||-||zh||a||6.0.1||2.5.1_for_bc||1489739479957||WJfwe+sntC4DAAdSBLpxQDCW||mini||-||-||-||-||_ap=1_mac=02:00:00:00:00:00||1489739504994||-||65502||feedback||getUnreadCountSuccess||-||counterData={"meta":{"sdk-version":"2.5.1_for_bc"},"data":[{"page":"feedback","monitorPoint":"getUnreadCountSuccess","count":2,"value":0}]},

03-17 16:31:45.017 29371 29456 D UTAnalytics:LogStoreMgr: pid:29371 [add] :,

03-17 16:31:45.899   370   482 I ThermalEngine: Sensor:batt_temp:378 mC

03-17 16:31:45.954 22823 22823 D wpa_supplicant: wlan0: Control interface command 'SIGNAL_POLL'

03-17 16:31:45.972 22823 22823 D wpa_supplicant: CTRL-DEBUG: global_ctrl_sock-sendto: sock=11 sndbuf=163840 outq=0 send_len=48

03-17 16:31:46.582  1534  1534 E JavaBinder: !!! FAILED BINDER TRANSACTION !!!  (parcel size = 104)

03-17 16:31:46.583  1534  1534 E JavaBinder: !!! FAILED BINDER TRANSACTION !!!  (parcel size = 104)

03-17 16:31:46.642  5869  5938 I octvm_klo: read wakeups from wakealarm_fd:1

03-17 16:31:46.642  5869  5938 I octvm_klo: new timerfd interval:

03-17 16:31:46.642  5869  5938 I octvm_klo: 	itval.it_interval.tv_sec 4, itval.it_interval.tv_nsec 0

03-17 16:31:46.642  5869  5938 I octvm_klo: 	itval.it_value.tv_sec 3, itval.it_value.tv_nsec 999996822

03-17 16:31:46.900   370   482 I ThermalEngine: Sensor:batt_temp:378 mC

03-17 16:31:47.592 17661 17661 W AppWatcher: type=1400 audit(0.0:3039382): avc: denied { getattr } for path="/proc/opalum-temp-calib" dev="proc" ino=4026534627 scontext=u:r:untrusted_app:s0:c512,c768 tcontext=u:object_r:proc_opalum:s0 tclass=file permissive=0

03-17 16:31:47.592 17661 17661 W AppWatcher: type=1400 audit(0.0:3039383): avc: denied { getattr } for path="/proc/opalum-f0-calib" dev="proc" ino=4026534626 scontext=u:r:untrusted_app:s0:c512,c768 tcontext=u:object_r:proc_opalum:s0 tclass=file permissive=0

03-17 16:31:47.592 17661 17661 W AppWatcher: type=1400 audit(0.0:3039384): avc: denied { getattr } for path="/proc/sysrq-trigger" dev="proc" ino=4026533735 scontext=u:r:untrusted_app:s0:c512,c768 tcontext=u:object_r:proc_sysrq:s0 tclass=file permissive=0

03-17 16:31:47.602 17661 17661 W AppWatcher: type=1400 audit(0.0:3039385): avc: denied { getattr } for path="/proc/1" dev="proc" ino=8200 scontext=u:r:untrusted_app:s0:c512,c768 tcontext=u:r:init:s0 tclass=dir permissive=0

03-17 16:31:47.602 17661 17661 W AppWatcher: type=1400 audit(0.0:3039386): avc: denied { getattr } for path="/proc/2" dev="proc" ino=2557283 scontext=u:r:untrusted_app:s0:c512,c768 tcontext=u:r:kernel:s0 tclass=dir permissive=0

03-17 16:31:47.602 17661 17661 W AppWatcher: type=1400 audit(0.0:3039387): avc: denied { getattr } for path="/proc/3" dev="proc" ino=2557284 scontext=u:r:untrusted_app:s0:c512,c768 tcontext=u:r:kernel:s0 tclass=dir permissive=0

03-17 16:31:47.612 17661 17661 W AppWatcher: type=1400 audit(0.0:3039388): avc: denied { getattr } for path="/proc/6" dev="proc" ino=2557286 scontext=u:r:untrusted_app:s0:c512,c768 tcontext=u:r:kernel:s0 tclass=dir permissive=0

03-17 16:31:47.612 17661 17661 W AppWatcher: type=1400 audit(0.0:3039389): avc: denied { getattr } for path="/proc/7" dev="proc" ino=2557287 scontext=u:r:untrusted_app:s0:c512,c768 tcontext=u:r:kernel:s0 tclass=dir permissive=0

03-17 16:31:47.612 17661 17661 W AppWatcher: type=1400 audit(0.0:3039390): avc: denied { getattr } for path="/proc/8" dev="proc" ino=2557288 scontext=u:r:untrusted_app:s0:c512,c768 tcontext=u:r:kernel:s0 tclass=dir permissive=0

03-17 16:31:47.612 17661 17661 W AppWatcher: type=1400 audit(0.0:3039391): avc: denied { getattr } for path="/proc/21" dev="proc" ino=2557289 scontext=u:r:untrusted_app:s0:c512,c768 tcontext=u:r:kernel:s0 tclass=dir permissive=0

03-17 16:31:47.622 17661 17661 W AppWatcher: type=1400 audit(0.0:3039392): avc: denied { getattr } for path="/proc/22" dev="proc" ino=2557290 scontext=u:r:untrusted_app:s0:c512,c768 tcontext=u:r:kernel:s0 tclass=dir permissive=0

03-17 16:31:47.622 17661 17661 W AppWatcher: type=1400 audit(0.0:3039393): avc: denied { getattr } for path="/proc/28" dev="proc" ino=2557291 scontext=u:r:untrusted_app:s0:c512,c768 tcontext=u:r:kernel:s0 tclass=dir permissive=0

03-17 16:31:47.622 17661 17661 W AppWatcher: type=1400 audit(0.0:3039394): avc: denied { getattr } for path="/proc/29" dev="proc" ino=2557292 scontext=u:r:untrusted_app:s0:c512,c768 tcontext=u:r:kernel:s0 tclass=dir permissive=0

03-17 16:31:47.622 17661 17661 W AppWatcher: type=1400 audit(0.0:3039395): avc: denied { getattr } for path="/proc/30" dev="proc" ino=2557293 scontext=u:r:untrusted_app:s0:c512,c768 tcontext=u:r:kernel:s0 tclass=dir permissive=0

03-17 16:31:47.622 17661 17661 W AppWatcher: type=1400 audit(0.0:3039396): avc: denied { getattr } for path="/proc/32" dev="proc" ino=2557294 scontext=u:r:untrusted_app:s0:c512,c768 tcontext=u:r:kernel:s0 tclass=dir permissive=0

03-17 16:31:47.632 17661 17661 W AppWatcher: type=1400 audit(0.0:3039397): avc: denied { getattr } for path="/proc/33" dev="proc" ino=2557295 scontext=u:r:untrusted_app:s0:c512,c768 tcontext=u:r:kernel:s0 tclass=dir permissive=0

03-17 16:31:47.632 17661 17661 W AppWatcher: type=1400 audit(0.0:3039398): avc: denied { getattr } for path="/proc/34" dev="proc" ino=2557296 scontext=u:r:untrusted_app:s0:c512,c768 tcontext=u:r:kernel:s0 tclass=dir permissive=0

03-17 16:31:47.632 17661 17661 W AppWatcher: type=1400 audit(0.0:3039399): avc: denied { getattr } for path="/proc/61" dev="proc" ino=2557297 scontext=u:r:untrusted_app:s0:c512,c768 tcontext=u:r:kernel:s0 tclass=dir permissive=0

03-17 16:31:47.632 17661 17661 W AppWatcher: type=1400 audit(0.0:3039400): avc: denied { getattr } for path="/proc/62" dev="proc" ino=2557298 scontext=u:r:untrusted_app:s0:c512,c768 tcontext=u:r:kernel:s0 tclass=dir permissive=0

03-17 16:31:47.632 17661 17661 W AppWatcher: type=1400 audit(0.0:3039401): avc: denied { getattr } for path="/proc/63" dev="proc" ino=2557299 scontext=u:r:untrusted_app:s0:c512,c768 tcontext=u:r:kernel:s0 tclass=dir permissive=0

03-17 16:31:47.901   370   482 I ThermalEngine: Sensor:batt_temp:378 mC

03-17 16:31:48.903   370   482 I ThermalEngine: Sensor:batt_temp:378 mC
