03-30 10:50:03.794   379   516 I ThermalEngine: TM Id 'CPU0_MONITOR' Sensor 'cpu0' - alarm raised 1 at 56.0 degC

03-30 10:50:03.795   379   516 I ThermalEngine: ACTION: CPU - Setting CPU[0] to 1728000

03-30 10:50:03.795   379   516 I ThermalEngine: Mitigation:CPU[0]:1728000 Khz

03-30 10:50:03.795   379   516 I ThermalEngine: ACTION: CPU - Setting CPU[1] to 1728000

03-30 10:50:03.795   379   516 E ThermalEngine: Failed to set desired CPU[1] frequency limit to 1728000

03-30 10:50:03.795   379   516 I ThermalEngine: ACTION: CPU - Setting CPU[2] to 1728000

03-30 10:50:03.795   379   516 E ThermalEngine: Failed to set desired CPU[2] frequency limit to 1728000

03-30 10:50:03.795   379   516 I ThermalEngine: ACTION: CPU - Setting CPU[3] to 1728000

03-30 10:50:03.795   379   516 I ThermalEngine: Mitigation:CPU[3]:1728000 Khz

03-30 10:50:03.789 25810 25810 W AppWatcher: type=1400 audit(0.0:55248342): avc: denied { getattr } for path="/proc/75" dev="proc" ino=11961968 scontext=u:r:untrusted_app:s0:c512,c768 tcontext=u:r:kernel:s0 tclass=dir permissive=0

03-30 10:50:03.820  6151  6186 I octvm_klo: read wakeups from wakealarm_fd:1

03-30 10:50:03.820  6151  6186 I octvm_klo: new timerfd interval:

03-30 10:50:03.820  6151  6186 I octvm_klo: 	itval.it_interval.tv_sec 1, itval.it_interval.tv_nsec 0

03-30 10:50:03.820  6151  6186 I octvm_klo: 	itval.it_value.tv_sec 0, itval.it_value.tv_nsec 999997865

03-30 10:50:03.839 26250 26250 D HomeMate: comm[ main: MainActivity.java:335 onRefresh() ] - mainRefreshType:2

03-30 10:50:03.839 26250 26250 D HomeMate: comm[ main: MainActivity.java:255 refreshCurrentFragment() ] - Current tag is ÊàëÁöÑ,PersonalFragment{191a23f #2 id=0x7f0d0299 ÊàëÁöÑ},mainRefreshType:2

03-30 10:50:03.839 26250 26250 D HomeMate: comm[ main: PersonalFragment.java:204 refresh() ] - refresh()-appUserName:15079034630@126.com,userId:91a31ba24648493aad89636922662c04

03-30 10:50:03.840 26250 26250 D HomeMate: comm[ main: PersonalFragment.java:206 refresh() ] - refresh(0)-account:Account{userId='91a31ba24648493aad89636922662c04', familyId='null', password='E10ADC3949BA59ABBE56E057F20F883E', phone='', email='15079034630@126.com', userType=0, registerType=0, idc=0, country='null', state='null', city='null'} BaseBo{delFlag=0, updateTime='1490702387000', createTime='1490603889000', updateTimeSec=0, uid='null', userName='ahdhhddhhd'}

03-30 10:50:03.847 26250 26250 D HomeMate: comm[ main: GetAccountIcon.java:39 startGetAccountIcon() ] - params:source=ZhiJia365&sessionId=f15470c3c1034ef2a877ff52c35f5944&userName=15079034630@126.com

03-30 10:50:03.848 26250 26250 D HomeMate: comm[ main: ADCache.java:50 getADInfo() ] - adInfoJson:{"errorMessage":"check gateway fail","updateTime":0,"isTarget":false,"errorCode":0,"image":null,"showAdv":false,"serial":"bf84e332499f4252b26881bc2655d7a7","url":null}

03-30 10:50:03.850 26250 26250 D HomeMate: comm[ main: ADModel.java:186 parseADInfoJson() ] - adInfo:ADInfo{, showAdv=false, errorCode=0, errorMessage='check gateway fail', image='null', url='null', isTarget=false, updateTime=0}

03-30 10:50:03.852 26250 26250 D HomeMate: comm[ main: PersonalFragment.java:144 setHubView() ] - hub uid :[007e56121206]

03-30 10:50:03.855 26250 26250 I HomeMate: hank[ main: FeedBackService.java:87 obtain() ] - is obtaining unread count now

03-30 10:50:03.892 26250 26250 V AsyncHttpRH: Progress 129 from 1 (12900%)

03-30 10:50:03.893 26250 26250 I HomeMate: comm[ main: GetAccountIcon.java:44 onSuccess() ] - {"errorMessage":"ÊàêÂäü","file":"https://homemate.orvibo.com/images/20170328/b1c9f1c967da46dfa5aa9d21991fb39f.jpg","errorCode":0}

03-30 10:50:03.894 26250 26250 I HomeMate: comm[ main: GetAccountIcon.java:63 onSuccess() ] - ÊàêÂäü

03-30 10:50:03.894 26250 26250 D HomeMate: comm[ main: PersonalFragment.java:397 onGetAccountIconResult() ] - 

03-30 10:50:04.010  2044  2115 I Timeline: Timeline: Activity_windows_visible id: ActivityRecord{fa460b8 u0 com.orvibo.homemate/.common.main.MainActivity t17566} time:338294790

03-30 10:50:04.011  4229  4367 D WtProcessController: onAMDestroyActivity callback

03-30 10:50:04.013  2044  2115 I Timeline: Timeline: App_transition_stopped time:338294793

03-30 10:50:04.024 26250 26250 D HomeMate: comm[ main: BaseActivity.java:215 onStop() ] - UserActivity

03-30 10:50:04.024 26250 26250 D HomeMate: comm[ main: BaseActivity.java:410 onDestroy() ] - UserActivity

03-30 10:50:04.024 26250 26250 D HomeMate: allen[ main: ActivityManager.java:59 popActivity() ] - popActivity:com.orvibo.homemate.user.UserActivity@5419bd7

03-30 10:50:04.331   379   493 I ThermalEngine: Sensor:batt_temp:366 mC

03-30 10:50:04.628   379   472 I ThermalEngine: Sensor:tsens_tz_sensor5:50000 mC

03-30 10:50:04.629   379   516 I ThermalEngine: Sensor:tsens_tz_sensor5:50000 mC

03-30 10:50:04.629   379   516 I ThermalEngine: TM Id 'CPU0_MONITOR' Sensor 'cpu0' - alarm cleared 1 at 50.0 degC

03-30 10:50:04.629   379   516 I ThermalEngine: ACTION: CPU - Setting CPU[0] to 2457600

03-30 10:50:04.629   379   516 I ThermalEngine: Mitigation:CPU[0]:2457600 Khz

03-30 10:50:04.629   379   516 I ThermalEngine: ACTION: CPU - Setting CPU[1] to 2457600

03-30 10:50:04.630   379   516 E ThermalEngine: Failed to set desired CPU[1] frequency limit to 2457600

03-30 10:50:04.630   379   516 I ThermalEngine: ACTION: CPU - Setting CPU[2] to 2457600

03-30 10:50:04.630   379   516 E ThermalEngine: Failed to set desired CPU[2] frequency limit to 2457600

03-30 10:50:04.630   379   516 I ThermalEngine: ACTION: CPU - Setting CPU[3] to 2457600

03-30 10:50:04.630   379   516 I ThermalEngine: Mitigation:CPU[3]:2457600 Khz

03-30 10:50:04.635 26250 27070 D HomeMate: hank[ Thread-44719: FeedBackService.java:94 onSuccess() ] - FeedbackAPI unreadCount:18

03-30 10:50:04.639 26250 26316 D UTAnalytics:AppMonitorDelegate: pid:26250 commitCount module: feedback, monitorPoint: getUnreadCountSuccess, value: 0.0,

03-30 10:50:04.639 26250 26316 I UTAnalytics:EventRepo: pid:26250 COUNTER, EVENT size:2,

03-30 10:50:04.660 26250 26250 D HomeMate: comm[ main: MainActivity.java:176 setTabReadTip() ] - showRedTip:true,position:3

03-30 10:50:04.820  6151  6186 I octvm_klo: read wakeups from wakealarm_fd:1

03-30 10:50:04.820  6151  6186 I octvm_klo: new timerfd interval:

03-30 10:50:04.820  6151  6186 I octvm_klo: 	itval.it_interval.tv_sec 1, itval.it_interval.tv_nsec 0

03-30 10:50:04.820  6151  6186 I octvm_klo: 	itval.it_value.tv_sec 0, itval.it_value.tv_nsec 999995104

03-30 10:50:05.205   379   472 I ThermalEngine: Sensor:tsens_tz_sensor5:57000 mC

03-30 10:50:05.205   379   516 I ThermalEngine: Sensor:tsens_tz_sensor5:57000 mC

03-30 10:50:05.206   379   516 I ThermalEngine: TM Id 'CPU0_MONITOR' Sensor 'cpu0' - alarm raised 1 at 57.0 degC

03-30 10:50:05.206   379   516 I ThermalEngine: ACTION: CPU - Setting CPU[0] to 1728000

03-30 10:50:05.208   379   516 I ThermalEngine: Mitigation:CPU[0]:1728000 Khz

03-30 10:50:05.208   379   516 I ThermalEngine: ACTION: CPU - Setting CPU[1] to 1728000

03-30 10:50:05.208   379   516 E ThermalEngine: Failed to set desired CPU[1] frequency limit to 1728000

03-30 10:50:05.208   379   516 I ThermalEngine: ACTION: CPU - Setting CPU[2] to 1728000

03-30 10:50:05.208   379   516 E ThermalEngine: Failed to set desired CPU[2] frequency limit to 1728000

03-30 10:50:05.208   379   516 I ThermalEngine: ACTION: CPU - Setting CPU[3] to 1728000

03-30 10:50:05.208   379   516 I ThermalEngine: Mitigation:CPU[3]:1728000 Khz

03-30 10:50:05.332   379   493 I ThermalEngine: Sensor:batt_temp:366 mC

03-30 10:50:05.821  6151  6186 I octvm_klo: read wakeups from wakealarm_fd:1

03-30 10:50:05.821  6151  6186 I octvm_klo: new timerfd interval:

03-30 10:50:05.821  6151  6186 I octvm_klo: 	itval.it_interval.tv_sec 1, itval.it_interval.tv_nsec 0

03-30 10:50:05.821  6151  6186 I octvm_klo: 	itval.it_value.tv_sec 0, itval.it_value.tv_nsec 999996615

03-30 10:50:06.333   379   493 I ThermalEngine: Sensor:batt_temp:366 mC

03-30 10:50:06.446  3745  3745 D wpa_supplicant: wlan0: Control interface command 'SIGNAL_POLL'

03-30 10:50:06.448  3745  3745 D wpa_supplicant: CTRL-DEBUG: global_ctrl_sock-sendto: sock=11 sndbuf=163840 outq=0 send_len=49

03-30 10:50:06.530 26250 26323 D UTAnalytics:LogStoreMgr: pid:26250 [store],

03-30 10:50:06.539 26250 26323 D UTAnalytics:UTSqliteLogStore: pid:26250 [insert] ,, isSuccess:true,ret,2305,

03-30 10:50:06.541 26250 26323 D UTAnalytics:UTSqliteLogStore: pid:26250 [insert] ,, isSuccess:true,ret,2306,

03-30 10:50:06.541 26250 26323 D UTAnalytics:UTSqliteLogStore: pid:26250 [insert] ,, isSuccess:true,ret,2307,

03-30 10:50:06.821  6151  6186 I octvm_klo: read wakeups from wakealarm_fd:1

03-30 10:50:06.821  6151  6186 I octvm_klo: new timerfd interval:

03-30 10:50:06.821  6151  6186 I octvm_klo: 	itval.it_interval.tv_sec 1, itval.it_interval.tv_nsec 0

03-30 10:50:06.821  6151  6186 I octvm_klo: 	itval.it_value.tv_sec 0, itval.it_value.tv_nsec 999996823

03-30 10:50:07.334   379   493 I ThermalEngine: Sensor:batt_temp:366 mC

03-30 10:50:07.556 27108 27108 D AndroidRuntime: >>>>>> START com.android.internal.os.RuntimeInit uid 2000 <<<<<<

03-30 10:50:07.574 27108 27108 D AndroidRuntime: CheckJNI is OFF

03-30 10:50:07.675 27108 27108 D ICU     : No timezone override file found: /data/misc/zoneinfo/current/icu/icu_tzdata.dat

03-30 10:50:07.757 27108 27108 I Radio-JNI: register_android_hardware_Radio DONE

03-30 10:50:07.801 27108 27108 D AndroidRuntime: Calling main entry com.android.commands.am.Am

03-30 10:50:07.813  3754  3754 D MediaScannerReceiver: action: android.intent.action.MEDIA_SCANNER_SCAN_FILE path: /data/local/tmp/screenshot.png

03-30 10:50:07.821  6151  6186 I octvm_klo: read wakeups from wakealarm_fd:1

03-30 10:50:07.821  6151  6186 I octvm_klo: new timerfd interval:

03-30 10:50:07.821  6151  6186 I octvm_klo: 	itval.it_interval.tv_sec 1, itval.it_interval.tv_nsec 0

03-30 10:50:07.821  6151  6186 I octvm_klo: 	itval.it_value.tv_sec 0, itval.it_value.tv_nsec 999997448

03-30 10:50:07.829 24778 24778 W om.miui.gallery: type=1400 audit(0.0:55248869): avc: denied { getattr } for path="/data/local/tmp" dev="mmcblk0p25" ino=253954 scontext=u:r:platform_app:s0:c512,c768 tcontext=u:object_r:shell_data_file:s0 tclass=dir permissive=0

03-30 10:50:07.836 24778 24778 I MiuiGallery2_MediaScannerReceiver: ACTION_MEDIA_SCANNER_SCAN_FILE /data/local/tmp/screenshot.png

03-30 10:50:07.848 24778 24778 I MiuiGallery2_MediaScannerService: onCreate

03-30 10:50:07.850 27108 27108 D AndroidRuntime: Shutting down VM

03-30 10:50:07.853 24778 24778 I MiuiGallery2_MediaScannerService: onStartCommand: 1

03-30 10:50:07.854 24778 24778 I MiuiGallery2_MediaScannerService: ScanFileTask scanPriority 1, path /data/local/tmp/screenshot.png

03-30 10:50:07.854 24778 24778 I MiuiGallery2_ScanTaskManager: priority 1, time 1490842207854

03-30 10:50:07.859 27127 27127 W thread-pool-0: type=1400 audit(0.0:55248870): avc: denied { getattr } for path="/data/local/tmp" dev="mmcblk0p25" ino=253954 scontext=u:r:platform_app:s0:c512,c768 tcontext=u:object_r:shell_data_file:s0 tclass=dir permissive=0

03-30 10:50:07.888 24778 27127 I MiuiGallery2_SaveToCloudUtil: insert /data/local/tmp/screenshot_1490842207888.png

03-30 10:50:07.889 24778 27127 W System.err: java.io.FileNotFoundException: /data/local/tmp/screenshot_1490842207888.png: open failed: ENOENT (No such file or directory)

03-30 10:50:07.889 24778 27127 W System.err: 	at libcore.io.IoBridge.open(IoBridge.java:452)

03-30 10:50:07.889 24778 27127 W System.err: 	at java.io.FileInputStream.<init>(FileInputStream.java:76)

03-30 10:50:07.889 24778 27127 W System.err: 	at java.io.FileInputStream.<init>(FileInputStream.java:103)

03-30 10:50:07.889 24778 27127 W System.err: 	at miui.io.ResettableInputStream.ci(SourceFile:147)

03-30 10:50:07.889 24778 27127 W System.err: 	at miui.io.ResettableInputStream.read(SourceFile:252)

03-30 10:50:07.889 24778 27127 W System.err: 	at android.graphics.BitmapFactory.nativeDecodeStream(Native Method)

03-30 10:50:07.889 24778 27127 W System.err: 	at android.graphics.BitmapFactory.decodeStreamInternal(BitmapFactory.java:639)

03-30 10:50:07.889 24778 27127 W System.err: 	at android.graphics.BitmapFactory.decodeStream(BitmapFactory.java:615)

03-30 10:50:07.889 24778 27127 W System.err: 	at miui.graphics.BitmapFactory.getBitmapSize(SourceFile:71)

03-30 10:50:07.889 24778 27127 W System.err: 	at miui.graphics.BitmapFactory.getBitmapSize(SourceFile:85)

03-30 10:50:07.889 24778 27127 W System.err: 	at com.miui.gallery.scanner.SaveToCloudUtil.putValuesForImage(SaveToCloudUtil.java:642)

03-30 10:50:07.889 24778 27127 W System.err: 	at com.miui.gallery.scanner.SaveToCloudUtil.toValues(SaveToCloudUtil.java:516)

03-30 10:50:07.890 24778 27127 W System.err: 	at com.miui.gallery.scanner.SaveToCloudUtil.insert(SaveToCloudUtil.java:432)

03-30 10:50:07.890 24778 27127 W System.err: 	at com.miui.gallery.scanner.SaveToCloudUtil.saveToCloudDB(SaveToCloudUtil.java:129)

03-30 10:50:07.890 24778 27127 W System.err: 	at com.miui.gallery.scanner.MediaScanner$ScannerFileClient.scanFile(MediaScanner.java:426)

03-30 10:50:07.890 24778 27127 W System.err: 	at com.miui.gallery.scanner.MediaScanner.scanSingleFile(MediaScanner.java:398)

03-30 10:50:07.890 24778 27127 W System.err: 	at com.miui.gallery.scanner.MediaScannerService$ScanFileTask.run(MediaScannerService.java:126)

03-30 10:50:07.890 24778 27127 W System.err: 	at com.miui.gallery.scanner.MediaScannerService$ScanFileTask.run(MediaScannerService.java:108)

03-30 10:50:07.890 24778 27127 W System.err: 	at com.miui.gallery.threadpool.ThreadPool$Worker.run(ThreadPool.java:143)

03-30 10:50:07.890 24778 27127 W System.err: 	at java.util.concurrent.ThreadPoolExecutor.runWorker(ThreadPoolExecutor.java:1113)

03-30 10:50:07.890 24778 27127 W System.err: 	at java.util.concurrent.ThreadPoolExecutor$Worker.run(ThreadPoolExecutor.java:588)

03-30 10:50:07.890 24778 27127 W System.err: 	at java.lang.Thread.run(Thread.java:818)

03-30 10:50:07.894 24778 27127 W System.err: 	at com.miui.gallery.threadpool.PriorityThreadFactory$1.run(PriorityThreadFactory.java:43)

03-30 10:50:07.894 24778 27127 W System.err: Caused by: android.system.ErrnoException: open failed: ENOENT (No such file or directory)

03-30 10:50:07.896 24778 27127 W System.err: 	at libcore.io.Posix.open(Native Method)

03-30 10:50:07.896 24778 27127 W System.err: 	at libcore.io.BlockGuardOs.open(BlockGuardOs.java:186)

03-30 10:50:07.896 24778 27127 W System.err: 	at libcore.io.IoBridge.open(IoBridge.java:438)

03-30 10:50:07.896 24778 27127 W System.err: 	... 22 more

03-30 10:50:07.896 24778 27127 D skia    : ---- read threw an exception

03-30 10:50:07.896 24778 27127 D skia    : --- SkImageDecoder::Factory returned null

03-30 10:50:07.902 24778 27127 D MiuiGallery2_.provider.cache.CacheManager: insert 571, sha1=a001dfc917bd7846ceb8779dcb60e3a3d9897111 localFlag=7 dateModified=0 localGroupId=29 size=628713 exifOrientation=0 mimeType=image/png dateTaken=0 fileName=screenshot_1490842207888.png exifImageWidth=-1 title=screenshot_1490842207888 localFile=/data/local/tmp/screenshot_1490842207888.png mixedDateTime=0 serverType=1 exifImageLength=-1

03-30 10:50:07.902 24778 27127 D MiuiGallery2_.provider.cache.CacheManager: insert MediaItem{mId=571, mSha1='a001dfc917bd7846ceb8779dcb60e3a3d9897111', mAlbumId=29, mMicroThumb='null', mThumbnail='null', mFilePath='/data/local/tmp/screenshot_1490842207888.png', mType=1, mTitle='screenshot_1490842207888', mMimeType='image/png', mLocalFlag=7, mIsSyncing=null, mSecretKey=null, mMixedTime=0, mAliasCreateDate=1008673}

03-30 10:50:07.966 24778 27127 I MiuiGallery2_MediaScannerService: onAllTasksExecuted

03-30 10:50:07.969 24778 24778 D MiuiGallery2_MediaScannerService: onDestroy

03-30 10:50:08.335   379   493 I ThermalEngine: Sensor:batt_temp:365 mC

03-30 10:50:08.821  6151  6186 I octvm_klo: read wakeups from wakealarm_fd:1

03-30 10:50:08.822  6151  6186 I octvm_klo: new timerfd interval:

03-30 10:50:08.822  6151  6186 I octvm_klo: 	itval.it_interval.tv_sec 1, itval.it_interval.tv_nsec 0

03-30 10:50:08.822  6151  6186 I octvm_klo: 	itval.it_value.tv_sec 0, itval.it_value.tv_nsec 999994427

03-30 10:50:08.863   379   472 I ThermalEngine: Sensor:tsens_tz_sensor5:50000 mC

03-30 10:50:08.864   379   516 I ThermalEngine: Sensor:tsens_tz_sensor5:50000 mC

03-30 10:50:08.864   379   516 I ThermalEngine: TM Id 'CPU0_MONITOR' Sensor 'cpu0' - alarm cleared 1 at 50.0 degC

03-30 10:50:08.864   379   516 I ThermalEngine: ACTION: CPU - Setting CPU[0] to 2457600

03-30 10:50:08.865   379   516 I ThermalEngine: Mitigation:CPU[0]:2457600 Khz

03-30 10:50:08.865   379   516 I ThermalEngine: ACTION: CPU - Setting CPU[1] to 2457600

03-30 10:50:08.865   379   516 E ThermalEngine: Failed to set desired CPU[1] frequency limit to 2457600

03-30 10:50:08.865   379   516 I ThermalEngine: ACTION: CPU - Setting CPU[2] to 2457600

03-30 10:50:08.865   379   516 E ThermalEngine: Failed to set desired CPU[2] frequency limit to 2457600

03-30 10:50:08.866   379   516 I ThermalEngine: ACTION: CPU - Setting CPU[3] to 2457600

03-30 10:50:08.866   379   516 I ThermalEngine: Mitigation:CPU[3]:2457600 Khz

03-30 10:50:09.113 26250 26325 D UTAnalytics:CommitTask: pid:26250 check&commit event:65501,

03-30 10:50:09.113 26250 26325 D UTAnalytics:CommitTask: pid:26250 next:65501,

03-30 10:50:09.113 26250 26325 D UTAnalytics:CommitTask: pid:26250 check&commit event:65503,

03-30 10:50:09.113 26250 26325 D UTAnalytics:CommitTask: pid:26250 next:65503,

03-30 10:50:09.120 26250 26323 D UTAnalytics:CommitTask: pid:26250 check&commit event:65502,

03-30 10:50:09.124 26250 26323 D UTAnalytics:CommitTask: pid:26250 next:65502,

03-30 10:50:09.124 26250 26323 D UTAnalytics:UTUtil: pid:26250 upload without flowback. args:{ARG1=feedback, counterData={"meta":{"sdk-version":"2.5.1_for_bc"},"data":[{"page":"feedback","monitorPoint":"getUnreadCountSuccess","count":1,"value":0}]}, USERNICK=, ARG2=getUnreadCountSuccess, EVENTID=65502, USERID=, ACCESS=Wi-Fi, ACCESS_SUBTYPE=Unknown},

03-30 10:50:09.124 26250 26323 D UTAnalytics:null: pid:26250 [sendToUT]: args:{ARG1=feedback, counterData={"meta":{"sdk-version":"2.5.1_for_bc"},"data":[{"page":"feedback","monitorPoint":"getUnreadCountSuccess","count":1,"value":0}]}, USERNICK=, ARG2=getUnreadCountSuccess, EVENTID=65502, USERID=, ACCESS=Wi-Fi, ACCESS_SUBTYPE=Unknown},

03-30 10:50:09.125 26250 26323 D UTAnalytics:UTDC: pid:26250 [commit] page:eventId:65502,arg1:feedback,arg2:getUnreadCountSuccess,arg3:args:{ARG1=feedback, counterData={"meta":{"sdk-version":"2.5.1_for_bc"},"data":[{"page":"feedback","monitorPoint":"getUnreadCountSuccess","count":1,"value":0}]}, USERNICK=, ARG2=getUnreadCountSuccess, EVENTID=65502, USERID=, ACCESS=Wi-Fi, ACCESS_SUBTYPE=Unknown},

03-30 10:50:09.137 26250 26323 D UTAnalytics:UTLog: pid:26250 Log [id=0, eventId=65502, index=],867451020054497||460015796275061||Xiaomi||MI NOTE LTE||1920*1080||Unknown||Wi-Fi||Unknown||null||23256401||2.3.0.300||-||-||-||-||zh||a||6.0.1||2.5.1_for_bc||1490842159058||WJfwe+sntC4DAAdSBLpxQDCW||mini||-||-||-||-||_ap=1_mac=02:00:00:00:00:00||1490842209125||-||65502||feedback||getUnreadCountSuccess||-||counterData={"meta":{"sdk-version":"2.5.1_for_bc"},"data":[{"page":"feedback","monitorPoint":"getUnreadCountSuccess","count":1,"value":0}]},

03-30 10:50:09.138 26250 26323 D UTAnalytics:LogStoreMgr: pid:26250 [add] :,

03-30 10:50:09.337   379   493 I ThermalEngine: Sensor:batt_temp:365 mC

03-30 10:50:09.454  3745  3745 D wpa_supplicant: wlan0: Control interface command 'SIGNAL_POLL'

03-30 10:50:09.470  3745  3745 D wpa_supplicant: CTRL-DEBUG: global_ctrl_sock-sendto: sock=11 sndbuf=163840 outq=0 send_len=49

03-30 10:50:09.822  6151  6186 I octvm_klo: read wakeups from wakealarm_fd:1

03-30 10:50:09.822  6151  6186 I octvm_klo: new timerfd interval:

03-30 10:50:09.822  6151  6186 I octvm_klo: 	itval.it_interval.tv_sec 1, itval.it_interval.tv_nsec 0

03-30 10:50:09.822  6151  6186 I octvm_klo: 	itval.it_value.tv_sec 0, itval.it_value.tv_nsec 999997396

03-30 10:50:09.889   379   472 I ThermalEngine: Sensor:tsens_tz_sensor5:55000 mC

03-30 10:50:09.890   379   516 I ThermalEngine: Sensor:tsens_tz_sensor5:55000 mC

03-30 10:50:09.890   379   516 I ThermalEngine: TM Id 'CPU0_MONITOR' Sensor 'cpu0' - alarm raised 1 at 55.0 degC

03-30 10:50:09.890   379   516 I ThermalEngine: ACTION: CPU - Setting CPU[0] to 1728000

03-30 10:50:09.891   379   516 I ThermalEngine: Mitigation:CPU[0]:1728000 Khz

03-30 10:50:09.891   379   516 I ThermalEngine: ACTION: CPU - Setting CPU[1] to 1728000

03-30 10:50:09.891   379   516 E ThermalEngine: Failed to set desired CPU[1] frequency limit to 1728000

03-30 10:50:09.891   379   516 I ThermalEngine: ACTION: CPU - Setting CPU[2] to 1728000

03-30 10:50:09.891   379   516 E ThermalEngine: Failed to set desired CPU[2] frequency limit to 1728000

03-30 10:50:09.891   379   516 I ThermalEngine: ACTION: CPU - Setting CPU[3] to 1728000

03-30 10:50:09.891   379   516 I ThermalEngine: Mitigation:CPU[3]:1728000 Khz

03-30 10:50:10.176 26250 26325 D UTAnalytics:LogStoreMgr: pid:26250 [store],

03-30 10:50:10.188 26250 26325 D UTAnalytics:UTSqliteLogStore: pid:26250 [insert] ,, isSuccess:true,ret,2308,

03-30 10:50:10.209 26250 26325 D UTAnalytics:UTSqliteLogStore: pid:26250 sql:SELECT * FROM log ORDER BY time ASC  LIMIT 350,

03-30 10:50:10.211 26250 26325 D UTAnalytics:UTSqliteLogStore: pid:26250 pos,0,count,6,

03-30 10:50:10.212 26250 26325 D UTAnalytics:UTSqliteLogStore: pid:26250 pos,1,count,6,

03-30 10:50:10.212 26250 26325 D UTAnalytics:UTSqliteLogStore: pid:26250 pos,2,count,6,

03-30 10:50:10.212 26250 26325 D UTAnalytics:UTSqliteLogStore: pid:26250 pos,3,count,6,

03-30 10:50:10.212 26250 26325 D UTAnalytics:UTSqliteLogStore: pid:26250 pos,4,count,6,

03-30 10:50:10.212 26250 26325 D UTAnalytics:UTSqliteLogStore: pid:26250 pos,5,count,6,

03-30 10:50:10.213 26250 26325 D UTAnalytics:LogStoreMgr: pid:26250 [get],[Log [id=2303, eventId=1010, index=], Log [id=2304, eventId=65502, index=], Log [id=2305, eventId=2001, index=], Log [id=2306, eventId=2001, index=], Log [id=2307, eventId=2001, index=], Log [id=2308, eventId=65502, index=]],

03-30 10:50:10.218 26250 26325 D UTAnalytics:UploadTask: pid:26250 averagePackageSize:102.666664,

03-30 10:50:10.235  4116  4556 I XiaomiFirewall: firewall pkgName:com.orvibo.homemate, result:0x0

03-30 10:50:10.318 26250 26325 D UTAnalytics:UploadTask: pid:26250 url:http://adashbc.m.taobao.com/rest/sur?ak=23256401&av=2.3.0.300&c=null&v=3.0&s=fc6f091bc993900bc0a56ea81204480a9904ccf1&d=WJfwe%2BsntC4DAAdSBLpxQDCW&sv=2.5.1_for_bc&p=a&t=1490842210229&u=&is=1&k=0,

03-30 10:50:10.318 26250 26325 D UTAnalytics:UploadTask: pid:26250 result:{"t":1490842207509,"ret":"","success":"success"}

03-30 10:50:10.318 26250 26325 D UTAnalytics:UploadTask: ,

03-30 10:50:10.318 26250 26325 D UTAnalytics:UploadTask: pid:26250 winsize:350,

03-30 10:50:10.318 26250 26325 D UTAnalytics:LogStoreMgr: pid:26250 [Log [id=2303, eventId=1010, index=], Log [id=2304, eventId=65502, index=], Log [id=2305, eventId=2001, index=], Log [id=2306, eventId=2001, index=], Log [id=2307, eventId=2001, index=], Log [id=2308, eventId=65502, index=]],

03-30 10:50:10.338   379   493 I ThermalEngine: Sensor:batt_temp:366 mC

03-30 10:50:10.343 26250 26325 D UTAnalytics:UTSqliteLogStore: pid:26250 delete ,6, isSuccess:true,

03-30 10:50:10.343 26250 26325 D UTAnalytics:CoreStatics: pid:26250 [uploadInc]:6,count:6,

03-30 10:50:10.343 26250 26325 D UTAnalytics:CoreStatics: pid:26250 [uploadInc]:12,

03-30 10:50:10.343 26250 26325 D UTAnalytics:UploadTask: pid:26250 logs.size():6, selfMonitorLogCount:0,

03-30 10:50:10.343 26250 26325 D UTAnalytics:UploadTask: pid:26250 upload isSendSuccess:true, consume:100, delete consume:25,

03-30 10:50:10.787   379   472 I ThermalEngine: Sensor:tsens_tz_sensor5:50000 mC

03-30 10:50:10.788   379   516 I ThermalEngine: Sensor:tsens_tz_sensor5:50000 mC

03-30 10:50:10.788   379   516 I ThermalEngine: TM Id 'CPU0_MONITOR' Sensor 'cpu0' - alarm cleared 1 at 50.0 degC

03-30 10:50:10.789   379   516 I ThermalEngine: ACTION: CPU - Setting CPU[0] to 2457600

03-30 10:50:10.789   379   516 I ThermalEngine: Mitigation:CPU[0]:2457600 Khz

03-30 10:50:10.789   379   516 I ThermalEngine: ACTION: CPU - Setting CPU[1] to 2457600

03-30 10:50:10.789   379   516 E ThermalEngine: Failed to set desired CPU[1] frequency limit to 2457600

03-30 10:50:10.789   379   516 I ThermalEngine: ACTION: CPU - Setting CPU[2] to 2457600

03-30 10:50:10.789   379   516 E ThermalEngine: Failed to set desired CPU[2] frequency limit to 2457600

03-30 10:50:10.789   379   516 I ThermalEngine: ACTION: CPU - Setting CPU[3] to 2457600

03-30 10:50:10.789   379   516 I ThermalEngine: Mitigation:CPU[3]:2457600 Khz

03-30 10:50:10.822  6151  6186 I octvm_klo: read wakeups from wakealarm_fd:1

03-30 10:50:10.822  6151  6186 I octvm_klo: new timerfd interval:

03-30 10:50:10.822  6151  6186 I octvm_klo: 	itval.it_interval.tv_sec 1, itval.it_interval.tv_nsec 0

03-30 10:50:10.822  6151  6186 I octvm_klo: 	itval.it_value.tv_sec 0, itval.it_value.tv_nsec 999997916

03-30 10:50:11.339   379   493 I ThermalEngine: Sensor:batt_temp:365 mC

03-30 10:50:11.822  6151  6186 I octvm_klo: read wakeups from wakealarm_fd:1

03-30 10:50:11.822  6151  6186 I octvm_klo: new timerfd interval:

03-30 10:50:11.822  6151  6186 I octvm_klo: 	itval.it_interval.tv_sec 1, itval.it_interval.tv_nsec 0

03-30 10:50:11.822  6151  6186 I octvm_klo: 	itval.it_value.tv_sec 0, itval.it_value.tv_nsec 999997240

03-30 10:50:12.341   379   493 I ThermalEngine: Sensor:batt_temp:365 mC

03-30 10:50:12.479  3745  3745 D wpa_supplicant: wlan0: Control interface command 'SIGNAL_POLL'

03-30 10:50:12.495  3745  3745 D wpa_supplicant: CTRL-DEBUG: global_ctrl_sock-sendto: sock=11 sndbuf=163840 outq=0 send_len=49

03-30 10:50:12.822  6151  6186 I octvm_klo: read wakeups from wakealarm_fd:1

03-30 10:50:12.822  6151  6186 I octvm_klo: new timerfd interval:

03-30 10:50:12.822  6151  6186 I octvm_klo: 	itval.it_interval.tv_sec 1, itval.it_interval.tv_nsec 0

03-30 10:50:12.822  6151  6186 I octvm_klo: 	itval.it_value.tv_sec 0, itval.it_value.tv_nsec 999996875

03-30 10:50:12.904 26250 26325 D UTAnalytics:LogStoreMgr: pid:26250 [store],

03-30 10:50:12.908 26250 26325 D UTAnalytics:UTSqliteLogStore: pid:26250 sql:SELECT * FROM log ORDER BY time ASC  LIMIT 350,

03-30 10:50:12.909 26250 26325 D UTAnalytics:LogStoreMgr: pid:26250 [get],[],

03-30 10:50:12.917 26250 26325 D UTAnalytics:UploadEngine: pid:26250 UTDC.bBackground:false,AppInfoUtil.isForeground(UTDC.getContext()) ,true,

03-30 10:50:12.927 26250 26325 D UTAnalytics:UploadTask: pid:26250 mPeriod:30000,

03-30 10:50:13.347   379   493 I ThermalEngine: Sensor:batt_temp:365 mC

03-30 10:50:13.830  6151  6186 I octvm_klo: read wakeups from wakealarm_fd:1

03-30 10:50:13.834  6151  6186 I octvm_klo: new timerfd interval:

03-30 10:50:13.834  6151  6186 I octvm_klo: 	itval.it_interval.tv_sec 1, itval.it_interval.tv_nsec 0

03-30 10:50:13.834  6151  6186 I octvm_klo: 	itval.it_value.tv_sec 0, itval.it_value.tv_nsec 999994270

03-30 10:50:14.146 26250 26323 D UTAnalytics:LogStoreMgr: pid:26250 [store],

03-30 10:50:14.348   379   493 I ThermalEngine: Sensor:batt_temp:365 mC

03-30 10:50:14.830  6151  6186 I octvm_klo: read wakeups from wakealarm_fd:1

03-30 10:50:14.830  6151  6186 I octvm_klo: new timerfd interval:

03-30 10:50:14.830  6151  6186 I octvm_klo: 	itval.it_interval.tv_sec 1, itval.it_interval.tv_nsec 0

03-30 10:50:14.830  6151  6186 I octvm_klo: 	itval.it_value.tv_sec 0, itval.it_value.tv_nsec 999994532

03-30 10:50:15.349   379   493 I ThermalEngine: Sensor:batt_temp:365 mC

03-30 10:50:15.502  3745  3745 D wpa_supplicant: wlan0: Control interface command 'SIGNAL_POLL'

03-30 10:50:15.518  3745  3745 D wpa_supplicant: CTRL-DEBUG: global_ctrl_sock-sendto: sock=11 sndbuf=163840 outq=0 send_len=49

03-30 10:50:15.574 26204 26212 I art     : Background sticky concurrent mark sweep GC freed 295859(16MB) AllocSpace objects, 0(0B) LOS objects, 91% free, 1514KB/17MB, paused 521us total 100.377ms

03-30 10:50:15.830  6151  6186 I octvm_klo: read wakeups from wakealarm_fd:1

03-30 10:50:15.830  6151  6186 I octvm_klo: new timerfd interval:

03-30 10:50:15.830  6151  6186 I octvm_klo: 	itval.it_interval.tv_sec 1, itval.it_interval.tv_nsec 0

03-30 10:50:15.830  6151  6186 I octvm_klo: 	itval.it_value.tv_sec 0, itval.it_value.tv_nsec 999995157

03-30 10:50:16.173  4569  7585 D FrozenAppController: FrozenAPP, is HasProcessOOMTooLow

03-30 10:50:16.173  4569  7585 D FrozenAppController: >>> event = 22 >>> state = 2 uid 10124

03-30 10:50:16.173  4569  7585 V FrozenAppController:     >>>>  MSG_FROZEN_APP : { uid: 10124 mState:2 mEvent:22 mIsForeground:false mLocationPolicy:0}

03-30 10:50:16.351   379   493 I ThermalEngine: Sensor:batt_temp:365 mC

03-30 10:50:16.422  4569  7585 D FrozenAppController: FrozenAPP, is HasProcessOOMTooLow

03-30 10:50:16.422  4569  7585 D FrozenAppController: >>> event = 22 >>> state = 0 uid 10120

03-30 10:50:16.422  4569  7585 V FrozenAppController:     >>>>  MSG_FROZEN_APP : { uid: 10120 mState:0 mEvent:22 mIsForeground:false mLocationPolicy:255}

03-30 10:50:16.440  4569  7585 D FrozenAppController: FrozenAPP, is HasProcessOOMTooLow

03-30 10:50:16.440  4569  7585 D FrozenAppController: >>> event = 22 >>> state = 0 uid 10120

03-30 10:50:16.440  4569  7585 V FrozenAppController:     >>>>  MSG_FROZEN_APP : { uid: 10120 mState:0 mEvent:22 mIsForeground:false mLocationPolicy:255}

03-30 10:50:16.830  6151  6186 I octvm_klo: read wakeups from wakealarm_fd:1

03-30 10:50:16.831  6151  6186 I octvm_klo: new timerfd interval:

03-30 10:50:16.831  6151  6186 I octvm_klo: 	itval.it_interval.tv_sec 1, itval.it_interval.tv_nsec 0

03-30 10:50:16.831  6151  6186 I octvm_klo: 	itval.it_value.tv_sec 0, itval.it_value.tv_nsec 999992136

03-30 10:50:17.061  4116  4556 I XiaomiFirewall: firewall pkgName:com.sina.weibo, result:0x0

03-30 10:50:17.142  4229  4367 W WtProcessController: do not trim { PackageName :com.orvibo.homemate Pid: 26250 Uid: 10143 Start by: activity Score:100 Old score:100 state:0 mBackgroundTimeInMillis:0 WakelockCount:0 wakelogsize:0  ActivityDestroied:false Activity size: 1 PackageInfo:{WhetstonePackageInfo#PacakgeName:com.orvibo.homemate uid:10143 uiMemoryThresold:0 nonUiMemoryThresold:0 Flag:1073745984,0x40001040 [,TRIMHEAPS,FLAG_DEAL_SCHEDULE] Type:64[,AUTO_START] } tasknum:17566}

03-30 10:50:17.352   379   493 I ThermalEngine: Sensor:batt_temp:365 mC

03-30 10:50:17.830  6151  6186 I octvm_klo: read wakeups from wakealarm_fd:1

03-30 10:50:17.831  6151  6186 I octvm_klo: new timerfd interval:

03-30 10:50:17.831  6151  6186 I octvm_klo: 	itval.it_interval.tv_sec 1, itval.it_interval.tv_nsec 0

03-30 10:50:17.831  6151  6186 I octvm_klo: 	itval.it_value.tv_sec 0, itval.it_value.tv_nsec 999996980

03-30 10:50:18.353   379   493 I ThermalEngine: Sensor:batt_temp:365 mC

03-30 10:50:18.527  3745  3745 D wpa_supplicant: wlan0: Control interface command 'SIGNAL_POLL'

03-30 10:50:18.542  3745  3745 D wpa_supplicant: CTRL-DEBUG: global_ctrl_sock-sendto: sock=11 sndbuf=163840 outq=0 send_len=49

03-30 10:50:18.831  6151  6186 I octvm_klo: read wakeups from wakealarm_fd:1

03-30 10:50:18.831  6151  6186 I octvm_klo: new timerfd interval:

03-30 10:50:18.831  6151  6186 I octvm_klo: 	itval.it_interval.tv_sec 1, itval.it_interval.tv_nsec 0

03-30 10:50:18.831  6151  6186 I octvm_klo: 	itval.it_value.tv_sec 0, itval.it_value.tv_nsec 999997448

03-30 10:50:18.929  4223  4223 I PowerUtils: Device name:virgo

03-30 10:50:18.942  4223  4223 I PowerUtils: Device name:virgo

03-30 10:50:18.946  4223  4223 W BatteryChargeTimeHelper: Use max, leftChargeTime 7346673 maxChargeTime 4568000

03-30 10:50:18.961  2044  2044 V NotificationService: pkg=com.miui.securitycenter canInterrupt=true intercept=true

03-30 10:50:18.964  4223  4223 I PowerSaveService: Update connected notification, charging true

03-30 10:50:18.969  3746 19055 D StatusBar: onNotificationPosted:  Key: 0|com.miui.securitycenter|2131296947|null|1000 GroupKey: 0|com.miui.securitycenter|2131296947|null|1000 Connected: true

03-30 10:50:18.972  3746  3746 D StatusBar:  GroupChild: false  GroupsContainsKey: false  IsUpdate: true IsGroupSummary: false hasIcon: true

03-30 10:50:18.973  3746  3746 D PhoneStatusBar: updateNotification pkg=com.miui.securitycenter;id=2131296947

03-30 10:50:19.007  4116  4556 I XiaomiFirewall: firewall pkgName:com.orvibo.homemate, result:0x0

03-30 10:50:19.355   379   493 I ThermalEngine: Sensor:batt_temp:365 mC

03-30 10:50:19.835  6151  6186 I octvm_klo: read wakeups from wakealarm_fd:1

03-30 10:50:19.835  6151  6186 I octvm_klo: new timerfd interval:

03-30 10:50:19.835  6151  6186 I octvm_klo: 	itval.it_interval.tv_sec 1, itval.it_interval.tv_nsec 0

03-30 10:50:19.835  6151  6186 I octvm_klo: 	itval.it_value.tv_sec 0, itval.it_value.tv_nsec 999994895

03-30 10:50:20.111  2044  3620 D WifiStateMachine: starting scan for "56.1_neiwang"-WPA_PSK with 5280,2412

03-30 10:50:20.112  3745  3745 D wpa_supplicant: wlan0: Control interface command 'SCAN TYPE=ONLY freq=5280,2412'

03-30 10:50:20.112  3745  3745 D wpa_supplicant: wlan0: Setting scan request: 0.000000 sec

03-30 10:50:20.116  3745  3745 D wpa_supplicant: CTRL-DEBUG: global_ctrl_sock-sendto: sock=11 sndbuf=163840 outq=0 send_len=3

03-30 10:50:20.116  3745  3745 D wpa_supplicant: wlan0: Starting AP scan for wildcard SSID

03-30 10:50:20.116  3745  3745 D wpa_supplicant: wlan0: Limit manual scan to specified channels

03-30 10:50:20.116  3745  3745 D wpa_supplicant: wlan0: Add radio work 'scan'@0xb68d9398

03-30 10:50:20.116  3745  3745 D wpa_supplicant: wlan0: First radio work item in the queue - schedule start immediately

03-30 10:50:20.116  3745  3745 D wpa_supplicant: wlan0: Starting radio work 'scan'@0xb68d9398 after 0.000123 second wait

03-30 10:50:20.116  3745  3745 D wpa_supplicant: wlan0: nl80211: scan request

03-30 10:50:20.116  3745  3745 D wpa_supplicant: nl80211: Scan SSID - hexdump(len=0): [NULL]

03-30 10:50:20.116  3745  3745 D wpa_supplicant: nl80211: Scan extra IEs - hexdump(len=7): 7f 05 00 00 0a 02 01

03-30 10:50:20.116  3745  3745 D wpa_supplicant: nl80211: Scan frequency 2412 MHz

03-30 10:50:20.117  3745  3745 D wpa_supplicant: nl80211: Scan frequency 5280 MHz

03-30 10:50:20.133  3745  3745 D wpa_supplicant: Scan requested (ret=0) - scan timeout 30 seconds

03-30 10:50:20.133  3745  3745 D wpa_supplicant: nl80211: Event message available

03-30 10:50:20.133  3745  3745 D wpa_supplicant: nl80211: Drv Event 33 (NL80211_CMD_TRIGGER_SCAN) received for wlan0

03-30 10:50:20.133  3745  3745 D wpa_supplicant: wlan0: nl80211: Scan trigger

03-30 10:50:20.133  3745  3745 D wpa_supplicant: wlan0: Event SCAN_STARTED (47) received

03-30 10:50:20.133  3745  3745 D wpa_supplicant: wlan0: Own scan request started a scan in 0.000370 seconds

03-30 10:50:20.133  3745  3745 D wpa_supplicant: CTRL-DEBUG: ctrl_sock-sendmsg: sock=11 sndbuf=163840 outq=0 send_len=24

03-30 10:50:20.141  3745  3745 D wpa_supplicant: CTRL_IFACE monitor sent successfully to /data/misc/wifi/sockets/wpa_ctrl_2044-2\x00

03-30 10:50:20.190  2044  3741 D WifiHAL : Read rolling over to the start of ring buffer

03-30 10:50:20.260  3745  3745 D wpa_supplicant: nl80211: Event message available

03-30 10:50:20.260  3745  3745 D wpa_supplicant: nl80211: Drv Event 34 (NL80211_CMD_NEW_SCAN_RESULTS) received for wlan0

03-30 10:50:20.260  3745  3745 D wpa_supplicant: wlan0: nl80211: New scan results available

03-30 10:50:20.260  3745  3745 D wpa_supplicant: nl80211: Scan included frequencies: 2412 5280

03-30 10:50:20.260  3745  3745 D wpa_supplicant: wlan0: Event SCAN_RESULTS (3) received

03-30 10:50:20.260  3745  3745 D wpa_supplicant: wlan0: Scan completed in 0.126877 seconds

03-30 10:50:20.260  3745  3745 D wpa_supplicant: nl80211: Associated on 5280 MHz

03-30 10:50:20.260  3745  3745 D wpa_supplicant: nl80211: Associated with cc:81:da:9c:13:28

03-30 10:50:20.261  3745  3745 D wpa_supplicant: nl80211: Received scan results (28 BSSes)

03-30 10:50:20.261  3745  3745 D wpa_supplicant: nl80211: Scan results indicate BSS status with cc:81:da:9c:13:28 as associated

03-30 10:50:20.261  3745  3745 D wpa_supplicant: wlan0: BSS: Start scan result update 5297

03-30 10:50:20.261  3745  3745 D wpa_supplicant: wlan0: BSS: Remove id 8646 BSSID 20:76:93:24:bd:70 SSID 'wukong222' due to no match in scan

03-30 10:50:20.261  3745  3745 D wpa_supplicant: CTRL-DEBUG: ctrl_sock-sendmsg: sock=11 sndbuf=163840 outq=0 send_len=45

03-30 10:50:20.261  3745  3745 D wpa_supplicant: CTRL_IFACE monitor sent successfully to /data/misc/wifi/sockets/wpa_ctrl_2044-2\x00

03-30 10:50:20.261  3745  3745 D wpa_supplicant: BSS: last_scan_res_used=28/64

03-30 10:50:20.261  3745  3745 D wpa_supplicant: wlan0: Scan-only results received

03-30 10:50:20.261  3745  3745 D wpa_supplicant: CTRL-DEBUG: ctrl_sock-sendmsg: sock=11 sndbuf=163840 outq=448 send_len=24

03-30 10:50:20.261  3745  3745 D wpa_supplicant: CTRL_IFACE monitor sent successfully to /data/misc/wifi/sockets/wpa_ctrl_2044-2\x00

03-30 10:50:20.261  3745  3745 D wpa_supplicant: wlan0: Radio work 'scan'@0xb68d9398 done in 0.145232 seconds

03-30 10:50:20.282  3745  3745 D wpa_supplicant: CTRL-DEBUG: global_ctrl_sock-sendto: sock=11 sndbuf=163840 outq=0 send_len=3541

03-30 10:50:20.287  3745  3745 D wpa_supplicant: RTM_NEWLINK: ifi_index=22 ifname=wlan0 wext ifi_family=0 ifi_flags=0x11043 ([UP][RUNNING][LOWER_UP])

03-30 10:50:20.293  3745  3745 D wpa_supplicant: CTRL-DEBUG: global_ctrl_sock-sendto: sock=11 sndbuf=163840 outq=0 send_len=3770

03-30 10:50:20.303  3745  3745 D wpa_supplicant: CTRL-DEBUG: global_ctrl_sock-sendto: sock=11 sndbuf=163840 outq=0 send_len=3800

03-30 10:50:20.309  3745  3745 D wpa_supplicant: CTRL-DEBUG: global_ctrl_sock-sendto: sock=11 sndbuf=163840 outq=0 send_len=3634

03-30 10:50:20.315  3745  3745 D wpa_supplicant: CTRL-DEBUG: global_ctrl_sock-sendto: sock=11 sndbuf=163840 outq=0 send_len=3382

03-30 10:50:20.356   379   493 I ThermalEngine: Sensor:batt_temp:366 mC

03-30 10:50:20.364  3745  3745 D wpa_supplicant: EAPOL: EAP Session-Id not available

03-30 10:50:20.364  3745  3745 D wpa_supplicant: CTRL-DEBUG: global_ctrl_sock-sendto: sock=11 sndbuf=163840 outq=0 send_len=279

03-30 10:50:20.835  6151  6186 I octvm_klo: read wakeups from wakealarm_fd:1

03-30 10:50:20.835  6151  6186 I octvm_klo: new timerfd interval:

03-30 10:50:20.835  6151  6186 I octvm_klo: 	itval.it_interval.tv_sec 1, itval.it_interval.tv_nsec 0

03-30 10:50:20.835  6151  6186 I octvm_klo: 	itval.it_value.tv_sec 0, itval.it_value.tv_nsec 999995677

03-30 10:50:21.359   379   493 I ThermalEngine: Sensor:batt_temp:365 mC

03-30 10:50:21.548  3745  3745 D wpa_supplicant: wlan0: Control interface command 'SIGNAL_POLL'

03-30 10:50:21.551  3745  3745 D wpa_supplicant: CTRL-DEBUG: global_ctrl_sock-sendto: sock=11 sndbuf=163840 outq=0 send_len=49

03-30 10:50:21.835  6151  6186 I octvm_klo: read wakeups from wakealarm_fd:1

03-30 10:50:21.835  6151  6186 I octvm_klo: new timerfd interval:

03-30 10:50:21.835  6151  6186 I octvm_klo: 	itval.it_interval.tv_sec 1, itval.it_interval.tv_nsec 0

03-30 10:50:21.835  6151  6186 I octvm_klo: 	itval.it_value.tv_sec 0, itval.it_value.tv_nsec 999995625

03-30 10:50:22.361   379   493 I ThermalEngine: Sensor:batt_temp:365 mC

03-30 10:50:22.835  6151  6186 I octvm_klo: read wakeups from wakealarm_fd:1

03-30 10:50:22.836  6151  6186 I octvm_klo: new timerfd interval:

03-30 10:50:22.836  6151  6186 I octvm_klo: 	itval.it_interval.tv_sec 1, itval.it_interval.tv_nsec 0

03-30 10:50:22.836  6151  6186 I octvm_klo: 	itval.it_value.tv_sec 0, itval.it_value.tv_nsec 999990000

03-30 10:50:23.362   379   493 I ThermalEngine: Sensor:batt_temp:365 mC

03-30 10:50:23.836  6151  6186 I octvm_klo: read wakeups from wakealarm_fd:1

03-30 10:50:23.836  6151  6186 I octvm_klo: new timerfd interval:

03-30 10:50:23.836  6151  6186 I octvm_klo: 	itval.it_interval.tv_sec 1, itval.it_interval.tv_nsec 0

03-30 10:50:23.836  6151  6186 I octvm_klo: 	itval.it_value.tv_sec 0, itval.it_value.tv_nsec 999991458

03-30 10:50:24.364   379   493 I ThermalEngine: Sensor:batt_temp:365 mC

03-30 10:50:24.564  3745  3745 D wpa_supplicant: wlan0: Control interface command 'SIGNAL_POLL'

03-30 10:50:24.568  3745  3745 D wpa_supplicant: CTRL-DEBUG: global_ctrl_sock-sendto: sock=11 sndbuf=163840 outq=0 send_len=49

03-30 10:50:24.836  6151  6186 I octvm_klo: read wakeups from wakealarm_fd:1

03-30 10:50:24.836  6151  6186 I octvm_klo: new timerfd interval:

03-30 10:50:24.836  6151  6186 I octvm_klo: 	itval.it_interval.tv_sec 1, itval.it_interval.tv_nsec 0

03-30 10:50:24.836  6151  6186 I octvm_klo: 	itval.it_value.tv_sec 0, itval.it_value.tv_nsec 999991458

03-30 10:50:25.191  4116  4556 I XiaomiFirewall: firewall pkgName:com.orvibo.homemate, result:0x0

03-30 10:50:25.365   379   493 I ThermalEngine: Sensor:batt_temp:365 mC

03-30 10:50:25.836  6151  6186 I octvm_klo: read wakeups from wakealarm_fd:1

03-30 10:50:25.836  6151  6186 I octvm_klo: new timerfd interval:

03-30 10:50:25.836  6151  6186 I octvm_klo: 	itval.it_interval.tv_sec 1, itval.it_interval.tv_nsec 0

03-30 10:50:25.836  6151  6186 I octvm_klo: 	itval.it_value.tv_sec 0, itval.it_value.tv_nsec 999997239

03-30 10:50:26.366   379   493 I ThermalEngine: Sensor:batt_temp:365 mC

03-30 10:50:26.839  6151  6186 I octvm_klo: read wakeups from wakealarm_fd:1

03-30 10:50:26.839  6151  6186 I octvm_klo: new timerfd interval:

03-30 10:50:26.839  6151  6186 I octvm_klo: 	itval.it_interval.tv_sec 1, itval.it_interval.tv_nsec 0

03-30 10:50:26.839  6151  6186 I octvm_klo: 	itval.it_value.tv_sec 0, itval.it_value.tv_nsec 999996302

03-30 10:50:27.367   379   493 I ThermalEngine: Sensor:batt_temp:365 mC

03-30 10:50:27.579  3745  3745 D wpa_supplicant: wlan0: Control interface command 'SIGNAL_POLL'

03-30 10:50:27.594  3745  3745 D wpa_supplicant: CTRL-DEBUG: global_ctrl_sock-sendto: sock=11 sndbuf=163840 outq=0 send_len=49

03-30 10:50:27.840  6151  6186 I octvm_klo: read wakeups from wakealarm_fd:1

03-30 10:50:27.840  6151  6186 I octvm_klo: new timerfd interval:

03-30 10:50:27.840  6151  6186 I octvm_klo: 	itval.it_interval.tv_sec 1, itval.it_interval.tv_nsec 0

03-30 10:50:27.840  6151  6186 I octvm_klo: 	itval.it_value.tv_sec 0, itval.it_value.tv_nsec 999996458

03-30 10:50:28.369   379   493 I ThermalEngine: Sensor:batt_temp:365 mC

03-30 10:50:28.840  6151  6186 I octvm_klo: read wakeups from wakealarm_fd:1

03-30 10:50:28.840  6151  6186 I octvm_klo: new timerfd interval:

03-30 10:50:28.840  6151  6186 I octvm_klo: 	itval.it_interval.tv_sec 1, itval.it_interval.tv_nsec 0

03-30 10:50:28.840  6151  6186 I octvm_klo: 	itval.it_value.tv_sec 0, itval.it_value.tv_nsec 999992708

03-30 10:50:29.370   379   493 I ThermalEngine: Sensor:batt_temp:365 mC

03-30 10:50:29.840  6151  6186 I octvm_klo: read wakeups from wakealarm_fd:1
