03-30 10:39:13.320 14736 14838 D HomeMate: comm[ Thread-44454: FileTool.java:65 deleteOldFiles() ] - deleteOldFiles()-fileName:HomeMate_20170316171010.935.txt

03-30 10:39:13.320 14736 14838 D HomeMate: comm[ Thread-44454: FileTool.java:65 deleteOldFiles() ] - deleteOldFiles()-fileName:HomeMate_20170316170856.935.txt

03-30 10:39:13.321 14736 14838 D HomeMate: comm[ Thread-44454: FileTool.java:65 deleteOldFiles() ] - deleteOldFiles()-fileName:HomeMate_20170316170620.582.txt

03-30 10:39:13.321 14736 14838 D HomeMate: comm[ Thread-44454: FileTool.java:65 deleteOldFiles() ] - deleteOldFiles()-fileName:HomeMate_20170316170327.907.txt

03-30 10:39:13.321 14736 14838 D HomeMate: comm[ Thread-44454: FileTool.java:65 deleteOldFiles() ] - deleteOldFiles()-fileName:HomeMate_20170316170207.185.txt

03-30 10:39:13.322 14736 14838 D HomeMate: comm[ Thread-44454: FileTool.java:65 deleteOldFiles() ] - deleteOldFiles()-fileName:HomeMate_20170316170132.198.txt

03-30 10:39:13.322 14736 14838 D HomeMate: comm[ Thread-44454: FileTool.java:65 deleteOldFiles() ] - deleteOldFiles()-fileName:HomeMate_20170316170048.760.txt

03-30 10:39:13.322 14736 14838 D HomeMate: comm[ Thread-44454: FileTool.java:65 deleteOldFiles() ] - deleteOldFiles()-fileName:HomeMate_20170316165931.946.txt

03-30 10:39:13.323 14736 14838 D HomeMate: comm[ Thread-44454: FileTool.java:65 deleteOldFiles() ] - deleteOldFiles()-fileName:HomeMate_20170316165858.632.txt

03-30 10:39:13.324 14736 14838 D HomeMate: comm[ Thread-44454: FileTool.java:65 deleteOldFiles() ] - deleteOldFiles()-fileName:HomeMate_20170316165753.793.txt

03-30 10:39:13.324 14736 14838 D HomeMate: comm[ Thread-44454: FileTool.java:65 deleteOldFiles() ] - deleteOldFiles()-fileName:HomeMate_20170316165655.612.txt

03-30 10:39:13.324 14736 14838 D HomeMate: comm[ Thread-44454: FileTool.java:65 deleteOldFiles() ] - deleteOldFiles()-fileName:HomeMate_20170316165604.904.txt

03-30 10:39:13.325 14736 14838 D HomeMate: comm[ Thread-44454: FileTool.java:65 deleteOldFiles() ] - deleteOldFiles()-fileName:HomeMate_20170316165443.605.txt

03-30 10:39:13.325 14736 14838 D HomeMate: comm[ Thread-44454: FileTool.java:65 deleteOldFiles() ] - deleteOldFiles()-fileName:HomeMate_20170316165347.316.txt

03-30 10:39:13.325 14736 14838 D HomeMate: comm[ Thread-44454: FileTool.java:65 deleteOldFiles() ] - deleteOldFiles()-fileName:HomeMate_20170316165250.233.txt

03-30 10:39:13.326 14736 14838 D HomeMate: comm[ Thread-44454: FileTool.java:65 deleteOldFiles() ] - deleteOldFiles()-fileName:HomeMate_20170316165208.268.txt

03-30 10:39:13.326 14736 14838 D HomeMate: comm[ Thread-44454: FileTool.java:65 deleteOldFiles() ] - deleteOldFiles()-fileName:HomeMate_20170316165129.676.txt

03-30 10:39:13.326 14736 14838 D HomeMate: comm[ Thread-44454: FileTool.java:65 deleteOldFiles() ] - deleteOldFiles()-fileName:HomeMate_20170316165013.461.txt

03-30 10:39:13.327 14736 14838 D HomeMate: comm[ Thread-44454: FileTool.java:65 deleteOldFiles() ] - deleteOldFiles()-fileName:HomeMate_20170316164904.681.txt

03-30 10:39:13.327 14736 14736 D HomeMate: allen[ main: HomeFragment.java:209 onResume() ] - onResume()

03-30 10:39:13.327 14736 14838 D HomeMate: comm[ Thread-44454: FileTool.java:65 deleteOldFiles() ] - deleteOldFiles()-fileName:HomeMate_20170316164830.481.txt

03-30 10:39:13.327 14736 14838 D HomeMate: comm[ Thread-44454: FileTool.java:65 deleteOldFiles() ] - deleteOldFiles()-fileName:HomeMate_20170316164756.267.txt

03-30 10:39:13.328 14736 14838 D HomeMate: comm[ Thread-44454: FileTool.java:65 deleteOldFiles() ] - deleteOldFiles()-fileName:HomeMate_20170316164719.976.txt

03-30 10:39:13.331 14736 14838 D HomeMate: comm[ Thread-44454: FileTool.java:65 deleteOldFiles() ] - deleteOldFiles()-fileName:HomeMate_20170316164637.242.txt

03-30 10:39:13.331 14736 14838 D HomeMate: comm[ Thread-44454: FileTool.java:65 deleteOldFiles() ] - deleteOldFiles()-fileName:HomeMate_20170316164545.565.txt

03-30 10:39:13.332 14736 14838 D HomeMate: comm[ Thread-44454: FileTool.java:65 deleteOldFiles() ] - deleteOldFiles()-fileName:HomeMate_20170316164434.118.txt

03-30 10:39:13.332 14736 14838 D HomeMate: comm[ Thread-44454: FileTool.java:65 deleteOldFiles() ] - deleteOldFiles()-fileName:HomeMate_20170316164357.153.txt

03-30 10:39:13.332 14736 14838 D HomeMate: comm[ Thread-44454: FileTool.java:65 deleteOldFiles() ] - deleteOldFiles()-fileName:HomeMate_20170316164324.603.txt

03-30 10:39:13.333 14736 14838 D HomeMate: comm[ Thread-44454: FileTool.java:65 deleteOldFiles() ] - deleteOldFiles()-fileName:HomeMate_20170316164222.699.txt

03-30 10:39:13.333 14736 14838 D HomeMate: comm[ Thread-44454: FileTool.java:65 deleteOldFiles() ] - deleteOldFiles()-fileName:HomeMate_20170316164059.740.txt

03-30 10:39:13.333 14736 14838 D HomeMate: comm[ Thread-44454: FileTool.java:65 deleteOldFiles() ] - deleteOldFiles()-fileName:HomeMate_20170316164000.538.txt

03-30 10:39:13.334 14736 14838 D HomeMate: comm[ Thread-44454: FileTool.java:65 deleteOldFiles() ] - deleteOldFiles()-fileName:HomeMate_20170316163928.231.txt

03-30 10:39:13.334 14736 14838 D HomeMate: comm[ Thread-44454: FileTool.java:65 deleteOldFiles() ] - deleteOldFiles()-fileName:HomeMate_20170316163802.063.txt

03-30 10:39:13.334 14736 14838 D HomeMate: comm[ Thread-44454: FileTool.java:65 deleteOldFiles() ] - deleteOldFiles()-fileName:HomeMate_20170316163729.162.txt

03-30 10:39:13.335 14736 14838 D HomeMate: comm[ Thread-44454: FileTool.java:65 deleteOldFiles() ] - deleteOldFiles()-fileName:HomeMate_20170316163654.626.txt

03-30 10:39:13.335 14736 14838 D HomeMate: comm[ Thread-44454: FileTool.java:65 deleteOldFiles() ] - deleteOldFiles()-fileName:HomeMate_20170316163304.030.txt

03-30 10:39:13.335 14736 14838 D HomeMate: comm[ Thread-44454: FileTool.java:65 deleteOldFiles() ] - deleteOldFiles()-fileName:HomeMate_20170316162743.464.txt

03-30 10:39:13.335 14736 14838 D HomeMate: comm[ Thread-44454: FileTool.java:65 deleteOldFiles() ] - deleteOldFiles()-fileName:HomeMate_20170316162212.462.txt

03-30 10:39:13.336 14736 14838 D HomeMate: comm[ Thread-44454: FileTool.java:65 deleteOldFiles() ] - deleteOldFiles()-fileName:HomeMate_20170316161206.276.txt

03-30 10:39:13.336 14736 14838 D HomeMate: comm[ Thread-44454: FileTool.java:65 deleteOldFiles() ] - deleteOldFiles()-fileName:HomeMate_20170316154418.161.txt

03-30 10:39:13.336 14736 14838 D HomeMate: comm[ Thread-44454: FileTool.java:65 deleteOldFiles() ] - deleteOldFiles()-fileName:HomeMate_20170316154352.318.txt

03-30 10:39:13.337 14736 14838 D HomeMate: comm[ Thread-44454: FileTool.java:65 deleteOldFiles() ] - deleteOldFiles()-fileName:HomeMate_20170316154129.867.txt

03-30 10:39:13.337 14736 14838 D HomeMate: comm[ Thread-44454: FileTool.java:65 deleteOldFiles() ] - deleteOldFiles()-fileName:HomeMate_20170316154058.933.txt

03-30 10:39:13.337 14736 14838 D HomeMate: comm[ Thread-44454: FileTool.java:65 deleteOldFiles() ] - deleteOldFiles()-fileName:HomeMate_20170316153913.732.txt

03-30 10:39:13.338 14736 14838 D HomeMate: comm[ Thread-44454: FileTool.java:65 deleteOldFiles() ] - deleteOldFiles()-fileName:HomeMate_20170316153809.712.txt

03-30 10:39:13.338 14736 14838 D HomeMate: comm[ Thread-44454: FileTool.java:65 deleteOldFiles() ] - deleteOldFiles()-fileName:HomeMate_20170316153718.424.txt

03-30 10:39:13.338 14736 14838 D HomeMate: comm[ Thread-44454: FileTool.java:65 deleteOldFiles() ] - deleteOldFiles()-fileName:HomeMate_20170316153558.131.txt

03-30 10:39:13.339 14736 14838 D HomeMate: comm[ Thread-44454: FileTool.java:65 deleteOldFiles() ] - deleteOldFiles()-fileName:HomeMate_20170316153454.463.txt

03-30 10:39:13.339 14736 14838 D HomeMate: comm[ Thread-44454: FileTool.java:65 deleteOldFiles() ] - deleteOldFiles()-fileName:HomeMate_20170316153353.346.txt

03-30 10:39:13.339 14736 14838 D HomeMate: comm[ Thread-44454: FileTool.java:65 deleteOldFiles() ] - deleteOldFiles()-fileName:HomeMate_20170316153240.537.txt

03-30 10:39:13.340 14736 14838 D HomeMate: comm[ Thread-44454: FileTool.java:65 deleteOldFiles() ] - deleteOldFiles()-fileName:HomeMate_20170316153134.718.txt

03-30 10:39:13.340 14736 14838 D HomeMate: comm[ Thread-44454: FileTool.java:65 deleteOldFiles() ] - deleteOldFiles()-fileName:HomeMate_20170316153013.807.txt

03-30 10:39:13.340 14736 14838 D HomeMate: comm[ Thread-44454: FileTool.java:65 deleteOldFiles() ] - deleteOldFiles()-fileName:HomeMate_20170316152916.779.txt

03-30 10:39:13.341 14736 14838 D HomeMate: comm[ Thread-44454: FileTool.java:65 deleteOldFiles() ] - deleteOldFiles()-fileName:HomeMate_20170316152821.894.txt

03-30 10:39:13.341 14736 14838 D HomeMate: comm[ Thread-44454: FileTool.java:65 deleteOldFiles() ] - deleteOldFiles()-fileName:HomeMate_20170316152746.035.txt

03-30 10:39:13.341 14736 14838 D HomeMate: comm[ Thread-44454: FileTool.java:65 deleteOldFiles() ] - deleteOldFiles()-fileName:HomeMate_20170316152710.752.txt

03-30 10:39:13.342 14736 14838 D HomeMate: comm[ Thread-44454: FileTool.java:65 deleteOldFiles() ] - deleteOldFiles()-fileName:HomeMate_20170316152627.283.txt

03-30 10:39:13.342 14736 14838 D HomeMate: comm[ Thread-44454: FileTool.java:65 deleteOldFiles() ] - deleteOldFiles()-fileName:HomeMate_20170316152532.124.txt

03-30 10:39:13.342 14736 14838 D HomeMate: comm[ Thread-44454: FileTool.java:65 deleteOldFiles() ] - deleteOldFiles()-fileName:HomeMate_20170316152420.296.txt

03-30 10:39:13.343 14736 14838 D HomeMate: comm[ Thread-44454: FileTool.java:65 deleteOldFiles() ] - deleteOldFiles()-fileName:HomeMate_20170316152342.707.txt

03-30 10:39:13.343 14736 14838 D HomeMate: comm[ Thread-44454: FileTool.java:65 deleteOldFiles() ] - deleteOldFiles()-fileName:HomeMate_20170316152309.404.txt

03-30 10:39:13.343 14736 14838 D HomeMate: comm[ Thread-44454: FileTool.java:65 deleteOldFiles() ] - deleteOldFiles()-fileName:HomeMate_20170316151643.318.txt

03-30 10:39:13.344 14736 14838 D HomeMate: comm[ Thread-44454: FileTool.java:65 deleteOldFiles() ] - deleteOldFiles()-fileName:HomeMate_20170316151520.667.txt

03-30 10:39:13.344 14736 14937 W System  : ClassLoader referenced unknown path: /system/framework/tcmclient.jar

03-30 10:39:13.344 14736 14838 D HomeMate: comm[ Thread-44454: FileTool.java:65 deleteOldFiles() ] - deleteOldFiles()-fileName:HomeMate_20170316151446.775.txt

03-30 10:39:13.344 14736 14838 D HomeMate: comm[ Thread-44454: FileTool.java:65 deleteOldFiles() ] - deleteOldFiles()-fileName:HomeMate_20170316151412.891.txt

03-30 10:39:13.347 14736 14838 D HomeMate: comm[ Thread-44454: FileTool.java:65 deleteOldFiles() ] - deleteOldFiles()-fileName:HomeMate_20170316151329.913.txt

03-30 10:39:13.349 14736 14838 D HomeMate: comm[ Thread-44454: FileTool.java:65 deleteOldFiles() ] - deleteOldFiles()-fileName:HomeMate_20170316151234.532.txt

03-30 10:39:13.350 14736 14838 D HomeMate: comm[ Thread-44454: FileTool.java:65 deleteOldFiles() ] - deleteOldFiles()-fileName:HomeMate_20170316151121.638.txt

03-30 10:39:13.350 14736 14838 D HomeMate: comm[ Thread-44454: FileTool.java:65 deleteOldFiles() ] - deleteOldFiles()-fileName:HomeMate_20170316151044.337.txt

03-30 10:39:13.350 14736 14838 D HomeMate: comm[ Thread-44454: FileTool.java:65 deleteOldFiles() ] - deleteOldFiles()-fileName:HomeMate_20170316151008.804.txt

03-30 10:39:13.351 14736 14838 D HomeMate: comm[ Thread-44454: FileTool.java:65 deleteOldFiles() ] - deleteOldFiles()-fileName:HomeMate_20170316150931.925.txt

03-30 10:39:13.351 14736 14838 D HomeMate: comm[ Thread-44454: FileTool.java:65 deleteOldFiles() ] - deleteOldFiles()-fileName:HomeMate_20170316150858.065.txt

03-30 10:39:13.352 14736 14838 D HomeMate: comm[ Thread-44454: FileTool.java:65 deleteOldFiles() ] - deleteOldFiles()-fileName:HomeMate_20170316150400.945.txt

03-30 10:39:13.352 14736 14838 D HomeMate: comm[ Thread-44454: FileTool.java:65 deleteOldFiles() ] - deleteOldFiles()-fileName:HomeMate_20170316150052.126.txt

03-30 10:39:13.352 14736 14838 D HomeMate: comm[ Thread-44454: FileTool.java:65 deleteOldFiles() ] - deleteOldFiles()-fileName:HomeMate_20170316145945.765.txt

03-30 10:39:13.353 14736 14838 D HomeMate: comm[ Thread-44454: FileTool.java:65 deleteOldFiles() ] - deleteOldFiles()-fileName:HomeMate_20170316145754.903.txt

03-30 10:39:13.353 14736 14838 D HomeMate: comm[ Thread-44454: FileTool.java:65 deleteOldFiles() ] - deleteOldFiles()-fileName:HomeMate_20170316145745.663.txt

03-30 10:39:13.353 14736 14838 D HomeMate: comm[ Thread-44454: FileTool.java:65 deleteOldFiles() ] - deleteOldFiles()-fileName:HomeMate_20170316145700.005.txt

03-30 10:39:13.354 14736 14838 D HomeMate: comm[ Thread-44454: FileTool.java:65 deleteOldFiles() ] - deleteOldFiles()-fileName:HomeMate_20170316145650.791.txt

03-30 10:39:13.354 14736 14838 D HomeMate: comm[ Thread-44454: FileTool.java:65 deleteOldFiles() ] - deleteOldFiles()-fileName:HomeMate_20170316145527.688.txt

03-30 10:39:13.354 14736 14838 D HomeMate: comm[ Thread-44454: FileTool.java:65 deleteOldFiles() ] - deleteOldFiles()-fileName:HomeMate_20170316145335.194.txt

03-30 10:39:13.355 14736 14838 D HomeMate: comm[ Thread-44454: FileTool.java:65 deleteOldFiles() ] - deleteOldFiles()-fileName:HomeMate_20170316145247.284.txt

03-30 10:39:13.355 14736 14838 D HomeMate: comm[ Thread-44454: FileTool.java:65 deleteOldFiles() ] - deleteOldFiles()-fileName:HomeMate_20170316145159.805.txt

03-30 10:39:13.355 14736 14838 D HomeMate: comm[ Thread-44454: FileTool.java:65 deleteOldFiles() ] - deleteOldFiles()-fileName:HomeMate_20170316145151.584.txt

03-30 10:39:13.356 14736 14838 D HomeMate: comm[ Thread-44454: FileTool.java:65 deleteOldFiles() ] - deleteOldFiles()-fileName:HomeMate_20170316145028.870.txt

03-30 10:39:13.359 14736 14838 D HomeMate: comm[ Thread-44454: FileTool.java:65 deleteOldFiles() ] - deleteOldFiles()-fileName:HomeMate_20170316144843.077.txt

03-30 10:39:13.361 14736 14838 D HomeMate: comm[ Thread-44454: FileTool.java:65 deleteOldFiles() ] - deleteOldFiles()-fileName:HomeMate_20170316144753.840.txt

03-30 10:39:13.363 14736 14838 D HomeMate: comm[ Thread-44454: FileTool.java:65 deleteOldFiles() ] - deleteOldFiles()-fileName:HomeMate_20170316144024.483.txt

03-30 10:39:13.363 14736 14838 D HomeMate: comm[ Thread-44454: FileTool.java:65 deleteOldFiles() ] - deleteOldFiles()-fileName:HomeMate_20170316142256.989.txt

03-30 10:39:13.365 14736 14838 D HomeMate: comm[ Thread-44454: FileTool.java:65 deleteOldFiles() ] - deleteOldFiles()-fileName:HomeMate_20170316142207.161.txt

03-30 10:39:13.365 14736 14838 D HomeMate: comm[ Thread-44454: FileTool.java:65 deleteOldFiles() ] - deleteOldFiles()-fileName:HomeMate_20170316141907.168.txt

03-30 10:39:13.365 14736 14838 D HomeMate: comm[ Thread-44454: FileTool.java:65 deleteOldFiles() ] - deleteOldFiles()-fileName:HomeMate_20170316140416.611.txt

03-30 10:39:13.366 14736 14838 D HomeMate: comm[ Thread-44454: FileTool.java:65 deleteOldFiles() ] - deleteOldFiles()-fileName:HomeMate_20170316140006.572.txt

03-30 10:39:13.368 14736 14838 D HomeMate: comm[ Thread-44454: FileTool.java:65 deleteOldFiles() ] - deleteOldFiles()-fileName:HomeMate_20170316135144.870.txt

03-30 10:39:13.368 14736 14838 D HomeMate: comm[ Thread-44454: FileTool.java:65 deleteOldFiles() ] - deleteOldFiles()-fileName:HomeMate_20170316135102.412.txt

03-30 10:39:13.368 14736 14838 D HomeMate: comm[ Thread-44454: FileTool.java:65 deleteOldFiles() ] - deleteOldFiles()-fileName:HomeMate_20170316134859.954.txt

03-30 10:39:13.369 14736 14838 D HomeMate: comm[ Thread-44454: FileTool.java:65 deleteOldFiles() ] - deleteOldFiles()-fileName:HomeMate_20170316134055.408.txt

03-30 10:39:13.369 14736 14838 D HomeMate: comm[ Thread-44454: FileTool.java:65 deleteOldFiles() ] - deleteOldFiles()-fileName:HomeMate_20170316133543.248.txt

03-30 10:39:13.370 14736 14838 D HomeMate: comm[ Thread-44454: FileTool.java:65 deleteOldFiles() ] - deleteOldFiles()-fileName:HomeMate_20170316133523.547.txt

03-30 10:39:13.374 14736 14838 D HomeMate: comm[ Thread-44454: FileTool.java:65 deleteOldFiles() ] - deleteOldFiles()-fileName:HomeMate_20170316121416.818.txt

03-30 10:39:13.374 14736 14838 D HomeMate: comm[ Thread-44454: FileTool.java:65 deleteOldFiles() ] - deleteOldFiles()-fileName:HomeMate_20170316120535.140.txt

03-30 10:39:13.375 14736 14838 D HomeMate: comm[ Thread-44454: FileTool.java:65 deleteOldFiles() ] - deleteOldFiles()-fileName:HomeMate_20170316120435.944.txt

03-30 10:39:13.375 14736 14838 D HomeMate: comm[ Thread-44454: FileTool.java:65 deleteOldFiles() ] - deleteOldFiles()-fileName:HomeMate_20170316120336.486.txt

03-30 10:39:13.376 14736 14838 D HomeMate: comm[ Thread-44454: FileTool.java:65 deleteOldFiles() ] - deleteOldFiles()-fileName:HomeMate_20170316120046.100.txt

03-30 10:39:13.376 14736 14838 D HomeMate: comm[ Thread-44454: FileTool.java:65 deleteOldFiles() ] - deleteOldFiles()-fileName:HomeMate_20170316115130.744.txt

03-30 10:39:13.377 14736 14838 D HomeMate: comm[ Thread-44454: FileTool.java:65 deleteOldFiles() ] - deleteOldFiles()-fileName:HomeMate_20170316115039.244.txt

03-30 10:39:13.377 14736 14838 D HomeMate: comm[ Thread-44454: FileTool.java:65 deleteOldFiles() ] - deleteOldFiles()-fileName:HomeMate_20170316114839.981.txt

03-30 10:39:13.377 14736 14838 D HomeMate: comm[ Thread-44454: FileTool.java:65 deleteOldFiles() ] - deleteOldFiles()-fileName:HomeMate_20170316114712.736.txt

03-30 10:39:13.378 14736 14838 D HomeMate: comm[ Thread-44454: FileTool.java:65 deleteOldFiles() ] - deleteOldFiles()-fileName:HomeMate_20170316114313.319.txt

03-30 10:39:13.380 14736 14838 D HomeMate: comm[ Thread-44454: FileTool.java:65 deleteOldFiles() ] - deleteOldFiles()-fileName:HomeMate_20170316114207.082.txt

03-30 10:39:13.380 14736 14736 D HomeMate: comm[ main: BaseFragment.java:74 onAttach() ] - HomePagerFragment

03-30 10:39:13.380 14736 14838 D HomeMate: comm[ Thread-44454: FileTool.java:65 deleteOldFiles() ] - deleteOldFiles()-fileName:HomeMate_20170316114137.392.txt

03-30 10:39:13.381 14736 14838 D HomeMate: comm[ Thread-44454: FileTool.java:65 deleteOldFiles() ] - deleteOldFiles()-fileName:HomeMate_20170316113834.210.txt

03-30 10:39:13.381 14736 14838 D HomeMate: comm[ Thread-44454: FileTool.java:65 deleteOldFiles() ] - deleteOldFiles()-fileName:HomeMate_20170316113015.880.txt

03-30 10:39:13.381 14736 14838 D HomeMate: comm[ Thread-44454: FileTool.java:65 deleteOldFiles() ] - deleteOldFiles()-fileName:HomeMate_20170316092744.595.txt

03-30 10:39:13.382 14736 14838 D HomeMate: comm[ Thread-44454: FileTool.java:65 deleteOldFiles() ] - deleteOldFiles()-fileName:HomeMate_20170316092726.953.txt

03-30 10:39:13.382 14736 14838 D HomeMate: comm[ Thread-44454: FileTool.java:65 deleteOldFiles() ] - deleteOldFiles()-fileName:HomeMate_20170316092643.657.txt

03-30 10:39:13.383 14736 14838 D HomeMate: comm[ Thread-44454: FileTool.java:65 deleteOldFiles() ] - deleteOldFiles()-fileName:HomeMate_20170316091839.183.txt

03-30 10:39:13.383 14736 14838 D HomeMate: comm[ Thread-44454: FileTool.java:65 deleteOldFiles() ] - deleteOldFiles()-fileName:HomeMate_20170316091738.272.txt

03-30 10:39:13.383 14736 14838 D HomeMate: comm[ Thread-44454: FileTool.java:65 deleteOldFiles() ] - deleteOldFiles()-fileName:HomeMate_20170316091633.423.txt

03-30 10:39:13.384 14736 14838 D HomeMate: comm[ Thread-44454: FileTool.java:65 deleteOldFiles() ] - deleteOldFiles()-fileName:HomeMate_20170316091425.668.txt

03-30 10:39:13.384 14736 14838 D HomeMate: comm[ Thread-44454: FileTool.java:65 deleteOldFiles() ] - deleteOldFiles()-fileName:HomeMate_20170316091229.575.txt

03-30 10:39:13.384 14736 14838 D HomeMate: comm[ Thread-44454: FileTool.java:65 deleteOldFiles() ] - deleteOldFiles()-fileName:HomeMate_20170315173126.134.txt

03-30 10:39:13.385 14736 14736 D HomeMate: allen[ main: HomePagerFragment.java:120 onCreateView() ] - onCreateView()

03-30 10:39:13.385 14736 14838 D HomeMate: comm[ Thread-44454: FileTool.java:65 deleteOldFiles() ] - deleteOldFiles()-fileName:HomeMate_20170315171549.562.txt

03-30 10:39:13.385 14736 14838 D HomeMate: comm[ Thread-44454: FileTool.java:65 deleteOldFiles() ] - deleteOldFiles()-fileName:HomeMate_20170315171828.864vicenter.db

03-30 10:39:13.385 14736 14838 D HomeMate: comm[ Thread-44454: FileTool.java:65 deleteOldFiles() ] - deleteOldFiles()-fileName:HomeMate_20170315171828.882device_desc.db

03-30 10:39:13.386 14736 14838 D HomeMate: comm[ Thread-44454: FileTool.java:65 deleteOldFiles() ] - deleteOldFiles()-fileName:HomeMate_20170315165906.597.txt

03-30 10:39:13.386 14736 14838 D HomeMate: comm[ Thread-44454: FileTool.java:65 deleteOldFiles() ] - deleteOldFiles()-fileName:HomeMate_20170315165624.582.txt

03-30 10:39:13.386 14736 14838 D HomeMate: comm[ Thread-44454: FileTool.java:65 deleteOldFiles() ] - deleteOldFiles()-fileName:HomeMate_20170315165544.887.txt

03-30 10:39:13.387 14736 14838 D HomeMate: comm[ Thread-44454: FileTool.java:65 deleteOldFiles() ] - deleteOldFiles()-fileName:HomeMate_20170315165252.714.txt

03-30 10:39:13.387 14736 14838 D HomeMate: comm[ Thread-44454: FileTool.java:65 deleteOldFiles() ] - deleteOldFiles()-fileName:HomeMate_20170315164919.774.txt

03-30 10:39:13.387 14736 14838 D HomeMate: comm[ Thread-44454: FileTool.java:65 deleteOldFiles() ] - deleteOldFiles()-fileName:HomeMate_20170315164847.440.txt

03-30 10:39:13.388 14736 14838 D HomeMate: comm[ Thread-44454: FileTool.java:65 deleteOldFiles() ] - deleteOldFiles()-fileName:HomeMate_20170315164810.974.txt

03-30 10:39:13.388 14736 14838 D HomeMate: comm[ Thread-44454: FileTool.java:65 deleteOldFiles() ] - deleteOldFiles()-fileName:HomeMate_20170315164733.745.txt

03-30 10:39:13.389 14736 14838 D HomeMate: comm[ Thread-44454: FileTool.java:65 deleteOldFiles() ] - deleteOldFiles()-fileName:HomeMate_20170315164542.557.txt

03-30 10:39:13.389 14736 14838 D HomeMate: comm[ Thread-44454: FileTool.java:65 deleteOldFiles() ] - deleteOldFiles()-fileName:HomeMate_20170315163845.434.txt

03-30 10:39:13.389 14736 14838 D HomeMate: comm[ Thread-44454: FileTool.java:65 deleteOldFiles() ] - deleteOldFiles()-fileName:HomeMate_20170315163835.782.txt

03-30 10:39:13.390 14736 14838 D HomeMate: comm[ Thread-44454: FileTool.java:65 deleteOldFiles() ] - deleteOldFiles()-fileName:HomeMate_20170315163631.082.txt

03-30 10:39:13.390 14736 14838 D HomeMate: comm[ Thread-44454: FileTool.java:65 deleteOldFiles() ] - deleteOldFiles()-fileName:HomeMate_20170315163541.621.txt

03-30 10:39:13.391 14736 14838 D HomeMate: comm[ Thread-44454: FileTool.java:65 deleteOldFiles() ] - deleteOldFiles()-fileName:HomeMate_20170315163344.789.txt

03-30 10:39:13.391 14736 14838 D HomeMate: comm[ Thread-44454: FileTool.java:65 deleteOldFiles() ] - deleteOldFiles()-fileName:HomeMate_20170315163205.896.txt

03-30 10:39:13.392 14736 14838 D HomeMate: comm[ Thread-44454: FileTool.java:65 deleteOldFiles() ] - deleteOldFiles()-fileName:HomeMate_20170315163119.479.txt

03-30 10:39:13.392 14736 14838 D HomeMate: comm[ Thread-44454: FileTool.java:65 deleteOldFiles() ] - deleteOldFiles()-fileName:HomeMate_20170315163034.965.txt

03-30 10:39:13.393 14736 14838 D HomeMate: comm[ Thread-44454: FileTool.java:65 deleteOldFiles() ] - deleteOldFiles()-fileName:HomeMate_20170315162947.937.txt

03-30 10:39:13.393 14736 14838 D HomeMate: comm[ Thread-44454: FileTool.java:65 deleteOldFiles() ] - deleteOldFiles()-fileName:HomeMate_20170315162901.748.txt

03-30 10:39:13.394 14736 14838 D HomeMate: comm[ Thread-44454: FileTool.java:65 deleteOldFiles() ] - deleteOldFiles()-fileName:HomeMate_20170315161847.017.txt

03-30 10:39:13.396 14736 14838 D HomeMate: comm[ Thread-44454: FileTool.java:65 deleteOldFiles() ] - deleteOldFiles()-fileName:HomeMate_20170315161734.602.txt

03-30 10:39:13.396 14736 14838 D HomeMate: comm[ Thread-44454: FileTool.java:65 deleteOldFiles() ] - deleteOldFiles()-fileName:HomeMate_20170315161723.566.txt

03-30 10:39:13.396 14736 14838 D HomeMate: comm[ Thread-44454: FileTool.java:65 deleteOldFiles() ] - deleteOldFiles()-fileName:HomeMate_20170315161651.404.txt

03-30 10:39:13.397 14736 14838 D HomeMate: comm[ Thread-44454: FileTool.java:65 deleteOldFiles() ] - deleteOldFiles()-fileName:HomeMate_20170315161605.201.txt

03-30 10:39:13.397 14736 14838 D HomeMate: comm[ Thread-44454: FileTool.java:65 deleteOldFiles() ] - deleteOldFiles()-fileName:HomeMate_20170315161513.129.txt

03-30 10:39:13.397 14736 14838 D HomeMate: comm[ Thread-44454: FileTool.java:65 deleteOldFiles() ] - deleteOldFiles()-fileName:HomeMate_20170315161433.524.txt

03-30 10:39:13.398 14736 14838 D HomeMate: comm[ Thread-44454: FileTool.java:65 deleteOldFiles() ] - deleteOldFiles()-fileName:HomeMate_20170315161257.239.txt

03-30 10:39:13.398 14736 14838 D HomeMate: comm[ Thread-44454: FileTool.java:65 deleteOldFiles() ] - deleteOldFiles()-fileName:HomeMate_20170315161205.629.txt

03-30 10:39:13.398 14736 14838 D HomeMate: comm[ Thread-44454: FileTool.java:65 deleteOldFiles() ] - deleteOldFiles()-fileName:HomeMate_20170315161125.301.txt

03-30 10:39:13.399 14736 14838 D HomeMate: comm[ Thread-44454: FileTool.java:65 deleteOldFiles() ] - deleteOldFiles()-fileName:HomeMate_20170315160953.858.txt

03-30 10:39:13.399 14736 14838 D HomeMate: comm[ Thread-44454: FileTool.java:65 deleteOldFiles() ] - deleteOldFiles()-fileName:HomeMate_20170315160914.355.txt

03-30 10:39:13.400 14736 14838 D HomeMate: comm[ Thread-44454: FileTool.java:65 deleteOldFiles() ] - deleteOldFiles()-fileName:HomeMate_20170315160604.282.txt

03-30 10:39:13.400 14736 14838 D HomeMate: comm[ Thread-44454: FileTool.java:65 deleteOldFiles() ] - deleteOldFiles()-fileName:HomeMate_20170315160143.082.txt

03-30 10:39:13.400 14736 14838 D HomeMate: comm[ Thread-44454: FileTool.java:65 deleteOldFiles() ] - deleteOldFiles()-fileName:HomeMate_20170315155955.665.txt

03-30 10:39:13.401 14736 14838 D HomeMate: comm[ Thread-44454: FileTool.java:65 deleteOldFiles() ] - deleteOldFiles()-fileName:HomeMate_20170315155631.032.txt

03-30 10:39:13.401 14736 14838 D HomeMate: comm[ Thread-44454: FileTool.java:65 deleteOldFiles() ] - deleteOldFiles()-fileName:HomeMate_20170315155529.322.txt

03-30 10:39:13.401 14736 14838 D HomeMate: comm[ Thread-44454: FileTool.java:65 deleteOldFiles() ] - deleteOldFiles()-fileName:HomeMate_20170315155405.317.txt

03-30 10:39:13.402 14736 14838 D HomeMate: comm[ Thread-44454: FileTool.java:65 deleteOldFiles() ] - deleteOldFiles()-fileName:HomeMate_20170315154618.227.txt

03-30 10:39:13.402 14736 14838 D HomeMate: comm[ Thread-44454: FileTool.java:65 deleteOldFiles() ] - deleteOldFiles()-fileName:HomeMate_20170315154519.037.txt

03-30 10:39:13.402 14736 14838 D HomeMate: comm[ Thread-44454: FileTool.java:65 deleteOldFiles() ] - deleteOldFiles()-fileName:HomeMate_20170315154511.844.txt

03-30 10:39:13.403 14736 14838 D HomeMate: comm[ Thread-44454: FileTool.java:65 deleteOldFiles() ] - deleteOldFiles()-fileName:HomeMate_20170315153345.714.txt

03-30 10:39:13.403 14736 14838 D HomeMate: comm[ Thread-44454: FileTool.java:65 deleteOldFiles() ] - deleteOldFiles()-fileName:HomeMate_20170315153240.555.txt

03-30 10:39:13.403 14736 14838 D HomeMate: comm[ Thread-44454: FileTool.java:65 deleteOldFiles() ] - deleteOldFiles()-fileName:HomeMate_20170315145956.701.txt

03-30 10:39:13.404 14736 14838 D HomeMate: comm[ Thread-44454: FileTool.java:65 deleteOldFiles() ] - deleteOldFiles()-fileName:HomeMate_20170315145950.003.txt

03-30 10:39:13.404 14736 14838 D HomeMate: comm[ Thread-44454: FileTool.java:65 deleteOldFiles() ] - deleteOldFiles()-fileName:HomeMate_20170315142144.680.txt

03-30 10:39:13.405 14736 14838 D HomeMate: comm[ Thread-44454: FileTool.java:65 deleteOldFiles() ] - deleteOldFiles()-fileName:HomeMate_20170315142102.593.txt

03-30 10:39:13.405 14736 14838 D HomeMate: comm[ Thread-44454: FileTool.java:65 deleteOldFiles() ] - deleteOldFiles()-fileName:HomeMate_20170315135952.188.txt

03-30 10:39:13.405 14736 14838 D HomeMate: comm[ Thread-44454: FileTool.java:65 deleteOldFiles() ] - deleteOldFiles()-fileName:HomeMate_20170315135941.637.txt

03-30 10:39:13.406 14736 14838 D HomeMate: comm[ Thread-44454: FileTool.java:65 deleteOldFiles() ] - deleteOldFiles()-fileName:HomeMate_20170315135558.461.txt

03-30 10:39:13.406 14736 14838 D HomeMate: comm[ Thread-44454: FileTool.java:65 deleteOldFiles() ] - deleteOldFiles()-fileName:HomeMate_20170315133847.445.txt

03-30 10:39:13.406 14736 14838 D HomeMate: comm[ Thread-44454: FileTool.java:65 deleteOldFiles() ] - deleteOldFiles()-fileName:HomeMate_20170315125724.932.txt

03-30 10:39:13.407 14736 14736 V BoostFramework: BoostFramework() : mPerf = com.qualcomm.qti.Performance@b9276c6

03-30 10:39:13.407 14736 14838 D HomeMate: comm[ Thread-44454: FileTool.java:65 deleteOldFiles() ] - deleteOldFiles()-fileName:HomeMate_20170315125621.143.txt

03-30 10:39:13.407 14736 14736 V BoostFramework: BoostFramework() : mPerf = com.qualcomm.qti.Performance@b11687

03-30 10:39:13.407 14736 14838 D HomeMate: comm[ Thread-44454: FileTool.java:65 deleteOldFiles() ] - deleteOldFiles()-fileName:HomeMate_20170315125535.812.txt

03-30 10:39:13.407 14736 14838 D HomeMate: comm[ Thread-44454: FileTool.java:65 deleteOldFiles() ] - deleteOldFiles()-fileName:HomeMate_20170315125450.208.txt

03-30 10:39:13.408 14736 14838 D HomeMate: comm[ Thread-44454: FileTool.java:65 deleteOldFiles() ] - deleteOldFiles()-fileName:HomeMate_20170315125236.897.txt

03-30 10:39:13.408 14736 14838 D HomeMate: comm[ Thread-44454: FileTool.java:65 deleteOldFiles() ] - deleteOldFiles()-fileName:HomeMate_20170315124941.569.txt

03-30 10:39:13.409 14736 14838 D HomeMate: comm[ Thread-44454: FileTool.java:65 deleteOldFiles() ] - deleteOldFiles()-fileName:HomeMate_20170315124831.111.txt

03-30 10:39:13.409 14736 14838 D HomeMate: comm[ Thread-44454: FileTool.java:65 deleteOldFiles() ] - deleteOldFiles()-fileName:HomeMate_20170315124745.963.txt

03-30 10:39:13.410 14736 14838 D HomeMate: comm[ Thread-44454: FileTool.java:65 deleteOldFiles() ] - deleteOldFiles()-fileName:HomeMate_20170315124700.288.txt

03-30 10:39:13.410 14736 14838 D HomeMate: comm[ Thread-44454: FileTool.java:65 deleteOldFiles() ] - deleteOldFiles()-fileName:HomeMate_20170315124522.496.txt

03-30 10:39:13.410 14736 14838 D HomeMate: comm[ Thread-44454: FileTool.java:65 deleteOldFiles() ] - deleteOldFiles()-fileName:HomeMate_20170315124437.099.txt

03-30 10:39:13.411 14736 14838 D HomeMate: comm[ Thread-44454: FileTool.java:65 deleteOldFiles() ] - deleteOldFiles()-fileName:HomeMate_20170315124351.378.txt

03-30 10:39:13.413 14736 14838 D HomeMate: comm[ Thread-44454: FileTool.java:65 deleteOldFiles() ] - deleteOldFiles()-fileName:HomeMate_20170315123516.255.txt

03-30 10:39:13.413 14736 14838 D HomeMate: comm[ Thread-44454: FileTool.java:65 deleteOldFiles() ] - deleteOldFiles()-fileName:HomeMate_20170315123353.173.txt

03-30 10:39:13.413 14736 14838 D HomeMate: comm[ Thread-44454: FileTool.java:65 deleteOldFiles() ] - deleteOldFiles()-fileName:HomeMate_20170315123252.813.txt

03-30 10:39:13.414 14736 14838 D HomeMate: comm[ Thread-44454: FileTool.java:65 deleteOldFiles() ] - deleteOldFiles()-fileName:HomeMate_20170315123152.673.txt

03-30 10:39:13.414 14736 14838 D HomeMate: comm[ Thread-44454: FileTool.java:65 deleteOldFiles() ] - deleteOldFiles()-fileName:HomeMate_20170315123048.224.txt

03-30 10:39:13.414 14736 14838 D HomeMate: comm[ Thread-44454: FileTool.java:65 deleteOldFiles() ] - deleteOldFiles()-fileName:HomeMate_20170315122923.341.txt

03-30 10:39:13.415 14736 14838 D HomeMate: comm[ Thread-44454: FileTool.java:65 deleteOldFiles() ] - deleteOldFiles()-fileName:HomeMate_20170315122703.718.txt

03-30 10:39:13.415 14736 14838 D HomeMate: comm[ Thread-44454: FileTool.java:65 deleteOldFiles() ] - deleteOldFiles()-fileName:HomeMate_20170315122534.306.txt

03-30 10:39:13.415 14736 14736 V BoostFramework: BoostFramework() : mPerf = com.qualcomm.qti.Performance@af3952

03-30 10:39:13.416 14736 14736 V BoostFramework: BoostFramework() : mPerf = com.qualcomm.qti.Performance@57e9423

03-30 10:39:13.416 14736 14838 D HomeMate: comm[ Thread-44454: FileTool.java:65 deleteOldFiles() ] - deleteOldFiles()-fileName:HomeMate_20170315122425.253.txt

03-30 10:39:13.416 14736 14838 D HomeMate: comm[ Thread-44454: FileTool.java:65 deleteOldFiles() ] - deleteOldFiles()-fileName:HomeMate_20170315122338.937.txt

03-30 10:39:13.420 14736 14838 D HomeMate: comm[ Thread-44454: FileTool.java:65 deleteOldFiles() ] - deleteOldFiles()-fileName:HomeMate_20170315122254.419.txt

03-30 10:39:13.421 14736 14838 D HomeMate: comm[ Thread-44454: FileTool.java:65 deleteOldFiles() ] - deleteOldFiles()-fileName:HomeMate_20170315122033.533.txt

03-30 10:39:13.421 14736 14838 D HomeMate: comm[ Thread-44454: FileTool.java:65 deleteOldFiles() ] - deleteOldFiles()-fileName:HomeMate_20170315121652.417.txt

03-30 10:39:13.422 14736 14838 D HomeMate: comm[ Thread-44454: FileTool.java:65 deleteOldFiles() ] - deleteOldFiles()-fileName:HomeMate_20170315121646.080.txt

03-30 10:39:13.423 14736 14838 D HomeMate: comm[ Thread-44454: FileTool.java:65 deleteOldFiles() ] - deleteOldFiles()-fileName:HomeMate_20170315121635.468.txt

03-30 10:39:13.423 14736 14838 D HomeMate: comm[ Thread-44454: FileTool.java:65 deleteOldFiles() ] - deleteOldFiles()-fileName:HomeMate_20170315121623.915.txt

03-30 10:39:13.424 14736 14838 D HomeMate: comm[ Thread-44454: FileTool.java:65 deleteOldFiles() ] - deleteOldFiles()-fileName:HomeMate_20170315121612.086.txt

03-30 10:39:13.424 14736 14838 D HomeMate: comm[ Thread-44454: FileTool.java:65 deleteOldFiles() ] - deleteOldFiles()-fileName:HomeMate_20170315121600.373.txt

03-30 10:39:13.428 14736 14736 D HomeMate: allen[ main: HomePagerFragment.java:186 onActivityCreated() ] - onActivityCreated()

03-30 10:39:13.428   379   493 I ThermalEngine: Sensor:batt_temp:357 mC

03-30 10:39:13.428 14736 14838 D HomeMate: comm[ Thread-44454: FileTool.java:65 deleteOldFiles() ] - deleteOldFiles()-fileName:HomeMate_20170315114852.540.txt

03-30 10:39:13.428  4116  4556 I XiaomiFirewall: firewall pkgName:com.xiaomi.gamecenter, result:0x0

03-30 10:39:13.429 14736 14838 D HomeMate: comm[ Thread-44454: FileTool.java:65 deleteOldFiles() ] - deleteOldFiles()-fileName:HomeMate_20170315114814.888.txt

03-30 10:39:13.429 14736 14838 D HomeMate: comm[ Thread-44454: FileTool.java:65 deleteOldFiles() ] - deleteOldFiles()-fileName:HomeMate_20170315114701.642.txt

03-30 10:39:13.431 14736 14838 D HomeMate: comm[ Thread-44454: FileTool.java:65 deleteOldFiles() ] - deleteOldFiles()-fileName:HomeMate_20170315114609.703.txt

03-30 10:39:13.431 14736 14838 D HomeMate: comm[ Thread-44454: FileTool.java:65 deleteOldFiles() ] - deleteOldFiles()-fileName:HomeMate_20170315114526.263.txt

03-30 10:39:13.431 14736 14838 D HomeMate: comm[ Thread-44454: FileTool.java:65 deleteOldFiles() ] - deleteOldFiles()-fileName:HomeMate_20170315114434.896.txt

03-30 10:39:13.432 14736 14838 D HomeMate: comm[ Thread-44454: FileTool.java:65 deleteOldFiles() ] - deleteOldFiles()-fileName:HomeMate_20170315114323.195.txt

03-30 10:39:13.432 14736 14736 D HomeMate: comm[ main: PropertyReport.java:94 registerNewPropertyReport() ] - registerNewPropertyReport()-listener:com.orvibo.homemate.device.home.HomeDevicePresenter@e19ed20

03-30 10:39:13.433 14736 14838 D HomeMate: comm[ Thread-44454: FileTool.java:65 deleteOldFiles() ] - deleteOldFiles()-fileName:HomeMate_20170315114242.183.txt

03-30 10:39:13.433 14736 14736 D HomeMate: allen[ main: HomeDevicePresenter.java:110 refresh() ] - Start to init devices.

03-30 10:39:13.433 14736 14736 D HomeMate: allen[ main: HomeDevicePresenter.java:114 refresh() ] - Show devices from Room{roomId='ea4205a93f1c46b4a6df9bb391513dd9', roomName='é»˜è®¤æˆ¿é—´', floorId='714c9032b3ef488bbfe77bff438d53a4', roomType=0, sequence=0, isDefaultRoom=false, imgUrl='/storage/emulated/0/HomeMate/room/6_thumb'} BaseBo{delFlag=0, updateTime='0', createTime='0', updateTimeSec=0, uid='null', userName='null'}

03-30 10:39:13.434 14736 14838 D HomeMate: comm[ Thread-44454: FileTool.java:65 deleteOldFiles() ] - deleteOldFiles()-fileName:HomeMate_20170315114128.051.txt

03-30 10:39:13.434 14736 14838 D HomeMate: comm[ Thread-44454: FileTool.java:65 deleteOldFiles() ] - deleteOldFiles()-fileName:HomeMate_20170315114023.883.txt

03-30 10:39:13.435 14736 14838 D HomeMate: comm[ Thread-44454: FileTool.java:65 deleteOldFiles() ] - deleteOldFiles()-fileName:HomeMate_20170315113918.177.txt

03-30 10:39:13.435 14736 14838 D HomeMate: comm[ Thread-44454: FileTool.java:65 deleteOldFiles() ] - deleteOldFiles()-fileName:HomeMate_20170315113750.298.txt

03-30 10:39:13.435 14736 14838 D HomeMate: comm[ Thread-44454: FileTool.java:65 deleteOldFiles() ] - deleteOldFiles()-fileName:HomeMate_20170315113658.644.txt

03-30 10:39:13.436 14736 14838 D HomeMate: comm[ Thread-44454: FileTool.java:65 deleteOldFiles() ] - deleteOldFiles()-fileName:HomeMate_20170315113528.642.txt

03-30 10:39:13.436 14736 14838 D HomeMate: comm[ Thread-44454: FileTool.java:65 deleteOldFiles() ] - deleteOldFiles()-fileName:HomeMate_20170315113405.698.txt

03-30 10:39:13.437 14736 14838 D HomeMate: comm[ Thread-44454: FileTool.java:65 deleteOldFiles() ] - deleteOldFiles()-fileName:HomeMate_20170315113251.834.txt

03-30 10:39:13.437 14736 14838 D HomeMate: comm[ Thread-44454: FileTool.java:65 deleteOldFiles() ] - deleteOldFiles()-fileName:HomeMate_20170315113209.636.txt

03-30 10:39:13.437 14736 14838 D HomeMate: comm[ Thread-44454: FileTool.java:65 deleteOldFiles() ] - deleteOldFiles()-fileName:HomeMate_20170315113124.566.txt

03-30 10:39:13.438 14736 14838 D HomeMate: comm[ Thread-44454: FileTool.java:65 deleteOldFiles() ] - deleteOldFiles()-fileName:HomeMate_20170315113039.834.txt

03-30 10:39:13.438 14736 14838 D HomeMate: comm[ Thread-44454: FileTool.java:65 deleteOldFiles() ] - deleteOldFiles()-fileName:HomeMate_20170315112945.535.txt

03-30 10:39:13.438 14736 14838 D HomeMate: comm[ Thread-44454: FileTool.java:65 deleteOldFiles() ] - deleteOldFiles()-fileName:HomeMate_20170315112846.587.txt

03-30 10:39:13.440 14736 14838 D HomeMate: comm[ Thread-44454: FileTool.java:65 deleteOldFiles() ] - deleteOldFiles()-fileName:HomeMate_20170315112723.019.txt

03-30 10:39:13.441 14736 14838 D HomeMate: comm[ Thread-44454: FileTool.java:65 deleteOldFiles() ] - deleteOldFiles()-fileName:HomeMate_20170315112614.319.txt

03-30 10:39:13.441 14736 14838 D HomeMate: comm[ Thread-44454: FileTool.java:65 deleteOldFiles() ] - deleteOldFiles()-fileName:HomeMate_20170315112532.735.txt

03-30 10:39:13.442 14736 14838 D HomeMate: comm[ Thread-44454: FileTool.java:65 deleteOldFiles() ] - deleteOldFiles()-fileName:HomeMate_20170315112442.943.txt

03-30 10:39:13.442 14736 14736 D HomeMate: allen[ main: HomeDevicePresenter.java:116 refresh() ] - devices [Device{uid=5ccf7fda9b5e, deviceName=S30æ™ºèƒ½æ’åº§, deviceId=040c8e12fd4d4f3192d9a5378cf8b149, appDeviceId=65533, deviceType=29, roomId=, company='', delFlag=0, extAddr='', endpoint=-1, irDeviceId=, sequence=0, model='62f1da0474434509923b2dc947a0f14c', updateTime=1490840335000(2017-03-30 10:18:55), userName=null} ]

03-30 10:39:13.442 14736 14838 D HomeMate: comm[ Thread-44454: FileTool.java:65 deleteOldFiles() ] - deleteOldFiles()-fileName:HomeMate_20170315112253.977.txt

03-30 10:39:13.443 14736 14838 D HomeMate: comm[ Thread-44454: FileTool.java:65 deleteOldFiles() ] - deleteOldFiles()-fileName:HomeMate_20170315112048.243.txt

03-30 10:39:13.443 14736 14838 D HomeMate: comm[ Thread-44454: FileTool.java:65 deleteOldFiles() ] - deleteOldFiles()-fileName:HomeMate_20170315111908.007.txt

03-30 10:39:13.444 14736 14838 D HomeMate: comm[ Thread-44454: FileTool.java:65 deleteOldFiles() ] - deleteOldFiles()-fileName:HomeMate_20170315111724.809.txt

03-30 10:39:13.444 14736 14838 D HomeMate: comm[ Thread-44454: FileTool.java:65 deleteOldFiles() ] - deleteOldFiles()-fileName:HomeMate_20170315111631.263.txt

03-30 10:39:13.445 14736 14838 D HomeMate: comm[ Thread-44454: FileTool.java:65 deleteOldFiles() ] - deleteOldFiles()-fileName:HomeMate_20170315111539.241.txt

03-30 10:39:13.446 14736 14838 D HomeMate: comm[ Thread-44454: FileTool.java:65 deleteOldFiles() ] - deleteOldFiles()-fileName:HomeMate_20170315111450.095.txt

03-30 10:39:13.446 14736 14838 D HomeMate: comm[ Thread-44454: FileTool.java:65 deleteOldFiles() ] - deleteOldFiles()-fileName:HomeMate_20170315111400.711.txt

03-30 10:39:13.446 14736 14736 D HomeMate: allen[ main: HomeDevicePresenter.java:121 refresh() ] - other devices []

03-30 10:39:13.446 14736 14838 D HomeMate: comm[ Thread-44454: FileTool.java:65 deleteOldFiles() ] - deleteOldFiles()-fileName:HomeMate_20170315111305.817.txt

03-30 10:39:13.447 14736 14838 D HomeMate: comm[ Thread-44454: FileTool.java:65 deleteOldFiles() ] - deleteOldFiles()-fileName:HomeMate_20170315111159.453.txt

03-30 10:39:13.447 14736 14838 D HomeMate: comm[ Thread-44454: FileTool.java:65 deleteOldFiles() ] - deleteOldFiles()-fileName:HomeMate_20170315111107.549.txt

03-30 10:39:13.447 14736 14838 D HomeMate: comm[ Thread-44454: FileTool.java:65 deleteOldFiles() ] - deleteOldFiles()-fileName:HomeMate_20170315111021.308.txt

03-30 10:39:13.448 14736 14838 D HomeMate: comm[ Thread-44454: FileTool.java:65 deleteOldFiles() ] - deleteOldFiles()-fileName:HomeMate_20170315110932.217.txt

03-30 10:39:13.448 14736 14838 D HomeMate: comm[ Thread-44454: FileTool.java:65 deleteOldFiles() ] - deleteOldFiles()-fileName:HomeMate_20170315110730.488.txt

03-30 10:39:13.448 14736 14838 D HomeMate: comm[ Thread-44454: FileTool.java:65 deleteOldFiles() ] - deleteOldFiles()-fileName:HomeMate_20170315110641.616.txt

03-30 10:39:13.449 14736 14838 D HomeMate: comm[ Thread-44454: FileTool.java:65 deleteOldFiles() ] - deleteOldFiles()-fileName:HomeMate_20170315110447.770.txt

03-30 10:39:13.449 14736 14838 D HomeMate: comm[ Thread-44454: FileTool.java:65 deleteOldFiles() ] - deleteOldFiles()-fileName:HomeMate_20170315110309.988.txt

03-30 10:39:13.449 14736 14838 D HomeMate: comm[ Thread-44454: FileTool.java:65 deleteOldFiles() ] - deleteOldFiles()-fileName:HomeMate_20170315110224.792.txt

03-30 10:39:13.450 14736 14838 D HomeMate: comm[ Thread-44454: FileTool.java:65 deleteOldFiles() ] - deleteOldFiles()-fileName:HomeMate_20170315110140.343.txt

03-30 10:39:13.451 14736 14838 D HomeMate: comm[ Thread-44454: FileTool.java:65 deleteOldFiles() ] - deleteOldFiles()-fileName:HomeMate_20170315110054.542.txt

03-30 10:39:13.451 14736 14736 D HomeMate: allen[ main: HomeDevicePresenter.java:155 refreshDeviceStatus() ] - deviceStatusMap {040c8e12fd4d4f3192d9a5378cf8b149=Action{uid=5ccf7fda9b5e, deviceId=040c8e12fd4d4f3192d9a5378cf8b149, command='null', value1=0, value2=0, value3=0, value4=0, alarmType=1, delayTime=0, keyName='null', freq=0, name=, pluseNum=0, pluseData=null} }

03-30 10:39:13.451 14736 14838 D HomeMate: comm[ Thread-44454: FileTool.java:65 deleteOldFiles() ] - deleteOldFiles()-fileName:HomeMate_20170315110012.140.txt

03-30 10:39:13.451 14736 14838 D HomeMate: comm[ Thread-44454: FileTool.java:65 deleteOldFiles() ] - deleteOldFiles()-fileName:HomeMate_20170315105859.533.txt

03-30 10:39:13.452 14736 14838 D HomeMate: comm[ Thread-44454: FileTool.java:65 deleteOldFiles() ] - deleteOldFiles()-fileName:HomeMate_20170315105735.086.txt

03-30 10:39:13.452 14736 14736 D HomeMate: allen[ main: HomePagerFragment.java:229 onDeviceInit() ] - devices:[Device{uid=5ccf7fda9b5e, deviceName=S30æ™ºèƒ½æ’åº§, deviceId=040c8e12fd4d4f3192d9a5378cf8b149, appDeviceId=65533, deviceType=29, roomId=, company='', delFlag=0, extAddr='', endpoint=-1, irDeviceId=, sequence=0, model='62f1da0474434509923b2dc947a0f14c', updateTime=1490840335000(2017-03-30 10:18:55), userName=null} ],otherDevices:[]

03-30 10:39:13.452 14736 14838 D HomeMate: comm[ Thread-44454: FileTool.java:65 deleteOldFiles() ] - deleteOldFiles()-fileName:HomeMate_20170315105331.858.txt

03-30 10:39:13.452 14736 14838 D HomeMate: comm[ Thread-44454: FileTool.java:65 deleteOldFiles() ] - deleteOldFiles()-fileName:HomeMate_20170315102638.310.txt

03-30 10:39:13.453 14736 14838 D HomeMate: comm[ Thread-44454: FileTool.java:65 deleteOldFiles() ] - deleteOldFiles()-fileName:HomeMate_20170315102553.301.txt

03-30 10:39:13.453 14736 14838 D HomeMate: comm[ Thread-44454: FileTool.java:65 deleteOldFiles() ] - deleteOldFiles()-fileName:HomeMate_20170315102506.333.txt

03-30 10:39:13.453 14736 14838 D HomeMate: comm[ Thread-44454: FileTool.java:65 deleteOldFiles() ] - deleteOldFiles()-fileName:HomeMate_20170315102420.784.txt

03-30 10:39:13.454 14736 14838 D HomeMate: comm[ Thread-44454: FileTool.java:65 deleteOldFiles() ] - deleteOldFiles()-fileName:HomeMate_20170315091708.070.txt

03-30 10:39:13.454 14736 14838 D HomeMate: comm[ Thread-44454: FileTool.java:65 deleteOldFiles() ] - deleteOldFiles()-fileName:HomeMate_20170315091636.400.txt

03-30 10:39:13.454 14736 14838 D HomeMate: comm[ Thread-44454: FileTool.java:65 deleteOldFiles() ] - deleteOldFiles()-fileName:HomeMate_20170315091531.864.txt

03-30 10:39:13.455 14736 14838 D HomeMate: comm[ Thread-44454: FileTool.java:65 deleteOldFiles() ] - deleteOldFiles()-fileName:HomeMate_20170315091450.189.txt

03-30 10:39:13.455 14736 14838 D HomeMate: comm[ Thread-44454: FileTool.java:65 deleteOldFiles() ] - deleteOldFiles()-fileName:HomeMate_20170315090727.357.txt

03-30 10:39:13.456 14736 14838 D HomeMate: comm[ Thread-44454: FileTool.java:65 deleteOldFiles() ] - deleteOldFiles()-fileName:HomeMate_20170314194309.602.txt

03-30 10:39:13.456 14736 14838 D HomeMate: comm[ Thread-44454: FileTool.java:65 deleteOldFiles() ] - deleteOldFiles()-fileName:HomeMate_20170314194528.432vicenter.db

03-30 10:39:13.457 14736 14838 D HomeMate: comm[ Thread-44454: FileTool.java:65 deleteOldFiles() ] - deleteOldFiles()-fileName:HomeMate_20170314194528.471device_desc.db

03-30 10:39:13.457 14736 14838 D HomeMate: comm[ Thread-44454: FileTool.java:65 deleteOldFiles() ] - deleteOldFiles()-fileName:HomeMate_20170314191435.952.txt

03-30 10:39:13.458 14736 14838 D HomeMate: comm[ Thread-44454: FileTool.java:65 deleteOldFiles() ] - deleteOldFiles()-fileName:HomeMate_20170314191342.186.txt

03-30 10:39:13.458 14736 14838 D HomeMate: comm[ Thread-44454: FileTool.java:65 deleteOldFiles() ] - deleteOldFiles()-fileName:HomeMate_20170314190407.728.txt

03-30 10:39:13.459 14736 14838 D HomeMate: comm[ Thread-44454: FileTool.java:65 deleteOldFiles() ] - deleteOldFiles()-fileName:HomeMate_20170314190302.766.txt

03-30 10:39:13.459 14736 14838 D HomeMate: comm[ Thread-44454: FileTool.java:65 deleteOldFiles() ] - deleteOldFiles()-fileName:HomeMate_20170314190225.130.txt

03-30 10:39:13.459 14736 14838 D HomeMate: comm[ Thread-44454: FileTool.java:65 deleteOldFiles() ] - deleteOldFiles()-fileName:HomeMate_20170314190133.082.txt

03-30 10:39:13.460 14736 14838 D HomeMate: comm[ Thread-44454: FileTool.java:65 deleteOldFiles() ] - deleteOldFiles()-fileName:HomeMate_20170314190122.738.txt

03-30 10:39:13.460 14736 14838 D HomeMate: comm[ Thread-44454: FileTool.java:65 deleteOldFiles() ] - deleteOldFiles()-fileName:HomeMate_20170314190113.571.txt

03-30 10:39:13.460 14736 14838 D HomeMate: comm[ Thread-44454: FileTool.java:65 deleteOldFiles() ] - deleteOldFiles()-fileName:HomeMate_20170314190036.218.txt

03-30 10:39:13.462 14736 14838 D HomeMate: comm[ Thread-44454: FileTool.java:65 deleteOldFiles() ] - deleteOldFiles()-fileName:HomeMate_20170314185958.974.txt

03-30 10:39:13.463 14736 14838 D HomeMate: comm[ Thread-44454: FileTool.java:65 deleteOldFiles() ] - deleteOldFiles()-fileName:HomeMate_20170314180421.293.txt

03-30 10:39:13.463 14736 14736 D HomeMate: allen[ main: HomePagerFragment.java:279 onDeviceInit() ] - Show devices

03-30 10:39:13.464 14736 14736 D HomeMate: allen[ main: HomeDevicePresenter.java:129 refresh() ] - Finish to init device. cost 30ms

03-30 10:39:13.464 14736 14838 D HomeMate: comm[ Thread-44454: FileTool.java:65 deleteOldFiles() ] - deleteOldFiles()-fileName:HomeMate_20170314175634.752.txt

03-30 10:39:13.464 14736 14736 D HomeMate: comm[ main: DeviceUtil.java:953 getEnergyDevices() ] - familyId:ea4205a93f1c46b4a6df9bb391513dd9

03-30 10:39:13.465 14736 14838 D HomeMate: comm[ Thread-44454: FileTool.java:65 deleteOldFiles() ] - deleteOldFiles()-fileName:HomeMate_20170314174531.915.txt

03-30 10:39:13.466 14736 14838 D HomeMate: comm[ Thread-44454: FileTool.java:65 deleteOldFiles() ] - deleteOldFiles()-fileName:HomeMate_20170314174242.283.txt

03-30 10:39:13.466 14736 14838 D HomeMate: comm[ Thread-44454: FileTool.java:65 deleteOldFiles() ] - deleteOldFiles()-fileName:HomeMate_20170314173009.987.txt

03-30 10:39:13.467 14736 14838 D HomeMate: comm[ Thread-44454: FileTool.java:65 deleteOldFiles() ] - deleteOldFiles()-fileName:HomeMate_20170314171124.633.txt

03-30 10:39:13.468 14736 14838 D HomeMate: comm[ Thread-44454: FileTool.java:65 deleteOldFiles() ] - deleteOldFiles()-fileName:HomeMate_20170314170148.988.txt

03-30 10:39:13.469 14736 14736 D HomeMate: comm[ main: DeviceUtil.java:989 getEnergyDevices() ] - energyRemindDevices:[]

03-30 10:39:13.469 14736 14838 D HomeMate: comm[ Thread-44454: FileTool.java:65 deleteOldFiles() ] - deleteOldFiles()-fileName:HomeMate_20170314170103.140.txt

03-30 10:39:13.471 14736 14838 D HomeMate: comm[ Thread-44454: FileTool.java:65 deleteOldFiles() ] - deleteOldFiles()-fileName:HomeMate_20170314170048.079.txt

03-30 10:39:13.471 14736 14736 I HomeMate: wei[ main: RoomCommonSceneDao.java:46 selRoomCommonScene() ] - select * from scene inner join roomcommonscene on scene.sceneNo = roomcommonscene.sceneNo where roomcommonscene.userId = ? and roomcommonscene.roomId = ? order by roomcommonscene.sceneSequence ASC

03-30 10:39:13.471 14736 14838 D HomeMate: comm[ Thread-44454: FileTool.java:65 deleteOldFiles() ] - deleteOldFiles()-fileName:HomeMate_20170314165946.316.txt

03-30 10:39:13.471 14736 14838 D HomeMate: comm[ Thread-44454: FileTool.java:65 deleteOldFiles() ] - deleteOldFiles()-fileName:HomeMate_20170314165800.825.txt

