03-30 10:53:20.989 29526 29526 I QueryController: Matched selector: UiSelector[INSTANCE=0, RESOURCE_ID=com.orvibo.homemate:id/authSinaImageView] <<==>> [android.view.accessibility.AccessibilityNodeInfo@8006b455; boundsInParent: Rect(0, 0 - 77, 77); boundsInScreen: Rect(44, 526 - 121, 603); packageName: com.orvibo.homemate; className: android.widget.ImageView; text: null; error: null; maxTextLength: -1; contentDescription: null; viewIdResName: com.orvibo.homemate:id/authSinaImageView; checkable: false; checked: false; focusable: false; focused: false; selected: false; clickable: false; longClickable: false; contextClickable: false; enabled: true; password: false; scrollable: false; actions: [AccessibilityAction: ACTION_SELECT - null, AccessibilityAction: ACTION_CLEAR_SELECTION - null, AccessibilityAction: ACTION_ACCESSIBILITY_FOCUS - null, AccessibilityAction: ACTION_UNKNOWN - null]]

03-30 10:53:21.031 29526 29526 I QueryController: Matched selector: UiSelector[INSTANCE=0, RESOURCE_ID=com.orvibo.homemate:id/authSinaImageView] <<==>> [android.view.accessibility.AccessibilityNodeInfo@8006b455; boundsInParent: Rect(0, 0 - 77, 77); boundsInScreen: Rect(44, 526 - 121, 603); packageName: com.orvibo.homemate; className: android.widget.ImageView; text: null; error: null; maxTextLength: -1; contentDescription: null; viewIdResName: com.orvibo.homemate:id/authSinaImageView; checkable: false; checked: false; focusable: false; focused: false; selected: false; clickable: false; longClickable: false; contextClickable: false; enabled: true; password: false; scrollable: false; actions: [AccessibilityAction: ACTION_SELECT - null, AccessibilityAction: ACTION_CLEAR_SELECTION - null, AccessibilityAction: ACTION_ACCESSIBILITY_FOCUS - null, AccessibilityAction: ACTION_UNKNOWN - null]]

03-30 10:53:21.092 29526 29526 I QueryController: Matched selector: UiSelector[INSTANCE=0, RESOURCE_ID=com.orvibo.homemate:id/weChatNickNameTextView] <<==>> [android.view.accessibility.AccessibilityNodeInfo@8006964d; boundsInParent: Rect(0, 0 - 132, 59); boundsInScreen: Rect(837, 271 - 969, 330); packageName: com.orvibo.homemate; className: android.widget.TextView; text: Êú™ÁªëÂÆ?; error: null; maxTextLength: -1; contentDescription: null; viewIdResName: com.orvibo.homemate:id/weChatNickNameTextView; checkable: false; checked: false; focusable: false; focused: false; selected: false; clickable: false; longClickable: false; contextClickable: false; enabled: true; password: false; scrollable: false; actions: [AccessibilityAction: ACTION_SELECT - null, AccessibilityAction: ACTION_CLEAR_SELECTION - null, AccessibilityAction: ACTION_ACCESSIBILITY_FOCUS - null, AccessibilityAction: ACTION_NEXT_AT_MOVEMENT_GRANULARITY - null, AccessibilityAction: ACTION_PREVIOUS_AT_MOVEMENT_GRANULARITY - null, AccessibilityAction: ACTION_SET_SELECTION - null, AccessibilityAction: ACTION_UNKNOWN - null]]

03-30 10:53:21.240 29526 29526 I QueryController: Matched selector: UiSelector[INSTANCE=0, RESOURCE_ID=com.orvibo.homemate:id/weChatNickNameTextView] <<==>> [android.view.accessibility.AccessibilityNodeInfo@8006964d; boundsInParent: Rect(0, 0 - 132, 59); boundsInScreen: Rect(837, 271 - 969, 330); packageName: com.orvibo.homemate; className: android.widget.TextView; text: Êú™ÁªëÂÆ?; error: null; maxTextLength: -1; contentDescription: null; viewIdResName: com.orvibo.homemate:id/weChatNickNameTextView; checkable: false; checked: false; focusable: false; focused: false; selected: false; clickable: false; longClickable: false; contextClickable: false; enabled: true; password: false; scrollable: false; actions: [AccessibilityAction: ACTION_SELECT - null, AccessibilityAction: ACTION_CLEAR_SELECTION - null, AccessibilityAction: ACTION_ACCESSIBILITY_FOCUS - null, AccessibilityAction: ACTION_NEXT_AT_MOVEMENT_GRANULARITY - null, AccessibilityAction: ACTION_PREVIOUS_AT_MOVEMENT_GRANULARITY - null, AccessibilityAction: ACTION_SET_SELECTION - null, AccessibilityAction: ACTION_UNKNOWN - null]]

03-30 10:53:21.241 29526 29526 D UiObject: getText() = Êú™ÁªëÂÆ?

03-30 10:53:21.287 29526 29526 I QueryController: Matched selector: UiSelector[INSTANCE=0, RESOURCE_ID=com.orvibo.homemate:id/qqNickNameTextView] <<==>> [android.view.accessibility.AccessibilityNodeInfo@8006a912; boundsInParent: Rect(0, 0 - 132, 59); boundsInScreen: Rect(837, 403 - 969, 462); packageName: com.orvibo.homemate; className: android.widget.TextView; text: Êú™ÁªëÂÆ?; error: null; maxTextLength: -1; contentDescription: null; viewIdResName: com.orvibo.homemate:id/qqNickNameTextView; checkable: false; checked: false; focusable: false; focused: false; selected: false; clickable: false; longClickable: false; contextClickable: false; enabled: true; password: false; scrollable: false; actions: [AccessibilityAction: ACTION_SELECT - null, AccessibilityAction: ACTION_CLEAR_SELECTION - null, AccessibilityAction: ACTION_ACCESSIBILITY_FOCUS - null, AccessibilityAction: ACTION_NEXT_AT_MOVEMENT_GRANULARITY - null, AccessibilityAction: ACTION_PREVIOUS_AT_MOVEMENT_GRANULARITY - null, AccessibilityAction: ACTION_SET_SELECTION - null, AccessibilityAction: ACTION_UNKNOWN - null]]

03-30 10:53:21.317 29526 29526 I QueryController: Matched selector: UiSelector[INSTANCE=0, RESOURCE_ID=com.orvibo.homemate:id/qqNickNameTextView] <<==>> [android.view.accessibility.AccessibilityNodeInfo@8006a912; boundsInParent: Rect(0, 0 - 132, 59); boundsInScreen: Rect(837, 403 - 969, 462); packageName: com.orvibo.homemate; className: android.widget.TextView; text: Êú™ÁªëÂÆ?; error: null; maxTextLength: -1; contentDescription: null; viewIdResName: com.orvibo.homemate:id/qqNickNameTextView; checkable: false; checked: false; focusable: false; focused: false; selected: false; clickable: false; longClickable: false; contextClickable: false; enabled: true; password: false; scrollable: false; actions: [AccessibilityAction: ACTION_SELECT - null, AccessibilityAction: ACTION_CLEAR_SELECTION - null, AccessibilityAction: ACTION_ACCESSIBILITY_FOCUS - null, AccessibilityAction: ACTION_NEXT_AT_MOVEMENT_GRANULARITY - null, AccessibilityAction: ACTION_PREVIOUS_AT_MOVEMENT_GRANULARITY - null, AccessibilityAction: ACTION_SET_SELECTION - null, AccessibilityAction: ACTION_UNKNOWN - null]]

03-30 10:53:21.317 29526 29526 D UiObject: getText() = Êú™ÁªëÂÆ?

03-30 10:53:21.344 29526 29526 I QueryController: Matched selector: UiSelector[INSTANCE=0, RESOURCE_ID=com.orvibo.homemate:id/sinaNickNameTextView] <<==>> [android.view.accessibility.AccessibilityNodeInfo@8006bbd7; boundsInParent: Rect(0, 0 - 213, 59); boundsInScreen: Rect(756, 535 - 969, 594); packageName: com.orvibo.homemate; className: android.widget.TextView; text: ÂΩ≠Á∫¢29799; error: null; maxTextLength: -1; contentDescription: null; viewIdResName: com.orvibo.homemate:id/sinaNickNameTextView; checkable: false; checked: false; focusable: false; focused: false; selected: false; clickable: false; longClickable: false; contextClickable: false; enabled: true; password: false; scrollable: false; actions: [AccessibilityAction: ACTION_SELECT - null, AccessibilityAction: ACTION_CLEAR_SELECTION - null, AccessibilityAction: ACTION_ACCESSIBILITY_FOCUS - null, AccessibilityAction: ACTION_NEXT_AT_MOVEMENT_GRANULARITY - null, AccessibilityAction: ACTION_PREVIOUS_AT_MOVEMENT_GRANULARITY - null, AccessibilityAction: ACTION_SET_SELECTION - null, AccessibilityAction: ACTION_UNKNOWN - null]]

03-30 10:53:21.366 29526 29526 I QueryController: Matched selector: UiSelector[INSTANCE=0, RESOURCE_ID=com.orvibo.homemate:id/sinaNickNameTextView] <<==>> [android.view.accessibility.AccessibilityNodeInfo@8006bbd7; boundsInParent: Rect(0, 0 - 213, 59); boundsInScreen: Rect(756, 535 - 969, 594); packageName: com.orvibo.homemate; className: android.widget.TextView; text: ÂΩ≠Á∫¢29799; error: null; maxTextLength: -1; contentDescription: null; viewIdResName: com.orvibo.homemate:id/sinaNickNameTextView; checkable: false; checked: false; focusable: false; focused: false; selected: false; clickable: false; longClickable: false; contextClickable: false; enabled: true; password: false; scrollable: false; actions: [AccessibilityAction: ACTION_SELECT - null, AccessibilityAction: ACTION_CLEAR_SELECTION - null, AccessibilityAction: ACTION_ACCESSIBILITY_FOCUS - null, AccessibilityAction: ACTION_NEXT_AT_MOVEMENT_GRANULARITY - null, AccessibilityAction: ACTION_PREVIOUS_AT_MOVEMENT_GRANULARITY - null, AccessibilityAction: ACTION_SET_SELECTION - null, AccessibilityAction: ACTION_UNKNOWN - null]]

03-30 10:53:21.366 29526 29526 D UiObject: getText() = ÂΩ≠Á∫¢29799

03-30 10:53:21.629   379   493 I ThermalEngine: Sensor:batt_temp:366 mC

03-30 10:53:21.892  6151  6186 I octvm_klo: read wakeups from wakealarm_fd:1

03-30 10:53:21.892  6151  6186 I octvm_klo: new timerfd interval:

03-30 10:53:21.892  6151  6186 I octvm_klo: 	itval.it_interval.tv_sec 1, itval.it_interval.tv_nsec 0

03-30 10:53:21.892  6151  6186 I octvm_klo: 	itval.it_value.tv_sec 0, itval.it_value.tv_nsec 999991719

03-30 10:53:22.311   379   472 I ThermalEngine: Sensor:tsens_tz_sensor5:50000 mC

03-30 10:53:22.314   379   516 I ThermalEngine: Sensor:tsens_tz_sensor5:50000 mC

03-30 10:53:22.314   379   516 I ThermalEngine: TM Id 'CPU0_MONITOR' Sensor 'cpu0' - alarm cleared 1 at 50.0 degC

03-30 10:53:22.315   379   516 I ThermalEngine: ACTION: CPU - Setting CPU[0] to 2457600

03-30 10:53:22.316   379   516 I ThermalEngine: Mitigation:CPU[0]:2457600 Khz

03-30 10:53:22.316   379   516 I ThermalEngine: ACTION: CPU - Setting CPU[1] to 2457600

03-30 10:53:22.317   379   516 E ThermalEngine: Failed to set desired CPU[1] frequency limit to 2457600

03-30 10:53:22.317   379   516 I ThermalEngine: ACTION: CPU - Setting CPU[2] to 2457600

03-30 10:53:22.317   379   516 E ThermalEngine: Failed to set desired CPU[2] frequency limit to 2457600

03-30 10:53:22.317   379   516 I ThermalEngine: ACTION: CPU - Setting CPU[3] to 2457600

03-30 10:53:22.318   379   516 I ThermalEngine: Mitigation:CPU[3]:2457600 Khz

03-30 10:53:22.630   379   493 I ThermalEngine: Sensor:batt_temp:365 mC

03-30 10:53:22.681  3745  3745 D wpa_supplicant: wlan0: Control interface command 'SIGNAL_POLL'

03-30 10:53:22.685  3745  3745 D wpa_supplicant: CTRL-DEBUG: global_ctrl_sock-sendto: sock=11 sndbuf=163840 outq=0 send_len=49

03-30 10:53:22.892  6151  6186 I octvm_klo: read wakeups from wakealarm_fd:1

03-30 10:53:22.892  6151  6186 I octvm_klo: new timerfd interval:

03-30 10:53:22.892  6151  6186 I octvm_klo: 	itval.it_interval.tv_sec 1, itval.it_interval.tv_nsec 0

03-30 10:53:22.892  6151  6186 I octvm_klo: 	itval.it_value.tv_sec 0, itval.it_value.tv_nsec 999993177

03-30 10:53:23.180 29591 29694 D UTAnalytics:LogStoreMgr: pid:29591 [store],

03-30 10:53:23.202 29591 29694 D UTAnalytics:UTSqliteLogStore: pid:29591 [insert] ,, isSuccess:true,ret,2320,

03-30 10:53:23.202 29591 29694 D UTAnalytics:UTSqliteLogStore: pid:29591 [insert] ,, isSuccess:true,ret,2321,

03-30 10:53:23.632   379   493 I ThermalEngine: Sensor:batt_temp:365 mC

03-30 10:53:23.892  6151  6186 I octvm_klo: read wakeups from wakealarm_fd:1

03-30 10:53:23.893  6151  6186 I octvm_klo: new timerfd interval:

03-30 10:53:23.893  6151  6186 I octvm_klo: 	itval.it_interval.tv_sec 1, itval.it_interval.tv_nsec 0

03-30 10:53:23.893  6151  6186 I octvm_klo: 	itval.it_value.tv_sec 0, itval.it_value.tv_nsec 999996927

03-30 10:53:24.633   379   493 I ThermalEngine: Sensor:batt_temp:365 mC

03-30 10:53:24.782  4569  5306 D PowerCheckerService: rawUptime = 338495562000 us

03-30 10:53:24.782  4569  5306 D PowerCheckerService: rawRealtime = 593888246000 us

03-30 10:53:24.782  4569  5306 D PowerCheckerService: batteryUptime = 9136181000 us

03-30 10:53:24.782  4569  5306 D PowerCheckerService: batteryRealtime = 65926604000 us

03-30 10:53:24.782  4569  5306 D PowerCheckerService: whichBatteryUptime = 598000 us

03-30 10:53:24.782  4569  5306 D PowerCheckerService: whichBatteryRealtime = 598000 us

03-30 10:53:24.782  4569  5306 W PowerCheckerService: Time on battery is too short since last unlugged, skip this check

03-30 10:53:24.893  6151  6186 I octvm_klo: read wakeups from wakealarm_fd:1

03-30 10:53:24.893  6151  6186 I octvm_klo: new timerfd interval:

03-30 10:53:24.893  6151  6186 I octvm_klo: 	itval.it_interval.tv_sec 1, itval.it_interval.tv_nsec 0

03-30 10:53:24.893  6151  6186 I octvm_klo: 	itval.it_value.tv_sec 0, itval.it_value.tv_nsec 999996823

03-30 10:53:25.634   379   493 I ThermalEngine: Sensor:batt_temp:365 mC

03-30 10:53:25.695  3745  3745 D wpa_supplicant: wlan0: Control interface command 'SIGNAL_POLL'

03-30 10:53:25.701  3745  3745 D wpa_supplicant: CTRL-DEBUG: global_ctrl_sock-sendto: sock=11 sndbuf=163840 outq=0 send_len=49

03-30 10:53:25.893  6151  6186 I octvm_klo: read wakeups from wakealarm_fd:1

03-30 10:53:25.893  6151  6186 I octvm_klo: new timerfd interval:

03-30 10:53:25.893  6151  6186 I octvm_klo: 	itval.it_interval.tv_sec 1, itval.it_interval.tv_nsec 0

03-30 10:53:25.893  6151  6186 I octvm_klo: 	itval.it_value.tv_sec 0, itval.it_value.tv_nsec 999991146

03-30 10:53:26.636   379   493 I ThermalEngine: Sensor:batt_temp:365 mC

03-30 10:53:26.893  6151  6186 I octvm_klo: read wakeups from wakealarm_fd:1

03-30 10:53:26.893  6151  6186 I octvm_klo: new timerfd interval:

03-30 10:53:26.893  6151  6186 I octvm_klo: 	itval.it_interval.tv_sec 1, itval.it_interval.tv_nsec 0

03-30 10:53:26.893  6151  6186 I octvm_klo: 	itval.it_value.tv_sec 0, itval.it_value.tv_nsec 999991563

03-30 10:53:27.369 25810 25810 W AppWatcher: type=1400 audit(0.0:55253542): avc: denied { getattr } for path="/proc/opalum-temp-calib" dev="proc" ino=4026534631 scontext=u:r:untrusted_app:s0:c512,c768 tcontext=u:object_r:proc_opalum:s0 tclass=file permissive=0

03-30 10:53:27.369 25810 25810 W AppWatcher: type=1400 audit(0.0:55253543): avc: denied { getattr } for path="/proc/opalum-f0-calib" dev="proc" ino=4026534630 scontext=u:r:untrusted_app:s0:c512,c768 tcontext=u:object_r:proc_opalum:s0 tclass=file permissive=0

03-30 10:53:27.379 25810 25810 W AppWatcher: type=1400 audit(0.0:55253544): avc: denied { getattr } for path="/proc/sysrq-trigger" dev="proc" ino=4026533735 scontext=u:r:untrusted_app:s0:c512,c768 tcontext=u:object_r:proc_sysrq:s0 tclass=file permissive=0

03-30 10:53:27.389 25810 25810 W AppWatcher: type=1400 audit(0.0:55253545): avc: denied { getattr } for path="/proc/1" dev="proc" ino=11921139 scontext=u:r:untrusted_app:s0:c512,c768 tcontext=u:r:init:s0 tclass=dir permissive=0

03-30 10:53:27.389 25810 25810 W AppWatcher: type=1400 audit(0.0:55253546): avc: denied { getattr } for path="/proc/2" dev="proc" ino=11961941 scontext=u:r:untrusted_app:s0:c512,c768 tcontext=u:r:kernel:s0 tclass=dir permissive=0

03-30 10:53:27.399 25810 25810 W AppWatcher: type=1400 audit(0.0:55253547): avc: denied { getattr } for path="/proc/3" dev="proc" ino=11961942 scontext=u:r:untrusted_app:s0:c512,c768 tcontext=u:r:kernel:s0 tclass=dir permissive=0

03-30 10:53:27.399 25810 25810 W AppWatcher: type=1400 audit(0.0:55253548): avc: denied { getattr } for path="/proc/6" dev="proc" ino=11961943 scontext=u:r:untrusted_app:s0:c512,c768 tcontext=u:r:kernel:s0 tclass=dir permissive=0

03-30 10:53:27.409 25810 25810 W AppWatcher: type=1400 audit(0.0:55253549): avc: denied { getattr } for path="/proc/7" dev="proc" ino=11961944 scontext=u:r:untrusted_app:s0:c512,c768 tcontext=u:r:kernel:s0 tclass=dir permissive=0

03-30 10:53:27.409 25810 25810 W AppWatcher: type=1400 audit(0.0:55253550): avc: denied { getattr } for path="/proc/8" dev="proc" ino=11961945 scontext=u:r:untrusted_app:s0:c512,c768 tcontext=u:r:kernel:s0 tclass=dir permissive=0

03-30 10:53:27.419 25810 25810 W AppWatcher: type=1400 audit(0.0:55253551): avc: denied { getattr } for path="/proc/21" dev="proc" ino=11961946 scontext=u:r:untrusted_app:s0:c512,c768 tcontext=u:r:kernel:s0 tclass=dir permissive=0

03-30 10:53:27.419 25810 25810 W AppWatcher: type=1400 audit(0.0:55253552): avc: denied { getattr } for path="/proc/22" dev="proc" ino=11961947 scontext=u:r:untrusted_app:s0:c512,c768 tcontext=u:r:kernel:s0 tclass=dir permissive=0

03-30 10:53:27.419 25810 25810 W AppWatcher: type=1400 audit(0.0:55253553): avc: denied { getattr } for path="/proc/28" dev="proc" ino=11961948 scontext=u:r:untrusted_app:s0:c512,c768 tcontext=u:r:kernel:s0 tclass=dir permissive=0

03-30 10:53:27.419 25810 25810 W AppWatcher: type=1400 audit(0.0:55253554): avc: denied { getattr } for path="/proc/29" dev="proc" ino=11961949 scontext=u:r:untrusted_app:s0:c512,c768 tcontext=u:r:kernel:s0 tclass=dir permissive=0

03-30 10:53:27.419 25810 25810 W AppWatcher: type=1400 audit(0.0:55253555): avc: denied { getattr } for path="/proc/30" dev="proc" ino=11961950 scontext=u:r:untrusted_app:s0:c512,c768 tcontext=u:r:kernel:s0 tclass=dir permissive=0

03-30 10:53:27.419 25810 25810 W AppWatcher: type=1400 audit(0.0:55253556): avc: denied { getattr } for path="/proc/32" dev="proc" ino=11961951 scontext=u:r:untrusted_app:s0:c512,c768 tcontext=u:r:kernel:s0 tclass=dir permissive=0

03-30 10:53:27.429 25810 25810 W AppWatcher: type=1400 audit(0.0:55253557): avc: denied { getattr } for path="/proc/33" dev="proc" ino=11961952 scontext=u:r:untrusted_app:s0:c512,c768 tcontext=u:r:kernel:s0 tclass=dir permissive=0

03-30 10:53:27.429 25810 25810 W AppWatcher: type=1400 audit(0.0:55253558): avc: denied { getattr } for path="/proc/34" dev="proc" ino=11961953 scontext=u:r:untrusted_app:s0:c512,c768 tcontext=u:r:kernel:s0 tclass=dir permissive=0

03-30 10:53:27.429 25810 25810 W AppWatcher: type=1400 audit(0.0:55253559): avc: denied { getattr } for path="/proc/61" dev="proc" ino=11961954 scontext=u:r:untrusted_app:s0:c512,c768 tcontext=u:r:kernel:s0 tclass=dir permissive=0

03-30 10:53:27.429 25810 25810 W AppWatcher: type=1400 audit(0.0:55253560): avc: denied { getattr } for path="/proc/62" dev="proc" ino=11961955 scontext=u:r:untrusted_app:s0:c512,c768 tcontext=u:r:kernel:s0 tclass=dir permissive=0

03-30 10:53:27.439 25810 25810 W AppWatcher: type=1400 audit(0.0:55253561): avc: denied { getattr } for path="/proc/63" dev="proc" ino=11961956 scontext=u:r:untrusted_app:s0:c512,c768 tcontext=u:r:kernel:s0 tclass=dir permissive=0

03-30 10:53:27.439 25810 25810 W AppWatcher: type=1400 audit(0.0:55253562): avc: denied { getattr } for path="/proc/64" dev="proc" ino=11961957 scontext=u:r:untrusted_app:s0:c512,c768 tcontext=u:r:kernel:s0 tclass=dir permissive=0

03-30 10:53:27.439 25810 25810 W AppWatcher: type=1400 audit(0.0:55253563): avc: denied { getattr } for path="/proc/65" dev="proc" ino=11961958 scontext=u:r:untrusted_app:s0:c512,c768 tcontext=u:r:kernel:s0 tclass=dir permissive=0

03-30 10:53:27.439 25810 25810 W AppWatcher: type=1400 audit(0.0:55253564): avc: denied { getattr } for path="/proc/66" dev="proc" ino=11961959 scontext=u:r:untrusted_app:s0:c512,c768 tcontext=u:r:kernel:s0 tclass=dir permissive=0

03-30 10:53:27.439 25810 25810 W AppWatcher: type=1400 audit(0.0:55253565): avc: denied { getattr } for path="/proc/67" dev="proc" ino=11961960 scontext=u:r:untrusted_app:s0:c512,c768 tcontext=u:r:kernel:s0 tclass=dir permissive=0

03-30 10:53:27.449 25810 25810 W AppWatcher: type=1400 audit(0.0:55253566): avc: denied { getattr } for path="/proc/68" dev="proc" ino=11961961 scontext=u:r:untrusted_app:s0:c512,c768 tcontext=u:r:kernel:s0 tclass=dir permissive=0

03-30 10:53:27.449 25810 25810 W AppWatcher: type=1400 audit(0.0:55253567): avc: denied { getattr } for path="/proc/69" dev="proc" ino=11961962 scontext=u:r:untrusted_app:s0:c512,c768 tcontext=u:r:kernel:s0 tclass=dir permissive=0

03-30 10:53:27.449 25810 25810 W AppWatcher: type=1400 audit(0.0:55253568): avc: denied { getattr } for path="/proc/70" dev="proc" ino=11961963 scontext=u:r:untrusted_app:s0:c512,c768 tcontext=u:r:kernel:s0 tclass=dir permissive=0

03-30 10:53:27.449 25810 25810 W AppWatcher: type=1400 audit(0.0:55253569): avc: denied { getattr } for path="/proc/71" dev="proc" ino=11961964 scontext=u:r:untrusted_app:s0:c512,c768 tcontext=u:r:kernel:s0 tclass=dir permissive=0

03-30 10:53:27.449 25810 25810 W AppWatcher: type=1400 audit(0.0:55253570): avc: denied { getattr } for path="/proc/72" dev="proc" ino=11961965 scontext=u:r:untrusted_app:s0:c512,c768 tcontext=u:r:kernel:s0 tclass=dir permissive=0

03-30 10:53:27.449 25810 25810 W AppWatcher: type=1400 audit(0.0:55253571): avc: denied { getattr } for path="/proc/73" dev="proc" ino=11961966 scontext=u:r:untrusted_app:s0:c512,c768 tcontext=u:r:kernel:s0 tclass=dir permissive=0

03-30 10:53:27.459 25810 25810 W AppWatcher: type=1400 audit(0.0:55253572): avc: denied { getattr } for path="/proc/74" dev="proc" ino=11961967 scontext=u:r:untrusted_app:s0:c512,c768 tcontext=u:r:kernel:s0 tclass=dir permissive=0

03-30 10:53:27.459 25810 25810 W AppWatcher: type=1400 audit(0.0:55253573): avc: denied { getattr } for path="/proc/75" dev="proc" ino=11961968 scontext=u:r:untrusted_app:s0:c512,c768 tcontext=u:r:kernel:s0 tclass=dir permissive=0

03-30 10:53:27.637   379   493 I ThermalEngine: Sensor:batt_temp:366 mC

03-30 10:53:27.893  6151  6186 I octvm_klo: read wakeups from wakealarm_fd:1

03-30 10:53:27.893  6151  6186 I octvm_klo: new timerfd interval:

03-30 10:53:27.893  6151  6186 I octvm_klo: 	itval.it_interval.tv_sec 1, itval.it_interval.tv_nsec 0

03-30 10:53:27.893  6151  6186 I octvm_klo: 	itval.it_value.tv_sec 0, itval.it_value.tv_nsec 999996145

03-30 10:53:28.638   379   493 I ThermalEngine: Sensor:batt_temp:366 mC

03-30 10:53:28.717  3745  3745 D wpa_supplicant: wlan0: Control interface command 'SIGNAL_POLL'

03-30 10:53:28.732  3745  3745 D wpa_supplicant: CTRL-DEBUG: global_ctrl_sock-sendto: sock=11 sndbuf=163840 outq=0 send_len=49

03-30 10:53:28.894  6151  6186 I octvm_klo: read wakeups from wakealarm_fd:1

03-30 10:53:28.894  6151  6186 I octvm_klo: new timerfd interval:

03-30 10:53:28.894  6151  6186 I octvm_klo: 	itval.it_interval.tv_sec 1, itval.it_interval.tv_nsec 0

03-30 10:53:28.894  6151  6186 I octvm_klo: 	itval.it_value.tv_sec 0, itval.it_value.tv_nsec 999994271

03-30 10:53:29.640   379   493 I ThermalEngine: Sensor:batt_temp:365 mC

03-30 10:53:29.894  6151  6186 I octvm_klo: read wakeups from wakealarm_fd:1

03-30 10:53:29.894  6151  6186 I octvm_klo: new timerfd interval:

03-30 10:53:29.894  6151  6186 I octvm_klo: 	itval.it_interval.tv_sec 1, itval.it_interval.tv_nsec 0

03-30 10:53:29.894  6151  6186 I octvm_klo: 	itval.it_value.tv_sec 0, itval.it_value.tv_nsec 999990989

03-30 10:53:30.641   379   493 I ThermalEngine: Sensor:batt_temp:365 mC

03-30 10:53:30.894  6151  6186 I octvm_klo: read wakeups from wakealarm_fd:1

03-30 10:53:30.894  6151  6186 I octvm_klo: new timerfd interval:

03-30 10:53:30.894  6151  6186 I octvm_klo: 	itval.it_interval.tv_sec 1, itval.it_interval.tv_nsec 0

03-30 10:53:30.894  6151  6186 I octvm_klo: 	itval.it_value.tv_sec 0, itval.it_value.tv_nsec 999996042

03-30 10:53:31.054 29591 29658 W System.err: Êó†Ê≥ïËÆøÈóÆÊàñÁΩëÁªú‰∏çÁ®≥ÂÆö

03-30 10:53:31.054 29591 29658 W System.err: 	at com.danale.video.sdk.http.impl.apache.ApacheHttpClient.readDataWithRetriesAndReportDanaleError(Unknown Source)

03-30 10:53:31.054 29591 29658 W System.err: 	at com.danale.video.sdk.http.impl.apache.ApacheHttpClient.execute(Unknown Source)

03-30 10:53:31.054 29591 29658 W System.err: 	at com.danale.video.sdk.utils.DnsAnalysisUtil.dnsAnalysisByDanale(Unknown Source)

03-30 10:53:31.054 29591 29658 W System.err: 	at com.danale.video.sdk.platform.entity.Session$7.doInBackground(Unknown Source)

03-30 10:53:31.054 29591 29658 W System.err: 	at com.danale.video.sdk.platform.entity.Session$7.doInBackground(Unknown Source)

03-30 10:53:31.055 29591 29658 W System.err: 	at com.danale.video.sdk.async.AsyncTask$2.call(Unknown Source)

03-30 10:53:31.055 29591 29658 W System.err: 	at java.util.concurrent.FutureTask.run(FutureTask.java:237)

03-30 10:53:31.055 29591 29658 W System.err: 	at java.util.concurrent.ThreadPoolExecutor.runWorker(ThreadPoolExecutor.java:1113)

03-30 10:53:31.055 29591 29658 W System.err: 	at java.util.concurrent.ThreadPoolExecutor$Worker.run(ThreadPoolExecutor.java:588)

03-30 10:53:31.055 29591 29658 W System.err: 	at java.lang.Thread.run(Thread.java:818)

03-30 10:53:31.055 29591 29658 W System.err: Caused by: org.apache.http.conn.ConnectTimeoutException: Connect to /54.93.73.119:443 timed out

03-30 10:53:31.055 29591 29658 W System.err: 	at org.apache.http.conn.scheme.PlainSocketFactory.connectSocket(PlainSocketFactory.java:126)

03-30 10:53:31.055 29591 29658 W System.err: 	at org.apache.http.impl.conn.DefaultClientConnectionOperator.openConnection(DefaultClientConnectionOperator.java:149)

03-30 10:53:31.056 29591 29658 W System.err: 	at org.apache.http.impl.conn.AbstractPoolEntry.open(AbstractPoolEntry.java:169)

03-30 10:53:31.056 29591 29658 W System.err: 	at org.apache.http.impl.conn.AbstractPooledConnAdapter.open(AbstractPooledConnAdapter.java:124)

03-30 10:53:31.056 29591 29658 W System.err: 	at org.apache.http.impl.client.DefaultRequestDirector.execute(DefaultRequestDirector.java:370)

03-30 10:53:31.056 29591 29658 W System.err: 	at org.apache.http.impl.client.AbstractHttpClient.execute(AbstractHttpClient.java:560)

03-30 10:53:31.056 29591 29658 W System.err: 	at org.apache.http.impl.client.AbstractHttpClient.execute(AbstractHttpClient.java:492)

03-30 10:53:31.056 29591 29658 W System.err: 	at org.apache.http.impl.client.AbstractHttpClient.execute(AbstractHttpClient.java:470)

03-30 10:53:31.056 29591 29658 W System.err: 	at com.danale.video.sdk.http.impl.apache.ApacheHttpClient.readDataWithRetriesAndReportDanaleError(Unknown Source)

03-30 10:53:31.056 29591 29658 W System.err: 	... 9 more

03-30 10:53:31.642   379   493 I ThermalEngine: Sensor:batt_temp:365 mC

03-30 10:53:31.738  3745  3745 D wpa_supplicant: wlan0: Control interface command 'SIGNAL_POLL'

03-30 10:53:31.750  3745  3745 D wpa_supplicant: CTRL-DEBUG: global_ctrl_sock-sendto: sock=11 sndbuf=163840 outq=0 send_len=49

03-30 10:53:31.894  6151  6186 I octvm_klo: read wakeups from wakealarm_fd:1

03-30 10:53:31.894  6151  6186 I octvm_klo: new timerfd interval:

03-30 10:53:31.894  6151  6186 I octvm_klo: 	itval.it_interval.tv_sec 1, itval.it_interval.tv_nsec 0

03-30 10:53:31.894  6151  6186 I octvm_klo: 	itval.it_value.tv_sec 0, itval.it_value.tv_nsec 999995261

03-30 10:53:32.643   379   493 I ThermalEngine: Sensor:batt_temp:365 mC

03-30 10:53:32.894  6151  6186 I octvm_klo: read wakeups from wakealarm_fd:1

03-30 10:53:32.894  6151  6186 I octvm_klo: new timerfd interval:

03-30 10:53:32.894  6151  6186 I octvm_klo: 	itval.it_interval.tv_sec 1, itval.it_interval.tv_nsec 0

03-30 10:53:32.894  6151  6186 I octvm_klo: 	itval.it_value.tv_sec 0, itval.it_value.tv_nsec 999997188

03-30 10:53:33.645   379   493 I ThermalEngine: Sensor:batt_temp:365 mC

03-30 10:53:33.894  6151  6186 I octvm_klo: read wakeups from wakealarm_fd:1

03-30 10:53:33.895  6151  6186 I octvm_klo: new timerfd interval:

03-30 10:53:33.895  6151  6186 I octvm_klo: 	itval.it_interval.tv_sec 1, itval.it_interval.tv_nsec 0

03-30 10:53:33.895  6151  6186 I octvm_klo: 	itval.it_value.tv_sec 0, itval.it_value.tv_nsec 999994271

03-30 10:53:34.646   379   493 I ThermalEngine: Sensor:batt_temp:365 mC

03-30 10:53:34.773  3745  3745 D wpa_supplicant: wlan0: Control interface command 'SIGNAL_POLL'

03-30 10:53:34.790  3745  3745 D wpa_supplicant: CTRL-DEBUG: global_ctrl_sock-sendto: sock=11 sndbuf=163840 outq=0 send_len=49

03-30 10:53:34.895  6151  6186 I octvm_klo: read wakeups from wakealarm_fd:1

03-30 10:53:34.895  6151  6186 I octvm_klo: new timerfd interval:

03-30 10:53:34.895  6151  6186 I octvm_klo: 	itval.it_interval.tv_sec 1, itval.it_interval.tv_nsec 0

03-30 10:53:34.895  6151  6186 I octvm_klo: 	itval.it_value.tv_sec 0, itval.it_value.tv_nsec 999997292

03-30 10:53:35.238  4116  4556 I XiaomiFirewall: firewall pkgName:com.orvibo.homemate, result:0x0

03-30 10:53:35.647   379   493 I ThermalEngine: Sensor:batt_temp:366 mC

03-30 10:53:35.895  6151  6186 I octvm_klo: read wakeups from wakealarm_fd:1

03-30 10:53:35.895  6151  6186 I octvm_klo: new timerfd interval:

03-30 10:53:35.895  6151  6186 I octvm_klo: 	itval.it_interval.tv_sec 1, itval.it_interval.tv_nsec 0

03-30 10:53:35.895  6151  6186 I octvm_klo: 	itval.it_value.tv_sec 0, itval.it_value.tv_nsec 999994740

03-30 10:53:36.120 29591 29692 D UTAnalytics:CommitTask: pid:29591 check&commit event:65501,

03-30 10:53:36.121 29591 29692 D UTAnalytics:CommitTask: pid:29591 next:65501,

03-30 10:53:36.121 29591 29692 D UTAnalytics:CommitTask: pid:29591 check&commit event:65502,

03-30 10:53:36.139 29591 29694 D UTAnalytics:CommitTask: pid:29591 check&commit event:65503,

03-30 10:53:36.139 29591 29694 D UTAnalytics:CommitTask: pid:29591 next:65503,

03-30 10:53:36.149 29591 29692 D UTAnalytics:CommitTask: pid:29591 next:65502,

03-30 10:53:36.648   379   493 I ThermalEngine: Sensor:batt_temp:366 mC

03-30 10:53:36.895  6151  6186 I octvm_klo: read wakeups from wakealarm_fd:1

03-30 10:53:36.895  6151  6186 I octvm_klo: new timerfd interval:

03-30 10:53:36.895  6151  6186 I octvm_klo: 	itval.it_interval.tv_sec 1, itval.it_interval.tv_nsec 0

03-30 10:53:36.895  6151  6186 I octvm_klo: 	itval.it_value.tv_sec 0, itval.it_value.tv_nsec 999996719

03-30 10:53:37.569 25810 25810 W AppWatcher: type=1400 audit(0.0:55253813): avc: denied { getattr } for path="/proc/opalum-temp-calib" dev="proc" ino=4026534631 scontext=u:r:untrusted_app:s0:c512,c768 tcontext=u:object_r:proc_opalum:s0 tclass=file permissive=0

03-30 10:53:37.579 25810 25810 W AppWatcher: type=1400 audit(0.0:55253814): avc: denied { getattr } for path="/proc/opalum-f0-calib" dev="proc" ino=4026534630 scontext=u:r:untrusted_app:s0:c512,c768 tcontext=u:object_r:proc_opalum:s0 tclass=file permissive=0

03-30 10:53:37.579 25810 25810 W AppWatcher: type=1400 audit(0.0:55253815): avc: denied { getattr } for path="/proc/sysrq-trigger" dev="proc" ino=4026533735 scontext=u:r:untrusted_app:s0:c512,c768 tcontext=u:object_r:proc_sysrq:s0 tclass=file permissive=0

03-30 10:53:37.589 25810 25810 W AppWatcher: type=1400 audit(0.0:55253816): avc: denied { getattr } for path="/proc/1" dev="proc" ino=11921139 scontext=u:r:untrusted_app:s0:c512,c768 tcontext=u:r:init:s0 tclass=dir permissive=0

03-30 10:53:37.589 25810 25810 W AppWatcher: type=1400 audit(0.0:55253817): avc: denied { getattr } for path="/proc/2" dev="proc" ino=11961941 scontext=u:r:untrusted_app:s0:c512,c768 tcontext=u:r:kernel:s0 tclass=dir permissive=0

03-30 10:53:37.599 25810 25810 W AppWatcher: type=1400 audit(0.0:55253818): avc: denied { getattr } for path="/proc/3" dev="proc" ino=11961942 scontext=u:r:untrusted_app:s0:c512,c768 tcontext=u:r:kernel:s0 tclass=dir permissive=0

03-30 10:53:37.599 25810 25810 W AppWatcher: type=1400 audit(0.0:55253819): avc: denied { getattr } for path="/proc/6" dev="proc" ino=11961943 scontext=u:r:untrusted_app:s0:c512,c768 tcontext=u:r:kernel:s0 tclass=dir permissive=0

03-30 10:53:37.599 25810 25810 W AppWatcher: type=1400 audit(0.0:55253820): avc: denied { getattr } for path="/proc/7" dev="proc" ino=11961944 scontext=u:r:untrusted_app:s0:c512,c768 tcontext=u:r:kernel:s0 tclass=dir permissive=0

03-30 10:53:37.599 25810 25810 W AppWatcher: type=1400 audit(0.0:55253821): avc: denied { getattr } for path="/proc/8" dev="proc" ino=11961945 scontext=u:r:untrusted_app:s0:c512,c768 tcontext=u:r:kernel:s0 tclass=dir permissive=0

03-30 10:53:37.599 25810 25810 W AppWatcher: type=1400 audit(0.0:55253822): avc: denied { getattr } for path="/proc/21" dev="proc" ino=11961946 scontext=u:r:untrusted_app:s0:c512,c768 tcontext=u:r:kernel:s0 tclass=dir permissive=0

03-30 10:53:37.609 25810 25810 W AppWatcher: type=1400 audit(0.0:55253823): avc: denied { getattr } for path="/proc/22" dev="proc" ino=11961947 scontext=u:r:untrusted_app:s0:c512,c768 tcontext=u:r:kernel:s0 tclass=dir permissive=0

03-30 10:53:37.609 25810 25810 W AppWatcher: type=1400 audit(0.0:55253824): avc: denied { getattr } for path="/proc/28" dev="proc" ino=11961948 scontext=u:r:untrusted_app:s0:c512,c768 tcontext=u:r:kernel:s0 tclass=dir permissive=0

03-30 10:53:37.609 25810 25810 W AppWatcher: type=1400 audit(0.0:55253825): avc: denied { getattr } for path="/proc/29" dev="proc" ino=11961949 scontext=u:r:untrusted_app:s0:c512,c768 tcontext=u:r:kernel:s0 tclass=dir permissive=0

03-30 10:53:37.609 25810 25810 W AppWatcher: type=1400 audit(0.0:55253826): avc: denied { getattr } for path="/proc/30" dev="proc" ino=11961950 scontext=u:r:untrusted_app:s0:c512,c768 tcontext=u:r:kernel:s0 tclass=dir permissive=0

03-30 10:53:37.619 25810 25810 W AppWatcher: type=1400 audit(0.0:55253827): avc: denied { getattr } for path="/proc/32" dev="proc" ino=11961951 scontext=u:r:untrusted_app:s0:c512,c768 tcontext=u:r:kernel:s0 tclass=dir permissive=0

03-30 10:53:37.619 25810 25810 W AppWatcher: type=1400 audit(0.0:55253828): avc: denied { getattr } for path="/proc/33" dev="proc" ino=11961952 scontext=u:r:untrusted_app:s0:c512,c768 tcontext=u:r:kernel:s0 tclass=dir permissive=0

03-30 10:53:37.629 25810 25810 W AppWatcher: type=1400 audit(0.0:55253829): avc: denied { getattr } for path="/proc/34" dev="proc" ino=11961953 scontext=u:r:untrusted_app:s0:c512,c768 tcontext=u:r:kernel:s0 tclass=dir permissive=0

03-30 10:53:37.629 25810 25810 W AppWatcher: type=1400 audit(0.0:55253830): avc: denied { getattr } for path="/proc/61" dev="proc" ino=11961954 scontext=u:r:untrusted_app:s0:c512,c768 tcontext=u:r:kernel:s0 tclass=dir permissive=0

03-30 10:53:37.639 25810 25810 W AppWatcher: type=1400 audit(0.0:55253831): avc: denied { getattr } for path="/proc/62" dev="proc" ino=11961955 scontext=u:r:untrusted_app:s0:c512,c768 tcontext=u:r:kernel:s0 tclass=dir permissive=0

03-30 10:53:37.639 25810 25810 W AppWatcher: type=1400 audit(0.0:55253832): avc: denied { getattr } for path="/proc/63" dev="proc" ino=11961956 scontext=u:r:untrusted_app:s0:c512,c768 tcontext=u:r:kernel:s0 tclass=dir permissive=0

03-30 10:53:37.649   379   493 I ThermalEngine: Sensor:batt_temp:366 mC

03-30 10:53:37.800  3745  3745 D wpa_supplicant: wlan0: Control interface command 'SIGNAL_POLL'

03-30 10:53:37.816  3745  3745 D wpa_supplicant: CTRL-DEBUG: global_ctrl_sock-sendto: sock=11 sndbuf=163840 outq=0 send_len=49

03-30 10:53:37.872 29591 29694 D UTAnalytics:LogStoreMgr: pid:29591 [store],

03-30 10:53:37.883 29591 29694 D UTAnalytics:UTSqliteLogStore: pid:29591 sql:SELECT * FROM log ORDER BY time ASC  LIMIT 20,

03-30 10:53:37.884 29591 29694 D UTAnalytics:UTSqliteLogStore: pid:29591 pos,0,count,4,

03-30 10:53:37.884 29591 29694 D UTAnalytics:UTSqliteLogStore: pid:29591 pos,1,count,4,

03-30 10:53:37.884 29591 29694 D UTAnalytics:UTSqliteLogStore: pid:29591 pos,2,count,4,

03-30 10:53:37.884 29591 29694 D UTAnalytics:UTSqliteLogStore: pid:29591 pos,3,count,4,

03-30 10:53:37.884 29591 29694 D UTAnalytics:LogStoreMgr: pid:29591 [get],[Log [id=2318, eventId=19999, index=], Log [id=2319, eventId=2001, index=], Log [id=2320, eventId=2001, index=], Log [id=2321, eventId=2001, index=]],

03-30 10:53:37.888 29591 29694 D UTAnalytics:UploadTask: pid:29591 averagePackageSize:123.25,

03-30 10:53:37.895  6151  6186 I octvm_klo: read wakeups from wakealarm_fd:1

03-30 10:53:37.895  6151  6186 I octvm_klo: new timerfd interval:

03-30 10:53:37.895  6151  6186 I octvm_klo: 	itval.it_interval.tv_sec 1, itval.it_interval.tv_nsec 0

03-30 10:53:37.895  6151  6186 I octvm_klo: 	itval.it_value.tv_sec 0, itval.it_value.tv_nsec 999993906

03-30 10:53:37.918  4116  4556 I XiaomiFirewall: firewall pkgName:com.orvibo.homemate, result:0x0

03-30 10:53:38.650   379   493 I ThermalEngine: Sensor:batt_temp:366 mC

03-30 10:53:38.895  6151  6186 I octvm_klo: read wakeups from wakealarm_fd:1

03-30 10:53:38.895  6151  6186 I octvm_klo: new timerfd interval:

03-30 10:53:38.895  6151  6186 I octvm_klo: 	itval.it_interval.tv_sec 1, itval.it_interval.tv_nsec 0

03-30 10:53:38.895  6151  6186 I octvm_klo: 	itval.it_value.tv_sec 0, itval.it_value.tv_nsec 999997084

03-30 10:53:39.543 29591 29694 D UTAnalytics:UploadTask: pid:29591 url:http://adashbc.m.taobao.com/rest/sur?ak=23256401&av=2.3.0.300&c=null&v=3.0&s=c8eabef64e151cc3edc4ce19cb39d0e9e87280c7&d=WJfwe%2BsntC4DAAdSBLpxQDCW&sv=2.5.1_for_bc&p=a&t=1490842417898&u=&is=1&k=0,

03-30 10:53:39.543 29591 29694 D UTAnalytics:UploadTask: pid:29591 result:{"t":1490842416466,"ret":"","success":"success"}

03-30 10:53:39.543 29591 29694 D UTAnalytics:UploadTask: ,

03-30 10:53:39.544 29591 29694 D UTAnalytics:UploadTask: pid:29591 winsize:108,

03-30 10:53:39.545 29591 29694 D UTAnalytics:LogStoreMgr: pid:29591 [Log [id=2318, eventId=19999, index=], Log [id=2319, eventId=2001, index=], Log [id=2320, eventId=2001, index=], Log [id=2321, eventId=2001, index=]],

03-30 10:53:39.599 29591 29694 D UTAnalytics:UTSqliteLogStore: pid:29591 delete ,4, isSuccess:true,

03-30 10:53:39.599 29591 29694 D UTAnalytics:CoreStatics: pid:29591 [uploadInc]:0,count:4,

03-30 10:53:39.599 29591 29694 D UTAnalytics:CoreStatics: pid:29591 [uploadInc]:4,

03-30 10:53:39.599 29591 29694 D UTAnalytics:UploadTask: pid:29591 logs.size():4, selfMonitorLogCount:0,

03-30 10:53:39.599 29591 29694 D UTAnalytics:UploadTask: pid:29591 upload isSendSuccess:true, consume:1656, delete consume:55,

03-30 10:53:39.652   379   493 I ThermalEngine: Sensor:batt_temp:366 mC

03-30 10:53:39.895  6151  6186 I octvm_klo: read wakeups from wakealarm_fd:1

03-30 10:53:39.896  6151  6186 I octvm_klo: new timerfd interval:

03-30 10:53:39.896  6151  6186 I octvm_klo: 	itval.it_interval.tv_sec 1, itval.it_interval.tv_nsec 0

03-30 10:53:39.896  6151  6186 I octvm_klo: 	itval.it_value.tv_sec 0, itval.it_value.tv_nsec 999991406

03-30 10:53:39.992  4116  4556 I XiaomiFirewall: firewall pkgName:com.orvibo.homemate, result:0x0

03-30 10:53:40.137  2044  3620 D WifiStateMachine: starting scan for "56.1_neiwang"-WPA_PSK with 5280,2412

03-30 10:53:40.138  3745  3745 D wpa_supplicant: wlan0: Control interface command 'SCAN TYPE=ONLY freq=5280,2412'

03-30 10:53:40.138  3745  3745 D wpa_supplicant: wlan0: Setting scan request: 0.000000 sec

03-30 10:53:40.138  3745  3745 D wpa_supplicant: CTRL-DEBUG: global_ctrl_sock-sendto: sock=11 sndbuf=163840 outq=0 send_len=3

03-30 10:53:40.139  3745  3745 D wpa_supplicant: wlan0: Starting AP scan for wildcard SSID

03-30 10:53:40.139  3745  3745 D wpa_supplicant: wlan0: Limit manual scan to specified channels

03-30 10:53:40.139  3745  3745 D wpa_supplicant: wlan0: Add radio work 'scan'@0xb68d9398

03-30 10:53:40.139  3745  3745 D wpa_supplicant: wlan0: First radio work item in the queue - schedule start immediately

03-30 10:53:40.148  3745  3745 D wpa_supplicant: wlan0: Starting radio work 'scan'@0xb68d9398 after 0.008576 second wait

03-30 10:53:40.148  3745  3745 D wpa_supplicant: wlan0: nl80211: scan request

03-30 10:53:40.148  3745  3745 D wpa_supplicant: nl80211: Scan SSID - hexdump(len=0): [NULL]

03-30 10:53:40.148  3745  3745 D wpa_supplicant: nl80211: Scan extra IEs - hexdump(len=7): 7f 05 00 00 0a 02 01

03-30 10:53:40.148  3745  3745 D wpa_supplicant: nl80211: Scan frequency 2412 MHz

03-30 10:53:40.149  3745  3745 D wpa_supplicant: nl80211: Scan frequency 5280 MHz

03-30 10:53:40.157  3745  3745 D wpa_supplicant: Scan requested (ret=0) - scan timeout 30 seconds

03-30 10:53:40.157  3745  3745 D wpa_supplicant: nl80211: Event message available

03-30 10:53:40.157  3745  3745 D wpa_supplicant: nl80211: Drv Event 33 (NL80211_CMD_TRIGGER_SCAN) received for wlan0

03-30 10:53:40.157  3745  3745 D wpa_supplicant: wlan0: nl80211: Scan trigger

03-30 10:53:40.157  3745  3745 D wpa_supplicant: wlan0: Event SCAN_STARTED (47) received

03-30 10:53:40.157  3745  3745 D wpa_supplicant: wlan0: Own scan request started a scan in 0.000594 seconds

03-30 10:53:40.158  3745  3745 D wpa_supplicant: CTRL-DEBUG: ctrl_sock-sendmsg: sock=11 sndbuf=163840 outq=0 send_len=24

03-30 10:53:40.162  3745  3745 D wpa_supplicant: CTRL_IFACE monitor sent successfully to /data/misc/wifi/sockets/wpa_ctrl_2044-2\x00

03-30 10:53:40.269  3745  3745 D wpa_supplicant: nl80211: Event message available

03-30 10:53:40.269  3745  3745 D wpa_supplicant: nl80211: Drv Event 34 (NL80211_CMD_NEW_SCAN_RESULTS) received for wlan0

03-30 10:53:40.270  3745  3745 D wpa_supplicant: wlan0: nl80211: New scan results available

03-30 10:53:40.270  3745  3745 D wpa_supplicant: nl80211: Scan included frequencies: 2412 5280

03-30 10:53:40.270  3745  3745 D wpa_supplicant: wlan0: Event SCAN_RESULTS (3) received

03-30 10:53:40.270  3745  3745 D wpa_supplicant: wlan0: Scan completed in 0.112458 seconds

03-30 10:53:40.270  3745  3745 D wpa_supplicant: nl80211: Associated on 5280 MHz

03-30 10:53:40.270  3745  3745 D wpa_supplicant: nl80211: Associated with cc:81:da:9c:13:28

03-30 10:53:40.270  3745  3745 D wpa_supplicant: nl80211: Received scan results (33 BSSes)

03-30 10:53:40.270  3745  3745 D wpa_supplicant: nl80211: Scan results indicate BSS status with cc:81:da:9c:13:28 as associated

03-30 10:53:40.270  3745  3745 D wpa_supplicant: wlan0: BSS: Start scan result update 5309

03-30 10:53:40.270  3745  3745 D wpa_supplicant: BSS: last_scan_res_used=33/64

03-30 10:53:40.270  3745  3745 D wpa_supplicant: wlan0: Scan-only results received

03-30 10:53:40.270  3745  3745 D wpa_supplicant: CTRL-DEBUG: ctrl_sock-sendmsg: sock=11 sndbuf=163840 outq=0 send_len=24

03-30 10:53:40.271  3745  3745 D wpa_supplicant: CTRL_IFACE monitor sent successfully to /data/misc/wifi/sockets/wpa_ctrl_2044-2\x00

03-30 10:53:40.271  3745  3745 D wpa_supplicant: wlan0: Radio work 'scan'@0xb68d9398 done in 0.122804 seconds

03-30 10:53:40.277  3745  3745 D wpa_supplicant: CTRL-DEBUG: global_ctrl_sock-sendto: sock=11 sndbuf=163840 outq=0 send_len=3541

03-30 10:53:40.277  3745  3745 D wpa_supplicant: RTM_NEWLINK: ifi_index=22 ifname=wlan0 wext ifi_family=0 ifi_flags=0x11043 ([UP][RUNNING][LOWER_UP])

03-30 10:53:40.288  3745  3745 D wpa_supplicant: CTRL-DEBUG: global_ctrl_sock-sendto: sock=11 sndbuf=163840 outq=0 send_len=3770

03-30 10:53:40.291  3745  3745 D wpa_supplicant: CTRL-DEBUG: global_ctrl_sock-sendto: sock=11 sndbuf=163840 outq=0 send_len=3830

03-30 10:53:40.294  3745  3745 D wpa_supplicant: CTRL-DEBUG: global_ctrl_sock-sendto: sock=11 sndbuf=163840 outq=0 send_len=3634

03-30 10:53:40.299  3745  3745 D wpa_supplicant: CTRL-DEBUG: global_ctrl_sock-sendto: sock=11 sndbuf=163840 outq=0 send_len=3322

03-30 10:53:40.302  3745  3745 D wpa_supplicant: CTRL-DEBUG: global_ctrl_sock-sendto: sock=11 sndbuf=163840 outq=0 send_len=3742

03-30 10:53:40.303  3745  3745 D wpa_supplicant: CTRL-DEBUG: global_ctrl_sock-sendto: sock=11 sndbuf=163840 outq=0 send_len=865

03-30 10:53:40.327  3745  3745 D wpa_supplicant: EAPOL: EAP Session-Id not available

03-30 10:53:40.329  3745  3745 D wpa_supplicant: CTRL-DEBUG: global_ctrl_sock-sendto: sock=11 sndbuf=163840 outq=0 send_len=279

03-30 10:53:40.472 29591 29670 D NAT     : DYNAMIC_IP

03-30 10:53:40.473 29591 29670 D NAT     : call void method before

03-30 10:53:40.473 29591 29670 D NAT     : call void method after

03-30 10:53:40.653   379   493 I ThermalEngine: Sensor:batt_temp:366 mC

03-30 10:53:40.819  3745  3745 D wpa_supplicant: wlan0: Control interface command 'SIGNAL_POLL'

03-30 10:53:40.831  3745  3745 D wpa_supplicant: CTRL-DEBUG: global_ctrl_sock-sendto: sock=11 sndbuf=163840 outq=0 send_len=49

03-30 10:53:40.896  6151  6186 I octvm_klo: read wakeups from wakealarm_fd:1

03-30 10:53:40.896  6151  6186 I octvm_klo: new timerfd interval:

03-30 10:53:40.896  6151  6186 I octvm_klo: 	itval.it_interval.tv_sec 1, itval.it_interval.tv_nsec 0

03-30 10:53:40.896  6151  6186 I octvm_klo: 	itval.it_value.tv_sec 0, itval.it_value.tv_nsec 999996250

03-30 10:53:41.654   379   493 I ThermalEngine: Sensor:batt_temp:366 mC
