03-30 10:34:59.348 10705 10836 I HomeMate: comm[ NioProcessor-7: CodecDecoder.java:76 doDecode() ] - Êé•Êî∂Âà∞IP:192.168.2.242ÁöÑÊï∞ÊçÆÔºö68,64,a,3a,64,6b,46,7f,50,68,31,33,66,38,36,38,36,64,62,35,30,34,34,62,39,38,61,66,37,39,33,36,37,31,34,63,31,37,37,63,66,39,e8,fa,75,f1,53,80,7f,42,6e,bf,8d,cd,1b,47,50,f8,dc,de,88,30,3a,c0,55,33,88,e0,8,37,1b,33,da,23,f3,c,70,a6,d9,d3,86,ac,63,42,21,7c,ed,32,e4,46,51,81,78,87,5,64,47,79,d5,1,bf,1,56,f8,e1,30,8f,93,dd,e2,4,54,75,1d,9a,fa,4c,a1,ff,c2,ff,20,21,b2,ad,b0,9f,76,7d,9,af,2d,94,6,b9,d7,b0,b8,fb,16,b4,bc,98,df,ca,e,0,b2,52,a6,70,88,da,29,6,c0,b3,ac,83,f2,ed,f1,58,9e,4c,30,38,22,de,1f,72,74,29,32,b4,ae,1e,12,79,f7,a5,7f,3b,7e,1d,95,26,22,8e,d4,2a,97,ee,1d,a8,75,d5,de,81,aa,24,13,38,8,ba,9b,0,27,f3,d3,c9,32,4b,60,d,4e,9,5e,fe,2f,b5,80,d6,48,d6,20,cd,68,30,f8,e5,59,80,db,b2,6,67,94,4e,be,c7,55,41,1b,2f,5f,1e,6f,de,6a,ec,1a,dd,93,83,b6,81,b8,18,b8,a2,ab,ea,13,c,cb,f8,13,19,31,10,69,63,f1,48,7a,fe,9b,23,4e,db,f7,11,91,45,f1,cb,af,3,e7,78,4c,d9,ee,b0,da,2f,e2,9a,d4,32,8c,67,0,7b,e2,d1,5e,ea,dd,86,6,9e,9e,11,dd,5d,ae,f1,61,87,4,50,a3,65,15,bb,84,ac,d4,24,ce,97,10,8e,f4,a6,6f,65,3b,6e,e4,79,da,d8,51,71,5e,e0,c6,7f,f8,50,4a,3e,95,5c,21,10,cb,8a,44,be,1f,c1,58,9b,33,23,d1,ba,a2,5b,42,d9,bd,cb,64,1a,be,c0,79,83,fe,27,31,c4,26,7a,bf,6f,f3,d8,df,19,4d,ee,c6,a,7b,ed,8c,cc,e9,ce,cc,9,aa,8a,f2,f0,fd,34,10,d4,1e,1c,9f,d,a8,f9,eb,75,d2,96,f,96,28,df,16,e0,43,60,34,a0,2b,bc,f8,dc,e2,8c,f6,99,19,bd,40,45,42,36,52,e9,9a,81,ae,8a,c5,8d,86,ae,f1,67,6,13,0,9e,60,16,c9,17,cc,fe,e7,10,37,11,f4,cb,b0,9b,95,45,25,b9,cd,ac,be,d,da,86,87,b2,8,25,35,54,b5,d4,ea,8b,fa,87,2e,8a,e3,d6,11,3f,2d,67,5,c1,21,c,7a,67,8c,1d,10,a6,d3,20,c,66,48,f9,2d,39,f0,36,2c,f0,1b,f9,b,6e,9a,f6,a3,3e,a7,1a,f6,f1,27,2a,f4,c0,13,69,53,bc,17,cb,a9,fa,48,67,ea,a2,80,b7,44,c9,3c,a3,89,1b,b1,f6,4d,ab,b3,a3,55,c0,a9,ef,e0,c0,a1,2f,f7,fa,24,bc,1f,de,d7,b7,bd,bf,fc,64,d,ef,9c,52,b7,81,5a,62,f7,21,18,b5,11,1c,d4,8f,a9,3a,f3,10,a2,97,b5,55,c5,83,c4,1a,4a,3c,b9,5d,27,c9,3,cc,5b,a8,c4,f4,20,70,30,d2,7c,53,c0,8d,5e,fd,87,da,2b,29,b3,c,81,92,0,93,fa,78,fc,8b,6c,52,66,e0,3f,99,b3,dc,8c,60,21,4,48,a0,1e,21,3e,38,4,b5,72,b1,84,34,fe,e,c5,81,9b,63,d3,a3,82,3e,74,3c,e8,80,17,33,1,90,ff,39,9f,a7,73,a1,5b,bd,32,61,c,ef,6f,ec,a0,cd,c8,3e,1e,1d,f4,aa,9e,b7,e2,20,6b,4e,ee,3,b3,a5,4a,fb,25,f2,91,a6,69,a,9c,bd,e5,a5,87,88,20,12,ef,6b,22,81,c3,d3,a3,f1,92,67,c2,3b,33,6f,e8,9,28,fe,95,d1,a2,11,20,f9,7b,4a,4d,ee,40,0,93,8e,b3,6d,75,17,6e,3b,d0,83,2c,fa,50,9d,1b,5b,14,6c,72,13,72,26,23,72,26,c7,76,23,ec,e3,6b,5a,a6,74,af,d5,24,db,23,92,6f,f0,2d,c8,8c,47,2,49,fd,85,97,f8,91,af,11,25,6f,b7,ed,7b,2c,14,9,a9,e8,13,8d,ab,ee,20,59,30,a5,f9,2e,4a,b3,36,54,e1,1a,2,fb,3e,c6,c7,93,96,69,c4,fe,79,f6,4c,a1,7b,6d,a3,e0,12,8b,7c,d5,e6,96,6a,d2,ff,10,b5,37,6a,80,c1,bd,62,90,33,5e,7,8c,8e,1f,21,1e,c8,fc,a7,6e,1,1c,c0,4,13,8e,3b,a4,e,97,94,39,71,dc,99,9c,8e,13,5a,c3,d1,9c,dd,5f,4e,c9,7,d7,fb,55,e5,f0,62,3b,2a,54,5e,cf,e5,5c,44,aa,7d,ea,79,a2,78,e4,d2,18,8b,cb,de,49,a,e5,d2,23,3e,b0,2b,20,7c,da,a9,e7,19,ad,55,17,a3,1c,2e,3b,fe,97,d4,c6,84,10,d6,a9,77,60,fd,a1,cf,bd,f,58,a5,f2,28,e2,f1,c8,fa,b6,6d,55,f3,e1,8d,c9,a0,58,ab,c0,7c,e6,6b,e7,cd,ad,cb,7d,17,c5,c5,7e,98,70,60,42,35,5a,62,e2,ff,e1,94,b6,f,69,e,49,1c,90,fe,ae,3f,5f,83,d4,85,4f,17,ee,af,3b,85,49,e1,6b,8d,8a,1b,98,a,44,e1,a2,f0,32,a2,cc,44,e0,fc,53,a0,f9,45,c,a7,ec,14,44,82,7a,ed,bb,fb,26,24,36,8,b9,44,f1,d3,9a,a7,33,aa,33,e0,c4,40,24,64,8b,c3,a5,e1,3a,2b,cd,f3,a5,1f,16,5b,87,95,b,43,c4,db,6,a6,9d,22,5f,7c,8,6c,81,c9,6f,3b,bf,b2,8e,10,db,9f,4b,f2,35,29,a6,21,96,18,63,a1,df,f6,39,f1,f2,c,ac,41,62,90,80,be,e8,5d,58,aa,8f,ce,3e,58,f7,a4,b3,7e,30,34,21,f6,90,25,88,dc,84,39,d0,e6,b6,f2,72,ee,5c,2c,14,81,16,85,57,a5,c3,a1,28,54,95,70,99,45,8,e,18,1d,d0,dd,31,65,5f,f9,a6,ee,c5,6e,b,79,bb,b1,d0,44,4b,45,36,d6,43,56,f6,bd,fc,ea,d8,fc,bb,bc,11,72,9d,68,f,a2,b5,63,9c,1a,c0,74,93,4c,45,a5,4a,fb,25,f2,91,a6,69,a,9c,bd,e5,a5,87,88,20,12,ef,6b,22,81,c3,d3,a3,f1,92,67,c2,3b,33,6f,e8,9,28,fe,95,d1,a2,11,20,f9,7b,4a,4d,ee,40,0,93,36,44,cd,3a,37,2a,22,d6,45,8d,c,45,18,5,1b,74,6c,72,13,72,26,23,72,26,c7,76,23,ec,e3,6b,5a,a6,f0,5,b1,cf,3b,73,11,8d,93,a9,91

03-30 10:34:59.383 10705 10705 D HomeMate: comm[ main: BaseRequest.java:498 stopRequest() ] - Stop request which serial is 123155549 on com.orvibo.homemate.user.family.manager.FamilyManagePresenter$1@f9257ad

03-30 10:34:59.387 10705 10837 I HomeMate: comm[ pool-5-thread-1: SocketUtil.java:70 progressMessage() ] - protocolType[dk],crc:467F5068,sessionId:13f8686db5044b98af7936714c177cf9,jsonLen:2576,ip:192.168.2.242,port:10001

03-30 10:34:59.387 10705 10837 I HomeMate: comm[ pool-5-thread-1: SocketUtil.java:108 progressMessage() ] - After decrypt json[{"cmd":201,"userId":"91a31ba24648493aad89636922662c04","ver":"2.3.0","serial":123155549,"status":0,"familyList":[{"email":"15079034630@126.com","phone":"","userName":"ahdhhddhhd","isAdmin":1,"familyId":"ea4205a93f1c46b4a6df9bb391513dd9","familyName":"ojrtx","creator":"91a31ba24648493aad89636922662c04","showIndex":1,"createTime":"2017-03-27 16:38:09","updateTime":"2017-03-30 10:31:48","longitude":"114.004849","latotide":"22.593931","country":"cn","city":"shenzhen","state":"guangdong","timeOffset":28800,"zoneOffset":28800,"delFlag":0},{"email":"15079034630@126.com","phone":"","userName":"ahdhhddhhd","isAdmin":1,"familyId":"7c9d5013119f46a2a89fe662794afe17","familyName":"gggy","creator":"91a31ba24648493aad89636922662c04","showIndex":2,"createTime":"2017-03-27 16:42:12","updateTime":"2017-03-28 19:54:38","longitude":"113.9997694882676","latotide":"22.59673235708171","country":"cn","city":"Ê∑±Âú≥Â∏?","state":"Âπø‰∏úÁú?","timeOffset":28800,"zoneOffset":28800,"delFlag":0},{"email":"15079034630@126.com","phone":"","userName":"ahdhhddhhd","isAdmin":1,"familyId":"2f2e636022b94e218b3c2f9756c65cc5","familyName":"f30ow","pic":"http://homemate.orvibo.com/images/family/decd605137a041d3943517d8943621bf.png","creator":"91a31ba24648493aad89636922662c04","showIndex":3,"createTime":"2017-03-27 17:37:58","updateTime":"2017-03-28 19:54:38","longitude":"113.9997694882676","latotide":"22.59673235708171","country":"cn","city":"Ê∑±Âú≥Â∏?","state":"Âπø‰∏úÁú?","timeOffset":28800,"zoneOffset":28800,"delFlag":0},{"email":"15079034630@126.com","phone":"","userName":"ahdhhddhhd","isAdmin":1,"familyId":"8a1ceb7b78034a539fbebe64efd979fc","familyName":"2fa1b","pic":"http://homemate.orvibo.com/images/family/5d1549631bde4bba877fa28498755239.png","creator":"91a31ba24648493aad89636922662c04","showIndex":4,"createTime":"2017-03-27 18:42:00","updateTime":"2017-03-28 19:54:38","longitude":"113.9997694882676","latotide":"22.59673235708171","country":"cn","city":"Ê∑±Âú≥Â∏?","state":"Âπø‰∏úÁú?","timeOffset":28800,"zoneOffset":28800,"delFlag":0},{"email":"15079034630@126.com","phone":"","userName":"ahdhhddhhd","isAdmin":1,"familyId":"dbc10e32ebe547cc932bce19fe63d2c1","familyName":"iu299","pic":"http://homemate.orvibo.com/images/family/783967619a144ff182042bce99002bb1.png","creator":"91a31ba24648493aad89636922662c04","showIndex":5,"createTime":"2017-03-27 19:02:47","updateTime":"2017-03-28 19:54:38","longitude":"113.9997694882676","latotide":"22.59673235708171","country":"cn","city":"Ê∑±Âú≥Â∏?","state":"Âπø‰∏úÁú?","timeOffset":28800,"zoneOffset":28800,"delFlag":0}]}]

03-30 10:34:59.536  6151  6186 I octvm_klo: read wakeups from wakealarm_fd:1

03-30 10:34:59.537  6151  6186 I octvm_klo: new timerfd interval:

03-30 10:34:59.537  6151  6186 I octvm_klo: 	itval.it_interval.tv_sec 1, itval.it_interval.tv_nsec 0

03-30 10:34:59.537  6151  6186 I octvm_klo: 	itval.it_value.tv_sec 0, itval.it_value.tv_nsec 999990313

03-30 10:34:59.999  2044  3620 D WifiStateMachine: starting scan for "56.1_neiwang"-WPA_PSK with 5280,2412

03-30 10:35:00.000  3745  3745 D wpa_supplicant: wlan0: Control interface command 'SCAN TYPE=ONLY freq=5280,2412'

03-30 10:35:00.000  3745  3745 D wpa_supplicant: wlan0: Setting scan request: 0.000000 sec

03-30 10:35:00.000  3745  3745 D wpa_supplicant: CTRL-DEBUG: global_ctrl_sock-sendto: sock=11 sndbuf=163840 outq=0 send_len=3

03-30 10:35:00.001  3745  3745 D wpa_supplicant: wlan0: Starting AP scan for wildcard SSID

03-30 10:35:00.001  3745  3745 D wpa_supplicant: wlan0: Limit manual scan to specified channels

03-30 10:35:00.001  3745  3745 D wpa_supplicant: wlan0: Add radio work 'scan'@0xb68d9398

03-30 10:35:00.001  3745  3745 D wpa_supplicant: wlan0: First radio work item in the queue - schedule start immediately

03-30 10:35:00.001  3745  3745 D wpa_supplicant: wlan0: Starting radio work 'scan'@0xb68d9398 after 0.000239 second wait

03-30 10:35:00.002  3745  3745 D wpa_supplicant: wlan0: nl80211: scan request

03-30 10:35:00.002  3745  3745 D wpa_supplicant: nl80211: Scan SSID - hexdump(len=0): [NULL]

03-30 10:35:00.002  3745  3745 D wpa_supplicant: nl80211: Scan extra IEs - hexdump(len=7): 7f 05 00 00 0a 02 01

03-30 10:35:00.002  3745  3745 D wpa_supplicant: nl80211: Scan frequency 2412 MHz

03-30 10:35:00.002  3745  3745 D wpa_supplicant: nl80211: Scan frequency 5280 MHz

03-30 10:35:00.029  3745  3745 D wpa_supplicant: Scan requested (ret=0) - scan timeout 30 seconds

03-30 10:35:00.031  3745  3745 D wpa_supplicant: nl80211: Event message available

03-30 10:35:00.031  3745  3745 D wpa_supplicant: nl80211: Drv Event 33 (NL80211_CMD_TRIGGER_SCAN) received for wlan0

03-30 10:35:00.031  3745  3745 D wpa_supplicant: wlan0: nl80211: Scan trigger

03-30 10:35:00.031  3745  3745 D wpa_supplicant: wlan0: Event SCAN_STARTED (47) received

03-30 10:35:00.031  3745  3745 D wpa_supplicant: wlan0: Own scan request started a scan in 0.000233 seconds

03-30 10:35:00.031  3745  3745 D wpa_supplicant: CTRL-DEBUG: ctrl_sock-sendmsg: sock=11 sndbuf=163840 outq=0 send_len=24

03-30 10:35:00.031  3745  3745 D wpa_supplicant: CTRL_IFACE monitor sent successfully to /data/misc/wifi/sockets/wpa_ctrl_2044-2\x00

03-30 10:35:00.058   379   493 I ThermalEngine: Sensor:batt_temp:350 mC

03-30 10:35:00.126  4229  4367 W WtProcessController: do not trim { PackageName :com.orvibo.homemate Pid: 10705 Uid: 10143 Start by: activity Score:50 Old score:50 state:0 mBackgroundTimeInMillis:1490841293942 WakelockCount:0 wakelogsize:0  ActivityDestroied:false Activity size: 2 PackageInfo:{WhetstonePackageInfo#PacakgeName:com.orvibo.homemate uid:10143 uiMemoryThresold:0 nonUiMemoryThresold:0 Flag:1073745984,0x40001040 [,TRIMHEAPS,FLAG_DEAL_SCHEDULE] Type:64[,AUTO_START] } tasknum:17504}

03-30 10:35:00.138  3745  3745 D wpa_supplicant: nl80211: Event message available

03-30 10:35:00.138  3745  3745 D wpa_supplicant: nl80211: Drv Event 34 (NL80211_CMD_NEW_SCAN_RESULTS) received for wlan0

03-30 10:35:00.138  3745  3745 D wpa_supplicant: wlan0: nl80211: New scan results available

03-30 10:35:00.138  3745  3745 D wpa_supplicant: nl80211: Scan included frequencies: 2412 5280

03-30 10:35:00.138  3745  3745 D wpa_supplicant: wlan0: Event SCAN_RESULTS (3) received

03-30 10:35:00.138  3745  3745 D wpa_supplicant: wlan0: Scan completed in 0.107216 seconds

03-30 10:35:00.138  3745  3745 D wpa_supplicant: nl80211: Associated on 5280 MHz

03-30 10:35:00.138  3745  3745 D wpa_supplicant: nl80211: Associated with cc:81:da:9c:13:28

03-30 10:35:00.139  3745  3745 D wpa_supplicant: nl80211: Received scan results (30 BSSes)

03-30 10:35:00.139  3745  3745 D wpa_supplicant: nl80211: Scan results indicate BSS status with cc:81:da:9c:13:28 as associated

03-30 10:35:00.139  3745  3745 D wpa_supplicant: wlan0: BSS: Start scan result update 5241

03-30 10:35:00.139  3745  3745 D wpa_supplicant: BSS: last_scan_res_used=30/64

03-30 10:35:00.139  3745  3745 D wpa_supplicant: wlan0: Scan-only results received

03-30 10:35:00.139  3745  3745 D wpa_supplicant: CTRL-DEBUG: ctrl_sock-sendmsg: sock=11 sndbuf=163840 outq=0 send_len=24

03-30 10:35:00.139  3745  3745 D wpa_supplicant: CTRL_IFACE monitor sent successfully to /data/misc/wifi/sockets/wpa_ctrl_2044-2\x00

03-30 10:35:00.139  3745  3745 D wpa_supplicant: wlan0: Radio work 'scan'@0xb68d9398 done in 0.137701 seconds

03-30 10:35:00.144  3745  3745 D wpa_supplicant: RTM_NEWLINK: ifi_index=22 ifname=wlan0 wext ifi_family=0 ifi_flags=0x11043 ([UP][RUNNING][LOWER_UP])

03-30 10:35:00.154  3745  3745 D wpa_supplicant: CTRL-DEBUG: global_ctrl_sock-sendto: sock=11 sndbuf=163840 outq=0 send_len=3541

03-30 10:35:00.157  3745  3745 D wpa_supplicant: CTRL-DEBUG: global_ctrl_sock-sendto: sock=11 sndbuf=163840 outq=0 send_len=3785

03-30 10:35:00.161  3745  3745 D wpa_supplicant: CTRL-DEBUG: global_ctrl_sock-sendto: sock=11 sndbuf=163840 outq=0 send_len=4029

03-30 10:35:00.164  3745  3745 D wpa_supplicant: CTRL-DEBUG: global_ctrl_sock-sendto: sock=11 sndbuf=163840 outq=0 send_len=4095

03-30 10:35:00.168  3745  3745 D wpa_supplicant: CTRL-DEBUG: global_ctrl_sock-sendto: sock=11 sndbuf=163840 outq=0 send_len=3649

03-30 10:35:00.170  3745  3745 D wpa_supplicant: CTRL-DEBUG: global_ctrl_sock-sendto: sock=11 sndbuf=163840 outq=0 send_len=3171

03-30 10:35:00.193  3745  3745 D wpa_supplicant: EAPOL: EAP Session-Id not available

03-30 10:35:00.193  3745  3745 D wpa_supplicant: CTRL-DEBUG: global_ctrl_sock-sendto: sock=11 sndbuf=163840 outq=0 send_len=279

03-30 10:35:00.537  6151  6186 I octvm_klo: read wakeups from wakealarm_fd:1

03-30 10:35:00.537  6151  6186 I octvm_klo: new timerfd interval:

03-30 10:35:00.537  6151  6186 I octvm_klo: 	itval.it_interval.tv_sec 1, itval.it_interval.tv_nsec 0

03-30 10:35:00.537  6151  6186 I octvm_klo: 	itval.it_value.tv_sec 0, itval.it_value.tv_nsec 999989791

03-30 10:35:01.060   379   493 I ThermalEngine: Sensor:batt_temp:349 mC

03-30 10:35:01.308  3745  3745 D wpa_supplicant: wlan0: Control interface command 'SIGNAL_POLL'

03-30 10:35:01.321  3745  3745 D wpa_supplicant: CTRL-DEBUG: global_ctrl_sock-sendto: sock=11 sndbuf=163840 outq=0 send_len=49

03-30 10:35:01.537  6151  6186 I octvm_klo: read wakeups from wakealarm_fd:1

03-30 10:35:01.537  6151  6186 I octvm_klo: new timerfd interval:

03-30 10:35:01.537  6151  6186 I octvm_klo: 	itval.it_interval.tv_sec 1, itval.it_interval.tv_nsec 0

03-30 10:35:01.537  6151  6186 I octvm_klo: 	itval.it_value.tv_sec 0, itval.it_value.tv_nsec 999989687

03-30 10:35:02.061   379   493 I ThermalEngine: Sensor:batt_temp:349 mC

03-30 10:35:02.213  4223  4223 I PowerUtils: Device name:virgo

03-30 10:35:02.216  4223  4223 I PowerUtils: Device name:virgo

03-30 10:35:02.218  4223  4223 W BatteryChargeTimeHelper: Use max, leftChargeTime 7346673 maxChargeTime 4568000

03-30 10:35:02.233  4223  4223 I PowerSaveService: Update connected notification, charging true

03-30 10:35:02.238  2044  2044 V NotificationService: pkg=com.miui.securitycenter canInterrupt=true intercept=true

03-30 10:35:02.241  3746  3798 D StatusBar: onNotificationPosted:  Key: 0|com.miui.securitycenter|2131296947|null|1000 GroupKey: 0|com.miui.securitycenter|2131296947|null|1000 Connected: true

03-30 10:35:02.241  3746  3746 D StatusBar:  GroupChild: false  GroupsContainsKey: false  IsUpdate: true IsGroupSummary: false hasIcon: true

03-30 10:35:02.242  3746  3746 D PhoneStatusBar: updateNotification pkg=com.miui.securitycenter;id=2131296947

03-30 10:35:02.537  6151  6186 I octvm_klo: read wakeups from wakealarm_fd:1

03-30 10:35:02.537  6151  6186 I octvm_klo: new timerfd interval:

03-30 10:35:02.537  6151  6186 I octvm_klo: 	itval.it_interval.tv_sec 1, itval.it_interval.tv_nsec 0

03-30 10:35:02.537  6151  6186 I octvm_klo: 	itval.it_value.tv_sec 0, itval.it_value.tv_nsec 999996146

03-30 10:35:02.641  4116  4556 I XiaomiFirewall: firewall pkgName:com.orvibo.homemate, result:0x0

03-30 10:35:03.062   379   493 I ThermalEngine: Sensor:batt_temp:349 mC

03-30 10:35:03.538  6151  6186 I octvm_klo: read wakeups from wakealarm_fd:1

03-30 10:35:03.538  6151  6186 I octvm_klo: new timerfd interval:

03-30 10:35:03.538  6151  6186 I octvm_klo: 	itval.it_interval.tv_sec 1, itval.it_interval.tv_nsec 0

03-30 10:35:03.538  6151  6186 I octvm_klo: 	itval.it_value.tv_sec 0, itval.it_value.tv_nsec 999989427

03-30 10:35:04.063   379   493 I ThermalEngine: Sensor:batt_temp:348 mC

03-30 10:35:04.327  3745  3745 D wpa_supplicant: wlan0: Control interface command 'SIGNAL_POLL'

03-30 10:35:04.341  3745  3745 D wpa_supplicant: CTRL-DEBUG: global_ctrl_sock-sendto: sock=11 sndbuf=163840 outq=0 send_len=49

03-30 10:35:04.538  6151  6186 I octvm_klo: read wakeups from wakealarm_fd:1

03-30 10:35:04.538  6151  6186 I octvm_klo: new timerfd interval:

03-30 10:35:04.538  6151  6186 I octvm_klo: 	itval.it_interval.tv_sec 1, itval.it_interval.tv_nsec 0

03-30 10:35:04.538  6151  6186 I octvm_klo: 	itval.it_value.tv_sec 0, itval.it_value.tv_nsec 999996718

03-30 10:35:05.065   379   493 I ThermalEngine: Sensor:batt_temp:349 mC

03-30 10:35:05.538  6151  6186 I octvm_klo: read wakeups from wakealarm_fd:1

03-30 10:35:05.538  6151  6186 I octvm_klo: new timerfd interval:

03-30 10:35:05.538  6151  6186 I octvm_klo: 	itval.it_interval.tv_sec 1, itval.it_interval.tv_nsec 0

03-30 10:35:05.538  6151  6186 I octvm_klo: 	itval.it_value.tv_sec 0, itval.it_value.tv_nsec 999997500

03-30 10:35:06.070   379   493 I ThermalEngine: Sensor:batt_temp:349 mC

03-30 10:35:06.503  4116  4556 I XiaomiFirewall: firewall pkgName:com.qihoo.appstore, result:0x0

03-30 10:35:06.538  6151  6186 I octvm_klo: read wakeups from wakealarm_fd:1

03-30 10:35:06.538  6151  6186 I octvm_klo: new timerfd interval:

03-30 10:35:06.538  6151  6186 I octvm_klo: 	itval.it_interval.tv_sec 1, itval.it_interval.tv_nsec 0

03-30 10:35:06.538  6151  6186 I octvm_klo: 	itval.it_value.tv_sec 0, itval.it_value.tv_nsec 999997760

03-30 10:35:07.071   379   493 I ThermalEngine: Sensor:batt_temp:349 mC

03-30 10:35:07.314 10705 10746 W System.err: Êó†Ê≥ïËÆøÈóÆÊàñÁΩëÁªú‰∏çÁ®≥ÂÆö

03-30 10:35:07.314 10705 10746 W System.err: 	at com.danale.video.sdk.http.impl.apache.ApacheHttpClient.readDataWithRetriesAndReportDanaleError(Unknown Source)

03-30 10:35:07.314 10705 10746 W System.err: 	at com.danale.video.sdk.http.impl.apache.ApacheHttpClient.execute(Unknown Source)

03-30 10:35:07.315 10705 10746 W System.err: 	at com.danale.video.sdk.utils.DnsAnalysisUtil.dnsAnalysisByDanale(Unknown Source)

03-30 10:35:07.315 10705 10746 W System.err: 	at com.danale.video.sdk.platform.entity.Session$7.doInBackground(Unknown Source)

03-30 10:35:07.315 10705 10746 W System.err: 	at com.danale.video.sdk.platform.entity.Session$7.doInBackground(Unknown Source)

03-30 10:35:07.315 10705 10746 W System.err: 	at com.danale.video.sdk.async.AsyncTask$2.call(Unknown Source)

03-30 10:35:07.315 10705 10746 W System.err: 	at java.util.concurrent.FutureTask.run(FutureTask.java:237)

03-30 10:35:07.315 10705 10746 W System.err: 	at java.util.concurrent.ThreadPoolExecutor.runWorker(ThreadPoolExecutor.java:1113)

03-30 10:35:07.315 10705 10746 W System.err: 	at java.util.concurrent.ThreadPoolExecutor$Worker.run(ThreadPoolExecutor.java:588)

03-30 10:35:07.315 10705 10746 W System.err: 	at java.lang.Thread.run(Thread.java:818)

03-30 10:35:07.315 10705 10746 W System.err: Caused by: org.apache.http.conn.ConnectTimeoutException: Connect to /54.93.73.119:443 timed out

03-30 10:35:07.315 10705 10746 W System.err: 	at org.apache.http.conn.scheme.PlainSocketFactory.connectSocket(PlainSocketFactory.java:126)

03-30 10:35:07.316 10705 10746 W System.err: 	at org.apache.http.impl.conn.DefaultClientConnectionOperator.openConnection(DefaultClientConnectionOperator.java:149)

03-30 10:35:07.316 10705 10746 W System.err: 	at org.apache.http.impl.conn.AbstractPoolEntry.open(AbstractPoolEntry.java:169)

03-30 10:35:07.316 10705 10746 W System.err: 	at org.apache.http.impl.conn.AbstractPooledConnAdapter.open(AbstractPooledConnAdapter.java:124)

03-30 10:35:07.316 10705 10746 W System.err: 	at org.apache.http.impl.client.DefaultRequestDirector.execute(DefaultRequestDirector.java:370)

03-30 10:35:07.316 10705 10746 W System.err: 	at org.apache.http.impl.client.AbstractHttpClient.execute(AbstractHttpClient.java:560)

03-30 10:35:07.316 10705 10746 W System.err: 	at org.apache.http.impl.client.AbstractHttpClient.execute(AbstractHttpClient.java:492)

03-30 10:35:07.316 10705 10746 W System.err: 	at org.apache.http.impl.client.AbstractHttpClient.execute(AbstractHttpClient.java:470)

03-30 10:35:07.316 10705 10746 W System.err: 	at com.danale.video.sdk.http.impl.apache.ApacheHttpClient.readDataWithRetriesAndReportDanaleError(Unknown Source)

03-30 10:35:07.316 10705 10746 W System.err: 	... 9 more

03-30 10:35:07.348  3745  3745 D wpa_supplicant: wlan0: Control interface command 'SIGNAL_POLL'

03-30 10:35:07.363  3745  3745 D wpa_supplicant: CTRL-DEBUG: global_ctrl_sock-sendto: sock=11 sndbuf=163840 outq=0 send_len=49

03-30 10:35:07.538  6151  6186 I octvm_klo: read wakeups from wakealarm_fd:1

03-30 10:35:07.538  6151  6186 I octvm_klo: new timerfd interval:

03-30 10:35:07.538  6151  6186 I octvm_klo: 	itval.it_interval.tv_sec 1, itval.it_interval.tv_nsec 0

03-30 10:35:07.538  6151  6186 I octvm_klo: 	itval.it_value.tv_sec 0, itval.it_value.tv_nsec 999995677

03-30 10:35:08.072   379   493 I ThermalEngine: Sensor:batt_temp:349 mC

03-30 10:35:08.539  6151  6186 I octvm_klo: read wakeups from wakealarm_fd:1

03-30 10:35:08.539  6151  6186 I octvm_klo: new timerfd interval:

03-30 10:35:08.539  6151  6186 I octvm_klo: 	itval.it_interval.tv_sec 1, itval.it_interval.tv_nsec 0

03-30 10:35:08.539  6151  6186 I octvm_klo: 	itval.it_value.tv_sec 0, itval.it_value.tv_nsec 999992135

03-30 10:35:09.073   379   493 I ThermalEngine: Sensor:batt_temp:349 mC

03-30 10:35:09.539  6151  6186 I octvm_klo: read wakeups from wakealarm_fd:1

03-30 10:35:09.539  6151  6186 I octvm_klo: new timerfd interval:

03-30 10:35:09.539  6151  6186 I octvm_klo: 	itval.it_interval.tv_sec 1, itval.it_interval.tv_nsec 0

03-30 10:35:09.539  6151  6186 I octvm_klo: 	itval.it_value.tv_sec 0, itval.it_value.tv_nsec 999994896

03-30 10:35:09.640 10661 10669 I art     : Background sticky concurrent mark sweep GC freed 291855(16MB) AllocSpace objects, 0(0B) LOS objects, 92% free, 1357KB/17MB, paused 987us total 106.802ms

03-30 10:35:10.074   379   493 I ThermalEngine: Sensor:batt_temp:349 mC

03-30 10:35:10.380  3745  3745 D wpa_supplicant: wlan0: Control interface command 'SIGNAL_POLL'

03-30 10:35:10.397  3745  3745 D wpa_supplicant: CTRL-DEBUG: global_ctrl_sock-sendto: sock=11 sndbuf=163840 outq=0 send_len=49

03-30 10:35:10.539  6151  6186 I octvm_klo: read wakeups from wakealarm_fd:1

03-30 10:35:10.539  6151  6186 I octvm_klo: new timerfd interval:

03-30 10:35:10.539  6151  6186 I octvm_klo: 	itval.it_interval.tv_sec 1, itval.it_interval.tv_nsec 0

03-30 10:35:10.539  6151  6186 I octvm_klo: 	itval.it_value.tv_sec 0, itval.it_value.tv_nsec 999992969

03-30 10:35:11.075   379   493 I ThermalEngine: Sensor:batt_temp:349 mC

03-30 10:35:11.488  4116  4556 I XiaomiFirewall: firewall pkgName:com.orvibo.homemate, result:0x0

03-30 10:35:11.540  6151  6186 I octvm_klo: read wakeups from wakealarm_fd:1

03-30 10:35:11.540  6151  6186 I octvm_klo: new timerfd interval:

03-30 10:35:11.540  6151  6186 I octvm_klo: 	itval.it_interval.tv_sec 1, itval.it_interval.tv_nsec 0

03-30 10:35:11.540  6151  6186 I octvm_klo: 	itval.it_value.tv_sec 0, itval.it_value.tv_nsec 999994583

03-30 10:35:11.569 10705 10773 D UTAnalytics:LogStoreMgr: pid:10705 [store],

03-30 10:35:11.577 10705 10773 D UTAnalytics:UTSqliteLogStore: pid:10705 sql:SELECT * FROM log ORDER BY time ASC  LIMIT 20,

03-30 10:35:11.578 10705 10773 D UTAnalytics:UTSqliteLogStore: pid:10705 pos,0,count,4,

03-30 10:35:11.578 10705 10773 D UTAnalytics:UTSqliteLogStore: pid:10705 pos,1,count,4,

03-30 10:35:11.578 10705 10773 D UTAnalytics:UTSqliteLogStore: pid:10705 pos,2,count,4,

03-30 10:35:11.578 10705 10773 D UTAnalytics:UTSqliteLogStore: pid:10705 pos,3,count,4,

03-30 10:35:11.579 10705 10773 D UTAnalytics:LogStoreMgr: pid:10705 [get],[Log [id=2236, eventId=19999, index=], Log [id=2237, eventId=19999, index=], Log [id=2238, eventId=2001, index=], Log [id=2239, eventId=2001, index=]],

03-30 10:35:11.587 10705 10773 D UTAnalytics:UploadTask: pid:10705 averagePackageSize:123.5,

03-30 10:35:11.789 10705 10773 D UTAnalytics:UploadTask: pid:10705 url:http://adashbc.m.taobao.com/rest/sur?ak=23256401&av=2.3.0.300&c=null&v=3.0&s=2109baac5cfa50f199dced3ec44f0869b697ab7c&d=WJfwe%2BsntC4DAAdSBLpxQDCW&sv=2.5.1_for_bc&p=a&t=1490841311600&u=&is=1&k=0,

03-30 10:35:11.789 10705 10773 D UTAnalytics:UploadTask: pid:10705 result:{"t":1490841308596,"ret":"","success":"success"}

03-30 10:35:11.789 10705 10773 D UTAnalytics:UploadTask: ,

03-30 10:35:11.802 10705 10773 D UTAnalytics:UploadTask: pid:10705 winsize:350,

03-30 10:35:11.803 10705 10773 D UTAnalytics:LogStoreMgr: pid:10705 [Log [id=2236, eventId=19999, index=], Log [id=2237, eventId=19999, index=], Log [id=2238, eventId=2001, index=], Log [id=2239, eventId=2001, index=]],

03-30 10:35:11.839 10705 10773 D UTAnalytics:UTSqliteLogStore: pid:10705 delete ,4, isSuccess:true,

03-30 10:35:11.839 10705 10773 D UTAnalytics:CoreStatics: pid:10705 [uploadInc]:0,count:4,

03-30 10:35:11.839 10705 10773 D UTAnalytics:CoreStatics: pid:10705 [uploadInc]:4,

03-30 10:35:11.839 10705 10773 D UTAnalytics:UploadTask: pid:10705 logs.size():4, selfMonitorLogCount:0,

03-30 10:35:11.839 10705 10773 D UTAnalytics:UploadTask: pid:10705 upload isSendSuccess:true, consume:215, delete consume:37,

03-30 10:35:12.077   379   493 I ThermalEngine: Sensor:batt_temp:350 mC

03-30 10:35:12.371 10705 10776 D UTAnalytics:CommitTask: pid:10705 check&commit event:65501,

03-30 10:35:12.372 10705 10776 D UTAnalytics:CommitTask: pid:10705 next:65501,

03-30 10:35:12.376 10705 10776 D UTAnalytics:CommitTask: pid:10705 check&commit event:65502,

03-30 10:35:12.379 10705 10776 D UTAnalytics:CommitTask: pid:10705 next:65502,

03-30 10:35:12.381 10705 10776 D UTAnalytics:CommitTask: pid:10705 check&commit event:65503,

03-30 10:35:12.381 10705 10776 D UTAnalytics:CommitTask: pid:10705 next:65503,

03-30 10:35:12.385 10705 10776 D UTAnalytics:UTUtil: pid:10705 upload without flowback. args:{ARG1=feedback, counterData={"meta":{"sdk-version":"2.5.1_for_bc"},"data":[{"page":"feedback","monitorPoint":"getUnreadCountSuccess","count":2,"value":0}]}, USERNICK=, ARG2=getUnreadCountSuccess, EVENTID=65502, USERID=, ACCESS=Wi-Fi, ACCESS_SUBTYPE=Unknown},

03-30 10:35:12.385 10705 10776 D UTAnalytics:null: pid:10705 [sendToUT]: args:{ARG1=feedback, counterData={"meta":{"sdk-version":"2.5.1_for_bc"},"data":[{"page":"feedback","monitorPoint":"getUnreadCountSuccess","count":2,"value":0}]}, USERNICK=, ARG2=getUnreadCountSuccess, EVENTID=65502, USERID=, ACCESS=Wi-Fi, ACCESS_SUBTYPE=Unknown},

03-30 10:35:12.385 10705 10776 D UTAnalytics:UTDC: pid:10705 [commit] page:eventId:65502,arg1:feedback,arg2:getUnreadCountSuccess,arg3:args:{ARG1=feedback, counterData={"meta":{"sdk-version":"2.5.1_for_bc"},"data":[{"page":"feedback","monitorPoint":"getUnreadCountSuccess","count":2,"value":0}]}, USERNICK=, ARG2=getUnreadCountSuccess, EVENTID=65502, USERID=, ACCESS=Wi-Fi, ACCESS_SUBTYPE=Unknown},

03-30 10:35:12.400 10705 10776 D UTAnalytics:UTLog: pid:10705 Log [id=0, eventId=65502, index=],867451020054497||460015796275061||Xiaomi||MI NOTE LTE||1920*1080||Unknown||Wi-Fi||Unknown||null||23256401||2.3.0.300||-||-||-||-||zh||a||6.0.1||2.5.1_for_bc||1490841287361||WJfwe+sntC4DAAdSBLpxQDCW||mini||-||-||-||-||_ap=1_mac=02:00:00:00:00:00||1490841312385||-||65502||feedback||getUnreadCountSuccess||-||counterData={"meta":{"sdk-version":"2.5.1_for_bc"},"data":[{"page":"feedback","monitorPoint":"getUnreadCountSuccess","count":2,"value":0}]},

03-30 10:35:12.400 10705 10776 D UTAnalytics:LogStoreMgr: pid:10705 [add] :,

03-30 10:35:12.540  6151  6186 I octvm_klo: read wakeups from wakealarm_fd:1

03-30 10:35:12.540  6151  6186 I octvm_klo: new timerfd interval:

03-30 10:35:12.540  6151  6186 I octvm_klo: 	itval.it_interval.tv_sec 1, itval.it_interval.tv_nsec 0

03-30 10:35:12.540  6151  6186 I octvm_klo: 	itval.it_value.tv_sec 0, itval.it_value.tv_nsec 999996667

03-30 10:35:13.078   379   493 I ThermalEngine: Sensor:batt_temp:349 mC

03-30 10:35:13.405  3745  3745 D wpa_supplicant: wlan0: Control interface command 'SIGNAL_POLL'

03-30 10:35:13.420  3745  3745 D wpa_supplicant: CTRL-DEBUG: global_ctrl_sock-sendto: sock=11 sndbuf=163840 outq=0 send_len=49

03-30 10:35:13.540  6151  6186 I octvm_klo: read wakeups from wakealarm_fd:1

03-30 10:35:13.540  6151  6186 I octvm_klo: new timerfd interval:

03-30 10:35:13.540  6151  6186 I octvm_klo: 	itval.it_interval.tv_sec 1, itval.it_interval.tv_nsec 0

03-30 10:35:13.540  6151  6186 I octvm_klo: 	itval.it_value.tv_sec 0, itval.it_value.tv_nsec 999996094

03-30 10:35:14.079   379   493 I ThermalEngine: Sensor:batt_temp:349 mC

03-30 10:35:14.540  6151  6186 I octvm_klo: read wakeups from wakealarm_fd:1

03-30 10:35:14.540  6151  6186 I octvm_klo: new timerfd interval:

03-30 10:35:14.540  6151  6186 I octvm_klo: 	itval.it_interval.tv_sec 1, itval.it_interval.tv_nsec 0

03-30 10:35:14.540  6151  6186 I octvm_klo: 	itval.it_value.tv_sec 0, itval.it_value.tv_nsec 999996250

03-30 10:35:15.066  4569  7585 D FrozenAppController: FrozenAPP, is HasProcessOOMTooLow

03-30 10:35:15.066  4569  7585 D FrozenAppController: >>> event = 22 >>> state = 2 uid 10124

03-30 10:35:15.066  4569  7585 V FrozenAppController:     >>>>  MSG_FROZEN_APP : { uid: 10124 mState:2 mEvent:22 mIsForeground:false mLocationPolicy:0}

03-30 10:35:15.080   379   493 I ThermalEngine: Sensor:batt_temp:350 mC

03-30 10:35:15.540  6151  6186 I octvm_klo: read wakeups from wakealarm_fd:1

03-30 10:35:15.540  6151  6186 I octvm_klo: new timerfd interval:

03-30 10:35:15.540  6151  6186 I octvm_klo: 	itval.it_interval.tv_sec 1, itval.it_interval.tv_nsec 0

03-30 10:35:15.540  6151  6186 I octvm_klo: 	itval.it_value.tv_sec 0, itval.it_value.tv_nsec 999994010

03-30 10:35:15.667  4569  7585 D FrozenAppController: FrozenAPP, is HasProcessOOMTooLow

03-30 10:35:15.667  4569  7585 D FrozenAppController: >>> event = 22 >>> state = 0 uid 10120

03-30 10:35:15.667  4569  7585 V FrozenAppController:     >>>>  MSG_FROZEN_APP : { uid: 10120 mState:0 mEvent:22 mIsForeground:false mLocationPolicy:255}

03-30 10:35:15.681  4569  7585 D FrozenAppController: FrozenAPP, is HasProcessOOMTooLow

03-30 10:35:15.681  4569  7585 D FrozenAppController: >>> event = 22 >>> state = 0 uid 10120

03-30 10:35:15.682  4569  7585 V FrozenAppController:     >>>>  MSG_FROZEN_APP : { uid: 10120 mState:0 mEvent:22 mIsForeground:false mLocationPolicy:255}

03-30 10:35:16.081   379   493 I ThermalEngine: Sensor:batt_temp:349 mC

03-30 10:35:16.428  3745  3745 D wpa_supplicant: wlan0: Control interface command 'SIGNAL_POLL'

03-30 10:35:16.444  3745  3745 D wpa_supplicant: CTRL-DEBUG: global_ctrl_sock-sendto: sock=11 sndbuf=163840 outq=0 send_len=49

03-30 10:35:16.541  6151  6186 I octvm_klo: read wakeups from wakealarm_fd:1

03-30 10:35:16.541  6151  6186 I octvm_klo: new timerfd interval:

03-30 10:35:16.541  6151  6186 I octvm_klo: 	itval.it_interval.tv_sec 1, itval.it_interval.tv_nsec 0

03-30 10:35:16.541  6151  6186 I octvm_klo: 	itval.it_value.tv_sec 0, itval.it_value.tv_nsec 999990990

03-30 10:35:16.751 10705 10773 D UTAnalytics:LogStoreMgr: pid:10705 [store],

03-30 10:35:16.773 10705 10773 D UTAnalytics:UTSqliteLogStore: pid:10705 [insert] ,, isSuccess:true,ret,2240,

03-30 10:35:16.797 10705 10773 D UTAnalytics:UTSqliteLogStore: pid:10705 sql:SELECT * FROM log ORDER BY time ASC  LIMIT 350,

03-30 10:35:16.798 10705 10773 D UTAnalytics:UTSqliteLogStore: pid:10705 pos,0,count,1,

03-30 10:35:16.798 10705 10773 D UTAnalytics:LogStoreMgr: pid:10705 [get],[Log [id=2240, eventId=65502, index=]],

03-30 10:35:16.799 10705 10773 D UTAnalytics:UploadTask: pid:10705 averagePackageSize:317.0,

03-30 10:35:16.821  4116  4556 I XiaomiFirewall: firewall pkgName:com.orvibo.homemate, result:0x0

03-30 10:35:17.082   379   493 I ThermalEngine: Sensor:batt_temp:349 mC

03-30 10:35:17.102 10705 10773 D UTAnalytics:UploadTask: pid:10705 url:http://adashbc.m.taobao.com/rest/sur?ak=23256401&av=2.3.0.300&c=null&v=3.0&s=2012c24fe574a99c13b1f2846a3d35ef47a63c12&d=WJfwe%2BsntC4DAAdSBLpxQDCW&sv=2.5.1_for_bc&p=a&t=1490841316814&u=&is=1&k=0,

03-30 10:35:17.102 10705 10773 D UTAnalytics:UploadTask: pid:10705 result:{"t":1490841314763,"ret":"","success":"success"}

03-30 10:35:17.102 10705 10773 D UTAnalytics:UploadTask: ,

03-30 10:35:17.102 10705 10773 D UTAnalytics:UploadTask: pid:10705 winsize:148,

03-30 10:35:17.103 10705 10773 D UTAnalytics:LogStoreMgr: pid:10705 [Log [id=2240, eventId=65502, index=]],

03-30 10:35:17.130 10705 10773 D UTAnalytics:UTSqliteLogStore: pid:10705 delete ,1, isSuccess:true,

03-30 10:35:17.130 10705 10773 D UTAnalytics:CoreStatics: pid:10705 [uploadInc]:4,count:1,

03-30 10:35:17.130 10705 10773 D UTAnalytics:CoreStatics: pid:10705 [uploadInc]:5,

03-30 10:35:17.130 10705 10773 D UTAnalytics:UploadTask: pid:10705 logs.size():1, selfMonitorLogCount:0,

03-30 10:35:17.130 10705 10773 D UTAnalytics:UploadTask: pid:10705 upload isSendSuccess:true, consume:303, delete consume:28,

03-30 10:35:17.415 10705 10776 D UTAnalytics:LogStoreMgr: pid:10705 [store],

03-30 10:35:17.541  6151  6186 I octvm_klo: read wakeups from wakealarm_fd:1

03-30 10:35:17.541  6151  6186 I octvm_klo: new timerfd interval:

03-30 10:35:17.541  6151  6186 I octvm_klo: 	itval.it_interval.tv_sec 1, itval.it_interval.tv_nsec 0

03-30 10:35:17.541  6151  6186 I octvm_klo: 	itval.it_value.tv_sec 0, itval.it_value.tv_nsec 999991927

03-30 10:35:17.609 25810 25810 W AppWatcher: type=1400 audit(0.0:55185261): avc: denied { getattr } for path="/proc/opalum-temp-calib" dev="proc" ino=4026534631 scontext=u:r:untrusted_app:s0:c512,c768 tcontext=u:object_r:proc_opalum:s0 tclass=file permissive=0

03-30 10:35:17.609 25810 25810 W AppWatcher: type=1400 audit(0.0:55185262): avc: denied { getattr } for path="/proc/opalum-f0-calib" dev="proc" ino=4026534630 scontext=u:r:untrusted_app:s0:c512,c768 tcontext=u:object_r:proc_opalum:s0 tclass=file permissive=0

03-30 10:35:17.609 25810 25810 W AppWatcher: type=1400 audit(0.0:55185263): avc: denied { getattr } for path="/proc/sysrq-trigger" dev="proc" ino=4026533735 scontext=u:r:untrusted_app:s0:c512,c768 tcontext=u:object_r:proc_sysrq:s0 tclass=file permissive=0

03-30 10:35:17.619 25810 25810 W AppWatcher: type=1400 audit(0.0:55185264): avc: denied { getattr } for path="/proc/1" dev="proc" ino=11921139 scontext=u:r:untrusted_app:s0:c512,c768 tcontext=u:r:init:s0 tclass=dir permissive=0

03-30 10:35:17.619 25810 25810 W AppWatcher: type=1400 audit(0.0:55185265): avc: denied { getattr } for path="/proc/2" dev="proc" ino=11961941 scontext=u:r:untrusted_app:s0:c512,c768 tcontext=u:r:kernel:s0 tclass=dir permissive=0

03-30 10:35:17.619 25810 25810 W AppWatcher: type=1400 audit(0.0:55185266): avc: denied { getattr } for path="/proc/3" dev="proc" ino=11961942 scontext=u:r:untrusted_app:s0:c512,c768 tcontext=u:r:kernel:s0 tclass=dir permissive=0

03-30 10:35:17.619 25810 25810 W AppWatcher: type=1400 audit(0.0:55185267): avc: denied { getattr } for path="/proc/6" dev="proc" ino=11961943 scontext=u:r:untrusted_app:s0:c512,c768 tcontext=u:r:kernel:s0 tclass=dir permissive=0

03-30 10:35:17.619 25810 25810 W AppWatcher: type=1400 audit(0.0:55185268): avc: denied { getattr } for path="/proc/7" dev="proc" ino=11961944 scontext=u:r:untrusted_app:s0:c512,c768 tcontext=u:r:kernel:s0 tclass=dir permissive=0

03-30 10:35:17.631 10705 10773 D UTAnalytics:LogStoreMgr: pid:10705 [store],

03-30 10:35:17.629 25810 25810 W AppWatcher: type=1400 audit(0.0:55185269): avc: denied { getattr } for path="/proc/8" dev="proc" ino=11961945 scontext=u:r:untrusted_app:s0:c512,c768 tcontext=u:r:kernel:s0 tclass=dir permissive=0

03-30 10:35:17.639 25810 25810 W AppWatcher: type=1400 audit(0.0:55185270): avc: denied { getattr } for path="/proc/21" dev="proc" ino=11961946 scontext=u:r:untrusted_app:s0:c512,c768 tcontext=u:r:kernel:s0 tclass=dir permissive=0

03-30 10:35:17.645 10705 10773 D UTAnalytics:UTSqliteLogStore: pid:10705 sql:SELECT * FROM log ORDER BY time ASC  LIMIT 148,

03-30 10:35:17.639 25810 25810 W AppWatcher: type=1400 audit(0.0:55185271): avc: denied { getattr } for path="/proc/22" dev="proc" ino=11961947 scontext=u:r:untrusted_app:s0:c512,c768 tcontext=u:r:kernel:s0 tclass=dir permissive=0

03-30 10:35:17.639 25810 25810 W AppWatcher: type=1400 audit(0.0:55185272): avc: denied { getattr } for path="/proc/28" dev="proc" ino=11961948 scontext=u:r:untrusted_app:s0:c512,c768 tcontext=u:r:kernel:s0 tclass=dir permissive=0

03-30 10:35:17.649 25810 25810 W AppWatcher: type=1400 audit(0.0:55185273): avc: denied { getattr } for path="/proc/29" dev="proc" ino=11961949 scontext=u:r:untrusted_app:s0:c512,c768 tcontext=u:r:kernel:s0 tclass=dir permissive=0

03-30 10:35:17.649 25810 25810 W AppWatcher: type=1400 audit(0.0:55185274): avc: denied { getattr } for path="/proc/30" dev="proc" ino=11961950 scontext=u:r:untrusted_app:s0:c512,c768 tcontext=u:r:kernel:s0 tclass=dir permissive=0

03-30 10:35:17.655 10705 10773 D UTAnalytics:LogStoreMgr: pid:10705 [get],[],

03-30 10:35:17.649 25810 25810 W AppWatcher: type=1400 audit(0.0:55185275): avc: denied { getattr } for path="/proc/32" dev="proc" ino=11961951 scontext=u:r:untrusted_app:s0:c512,c768 tcontext=u:r:kernel:s0 tclass=dir permissive=0

03-30 10:35:17.649 25810 25810 W AppWatcher: type=1400 audit(0.0:55185276): avc: denied { getattr } for path="/proc/33" dev="proc" ino=11961952 scontext=u:r:untrusted_app:s0:c512,c768 tcontext=u:r:kernel:s0 tclass=dir permissive=0

03-30 10:35:17.649 25810 25810 W AppWatcher: type=1400 audit(0.0:55185277): avc: denied { getattr } for path="/proc/34" dev="proc" ino=11961953 scontext=u:r:untrusted_app:s0:c512,c768 tcontext=u:r:kernel:s0 tclass=dir permissive=0

03-30 10:35:17.649 25810 25810 W AppWatcher: type=1400 audit(0.0:55185278): avc: denied { getattr } for path="/proc/61" dev="proc" ino=11961954 scontext=u:r:untrusted_app:s0:c512,c768 tcontext=u:r:kernel:s0 tclass=dir permissive=0

03-30 10:35:17.661 10705 10773 D UTAnalytics:UploadEngine: pid:10705 UTDC.bBackground:false,AppInfoUtil.isForeground(UTDC.getContext()) ,true,

03-30 10:35:17.663 10705 10773 D UTAnalytics:UploadTask: pid:10705 mPeriod:30000,

03-30 10:35:17.659 25810 25810 W AppWatcher: type=1400 audit(0.0:55185279): avc: denied { getattr } for path="/proc/62" dev="proc" ino=11961955 scontext=u:r:untrusted_app:s0:c512,c768 tcontext=u:r:kernel:s0 tclass=dir permissive=0

03-30 10:35:17.659 25810 25810 W AppWatcher: type=1400 audit(0.0:55185280): avc: denied { getattr } for path="/proc/63" dev="proc" ino=11961956 scontext=u:r:untrusted_app:s0:c512,c768 tcontext=u:r:kernel:s0 tclass=dir permissive=0

03-30 10:35:18.083   379   493 I ThermalEngine: Sensor:batt_temp:350 mC

03-30 10:35:18.229  4223  4241 I art     : Background partial concurrent mark sweep GC freed 157533(10MB) AllocSpace objects, 29(5MB) LOS objects, 53% free, 14MB/30MB, paused 6.758ms total 46.584ms

03-30 10:35:18.234  4223  4223 I PowerUtils: Device name:virgo

03-30 10:35:18.236  4223  4223 I PowerUtils: Device name:virgo

03-30 10:35:18.237  4223  4223 W BatteryChargeTimeHelper: Use max, leftChargeTime 7346673 maxChargeTime 4568000

03-30 10:35:18.246  4223  4223 I PowerSaveService: Update connected notification, charging true

03-30 10:35:18.247  2044  2044 V NotificationService: pkg=com.miui.securitycenter canInterrupt=true intercept=true

03-30 10:35:18.270  3746 23338 D StatusBar: onNotificationPosted:  Key: 0|com.miui.securitycenter|2131296947|null|1000 GroupKey: 0|com.miui.securitycenter|2131296947|null|1000 Connected: true

03-30 10:35:18.270  3746  3746 D StatusBar:  GroupChild: false  GroupsContainsKey: false  IsUpdate: true IsGroupSummary: false hasIcon: true

03-30 10:35:18.271  3746  3746 D PhoneStatusBar: updateNotification pkg=com.miui.securitycenter;id=2131296947

03-30 10:35:18.393  3746  3775 I art     : Background partial concurrent mark sweep GC freed 313961(14MB) AllocSpace objects, 253(28MB) LOS objects, 40% free, 66MB/111MB, paused 1.005ms total 142.985ms

03-30 10:35:18.541  6151  6186 I octvm_klo: read wakeups from wakealarm_fd:1

03-30 10:35:18.543  6151  6186 I octvm_klo: new timerfd interval:

03-30 10:35:18.543  6151  6186 I octvm_klo: 	itval.it_interval.tv_sec 1, itval.it_interval.tv_nsec 0

03-30 10:35:18.543  6151  6186 I octvm_klo: 	itval.it_value.tv_sec 0, itval.it_value.tv_nsec 999991875

03-30 10:35:19.085   379   493 I ThermalEngine: Sensor:batt_temp:349 mC

03-30 10:35:19.449  3745  3745 D wpa_supplicant: wlan0: Control interface command 'SIGNAL_POLL'

03-30 10:35:19.451  3745  3745 D wpa_supplicant: CTRL-DEBUG: global_ctrl_sock-sendto: sock=11 sndbuf=163840 outq=0 send_len=49

03-30 10:35:19.543  6151  6186 I octvm_klo: read wakeups from wakealarm_fd:1

03-30 10:35:19.544  6151  6186 I octvm_klo: new timerfd interval:

03-30 10:35:19.544  6151  6186 I octvm_klo: 	itval.it_interval.tv_sec 1, itval.it_interval.tv_nsec 0

03-30 10:35:19.544  6151  6186 I octvm_klo: 	itval.it_value.tv_sec 0, itval.it_value.tv_nsec 999995730

03-30 10:35:20.001  2044  3620 D WifiStateMachine: starting scan for "56.1_neiwang"-WPA_PSK with 5280,2412

03-30 10:35:20.002  3745  3745 D wpa_supplicant: wlan0: Control interface command 'SCAN TYPE=ONLY freq=5280,2412'

03-30 10:35:20.002  3745  3745 D wpa_supplicant: wlan0: Setting scan request: 0.000000 sec

03-30 10:35:20.002  3745  3745 D wpa_supplicant: CTRL-DEBUG: global_ctrl_sock-sendto: sock=11 sndbuf=163840 outq=0 send_len=3

03-30 10:35:20.002  3745  3745 D wpa_supplicant: wlan0: Starting AP scan for wildcard SSID

03-30 10:35:20.002  3745  3745 D wpa_supplicant: wlan0: Limit manual scan to specified channels

03-30 10:35:20.002  3745  3745 D wpa_supplicant: wlan0: Add radio work 'scan'@0xb68d9398

03-30 10:35:20.002  3745  3745 D wpa_supplicant: wlan0: First radio work item in the queue - schedule start immediately

03-30 10:35:20.002  3745  3745 D wpa_supplicant: wlan0: Starting radio work 'scan'@0xb68d9398 after 0.000114 second wait

03-30 10:35:20.002  3745  3745 D wpa_supplicant: wlan0: nl80211: scan request

03-30 10:35:20.003  3745  3745 D wpa_supplicant: nl80211: Scan SSID - hexdump(len=0): [NULL]

03-30 10:35:20.003  3745  3745 D wpa_supplicant: nl80211: Scan extra IEs - hexdump(len=7): 7f 05 00 00 0a 02 01

03-30 10:35:20.003  3745  3745 D wpa_supplicant: nl80211: Scan frequency 2412 MHz

03-30 10:35:20.003  3745  3745 D wpa_supplicant: nl80211: Scan frequency 5280 MHz

03-30 10:35:20.018  3745  3745 D wpa_supplicant: Scan requested (ret=0) - scan timeout 30 seconds

03-30 10:35:20.019  3745  3745 D wpa_supplicant: nl80211: Event message available

03-30 10:35:20.019  3745  3745 D wpa_supplicant: nl80211: Drv Event 33 (NL80211_CMD_TRIGGER_SCAN) received for wlan0

03-30 10:35:20.019  3745  3745 D wpa_supplicant: wlan0: nl80211: Scan trigger

03-30 10:35:20.019  3745  3745 D wpa_supplicant: wlan0: Event SCAN_STARTED (47) received

03-30 10:35:20.019  3745  3745 D wpa_supplicant: wlan0: Own scan request started a scan in 0.000300 seconds

03-30 10:35:20.019  3745  3745 D wpa_supplicant: CTRL-DEBUG: ctrl_sock-sendmsg: sock=11 sndbuf=163840 outq=0 send_len=24

03-30 10:35:20.022  3745  3745 D wpa_supplicant: CTRL_IFACE monitor sent successfully to /data/misc/wifi/sockets/wpa_ctrl_2044-2\x00

03-30 10:35:20.086   379   493 I ThermalEngine: Sensor:batt_temp:350 mC

03-30 10:35:20.150  3745  3745 D wpa_supplicant: nl80211: Event message available

03-30 10:35:20.150  3745  3745 D wpa_supplicant: nl80211: Drv Event 34 (NL80211_CMD_NEW_SCAN_RESULTS) received for wlan0

03-30 10:35:20.150  3745  3745 D wpa_supplicant: wlan0: nl80211: New scan results available

03-30 10:35:20.151  3745  3745 D wpa_supplicant: nl80211: Scan included frequencies: 2412 5280

03-30 10:35:20.151  3745  3745 D wpa_supplicant: wlan0: Event SCAN_RESULTS (3) received

03-30 10:35:20.151  3745  3745 D wpa_supplicant: wlan0: Scan completed in 0.131797 seconds

03-30 10:35:20.151  3745  3745 D wpa_supplicant: nl80211: Associated on 5280 MHz

03-30 10:35:20.151  3745  3745 D wpa_supplicant: nl80211: Associated with cc:81:da:9c:13:28

03-30 10:35:20.151  3745  3745 D wpa_supplicant: nl80211: Received scan results (29 BSSes)

03-30 10:35:20.151  3745  3745 D wpa_supplicant: nl80211: Scan results indicate BSS status with cc:81:da:9c:13:28 as associated

03-30 10:35:20.152  3745  3745 D wpa_supplicant: wlan0: BSS: Start scan result update 5242

03-30 10:35:20.152  3745  3745 D wpa_supplicant: BSS: last_scan_res_used=29/64

03-30 10:35:20.152  3745  3745 D wpa_supplicant: wlan0: Scan-only results received

03-30 10:35:20.152  3745  3745 D wpa_supplicant: CTRL-DEBUG: ctrl_sock-sendmsg: sock=11 sndbuf=163840 outq=0 send_len=24

03-30 10:35:20.165  3745  3745 D wpa_supplicant: CTRL_IFACE monitor sent successfully to /data/misc/wifi/sockets/wpa_ctrl_2044-2\x00

03-30 10:35:20.165  3745  3745 D wpa_supplicant: wlan0: Radio work 'scan'@0xb68d9398 done in 0.162661 seconds

03-30 10:35:20.170  3745  3745 D wpa_supplicant: CTRL-DEBUG: global_ctrl_sock-sendto: sock=11 sndbuf=163840 outq=0 send_len=3541

03-30 10:35:20.172  3745  3745 D wpa_supplicant: RTM_NEWLINK: ifi_index=22 ifname=wlan0 wext ifi_family=0 ifi_flags=0x11043 ([UP][RUNNING][LOWER_UP])

03-30 10:35:20.176  3745  3745 D wpa_supplicant: CTRL-DEBUG: global_ctrl_sock-sendto: sock=11 sndbuf=163840 outq=0 send_len=3785

03-30 10:35:20.183  3745  3745 D wpa_supplicant: CTRL-DEBUG: global_ctrl_sock-sendto: sock=11 sndbuf=163840 outq=0 send_len=4029

03-30 10:35:20.188  3745  3745 D wpa_supplicant: CTRL-DEBUG: global_ctrl_sock-sendto: sock=11 sndbuf=163840 outq=0 send_len=4095

03-30 10:35:20.196  3745  3745 D wpa_supplicant: CTRL-DEBUG: global_ctrl_sock-sendto: sock=11 sndbuf=163840 outq=0 send_len=3649

03-30 10:35:20.200  3745  3745 D wpa_supplicant: CTRL-DEBUG: global_ctrl_sock-sendto: sock=11 sndbuf=163840 outq=0 send_len=3171

03-30 10:35:20.224  3745  3745 D wpa_supplicant: EAPOL: EAP Session-Id not available

03-30 10:35:20.224  3745  3745 D wpa_supplicant: CTRL-DEBUG: global_ctrl_sock-sendto: sock=11 sndbuf=163840 outq=0 send_len=279

03-30 10:35:20.544  6151  6186 I octvm_klo: read wakeups from wakealarm_fd:1

03-30 10:35:20.544  6151  6186 I octvm_klo: new timerfd interval:

03-30 10:35:20.544  6151  6186 I octvm_klo: 	itval.it_interval.tv_sec 1, itval.it_interval.tv_nsec 0

03-30 10:35:20.544  6151  6186 I octvm_klo: 	itval.it_value.tv_sec 0, itval.it_value.tv_nsec 999995938

03-30 10:35:21.087   379   493 I ThermalEngine: Sensor:batt_temp:349 mC

03-30 10:35:21.544  6151  6186 I octvm_klo: read wakeups from wakealarm_fd:1

03-30 10:35:21.544  6151  6186 I octvm_klo: new timerfd interval:

03-30 10:35:21.544  6151  6186 I octvm_klo: 	itval.it_interval.tv_sec 1, itval.it_interval.tv_nsec 0

03-30 10:35:21.544  6151  6186 I octvm_klo: 	itval.it_value.tv_sec 0, itval.it_value.tv_nsec 999995729

03-30 10:35:22.088   379   493 I ThermalEngine: Sensor:batt_temp:349 mC

03-30 10:35:22.456  3745  3745 D wpa_supplicant: wlan0: Control interface command 'SIGNAL_POLL'

03-30 10:35:22.471  3745  3745 D wpa_supplicant: CTRL-DEBUG: global_ctrl_sock-sendto: sock=11 sndbuf=163840 outq=0 send_len=49

03-30 10:35:22.544  6151  6186 I octvm_klo: read wakeups from wakealarm_fd:1

03-30 10:35:22.544  6151  6186 I octvm_klo: new timerfd interval:

03-30 10:35:22.544  6151  6186 I octvm_klo: 	itval.it_interval.tv_sec 1, itval.it_interval.tv_nsec 0

03-30 10:35:22.544  6151  6186 I octvm_klo: 	itval.it_value.tv_sec 0, itval.it_value.tv_nsec 999996770

03-30 10:35:23.090   379   493 I ThermalEngine: Sensor:batt_temp:349 mC

03-30 10:35:23.544  6151  6186 I octvm_klo: read wakeups from wakealarm_fd:1

03-30 10:35:23.544  6151  6186 I octvm_klo: new timerfd interval:

03-30 10:35:23.544  6151  6186 I octvm_klo: 	itval.it_interval.tv_sec 1, itval.it_interval.tv_nsec 0

03-30 10:35:23.544  6151  6186 I octvm_klo: 	itval.it_value.tv_sec 0, itval.it_value.tv_nsec 999994583

03-30 10:35:24.098   379   493 I ThermalEngine: Sensor:batt_temp:349 mC

03-30 10:35:24.544  6151  6186 I octvm_klo: read wakeups from wakealarm_fd:1

03-30 10:35:24.545  6151  6186 I octvm_klo: new timerfd interval:

03-30 10:35:24.545  6151  6186 I octvm_klo: 	itval.it_interval.tv_sec 1, itval.it_interval.tv_nsec 0

03-30 10:35:24.545  6151  6186 I octvm_klo: 	itval.it_value.tv_sec 0, itval.it_value.tv_nsec 999994688

03-30 10:35:25.099   379   493 I ThermalEngine: Sensor:batt_temp:349 mC

03-30 10:35:25.482  3745  3745 D wpa_supplicant: wlan0: Control interface command 'SIGNAL_POLL'

03-30 10:35:25.500  3745  3745 D wpa_supplicant: CTRL-DEBUG: global_ctrl_sock-sendto: sock=11 sndbuf=163840 outq=0 send_len=49

03-30 10:35:25.545  6151  6186 I octvm_klo: read wakeups from wakealarm_fd:1

03-30 10:35:25.545  6151  6186 I octvm_klo: new timerfd interval:

03-30 10:35:25.545  6151  6186 I octvm_klo: 	itval.it_interval.tv_sec 1, itval.it_interval.tv_nsec 0

03-30 10:35:25.545  6151  6186 I octvm_klo: 	itval.it_value.tv_sec 0, itval.it_value.tv_nsec 999994583

03-30 10:35:26.100   379   493 I ThermalEngine: Sensor:batt_temp:349 mC

03-30 10:35:26.545  6151  6186 I octvm_klo: read wakeups from wakealarm_fd:1

03-30 10:35:26.545  6151  6186 I octvm_klo: new timerfd interval:

03-30 10:35:26.545  6151  6186 I octvm_klo: 	itval.it_interval.tv_sec 1, itval.it_interval.tv_nsec 0

03-30 10:35:26.545  6151  6186 I octvm_klo: 	itval.it_value.tv_sec 0, itval.it_value.tv_nsec 999994896

03-30 10:35:27.101   379   493 I ThermalEngine: Sensor:batt_temp:349 mC

03-30 10:35:27.545  6151  6186 I octvm_klo: read wakeups from wakealarm_fd:1

03-30 10:35:27.545  6151  6186 I octvm_klo: new timerfd interval:

03-30 10:35:27.545  6151  6186 I octvm_klo: 	itval.it_interval.tv_sec 1, itval.it_interval.tv_nsec 0

