03-30 10:34:00.523  6151  6186 I octvm_klo: read wakeups from wakealarm_fd:1

03-30 10:34:00.523  6151  6186 I octvm_klo: new timerfd interval:

03-30 10:34:00.523  6151  6186 I octvm_klo: 	itval.it_interval.tv_sec 1, itval.it_interval.tv_nsec 0

03-30 10:34:00.523  6151  6186 I octvm_klo: 	itval.it_value.tv_sec 0, itval.it_value.tv_nsec 999992500

03-30 10:34:00.969   379   493 I ThermalEngine: Sensor:batt_temp:348 mC

03-30 10:34:00.972  3745  3745 D wpa_supplicant: wlan0: Control interface command 'SIGNAL_POLL'

03-30 10:34:00.987  3745  3745 D wpa_supplicant: CTRL-DEBUG: global_ctrl_sock-sendto: sock=11 sndbuf=163840 outq=0 send_len=49

03-30 10:34:01.523  6151  6186 I octvm_klo: read wakeups from wakealarm_fd:1

03-30 10:34:01.523  6151  6186 I octvm_klo: new timerfd interval:

03-30 10:34:01.523  6151  6186 I octvm_klo: 	itval.it_interval.tv_sec 1, itval.it_interval.tv_nsec 0

03-30 10:34:01.523  6151  6186 I octvm_klo: 	itval.it_value.tv_sec 0, itval.it_value.tv_nsec 999991823

03-30 10:34:01.971   379   493 I ThermalEngine: Sensor:batt_temp:348 mC

03-30 10:34:02.524  6151  6186 I octvm_klo: read wakeups from wakealarm_fd:1

03-30 10:34:02.524  6151  6186 I octvm_klo: new timerfd interval:

03-30 10:34:02.524  6151  6186 I octvm_klo: 	itval.it_interval.tv_sec 1, itval.it_interval.tv_nsec 0

03-30 10:34:02.524  6151  6186 I octvm_klo: 	itval.it_value.tv_sec 0, itval.it_value.tv_nsec 999991615

03-30 10:34:02.972   379   493 I ThermalEngine: Sensor:batt_temp:348 mC

03-30 10:34:03.524  6151  6186 I octvm_klo: read wakeups from wakealarm_fd:1

03-30 10:34:03.524  6151  6186 I octvm_klo: new timerfd interval:

03-30 10:34:03.524  6151  6186 I octvm_klo: 	itval.it_interval.tv_sec 1, itval.it_interval.tv_nsec 0

03-30 10:34:03.524  6151  6186 I octvm_klo: 	itval.it_value.tv_sec 0, itval.it_value.tv_nsec 999994583

03-30 10:34:03.973   379   493 I ThermalEngine: Sensor:batt_temp:348 mC

03-30 10:34:03.993  3745  3745 D wpa_supplicant: wlan0: Control interface command 'SIGNAL_POLL'

03-30 10:34:04.009  3745  3745 D wpa_supplicant: CTRL-DEBUG: global_ctrl_sock-sendto: sock=11 sndbuf=163840 outq=0 send_len=49

03-30 10:34:04.343  4116  4556 I XiaomiFirewall: firewall pkgName:com.qihoo.appstore, result:0x0

03-30 10:34:04.524  6151  6186 I octvm_klo: read wakeups from wakealarm_fd:1

03-30 10:34:04.524  6151  6186 I octvm_klo: new timerfd interval:

03-30 10:34:04.524  6151  6186 I octvm_klo: 	itval.it_interval.tv_sec 1, itval.it_interval.tv_nsec 0

03-30 10:34:04.524  6151  6186 I octvm_klo: 	itval.it_value.tv_sec 0, itval.it_value.tv_nsec 999994739

03-30 10:34:04.974   379   493 I ThermalEngine: Sensor:batt_temp:348 mC

03-30 10:34:05.524  6151  6186 I octvm_klo: read wakeups from wakealarm_fd:1

03-30 10:34:05.524  6151  6186 I octvm_klo: new timerfd interval:

03-30 10:34:05.524  6151  6186 I octvm_klo: 	itval.it_interval.tv_sec 1, itval.it_interval.tv_nsec 0

03-30 10:34:05.524  6151  6186 I octvm_klo: 	itval.it_value.tv_sec 0, itval.it_value.tv_nsec 999991719

03-30 10:34:05.980   379   493 I ThermalEngine: Sensor:batt_temp:348 mC

03-30 10:34:06.469 25810 25810 W AppWatcher: type=1400 audit(0.0:55183412): avc: denied { getattr } for path="/proc/opalum-temp-calib" dev="proc" ino=4026534631 scontext=u:r:untrusted_app:s0:c512,c768 tcontext=u:object_r:proc_opalum:s0 tclass=file permissive=0

03-30 10:34:06.469 25810 25810 W AppWatcher: type=1400 audit(0.0:55183413): avc: denied { getattr } for path="/proc/opalum-f0-calib" dev="proc" ino=4026534630 scontext=u:r:untrusted_app:s0:c512,c768 tcontext=u:object_r:proc_opalum:s0 tclass=file permissive=0

03-30 10:34:06.469 25810 25810 W AppWatcher: type=1400 audit(0.0:55183414): avc: denied { getattr } for path="/proc/sysrq-trigger" dev="proc" ino=4026533735 scontext=u:r:untrusted_app:s0:c512,c768 tcontext=u:object_r:proc_sysrq:s0 tclass=file permissive=0

03-30 10:34:06.479 25810 25810 W AppWatcher: type=1400 audit(0.0:55183415): avc: denied { getattr } for path="/proc/1" dev="proc" ino=11921139 scontext=u:r:untrusted_app:s0:c512,c768 tcontext=u:r:init:s0 tclass=dir permissive=0

03-30 10:34:06.479 25810 25810 W AppWatcher: type=1400 audit(0.0:55183416): avc: denied { getattr } for path="/proc/2" dev="proc" ino=11961941 scontext=u:r:untrusted_app:s0:c512,c768 tcontext=u:r:kernel:s0 tclass=dir permissive=0

03-30 10:34:06.479 25810 25810 W AppWatcher: type=1400 audit(0.0:55183417): avc: denied { getattr } for path="/proc/3" dev="proc" ino=11961942 scontext=u:r:untrusted_app:s0:c512,c768 tcontext=u:r:kernel:s0 tclass=dir permissive=0

03-30 10:34:06.479 25810 25810 W AppWatcher: type=1400 audit(0.0:55183418): avc: denied { getattr } for path="/proc/6" dev="proc" ino=11961943 scontext=u:r:untrusted_app:s0:c512,c768 tcontext=u:r:kernel:s0 tclass=dir permissive=0

03-30 10:34:06.479 25810 25810 W AppWatcher: type=1400 audit(0.0:55183419): avc: denied { getattr } for path="/proc/7" dev="proc" ino=11961944 scontext=u:r:untrusted_app:s0:c512,c768 tcontext=u:r:kernel:s0 tclass=dir permissive=0

03-30 10:34:06.479 25810 25810 W AppWatcher: type=1400 audit(0.0:55183420): avc: denied { getattr } for path="/proc/8" dev="proc" ino=11961945 scontext=u:r:untrusted_app:s0:c512,c768 tcontext=u:r:kernel:s0 tclass=dir permissive=0

03-30 10:34:06.479 25810 25810 W AppWatcher: type=1400 audit(0.0:55183421): avc: denied { getattr } for path="/proc/21" dev="proc" ino=11961946 scontext=u:r:untrusted_app:s0:c512,c768 tcontext=u:r:kernel:s0 tclass=dir permissive=0

03-30 10:34:06.479 25810 25810 W AppWatcher: type=1400 audit(0.0:55183422): avc: denied { getattr } for path="/proc/22" dev="proc" ino=11961947 scontext=u:r:untrusted_app:s0:c512,c768 tcontext=u:r:kernel:s0 tclass=dir permissive=0

03-30 10:34:06.479 25810 25810 W AppWatcher: type=1400 audit(0.0:55183423): avc: denied { getattr } for path="/proc/28" dev="proc" ino=11961948 scontext=u:r:untrusted_app:s0:c512,c768 tcontext=u:r:kernel:s0 tclass=dir permissive=0

03-30 10:34:06.489 25810 25810 W AppWatcher: type=1400 audit(0.0:55183424): avc: denied { getattr } for path="/proc/29" dev="proc" ino=11961949 scontext=u:r:untrusted_app:s0:c512,c768 tcontext=u:r:kernel:s0 tclass=dir permissive=0

03-30 10:34:06.489 25810 25810 W AppWatcher: type=1400 audit(0.0:55183425): avc: denied { getattr } for path="/proc/30" dev="proc" ino=11961950 scontext=u:r:untrusted_app:s0:c512,c768 tcontext=u:r:kernel:s0 tclass=dir permissive=0

03-30 10:34:06.489 25810 25810 W AppWatcher: type=1400 audit(0.0:55183426): avc: denied { getattr } for path="/proc/32" dev="proc" ino=11961951 scontext=u:r:untrusted_app:s0:c512,c768 tcontext=u:r:kernel:s0 tclass=dir permissive=0

03-30 10:34:06.489 25810 25810 W AppWatcher: type=1400 audit(0.0:55183427): avc: denied { getattr } for path="/proc/33" dev="proc" ino=11961952 scontext=u:r:untrusted_app:s0:c512,c768 tcontext=u:r:kernel:s0 tclass=dir permissive=0

03-30 10:34:06.489 25810 25810 W AppWatcher: type=1400 audit(0.0:55183428): avc: denied { getattr } for path="/proc/34" dev="proc" ino=11961953 scontext=u:r:untrusted_app:s0:c512,c768 tcontext=u:r:kernel:s0 tclass=dir permissive=0

03-30 10:34:06.489 25810 25810 W AppWatcher: type=1400 audit(0.0:55183429): avc: denied { getattr } for path="/proc/61" dev="proc" ino=11961954 scontext=u:r:untrusted_app:s0:c512,c768 tcontext=u:r:kernel:s0 tclass=dir permissive=0

03-30 10:34:06.489 25810 25810 W AppWatcher: type=1400 audit(0.0:55183430): avc: denied { getattr } for path="/proc/62" dev="proc" ino=11961955 scontext=u:r:untrusted_app:s0:c512,c768 tcontext=u:r:kernel:s0 tclass=dir permissive=0

03-30 10:34:06.489 25810 25810 W AppWatcher: type=1400 audit(0.0:55183431): avc: denied { getattr } for path="/proc/63" dev="proc" ino=11961956 scontext=u:r:untrusted_app:s0:c512,c768 tcontext=u:r:kernel:s0 tclass=dir permissive=0

03-30 10:34:06.525  6151  6186 I octvm_klo: read wakeups from wakealarm_fd:1

03-30 10:34:06.525  6151  6186 I octvm_klo: new timerfd interval:

03-30 10:34:06.525  6151  6186 I octvm_klo: 	itval.it_interval.tv_sec 1, itval.it_interval.tv_nsec 0

03-30 10:34:06.525  6151  6186 I octvm_klo: 	itval.it_value.tv_sec 0, itval.it_value.tv_nsec 999997761

03-30 10:34:06.981   379   493 I ThermalEngine: Sensor:batt_temp:349 mC

03-30 10:34:07.021  3745  3745 D wpa_supplicant: wlan0: Control interface command 'SIGNAL_POLL'

03-30 10:34:07.036  3745  3745 D wpa_supplicant: CTRL-DEBUG: global_ctrl_sock-sendto: sock=11 sndbuf=163840 outq=0 send_len=49

03-30 10:34:07.525  6151  6186 I octvm_klo: read wakeups from wakealarm_fd:1

03-30 10:34:07.525  6151  6186 I octvm_klo: new timerfd interval:

03-30 10:34:07.525  6151  6186 I octvm_klo: 	itval.it_interval.tv_sec 1, itval.it_interval.tv_nsec 0

03-30 10:34:07.525  6151  6186 I octvm_klo: 	itval.it_value.tv_sec 0, itval.it_value.tv_nsec 999995156

03-30 10:34:07.550  9669  9772 D UTAnalytics:CommitTask: pid:9669 check&commit event:65501,

03-30 10:34:07.550  9669  9772 D UTAnalytics:CommitTask: pid:9669 next:65501,

03-30 10:34:07.563  9669  9772 D UTAnalytics:CommitTask: pid:9669 check&commit event:65503,

03-30 10:34:07.563  9669  9772 D UTAnalytics:CommitTask: pid:9669 next:65503,

03-30 10:34:07.570  9669  9762 D UTAnalytics:CommitTask: pid:9669 check&commit event:65502,

03-30 10:34:07.570  9669  9762 D UTAnalytics:CommitTask: pid:9669 next:65502,

03-30 10:34:07.982   379   493 I ThermalEngine: Sensor:batt_temp:349 mC

03-30 10:34:08.525  6151  6186 I octvm_klo: read wakeups from wakealarm_fd:1

03-30 10:34:08.526  6151  6186 I octvm_klo: new timerfd interval:

03-30 10:34:08.526  6151  6186 I octvm_klo: 	itval.it_interval.tv_sec 1, itval.it_interval.tv_nsec 0

03-30 10:34:08.526  6151  6186 I octvm_klo: 	itval.it_value.tv_sec 0, itval.it_value.tv_nsec 999987760

03-30 10:34:08.983   379   493 I ThermalEngine: Sensor:batt_temp:349 mC

03-30 10:34:09.526  6151  6186 I octvm_klo: read wakeups from wakealarm_fd:1

03-30 10:34:09.526  6151  6186 I octvm_klo: new timerfd interval:

03-30 10:34:09.526  6151  6186 I octvm_klo: 	itval.it_interval.tv_sec 1, itval.it_interval.tv_nsec 0

03-30 10:34:09.526  6151  6186 I octvm_klo: 	itval.it_value.tv_sec 0, itval.it_value.tv_nsec 999995729

03-30 10:34:09.985   379   493 I ThermalEngine: Sensor:batt_temp:348 mC

03-30 10:34:10.044  3745  3745 D wpa_supplicant: wlan0: Control interface command 'SIGNAL_POLL'

03-30 10:34:10.057  3745  3745 D wpa_supplicant: CTRL-DEBUG: global_ctrl_sock-sendto: sock=11 sndbuf=163840 outq=0 send_len=49

03-30 10:34:10.526  6151  6186 I octvm_klo: read wakeups from wakealarm_fd:1

03-30 10:34:10.526  6151  6186 I octvm_klo: new timerfd interval:

03-30 10:34:10.526  6151  6186 I octvm_klo: 	itval.it_interval.tv_sec 1, itval.it_interval.tv_nsec 0

03-30 10:34:10.526  6151  6186 I octvm_klo: 	itval.it_value.tv_sec 0, itval.it_value.tv_nsec 999993177

03-30 10:34:10.986   379   493 I ThermalEngine: Sensor:batt_temp:348 mC

03-30 10:34:11.526  6151  6186 I octvm_klo: read wakeups from wakealarm_fd:1

03-30 10:34:11.526  6151  6186 I octvm_klo: new timerfd interval:

03-30 10:34:11.526  6151  6186 I octvm_klo: 	itval.it_interval.tv_sec 1, itval.it_interval.tv_nsec 0

03-30 10:34:11.526  6151  6186 I octvm_klo: 	itval.it_value.tv_sec 0, itval.it_value.tv_nsec 999992708

03-30 10:34:11.987   379   493 I ThermalEngine: Sensor:batt_temp:348 mC

03-30 10:34:12.526  6151  6186 I octvm_klo: read wakeups from wakealarm_fd:1

03-30 10:34:12.527  6151  6186 I octvm_klo: new timerfd interval:

03-30 10:34:12.527  6151  6186 I octvm_klo: 	itval.it_interval.tv_sec 1, itval.it_interval.tv_nsec 0

03-30 10:34:12.527  6151  6186 I octvm_klo: 	itval.it_value.tv_sec 0, itval.it_value.tv_nsec 999993073

03-30 10:34:12.988   379   493 I ThermalEngine: Sensor:batt_temp:348 mC

03-30 10:34:13.063  3745  3745 D wpa_supplicant: wlan0: Control interface command 'SIGNAL_POLL'

03-30 10:34:13.079  3745  3745 D wpa_supplicant: CTRL-DEBUG: global_ctrl_sock-sendto: sock=11 sndbuf=163840 outq=0 send_len=49

03-30 10:34:13.527  6151  6186 I octvm_klo: read wakeups from wakealarm_fd:1

03-30 10:34:13.527  6151  6186 I octvm_klo: new timerfd interval:

03-30 10:34:13.527  6151  6186 I octvm_klo: 	itval.it_interval.tv_sec 1, itval.it_interval.tv_nsec 0

03-30 10:34:13.527  6151  6186 I octvm_klo: 	itval.it_value.tv_sec 0, itval.it_value.tv_nsec 999993385

03-30 10:34:13.990   379   493 I ThermalEngine: Sensor:batt_temp:348 mC

03-30 10:34:14.527  6151  6186 I octvm_klo: read wakeups from wakealarm_fd:1

03-30 10:34:14.527  6151  6186 I octvm_klo: new timerfd interval:

03-30 10:34:14.527  6151  6186 I octvm_klo: 	itval.it_interval.tv_sec 1, itval.it_interval.tv_nsec 0

03-30 10:34:14.527  6151  6186 I octvm_klo: 	itval.it_value.tv_sec 0, itval.it_value.tv_nsec 999997760

03-30 10:34:14.966  4569  7585 D FrozenAppController: FrozenAPP, is HasProcessOOMTooLow

03-30 10:34:14.966  4569  7585 D FrozenAppController: >>> event = 22 >>> state = 2 uid 10124

03-30 10:34:14.966  4569  7585 V FrozenAppController:     >>>>  MSG_FROZEN_APP : { uid: 10124 mState:2 mEvent:22 mIsForeground:false mLocationPolicy:0}

03-30 10:34:14.991   379   493 I ThermalEngine: Sensor:batt_temp:348 mC

03-30 10:34:15.527  6151  6186 I octvm_klo: read wakeups from wakealarm_fd:1

03-30 10:34:15.527  6151  6186 I octvm_klo: new timerfd interval:

03-30 10:34:15.527  6151  6186 I octvm_klo: 	itval.it_interval.tv_sec 1, itval.it_interval.tv_nsec 0

03-30 10:34:15.527  6151  6186 I octvm_klo: 	itval.it_value.tv_sec 0, itval.it_value.tv_nsec 999996927

03-30 10:34:15.620  4569  7585 D FrozenAppController: FrozenAPP, is HasProcessOOMTooLow

03-30 10:34:15.620  4569  7585 D FrozenAppController: >>> event = 22 >>> state = 0 uid 10120

03-30 10:34:15.620  4569  7585 V FrozenAppController:     >>>>  MSG_FROZEN_APP : { uid: 10120 mState:0 mEvent:22 mIsForeground:false mLocationPolicy:255}

03-30 10:34:15.634  4569  7585 D FrozenAppController: FrozenAPP, is HasProcessOOMTooLow

03-30 10:34:15.635  4569  7585 D FrozenAppController: >>> event = 22 >>> state = 0 uid 10120

03-30 10:34:15.635  4569  7585 V FrozenAppController:     >>>>  MSG_FROZEN_APP : { uid: 10120 mState:0 mEvent:22 mIsForeground:false mLocationPolicy:255}

03-30 10:34:15.992   379   493 I ThermalEngine: Sensor:batt_temp:348 mC

03-30 10:34:16.084  3745  3745 D wpa_supplicant: wlan0: Control interface command 'SIGNAL_POLL'

03-30 10:34:16.101  3745  3745 D wpa_supplicant: CTRL-DEBUG: global_ctrl_sock-sendto: sock=11 sndbuf=163840 outq=0 send_len=49

03-30 10:34:16.521  9669  9762 D UTAnalytics:LogStoreMgr: pid:9669 [store],

03-30 10:34:16.527  6151  6186 I octvm_klo: read wakeups from wakealarm_fd:1

03-30 10:34:16.527  6151  6186 I octvm_klo: new timerfd interval:

03-30 10:34:16.527  6151  6186 I octvm_klo: 	itval.it_interval.tv_sec 1, itval.it_interval.tv_nsec 0

03-30 10:34:16.527  6151  6186 I octvm_klo: 	itval.it_value.tv_sec 0, itval.it_value.tv_nsec 999996458

03-30 10:34:16.534  9669  9762 D UTAnalytics:UTSqliteLogStore: pid:9669 sql:SELECT * FROM log ORDER BY time ASC  LIMIT 113,

03-30 10:34:16.539  9669  9762 D UTAnalytics:LogStoreMgr: pid:9669 [get],[],

03-30 10:34:16.543  9669  9762 D UTAnalytics:UploadEngine: pid:9669 UTDC.bBackground:false,AppInfoUtil.isForeground(UTDC.getContext()) ,true,

03-30 10:34:16.548  9669  9762 D UTAnalytics:UploadTask: pid:9669 mPeriod:30000,

03-30 10:34:16.679 25810 25810 W AppWatcher: type=1400 audit(0.0:55183674): avc: denied { getattr } for path="/proc/opalum-temp-calib" dev="proc" ino=4026534631 scontext=u:r:untrusted_app:s0:c512,c768 tcontext=u:object_r:proc_opalum:s0 tclass=file permissive=0

03-30 10:34:16.679 25810 25810 W AppWatcher: type=1400 audit(0.0:55183675): avc: denied { getattr } for path="/proc/opalum-f0-calib" dev="proc" ino=4026534630 scontext=u:r:untrusted_app:s0:c512,c768 tcontext=u:object_r:proc_opalum:s0 tclass=file permissive=0

03-30 10:34:16.679 25810 25810 W AppWatcher: type=1400 audit(0.0:55183676): avc: denied { getattr } for path="/proc/sysrq-trigger" dev="proc" ino=4026533735 scontext=u:r:untrusted_app:s0:c512,c768 tcontext=u:object_r:proc_sysrq:s0 tclass=file permissive=0

03-30 10:34:16.689 25810 25810 W AppWatcher: type=1400 audit(0.0:55183677): avc: denied { getattr } for path="/proc/1" dev="proc" ino=11921139 scontext=u:r:untrusted_app:s0:c512,c768 tcontext=u:r:init:s0 tclass=dir permissive=0

03-30 10:34:16.689 25810 25810 W AppWatcher: type=1400 audit(0.0:55183678): avc: denied { getattr } for path="/proc/2" dev="proc" ino=11961941 scontext=u:r:untrusted_app:s0:c512,c768 tcontext=u:r:kernel:s0 tclass=dir permissive=0

03-30 10:34:16.689 25810 25810 W AppWatcher: type=1400 audit(0.0:55183679): avc: denied { getattr } for path="/proc/3" dev="proc" ino=11961942 scontext=u:r:untrusted_app:s0:c512,c768 tcontext=u:r:kernel:s0 tclass=dir permissive=0

03-30 10:34:16.689 25810 25810 W AppWatcher: type=1400 audit(0.0:55183680): avc: denied { getattr } for path="/proc/6" dev="proc" ino=11961943 scontext=u:r:untrusted_app:s0:c512,c768 tcontext=u:r:kernel:s0 tclass=dir permissive=0

03-30 10:34:16.689 25810 25810 W AppWatcher: type=1400 audit(0.0:55183681): avc: denied { getattr } for path="/proc/7" dev="proc" ino=11961944 scontext=u:r:untrusted_app:s0:c512,c768 tcontext=u:r:kernel:s0 tclass=dir permissive=0

03-30 10:34:16.689 25810 25810 W AppWatcher: type=1400 audit(0.0:55183682): avc: denied { getattr } for path="/proc/8" dev="proc" ino=11961945 scontext=u:r:untrusted_app:s0:c512,c768 tcontext=u:r:kernel:s0 tclass=dir permissive=0

03-30 10:34:16.699 25810 25810 W AppWatcher: type=1400 audit(0.0:55183683): avc: denied { getattr } for path="/proc/21" dev="proc" ino=11961946 scontext=u:r:untrusted_app:s0:c512,c768 tcontext=u:r:kernel:s0 tclass=dir permissive=0

03-30 10:34:16.699 25810 25810 W AppWatcher: type=1400 audit(0.0:55183684): avc: denied { getattr } for path="/proc/22" dev="proc" ino=11961947 scontext=u:r:untrusted_app:s0:c512,c768 tcontext=u:r:kernel:s0 tclass=dir permissive=0

03-30 10:34:16.699 25810 25810 W AppWatcher: type=1400 audit(0.0:55183685): avc: denied { getattr } for path="/proc/28" dev="proc" ino=11961948 scontext=u:r:untrusted_app:s0:c512,c768 tcontext=u:r:kernel:s0 tclass=dir permissive=0

03-30 10:34:16.699 25810 25810 W AppWatcher: type=1400 audit(0.0:55183686): avc: denied { getattr } for path="/proc/29" dev="proc" ino=11961949 scontext=u:r:untrusted_app:s0:c512,c768 tcontext=u:r:kernel:s0 tclass=dir permissive=0

03-30 10:34:16.699 25810 25810 W AppWatcher: type=1400 audit(0.0:55183687): avc: denied { getattr } for path="/proc/30" dev="proc" ino=11961950 scontext=u:r:untrusted_app:s0:c512,c768 tcontext=u:r:kernel:s0 tclass=dir permissive=0

03-30 10:34:16.699 25810 25810 W AppWatcher: type=1400 audit(0.0:55183688): avc: denied { getattr } for path="/proc/32" dev="proc" ino=11961951 scontext=u:r:untrusted_app:s0:c512,c768 tcontext=u:r:kernel:s0 tclass=dir permissive=0

03-30 10:34:16.699 25810 25810 W AppWatcher: type=1400 audit(0.0:55183689): avc: denied { getattr } for path="/proc/33" dev="proc" ino=11961952 scontext=u:r:untrusted_app:s0:c512,c768 tcontext=u:r:kernel:s0 tclass=dir permissive=0

03-30 10:34:16.709 25810 25810 W AppWatcher: type=1400 audit(0.0:55183690): avc: denied { getattr } for path="/proc/34" dev="proc" ino=11961953 scontext=u:r:untrusted_app:s0:c512,c768 tcontext=u:r:kernel:s0 tclass=dir permissive=0

03-30 10:34:16.709 25810 25810 W AppWatcher: type=1400 audit(0.0:55183691): avc: denied { getattr } for path="/proc/61" dev="proc" ino=11961954 scontext=u:r:untrusted_app:s0:c512,c768 tcontext=u:r:kernel:s0 tclass=dir permissive=0

03-30 10:34:16.709 25810 25810 W AppWatcher: type=1400 audit(0.0:55183692): avc: denied { getattr } for path="/proc/62" dev="proc" ino=11961955 scontext=u:r:untrusted_app:s0:c512,c768 tcontext=u:r:kernel:s0 tclass=dir permissive=0

03-30 10:34:16.709 25810 25810 W AppWatcher: type=1400 audit(0.0:55183693): avc: denied { getattr } for path="/proc/63" dev="proc" ino=11961956 scontext=u:r:untrusted_app:s0:c512,c768 tcontext=u:r:kernel:s0 tclass=dir permissive=0

03-30 10:34:16.997   379   493 I ThermalEngine: Sensor:batt_temp:348 mC

03-30 10:34:17.435  4116  4556 I XiaomiFirewall: firewall pkgName:com.orvibo.homemate, result:0x0

03-30 10:34:17.527  6151  6186 I octvm_klo: read wakeups from wakealarm_fd:1

03-30 10:34:17.527  6151  6186 I octvm_klo: new timerfd interval:

03-30 10:34:17.527  6151  6186 I octvm_klo: 	itval.it_interval.tv_sec 1, itval.it_interval.tv_nsec 0

03-30 10:34:17.527  6151  6186 I octvm_klo: 	itval.it_value.tv_sec 0, itval.it_value.tv_nsec 999995625

03-30 10:34:17.998   379   493 I ThermalEngine: Sensor:batt_temp:348 mC

03-30 10:34:18.527  6151  6186 I octvm_klo: read wakeups from wakealarm_fd:1

03-30 10:34:18.528  6151  6186 I octvm_klo: new timerfd interval:

03-30 10:34:18.528  6151  6186 I octvm_klo: 	itval.it_interval.tv_sec 1, itval.it_interval.tv_nsec 0

03-30 10:34:18.528  6151  6186 I octvm_klo: 	itval.it_value.tv_sec 0, itval.it_value.tv_nsec 999996979

03-30 10:34:18.999   379   493 I ThermalEngine: Sensor:batt_temp:348 mC

03-30 10:34:19.108  3745  3745 D wpa_supplicant: wlan0: Control interface command 'SIGNAL_POLL'

03-30 10:34:19.111  3745  3745 D wpa_supplicant: CTRL-DEBUG: global_ctrl_sock-sendto: sock=11 sndbuf=163840 outq=0 send_len=49

03-30 10:34:19.528  6151  6186 I octvm_klo: read wakeups from wakealarm_fd:1

03-30 10:34:19.528  6151  6186 I octvm_klo: new timerfd interval:

03-30 10:34:19.528  6151  6186 I octvm_klo: 	itval.it_interval.tv_sec 1, itval.it_interval.tv_nsec 0

03-30 10:34:19.528  6151  6186 I octvm_klo: 	itval.it_value.tv_sec 0, itval.it_value.tv_nsec 999995885

03-30 10:34:19.992  2044  3620 D WifiStateMachine: starting scan for "56.1_neiwang"-WPA_PSK with 5280,2412
