03-30 11:14:38.909  3885  3885 W Binder_6: type=1400 audit(0.0:55329503): avc: denied { ioctl } for path="socket:[12296113]" dev="sockfs" ino=12296113 ioctlcmd=7704 scontext=u:r:system_server:s0 tcontext=u:r:system_server:s0 tclass=unix_stream_socket permissive=0

03-30 11:14:39.269   379   472 I ThermalEngine: Sensor:tsens_tz_sensor5:50000 mC

03-30 11:14:39.271   379   516 I ThermalEngine: Sensor:tsens_tz_sensor5:50000 mC

03-30 11:14:39.271   379   516 I ThermalEngine: TM Id 'CPU0_MONITOR' Sensor 'cpu0' - alarm cleared 1 at 50.0 degC

03-30 11:14:39.273   379   516 I ThermalEngine: ACTION: CPU - Setting CPU[0] to 2457600

03-30 11:14:39.274   379   516 I ThermalEngine: Mitigation:CPU[0]:2457600 Khz

03-30 11:14:39.274   379   516 I ThermalEngine: ACTION: CPU - Setting CPU[1] to 2457600

03-30 11:14:39.274   379   516 E ThermalEngine: Failed to set desired CPU[1] frequency limit to 2457600

03-30 11:14:39.274   379   516 I ThermalEngine: ACTION: CPU - Setting CPU[2] to 2457600

03-30 11:14:39.275   379   516 E ThermalEngine: Failed to set desired CPU[2] frequency limit to 2457600

03-30 11:14:39.275   379   516 I ThermalEngine: ACTION: CPU - Setting CPU[3] to 2457600

03-30 11:14:39.276   379   516 I ThermalEngine: Mitigation:CPU[3]:2457600 Khz

03-30 11:14:39.338  6151  6186 I octvm_klo: read wakeups from wakealarm_fd:1

03-30 11:14:39.338  6151  6186 I octvm_klo: new timerfd interval:

03-30 11:14:39.338  6151  6186 I octvm_klo: 	itval.it_interval.tv_sec 1, itval.it_interval.tv_nsec 0

03-30 11:14:39.338  6151  6186 I octvm_klo: 	itval.it_value.tv_sec 0, itval.it_value.tv_nsec 999996979

03-30 11:14:39.545   379   493 I ThermalEngine: Sensor:batt_temp:366 mC

03-30 11:14:39.889  3745  3745 D wpa_supplicant: wlan0: Control interface command 'SIGNAL_POLL'

03-30 11:14:39.904  3745  3745 D wpa_supplicant: CTRL-DEBUG: global_ctrl_sock-sendto: sock=11 sndbuf=163840 outq=0 send_len=49

03-30 11:14:40.311  2044  3620 D WifiStateMachine: starting scan for "56.1_neiwang"-WPA_PSK with 5280,2412

03-30 11:14:40.312  3745  3745 D wpa_supplicant: wlan0: Control interface command 'SCAN TYPE=ONLY freq=5280,2412'

03-30 11:14:40.312  3745  3745 D wpa_supplicant: wlan0: Setting scan request: 0.000000 sec

03-30 11:14:40.312  3745  3745 D wpa_supplicant: CTRL-DEBUG: global_ctrl_sock-sendto: sock=11 sndbuf=163840 outq=0 send_len=3

03-30 11:14:40.312  3745  3745 D wpa_supplicant: wlan0: Starting AP scan for wildcard SSID

03-30 11:14:40.312  3745  3745 D wpa_supplicant: wlan0: Limit manual scan to specified channels

03-30 11:14:40.312  3745  3745 D wpa_supplicant: wlan0: Add radio work 'scan'@0xb68d9398

03-30 11:14:40.312  3745  3745 D wpa_supplicant: wlan0: First radio work item in the queue - schedule start immediately

03-30 11:14:40.313  3745  3745 D wpa_supplicant: wlan0: Starting radio work 'scan'@0xb68d9398 after 0.000095 second wait

03-30 11:14:40.313  3745  3745 D wpa_supplicant: wlan0: nl80211: scan request

03-30 11:14:40.313  3745  3745 D wpa_supplicant: nl80211: Scan SSID - hexdump(len=0): [NULL]

03-30 11:14:40.313  3745  3745 D wpa_supplicant: nl80211: Scan extra IEs - hexdump(len=7): 7f 05 00 00 0a 02 01

03-30 11:14:40.313  3745  3745 D wpa_supplicant: nl80211: Scan frequency 2412 MHz

03-30 11:14:40.313  3745  3745 D wpa_supplicant: nl80211: Scan frequency 5280 MHz

03-30 11:14:40.331  3745  3745 D wpa_supplicant: Scan requested (ret=0) - scan timeout 30 seconds

03-30 11:14:40.331  3745  3745 D wpa_supplicant: nl80211: Event message available

03-30 11:14:40.332  3745  3745 D wpa_supplicant: nl80211: Drv Event 33 (NL80211_CMD_TRIGGER_SCAN) received for wlan0

03-30 11:14:40.332  3745  3745 D wpa_supplicant: wlan0: nl80211: Scan trigger

03-30 11:14:40.332  3745  3745 D wpa_supplicant: wlan0: Event SCAN_STARTED (47) received

03-30 11:14:40.332  3745  3745 D wpa_supplicant: wlan0: Own scan request started a scan in 0.000222 seconds

03-30 11:14:40.332  3745  3745 D wpa_supplicant: CTRL-DEBUG: ctrl_sock-sendmsg: sock=11 sndbuf=163840 outq=0 send_len=24

03-30 11:14:40.332  3745  3745 D wpa_supplicant: CTRL_IFACE monitor sent successfully to /data/misc/wifi/sockets/wpa_ctrl_2044-2\x00

03-30 11:14:40.338  6151  6186 I octvm_klo: read wakeups from wakealarm_fd:1

03-30 11:14:40.338  6151  6186 I octvm_klo: new timerfd interval:

03-30 11:14:40.338  6151  6186 I octvm_klo: 	itval.it_interval.tv_sec 1, itval.it_interval.tv_nsec 0

03-30 11:14:40.338  6151  6186 I octvm_klo: 	itval.it_value.tv_sec 0, itval.it_value.tv_nsec 999996614

03-30 11:14:40.393 17923 17996 D UTAnalytics:LogStoreMgr: pid:17923 [store],

03-30 11:14:40.403 17923 17996 D UTAnalytics:UTSqliteLogStore: pid:17923 [insert] ,, isSuccess:true,ret,2408,

03-30 11:14:40.403 17923 17996 D UTAnalytics:UTSqliteLogStore: pid:17923 [insert] ,, isSuccess:true,ret,2409,

03-30 11:14:40.460  3745  3745 D wpa_supplicant: nl80211: Event message available

03-30 11:14:40.460  3745  3745 D wpa_supplicant: nl80211: Drv Event 34 (NL80211_CMD_NEW_SCAN_RESULTS) received for wlan0

03-30 11:14:40.460  3745  3745 D wpa_supplicant: wlan0: nl80211: New scan results available

03-30 11:14:40.460  3745  3745 D wpa_supplicant: nl80211: Scan included frequencies: 2412 5280

03-30 11:14:40.460  3745  3745 D wpa_supplicant: wlan0: Event SCAN_RESULTS (3) received

03-30 11:14:40.460  3745  3745 D wpa_supplicant: wlan0: Scan completed in 0.128199 seconds

03-30 11:14:40.460  3745  3745 D wpa_supplicant: nl80211: Associated on 5280 MHz

03-30 11:14:40.460  3745  3745 D wpa_supplicant: nl80211: Associated with cc:81:da:9c:13:28

03-30 11:14:40.460  3745  3745 D wpa_supplicant: nl80211: Received scan results (32 BSSes)

03-30 11:14:40.461  3745  3745 D wpa_supplicant: nl80211: Scan results indicate BSS status with cc:81:da:9c:13:28 as associated

03-30 11:14:40.461  3745  3745 D wpa_supplicant: wlan0: BSS: Start scan result update 5380

03-30 11:14:40.461  3745  3745 D wpa_supplicant: BSS: last_scan_res_used=32/64

03-30 11:14:40.461  3745  3745 D wpa_supplicant: wlan0: Scan-only results received

03-30 11:14:40.461  3745  3745 D wpa_supplicant: CTRL-DEBUG: ctrl_sock-sendmsg: sock=11 sndbuf=163840 outq=0 send_len=24

03-30 11:14:40.461  3745  3745 D wpa_supplicant: CTRL_IFACE monitor sent successfully to /data/misc/wifi/sockets/wpa_ctrl_2044-2\x00

03-30 11:14:40.461  3745  3745 D wpa_supplicant: wlan0: Radio work 'scan'@0xb68d9398 done in 0.148600 seconds

03-30 11:14:40.467  3745  3745 D wpa_supplicant: CTRL-DEBUG: global_ctrl_sock-sendto: sock=11 sndbuf=163840 outq=0 send_len=3605

03-30 11:14:40.467  3745  3745 D wpa_supplicant: RTM_NEWLINK: ifi_index=22 ifname=wlan0 wext ifi_family=0 ifi_flags=0x11043 ([UP][RUNNING][LOWER_UP])

03-30 11:14:40.473  3745  3745 D wpa_supplicant: CTRL-DEBUG: global_ctrl_sock-sendto: sock=11 sndbuf=163840 outq=0 send_len=3830

03-30 11:14:40.478  3745  3745 D wpa_supplicant: CTRL-DEBUG: global_ctrl_sock-sendto: sock=11 sndbuf=163840 outq=0 send_len=3955

03-30 11:14:40.483  3745  3745 D wpa_supplicant: CTRL-DEBUG: global_ctrl_sock-sendto: sock=11 sndbuf=163840 outq=0 send_len=3263

03-30 11:14:40.485  3745  3745 D wpa_supplicant: CTRL-DEBUG: global_ctrl_sock-sendto: sock=11 sndbuf=163840 outq=0 send_len=3573

03-30 11:14:40.488  3745  3745 D wpa_supplicant: CTRL-DEBUG: global_ctrl_sock-sendto: sock=11 sndbuf=163840 outq=0 send_len=3220

03-30 11:14:40.510  3745  3745 D wpa_supplicant: EAPOL: EAP Session-Id not available

03-30 11:14:40.510  3745  3745 D wpa_supplicant: CTRL-DEBUG: global_ctrl_sock-sendto: sock=11 sndbuf=163840 outq=0 send_len=279

03-30 11:14:40.546   379   493 I ThermalEngine: Sensor:batt_temp:367 mC

03-30 11:14:40.735  2044  2057 D BaseMiuiPhoneWindowManager: keyCode:67 down:true 339771514 339771514 policyFlags=2b000000 deviceId:-1 isScreenOn:true

03-30 11:14:40.735  2044  2057 D WindowManager: keyguardActive=false

03-30 11:14:40.744 28253 28253 I AppiumUnicodeIME: onKeyDown (keyCode='67', event.keyCode='67', metaState='0')

03-30 11:14:40.757  2044  4374 D BaseMiuiPhoneWindowManager: keyCode:67 down:false 339771514 339771514 policyFlags=2b000000 deviceId:-1 isScreenOn:true

03-30 11:14:40.758  2044  4374 D WindowManager: keyguardActive=false

03-30 11:14:40.764 28253 28253 I AppiumUnicodeIME: onKeyUp (keyCode='67', event.keyCode='67', metaState='0')

03-30 11:14:40.772 17876 17876 I QueryController: Matched selector: UiSelector[CLASS=android.widget.EditText, INSTANCE=0] <<==>> [android.view.accessibility.AccessibilityNodeInfo@80069bbd; boundsInParent: Rect(0, 0 - 992, 132); boundsInScreen: Rect(44, 308 - 1036, 440); packageName: com.orvibo.homemate; className: android.widget.EditText; text: null; error: null; maxTextLength: 16; contentDescription: null; viewIdResName: com.orvibo.homemate:id/oldPwdEditText; checkable: false; checked: false; focusable: true; focused: true; selected: false; clickable: true; longClickable: true; contextClickable: false; enabled: true; password: true; scrollable: false; actions: [AccessibilityAction: ACTION_CLEAR_FOCUS - null, AccessibilityAction: ACTION_SELECT - null, AccessibilityAction: ACTION_CLEAR_SELECTION - null, AccessibilityAction: ACTION_CLICK - null, AccessibilityAction: ACTION_LONG_CLICK - null, AccessibilityAction: ACTION_ACCESSIBILITY_FOCUS - null, AccessibilityAction: ACTION_PASTE - null, AccessibilityAction: ACTION_UNKNOWN - null]]

03-30 11:14:40.772 17876 17876 D UiObject: getText() = 

03-30 11:14:40.779 17876 17876 I QueryController: Matched selector: UiSelector[CLASS=android.widget.EditText, INSTANCE=0] <<==>> [android.view.accessibility.AccessibilityNodeInfo@80069bbd; boundsInParent: Rect(0, 0 - 992, 132); boundsInScreen: Rect(44, 308 - 1036, 440); packageName: com.orvibo.homemate; className: android.widget.EditText; text: null; error: null; maxTextLength: 16; contentDescription: null; viewIdResName: com.orvibo.homemate:id/oldPwdEditText; checkable: false; checked: false; focusable: true; focused: true; selected: false; clickable: true; longClickable: true; contextClickable: false; enabled: true; password: true; scrollable: false; actions: [AccessibilityAction: ACTION_CLEAR_FOCUS - null, AccessibilityAction: ACTION_SELECT - null, AccessibilityAction: ACTION_CLEAR_SELECTION - null, AccessibilityAction: ACTION_CLICK - null, AccessibilityAction: ACTION_LONG_CLICK - null, AccessibilityAction: ACTION_ACCESSIBILITY_FOCUS - null, AccessibilityAction: ACTION_PASTE - null, AccessibilityAction: ACTION_UNKNOWN - null]]

03-30 11:14:40.779 17876 17876 D UiObject: getText() = 

03-30 11:14:40.793 17876 17876 I QueryController: Matched selector: UiSelector[CLASS=android.widget.EditText, INSTANCE=0] <<==>> [android.view.accessibility.AccessibilityNodeInfo@80069bbd; boundsInParent: Rect(0, 0 - 992, 132); boundsInScreen: Rect(44, 308 - 1036, 440); packageName: com.orvibo.homemate; className: android.widget.EditText; text: null; error: null; maxTextLength: 16; contentDescription: null; viewIdResName: com.orvibo.homemate:id/oldPwdEditText; checkable: false; checked: false; focusable: true; focused: true; selected: false; clickable: true; longClickable: true; contextClickable: false; enabled: true; password: true; scrollable: false; actions: [AccessibilityAction: ACTION_CLEAR_FOCUS - null, AccessibilityAction: ACTION_SELECT - null, AccessibilityAction: ACTION_CLEAR_SELECTION - null, AccessibilityAction: ACTION_CLICK - null, AccessibilityAction: ACTION_LONG_CLICK - null, AccessibilityAction: ACTION_ACCESSIBILITY_FOCUS - null, AccessibilityAction: ACTION_PASTE - null, AccessibilityAction: ACTION_UNKNOWN - null]]

03-30 11:14:41.311 17923 17923 W TextView: TextView does not support text selection. Selection cancelled.

03-30 11:14:41.339  6151  6186 I octvm_klo: read wakeups from wakealarm_fd:1

03-30 11:14:41.339  6151  6186 I octvm_klo: new timerfd interval:

03-30 11:14:41.339  6151  6186 I octvm_klo: 	itval.it_interval.tv_sec 1, itval.it_interval.tv_nsec 0

03-30 11:14:41.339  6151  6186 I octvm_klo: 	itval.it_value.tv_sec 0, itval.it_value.tv_nsec 999996667

03-30 11:14:41.547   379   493 I ThermalEngine: Sensor:batt_temp:366 mC

03-30 11:14:42.199 25810 25810 W AppWatcher: type=1400 audit(0.0:55329504): avc: denied { getattr } for path="/proc/opalum-temp-calib" dev="proc" ino=4026534631 scontext=u:r:untrusted_app:s0:c512,c768 tcontext=u:object_r:proc_opalum:s0 tclass=file permissive=0

03-30 11:14:42.209 25810 25810 W AppWatcher: type=1400 audit(0.0:55329505): avc: denied { getattr } for path="/proc/opalum-f0-calib" dev="proc" ino=4026534630 scontext=u:r:untrusted_app:s0:c512,c768 tcontext=u:object_r:proc_opalum:s0 tclass=file permissive=0

03-30 11:14:42.219 25810 25810 W AppWatcher: type=1400 audit(0.0:55329506): avc: denied { getattr } for path="/proc/sysrq-trigger" dev="proc" ino=4026533735 scontext=u:r:untrusted_app:s0:c512,c768 tcontext=u:object_r:proc_sysrq:s0 tclass=file permissive=0

03-30 11:14:42.229 25810 25810 W AppWatcher: type=1400 audit(0.0:55329507): avc: denied { getattr } for path="/proc/1" dev="proc" ino=12288254 scontext=u:r:untrusted_app:s0:c512,c768 tcontext=u:r:init:s0 tclass=dir permissive=0

03-30 11:14:42.229 25810 25810 W AppWatcher: type=1400 audit(0.0:55329508): avc: denied { getattr } for path="/proc/2" dev="proc" ino=12288255 scontext=u:r:untrusted_app:s0:c512,c768 tcontext=u:r:kernel:s0 tclass=dir permissive=0

03-30 11:14:42.239 25810 25810 W AppWatcher: type=1400 audit(0.0:55329509): avc: denied { getattr } for path="/proc/3" dev="proc" ino=12288256 scontext=u:r:untrusted_app:s0:c512,c768 tcontext=u:r:kernel:s0 tclass=dir permissive=0

03-30 11:14:42.239 25810 25810 W AppWatcher: type=1400 audit(0.0:55329510): avc: denied { getattr } for path="/proc/6" dev="proc" ino=12288257 scontext=u:r:untrusted_app:s0:c512,c768 tcontext=u:r:kernel:s0 tclass=dir permissive=0

03-30 11:14:42.249 25810 25810 W AppWatcher: type=1400 audit(0.0:55329511): avc: denied { getattr } for path="/proc/7" dev="proc" ino=12288258 scontext=u:r:untrusted_app:s0:c512,c768 tcontext=u:r:kernel:s0 tclass=dir permissive=0

03-30 11:14:42.249 25810 25810 W AppWatcher: type=1400 audit(0.0:55329512): avc: denied { getattr } for path="/proc/8" dev="proc" ino=12288259 scontext=u:r:untrusted_app:s0:c512,c768 tcontext=u:r:kernel:s0 tclass=dir permissive=0

03-30 11:14:42.259 25810 25810 W AppWatcher: type=1400 audit(0.0:55329513): avc: denied { getattr } for path="/proc/21" dev="proc" ino=12288260 scontext=u:r:untrusted_app:s0:c512,c768 tcontext=u:r:kernel:s0 tclass=dir permissive=0

03-30 11:14:42.259 25810 25810 W AppWatcher: type=1400 audit(0.0:55329514): avc: denied { getattr } for path="/proc/22" dev="proc" ino=12288261 scontext=u:r:untrusted_app:s0:c512,c768 tcontext=u:r:kernel:s0 tclass=dir permissive=0

03-30 11:14:42.259 25810 25810 W AppWatcher: type=1400 audit(0.0:55329515): avc: denied { getattr } for path="/proc/28" dev="proc" ino=12288262 scontext=u:r:untrusted_app:s0:c512,c768 tcontext=u:r:kernel:s0 tclass=dir permissive=0

03-30 11:14:42.269 25810 25810 W AppWatcher: type=1400 audit(0.0:55329516): avc: denied { getattr } for path="/proc/29" dev="proc" ino=12288263 scontext=u:r:untrusted_app:s0:c512,c768 tcontext=u:r:kernel:s0 tclass=dir permissive=0

03-30 11:14:42.279 25810 25810 W AppWatcher: type=1400 audit(0.0:55329517): avc: denied { getattr } for path="/proc/30" dev="proc" ino=12288264 scontext=u:r:untrusted_app:s0:c512,c768 tcontext=u:r:kernel:s0 tclass=dir permissive=0

03-30 11:14:42.279 25810 25810 W AppWatcher: type=1400 audit(0.0:55329518): avc: denied { getattr } for path="/proc/32" dev="proc" ino=12288265 scontext=u:r:untrusted_app:s0:c512,c768 tcontext=u:r:kernel:s0 tclass=dir permissive=0

03-30 11:14:42.279 25810 25810 W AppWatcher: type=1400 audit(0.0:55329519): avc: denied { getattr } for path="/proc/33" dev="proc" ino=12288266 scontext=u:r:untrusted_app:s0:c512,c768 tcontext=u:r:kernel:s0 tclass=dir permissive=0

03-30 11:14:42.279 25810 25810 W AppWatcher: type=1400 audit(0.0:55329520): avc: denied { getattr } for path="/proc/34" dev="proc" ino=12288267 scontext=u:r:untrusted_app:s0:c512,c768 tcontext=u:r:kernel:s0 tclass=dir permissive=0

03-30 11:14:42.279 25810 25810 W AppWatcher: type=1400 audit(0.0:55329521): avc: denied { getattr } for path="/proc/61" dev="proc" ino=12288268 scontext=u:r:untrusted_app:s0:c512,c768 tcontext=u:r:kernel:s0 tclass=dir permissive=0

03-30 11:14:42.279 25810 25810 W AppWatcher: type=1400 audit(0.0:55329522): avc: denied { getattr } for path="/proc/62" dev="proc" ino=12288269 scontext=u:r:untrusted_app:s0:c512,c768 tcontext=u:r:kernel:s0 tclass=dir permissive=0

03-30 11:14:42.289 25810 25810 W AppWatcher: type=1400 audit(0.0:55329523): avc: denied { getattr } for path="/proc/63" dev="proc" ino=12288270 scontext=u:r:untrusted_app:s0:c512,c768 tcontext=u:r:kernel:s0 tclass=dir permissive=0

03-30 11:14:42.289 25810 25810 W AppWatcher: type=1400 audit(0.0:55329524): avc: denied { getattr } for path="/proc/64" dev="proc" ino=12288271 scontext=u:r:untrusted_app:s0:c512,c768 tcontext=u:r:kernel:s0 tclass=dir permissive=0

03-30 11:14:42.289 25810 25810 W AppWatcher: type=1400 audit(0.0:55329525): avc: denied { getattr } for path="/proc/65" dev="proc" ino=12288272 scontext=u:r:untrusted_app:s0:c512,c768 tcontext=u:r:kernel:s0 tclass=dir permissive=0

03-30 11:14:42.289 25810 25810 W AppWatcher: type=1400 audit(0.0:55329526): avc: denied { getattr } for path="/proc/66" dev="proc" ino=12288273 scontext=u:r:untrusted_app:s0:c512,c768 tcontext=u:r:kernel:s0 tclass=dir permissive=0

03-30 11:14:42.289 25810 25810 W AppWatcher: type=1400 audit(0.0:55329527): avc: denied { getattr } for path="/proc/67" dev="proc" ino=12288274 scontext=u:r:untrusted_app:s0:c512,c768 tcontext=u:r:kernel:s0 tclass=dir permissive=0

03-30 11:14:42.289 25810 25810 W AppWatcher: type=1400 audit(0.0:55329528): avc: denied { getattr } for path="/proc/68" dev="proc" ino=12288275 scontext=u:r:untrusted_app:s0:c512,c768 tcontext=u:r:kernel:s0 tclass=dir permissive=0

03-30 11:14:42.289 25810 25810 W AppWatcher: type=1400 audit(0.0:55329529): avc: denied { getattr } for path="/proc/69" dev="proc" ino=12288276 scontext=u:r:untrusted_app:s0:c512,c768 tcontext=u:r:kernel:s0 tclass=dir permissive=0

03-30 11:14:42.289 25810 25810 W AppWatcher: type=1400 audit(0.0:55329530): avc: denied { getattr } for path="/proc/70" dev="proc" ino=12288277 scontext=u:r:untrusted_app:s0:c512,c768 tcontext=u:r:kernel:s0 tclass=dir permissive=0

03-30 11:14:42.289 25810 25810 W AppWatcher: type=1400 audit(0.0:55329531): avc: denied { getattr } for path="/proc/71" dev="proc" ino=12288278 scontext=u:r:untrusted_app:s0:c512,c768 tcontext=u:r:kernel:s0 tclass=dir permissive=0

03-30 11:14:42.289 25810 25810 W AppWatcher: type=1400 audit(0.0:55329532): avc: denied { getattr } for path="/proc/72" dev="proc" ino=12288279 scontext=u:r:untrusted_app:s0:c512,c768 tcontext=u:r:kernel:s0 tclass=dir permissive=0

03-30 11:14:42.299 25810 25810 W AppWatcher: type=1400 audit(0.0:55329533): avc: denied { getattr } for path="/proc/73" dev="proc" ino=12288280 scontext=u:r:untrusted_app:s0:c512,c768 tcontext=u:r:kernel:s0 tclass=dir permissive=0

03-30 11:14:42.339  6151  6186 I octvm_klo: read wakeups from wakealarm_fd:1

03-30 11:14:42.339  6151  6186 I octvm_klo: new timerfd interval:

03-30 11:14:42.339  6151  6186 I octvm_klo: 	itval.it_interval.tv_sec 1, itval.it_interval.tv_nsec 0

03-30 11:14:42.339  6151  6186 I octvm_klo: 	itval.it_value.tv_sec 0, itval.it_value.tv_nsec 999997396

03-30 11:14:42.549   379   493 I ThermalEngine: Sensor:batt_temp:367 mC

03-30 11:14:42.909  3745  3745 D wpa_supplicant: wlan0: Control interface command 'SIGNAL_POLL'

03-30 11:14:42.924  3745  3745 D wpa_supplicant: CTRL-DEBUG: global_ctrl_sock-sendto: sock=11 sndbuf=163840 outq=0 send_len=49

03-30 11:14:43.112  2044  4323 D BaseMiuiPhoneWindowManager: keyCode:67 down:true 339773891 339773891 policyFlags=2b000000 deviceId:-1 isScreenOn:true

03-30 11:14:43.112  2044  4323 D WindowManager: keyguardActive=false

03-30 11:14:43.131 28253 28253 I AppiumUnicodeIME: onKeyDown (keyCode='67', event.keyCode='67', metaState='0')

03-30 11:14:43.136  2044  2057 D BaseMiuiPhoneWindowManager: keyCode:67 down:false 339773891 339773891 policyFlags=2b000000 deviceId:-1 isScreenOn:true

03-30 11:14:43.136  2044  2057 D WindowManager: keyguardActive=false

03-30 11:14:43.145 28253 28253 I AppiumUnicodeIME: onKeyUp (keyCode='67', event.keyCode='67', metaState='0')

03-30 11:14:43.162  2044  3799 D BaseMiuiPhoneWindowManager: keyCode:8 down:true 339773941 339773941 policyFlags=2b000000 deviceId:-1 isScreenOn:true

03-30 11:14:43.162  2044  3799 D WindowManager: keyguardActive=false

03-30 11:14:43.166 28253 28253 I AppiumUnicodeIME: onKeyDown (keyCode='8', event.keyCode='8', metaState='0')

03-30 11:14:43.175  2044  4374 D BaseMiuiPhoneWindowManager: keyCode:8 down:false 339773954 339773941 policyFlags=2b000000 deviceId:-1 isScreenOn:true

03-30 11:14:43.176  2044  4374 D WindowManager: keyguardActive=false

03-30 11:14:43.194 28253 28253 I AppiumUnicodeIME: onKeyUp (keyCode='8', event.keyCode='8', metaState='0')

03-30 11:14:43.202  2044  4123 D BaseMiuiPhoneWindowManager: keyCode:10 down:true 339773982 339773941 policyFlags=2b000000 deviceId:-1 isScreenOn:true

03-30 11:14:43.202  2044  4123 D WindowManager: keyguardActive=false

03-30 11:14:43.207 28253 28253 I AppiumUnicodeIME: onKeyDown (keyCode='10', event.keyCode='10', metaState='0')

03-30 11:14:43.213  2044  4283 D BaseMiuiPhoneWindowManager: keyCode:10 down:false 339773993 339773941 policyFlags=2b000000 deviceId:-1 isScreenOn:true

03-30 11:14:43.213  2044  4283 D WindowManager: keyguardActive=false

03-30 11:14:43.233 28253 28253 I AppiumUnicodeIME: onKeyUp (keyCode='10', event.keyCode='10', metaState='0')

03-30 11:14:43.236  2044  3885 D BaseMiuiPhoneWindowManager: keyCode:14 down:true 339774016 339773941 policyFlags=2b000000 deviceId:-1 isScreenOn:true

03-30 11:14:43.236  2044  3885 D WindowManager: keyguardActive=false

03-30 11:14:43.241 28253 28253 I AppiumUnicodeIME: onKeyDown (keyCode='14', event.keyCode='14', metaState='0')

03-30 11:14:43.246  2044  4245 D BaseMiuiPhoneWindowManager: keyCode:14 down:false 339774025 339773941 policyFlags=2b000000 deviceId:-1 isScreenOn:true

03-30 11:14:43.246  2044  4245 D WindowManager: keyguardActive=false

03-30 11:14:43.253 28253 28253 I AppiumUnicodeIME: onKeyUp (keyCode='14', event.keyCode='14', metaState='0')

03-30 11:14:43.256  2044  3799 D BaseMiuiPhoneWindowManager: keyCode:16 down:true 339774036 339773941 policyFlags=2b000000 deviceId:-1 isScreenOn:true

03-30 11:14:43.256  2044  3799 D WindowManager: keyguardActive=false

03-30 11:14:43.258 28253 28253 I AppiumUnicodeIME: onKeyDown (keyCode='16', event.keyCode='16', metaState='0')

03-30 11:14:43.260  2044  3885 D BaseMiuiPhoneWindowManager: keyCode:16 down:false 339774040 339773941 policyFlags=2b000000 deviceId:-1 isScreenOn:true

03-30 11:14:43.260  2044  3885 D WindowManager: keyguardActive=false

03-30 11:14:43.262 28253 28253 I AppiumUnicodeIME: onKeyUp (keyCode='16', event.keyCode='16', metaState='0')

03-30 11:14:43.263  2044  4298 D BaseMiuiPhoneWindowManager: keyCode:9 down:true 339774043 339773941 policyFlags=2b000000 deviceId:-1 isScreenOn:true

03-30 11:14:43.263  2044  4298 D WindowManager: keyguardActive=false

03-30 11:14:43.267 28253 28253 I AppiumUnicodeIME: onKeyDown (keyCode='9', event.keyCode='9', metaState='0')

03-30 11:14:43.271  2044  4283 D BaseMiuiPhoneWindowManager: keyCode:9 down:false 339774051 339773941 policyFlags=2b000000 deviceId:-1 isScreenOn:true

03-30 11:14:43.272  2044  4283 D WindowManager: keyguardActive=false

03-30 11:14:43.279 28253 28253 I AppiumUnicodeIME: onKeyUp (keyCode='9', event.keyCode='9', metaState='0')

03-30 11:14:43.286  2044  4245 D BaseMiuiPhoneWindowManager: keyCode:11 down:true 339774066 339773941 policyFlags=2b000000 deviceId:-1 isScreenOn:true

03-30 11:14:43.286  2044  4245 D WindowManager: keyguardActive=false

03-30 11:14:43.292 28253 28253 I AppiumUnicodeIME: onKeyDown (keyCode='11', event.keyCode='11', metaState='0')

03-30 11:14:43.296  2044  3765 D BaseMiuiPhoneWindowManager: keyCode:11 down:false 339774076 339773941 policyFlags=2b000000 deviceId:-1 isScreenOn:true

03-30 11:14:43.296  2044  3765 D WindowManager: keyguardActive=false

03-30 11:14:43.305 28253 28253 I AppiumUnicodeIME: onKeyUp (keyCode='11', event.keyCode='11', metaState='0')

03-30 11:14:43.308  2044  4348 D BaseMiuiPhoneWindowManager: keyCode:12 down:true 339774088 339773941 policyFlags=2b000000 deviceId:-1 isScreenOn:true

03-30 11:14:43.308  2044  4348 D WindowManager: keyguardActive=false

03-30 11:14:43.311 28253 28253 I AppiumUnicodeIME: onKeyDown (keyCode='12', event.keyCode='12', metaState='0')

03-30 11:14:43.312  2044  2057 D BaseMiuiPhoneWindowManager: keyCode:12 down:false 339774092 339773941 policyFlags=2b000000 deviceId:-1 isScreenOn:true

03-30 11:14:43.312  2044  2057 D WindowManager: keyguardActive=false

03-30 11:14:43.317 28253 28253 I AppiumUnicodeIME: onKeyUp (keyCode='12', event.keyCode='12', metaState='0')

03-30 11:14:43.322  2044  4266 D BaseMiuiPhoneWindowManager: keyCode:11 down:true 339774101 339773941 policyFlags=2b000000 deviceId:-1 isScreenOn:true

03-30 11:14:43.322  2044  4266 D WindowManager: keyguardActive=false

03-30 11:14:43.331 28253 28253 I AppiumUnicodeIME: onKeyDown (keyCode='11', event.keyCode='11', metaState='0')

03-30 11:14:43.334  2044  4104 D BaseMiuiPhoneWindowManager: keyCode:11 down:false 339774113 339773941 policyFlags=2b000000 deviceId:-1 isScreenOn:true

03-30 11:14:43.334  2044  4104 D WindowManager: keyguardActive=false

03-30 11:14:43.338 28253 28253 I AppiumUnicodeIME: onKeyUp (keyCode='11', event.keyCode='11', metaState='0')

03-30 11:14:43.339  6151  6186 I octvm_klo: read wakeups from wakealarm_fd:1

03-30 11:14:43.339  6151  6186 I octvm_klo: new timerfd interval:

03-30 11:14:43.339  6151  6186 I octvm_klo: 	itval.it_interval.tv_sec 1, itval.it_interval.tv_nsec 0

03-30 11:14:43.339  6151  6186 I octvm_klo: 	itval.it_value.tv_sec 0, itval.it_value.tv_nsec 999997865

03-30 11:14:43.345  2044  4348 D BaseMiuiPhoneWindowManager: keyCode:16 down:true 339774125 339773941 policyFlags=2b000000 deviceId:-1 isScreenOn:true

03-30 11:14:43.345  2044  4348 D WindowManager: keyguardActive=false

03-30 11:14:43.346 28253 28253 I AppiumUnicodeIME: onKeyDown (keyCode='16', event.keyCode='16', metaState='0')

03-30 11:14:43.350  2044  3799 D BaseMiuiPhoneWindowManager: keyCode:16 down:false 339774130 339773941 policyFlags=2b000000 deviceId:-1 isScreenOn:true

03-30 11:14:43.350  2044  3799 D WindowManager: keyguardActive=false

03-30 11:14:43.362 28253 28253 I AppiumUnicodeIME: onKeyUp (keyCode='16', event.keyCode='16', metaState='0')

03-30 11:14:43.365  2044  4374 D BaseMiuiPhoneWindowManager: keyCode:13 down:true 339774144 339773941 policyFlags=2b000000 deviceId:-1 isScreenOn:true

03-30 11:14:43.365  2044  4374 D WindowManager: keyguardActive=false

03-30 11:14:43.370 28253 28253 I AppiumUnicodeIME: onKeyDown (keyCode='13', event.keyCode='13', metaState='0')

03-30 11:14:43.372  2044  4104 D BaseMiuiPhoneWindowManager: keyCode:13 down:false 339774152 339773941 policyFlags=2b000000 deviceId:-1 isScreenOn:true

03-30 11:14:43.372  2044  4104 D WindowManager: keyguardActive=false

03-30 11:14:43.380 28253 28253 I AppiumUnicodeIME: onKeyUp (keyCode='13', event.keyCode='13', metaState='0')

03-30 11:14:43.550   379   493 I ThermalEngine: Sensor:batt_temp:366 mC

03-30 11:14:43.925 17876 17876 I QueryController: Matched selector: UiSelector[CLASS=android.widget.EditText, INSTANCE=0] <<==>> [android.view.accessibility.AccessibilityNodeInfo@80069bbd; boundsInParent: Rect(0, 0 - 992, 132); boundsInScreen: Rect(44, 308 - 1036, 440); packageName: com.orvibo.homemate; className: android.widget.EditText; text: null; error: null; maxTextLength: 16; contentDescription: null; viewIdResName: com.orvibo.homemate:id/oldPwdEditText; checkable: false; checked: false; focusable: true; focused: true; selected: false; clickable: true; longClickable: true; contextClickable: false; enabled: true; password: true; scrollable: false; actions: [AccessibilityAction: ACTION_CLEAR_FOCUS - null, AccessibilityAction: ACTION_SELECT - null, AccessibilityAction: ACTION_CLEAR_SELECTION - null, AccessibilityAction: ACTION_CLICK - null, AccessibilityAction: ACTION_LONG_CLICK - null, AccessibilityAction: ACTION_ACCESSIBILITY_FOCUS - null, AccessibilityAction: ACTION_NEXT_AT_MOVEMENT_GRANULARITY - null, AccessibilityAction: ACTION_PREVIOUS_AT_MOVEMENT_GRANULARITY - null, AccessibilityAction: ACTION_PASTE - null, AccessibilityAction: ACTION_SET_SELECTION - null, AccessibilityAction: ACTION_UNKNOWN - null]]

03-30 11:14:43.925 17876 17876 D UiObject: getText() = 

03-30 11:14:44.339  6151  6186 I octvm_klo: read wakeups from wakealarm_fd:1

03-30 11:14:44.339  6151  6186 I octvm_klo: new timerfd interval:

03-30 11:14:44.339  6151  6186 I octvm_klo: 	itval.it_interval.tv_sec 1, itval.it_interval.tv_nsec 0

03-30 11:14:44.339  6151  6186 I octvm_klo: 	itval.it_value.tv_sec 0, itval.it_value.tv_nsec 999992083

03-30 11:14:44.552   379   493 I ThermalEngine: Sensor:batt_temp:367 mC

03-30 11:14:45.339  6151  6186 I octvm_klo: read wakeups from wakealarm_fd:1

03-30 11:14:45.339  6151  6186 I octvm_klo: new timerfd interval:

03-30 11:14:45.339  6151  6186 I octvm_klo: 	itval.it_interval.tv_sec 1, itval.it_interval.tv_nsec 0

03-30 11:14:45.339  6151  6186 I octvm_klo: 	itval.it_value.tv_sec 0, itval.it_value.tv_nsec 999997136

03-30 11:14:45.553   379   493 I ThermalEngine: Sensor:batt_temp:367 mC

03-30 11:14:45.933  3745  3745 D wpa_supplicant: wlan0: Control interface command 'SIGNAL_POLL'

03-30 11:14:45.947  3745  3745 D wpa_supplicant: CTRL-DEBUG: global_ctrl_sock-sendto: sock=11 sndbuf=163840 outq=0 send_len=49

03-30 11:14:46.340  6151  6186 I octvm_klo: read wakeups from wakealarm_fd:1

03-30 11:14:46.340  6151  6186 I octvm_klo: new timerfd interval:

03-30 11:14:46.340  6151  6186 I octvm_klo: 	itval.it_interval.tv_sec 1, itval.it_interval.tv_nsec 0

03-30 11:14:46.340  6151  6186 I octvm_klo: 	itval.it_value.tv_sec 0, itval.it_value.tv_nsec 999995572

03-30 11:14:46.554   379   493 I ThermalEngine: Sensor:batt_temp:366 mC

03-30 11:14:46.955  4116  4556 I XiaomiFirewall: firewall pkgName:com.orvibo.homemate, result:0x0

03-30 11:14:47.340  6151  6186 I octvm_klo: read wakeups from wakealarm_fd:1

03-30 11:14:47.340  6151  6186 I octvm_klo: new timerfd interval:

03-30 11:14:47.340  6151  6186 I octvm_klo: 	itval.it_interval.tv_sec 1, itval.it_interval.tv_nsec 0

03-30 11:14:47.340  6151  6186 I octvm_klo: 	itval.it_value.tv_sec 0, itval.it_value.tv_nsec 999996354

03-30 11:14:47.556   379   493 I ThermalEngine: Sensor:batt_temp:366 mC

03-30 11:14:48.341  6151  6186 I octvm_klo: read wakeups from wakealarm_fd:1

03-30 11:14:48.341  6151  6186 I octvm_klo: new timerfd interval:

03-30 11:14:48.341  6151  6186 I octvm_klo: 	itval.it_interval.tv_sec 1, itval.it_interval.tv_nsec 0

03-30 11:14:48.341  6151  6186 I octvm_klo: 	itval.it_value.tv_sec 0, itval.it_value.tv_nsec 999995573

03-30 11:14:48.558   379   493 I ThermalEngine: Sensor:batt_temp:366 mC

03-30 11:14:48.692 17923 17969 W System.err: Êó†Ê≥ïËÆøÈóÆÊàñÁΩëÁªú‰∏çÁ®≥ÂÆö

03-30 11:14:48.693 17923 17969 W System.err: 	at com.danale.video.sdk.http.impl.apache.ApacheHttpClient.readDataWithRetriesAndReportDanaleError(Unknown Source)

03-30 11:14:48.693 17923 17969 W System.err: 	at com.danale.video.sdk.http.impl.apache.ApacheHttpClient.execute(Unknown Source)

03-30 11:14:48.693 17923 17969 W System.err: 	at com.danale.video.sdk.utils.DnsAnalysisUtil.dnsAnalysisByDanale(Unknown Source)

03-30 11:14:48.693 17923 17969 W System.err: 	at com.danale.video.sdk.platform.entity.Session$7.doInBackground(Unknown Source)

03-30 11:14:48.693 17923 17969 W System.err: 	at com.danale.video.sdk.platform.entity.Session$7.doInBackground(Unknown Source)

03-30 11:14:48.693 17923 17969 W System.err: 	at com.danale.video.sdk.async.AsyncTask$2.call(Unknown Source)

03-30 11:14:48.693 17923 17969 W System.err: 	at java.util.concurrent.FutureTask.run(FutureTask.java:237)

03-30 11:14:48.693 17923 17969 W System.err: 	at java.util.concurrent.ThreadPoolExecutor.runWorker(ThreadPoolExecutor.java:1113)

03-30 11:14:48.694 17923 17969 W System.err: 	at java.util.concurrent.ThreadPoolExecutor$Worker.run(ThreadPoolExecutor.java:588)

03-30 11:14:48.694 17923 17969 W System.err: 	at java.lang.Thread.run(Thread.java:818)

03-30 11:14:48.694 17923 17969 W System.err: Caused by: org.apache.http.conn.ConnectTimeoutException: Connect to /54.93.73.119:443 timed out

03-30 11:14:48.694 17923 17969 W System.err: 	at org.apache.http.conn.scheme.PlainSocketFactory.connectSocket(PlainSocketFactory.java:126)

03-30 11:14:48.695 17923 17969 W System.err: 	at org.apache.http.impl.conn.DefaultClientConnectionOperator.openConnection(DefaultClientConnectionOperator.java:149)

03-30 11:14:48.695 17923 17969 W System.err: 	at org.apache.http.impl.conn.AbstractPoolEntry.open(AbstractPoolEntry.java:169)

03-30 11:14:48.695 17923 17969 W System.err: 	at org.apache.http.impl.conn.AbstractPooledConnAdapter.open(AbstractPooledConnAdapter.java:124)

03-30 11:14:48.695 17923 17969 W System.err: 	at org.apache.http.impl.client.DefaultRequestDirector.execute(DefaultRequestDirector.java:370)

03-30 11:14:48.695 17923 17969 W System.err: 	at org.apache.http.impl.client.AbstractHttpClient.execute(AbstractHttpClient.java:560)

03-30 11:14:48.695 17923 17969 W System.err: 	at org.apache.http.impl.client.AbstractHttpClient.execute(AbstractHttpClient.java:492)

03-30 11:14:48.695 17923 17969 W System.err: 	at org.apache.http.impl.client.AbstractHttpClient.execute(AbstractHttpClient.java:470)

03-30 11:14:48.696 17923 17969 W System.err: 	at com.danale.video.sdk.http.impl.apache.ApacheHttpClient.readDataWithRetriesAndReportDanaleError(Unknown Source)

03-30 11:14:48.696 17923 17969 W System.err: 	... 9 more

03-30 11:14:48.963  3745  3745 D wpa_supplicant: wlan0: Control interface command 'SIGNAL_POLL'

03-30 11:14:48.976  3745  3745 D wpa_supplicant: CTRL-DEBUG: global_ctrl_sock-sendto: sock=11 sndbuf=163840 outq=0 send_len=49

03-30 11:14:49.341  6151  6186 I octvm_klo: read wakeups from wakealarm_fd:1

03-30 11:14:49.342  6151  6186 I octvm_klo: new timerfd interval:

03-30 11:14:49.342  6151  6186 I octvm_klo: 	itval.it_interval.tv_sec 1, itval.it_interval.tv_nsec 0

03-30 11:14:49.342  6151  6186 I octvm_klo: 	itval.it_value.tv_sec 0, itval.it_value.tv_nsec 999989636

03-30 11:14:49.559   379   493 I ThermalEngine: Sensor:batt_temp:366 mC

03-30 11:14:50.341  6151  6186 I octvm_klo: read wakeups from wakealarm_fd:1

03-30 11:14:50.342  6151  6186 I octvm_klo: new timerfd interval:

03-30 11:14:50.342  6151  6186 I octvm_klo: 	itval.it_interval.tv_sec 1, itval.it_interval.tv_nsec 0

03-30 11:14:50.342  6151  6186 I octvm_klo: 	itval.it_value.tv_sec 0, itval.it_value.tv_nsec 999996406

03-30 11:14:50.560   379   493 I ThermalEngine: Sensor:batt_temp:367 mC

03-30 11:14:51.342  6151  6186 I octvm_klo: read wakeups from wakealarm_fd:1

03-30 11:14:51.342  6151  6186 I octvm_klo: new timerfd interval:

03-30 11:14:51.342  6151  6186 I octvm_klo: 	itval.it_interval.tv_sec 1, itval.it_interval.tv_nsec 0

03-30 11:14:51.342  6151  6186 I octvm_klo: 	itval.it_value.tv_sec 0, itval.it_value.tv_nsec 999995782

03-30 11:14:51.561   379   493 I ThermalEngine: Sensor:batt_temp:366 mC

03-30 11:14:51.989  3745  3745 D wpa_supplicant: wlan0: Control interface command 'SIGNAL_POLL'

03-30 11:14:52.003  3745  3745 D wpa_supplicant: CTRL-DEBUG: global_ctrl_sock-sendto: sock=11 sndbuf=163840 outq=0 send_len=49

03-30 11:14:52.342  6151  6186 I octvm_klo: read wakeups from wakealarm_fd:1

03-30 11:14:52.342  6151  6186 I octvm_klo: new timerfd interval:

03-30 11:14:52.342  6151  6186 I octvm_klo: 	itval.it_interval.tv_sec 1, itval.it_interval.tv_nsec 0

03-30 11:14:52.342  6151  6186 I octvm_klo: 	itval.it_value.tv_sec 0, itval.it_value.tv_nsec 999992344

03-30 11:14:52.469 25810 25810 W AppWatcher: type=1400 audit(0.0:55329778): avc: denied { getattr } for path="/proc/opalum-temp-calib" dev="proc" ino=4026534631 scontext=u:r:untrusted_app:s0:c512,c768 tcontext=u:object_r:proc_opalum:s0 tclass=file permissive=0

03-30 11:14:52.469 25810 25810 W AppWatcher: type=1400 audit(0.0:55329779): avc: denied { getattr } for path="/proc/opalum-f0-calib" dev="proc" ino=4026534630 scontext=u:r:untrusted_app:s0:c512,c768 tcontext=u:object_r:proc_opalum:s0 tclass=file permissive=0

03-30 11:14:52.469 25810 25810 W AppWatcher: type=1400 audit(0.0:55329780): avc: denied { getattr } for path="/proc/sysrq-trigger" dev="proc" ino=4026533735 scontext=u:r:untrusted_app:s0:c512,c768 tcontext=u:object_r:proc_sysrq:s0 tclass=file permissive=0

03-30 11:14:52.509 25810 25810 W AppWatcher: type=1400 audit(0.0:55329781): avc: denied { getattr } for path="/proc/1" dev="proc" ino=12288254 scontext=u:r:untrusted_app:s0:c512,c768 tcontext=u:r:init:s0 tclass=dir permissive=0

03-30 11:14:52.509 25810 25810 W AppWatcher: type=1400 audit(0.0:55329782): avc: denied { getattr } for path="/proc/2" dev="proc" ino=12288255 scontext=u:r:untrusted_app:s0:c512,c768 tcontext=u:r:kernel:s0 tclass=dir permissive=0

03-30 11:14:52.519 25810 25810 W AppWatcher: type=1400 audit(0.0:55329783): avc: denied { getattr } for path="/proc/3" dev="proc" ino=12288256 scontext=u:r:untrusted_app:s0:c512,c768 tcontext=u:r:kernel:s0 tclass=dir permissive=0

03-30 11:14:52.519 25810 25810 W AppWatcher: type=1400 audit(0.0:55329784): avc: denied { getattr } for path="/proc/6" dev="proc" ino=12288257 scontext=u:r:untrusted_app:s0:c512,c768 tcontext=u:r:kernel:s0 tclass=dir permissive=0

03-30 11:14:52.519 25810 25810 W AppWatcher: type=1400 audit(0.0:55329785): avc: denied { getattr } for path="/proc/7" dev="proc" ino=12288258 scontext=u:r:untrusted_app:s0:c512,c768 tcontext=u:r:kernel:s0 tclass=dir permissive=0

03-30 11:14:52.519 25810 25810 W AppWatcher: type=1400 audit(0.0:55329786): avc: denied { getattr } for path="/proc/8" dev="proc" ino=12288259 scontext=u:r:untrusted_app:s0:c512,c768 tcontext=u:r:kernel:s0 tclass=dir permissive=0

03-30 11:14:52.519 25810 25810 W AppWatcher: type=1400 audit(0.0:55329787): avc: denied { getattr } for path="/proc/21" dev="proc" ino=12288260 scontext=u:r:untrusted_app:s0:c512,c768 tcontext=u:r:kernel:s0 tclass=dir permissive=0

03-30 11:14:52.519 25810 25810 W AppWatcher: type=1400 audit(0.0:55329788): avc: denied { getattr } for path="/proc/22" dev="proc" ino=12288261 scontext=u:r:untrusted_app:s0:c512,c768 tcontext=u:r:kernel:s0 tclass=dir permissive=0

03-30 11:14:52.529 25810 25810 W AppWatcher: type=1400 audit(0.0:55329789): avc: denied { getattr } for path="/proc/28" dev="proc" ino=12288262 scontext=u:r:untrusted_app:s0:c512,c768 tcontext=u:r:kernel:s0 tclass=dir permissive=0

03-30 11:14:52.529 25810 25810 W AppWatcher: type=1400 audit(0.0:55329790): avc: denied { getattr } for path="/proc/29" dev="proc" ino=12288263 scontext=u:r:untrusted_app:s0:c512,c768 tcontext=u:r:kernel:s0 tclass=dir permissive=0

03-30 11:14:52.529 25810 25810 W AppWatcher: type=1400 audit(0.0:55329791): avc: denied { getattr } for path="/proc/30" dev="proc" ino=12288264 scontext=u:r:untrusted_app:s0:c512,c768 tcontext=u:r:kernel:s0 tclass=dir permissive=0

03-30 11:14:52.539 25810 25810 W AppWatcher: type=1400 audit(0.0:55329792): avc: denied { getattr } for path="/proc/32" dev="proc" ino=12288265 scontext=u:r:untrusted_app:s0:c512,c768 tcontext=u:r:kernel:s0 tclass=dir permissive=0

03-30 11:14:52.539 25810 25810 W AppWatcher: type=1400 audit(0.0:55329793): avc: denied { getattr } for path="/proc/33" dev="proc" ino=12288266 scontext=u:r:untrusted_app:s0:c512,c768 tcontext=u:r:kernel:s0 tclass=dir permissive=0

03-30 11:14:52.539 25810 25810 W AppWatcher: type=1400 audit(0.0:55329794): avc: denied { getattr } for path="/proc/34" dev="proc" ino=12288267 scontext=u:r:untrusted_app:s0:c512,c768 tcontext=u:r:kernel:s0 tclass=dir permissive=0

03-30 11:14:52.539 25810 25810 W AppWatcher: type=1400 audit(0.0:55329795): avc: denied { getattr } for path="/proc/61" dev="proc" ino=12288268 scontext=u:r:untrusted_app:s0:c512,c768 tcontext=u:r:kernel:s0 tclass=dir permissive=0

03-30 11:14:52.539 25810 25810 W AppWatcher: type=1400 audit(0.0:55329796): avc: denied { getattr } for path="/proc/62" dev="proc" ino=12288269 scontext=u:r:untrusted_app:s0:c512,c768 tcontext=u:r:kernel:s0 tclass=dir permissive=0

03-30 11:14:52.539 25810 25810 W AppWatcher: type=1400 audit(0.0:55329797): avc: denied { getattr } for path="/proc/63" dev="proc" ino=12288270 scontext=u:r:untrusted_app:s0:c512,c768 tcontext=u:r:kernel:s0 tclass=dir permissive=0

03-30 11:14:52.562   379   493 I ThermalEngine: Sensor:batt_temp:367 mC

03-30 11:14:52.830  4116  4556 I XiaomiFirewall: firewall pkgName:com.orvibo.homemate, result:0x0

03-30 11:14:53.082 17923 18002 D UTAnalytics:LogStoreMgr: pid:17923 [store],

03-30 11:14:53.096 17923 18002 D UTAnalytics:UTSqliteLogStore: pid:17923 sql:SELECT * FROM log ORDER BY time ASC  LIMIT 20,

03-30 11:14:53.104 17923 18002 D UTAnalytics:UTSqliteLogStore: pid:17923 pos,0,count,4,

03-30 11:14:53.104 17923 18002 D UTAnalytics:UTSqliteLogStore: pid:17923 pos,1,count,4,

03-30 11:14:53.104 17923 18002 D UTAnalytics:UTSqliteLogStore: pid:17923 pos,2,count,4,

03-30 11:14:53.104 17923 18002 D UTAnalytics:UTSqliteLogStore: pid:17923 pos,3,count,4,

03-30 11:14:53.114 17923 18002 D UTAnalytics:LogStoreMgr: pid:17923 [get],[Log [id=2406, eventId=19999, index=], Log [id=2407, eventId=2001, index=], Log [id=2408, eventId=2001, index=], Log [id=2409, eventId=2001, index=]],

03-30 11:14:53.123 17923 18002 D UTAnalytics:UploadTask: pid:17923 averagePackageSize:123.5,

03-30 11:14:53.342  6151  6186 I octvm_klo: read wakeups from wakealarm_fd:1

03-30 11:14:53.342  6151  6186 I octvm_klo: new timerfd interval:

03-30 11:14:53.342  6151  6186 I octvm_klo: 	itval.it_interval.tv_sec 1, itval.it_interval.tv_nsec 0

03-30 11:14:53.342  6151  6186 I octvm_klo: 	itval.it_value.tv_sec 0, itval.it_value.tv_nsec 999991354

03-30 11:14:53.563   379   493 I ThermalEngine: Sensor:batt_temp:367 mC

03-30 11:14:53.728 17923 17996 D UTAnalytics:CommitTask: pid:17923 check&commit event:65501,

03-30 11:14:53.729 17923 17996 D UTAnalytics:CommitTask: pid:17923 next:65501,

03-30 11:14:53.729 17923 17996 D UTAnalytics:CommitTask: pid:17923 check&commit event:65502,

03-30 11:14:53.729 17923 17996 D UTAnalytics:CommitTask: pid:17923 next:65502,

03-30 11:14:53.729 17923 17996 D UTAnalytics:CommitTask: pid:17923 check&commit event:65503,

03-30 11:14:53.729 17923 17996 D UTAnalytics:CommitTask: pid:17923 next:65503,

03-30 11:14:53.901  4223  4223 I PowerUtils: Device name:virgo

03-30 11:14:53.904  4223  4223 I PowerUtils: Device name:virgo

03-30 11:14:53.906  4223  4223 W BatteryChargeTimeHelper: Use max, leftChargeTime 7346673 maxChargeTime 4568000

03-30 11:14:53.921  2044  2044 V NotificationService: pkg=com.miui.securitycenter canInterrupt=true intercept=true

03-30 11:14:53.923  4223  4223 I PowerSaveService: Update connected notification, charging true

03-30 11:14:53.930  3746 29851 D StatusBar: onNotificationPosted:  Key: 0|com.miui.securitycenter|2131296947|null|1000 GroupKey: 0|com.miui.securitycenter|2131296947|null|1000 Connected: true

03-30 11:14:53.930  3746  3746 D StatusBar:  GroupChild: false  GroupsContainsKey: false  IsUpdate: true IsGroupSummary: false hasIcon: true

03-30 11:14:53.931  3746  3746 D PhoneStatusBar: updateNotification pkg=com.miui.securitycenter;id=2131296947

03-30 11:14:53.943 17876 17885 V MiuiFeatureUtils: Loaded and parsed feature configure file successfully

03-30 11:14:53.943 17876 17885 W MiuiFeatureUtils: Failed to get system feature DumpBitmapInfo

03-30 11:14:54.343  6151  6186 I octvm_klo: read wakeups from wakealarm_fd:1

03-30 11:14:54.343  6151  6186 I octvm_klo: new timerfd interval:

03-30 11:14:54.343  6151  6186 I octvm_klo: 	itval.it_interval.tv_sec 1, itval.it_interval.tv_nsec 0

03-30 11:14:54.343  6151  6186 I octvm_klo: 	itval.it_value.tv_sec 0, itval.it_value.tv_nsec 999988073

03-30 11:14:54.547  4223  4223 I PowerUtils: Device name:virgo

03-30 11:14:54.553  4223  4223 I PowerUtils: Device name:virgo

03-30 11:14:54.559  4223  4223 W BatteryChargeTimeHelper: Use max, leftChargeTime 7346673 maxChargeTime 4568000

03-30 11:14:54.565   379   493 I ThermalEngine: Sensor:batt_temp:367 mC

03-30 11:14:54.579  2044  2044 V NotificationService: pkg=com.miui.securitycenter canInterrupt=true intercept=true

03-30 11:14:54.584  4223  4223 I PowerSaveService: Update connected notification, charging true

03-30 11:14:54.584  3746 14342 D StatusBar: onNotificationPosted:  Key: 0|com.miui.securitycenter|2131296947|null|1000 GroupKey: 0|com.miui.securitycenter|2131296947|null|1000 Connected: true

03-30 11:14:54.585  3746  3746 D StatusBar:  GroupChild: false  GroupsContainsKey: false  IsUpdate: true IsGroupSummary: false hasIcon: true

03-30 11:14:54.586  3746  3746 D PhoneStatusBar: updateNotification pkg=com.miui.securitycenter;id=2131296947

03-30 11:14:55.011  3745  3745 D wpa_supplicant: wlan0: Control interface command 'SIGNAL_POLL'

03-30 11:14:55.022  3745  3745 D wpa_supplicant: CTRL-DEBUG: global_ctrl_sock-sendto: sock=11 sndbuf=163840 outq=0 send_len=49

03-30 11:14:55.343  6151  6186 I octvm_klo: read wakeups from wakealarm_fd:1

03-30 11:14:55.343  6151  6186 I octvm_klo: new timerfd interval:

03-30 11:14:55.343  6151  6186 I octvm_klo: 	itval.it_interval.tv_sec 1, itval.it_interval.tv_nsec 0

03-30 11:14:55.343  6151  6186 I octvm_klo: 	itval.it_value.tv_sec 0, itval.it_value.tv_nsec 999995105

03-30 11:14:55.566   379   493 I ThermalEngine: Sensor:batt_temp:366 mC

03-30 11:14:56.343  6151  6186 I octvm_klo: read wakeups from wakealarm_fd:1

03-30 11:14:56.343  6151  6186 I octvm_klo: new timerfd interval:

03-30 11:14:56.343  6151  6186 I octvm_klo: 	itval.it_interval.tv_sec 1, itval.it_interval.tv_nsec 0

03-30 11:14:56.343  6151  6186 I octvm_klo: 	itval.it_value.tv_sec 0, itval.it_value.tv_nsec 999990105

03-30 11:14:56.473 17923 18002 D UTAnalytics:UploadTask: pid:17923 url:http://adashbc.m.taobao.com/rest/sur?ak=23256401&av=2.3.0.300&c=null&v=3.0&s=c3fc2da80ef11afb200c5417f0b6f1020b2bd420&d=WJfwe%2BsntC4DAAdSBLpxQDCW&sv=2.5.1_for_bc&p=a&t=1490843693135&u=&is=1&k=0,

03-30 11:14:56.474 17923 18002 D UTAnalytics:UploadTask: pid:17923 result:{"t":1490843693822,"ret":"","success":"success"}

03-30 11:14:56.474 17923 18002 D UTAnalytics:UploadTask: ,

03-30 11:14:56.474 17923 18002 D UTAnalytics:UploadTask: pid:17923 winsize:53,

03-30 11:14:56.474 17923 18002 D UTAnalytics:LogStoreMgr: pid:17923 [Log [id=2406, eventId=19999, index=], Log [id=2407, eventId=2001, index=], Log [id=2408, eventId=2001, index=], Log [id=2409, eventId=2001, index=]],

03-30 11:14:56.546 17923 18002 D UTAnalytics:UTSqliteLogStore: pid:17923 delete ,4, isSuccess:true,

03-30 11:14:56.546 17923 18002 D UTAnalytics:CoreStatics: pid:17923 [uploadInc]:0,count:4,

03-30 11:14:56.546 17923 18002 D UTAnalytics:CoreStatics: pid:17923 [uploadInc]:4,

03-30 11:14:56.546 17923 18002 D UTAnalytics:UploadTask: pid:17923 logs.size():4, selfMonitorLogCount:0,

03-30 11:14:56.546 17923 18002 D UTAnalytics:UploadTask: pid:17923 upload isSendSuccess:true, consume:3351, delete consume:72,

03-30 11:14:56.567   379   493 I ThermalEngine: Sensor:batt_temp:367 mC

03-30 11:14:57.343  6151  6186 I octvm_klo: read wakeups from wakealarm_fd:1

03-30 11:14:57.344  6151  6186 I octvm_klo: new timerfd interval:

03-30 11:14:57.344  6151  6186 I octvm_klo: 	itval.it_interval.tv_sec 1, itval.it_interval.tv_nsec 0

03-30 11:14:57.344  6151  6186 I octvm_klo: 	itval.it_value.tv_sec 0, itval.it_value.tv_nsec 999991719

03-30 11:14:57.568   379   493 I ThermalEngine: Sensor:batt_temp:367 mC

03-30 11:14:58.041  3745  3745 D wpa_supplicant: wlan0: Control interface command 'SIGNAL_POLL'

03-30 11:14:58.044  3745  3745 D wpa_supplicant: CTRL-DEBUG: global_ctrl_sock-sendto: sock=11 sndbuf=163840 outq=0 send_len=49

03-30 11:14:58.344  6151  6186 I octvm_klo: read wakeups from wakealarm_fd:1

03-30 11:14:58.344  6151  6186 I octvm_klo: new timerfd interval:

03-30 11:14:58.344  6151  6186 I octvm_klo: 	itval.it_interval.tv_sec 1, itval.it_interval.tv_nsec 0

03-30 11:14:58.344  6151  6186 I octvm_klo: 	itval.it_value.tv_sec 0, itval.it_value.tv_nsec 999996458

03-30 11:14:58.571   379   493 I ThermalEngine: Sensor:batt_temp:367 mC

03-30 11:14:58.726  4223  4223 I PowerUtils: Device name:virgo

03-30 11:14:58.732  4223  4223 I PowerUtils: Device name:virgo

03-30 11:14:58.735  4223  4223 W BatteryChargeTimeHelper: Use max, leftChargeTime 7346673 maxChargeTime 4568000

03-30 11:14:58.749  4223  4223 I PowerSaveService: Update connected notification, charging true

03-30 11:14:58.750  2044  2044 V NotificationService: pkg=com.miui.securitycenter canInterrupt=true intercept=true

03-30 11:14:58.754  3746 29851 D StatusBar: onNotificationPosted:  Key: 0|com.miui.securitycenter|2131296947|null|1000 GroupKey: 0|com.miui.securitycenter|2131296947|null|1000 Connected: true

03-30 11:14:58.755  3746  3746 D StatusBar:  GroupChild: false  GroupsContainsKey: false  IsUpdate: true IsGroupSummary: false hasIcon: true

03-30 11:14:58.756  3746  3746 D PhoneStatusBar: updateNotification pkg=com.miui.securitycenter;id=2131296947

03-30 11:14:59.344  6151  6186 I octvm_klo: read wakeups from wakealarm_fd:1

03-30 11:14:59.344  6151  6186 I octvm_klo: new timerfd interval:

03-30 11:14:59.344  6151  6186 I octvm_klo: 	itval.it_interval.tv_sec 1, itval.it_interval.tv_nsec 0

03-30 11:14:59.344  6151  6186 I octvm_klo: 	itval.it_value.tv_sec 0, itval.it_value.tv_nsec 999991041

03-30 11:14:59.572   379   493 I ThermalEngine: Sensor:batt_temp:366 mC

