03-30 10:36:40.369  2507  2507 W pool-1-temporar: type=1400 audit(0.0:55194806): avc: denied { search } for name="62" dev="proc" ino=11961955 scontext=u:r:untrusted_app:s0:c512,c768 tcontext=u:r:kernel:s0 tclass=dir permissive=0

03-30 10:36:40.369  2507  2507 W pool-1-temporar: type=1400 audit(0.0:55194807): avc: denied { search } for name="63" dev="proc" ino=11961956 scontext=u:r:untrusted_app:s0:c512,c768 tcontext=u:r:kernel:s0 tclass=dir permissive=0

03-30 10:36:40.369  2507  2507 W pool-1-temporar: type=1400 audit(0.0:55194808): avc: denied { search } for name="64" dev="proc" ino=11961957 scontext=u:r:untrusted_app:s0:c512,c768 tcontext=u:r:kernel:s0 tclass=dir permissive=0

03-30 10:36:40.369  2507  2507 W pool-1-temporar: type=1400 audit(0.0:55194809): avc: denied { search } for name="65" dev="proc" ino=11961958 scontext=u:r:untrusted_app:s0:c512,c768 tcontext=u:r:kernel:s0 tclass=dir permissive=0

03-30 10:36:40.369  2507  2507 W pool-1-temporar: type=1400 audit(0.0:55194810): avc: denied { search } for name="66" dev="proc" ino=11961959 scontext=u:r:untrusted_app:s0:c512,c768 tcontext=u:r:kernel:s0 tclass=dir permissive=0

03-30 10:36:40.565  6151  6186 I octvm_klo: read wakeups from wakealarm_fd:1

03-30 10:36:40.565  6151  6186 I octvm_klo: new timerfd interval:

03-30 10:36:40.565  6151  6186 I octvm_klo: 	itval.it_interval.tv_sec 1, itval.it_interval.tv_nsec 0

03-30 10:36:40.565  6151  6186 I octvm_klo: 	itval.it_value.tv_sec 0, itval.it_value.tv_nsec 999992760

03-30 10:36:40.929  3745  3745 D wpa_supplicant: wlan0: Control interface command 'SIGNAL_POLL'

03-30 10:36:40.931  3745  3745 D wpa_supplicant: CTRL-DEBUG: global_ctrl_sock-sendto: sock=11 sndbuf=163840 outq=0 send_len=49

03-30 10:36:41.121  2044  4323 D PowerKeeperPolicy: Caller[1000] updateWakelockBlockedUid:uid=10144, tag=null, block=true

03-30 10:36:41.121  4569  7585 D FrozenAppController: updateWakelockBlockedUid, uid = 10144, isBlocked = true

03-30 10:36:41.122  2044  4283 V LocationPolicy: writePolicyLocked()

03-30 10:36:41.143  4569  7585 D FrozenAppController: saveOldPolicyAndSetDefaultPolicy uid = 10144 old policy = 255

03-30 10:36:41.145  6151 28208 W octvm_freeze: 

03-30 10:36:41.145  6151 28208 W octvm_freeze:  fp_freeze_app uid= 10144 cannot find, will allocate

03-30 10:36:41.159  6151 28208 W octvm   : /proc/2465 is uid = 10144

03-30 10:36:41.159  6151 28208 W octvm   : /proc/2618 is uid = 10144

03-30 10:36:41.159  6151 28208 W octvm   : /proc/2890 is uid = 10144

03-30 10:36:41.165  6151 28208 W octvm   : /proc/5091 is uid = 10144

03-30 10:36:41.165  6151 28208 W octvm   : /proc/5140 is uid = 10144

03-30 10:36:41.167  6151 28208 W octvm   : /proc/24475 is uid = 10144

03-30 10:36:41.172  6151 28208 W octvm_freeze: 

03-30 10:36:41.172  6151 28208 W octvm_freeze:  fp_echo_pids_threads_to_cgroup_freezer_tasks: uid = 10144, cnt = 6

03-30 10:36:41.172  6151 28208 W octvm_freeze: 

03-30 10:36:41.172  6151 28208 W octvm_freeze:  freezeCP_set_tasks_only_one_uid: pid [0] = 5140

03-30 10:36:41.173  6151 28208 W octvm_freeze: 

03-30 10:36:41.173  6151 28208 W octvm_freeze:  freezeCP_set_tasks_only_one_uid: pid [1] = 5091

03-30 10:36:41.181  6151 28208 W octvm_freeze: 

03-30 10:36:41.181  6151 28208 W octvm_freeze:  freezeCP_set_tasks_only_one_uid: pid [2] = 2465

03-30 10:36:41.185  6151 28208 W octvm_freeze: 

03-30 10:36:41.185  6151 28208 W octvm_freeze:  freezeCP_set_tasks_only_one_uid: pid [3] = 2618

03-30 10:36:41.185  6151 28208 W octvm_freeze: 

03-30 10:36:41.185  6151 28208 W octvm_freeze:  freezeCP_set_tasks_only_one_uid: pid [4] = 24475

03-30 10:36:41.187  6151 28208 W octvm_freeze: 

03-30 10:36:41.187  6151 28208 W octvm_freeze:  freezeCP_set_tasks_only_one_uid: pid [5] = 2890

03-30 10:36:41.192  6151 28208 W octvm_freeze: fp_set_cgroup_freezer_state: uid = 10144, state_str= FROZEN, len = 6, ok!!

03-30 10:36:41.193  4569  7585 E powerkeeper-jni: jint com_miui_powerkeeper_process_Control_frozen(JNIEnv*, jobject, jint, jintArray): uid = 10144, action = frozen

03-30 10:36:41.194  4569  7585 V FrozenAppController:     >>>>  MSG_FROZEN_APP : { uid: 10144 mState:1 mEvent:23 mIsForeground:false mLocationPolicy:255}

03-30 10:36:41.214   379   493 I ThermalEngine: Sensor:batt_temp:350 mC

03-30 10:36:41.434 11889 11930 W System.err: æ æ³è®¿é®æç½ç»ä¸ç¨³å®

03-30 10:36:41.435 11889 11930 W System.err: 	at com.danale.video.sdk.http.impl.apache.ApacheHttpClient.readDataWithRetriesAndReportDanaleError(Unknown Source)

03-30 10:36:41.435 11889 11930 W System.err: 	at com.danale.video.sdk.http.impl.apache.ApacheHttpClient.execute(Unknown Source)

03-30 10:36:41.435 11889 11930 W System.err: 	at com.danale.video.sdk.utils.DnsAnalysisUtil.dnsAnalysisByDanale(Unknown Source)

03-30 10:36:41.435 11889 11930 W System.err: 	at com.danale.video.sdk.platform.entity.Session$7.doInBackground(Unknown Source)

03-30 10:36:41.435 11889 11930 W System.err: 	at com.danale.video.sdk.platform.entity.Session$7.doInBackground(Unknown Source)

03-30 10:36:41.435 11889 11930 W System.err: 	at com.danale.video.sdk.async.AsyncTask$2.call(Unknown Source)

03-30 10:36:41.436 11889 11930 W System.err: 	at java.util.concurrent.FutureTask.run(FutureTask.java:237)

03-30 10:36:41.436 11889 11930 W System.err: 	at java.util.concurrent.ThreadPoolExecutor.runWorker(ThreadPoolExecutor.java:1113)

03-30 10:36:41.436 11889 11930 W System.err: 	at java.util.concurrent.ThreadPoolExecutor$Worker.run(ThreadPoolExecutor.java:588)

03-30 10:36:41.436 11889 11930 W System.err: 	at java.lang.Thread.run(Thread.java:818)

03-30 10:36:41.436 11889 11930 W System.err: Caused by: org.apache.http.conn.ConnectTimeoutException: Connect to /54.93.73.119:443 timed out

03-30 10:36:41.437 11889 11930 W System.err: 	at org.apache.http.conn.scheme.PlainSocketFactory.connectSocket(PlainSocketFactory.java:126)

03-30 10:36:41.437 11889 11930 W System.err: 	at org.apache.http.impl.conn.DefaultClientConnectionOperator.openConnection(DefaultClientConnectionOperator.java:149)

03-30 10:36:41.437 11889 11930 W System.err: 	at org.apache.http.impl.conn.AbstractPoolEntry.open(AbstractPoolEntry.java:169)

03-30 10:36:41.437 11889 11930 W System.err: 	at org.apache.http.impl.conn.AbstractPooledConnAdapter.open(AbstractPooledConnAdapter.java:124)

03-30 10:36:41.437 11889 11930 W System.err: 	at org.apache.http.impl.client.DefaultRequestDirector.execute(DefaultRequestDirector.java:370)

03-30 10:36:41.438 11889 11930 W System.err: 	at org.apache.http.impl.client.AbstractHttpClient.execute(AbstractHttpClient.java:560)

03-30 10:36:41.438 11889 11930 W System.err: 	at org.apache.http.impl.client.AbstractHttpClient.execute(AbstractHttpClient.java:492)

03-30 10:36:41.438 11889 11930 W System.err: 	at org.apache.http.impl.client.AbstractHttpClient.execute(AbstractHttpClient.java:470)

03-30 10:36:41.438 11889 11930 W System.err: 	at com.danale.video.sdk.http.impl.apache.ApacheHttpClient.readDataWithRetriesAndReportDanaleError(Unknown Source)

03-30 10:36:41.438 11889 11930 W System.err: 	... 9 more

03-30 10:36:41.565  6151  6186 I octvm_klo: read wakeups from wakealarm_fd:1

03-30 10:36:41.566  6151  6186 I octvm_klo: new timerfd interval:

03-30 10:36:41.566  6151  6186 I octvm_klo: 	itval.it_interval.tv_sec 1, itval.it_interval.tv_nsec 0

03-30 10:36:41.566  6151  6186 I octvm_klo: 	itval.it_value.tv_sec 0, itval.it_value.tv_nsec 999992708

03-30 10:36:42.215   379   493 I ThermalEngine: Sensor:batt_temp:350 mC

03-30 10:36:42.370  3745  3745 D wpa_supplicant: nl80211: Event message available

03-30 10:36:42.371  3745  3745 D wpa_supplicant: nl80211: Drv Event 34 (NL80211_CMD_NEW_SCAN_RESULTS) received for wlan0

03-30 10:36:42.371  3745  3745 D wpa_supplicant: wlan0: nl80211: New scan results available

03-30 10:36:42.371  3745  3745 D wpa_supplicant: nl80211: Scan included frequencies: 2412 2417 2422 2427 2432 2437 2442 2447 2452 2457 2462 2467 2472 5180 5200 5220 5240 5260 5280 5300 5320 5745 5765 5785 5805 5825

03-30 10:36:42.371  3745  3745 D wpa_supplicant: wlan0: Event SCAN_RESULTS (3) received

03-30 10:36:42.371  3745  3745 D wpa_supplicant: wlan0: Scan completed in 2.340969 seconds

03-30 10:36:42.371  3745  3745 D wpa_supplicant: nl80211: Associated on 5280 MHz

03-30 10:36:42.371  3745  3745 D wpa_supplicant: nl80211: Associated with cc:81:da:9c:13:28

03-30 10:36:42.372  3745  3745 D wpa_supplicant: nl80211: Received scan results (31 BSSes)

03-30 10:36:42.392  3745  3745 D wpa_supplicant: nl80211: Scan results indicate BSS status with cc:81:da:9c:13:28 as associated

03-30 10:36:42.392  3745  3745 D wpa_supplicant: wlan0: BSS: Start scan result update 5247

03-30 10:36:42.392  3745  3745 D wpa_supplicant: wlan0: BSS: Add new id 8606 BSSID 3c:df:bd:39:72:f4 SSID '55.1_neiwang'

03-30 10:36:42.392  3745  3745 D wpa_supplicant: CTRL-DEBUG: ctrl_sock-sendmsg: sock=11 sndbuf=163840 outq=0 send_len=43

03-30 10:36:42.392  3745  3745 D wpa_supplicant: CTRL_IFACE monitor sent successfully to /data/misc/wifi/sockets/wpa_ctrl_2044-2\x00

03-30 10:36:42.393  3745  3745 D wpa_supplicant: wlan0: BSS: Add new id 8607 BSSID d0:ee:07:3f:27:1c SSID 'zhanting_5G'

03-30 10:36:42.401  3745  3745 D wpa_supplicant: CTRL-DEBUG: ctrl_sock-sendmsg: sock=11 sndbuf=163840 outq=0 send_len=43

03-30 10:36:42.402  3745  3745 D wpa_supplicant: CTRL_IFACE monitor sent successfully to /data/misc/wifi/sockets/wpa_ctrl_2044-2\x00

03-30 10:36:42.402  3745  3745 D wpa_supplicant: wlan0: BSS: Remove id 8601 BSSID e0:10:7f:4b:eb:b8 SSID 'WX-ORVIBO-Guest' due to no match in scan

03-30 10:36:42.402  3745  3745 D wpa_supplicant: CTRL-DEBUG: ctrl_sock-sendmsg: sock=11 sndbuf=163840 outq=0 send_len=45

03-30 10:36:42.404  3745  3745 D wpa_supplicant: CTRL_IFACE monitor sent successfully to /data/misc/wifi/sockets/wpa_ctrl_2044-2\x00

03-30 10:36:42.404  3745  3745 D wpa_supplicant: wlan0: BSS: Remove id 8602 BSSID e0:10:7f:0b:eb:b8 SSID 'ORVIBO' due to no match in scan

03-30 10:36:42.404  3745  3745 D wpa_supplicant: CTRL-DEBUG: ctrl_sock-sendmsg: sock=11 sndbuf=163840 outq=0 send_len=45

03-30 10:36:42.407  3745  3745 D wpa_supplicant: CTRL_IFACE monitor sent successfully to /data/misc/wifi/sockets/wpa_ctrl_2044-2\x00

03-30 10:36:42.407  3745  3745 D wpa_supplicant: wlan0: BSS: Remove id 8604 BSSID e0:10:7f:4b:f7:48 SSID 'WX-ORVIBO-Guest' due to no match in scan

03-30 10:36:42.410  3745  3745 D wpa_supplicant: CTRL-DEBUG: ctrl_sock-sendmsg: sock=11 sndbuf=163840 outq=0 send_len=45

03-30 10:36:42.424  3745  3745 D wpa_supplicant: CTRL_IFACE monitor sent successfully to /data/misc/wifi/sockets/wpa_ctrl_2044-2\x00

03-30 10:36:42.425  3745  3745 D wpa_supplicant: BSS: last_scan_res_used=31/64

03-30 10:36:42.425  3745  3745 D wpa_supplicant: wlan0: Scan-only results received

03-30 10:36:42.425  3745  3745 D wpa_supplicant: CTRL-DEBUG: ctrl_sock-sendmsg: sock=11 sndbuf=163840 outq=0 send_len=24

03-30 10:36:42.431  3745  3745 D wpa_supplicant: CTRL_IFACE monitor sent successfully to /data/misc/wifi/sockets/wpa_ctrl_2044-2\x00

03-30 10:36:42.431  3745  3745 D wpa_supplicant: wlan0: Radio work 'scan'@0xb68d9398 done in 2.420297 seconds

03-30 10:36:42.442  3745  3745 D wpa_supplicant: CTRL-DEBUG: global_ctrl_sock-sendto: sock=11 sndbuf=163840 outq=0 send_len=3541

03-30 10:36:42.444  3745  3745 D wpa_supplicant: RTM_NEWLINK: ifi_index=22 ifname=wlan0 wext ifi_family=0 ifi_flags=0x11043 ([UP][RUNNING][LOWER_UP])

03-30 10:36:42.446  3745  3745 D wpa_supplicant: CTRL-DEBUG: global_ctrl_sock-sendto: sock=11 sndbuf=163840 outq=0 send_len=3797

03-30 10:36:42.449  3745  3745 D wpa_supplicant: CTRL-DEBUG: global_ctrl_sock-sendto: sock=11 sndbuf=163840 outq=0 send_len=3966

03-30 10:36:42.452  3745  3745 D wpa_supplicant: CTRL-DEBUG: global_ctrl_sock-sendto: sock=11 sndbuf=163840 outq=0 send_len=3592

03-30 10:36:42.455  3745  3745 D wpa_supplicant: CTRL-DEBUG: global_ctrl_sock-sendto: sock=11 sndbuf=163840 outq=0 send_len=3466

03-30 10:36:42.457  3745  3745 D wpa_supplicant: CTRL-DEBUG: global_ctrl_sock-sendto: sock=11 sndbuf=163840 outq=0 send_len=1640

03-30 10:36:42.476  3745  3745 D wpa_supplicant: EAPOL: EAP Session-Id not available

03-30 10:36:42.476  3745  3745 D wpa_supplicant: CTRL-DEBUG: global_ctrl_sock-sendto: sock=11 sndbuf=163840 outq=0 send_len=279

03-30 10:36:42.479  2044  2078 I WhetstoneClientManager: pid = 2465, uid = 10144 is frozen, not allowed Broadcast

03-30 10:36:42.479  2044  2078 V BroadcastQueueInjector: Skipping BroadcastRecord{5da48e6 u-1 android.net.wifi.SCAN_RESULTS} to ProcessRecord{8fb4531 2465:com.tencent.android.qqdownloader:daemon/u0a144}

03-30 10:36:42.479  2044  2078 D Whetstone-FW: MiuiLog-Whetstone-BroadcastControl BroadcastRecord{5da48e6 u-1 android.net.wifi.SCAN_RESULTS} is discarded

03-30 10:36:42.481  2044  2078 I ActivityManager: Killing 25329:com.miui.systemAdSolution:remote/u0a79 (adj 15): empty for 602s

03-30 10:36:42.485  4229  4938 I StepsProvider: Steps Provider Query

03-30 10:36:42.502  2044  2057 D ActivityManagerInjector: com.miui.systemAdSolution:remote is killed by AMS with adj 15 ,do not allow restart

03-30 10:36:42.502  2044  2057 D ActivityManager: cleanUpApplicationRecord -- 25329

03-30 10:36:42.513  2044  3765 I ActivityManager: Killing 25272:com.miui.weather2/u0a31 (adj 15): empty for 602s

03-30 10:36:42.523  2044  4348 D ActivityManagerInjector: com.miui.weather2 is killed by AMS with adj 15 ,do not allow restart

03-30 10:36:42.523  2044  4348 D ActivityManager: cleanUpApplicationRecord -- 25272

03-30 10:36:42.540  4229  4367 W WtProcessController: do not trim { PackageName :com.orvibo.homemate Pid: 11889 Uid: 10143 Start by: activity Score:50 Old score:50 state:0 mBackgroundTimeInMillis:1490841387624 WakelockCount:0 wakelogsize:0  ActivityDestroied:false Activity size: 2 PackageInfo:{WhetstonePackageInfo#PacakgeName:com.orvibo.homemate uid:10143 uiMemoryThresold:0 nonUiMemoryThresold:0 Flag:1073745984,0x40001040 [,TRIMHEAPS,FLAG_DEAL_SCHEDULE] Type:64[,AUTO_START] } tasknum:17508}

03-30 10:36:42.566  6151  6186 I octvm_klo: read wakeups from wakealarm_fd:1

03-30 10:36:42.566  6151  6186 I octvm_klo: new timerfd interval:

03-30 10:36:42.566  6151  6186 I octvm_klo: 	itval.it_interval.tv_sec 1, itval.it_interval.tv_nsec 0

03-30 10:36:42.566  6151  6186 I octvm_klo: 	itval.it_value.tv_sec 0, itval.it_value.tv_nsec 999996041

03-30 10:36:43.216   379   493 I ThermalEngine: Sensor:batt_temp:350 mC

03-30 10:36:43.566  6151  6186 I octvm_klo: read wakeups from wakealarm_fd:1

03-30 10:36:43.566  6151  6186 I octvm_klo: new timerfd interval:

03-30 10:36:43.566  6151  6186 I octvm_klo: 	itval.it_interval.tv_sec 1, itval.it_interval.tv_nsec 0

03-30 10:36:43.566  6151  6186 I octvm_klo: 	itval.it_value.tv_sec 0, itval.it_value.tv_nsec 999997760

03-30 10:36:43.936  3745  3745 D wpa_supplicant: wlan0: Control interface command 'SIGNAL_POLL'

03-30 10:36:43.951  3745  3745 D wpa_supplicant: CTRL-DEBUG: global_ctrl_sock-sendto: sock=11 sndbuf=163840 outq=0 send_len=49

03-30 10:36:44.218   379   493 I ThermalEngine: Sensor:batt_temp:350 mC

03-30 10:36:44.566  6151  6186 I octvm_klo: read wakeups from wakealarm_fd:1

03-30 10:36:44.566  6151  6186 I octvm_klo: new timerfd interval:

03-30 10:36:44.566  6151  6186 I octvm_klo: 	itval.it_interval.tv_sec 1, itval.it_interval.tv_nsec 0

03-30 10:36:44.566  6151  6186 I octvm_klo: 	itval.it_value.tv_sec 0, itval.it_value.tv_nsec 999996250

03-30 10:36:45.219   379   493 I ThermalEngine: Sensor:batt_temp:350 mC

03-30 10:36:45.271 11889 12064 W System.err: java.net.SocketTimeoutException: failed to connect to restapi.amap.com/106.11.12.1 (port 443) after 20000ms

03-30 10:36:45.285 11889 12064 W System.err: 	at libcore.io.IoBridge.connectErrno(IoBridge.java:169)

03-30 10:36:45.285 11889 12064 W System.err: 	at libcore.io.IoBridge.connect(IoBridge.java:122)

03-30 10:36:45.285 11889 12064 W System.err: 	at java.net.PlainSocketImpl.connect(PlainSocketImpl.java:183)

03-30 10:36:45.285 11889 12064 W System.err: 	at java.net.PlainSocketImpl.connect(PlainSocketImpl.java:452)

03-30 10:36:45.285 11889 12064 W System.err: 	at java.net.Socket.connect(Socket.java:884)

03-30 10:36:45.285 11889 12064 W System.err: 	at com.android.okhttp.internal.Platform.connectSocket(Platform.java:117)

03-30 10:36:45.285 11889 12064 W System.err: 	at com.android.okhttp.internal.http.SocketConnector.connectRawSocket(SocketConnector.java:160)

03-30 10:36:45.285 11889 12064 W System.err: 	at com.android.okhttp.internal.http.SocketConnector.connectTls(SocketConnector.java:79)

03-30 10:36:45.285 11889 12064 W System.err: 	at com.android.okhttp.Connection.connect(Connection.java:143)

03-30 10:36:45.285 11889 12064 W System.err: 	at com.android.okhttp.Connection.connectAndSetOwner(Connection.java:185)

03-30 10:36:45.285 11889 12064 W System.err: 	at com.android.okhttp.OkHttpClient$1.connectAndSetOwner(OkHttpClient.java:128)

03-30 10:36:45.285 11889 12064 W System.err: 	at com.android.okhttp.internal.http.HttpEngine.nextConnection(HttpEngine.java:342)

03-30 10:36:45.285 11889 12064 W System.err: 	at com.android.okhttp.internal.http.HttpEngine.connect(HttpEngine.java:331)

03-30 10:36:45.285 11889 12064 W System.err: 	at com.android.okhttp.internal.http.HttpEngine.sendRequest(HttpEngine.java:249)

03-30 10:36:45.286 11889 12064 W System.err: 	at com.android.okhttp.internal.huc.HttpURLConnectionImpl.execute(HttpURLConnectionImpl.java:437)

03-30 10:36:45.286 11889 12064 W System.err: 	at com.android.okhttp.internal.huc.HttpURLConnectionImpl.connect(HttpURLConnectionImpl.java:114)

03-30 10:36:45.286 11889 12064 W System.err: 	at com.android.okhttp.internal.huc.HttpURLConnectionImpl.getOutputStream(HttpURLConnectionImpl.java:245)

03-30 10:36:45.286 11889 12064 W System.err: 	at com.android.okhttp.internal.huc.DelegatingHttpsURLConnection.getOutputStream(DelegatingHttpsURLConnection.java:218)

03-30 10:36:45.286 11889 12064 W System.err: 	at com.android.okhttp.internal.huc.HttpsURLConnectionImpl.getOutputStream(HttpsURLConnectionImpl.java:25)

03-30 10:36:45.286 11889 12064 W System.err: 	at com.loc.ar.a(HttpUrlUtil.java:372)

03-30 10:36:45.286 11889 12064 W System.err: 	at com.loc.ap.b(BaseNetManager.java:158)

03-30 10:36:45.286 11889 12064 W System.err: 	at com.loc.ap.a(BaseNetManager.java:101)

03-30 10:36:45.286 11889 12064 W System.err: 	at com.loc.p.a(ConfigManager.java:222)

03-30 10:36:45.286 11889 12064 W System.err: 	at com.loc.bu.a(AuthUtil.java:34)

03-30 10:36:45.286 11889 12064 W System.err: 	at com.loc.aw.b(APS.java:3447)

03-30 10:36:45.286 11889 12064 W System.err: 	at com.loc.d.e(APSServiceCore.java:450)

03-30 10:36:45.286 11889 12064 W System.err: 	at com.loc.d.f(APSServiceCore.java:43)

03-30 10:36:45.286 11889 12064 W System.err: 	at com.loc.d$a.run(APSServiceCore.java:319)

03-30 10:36:45.312 11889 12064 W System.err: com.loc.l: socket è¿æ¥è¶æ¶ - SocketTimeoutException

03-30 10:36:45.312 11889 12064 W System.err: 	at com.loc.ar.a(HttpUrlUtil.java:393)

03-30 10:36:45.312 11889 12064 W System.err: 	at com.loc.ap.b(BaseNetManager.java:158)

03-30 10:36:45.312 11889 12064 W System.err: 	at com.loc.ap.a(BaseNetManager.java:101)

03-30 10:36:45.312 11889 12064 W System.err: 	at com.loc.p.a(ConfigManager.java:222)

03-30 10:36:45.312 11889 12064 W System.err: 	at com.loc.bu.a(AuthUtil.java:34)

03-30 10:36:45.312 11889 12064 W System.err: 	at com.loc.aw.b(APS.java:3447)

03-30 10:36:45.312 11889 12064 W System.err: 	at com.loc.d.e(APSServiceCore.java:450)

03-30 10:36:45.312 11889 12064 W System.err: 	at com.loc.d.f(APSServiceCore.java:43)

03-30 10:36:45.312 11889 12064 W System.err: 	at com.loc.d$a.run(APSServiceCore.java:319)

03-30 10:36:45.383  2044  3885 W ActivityManager: Unable to start service Intent { cmp=com.autonavi.minimap/com.amap.api.service.AMapService (has extras) } U=0: not found

03-30 10:36:45.385  2044  4123 W ActivityManager: Unable to start service Intent { cmp=com.autonavi.minimap/com.taobao.agoo.PushService (has extras) } U=0: not found

03-30 10:36:45.566  6151  6186 I octvm_klo: read wakeups from wakealarm_fd:1

03-30 10:36:45.566  6151  6186 I octvm_klo: new timerfd interval:

03-30 10:36:45.566  6151  6186 I octvm_klo: 	itval.it_interval.tv_sec 1, itval.it_interval.tv_nsec 0

03-30 10:36:45.566  6151  6186 I octvm_klo: 	itval.it_value.tv_sec 0, itval.it_value.tv_nsec 999992500

03-30 10:36:45.591  4116  4556 I XiaomiFirewall: firewall pkgName:com.orvibo.homemate, result:0x0

03-30 10:36:46.221   379   493 I ThermalEngine: Sensor:batt_temp:350 mC

03-30 10:36:46.501 11889 11964 D UTAnalytics:CommitTask: pid:11889 check&commit event:65501,

03-30 10:36:46.502 11889 11964 D UTAnalytics:CommitTask: pid:11889 next:65501,

03-30 10:36:46.502 11889 11964 D UTAnalytics:CommitTask: pid:11889 check&commit event:65502,

03-30 10:36:46.502 11889 11964 D UTAnalytics:CommitTask: pid:11889 next:65502,

03-30 10:36:46.502 11889 11964 D UTAnalytics:CommitTask: pid:11889 check&commit event:65503,

03-30 10:36:46.503 11889 11964 D UTAnalytics:CommitTask: pid:11889 next:65503,

03-30 10:36:46.566  6151  6186 I octvm_klo: read wakeups from wakealarm_fd:1

03-30 10:36:46.566  6151  6186 I octvm_klo: new timerfd interval:

03-30 10:36:46.566  6151  6186 I octvm_klo: 	itval.it_interval.tv_sec 1, itval.it_interval.tv_nsec 0

03-30 10:36:46.566  6151  6186 I octvm_klo: 	itval.it_value.tv_sec 0, itval.it_value.tv_nsec 999996094

03-30 10:36:46.961  3745  3745 D wpa_supplicant: wlan0: Control interface command 'SIGNAL_POLL'

03-30 10:36:46.968  3745  3745 D wpa_supplicant: CTRL-DEBUG: global_ctrl_sock-sendto: sock=11 sndbuf=163840 outq=0 send_len=49

03-30 10:36:47.226   379   493 I ThermalEngine: Sensor:batt_temp:350 mC

03-30 10:36:47.567  6151  6186 I octvm_klo: read wakeups from wakealarm_fd:1

03-30 10:36:47.567  6151  6186 I octvm_klo: new timerfd interval:

03-30 10:36:47.567  6151  6186 I octvm_klo: 	itval.it_interval.tv_sec 1, itval.it_interval.tv_nsec 0

03-30 10:36:47.567  6151  6186 I octvm_klo: 	itval.it_value.tv_sec 0, itval.it_value.tv_nsec 999991354

03-30 10:36:48.228   379   493 I ThermalEngine: Sensor:batt_temp:350 mC

03-30 10:36:48.568  6151  6186 I octvm_klo: read wakeups from wakealarm_fd:1

03-30 10:36:48.568  6151  6186 I octvm_klo: new timerfd interval:

03-30 10:36:48.568  6151  6186 I octvm_klo: 	itval.it_interval.tv_sec 1, itval.it_interval.tv_nsec 0

03-30 10:36:48.568  6151  6186 I octvm_klo: 	itval.it_value.tv_sec 0, itval.it_value.tv_nsec 999996198

03-30 10:36:49.229   379   493 I ThermalEngine: Sensor:batt_temp:350 mC

03-30 10:36:49.399 25810 25810 W AppWatcher: type=1400 audit(0.0:55195052): avc: denied { getattr } for path="/proc/opalum-temp-calib" dev="proc" ino=4026534631 scontext=u:r:untrusted_app:s0:c512,c768 tcontext=u:object_r:proc_opalum:s0 tclass=file permissive=0
