03-30 10:49:31.442 26250 26323 D UTAnalytics:UploadTask: pid:26250 averagePackageSize:125.5,

03-30 10:49:31.455  4116  4556 I XiaomiFirewall: firewall pkgName:com.orvibo.homemate, result:0x0

03-30 10:49:31.619  2044  2115 I Timeline: Timeline: Activity_windows_visible id: ActivityRecord{9662356 u0 com.orvibo.homemate/.user.UserThirdActivity t17566} time:338262399

03-30 10:49:31.621  2044  2115 I Timeline: Timeline: App_transition_stopped time:338262401

03-30 10:49:31.625 26250 26250 D HomeMate: comm[ main: BaseActivity.java:215 onStop() ] - UserActivity

03-30 10:49:31.810  6151  6186 I octvm_klo: read wakeups from wakealarm_fd:1

03-30 10:49:31.810  6151  6186 I octvm_klo: new timerfd interval:

03-30 10:49:31.810  6151  6186 I octvm_klo: 	itval.it_interval.tv_sec 1, itval.it_interval.tv_nsec 0

03-30 10:49:31.810  6151  6186 I octvm_klo: 	itval.it_value.tv_sec 0, itval.it_value.tv_nsec 999997135

03-30 10:49:32.283   379   493 I ThermalEngine: Sensor:batt_temp:365 mC

03-30 10:49:32.480   379   472 I ThermalEngine: Sensor:tsens_tz_sensor5:50000 mC

03-30 10:49:32.481   379   516 I ThermalEngine: Sensor:tsens_tz_sensor5:50000 mC

03-30 10:49:32.481   379   516 I ThermalEngine: TM Id 'CPU0_MONITOR' Sensor 'cpu0' - alarm cleared 1 at 50.0 degC

03-30 10:49:32.482   379   516 I ThermalEngine: ACTION: CPU - Setting CPU[0] to 2457600

03-30 10:49:32.482   379   516 I ThermalEngine: Mitigation:CPU[0]:2457600 Khz

03-30 10:49:32.482   379   516 I ThermalEngine: ACTION: CPU - Setting CPU[1] to 2457600

03-30 10:49:32.483   379   516 E ThermalEngine: Failed to set desired CPU[1] frequency limit to 2457600

03-30 10:49:32.483   379   516 I ThermalEngine: ACTION: CPU - Setting CPU[2] to 2457600

03-30 10:49:32.483   379   516 E ThermalEngine: Failed to set desired CPU[2] frequency limit to 2457600

03-30 10:49:32.483   379   516 I ThermalEngine: ACTION: CPU - Setting CPU[3] to 2457600

03-30 10:49:32.483   379   516 I ThermalEngine: Mitigation:CPU[3]:2457600 Khz

03-30 10:49:32.810  6151  6186 I octvm_klo: read wakeups from wakealarm_fd:1

03-30 10:49:32.810  6151  6186 I octvm_klo: new timerfd interval:

03-30 10:49:32.810  6151  6186 I octvm_klo: 	itval.it_interval.tv_sec 1, itval.it_interval.tv_nsec 0

03-30 10:49:32.810  6151  6186 I octvm_klo: 	itval.it_value.tv_sec 0, itval.it_value.tv_nsec 999996719

03-30 10:49:33.237 26250 26323 D UTAnalytics:UploadTask: pid:26250 url:http://adashbc.m.taobao.com/rest/sur?ak=23256401&av=2.3.0.300&c=null&v=3.0&s=17105d90a1481c4da0cbc1d90dbf73493f06ce2a&d=WJfwe%2BsntC4DAAdSBLpxQDCW&sv=2.5.1_for_bc&p=a&t=1490842171449&u=&is=1&k=0,

03-30 10:49:33.237 26250 26323 D UTAnalytics:UploadTask: pid:26250 result:{"t":1490842170374,"ret":"","success":"success"}

03-30 10:49:33.237 26250 26323 D UTAnalytics:UploadTask: ,

03-30 10:49:33.241 26250 26323 D UTAnalytics:UploadTask: pid:26250 winsize:50,

03-30 10:49:33.241 26250 26323 D UTAnalytics:LogStoreMgr: pid:26250 [Log [id=2299, eventId=2001, index=], Log [id=2300, eventId=2001, index=]],

03-30 10:49:33.262 26637 26637 D AndroidRuntime: >>>>>> START com.android.internal.os.RuntimeInit uid 2000 <<<<<<

03-30 10:49:33.267 26637 26637 D AndroidRuntime: CheckJNI is OFF

03-30 10:49:33.281  3745  3745 D wpa_supplicant: wlan0: Control interface command 'SIGNAL_POLL'

03-30 10:49:33.284  3745  3745 D wpa_supplicant: CTRL-DEBUG: global_ctrl_sock-sendto: sock=11 sndbuf=163840 outq=0 send_len=49

03-30 10:49:33.284   379   493 I ThermalEngine: Sensor:batt_temp:366 mC

03-30 10:49:33.286  2044  3622 D ConnectivityService: notifyType CAP_CHANGED for NetworkAgentInfo [WIFI () - 168]

03-30 10:49:33.286  3746  3746 D StatusBar.NetworkController: slot=-10;action=android.net.wifi.RSSI_CHANGED

03-30 10:49:33.304 26250 26323 D UTAnalytics:UTSqliteLogStore: pid:26250 delete ,2, isSuccess:true,

03-30 10:49:33.304 26250 26323 D UTAnalytics:CoreStatics: pid:26250 [uploadInc]:2,count:2,

03-30 10:49:33.304 26250 26323 D UTAnalytics:CoreStatics: pid:26250 [uploadInc]:4,

03-30 10:49:33.299 25810 25810 W AppWatcher: type=1400 audit(0.0:55247465): avc: denied { getattr } for path="/proc/opalum-temp-calib" dev="proc" ino=4026534631 scontext=u:r:untrusted_app:s0:c512,c768 tcontext=u:object_r:proc_opalum:s0 tclass=file permissive=0

03-30 10:49:33.299 25810 25810 W AppWatcher: type=1400 audit(0.0:55247466): avc: denied { getattr } for path="/proc/opalum-f0-calib" dev="proc" ino=4026534630 scontext=u:r:untrusted_app:s0:c512,c768 tcontext=u:object_r:proc_opalum:s0 tclass=file permissive=0

03-30 10:49:33.304 26250 26323 D UTAnalytics:UploadTask: pid:26250 logs.size():2, selfMonitorLogCount:0,

03-30 10:49:33.305 26250 26323 D UTAnalytics:UploadTask: pid:26250 upload isSendSuccess:true, consume:1799, delete consume:64,

03-30 10:49:33.309 25810 25810 W AppWatcher: type=1400 audit(0.0:55247467): avc: denied { getattr } for path="/proc/sysrq-trigger" dev="proc" ino=4026533735 scontext=u:r:untrusted_app:s0:c512,c768 tcontext=u:object_r:proc_sysrq:s0 tclass=file permissive=0

03-30 10:49:33.309 25810 25810 W AppWatcher: type=1400 audit(0.0:55247468): avc: denied { getattr } for path="/proc/1" dev="proc" ino=11921139 scontext=u:r:untrusted_app:s0:c512,c768 tcontext=u:r:init:s0 tclass=dir permissive=0

03-30 10:49:33.309 25810 25810 W AppWatcher: type=1400 audit(0.0:55247469): avc: denied { getattr } for path="/proc/2" dev="proc" ino=11961941 scontext=u:r:untrusted_app:s0:c512,c768 tcontext=u:r:kernel:s0 tclass=dir permissive=0

03-30 10:49:33.309 25810 25810 W AppWatcher: type=1400 audit(0.0:55247470): avc: denied { getattr } for path="/proc/3" dev="proc" ino=11961942 scontext=u:r:untrusted_app:s0:c512,c768 tcontext=u:r:kernel:s0 tclass=dir permissive=0

03-30 10:49:33.319 25810 25810 W AppWatcher: type=1400 audit(0.0:55247471): avc: denied { getattr } for path="/proc/6" dev="proc" ino=11961943 scontext=u:r:untrusted_app:s0:c512,c768 tcontext=u:r:kernel:s0 tclass=dir permissive=0

03-30 10:49:33.319 25810 25810 W AppWatcher: type=1400 audit(0.0:55247472): avc: denied { getattr } for path="/proc/7" dev="proc" ino=11961944 scontext=u:r:untrusted_app:s0:c512,c768 tcontext=u:r:kernel:s0 tclass=dir permissive=0

03-30 10:49:33.319 25810 25810 W AppWatcher: type=1400 audit(0.0:55247473): avc: denied { getattr } for path="/proc/8" dev="proc" ino=11961945 scontext=u:r:untrusted_app:s0:c512,c768 tcontext=u:r:kernel:s0 tclass=dir permissive=0

03-30 10:49:33.319 25810 25810 W AppWatcher: type=1400 audit(0.0:55247474): avc: denied { getattr } for path="/proc/21" dev="proc" ino=11961946 scontext=u:r:untrusted_app:s0:c512,c768 tcontext=u:r:kernel:s0 tclass=dir permissive=0

03-30 10:49:33.319 25810 25810 W AppWatcher: type=1400 audit(0.0:55247475): avc: denied { getattr } for path="/proc/22" dev="proc" ino=11961947 scontext=u:r:untrusted_app:s0:c512,c768 tcontext=u:r:kernel:s0 tclass=dir permissive=0

03-30 10:49:33.319 25810 25810 W AppWatcher: type=1400 audit(0.0:55247476): avc: denied { getattr } for path="/proc/28" dev="proc" ino=11961948 scontext=u:r:untrusted_app:s0:c512,c768 tcontext=u:r:kernel:s0 tclass=dir permissive=0

03-30 10:49:33.319 25810 25810 W AppWatcher: type=1400 audit(0.0:55247477): avc: denied { getattr } for path="/proc/29" dev="proc" ino=11961949 scontext=u:r:untrusted_app:s0:c512,c768 tcontext=u:r:kernel:s0 tclass=dir permissive=0

03-30 10:49:33.319 25810 25810 W AppWatcher: type=1400 audit(0.0:55247478): avc: denied { getattr } for path="/proc/30" dev="proc" ino=11961950 scontext=u:r:untrusted_app:s0:c512,c768 tcontext=u:r:kernel:s0 tclass=dir permissive=0

03-30 10:49:33.319 25810 25810 W AppWatcher: type=1400 audit(0.0:55247479): avc: denied { getattr } for path="/proc/32" dev="proc" ino=11961951 scontext=u:r:untrusted_app:s0:c512,c768 tcontext=u:r:kernel:s0 tclass=dir permissive=0

03-30 10:49:33.329 25810 25810 W AppWatcher: type=1400 audit(0.0:55247480): avc: denied { getattr } for path="/proc/33" dev="proc" ino=11961952 scontext=u:r:untrusted_app:s0:c512,c768 tcontext=u:r:kernel:s0 tclass=dir permissive=0

03-30 10:49:33.329 25810 25810 W AppWatcher: type=1400 audit(0.0:55247481): avc: denied { getattr } for path="/proc/34" dev="proc" ino=11961953 scontext=u:r:untrusted_app:s0:c512,c768 tcontext=u:r:kernel:s0 tclass=dir permissive=0

03-30 10:49:33.329 25810 25810 W AppWatcher: type=1400 audit(0.0:55247482): avc: denied { getattr } for path="/proc/61" dev="proc" ino=11961954 scontext=u:r:untrusted_app:s0:c512,c768 tcontext=u:r:kernel:s0 tclass=dir permissive=0

03-30 10:49:33.329 25810 25810 W AppWatcher: type=1400 audit(0.0:55247483): avc: denied { getattr } for path="/proc/62" dev="proc" ino=11961955 scontext=u:r:untrusted_app:s0:c512,c768 tcontext=u:r:kernel:s0 tclass=dir permissive=0

03-30 10:49:33.329 25810 25810 W AppWatcher: type=1400 audit(0.0:55247484): avc: denied { getattr } for path="/proc/63" dev="proc" ino=11961956 scontext=u:r:untrusted_app:s0:c512,c768 tcontext=u:r:kernel:s0 tclass=dir permissive=0

03-30 10:49:33.329 25810 25810 W AppWatcher: type=1400 audit(0.0:55247485): avc: denied { getattr } for path="/proc/64" dev="proc" ino=11961957 scontext=u:r:untrusted_app:s0:c512,c768 tcontext=u:r:kernel:s0 tclass=dir permissive=0

03-30 10:49:33.331 26637 26637 D ICU     : No timezone override file found: /data/misc/zoneinfo/current/icu/icu_tzdata.dat

03-30 10:49:33.329 25810 25810 W AppWatcher: type=1400 audit(0.0:55247486): avc: denied { getattr } for path="/proc/65" dev="proc" ino=11961958 scontext=u:r:untrusted_app:s0:c512,c768 tcontext=u:r:kernel:s0 tclass=dir permissive=0

03-30 10:49:33.329 25810 25810 W AppWatcher: type=1400 audit(0.0:55247487): avc: denied { getattr } for path="/proc/66" dev="proc" ino=11961959 scontext=u:r:untrusted_app:s0:c512,c768 tcontext=u:r:kernel:s0 tclass=dir permissive=0

03-30 10:49:33.329 25810 25810 W AppWatcher: type=1400 audit(0.0:55247488): avc: denied { getattr } for path="/proc/67" dev="proc" ino=11961960 scontext=u:r:untrusted_app:s0:c512,c768 tcontext=u:r:kernel:s0 tclass=dir permissive=0

03-30 10:49:33.329 25810 25810 W AppWatcher: type=1400 audit(0.0:55247489): avc: denied { getattr } for path="/proc/68" dev="proc" ino=11961961 scontext=u:r:untrusted_app:s0:c512,c768 tcontext=u:r:kernel:s0 tclass=dir permissive=0

03-30 10:49:33.329 25810 25810 W AppWatcher: type=1400 audit(0.0:55247490): avc: denied { getattr } for path="/proc/69" dev="proc" ino=11961962 scontext=u:r:untrusted_app:s0:c512,c768 tcontext=u:r:kernel:s0 tclass=dir permissive=0

03-30 10:49:33.329 25810 25810 W AppWatcher: type=1400 audit(0.0:55247491): avc: denied { getattr } for path="/proc/70" dev="proc" ino=11961963 scontext=u:r:untrusted_app:s0:c512,c768 tcontext=u:r:kernel:s0 tclass=dir permissive=0

03-30 10:49:33.329 25810 25810 W AppWatcher: type=1400 audit(0.0:55247492): avc: denied { getattr } for path="/proc/71" dev="proc" ino=11961964 scontext=u:r:untrusted_app:s0:c512,c768 tcontext=u:r:kernel:s0 tclass=dir permissive=0

03-30 10:49:33.329 25810 25810 W AppWatcher: type=1400 audit(0.0:55247493): avc: denied { getattr } for path="/proc/72" dev="proc" ino=11961965 scontext=u:r:untrusted_app:s0:c512,c768 tcontext=u:r:kernel:s0 tclass=dir permissive=0

03-30 10:49:33.329 25810 25810 W AppWatcher: type=1400 audit(0.0:55247494): avc: denied { getattr } for path="/proc/73" dev="proc" ino=11961966 scontext=u:r:untrusted_app:s0:c512,c768 tcontext=u:r:kernel:s0 tclass=dir permissive=0

03-30 10:49:33.396 26637 26637 I Radio-JNI: register_android_hardware_Radio DONE

03-30 10:49:33.426 26637 26637 D AndroidRuntime: Calling main entry com.android.commands.pm.Pm

03-30 10:49:33.515 26637 26637 I art     : System.exit called, status: 0

03-30 10:49:33.515 26637 26637 I AndroidRuntime: VM exiting with result code 0.

03-30 10:49:33.546 26204 26204 I QueryController: Matched selector: UiSelector[TEXT=ÂæÆÂçöÂ∏êÂè∑] <<==>> [android.view.accessibility.AccessibilityNodeInfo@8006aa12; boundsInParent: Rect(0, 0 - 200, 67); boundsInScreen: Rect(165, 531 - 365, 598); packageName: com.orvibo.homemate; className: android.widget.TextView; text: ÂæÆÂçöÂ∏êÂè∑; error: null; maxTextLength: -1; contentDescription: null; viewIdResName: null; checkable: false; checked: false; focusable: false; focused: false; selected: false; clickable: false; longClickable: false; contextClickable: false; enabled: true; password: false; scrollable: false; actions: [AccessibilityAction: ACTION_SELECT - null, AccessibilityAction: ACTION_CLEAR_SELECTION - null, AccessibilityAction: ACTION_ACCESSIBILITY_FOCUS - null, AccessibilityAction: ACTION_NEXT_AT_MOVEMENT_GRANULARITY - null, AccessibilityAction: ACTION_PREVIOUS_AT_MOVEMENT_GRANULARITY - null, AccessibilityAction: ACTION_SET_SELECTION - null, AccessibilityAction: ACTION_UNKNOWN - null]]

03-30 10:49:33.569 26204 26204 I QueryController: Matched selector: UiSelector[TEXT=ÂæÆÂçöÂ∏êÂè∑] <<==>> [android.view.accessibility.AccessibilityNodeInfo@8006aa12; boundsInParent: Rect(0, 0 - 200, 67); boundsInScreen: Rect(165, 531 - 365, 598); packageName: com.orvibo.homemate; className: android.widget.TextView; text: ÂæÆÂçöÂ∏êÂè∑; error: null; maxTextLength: -1; contentDescription: null; viewIdResName: null; checkable: false; checked: false; focusable: false; focused: false; selected: false; clickable: false; longClickable: false; contextClickable: false; enabled: true; password: false; scrollable: false; actions: [AccessibilityAction: ACTION_SELECT - null, AccessibilityAction: ACTION_CLEAR_SELECTION - null, AccessibilityAction: ACTION_ACCESSIBILITY_FOCUS - null, AccessibilityAction: ACTION_NEXT_AT_MOVEMENT_GRANULARITY - null, AccessibilityAction: ACTION_PREVIOUS_AT_MOVEMENT_GRANULARITY - null, AccessibilityAction: ACTION_SET_SELECTION - null, AccessibilityAction: ACTION_UNKNOWN - null]]

03-30 10:49:33.571 26204 26204 D InteractionController: clickAndSync(265, 564)

03-30 10:49:33.684 26250 26250 I Timeline: Timeline: Activity_launch_request time:338264464

03-30 10:49:33.688  2044  4123 I ActivityManager: START u0 {cmp=com.orvibo.homemate/.user.UserThirdInfoActivity (has extras)} from uid 10143 on display 0

03-30 10:49:33.692  4229  4367 D WtProcessController: onAMCreateActivity callback

03-30 10:49:33.696  4229  4367 D WtProcessController: onAMPauseActivity callback

03-30 10:49:33.707 26250 26250 D UTAnalytics:UTDC: pid:26250 [commit] page:UserThird,eventId:2001,arg1:User,arg2:arg3:2420,args:{SDKTYPE=mini},

03-30 10:49:33.713 26250 26250 D UTAnalytics:UTLog: pid:26250 Log [id=0, eventId=2001, index=],867451020054497||460015796275061||Xiaomi||MI NOTE LTE||1920*1080||Unknown||Wi-Fi||Unknown||null||23256401||2.3.0.300||-||-||-||-||zh||a||6.0.1||2.5.1_for_bc||1490842159058||WJfwe+sntC4DAAdSBLpxQDCW||mini||-||-||-||-||_ap=1_mac=02:00:00:00:00:00||1490842173707||UserThird||2001||User||-||2420||-,

03-30 10:49:33.713 26250 26250 D UTAnalytics:LogStoreMgr: pid:26250 [add] :,

03-30 10:49:33.715 26250 26250 D HomeMate: comm[ main: BaseActivity.java:198 onPause() ] - UserThirdActivity

03-30 10:49:33.718  4229  4367 D WtProcessController: onAMRestartActivity callback

03-30 10:49:33.718  2044  4323 I Timeline: Timeline: App_transition_ready time:338264499

03-30 10:49:33.740 26250 26250 D HomeMate: comm[ main: BaseActivity.java:127 onCreate() ] - onCreate:UserThirdInfoActivity

03-30 10:49:33.741 26250 26250 D HomeMate: allen[ main: ActivityManager.java:47 pushActivity() ] - pushActivity:com.orvibo.homemate.user.UserThirdInfoActivity@5d2313f

03-30 10:49:33.768 26250 26250 D check   : check permission

03-30 10:49:33.769 26250 26250 D Umeng   : PERMISSION_GRANTED:android.permission.ACCESS_FINE_LOCATION

03-30 10:49:33.771 26250 26250 E Umeng Error: PERMISSION_MISSING:android.permission.CALL_PHONE

03-30 10:49:33.772 26250 26250 E Umeng Error: PERMISSION_MISSING:android.permission.READ_LOGS

03-30 10:49:33.772 26250 26250 D Umeng   : PERMISSION_GRANTED:android.permission.READ_PHONE_STATE

03-30 10:49:33.773 26250 26250 D Umeng   : PERMISSION_GRANTED:android.permission.WRITE_EXTERNAL_STORAGE

03-30 10:49:33.774 26250 26250 E Umeng Error: PERMISSION_MISSING:android.permission.SET_DEBUG_APP

03-30 10:49:33.775 26250 26250 D Umeng   : PERMISSION_GRANTED:android.permission.SYSTEM_ALERT_WINDOW

03-30 10:49:33.777 26250 26250 E Umeng Error: PERMISSION_MISSING:android.permission.GET_ACCOUNTS

03-30 10:49:33.792 26250 26250 V xxxx    : ignore=java.lang.ClassNotFoundException: com.umeng.socialize.handler.UMLWHandler

03-30 10:49:33.797 26250 26250 V xxxx    : ignore=java.lang.ClassNotFoundException: com.umeng.socialize.handler.UMPinterestHandler

03-30 10:49:33.802 26250 26250 V xxxx    : ignore=java.lang.ClassNotFoundException: com.umeng.socialize.handler.RenrenSsoHandler

03-30 10:49:33.804 26250 26250 V xxxx    : ignore=java.lang.ClassNotFoundException: com.umeng.socialize.handler.UMYXHandler

03-30 10:49:33.805 26250 26250 V xxxx    : ignore=java.lang.ClassNotFoundException: com.umeng.socialize.handler.EmailHandler

03-30 10:49:33.806 26250 26250 V xxxx    : ignore=java.lang.ClassNotFoundException: com.umeng.socialize.handler.UMEvernoteHandler

03-30 10:49:33.806 26250 26250 V xxxx    : ignore=java.lang.ClassNotFoundException: com.umeng.socialize.handler.UMFacebookHandler

03-30 10:49:33.807 26250 26250 V xxxx    : ignore=java.lang.ClassNotFoundException: com.umeng.socialize.handler.UMFlickrHandler

03-30 10:49:33.809 26250 26250 V xxxx    : ignore=java.lang.ClassNotFoundException: com.umeng.socialize.handler.UMFourSquareHandler

03-30 10:49:33.809 26250 26250 V xxxx    : ignore=java.lang.ClassNotFoundException: com.umeng.socialize.handler.UMGooglePlusHandler

03-30 10:49:33.810 26250 26250 V xxxx    : ignore=java.lang.ClassNotFoundException: com.umeng.socialize.handler.UMInstagramHandler

03-30 10:49:33.810 26250 26250 V xxxx    : ignore=java.lang.ClassNotFoundException: com.umeng.socialize.handler.UMKakaoHandler

03-30 10:49:33.811  6151  6186 I octvm_klo: read wakeups from wakealarm_fd:1

03-30 10:49:33.811  6151  6186 I octvm_klo: new timerfd interval:

03-30 10:49:33.811  6151  6186 I octvm_klo: 	itval.it_interval.tv_sec 1, itval.it_interval.tv_nsec 0

03-30 10:49:33.811  6151  6186 I octvm_klo: 	itval.it_value.tv_sec 0, itval.it_value.tv_nsec 999997917

03-30 10:49:33.811 26250 26250 V xxxx    : ignore=java.lang.ClassNotFoundException: com.umeng.socialize.handler.UMLineHandler

03-30 10:49:33.816 26250 26250 V xxxx    : ignore=java.lang.ClassNotFoundException: com.umeng.socialize.handler.UMLinkedInHandler

03-30 10:49:33.818 26250 26250 V xxxx    : ignore=java.lang.ClassNotFoundException: com.umeng.socialize.handler.UMPocketHandler

03-30 10:49:33.819 26250 26250 V xxxx    : ignore=java.lang.ClassNotFoundException: com.umeng.socialize.handler.UMWhatsAppHandler

03-30 10:49:33.821 26250 26250 V xxxx    : ignore=java.lang.ClassNotFoundException: com.umeng.socialize.handler.UMYNoteHandler

03-30 10:49:33.822 26250 26250 V xxxx    : ignore=java.lang.ClassNotFoundException: com.umeng.socialize.handler.SmsHandler

03-30 10:49:33.824 26250 26250 V xxxx    : ignore=java.lang.ClassNotFoundException: com.umeng.socialize.handler.DoubanHandler

03-30 10:49:33.826 26250 26250 V xxxx    : ignore=java.lang.ClassNotFoundException: com.umeng.socialize.handler.UMTumblrHandler

03-30 10:49:33.827 26250 26250 V xxxx    : ignore=java.lang.ClassNotFoundException: com.umeng.socialize.handler.TwitterHandler

03-30 10:49:33.828   379   472 I ThermalEngine: Sensor:tsens_tz_sensor5:56000 mC

03-30 10:49:33.828   379   516 I ThermalEngine: Sensor:tsens_tz_sensor5:56000 mC

03-30 10:49:33.828   379   516 I ThermalEngine: TM Id 'CPU0_MONITOR' Sensor 'cpu0' - alarm raised 1 at 56.0 degC

03-30 10:49:33.828 26250 26250 V xxxx    : ignore=java.lang.ClassNotFoundException: com.umeng.socialize.handler.AlipayHandler

03-30 10:49:33.829   379   516 I ThermalEngine: ACTION: CPU - Setting CPU[0] to 1728000

03-30 10:49:33.829   379   516 I ThermalEngine: Mitigation:CPU[0]:1728000 Khz

03-30 10:49:33.829   379   516 I ThermalEngine: ACTION: CPU - Setting CPU[1] to 1728000

03-30 10:49:33.830   379   516 E ThermalEngine: Failed to set desired CPU[1] frequency limit to 1728000

03-30 10:49:33.830   379   516 I ThermalEngine: ACTION: CPU - Setting CPU[2] to 1728000

03-30 10:49:33.830   379   516 E ThermalEngine: Failed to set desired CPU[2] frequency limit to 1728000

03-30 10:49:33.830   379   516 I ThermalEngine: ACTION: CPU - Setting CPU[3] to 1728000

03-30 10:49:33.830   379   516 I ThermalEngine: Mitigation:CPU[3]:1728000 Khz

03-30 10:49:33.861 26250 26661 D SocializeNetUtils: ##### Êú™Âä†ÂØÜÂèÇÊï? : pcv=2.0&md5imei=56313E1967F49DC7C608ACA4CBA18520&ak=5608d75167e58eefa90013bd&de=MI+NOTE+LTE&mac=34%3A80%3Ab3%3Aa1%3A12%3A6d&os=Android&opid=1&imei=867451020054497&dc=com.umeng.share&use_coco2dx=0&en=Wi-Fi&tp=1&ni=1&sdkv=5.1.2&dt=1490842173860

03-30 10:49:33.870 26250 26250 D HomeMate: comm[ main: BaseActivity.java:154 onResume() ] - UserThirdInfoActivity

03-30 10:49:33.876 26250 26661 D SocializeNetUtils: #### ÂÆåÊï¥ËØ∑Ê±ÇÈìæÊé• : http://log.umsns.com/bar/get/5608d75167e58eefa90013bd/?ud_get=TBuBt24UtJVVOlEh/7T4/cZ4chiC3gi25SFUlmp97p7LtmfdqfK0ZyT2kqbPjydCj6etAgQcfJP2sYcuwoTsGd3B0322/vM880okGRh3jSVlxZv56NgFy2DZEhn9qicuxcJAh+DTOt1Ej7YpRIBc8YrfiDBdtuz2GeXQYlQdGq5vhpNzpmmY32O33+pU5ZDl3dfwrIjVJxJyEZiLbMLSm3nChfo/fsoMCvgsKFRMJtSuVe2VtkpIC25FxlthYWhjPj1XvtY37quv4wDSB6L+oL2jmnkq3wEjaSraw/DTJ1F9pWs+6E3VEBe9xQMjY71NYVABsCMx/zy7y1xFvTDc6w==

03-30 10:49:33.879 26250 26250 D ActivityThreadInjector: clearCachedDrawables.

03-30 10:49:33.885 26250 26661 D SocializeNetUtils: ##### Êú™Âä†ÂØÜÂèÇÊï? : pcv=2.0&md5imei=56313E1967F49DC7C608ACA4CBA18520&ak=5608d75167e58eefa90013bd&de=MI+NOTE+LTE&mac=34%3A80%3Ab3%3Aa1%3A12%3A6d&os=Android&opid=1&imei=867451020054497&dc=com.umeng.share&use_coco2dx=0&en=Wi-Fi&tp=1&ni=1&sdkv=5.1.2&dt=1490842173885

03-30 10:49:33.892 26250 26661 D SocializeNetUtils: #### ÂÆåÊï¥ËØ∑Ê±ÇÈìæÊé• : http://log.umsns.com/bar/get/5608d75167e58eefa90013bd/?ud_get=TBuBt24UtJVVOlEh/7T4/cZ4chiC3gi25SFUlmp97p7LtmfdqfK0ZyT2kqbPjydCj6etAgQcfJP2sYcuwoTsGd3B0322/vM880okGRh3jSVlxZv56NgFy2DZEhn9qicuxcJAh+DTOt1Ej7YpRIBc8YrfiDBdtuz2GeXQYlQdGq5vhpNzpmmY32O33+pU5ZDl3dfwrIjVJxJyEZiLbMLSm3nChfo/fsoMCvgsKFRMJtSuVe2VtkpIC25FxlthYWhjPj1XvtY37quv4wDSB6L+oL2jmnkq3wEjaSraw/DTJ1F9pWs+6E3VEBe9xQMjY71NVr4eRG4z67O/omj7Ic7EeQ==

03-30 10:49:33.897  4116  4556 I XiaomiFirewall: firewall pkgName:com.orvibo.homemate, result:0x0

03-30 10:49:33.907  2044  4298 I Timeline: Timeline: App_transition_ready time:338264687

03-30 10:49:33.909  2044  4298 I Timeline: Timeline: App_transition_ready time:338264689

03-30 10:49:33.920 28253 28253 I AppiumUnicodeIME: onFinishInput

03-30 10:49:33.920 28253 28253 I AppiumUnicodeIME: onStartInput

03-30 10:49:33.935  2044  2115 I Timeline: Timeline: App_transition_ready time:338264716

03-30 10:49:33.939  2044  2115 I ActivityManager: Displayed com.orvibo.homemate/.user.UserThirdInfoActivity: +223ms

03-30 10:49:33.939  3746  3746 V PhoneStatusBarPolicy: updateManagedProfile mManagedProfileFocused: false mKeyguardVisible: false mCurrentUserId:0 mCurrentProfileId:0 mSecondSpaceStatusIconVisible: true showIcon:false

03-30 10:49:33.948 26250 26345 D OpenGLRenderer: endAllStagingAnimators on 0x9fc87080 (RippleDrawable) with handle 0x9685c2c0

03-30 10:49:34.207  2044  2115 I Timeline: Timeline: Activity_windows_visible id: ActivityRecord{73273 u0 com.orvibo.homemate/.user.UserThirdInfoActivity t17566} time:338264987

03-30 10:49:34.210  2044  2115 I Timeline: Timeline: App_transition_stopped time:338264990

03-30 10:49:34.217 26250 26250 D HomeMate: comm[ main: BaseActivity.java:215 onStop() ] - UserThirdActivity

03-30 10:49:34.248 26250 26661 D umeng_share_response: is http 200:true

03-30 10:49:34.248 26250 26661 I umengsocial: response: no error

03-30 10:49:34.248 26250 26661 I umengsocial: response has error: no error

03-30 10:49:34.285   379   493 I ThermalEngine: Sensor:batt_temp:365 mC

03-30 10:49:34.706 26250 26325 D UTAnalytics:LogStoreMgr: pid:26250 [store],

03-30 10:49:34.719 26250 26325 D UTAnalytics:UTSqliteLogStore: pid:26250 [insert] ,, isSuccess:true,ret,2301,

03-30 10:49:34.811  6151  6186 I octvm_klo: read wakeups from wakealarm_fd:1

03-30 10:49:34.811  6151  6186 I octvm_klo: new timerfd interval:

03-30 10:49:34.811  6151  6186 I octvm_klo: 	itval.it_interval.tv_sec 1, itval.it_interval.tv_nsec 0

03-30 10:49:34.811  6151  6186 I octvm_klo: 	itval.it_value.tv_sec 0, itval.it_value.tv_nsec 999996302

03-30 10:49:35.057 26204 26204 W AccessibilityNodeInfoDumper: Fetch time: 26ms

03-30 10:49:35.287   379   493 I ThermalEngine: Sensor:batt_temp:365 mC

03-30 10:49:35.689   379   472 I ThermalEngine: Sensor:tsens_tz_sensor5:50000 mC

03-30 10:49:35.691   379   516 I ThermalEngine: Sensor:tsens_tz_sensor5:50000 mC

03-30 10:49:35.691   379   516 I ThermalEngine: TM Id 'CPU0_MONITOR' Sensor 'cpu0' - alarm cleared 1 at 50.0 degC

03-30 10:49:35.692   379   516 I ThermalEngine: ACTION: CPU - Setting CPU[0] to 2457600

03-30 10:49:35.692   379   516 I ThermalEngine: Mitigation:CPU[0]:2457600 Khz

03-30 10:49:35.692   379   516 I ThermalEngine: ACTION: CPU - Setting CPU[1] to 2457600

03-30 10:49:35.693   379   516 E ThermalEngine: Failed to set desired CPU[1] frequency limit to 2457600

03-30 10:49:35.693   379   516 I ThermalEngine: ACTION: CPU - Setting CPU[2] to 2457600

03-30 10:49:35.693   379   516 E ThermalEngine: Failed to set desired CPU[2] frequency limit to 2457600

03-30 10:49:35.693   379   516 I ThermalEngine: ACTION: CPU - Setting CPU[3] to 2457600

03-30 10:49:35.693   379   516 I ThermalEngine: Mitigation:CPU[3]:2457600 Khz

03-30 10:49:35.811  6151  6186 I octvm_klo: read wakeups from wakealarm_fd:1

03-30 10:49:35.811  6151  6186 I octvm_klo: new timerfd interval:

03-30 10:49:35.811  6151  6186 I octvm_klo: 	itval.it_interval.tv_sec 1, itval.it_interval.tv_nsec 0

03-30 10:49:35.811  6151  6186 I octvm_klo: 	itval.it_value.tv_sec 0, itval.it_value.tv_nsec 999994792

03-30 10:49:36.261 26204 26204 W AccessibilityNodeInfoDumper: Fetch time: 9ms

03-30 10:49:36.289   379   493 I ThermalEngine: Sensor:batt_temp:365 mC

03-30 10:49:36.291  3745  3745 D wpa_supplicant: wlan0: Control interface command 'SIGNAL_POLL'

03-30 10:49:36.305  3745  3745 D wpa_supplicant: CTRL-DEBUG: global_ctrl_sock-sendto: sock=11 sndbuf=163840 outq=0 send_len=49

03-30 10:49:36.347 26204 26204 I QueryController: Matched selector: UiSelector[TEXT=ÁªëÂÆöÂæÆÂçö] <<==>> [android.view.accessibility.AccessibilityNodeInfo@8006e262; boundsInParent: Rect(0, 0 - 992, 132); boundsInScreen: Rect(44, 1032 - 1036, 1164); packageName: com.orvibo.homemate; className: android.widget.Button; text: ÁªëÂÆöÂæÆÂçö; error: null; maxTextLength: -1; contentDescription: null; viewIdResName: com.orvibo.homemate:id/bindChangeButton; checkable: false; checked: false; focusable: true; focused: false; selected: false; clickable: true; longClickable: false; contextClickable: false; enabled: true; password: false; scrollable: false; actions: [AccessibilityAction: ACTION_FOCUS - null, AccessibilityAction: ACTION_SELECT - null, AccessibilityAction: ACTION_CLEAR_SELECTION - null, AccessibilityAction: ACTION_CLICK - null, AccessibilityAction: ACTION_ACCESSIBILITY_FOCUS - null, AccessibilityAction: ACTION_NEXT_AT_MOVEMENT_GRANULARITY - null, AccessibilityAction: ACTION_PREVIOUS_AT_MOVEMENT_GRANULARITY - null, AccessibilityAction: ACTION_SET_SELECTION - null, AccessibilityAction: ACTION_UNKNOWN - null]]

03-30 10:49:36.364 26204 26204 I QueryController: Matched selector: UiSelector[TEXT=ÁªëÂÆöÂæÆÂçö] <<==>> [android.view.accessibility.AccessibilityNodeInfo@8006e262; boundsInParent: Rect(0, 0 - 992, 132); boundsInScreen: Rect(44, 1032 - 1036, 1164); packageName: com.orvibo.homemate; className: android.widget.Button; text: ÁªëÂÆöÂæÆÂçö; error: null; maxTextLength: -1; contentDescription: null; viewIdResName: com.orvibo.homemate:id/bindChangeButton; checkable: false; checked: false; focusable: true; focused: false; selected: false; clickable: true; longClickable: false; contextClickable: false; enabled: true; password: false; scrollable: false; actions: [AccessibilityAction: ACTION_FOCUS - null, AccessibilityAction: ACTION_SELECT - null, AccessibilityAction: ACTION_CLEAR_SELECTION - null, AccessibilityAction: ACTION_CLICK - null, AccessibilityAction: ACTION_ACCESSIBILITY_FOCUS - null, AccessibilityAction: ACTION_NEXT_AT_MOVEMENT_GRANULARITY - null, AccessibilityAction: ACTION_PREVIOUS_AT_MOVEMENT_GRANULARITY - null, AccessibilityAction: ACTION_SET_SELECTION - null, AccessibilityAction: ACTION_UNKNOWN - null]]

03-30 10:49:36.366 26204 26204 D InteractionController: clickAndSync(540, 1098)

03-30 10:49:36.479 26250 26250 D HomeMate: comm[ main: UserThirdAuth.java:42 authLogin() ] - authLogin()-platform:SINA

03-30 10:49:36.635   333  2476 E DnsProxyBlocker: No such appUid 10098 to remove

03-30 10:49:36.721 26250 26685 D sina    : onCreate

03-30 10:49:36.811  6151  6186 I octvm_klo: read wakeups from wakealarm_fd:1

03-30 10:49:36.811  6151  6186 I octvm_klo: new timerfd interval:

03-30 10:49:36.811  6151  6186 I octvm_klo: 	itval.it_interval.tv_sec 1, itval.it_interval.tv_nsec 0

03-30 10:49:36.811  6151  6186 I octvm_klo: 	itval.it_value.tv_sec 0, itval.it_value.tv_nsec 999997083

03-30 10:49:36.885 26250 26250 I Timeline: Timeline: Activity_launch_request time:338267665

03-30 10:49:36.890  2044  2057 I ActivityManager: START u0 {cmp=com.sina.weibo/.SSOActivity (has extras)} from uid 10143 on display 0

03-30 10:49:36.894  4229  4367 D WtProcessController: onAMCreateActivity callback

03-30 10:49:36.898  4229  4367 D WtProcessController: onAMPauseActivity callback

03-30 10:49:36.903 26250 26250 D UTAnalytics:UTDC: pid:26250 [commit] page:UserThirdInfo,eventId:2001,arg1:UserThird,arg2:arg3:3034,args:{SDKTYPE=mini},

03-30 10:49:36.906 26250 26250 D UTAnalytics:UTLog: pid:26250 Log [id=0, eventId=2001, index=],867451020054497||460015796275061||Xiaomi||MI NOTE LTE||1920*1080||Unknown||Wi-Fi||Unknown||null||23256401||2.3.0.300||-||-||-||-||zh||a||6.0.1||2.5.1_for_bc||1490842159058||WJfwe+sntC4DAAdSBLpxQDCW||mini||-||-||-||-||_ap=1_mac=02:00:00:00:00:00||1490842176903||UserThirdInfo||2001||UserThird||-||3034||-,

03-30 10:49:36.906 26250 26250 D UTAnalytics:LogStoreMgr: pid:26250 [add] :,

03-30 10:49:36.908 26250 26250 D HomeMate: comm[ main: BaseActivity.java:198 onPause() ] - UserThirdInfoActivity

03-30 10:49:36.919  4229  4367 D WtProcessController: onAMRestartActivity callback

03-30 10:49:36.920  4229  4367 D WtProcessController: set foreground process size 2 pid:1553pacakgeName:com.sina.weibo

03-30 10:49:36.921  4223  4255 I GameBoosterService: NowApp: com.orvibo.homemate foreground?false

03-30 10:49:36.921  4223  4255 I GameBoosterService: NowApp: com.sina.weibo foreground?true

03-30 10:49:36.922  2044  4298 I Timeline: Timeline: App_transition_ready time:338267702

03-30 10:49:36.930  4569  7585 D FrozenAppController: setUidState, uid = 10098 allow = true

03-30 10:49:36.932  2044  4374 V LocationPolicy: writePolicyLocked()

03-30 10:49:36.940  4569  7884 D AppIdleController: setUidState, uid = 10098 allow = true

03-30 10:49:36.960  1553  1553 I Timeline: Timeline: Activity_launch_request time:338267740

03-30 10:49:36.964  2044  4348 I ActivityManager: START u0 {cmp=com.sina.weibo/.SSOAuthorizeActivity (has extras)} from uid 10098 on display 0

03-30 10:49:36.965  2044  4348 I Timeline: Timeline: App_transition_ready time:338267745

03-30 10:49:36.970  4229  4367 D WtProcessController: onAMCreateActivity callback

03-30 10:49:36.970  4229  4367 D WtProcessController: onAMPauseActivity callback

03-30 10:49:36.972   379   472 I ThermalEngine: Sensor:tsens_tz_sensor5:56000 mC

03-30 10:49:36.972   379   516 I ThermalEngine: Sensor:tsens_tz_sensor5:56000 mC

03-30 10:49:36.972   379   516 I ThermalEngine: TM Id 'CPU0_MONITOR' Sensor 'cpu0' - alarm raised 1 at 56.0 degC

03-30 10:49:36.972   379   516 I ThermalEngine: ACTION: CPU - Setting CPU[0] to 1728000

03-30 10:49:36.973   379   516 I ThermalEngine: Mitigation:CPU[0]:1728000 Khz

03-30 10:49:36.973   379   516 I ThermalEngine: ACTION: CPU - Setting CPU[1] to 1728000

03-30 10:49:36.973   379   516 E ThermalEngine: Failed to set desired CPU[1] frequency limit to 1728000

03-30 10:49:36.973   379   516 I ThermalEngine: ACTION: CPU - Setting CPU[2] to 1728000

03-30 10:49:36.973   379   516 E ThermalEngine: Failed to set desired CPU[2] frequency limit to 1728000

03-30 10:49:36.973   379   516 I ThermalEngine: ACTION: CPU - Setting CPU[3] to 1728000

03-30 10:49:36.973   379   516 I ThermalEngine: Mitigation:CPU[3]:1728000 Khz

03-30 10:49:36.981  1553  1553 D ActivityThreadInjector: clearCachedDrawables.

03-30 10:49:37.025  2044  4123 I Timeline: Timeline: App_transition_ready time:338267805

03-30 10:49:37.026  4229  4367 D WtProcessController: onAMRestartActivity callback

03-30 10:49:37.209  1553  1553 I WebViewFactory: Loading com.google.android.webview version 55.0.2883.91 (code 288309100)

03-30 10:49:37.267 26250 26693 W System  : ClassLoader referenced unknown path: /system/framework/tcmclient.jar

03-30 10:49:37.288  4116  4556 I XiaomiFirewall: firewall pkgName:com.orvibo.homemate, result:0x0

03-30 10:49:37.291   379   493 I ThermalEngine: Sensor:batt_temp:366 mC

03-30 10:49:37.298  1553  1553 W System  : ClassLoader referenced unknown path: /system/app/WebViewGoogle/lib/arm

03-30 10:49:37.308  1553  1553 I art     : Rejecting re-init on previously-failed class java.lang.Class<com.android.webview.chromium.TokenBindingManagerAdapter>

03-30 10:49:37.308  1553  1553 I art     : Rejecting re-init on previously-failed class java.lang.Class<com.android.webview.chromium.TokenBindingManagerAdapter>

03-30 10:49:37.315  1553  1553 I art     : Rejecting re-init on previously-failed class java.lang.Class<com.android.webview.chromium.ServiceWorkerControllerAdapter>

03-30 10:49:37.315  1553  1553 I art     : Rejecting re-init on previously-failed class java.lang.Class<com.android.webview.chromium.ServiceWorkerControllerAdapter>

03-30 10:49:37.323  1553  1553 I cr_LibraryLoader: Time to load native libraries: 4 ms (timestamps 8099-8103)

03-30 10:49:37.323  1553  1553 I cr_LibraryLoader: Expected native library version number "55.0.2883.91", actual native library version number "55.0.2883.91"

03-30 10:49:37.347  1553  1553 I cr_LibraryLoader: Expected native library version number "55.0.2883.91", actual native library version number "55.0.2883.91"

03-30 10:49:37.371  1553  1553 I chromium: [INFO:library_loader_hooks.cc(163)] Chromium logging enabled: level = 0, default verbosity = 0

03-30 10:49:37.380 26250 26323 D UTAnalytics:LogStoreMgr: pid:26250 [store],

03-30 10:49:37.383 26250 26323 D UTAnalytics:UTSqliteLogStore: pid:26250 [insert] ,, isSuccess:true,ret,2302,

03-30 10:49:37.398  1553  1553 I cr_BrowserStartup: Initializing chromium process, singleProcess=true

03-30 10:49:37.481  1553  1553 I Adreno-EGL: <qeglDrvAPI_eglInitialize:379>: EGL 1.4 QUALCOMM build: AU_LINUX_ANDROID_LA.BF.1.1.3_RB1.06.00.01.181.013_msm8974_refs/tags/AU_LINUX_ANDROID_LA.BF.1.1.3_RB1.06.00.01.181.013__release_AU (I48a9d37399)

03-30 10:49:37.481  1553  1553 I Adreno-EGL: OpenGL ES Shader Compiler Version: E031.29.00.00

03-30 10:49:37.481  1553  1553 I Adreno-EGL: Build Date: 11/17/16 Thu

03-30 10:49:37.481  1553  1553 I Adreno-EGL: Local Branch: 

03-30 10:49:37.481  1553  1553 I Adreno-EGL: Remote Branch: refs/tags/AU_LINUX_ANDROID_LA.BF.1.1.3_RB1.06.00.01.181.013

03-30 10:49:37.481  1553  1553 I Adreno-EGL: Local Patches: NONE

03-30 10:49:37.481  1553  1553 I Adreno-EGL: Reconstruct Branch: NOTHING

03-30 10:49:37.481 26250 26323 D UTAnalytics:UTSqliteLogStore: pid:26250 sql:SELECT * FROM log ORDER BY time ASC  LIMIT 50,

03-30 10:49:37.482 26250 26323 D UTAnalytics:UTSqliteLogStore: pid:26250 pos,0,count,2,

03-30 10:49:37.482 26250 26323 D UTAnalytics:UTSqliteLogStore: pid:26250 pos,1,count,2,

03-30 10:49:37.482 26250 26323 D UTAnalytics:LogStoreMgr: pid:26250 [get],[Log [id=2301, eventId=2001, index=], Log [id=2302, eventId=2001, index=]],

03-30 10:49:37.482 26250 26323 D UTAnalytics:UploadTask: pid:26250 averagePackageSize:126.5,

03-30 10:49:37.532 26684 26684 D AndroidRuntime: >>>>>> START com.android.internal.os.RuntimeInit uid 10098 <<<<<<

03-30 10:49:37.540 26684 26684 D AndroidRuntime: CheckJNI is OFF

03-30 10:49:37.585 26250 26323 D UTAnalytics:UploadTask: pid:26250 url:http://adashbc.m.taobao.com/rest/sur?ak=23256401&av=2.3.0.300&c=null&v=3.0&s=f4c8be3f7554244a066874d6ef614f3f4604eb0d&d=WJfwe%2BsntC4DAAdSBLpxQDCW&sv=2.5.1_for_bc&p=a&t=1490842177494&u=&is=1&k=0,

03-30 10:49:37.585 26250 26323 D UTAnalytics:UploadTask: pid:26250 result:{"t":1490842174822,"ret":"","success":"success"}

03-30 10:49:37.585 26250 26323 D UTAnalytics:UploadTask: ,

03-30 10:49:37.586 26250 26323 D UTAnalytics:UploadTask: pid:26250 winsize:350,

03-30 10:49:37.586 26250 26323 D UTAnalytics:LogStoreMgr: pid:26250 [Log [id=2301, eventId=2001, index=], Log [id=2302, eventId=2001, index=]],

03-30 10:49:37.623 26684 26684 D ICU     : No timezone override file found: /data/misc/zoneinfo/current/icu/icu_tzdata.dat

03-30 10:49:37.628 26250 26323 D UTAnalytics:UTSqliteLogStore: pid:26250 delete ,2, isSuccess:true,

03-30 10:49:37.628 26250 26323 D UTAnalytics:CoreStatics: pid:26250 [uploadInc]:4,count:2,

03-30 10:49:37.628 26250 26323 D UTAnalytics:CoreStatics: pid:26250 [uploadInc]:6,

03-30 10:49:37.628 26250 26323 D UTAnalytics:UploadTask: pid:26250 logs.size():2, selfMonitorLogCount:0,

03-30 10:49:37.628 26250 26323 D UTAnalytics:UploadTask: pid:26250 upload isSendSuccess:true, consume:103, delete consume:42,

03-30 10:49:37.651  2044  4104 D ConnectivityService: listenForNetwork for Listen from uid/pid:10098/1553 for NetworkRequest [ id=336, legacyType=-1, [ Capabilities: INTERNET&NOT_RESTRICTED&TRUSTED] ]

03-30 10:49:37.649  3787  3787 W Binder_4: type=1400 audit(0.0:55247749): avc: denied { ioctl } for path="socket:[12194006]" dev="sockfs" ino=12194006 ioctlcmd=7704 scontext=u:r:surfaceflinger:s0 tcontext=u:r:surfaceflinger:s0 tclass=unix_stream_socket permissive=0

03-30 10:49:37.649  3787  3787 W Binder_4: type=1400 audit(0.0:55247750): avc: denied { ioctl } for path="socket:[12194006]" dev="sockfs" ino=12194006 ioctlcmd=7704 scontext=u:r:surfaceflinger:s0 tcontext=u:r:surfaceflinger:s0 tclass=unix_stream_socket permissive=0

03-30 10:49:37.688  1553  1553 D EgretLoader: EgretLoader(Context context)

03-30 10:49:37.689  1553  1553 D EgretLoader: The context is not activity

03-30 10:49:37.702 26684 26684 I Radio-JNI: register_android_hardware_Radio DONE

03-30 10:49:37.724  1553  1553 V BoostFramework: mAcquireFunc method = public int com.qualcomm.qti.Performance.perfLockAcquire(int,int[])

03-30 10:49:37.724  1553  1553 V BoostFramework: mReleaseFunc method = public int com.qualcomm.qti.Performance.perfLockRelease()

03-30 10:49:37.724  1553  1553 V BoostFramework: mAcquireTouchFunc method = public int com.qualcomm.qti.Performance.perfLockAcquireTouch(android.view.MotionEvent,android.util.DisplayMetrics,int,int[])

03-30 10:49:37.724  1553  1553 V BoostFramework: mIOPStart method = public int com.qualcomm.qti.Performance.perfIOPrefetchStart(int,java.lang.String)

03-30 10:49:37.724  1553  1553 V BoostFramework: mIOPStop method = public int com.qualcomm.qti.Performance.perfIOPrefetchStop()

03-30 10:49:37.728  1553  1553 V BoostFramework: BoostFramework() : mPerf = com.qualcomm.qti.Performance@4d706c9

03-30 10:49:37.728  1553  1553 V BoostFramework: BoostFramework() : mPerf = com.qualcomm.qti.Performance@c1551ce

03-30 10:49:37.761 26684 26684 D AndroidRuntime: Calling main entry com.android.commands.am.Am

03-30 10:49:37.776 26684 26684 D AndroidRuntime: Shutting down VM

03-30 10:49:37.811  6151  6186 I octvm_klo: read wakeups from wakealarm_fd:1

03-30 10:49:37.811  6151  6186 I octvm_klo: new timerfd interval:

03-30 10:49:37.811  6151  6186 I octvm_klo: 	itval.it_interval.tv_sec 1, itval.it_interval.tv_nsec 0

03-30 10:49:37.811  6151  6186 I octvm_klo: 	itval.it_value.tv_sec 0, itval.it_value.tv_nsec 999997708

03-30 10:49:37.861  1553  1567 W CursorWrapperInner: Cursor finalized without prior close()

03-30 10:49:37.869  3787  3787 W Binder_4: type=1400 audit(0.0:55247751): avc: denied { ioctl } for path="socket:[12196012]" dev="sockfs" ino=12196012 ioctlcmd=7704 scontext=u:r:surfaceflinger:s0 tcontext=u:r:surfaceflinger:s0 tclass=unix_stream_socket permissive=0

03-30 10:49:37.875  1553 26737 D OpenGLRenderer: Use EGL_SWAP_BEHAVIOR_PRESERVED: true

03-30 10:49:37.869  3787  3787 W Binder_4: type=1400 audit(0.0:55247752): avc: denied { ioctl } for path="socket:[12196012]" dev="sockfs" ino=12196012 ioctlcmd=7704 scontext=u:r:surfaceflinger:s0 tcontext=u:r:surfaceflinger:s0 tclass=unix_stream_socket permissive=0

03-30 10:49:37.879  3799  3799 W Binder_4: type=1400 audit(0.0:55247753): avc: denied { ioctl } for path="socket:[12194038]" dev="sockfs" ino=12194038 ioctlcmd=7704 scontext=u:r:system_server:s0 tcontext=u:r:system_server:s0 tclass=unix_stream_socket permissive=0

03-30 10:49:37.879  3799  3799 W Binder_4: type=1400 audit(0.0:55247754): avc: denied { ioctl } for path="socket:[12194038]" dev="sockfs" ino=12194038 ioctlcmd=7704 scontext=u:r:system_server:s0 tcontext=u:r:system_server:s0 tclass=unix_stream_socket permissive=0

03-30 10:49:37.895  3746  5558 D StatusBar: onNotificationRemoved:  Key: 0|com.sina.weibo|10004|null|10098

03-30 10:49:37.897  3746  3746 D PhoneStatusBar: removeNotification key=android.os.Binder@a3b1c5 keyCode=10727877 old=StatusBarNotification(pkg=com.sina.weibo user=UserHandle{0} id=10004 tag=null score=20 key=0|com.sina.weibo|10004|null|10098: Notification(pri=2 contentView=com.sina.weibo/0x1090091 vibrate=[80,80] sound=android.resource://com.sina.weibo/raw/notificationsound tick defaults=0x4 flags=0x11 color=0x00000000 vis=PRIVATE))

03-30 10:49:37.907  3746  3879 W ContextImpl: Calling a method in the system process without a qualified user: android.app.ContextImpl.bindService:1295 android.content.ContextWrapper.bindService:614 com.xiaomi.mistatistic.sdk.controller.LocalEventRecorder.a:90 com.xiaomi.mistatistic.sdk.controller.LocalEventRecorder.b:70 com.xiaomi.mistatistic.sdk.controller.LocalEventRecorder.a:25 

03-30 10:49:37.919  4060  4112 D PushService: 2017-03-30 10:49:37,919 - [DEBUG::PushService] - com.android.systemuiis system app. StatService

03-30 10:49:37.919  4104  4104 W Binder_7: type=1400 audit(0.0:55247755): avc: denied { ioctl } for path="socket:[12194043]" dev="sockfs" ino=12194043 ioctlcmd=7704 scontext=u:r:system_server:s0 tcontext=u:r:system_server:s0 tclass=unix_stream_socket permissive=0

03-30 10:49:37.919  4104  4104 W Binder_7: type=1400 audit(0.0:55247756): avc: denied { ioctl } for path="socket:[12194043]" dev="sockfs" ino=12194043 ioctlcmd=7704 scontext=u:r:system_server:s0 tcontext=u:r:system_server:s0 tclass=unix_stream_socket permissive=0

03-30 10:49:37.931  1553  1553 D ActivityThreadInjector: clearCachedDrawables.

03-30 10:49:37.942  2044  2056 D ConnectivityService: listenForNetwork for Listen from uid/pid:10098/1553 for NetworkRequest [ id=337, legacyType=-1, [ Capabilities: INTERNET&NOT_RESTRICTED&TRUSTED] ]

03-30 10:49:37.952  1553 26738 W System  : ClassLoader referenced unknown path: /system/framework/tcmclient.jar

03-30 10:49:37.958  2044  4374 I Timeline: Timeline: App_transition_ready time:338268738

03-30 10:49:37.961  2044  4374 I Timeline: Timeline: App_transition_ready time:338268741

03-30 10:49:37.963  4116  4556 I XiaomiFirewall: firewall pkgName:com.sina.weibo, result:0x0

03-30 10:49:37.965  1553 26737 I OpenGLRenderer: Initialized EGL, version 1.4

03-30 10:49:37.990  2044  3799 I Timeline: Timeline: App_transition_ready time:338268770

03-30 10:49:37.999  3765  3765 W Binder_3: type=1400 audit(0.0:55247757): avc: denied { ioctl } for path="socket:[12196040]" dev="sockfs" ino=12196040 ioctlcmd=7704 scontext=u:r:system_server:s0 tcontext=u:r:system_server:s0 tclass=unix_stream_socket permissive=0

03-30 10:49:37.999  3765  3765 W Binder_3: type=1400 audit(0.0:55247758): avc: denied { ioctl } for path="socket:[12196040]" dev="sockfs" ino=12196040 ioctlcmd=7704 scontext=u:r:system_server:s0 tcontext=u:r:system_server:s0 tclass=unix_stream_socket permissive=0

03-30 10:49:38.009  3799  3799 W Binder_4: type=1400 audit(0.0:55247759): avc: denied { ioctl } for path="socket:[12196039]" dev="sockfs" ino=12196039 ioctlcmd=7704 scontext=u:r:system_server:s0 tcontext=u:r:system_server:s0 tclass=unix_stream_socket permissive=0

03-30 10:49:38.009  3799  3799 W Binder_4: type=1400 audit(0.0:55247760): avc: denied { ioctl } for path="socket:[12196039]" dev="sockfs" ino=12196039 ioctlcmd=7704 scontext=u:r:system_server:s0 tcontext=u:r:system_server:s0 tclass=unix_stream_socket permissive=0

03-30 10:49:38.014 28253 28253 I AppiumUnicodeIME: onFinishInput

03-30 10:49:38.015 28253 28253 I AppiumUnicodeIME: onStartInput

03-30 10:49:38.058  2044  2115 I Timeline: Timeline: App_transition_ready time:338268838

03-30 10:49:38.094  1553  1553 I ConnectivityReceiver: network state changed

03-30 10:49:38.099  2044  2115 I Timeline: Timeline: App_transition_ready time:338268879

03-30 10:49:38.101  3746  3746 D PhoneStatusBar: disable: 0x00000000 -> 0x00000040 (diff: 0x00000040)

03-30 10:49:38.101  3746  3746 D PhoneStatusBar: disable: < expand icons alerts ticker system_info back home recent clock full hide keyguard none float >

03-30 10:49:38.115  2044  3807 I ActivityManager: Start proc 26758:com.sina.weibo:pushservice/u0a98 for broadcast com.sina.weibo/com.huawei.android.pushagent.PushBootReceiver

03-30 10:49:38.117  2044  2115 I ActivityManager: Displayed com.sina.weibo/.SSOAuthorizeActivity: +1s95ms (total +1s207ms)

03-30 10:49:38.118  4229  4367 D WtProcessController: onAMProcStart callback

03-30 10:49:38.123  3746  3746 V PhoneStatusBarPolicy: updateManagedProfile mManagedProfileFocused: false mKeyguardVisible: false mCurrentUserId:0 mCurrentProfileId:0 mSecondSpaceStatusIconVisible: true showIcon:false

03-30 10:49:38.294   379   493 I ThermalEngine: Sensor:batt_temp:365 mC

03-30 10:49:38.325  2044  2115 I Timeline: Timeline: App_transition_stopped time:338269105

03-30 10:49:38.357  2044  2115 I Timeline: Timeline: Activity_windows_visible id: ActivityRecord{2ec0e06 u0 com.sina.weibo/.SSOAuthorizeActivity t17566} time:338269137

03-30 10:49:38.364 26250 26250 D HomeMate: comm[ main: BaseActivity.java:215 onStop() ] - UserThirdInfoActivity

03-30 10:49:38.365 26250 26250 D HomeMate: comm[ main: BaseActivity.java:220 onStop() ] - onStop()-HomeMate go to background.

03-30 10:49:38.365 26250 26250 D HomeMate: comm[ main: TimeCache.java:38 saveStartBackgroundTime() ] - saveStartBackgroundTime()

03-30 10:49:38.416 26250 26250 W HomeMate: comm[ main: BaseActivity.java:244 onTrimMemory() ] - MainActivity level:20

03-30 10:49:38.416 26250 26250 W HomeMate: comm[ main: BaseActivity.java:244 onTrimMemory() ] - UserThirdActivity level:20

03-30 10:49:38.417 26250 26250 W HomeMate: comm[ main: BaseActivity.java:244 onTrimMemory() ] - UserActivity level:20

03-30 10:49:38.417 26250 26250 W HomeMate: comm[ main: BaseActivity.java:244 onTrimMemory() ] - UserThirdInfoActivity level:20

03-30 10:49:38.699 26758 26758 W System.err: java.io.FileNotFoundException: payment.jar

03-30 10:49:38.708 26758 26758 W System.err: 	at android.content.res.AssetManager.openAsset(Native Method)

03-30 10:49:38.708 26758 26758 W System.err: 	at android.content.res.AssetManager.open(AssetManager.java:317)

03-30 10:49:38.708 26758 26758 W System.err: 	at android.content.res.AssetManager.open(AssetManager.java:291)

03-30 10:49:38.708 26758 26758 W System.err: 	at com.sina.weibo.bundlemanager.h$a.a(WBBundle.java:382)

03-30 10:49:38.708 26758 26758 W System.err: 	at com.sina.weibo.bundlemanager.h.a(WBBundle.java:113)

03-30 10:49:38.708 26758 26758 W System.err: 	at com.sina.weibo.bundlemanager.i.e(ModuleManager.java:298)

03-30 10:49:38.708 26758 26758 W System.err: 	at com.sina.weibo.bundlemanager.i.a(ModuleManager.java:234)

03-30 10:49:38.708 26758 26758 W System.err: 	at com.sina.weibo.WeiboApplication.attachBaseContext(WeiboApplication.java:198)

03-30 10:49:38.708 26758 26758 W System.err: 	at android.app.Application.attach(Application.java:191)

03-30 10:49:38.708 26758 26758 W System.err: 	at android.app.Instrumentation.newApplication(Instrumentation.java:998)

03-30 10:49:38.709 26758 26758 W System.err: 	at android.app.Instrumentation.newApplication(Instrumentation.java:982)

03-30 10:49:38.709 26758 26758 W System.err: 	at android.app.LoadedApk.makeApplication(LoadedApk.java:575)

03-30 10:49:38.709 26758 26758 W System.err: 	at android.app.ActivityThread.handleBindApplication(ActivityThread.java:4715)

03-30 10:49:38.709 26758 26758 W System.err: 	at android.app.ActivityThread.access$1700(ActivityThread.java:153)

03-30 10:49:38.709 26758 26758 W System.err: 	at android.app.ActivityThread$H.handleMessage(ActivityThread.java:1425)

03-30 10:49:38.710 26758 26758 W System.err: 	at android.os.Handler.dispatchMessage(Handler.java:102)

03-30 10:49:38.710 26758 26758 W System.err: 	at android.os.Looper.loop(Looper.java:148)

03-30 10:49:38.710 26758 26758 W System.err: 	at android.app.ActivityThread.main(ActivityThread.java:5457)

03-30 10:49:38.710 26758 26758 W System.err: 	at java.lang.reflect.Method.invoke(Native Method)

03-30 10:49:38.710 26758 26758 W System.err: 	at com.android.internal.os.ZygoteInit$MethodAndArgsCaller.run(ZygoteInit.java:739)

03-30 10:49:38.710 26758 26758 W System.err: 	at com.android.internal.os.ZygoteInit.main(ZygoteInit.java:629)

03-30 10:49:38.749 26758 26758 D time    : startload all time:331

