03-30 10:51:35.239 25810 25810 W AppWatcher: type=1400 audit(0.0:55250345): avc: denied { getattr } for path="/proc/78" dev="proc" ino=11961971 scontext=u:r:untrusted_app:s0:c512,c768 tcontext=u:r:kernel:s0 tclass=dir permissive=0

03-30 10:51:35.239 25810 25810 W AppWatcher: type=1400 audit(0.0:55250346): avc: denied { getattr } for path="/proc/79" dev="proc" ino=11961972 scontext=u:r:untrusted_app:s0:c512,c768 tcontext=u:r:kernel:s0 tclass=dir permissive=0

03-30 10:51:35.462   379   493 I ThermalEngine: Sensor:batt_temp:367 mC

03-30 10:51:35.863  6151  6186 I octvm_klo: read wakeups from wakealarm_fd:1

03-30 10:51:35.864  6151  6186 I octvm_klo: new timerfd interval:

03-30 10:51:35.864  6151  6186 I octvm_klo: 	itval.it_interval.tv_sec 1, itval.it_interval.tv_nsec 0

03-30 10:51:35.864  6151  6186 I octvm_klo: 	itval.it_value.tv_sec 0, itval.it_value.tv_nsec 999995782

03-30 10:51:36.464   379   493 I ThermalEngine: Sensor:batt_temp:366 mC

03-30 10:51:36.864  6151  6186 I octvm_klo: read wakeups from wakealarm_fd:1

03-30 10:51:36.864  6151  6186 I octvm_klo: new timerfd interval:

03-30 10:51:36.864  6151  6186 I octvm_klo: 	itval.it_interval.tv_sec 1, itval.it_interval.tv_nsec 0

03-30 10:51:36.864  6151  6186 I octvm_klo: 	itval.it_value.tv_sec 0, itval.it_value.tv_nsec 999988802

03-30 10:51:36.991  3745  3745 D wpa_supplicant: wlan0: Control interface command 'SIGNAL_POLL'

03-30 10:51:37.007  3745  3745 D wpa_supplicant: CTRL-DEBUG: global_ctrl_sock-sendto: sock=11 sndbuf=163840 outq=0 send_len=49

03-30 10:51:37.115 28322 28447 D MD5     : loadso arm msfbootV2 true

03-30 10:51:37.468   379   493 I ThermalEngine: Sensor:batt_temp:366 mC

03-30 10:51:37.864  6151  6186 I octvm_klo: read wakeups from wakealarm_fd:1

03-30 10:51:37.864  6151  6186 I octvm_klo: new timerfd interval:

03-30 10:51:37.864  6151  6186 I octvm_klo: 	itval.it_interval.tv_sec 1, itval.it_interval.tv_nsec 0

03-30 10:51:37.864  6151  6186 I octvm_klo: 	itval.it_value.tv_sec 0, itval.it_value.tv_nsec 999987396

03-30 10:51:38.026 27823 27893 D UTAnalytics:UploadTask: pid:27823 url:http://adashbc.m.taobao.com/rest/sur?ak=23256401&av=2.3.0.300&c=null&v=3.0&s=8bad70795e85db23f41203887fab1fa95227d1bc&d=WJfwe%2BsntC4DAAdSBLpxQDCW&sv=2.5.1_for_bc&p=a&t=1490842294550&u=&is=1&k=0,

03-30 10:51:38.039 27823 27893 D UTAnalytics:UploadTask: pid:27823 result:{"t":1490842295683,"ret":"","success":"success"}

03-30 10:51:38.039 27823 27893 D UTAnalytics:UploadTask: ,

03-30 10:51:38.042 27823 27893 D UTAnalytics:UploadTask: pid:27823 winsize:77,

03-30 10:51:38.042 27823 27893 D UTAnalytics:LogStoreMgr: pid:27823 [Log [id=2311, eventId=2001, index=], Log [id=2312, eventId=2001, index=], Log [id=2313, eventId=2001, index=], Log [id=2314, eventId=2001, index=], Log [id=2315, eventId=2001, index=], Log [id=2316, eventId=1010, index=]],

03-30 10:51:38.070 27823 27893 D UTAnalytics:UTSqliteLogStore: pid:27823 delete ,6, isSuccess:true,

03-30 10:51:38.070 27823 27893 D UTAnalytics:CoreStatics: pid:27823 [uploadInc]:2,count:6,

03-30 10:51:38.070 27823 27893 D UTAnalytics:CoreStatics: pid:27823 [uploadInc]:8,

03-30 10:51:38.071 27823 27893 D UTAnalytics:UploadTask: pid:27823 logs.size():6, selfMonitorLogCount:0,

03-30 10:51:38.071 27823 27893 D UTAnalytics:UploadTask: pid:27823 upload isSendSuccess:true, consume:3500, delete consume:32,

03-30 10:51:38.470   379   493 I ThermalEngine: Sensor:batt_temp:366 mC

03-30 10:51:38.864  6151  6186 I octvm_klo: read wakeups from wakealarm_fd:1

03-30 10:51:38.865  6151  6186 I octvm_klo: new timerfd interval:

03-30 10:51:38.865  6151  6186 I octvm_klo: 	itval.it_interval.tv_sec 1, itval.it_interval.tv_nsec 0

03-30 10:51:38.865  6151  6186 I octvm_klo: 	itval.it_value.tv_sec 0, itval.it_value.tv_nsec 999995052

03-30 10:51:39.472   379   493 I ThermalEngine: Sensor:batt_temp:365 mC

03-30 10:51:39.865  6151  6186 I octvm_klo: read wakeups from wakealarm_fd:1

03-30 10:51:39.865  6151  6186 I octvm_klo: new timerfd interval:

03-30 10:51:39.865  6151  6186 I octvm_klo: 	itval.it_interval.tv_sec 1, itval.it_interval.tv_nsec 0

03-30 10:51:39.865  6151  6186 I octvm_klo: 	itval.it_value.tv_sec 0, itval.it_value.tv_nsec 999994532

03-30 10:51:40.017  3745  3745 D wpa_supplicant: wlan0: Control interface command 'SIGNAL_POLL'

03-30 10:51:40.031  3745  3745 D wpa_supplicant: CTRL-DEBUG: global_ctrl_sock-sendto: sock=11 sndbuf=163840 outq=0 send_len=49

03-30 10:51:40.122  2044  3620 D WifiStateMachine: starting scan for "56.1_neiwang"-WPA_PSK with 5280,2412

03-30 10:51:40.122  3745  3745 D wpa_supplicant: wlan0: Control interface command 'SCAN TYPE=ONLY freq=5280,2412'

03-30 10:51:40.123  3745  3745 D wpa_supplicant: wlan0: Setting scan request: 0.000000 sec

03-30 10:51:40.123  3745  3745 D wpa_supplicant: CTRL-DEBUG: global_ctrl_sock-sendto: sock=11 sndbuf=163840 outq=0 send_len=3

03-30 10:51:40.123  3745  3745 D wpa_supplicant: wlan0: Starting AP scan for wildcard SSID

03-30 10:51:40.123  3745  3745 D wpa_supplicant: wlan0: Limit manual scan to specified channels

03-30 10:51:40.124  3745  3745 D wpa_supplicant: wlan0: Add radio work 'scan'@0xb68d9398

03-30 10:51:40.124  3745  3745 D wpa_supplicant: wlan0: First radio work item in the queue - schedule start immediately

03-30 10:51:40.124  3745  3745 D wpa_supplicant: wlan0: Starting radio work 'scan'@0xb68d9398 after 0.000235 second wait

03-30 10:51:40.124  3745  3745 D wpa_supplicant: wlan0: nl80211: scan request

03-30 10:51:40.124  3745  3745 D wpa_supplicant: nl80211: Scan SSID - hexdump(len=0): [NULL]

03-30 10:51:40.124  3745  3745 D wpa_supplicant: nl80211: Scan extra IEs - hexdump(len=7): 7f 05 00 00 0a 02 01

03-30 10:51:40.124  3745  3745 D wpa_supplicant: nl80211: Scan frequency 2412 MHz

03-30 10:51:40.125  3745  3745 D wpa_supplicant: nl80211: Scan frequency 5280 MHz

03-30 10:51:40.142  3745  3745 D wpa_supplicant: Scan requested (ret=0) - scan timeout 30 seconds

03-30 10:51:40.144  3745  3745 D wpa_supplicant: nl80211: Event message available

03-30 10:51:40.144  3745  3745 D wpa_supplicant: nl80211: Drv Event 33 (NL80211_CMD_TRIGGER_SCAN) received for wlan0

03-30 10:51:40.144  3745  3745 D wpa_supplicant: wlan0: nl80211: Scan trigger

03-30 10:51:40.144  3745  3745 D wpa_supplicant: wlan0: Event SCAN_STARTED (47) received

03-30 10:51:40.144  3745  3745 D wpa_supplicant: wlan0: Own scan request started a scan in 0.002226 seconds

03-30 10:51:40.144  3745  3745 D wpa_supplicant: CTRL-DEBUG: ctrl_sock-sendmsg: sock=11 sndbuf=163840 outq=0 send_len=24

03-30 10:51:40.151  3745  3745 D wpa_supplicant: CTRL_IFACE monitor sent successfully to /data/misc/wifi/sockets/wpa_ctrl_2044-2\x00

03-30 10:51:40.265  3745  3745 D wpa_supplicant: nl80211: Event message available

03-30 10:51:40.265  3745  3745 D wpa_supplicant: nl80211: Drv Event 34 (NL80211_CMD_NEW_SCAN_RESULTS) received for wlan0

03-30 10:51:40.265  3745  3745 D wpa_supplicant: wlan0: nl80211: New scan results available

03-30 10:51:40.265  3745  3745 D wpa_supplicant: nl80211: Scan included frequencies: 2412 5280

03-30 10:51:40.265  3745  3745 D wpa_supplicant: wlan0: Event SCAN_RESULTS (3) received

03-30 10:51:40.265  3745  3745 D wpa_supplicant: wlan0: Scan completed in 0.120587 seconds

03-30 10:51:40.265  3745  3745 D wpa_supplicant: nl80211: Associated on 5280 MHz

03-30 10:51:40.265  3745  3745 D wpa_supplicant: nl80211: Associated with cc:81:da:9c:13:28

03-30 10:51:40.265  3745  3745 D wpa_supplicant: nl80211: Received scan results (31 BSSes)

03-30 10:51:40.265  3745  3745 D wpa_supplicant: nl80211: Scan results indicate BSS status with cc:81:da:9c:13:28 as associated

03-30 10:51:40.265  3745  3745 D wpa_supplicant: wlan0: BSS: Start scan result update 5302

03-30 10:51:40.266  3745  3745 D wpa_supplicant: BSS: last_scan_res_used=31/64

03-30 10:51:40.266  3745  3745 D wpa_supplicant: wlan0: Scan-only results received

03-30 10:51:40.266  3745  3745 D wpa_supplicant: CTRL-DEBUG: ctrl_sock-sendmsg: sock=11 sndbuf=163840 outq=0 send_len=24

03-30 10:51:40.266  3745  3745 D wpa_supplicant: CTRL_IFACE monitor sent successfully to /data/misc/wifi/sockets/wpa_ctrl_2044-2\x00

03-30 10:51:40.266  3745  3745 D wpa_supplicant: wlan0: Radio work 'scan'@0xb68d9398 done in 0.141858 seconds

03-30 10:51:40.273  3745  3745 D wpa_supplicant: CTRL-DEBUG: global_ctrl_sock-sendto: sock=11 sndbuf=163840 outq=0 send_len=3553

03-30 10:51:40.273  3745  3745 D wpa_supplicant: RTM_NEWLINK: ifi_index=22 ifname=wlan0 wext ifi_family=0 ifi_flags=0x11043 ([UP][RUNNING][LOWER_UP])

03-30 10:51:40.275  3745  3745 D wpa_supplicant: CTRL-DEBUG: global_ctrl_sock-sendto: sock=11 sndbuf=163840 outq=0 send_len=3770

03-30 10:51:40.277  3745  3745 D wpa_supplicant: CTRL-DEBUG: global_ctrl_sock-sendto: sock=11 sndbuf=163840 outq=0 send_len=3800

03-30 10:51:40.279  3745  3745 D wpa_supplicant: CTRL-DEBUG: global_ctrl_sock-sendto: sock=11 sndbuf=163840 outq=0 send_len=3634

03-30 10:51:40.282  3745  3745 D wpa_supplicant: CTRL-DEBUG: global_ctrl_sock-sendto: sock=11 sndbuf=163840 outq=0 send_len=3322

03-30 10:51:40.284  3745  3745 D wpa_supplicant: CTRL-DEBUG: global_ctrl_sock-sendto: sock=11 sndbuf=163840 outq=0 send_len=3828

03-30 10:51:40.285  3745  3745 D wpa_supplicant: CTRL-DEBUG: global_ctrl_sock-sendto: sock=11 sndbuf=163840 outq=0 send_len=566

03-30 10:51:40.309  3745  3745 D wpa_supplicant: EAPOL: EAP Session-Id not available

03-30 10:51:40.309  3745  3745 D wpa_supplicant: CTRL-DEBUG: global_ctrl_sock-sendto: sock=11 sndbuf=163840 outq=0 send_len=279

03-30 10:51:40.350 27823 27893 D UTAnalytics:LogStoreMgr: pid:27823 [store],

03-30 10:51:40.355 27823 27893 D UTAnalytics:UTSqliteLogStore: pid:27823 sql:SELECT * FROM log ORDER BY time ASC  LIMIT 77,

03-30 10:51:40.358 27823 27893 D UTAnalytics:LogStoreMgr: pid:27823 [get],[],

03-30 10:51:40.361 27823 27893 D UTAnalytics:UploadEngine: pid:27823 UTDC.bBackground:false,AppInfoUtil.isForeground(UTDC.getContext()) ,true,

03-30 10:51:40.363 27823 27893 D UTAnalytics:UploadTask: pid:27823 mPeriod:30000,

03-30 10:51:40.473   379   493 I ThermalEngine: Sensor:batt_temp:366 mC

03-30 10:51:40.865  6151  6186 I octvm_klo: read wakeups from wakealarm_fd:1

03-30 10:51:40.865  6151  6186 I octvm_klo: new timerfd interval:

03-30 10:51:40.865  6151  6186 I octvm_klo: 	itval.it_interval.tv_sec 1, itval.it_interval.tv_nsec 0

03-30 10:51:40.865  6151  6186 I octvm_klo: 	itval.it_value.tv_sec 0, itval.it_value.tv_nsec 999991823

03-30 10:51:41.475   379   493 I ThermalEngine: Sensor:batt_temp:366 mC

03-30 10:51:41.865  6151  6186 I octvm_klo: read wakeups from wakealarm_fd:1

03-30 10:51:41.866  6151  6186 I octvm_klo: new timerfd interval:

03-30 10:51:41.866  6151  6186 I octvm_klo: 	itval.it_interval.tv_sec 1, itval.it_interval.tv_nsec 0

03-30 10:51:41.866  6151  6186 I octvm_klo: 	itval.it_value.tv_sec 0, itval.it_value.tv_nsec 999990781

03-30 10:51:42.476   379   493 I ThermalEngine: Sensor:batt_temp:366 mC

03-30 10:51:42.866  6151  6186 I octvm_klo: read wakeups from wakealarm_fd:1

03-30 10:51:42.866  6151  6186 I octvm_klo: new timerfd interval:

03-30 10:51:42.866  6151  6186 I octvm_klo: 	itval.it_interval.tv_sec 1, itval.it_interval.tv_nsec 0

03-30 10:51:42.866  6151  6186 I octvm_klo: 	itval.it_value.tv_sec 0, itval.it_value.tv_nsec 999990312

03-30 10:51:43.042  3745  3745 D wpa_supplicant: wlan0: Control interface command 'SIGNAL_POLL'

03-30 10:51:43.060  3745  3745 D wpa_supplicant: CTRL-DEBUG: global_ctrl_sock-sendto: sock=11 sndbuf=163840 outq=0 send_len=49

03-30 10:51:43.477   379   493 I ThermalEngine: Sensor:batt_temp:366 mC

03-30 10:51:43.866  6151  6186 I octvm_klo: read wakeups from wakealarm_fd:1

03-30 10:51:43.866  6151  6186 I octvm_klo: new timerfd interval:

03-30 10:51:43.866  6151  6186 I octvm_klo: 	itval.it_interval.tv_sec 1, itval.it_interval.tv_nsec 0

03-30 10:51:43.866  6151  6186 I octvm_klo: 	itval.it_value.tv_sec 0, itval.it_value.tv_nsec 999988750

03-30 10:51:44.479   379   493 I ThermalEngine: Sensor:batt_temp:366 mC

03-30 10:51:44.866  6151  6186 I octvm_klo: read wakeups from wakealarm_fd:1

03-30 10:51:44.866  6151  6186 I octvm_klo: new timerfd interval:

03-30 10:51:44.866  6151  6186 I octvm_klo: 	itval.it_interval.tv_sec 1, itval.it_interval.tv_nsec 0

03-30 10:51:44.866  6151  6186 I octvm_klo: 	itval.it_value.tv_sec 0, itval.it_value.tv_nsec 999994427

03-30 10:51:45.399 25810 25810 W AppWatcher: type=1400 audit(0.0:55250580): avc: denied { getattr } for path="/proc/opalum-temp-calib" dev="proc" ino=4026534631 scontext=u:r:untrusted_app:s0:c512,c768 tcontext=u:object_r:proc_opalum:s0 tclass=file permissive=0

03-30 10:51:45.399 25810 25810 W AppWatcher: type=1400 audit(0.0:55250581): avc: denied { getattr } for path="/proc/opalum-f0-calib" dev="proc" ino=4026534630 scontext=u:r:untrusted_app:s0:c512,c768 tcontext=u:object_r:proc_opalum:s0 tclass=file permissive=0

03-30 10:51:45.409 25810 25810 W AppWatcher: type=1400 audit(0.0:55250582): avc: denied { getattr } for path="/proc/sysrq-trigger" dev="proc" ino=4026533735 scontext=u:r:untrusted_app:s0:c512,c768 tcontext=u:object_r:proc_sysrq:s0 tclass=file permissive=0

03-30 10:51:45.419 25810 25810 W AppWatcher: type=1400 audit(0.0:55250583): avc: denied { getattr } for path="/proc/1" dev="proc" ino=11921139 scontext=u:r:untrusted_app:s0:c512,c768 tcontext=u:r:init:s0 tclass=dir permissive=0

03-30 10:51:45.419 25810 25810 W AppWatcher: type=1400 audit(0.0:55250584): avc: denied { getattr } for path="/proc/2" dev="proc" ino=11961941 scontext=u:r:untrusted_app:s0:c512,c768 tcontext=u:r:kernel:s0 tclass=dir permissive=0

03-30 10:51:45.419 25810 25810 W AppWatcher: type=1400 audit(0.0:55250585): avc: denied { getattr } for path="/proc/3" dev="proc" ino=11961942 scontext=u:r:untrusted_app:s0:c512,c768 tcontext=u:r:kernel:s0 tclass=dir permissive=0

03-30 10:51:45.419 25810 25810 W AppWatcher: type=1400 audit(0.0:55250586): avc: denied { getattr } for path="/proc/6" dev="proc" ino=11961943 scontext=u:r:untrusted_app:s0:c512,c768 tcontext=u:r:kernel:s0 tclass=dir permissive=0

03-30 10:51:45.419 25810 25810 W AppWatcher: type=1400 audit(0.0:55250587): avc: denied { getattr } for path="/proc/7" dev="proc" ino=11961944 scontext=u:r:untrusted_app:s0:c512,c768 tcontext=u:r:kernel:s0 tclass=dir permissive=0

03-30 10:51:45.429 25810 25810 W AppWatcher: type=1400 audit(0.0:55250588): avc: denied { getattr } for path="/proc/8" dev="proc" ino=11961945 scontext=u:r:untrusted_app:s0:c512,c768 tcontext=u:r:kernel:s0 tclass=dir permissive=0

03-30 10:51:45.429 25810 25810 W AppWatcher: type=1400 audit(0.0:55250589): avc: denied { getattr } for path="/proc/21" dev="proc" ino=11961946 scontext=u:r:untrusted_app:s0:c512,c768 tcontext=u:r:kernel:s0 tclass=dir permissive=0

03-30 10:51:45.429 25810 25810 W AppWatcher: type=1400 audit(0.0:55250590): avc: denied { getattr } for path="/proc/22" dev="proc" ino=11961947 scontext=u:r:untrusted_app:s0:c512,c768 tcontext=u:r:kernel:s0 tclass=dir permissive=0

03-30 10:51:45.429 25810 25810 W AppWatcher: type=1400 audit(0.0:55250591): avc: denied { getattr } for path="/proc/28" dev="proc" ino=11961948 scontext=u:r:untrusted_app:s0:c512,c768 tcontext=u:r:kernel:s0 tclass=dir permissive=0

03-30 10:51:45.439 25810 25810 W AppWatcher: type=1400 audit(0.0:55250592): avc: denied { getattr } for path="/proc/29" dev="proc" ino=11961949 scontext=u:r:untrusted_app:s0:c512,c768 tcontext=u:r:kernel:s0 tclass=dir permissive=0

03-30 10:51:45.449 25810 25810 W AppWatcher: type=1400 audit(0.0:55250593): avc: denied { getattr } for path="/proc/30" dev="proc" ino=11961950 scontext=u:r:untrusted_app:s0:c512,c768 tcontext=u:r:kernel:s0 tclass=dir permissive=0

03-30 10:51:45.449 25810 25810 W AppWatcher: type=1400 audit(0.0:55250594): avc: denied { getattr } for path="/proc/32" dev="proc" ino=11961951 scontext=u:r:untrusted_app:s0:c512,c768 tcontext=u:r:kernel:s0 tclass=dir permissive=0

03-30 10:51:45.449 25810 25810 W AppWatcher: type=1400 audit(0.0:55250595): avc: denied { getattr } for path="/proc/33" dev="proc" ino=11961952 scontext=u:r:untrusted_app:s0:c512,c768 tcontext=u:r:kernel:s0 tclass=dir permissive=0

03-30 10:51:45.449 25810 25810 W AppWatcher: type=1400 audit(0.0:55250596): avc: denied { getattr } for path="/proc/34" dev="proc" ino=11961953 scontext=u:r:untrusted_app:s0:c512,c768 tcontext=u:r:kernel:s0 tclass=dir permissive=0

03-30 10:51:45.459 25810 25810 W AppWatcher: type=1400 audit(0.0:55250597): avc: denied { getattr } for path="/proc/61" dev="proc" ino=11961954 scontext=u:r:untrusted_app:s0:c512,c768 tcontext=u:r:kernel:s0 tclass=dir permissive=0

03-30 10:51:45.459 25810 25810 W AppWatcher: type=1400 audit(0.0:55250598): avc: denied { getattr } for path="/proc/62" dev="proc" ino=11961955 scontext=u:r:untrusted_app:s0:c512,c768 tcontext=u:r:kernel:s0 tclass=dir permissive=0

03-30 10:51:45.459 25810 25810 W AppWatcher: type=1400 audit(0.0:55250599): avc: denied { getattr } for path="/proc/63" dev="proc" ino=11961956 scontext=u:r:untrusted_app:s0:c512,c768 tcontext=u:r:kernel:s0 tclass=dir permissive=0

03-30 10:51:45.480   379   493 I ThermalEngine: Sensor:batt_temp:366 mC

03-30 10:51:45.867  6151  6186 I octvm_klo: read wakeups from wakealarm_fd:1

03-30 10:51:45.867  6151  6186 I octvm_klo: new timerfd interval:

03-30 10:51:45.867  6151  6186 I octvm_klo: 	itval.it_interval.tv_sec 1, itval.it_interval.tv_nsec 0

03-30 10:51:45.867  6151  6186 I octvm_klo: 	itval.it_value.tv_sec 0, itval.it_value.tv_nsec 999991458

03-30 10:51:46.069  3745  3745 D wpa_supplicant: wlan0: Control interface command 'SIGNAL_POLL'

03-30 10:51:46.085  3745  3745 D wpa_supplicant: CTRL-DEBUG: global_ctrl_sock-sendto: sock=11 sndbuf=163840 outq=0 send_len=49

03-30 10:51:46.482   379   493 I ThermalEngine: Sensor:batt_temp:366 mC

03-30 10:51:46.867  6151  6186 I octvm_klo: read wakeups from wakealarm_fd:1

03-30 10:51:46.867  6151  6186 I octvm_klo: new timerfd interval:

03-30 10:51:46.867  6151  6186 I octvm_klo: 	itval.it_interval.tv_sec 1, itval.it_interval.tv_nsec 0

03-30 10:51:46.867  6151  6186 I octvm_klo: 	itval.it_value.tv_sec 0, itval.it_value.tv_nsec 999992239

03-30 10:51:47.483   379   493 I ThermalEngine: Sensor:batt_temp:366 mC

03-30 10:51:47.694 27823 27893 D UTAnalytics:CommitTask: pid:27823 check&commit event:65503,

03-30 10:51:47.694 27823 27893 D UTAnalytics:CommitTask: pid:27823 next:65503,

03-30 10:51:47.695 27823 27893 D UTAnalytics:CommitTask: pid:27823 check&commit event:65501,

03-30 10:51:47.695 27823 27893 D UTAnalytics:CommitTask: pid:27823 next:65501,

03-30 10:51:47.698 27823 27890 D UTAnalytics:CommitTask: pid:27823 check&commit event:65502,

03-30 10:51:47.717 27823 27890 D UTAnalytics:CommitTask: pid:27823 next:65502,

03-30 10:51:47.736 27823 27890 D UTAnalytics:UTUtil: pid:27823 upload without flowback. args:{ARG1=feedback, counterData={"meta":{"sdk-version":"2.5.1_for_bc"},"data":[{"page":"feedback","monitorPoint":"getUnreadCountSuccess","count":1,"value":0}]}, USERNICK=, ARG2=getUnreadCountSuccess, EVENTID=65502, USERID=, ACCESS=Wi-Fi, ACCESS_SUBTYPE=Unknown},

03-30 10:51:47.737 27823 27890 D UTAnalytics:null: pid:27823 [sendToUT]: args:{ARG1=feedback, counterData={"meta":{"sdk-version":"2.5.1_for_bc"},"data":[{"page":"feedback","monitorPoint":"getUnreadCountSuccess","count":1,"value":0}]}, USERNICK=, ARG2=getUnreadCountSuccess, EVENTID=65502, USERID=, ACCESS=Wi-Fi, ACCESS_SUBTYPE=Unknown},

03-30 10:51:47.737 27823 27890 D UTAnalytics:UTDC: pid:27823 [commit] page:eventId:65502,arg1:feedback,arg2:getUnreadCountSuccess,arg3:args:{ARG1=feedback, counterData={"meta":{"sdk-version":"2.5.1_for_bc"},"data":[{"page":"feedback","monitorPoint":"getUnreadCountSuccess","count":1,"value":0}]}, USERNICK=, ARG2=getUnreadCountSuccess, EVENTID=65502, USERID=, ACCESS=Wi-Fi, ACCESS_SUBTYPE=Unknown},

03-30 10:51:47.748 27823 27890 D UTAnalytics:UTLog: pid:27823 Log [id=0, eventId=65502, index=],867451020054497||460015796275061||Xiaomi||MI NOTE LTE||1920*1080||Unknown||Wi-Fi||Unknown||null||23256401||2.3.0.300||-||-||-||-||zh||a||6.0.1||2.5.1_for_bc||1490842257658||WJfwe+sntC4DAAdSBLpxQDCW||mini||-||-||-||-||_ap=1_mac=02:00:00:00:00:00||1490842307737||-||65502||feedback||getUnreadCountSuccess||-||counterData={"meta":{"sdk-version":"2.5.1_for_bc"},"data":[{"page":"feedback","monitorPoint":"getUnreadCountSuccess","count":1,"value":0}]},

03-30 10:51:47.748 27823 27890 D UTAnalytics:LogStoreMgr: pid:27823 [add] :,

03-30 10:51:47.867  6151  6186 I octvm_klo: read wakeups from wakealarm_fd:1

03-30 10:51:47.867  6151  6186 I octvm_klo: new timerfd interval:

03-30 10:51:47.867  6151  6186 I octvm_klo: 	itval.it_interval.tv_sec 1, itval.it_interval.tv_nsec 0

03-30 10:51:47.867  6151  6186 I octvm_klo: 	itval.it_value.tv_sec 0, itval.it_value.tv_nsec 999997292

03-30 10:51:48.491   379   493 I ThermalEngine: Sensor:batt_temp:366 mC

03-30 10:51:48.867  6151  6186 I octvm_klo: read wakeups from wakealarm_fd:1

03-30 10:51:48.867  6151  6186 I octvm_klo: new timerfd interval:

03-30 10:51:48.867  6151  6186 I octvm_klo: 	itval.it_interval.tv_sec 1, itval.it_interval.tv_nsec 0

03-30 10:51:48.867  6151  6186 I octvm_klo: 	itval.it_value.tv_sec 0, itval.it_value.tv_nsec 999991094

03-30 10:51:49.104  3745  3745 D wpa_supplicant: wlan0: Control interface command 'SIGNAL_POLL'

03-30 10:51:49.122  3745  3745 D wpa_supplicant: CTRL-DEBUG: global_ctrl_sock-sendto: sock=11 sndbuf=163840 outq=0 send_len=49

03-30 10:51:49.493   379   493 I ThermalEngine: Sensor:batt_temp:366 mC

03-30 10:51:49.868  6151  6186 I octvm_klo: read wakeups from wakealarm_fd:1

03-30 10:51:49.868  6151  6186 I octvm_klo: new timerfd interval:

03-30 10:51:49.868  6151  6186 I octvm_klo: 	itval.it_interval.tv_sec 1, itval.it_interval.tv_nsec 0

03-30 10:51:49.868  6151  6186 I octvm_klo: 	itval.it_value.tv_sec 0, itval.it_value.tv_nsec 999990104

03-30 10:51:50.494   379   493 I ThermalEngine: Sensor:batt_temp:366 mC

03-30 10:51:50.868  6151  6186 I octvm_klo: read wakeups from wakealarm_fd:1

03-30 10:51:50.868  6151  6186 I octvm_klo: new timerfd interval:

03-30 10:51:50.868  6151  6186 I octvm_klo: 	itval.it_interval.tv_sec 1, itval.it_interval.tv_nsec 0

03-30 10:51:50.868  6151  6186 I octvm_klo: 	itval.it_value.tv_sec 0, itval.it_value.tv_nsec 999993177

03-30 10:51:51.163 17177 17280 W System  : ClassLoader referenced unknown path: /system/framework/tcmclient.jar

03-30 10:51:51.182 17177 17281 W System  : ClassLoader referenced unknown path: /system/framework/tcmclient.jar

03-30 10:51:51.194  4116  4556 I XiaomiFirewall: firewall pkgName:com.tencent.mobileqq, result:0x0

03-30 10:51:51.495   379   493 I ThermalEngine: Sensor:batt_temp:366 mC

03-30 10:51:51.868  6151  6186 I octvm_klo: read wakeups from wakealarm_fd:1

03-30 10:51:51.868  6151  6186 I octvm_klo: new timerfd interval:

03-30 10:51:51.868  6151  6186 I octvm_klo: 	itval.it_interval.tv_sec 1, itval.it_interval.tv_nsec 0

03-30 10:51:51.868  6151  6186 I octvm_klo: 	itval.it_value.tv_sec 0, itval.it_value.tv_nsec 999997292

03-30 10:51:51.984 28304 28365 I native_eup: Java_com_tencent_feedback_eup_jni_NativeExceptionUpload_registNativeExceptionHandler2 start

03-30 10:51:51.984 28304 28365 I native_eup: JARJNIVERSION:1

03-30 10:51:51.984 28304 28365 I native_eup: found native exception upload!

03-30 10:51:51.984 28304 28365 I native_eup: found native exception handler!

03-30 10:51:51.985 28304 28365 I native_eup: regist handler start procType 1 , level 23 , tombDir:/data/user/0/com.tencent.mobileqq/app_tombs

03-30 10:51:51.985 28304 28365 I native_eup: registSignal start

03-30 10:51:51.985 28304 28365 I native_eup: registSignal end

03-30 10:51:51.985 28304 28365 I native_eup: regist handler end

03-30 10:51:51.985 28304 28365 I native_eup: Java_com_tencent_feedback_eup_jni_NativeExceptionUpload_registNativeExceptionHandler end

03-30 10:51:51.985 28304 28365 I native_eup: NativeRQDVersion:testbuildnum

03-30 10:51:51.985 28304 28365 I native_eup: Java_com_tencent_feedback_eup_jni_NativeExceptionUpload_registNativeExceptionHandler2 start

03-30 10:51:51.985 28304 28365 I native_eup: JARJNIVERSION:0

03-30 10:51:51.985 28304 28365 I native_eup: found native exception upload!

03-30 10:51:51.985 28304 28365 I native_eup: found native exception handler!

03-30 10:51:51.985 28304 28365 I native_eup: regist handler start procType 1 , level 23 , tombDir:/data/user/0/com.tencent.mobileqq/app_tombs

03-30 10:51:51.986 28304 28365 I native_eup: registSignal start

03-30 10:51:51.986 28304 28365 I native_eup: registSignal end

03-30 10:51:51.986 28304 28365 I native_eup: regist handler end

03-30 10:51:51.986 28304 28365 I native_eup: Java_com_tencent_feedback_eup_jni_NativeExceptionUpload_registNativeExceptionHandler end

03-30 10:51:51.986 28304 28365 I native_eup: NativeRQDVersion:testbuildnum

03-30 10:51:52.131  3745  3745 D wpa_supplicant: wlan0: Control interface command 'SIGNAL_POLL'

03-30 10:51:52.147  3745  3745 D wpa_supplicant: CTRL-DEBUG: global_ctrl_sock-sendto: sock=11 sndbuf=163840 outq=0 send_len=49

03-30 10:51:52.498   379   493 I ThermalEngine: Sensor:batt_temp:365 mC

03-30 10:51:52.791 27823 27893 D UTAnalytics:LogStoreMgr: pid:27823 [store],

03-30 10:51:52.869  6151  6186 I octvm_klo: read wakeups from wakealarm_fd:1

03-30 10:51:52.870  6151  6186 I octvm_klo: new timerfd interval:

03-30 10:51:52.870  6151  6186 I octvm_klo: 	itval.it_interval.tv_sec 1, itval.it_interval.tv_nsec 0

03-30 10:51:52.870  6151  6186 I octvm_klo: 	itval.it_value.tv_sec 0, itval.it_value.tv_nsec 999998072

03-30 10:51:52.875 27823 27893 D UTAnalytics:UTSqliteLogStore: pid:27823 [insert] ,, isSuccess:true,ret,2317,

03-30 10:51:53.499   379   493 I ThermalEngine: Sensor:batt_temp:366 mC

03-30 10:51:53.615 27751 27764 I art     : Background sticky concurrent mark sweep GC freed 313766(16MB) AllocSpace objects, 0(0B) LOS objects, 92% free, 1371KB/17MB, paused 516us total 103.342ms

03-30 10:51:53.693 17177 17281 W System  : ClassLoader referenced unknown path: /system/framework/tcmclient.jar

03-30 10:51:53.705  4116  4556 I XiaomiFirewall: firewall pkgName:com.tencent.mobileqq, result:0x0

03-30 10:51:53.870  6151  6186 I octvm_klo: read wakeups from wakealarm_fd:1

03-30 10:51:53.870  6151  6186 I octvm_klo: new timerfd interval:

03-30 10:51:53.870  6151  6186 I octvm_klo: 	itval.it_interval.tv_sec 1, itval.it_interval.tv_nsec 0

03-30 10:51:53.870  6151  6186 I octvm_klo: 	itval.it_value.tv_sec 0, itval.it_value.tv_nsec 999996563

03-30 10:51:54.501   379   493 I ThermalEngine: Sensor:batt_temp:366 mC

03-30 10:51:54.870  6151  6186 I octvm_klo: read wakeups from wakealarm_fd:1

03-30 10:51:54.870  6151  6186 I octvm_klo: new timerfd interval:

03-30 10:51:54.870  6151  6186 I octvm_klo: 	itval.it_interval.tv_sec 1, itval.it_interval.tv_nsec 0

03-30 10:51:54.870  6151  6186 I octvm_klo: 	itval.it_value.tv_sec 0, itval.it_value.tv_nsec 999992500

03-30 10:51:54.895 28322 28438 I native_eup: Java_com_tencent_feedback_eup_jni_NativeExceptionUpload_registNativeExceptionHandler2 start

03-30 10:51:54.895 28322 28438 I native_eup: JARJNIVERSION:1

03-30 10:51:54.895 28322 28438 I native_eup: found native exception upload!

03-30 10:51:54.895 28322 28438 I native_eup: found native exception handler!

03-30 10:51:54.895 28322 28438 I native_eup: regist handler start procType 1 , level 23 , tombDir:/data/user/0/com.tencent.mobileqq/app_tombs

03-30 10:51:54.895 28322 28438 I native_eup: registSignal start

03-30 10:51:54.896 28322 28438 I native_eup: registSignal end

03-30 10:51:54.896 28322 28438 I native_eup: regist handler end

03-30 10:51:54.896 28322 28438 I native_eup: Java_com_tencent_feedback_eup_jni_NativeExceptionUpload_registNativeExceptionHandler end

03-30 10:51:54.896 28322 28438 I native_eup: NativeRQDVersion:testbuildnum

03-30 10:51:54.896 28322 28438 I native_eup: Java_com_tencent_feedback_eup_jni_NativeExceptionUpload_registNativeExceptionHandler2 start

03-30 10:51:54.896 28322 28438 I native_eup: JARJNIVERSION:0

03-30 10:51:54.896 28322 28438 I native_eup: found native exception upload!

03-30 10:51:54.896 28322 28438 I native_eup: found native exception handler!

03-30 10:51:54.907 28322 28438 I native_eup: regist handler start procType 1 , level 23 , tombDir:/data/user/0/com.tencent.mobileqq/app_tombs

03-30 10:51:54.907 28322 28438 I native_eup: registSignal start

03-30 10:51:54.907 28322 28438 I native_eup: registSignal end

03-30 10:51:54.908 28322 28438 I native_eup: regist handler end

03-30 10:51:54.908 28322 28438 I native_eup: Java_com_tencent_feedback_eup_jni_NativeExceptionUpload_registNativeExceptionHandler end

03-30 10:51:54.908 28322 28438 I native_eup: NativeRQDVersion:testbuildnum

03-30 10:51:55.001  2044  2044 I ActivityManager: Killing 17645:com.miui.weather2/u0a31 (adj 15): empty for 611s

03-30 10:51:55.001  2044  2044 I ActivityManager: Killing 17677:com.miui.systemAdSolution:remote/u0a79 (adj 15): empty for 611s

03-30 10:51:55.021  2044  3885 D ActivityManagerInjector: com.miui.weather2 is killed by AMS with adj 15 ,do not allow restart

03-30 10:51:55.021  2044  3885 D ActivityManager: cleanUpApplicationRecord -- 17645

03-30 10:51:55.022   322   322 E lowmemorykiller: Error writing /proc/17677/oom_score_adj; errno=22

03-30 10:51:55.029  2044  4142 D ActivityManager: cleanUpApplicationRecord -- 17677

03-30 10:51:55.033 13976 24410 V MiCloudSyncStateObserver: sync status observer: 2

03-30 10:51:55.033 13976 24410 V MiCloudSyncStateObserver: notify change

03-30 10:51:55.067 13976 13976 V MiCloudSyncStateService: onEventMainThread: type: 1

03-30 10:51:55.069 28437 28437 W BUGLY_THREAD: type=1400 audit(0.0:55250849): avc: denied { search } for name="usb" dev="sysfs" ino=20911 scontext=u:r:untrusted_app:s0:c512,c768 tcontext=u:object_r:sysfs_usb_supply:s0 tclass=dir permissive=0

03-30 10:51:55.075 13976 13987 V MiCloudSyncStateObserver: sync status observer: 2

03-30 10:51:55.069 28437 28437 W BUGLY_THREAD: type=1400 audit(0.0:55250850): avc: denied { search } for name="battery" dev="sysfs" ino=25560 scontext=u:r:untrusted_app:s0:c512,c768 tcontext=u:object_r:sysfs_battery_supply:s0 tclass=dir permissive=0

03-30 10:51:55.075 13976 13987 V MiCloudSyncStateObserver: notify change

03-30 10:51:55.075 13976 13976 V MiCloudSyncStateService: onEventMainThread: type: 1

03-30 10:51:55.075 13976 13976 V MiCloudSyncStateService: Sync state is being checked.

03-30 10:51:55.076 13976 14033 V MiCloudSyncStateTask: Authority: com.android.contacts, DirtyCount: 0, DirtyCountDependWifi: 0, SyncAutomatically: true, IsSyncable: true, SyncState: SYNCED.

03-30 10:51:55.083 13976 14033 V MiCloudSyncStateTask: Authority: wifi, DirtyCount: 0, DirtyCountDependWifi: 0, SyncAutomatically: true, IsSyncable: true, SyncState: SYNCED.

03-30 10:51:55.089 13976 14033 V MiCloudSyncStateProviderHelper: isGallerySyncing

03-30 10:51:55.097 24778 24790 D MiuiGallery2_SyncLog_GalleryCloudProvider: query upload state isUploading[0], hasPendingItem[0]

03-30 10:51:55.126  4229  4367 W WtProcessController: do not trim { PackageName :com.tencent.mobileqq Pid: 28304 Uid: 10137 Start by: activity Score:50 Old score:50 state:0 mBackgroundTimeInMillis:1490842282106 WakelockCount:0 wakelogsize:0  ActivityDestroied:false Activity size: 3 PackageInfo:{WhetstonePackageInfo#PacakgeName:com.tencent.mobileqq uid:10137 uiMemoryThresold:0 nonUiMemoryThresold:0 Flag:4160,0x1040 [,TRIMHEAPS,FLAG_DEAL_SCHEDULE] Type:64[,AUTO_START] } tasknum:17570}

03-30 10:51:55.140 13976 14033 V MiCloudSyncStateProviderHelper: result:false

03-30 10:51:55.141 13976 14033 V MiCloudSyncStateProviderHelper: isGalleryPending

03-30 10:51:55.146 24778 24791 D MiuiGallery2_SyncLog_GalleryCloudProvider: query upload state isUploading[0], hasPendingItem[0]

03-30 10:51:55.148 13976 14033 V MiCloudSyncStateProviderHelper: result:false

03-30 10:51:55.148 13976 14033 V MiCloudSyncStateTask: Authority: com.miui.gallery.cloud.provider, DirtyCount: 0, DirtyCountDependWifi: 0, SyncAutomatically: true, IsSyncable: true, SyncState: SYNCED.

03-30 10:51:55.151 13976 14033 V MiCloudSyncStateTask: Authority: notes, DirtyCount: 0, DirtyCountDependWifi: 0, SyncAutomatically: true, IsSyncable: true, SyncState: SYNCED.

03-30 10:51:55.152 28322 28734 W System  : ClassLoader referenced unknown path: /system/framework/tcmclient.jar

03-30 10:51:55.153 13976 14033 V MiCloudSyncStateTask: Authority: antispam, DirtyCount: 0, DirtyCountDependWifi: 0, SyncAutomatically: true, IsSyncable: true, SyncState: SYNCED.

03-30 10:51:55.154  3745  3745 D wpa_supplicant: wlan0: Control interface command 'SIGNAL_POLL'

03-30 10:51:55.156 13976 14033 V MiCloudSyncStateTask: Authority: records, DirtyCount: 0, DirtyCountDependWifi: 0, SyncAutomatically: true, IsSyncable: true, SyncState: SYNCED.

03-30 10:51:55.158 13976 14033 V MiCloudSyncStateTask: Authority: sms, DirtyCount: 0, DirtyCountDependWifi: 0, SyncAutomatically: true, IsSyncable: true, SyncState: SYNCED.

03-30 10:51:55.159 13976 14033 V MiCloudSyncStateTask: Authority: com.miui.browser, DirtyCount: 0, DirtyCountDependWifi: 0, SyncAutomatically: true, IsSyncable: true, SyncState: SYNCED.

03-30 10:51:55.161 13976 14033 V MiCloudSyncStateTask: Authority: call_log, DirtyCount: 0, DirtyCountDependWifi: 0, SyncAutomatically: true, IsSyncable: true, SyncState: SYNCED.

03-30 10:51:55.163 13976 14033 V MiCloudSyncStateTask: Authority: com.miui.player, DirtyCount: 0, DirtyCountDependWifi: 0, SyncAutomatically: true, IsSyncable: true, SyncState: SYNCED.

03-30 10:51:55.164 13976 14033 V MiCloudSyncStateTask: Authority: com.android.calendar, DirtyCount: 0, DirtyCountDependWifi: 0, SyncAutomatically: true, IsSyncable: true, SyncState: SYNCED.

03-30 10:51:55.168  3745  3745 D wpa_supplicant: CTRL-DEBUG: global_ctrl_sock-sendto: sock=11 sndbuf=163840 outq=0 send_len=49

03-30 10:51:55.171  4229  4367 W WtProcessController: do not trim { PackageName :com.tencent.mobileqq Pid: 17177 Uid: 10137 Start by: service Score:50 Old score:50 state:0 mBackgroundTimeInMillis:1490842282106 WakelockCount:0 wakelogsize:0  ActivityDestroied:false Activity size: 0 PackageInfo:{WhetstonePackageInfo#PacakgeName:com.tencent.mobileqq uid:10137 uiMemoryThresold:0 nonUiMemoryThresold:0 Flag:4160,0x1040 [,TRIMHEAPS,FLAG_DEAL_SCHEDULE] Type:64[,AUTO_START] } tasknum:-1}

03-30 10:51:55.198 13976 13976 V MiCloudSyncStateService: onEventMainThread: type: 2

03-30 10:51:55.198 13976 13976 V MiCloudSyncStateProviderHelper: REMOVED: setSyncState: SYNCED

03-30 10:51:55.198 13976 13976 V MiCloudSyncStateStat: statSyncState: SYNCED

03-30 10:51:55.198 13976 13976 D StatHelper: recordCountEvent(): category:category_sync, key:key_sync_state_result, params:{param_sync_state=SYNCED}

03-30 10:51:55.204 13976 13976 V MiCloudNotificationHelper: cancelNotification: name: MiCloudAlertMasterNotification

03-30 10:51:55.208 13976 13976 V MiCloudNotificationHelper: cancelNotification: name: MiCloudAlertSubNotification

03-30 10:51:55.208 13976 13976 V MiCloudNotificationHelper: cancelNotification: name: MiCloudSyncWithOffNotification

03-30 10:51:55.208 13976 13976 V MiCloudNotificationHelper: cancelNotification: name: MiCloudMasterDependWifiNotification

03-30 10:51:55.208 13976 13976 V MiCloudNotificationHelper: cancelNotification: name: MiCloudDependWifiNotification

03-30 10:51:55.208 13976 13976 V MiCloudNotificationHelper: cancelNotification: name: MiCloudMasterDependWifiNotification

03-30 10:51:55.208 13976 13976 V MiCloudNotificationHelper: cancelNotification: name: MiCloudBatteryLowNotification

03-30 10:51:55.208 13976 13976 V MiCloudNotificationHelper: cancelNotification: name: MiCloudMemoryLowNotification

03-30 10:51:55.208 13976 13976 V MiCloudNotificationHelper: cancelNotification: name: MiCloudMultiUserErrorNotification

03-30 10:51:55.208 13976 13976 V MiCloudSyncStateNotificationHelper: pendingSyncStateNotification

03-30 10:51:55.208 13976 13976 V MiCloudSyncStateNotificationHelper: SyncState: SYNCED

03-30 10:51:55.208 13976 13976 V MiCloudSyncProgressHelper: setShowSyncProgress: updateSyncProgress

03-30 10:51:55.208 13976 13976 V MiCloudSyncProgressHelper: Did not set show progress

03-30 10:51:55.208 13976 13976 V MiCloudSyncStateService: callbackSyncState: SYNCED

03-30 10:51:55.208 13976 13976 V MiCloudSyncStateService: callbackSyncState: 0

03-30 10:51:55.208 13976 13976 V MiCloudSyncStateObserver: notify change

03-30 10:51:55.209 13976 13976 V MiCloudSyncStateService: onEventMainThread: type: 1

03-30 10:51:55.209 13976 13976 V MiCloudSyncStateService: Sync state is being checked.

03-30 10:51:55.225  4229  4367 W WtProcessController: do not trim { PackageName :com.orvibo.homemate Pid: 27823 Uid: 10143 Start by: activity Score:50 Old score:50 state:0 mBackgroundTimeInMillis:1490842268427 WakelockCount:0 wakelogsize:0  ActivityDestroied:false Activity size: 5 PackageInfo:{WhetstonePackageInfo#PacakgeName:com.orvibo.homemate uid:10143 uiMemoryThresold:0 nonUiMemoryThresold:0 Flag:1073745984,0x40001040 [,TRIMHEAPS,FLAG_DEAL_SCHEDULE] Type:64[,AUTO_START] } tasknum:17570}

03-30 10:51:55.256  4229  4367 W WtProcessController: do not trim { PackageName :com.tencent.mobileqq Pid: 28322 Uid: 10137 Start by: content provider Score:50 Old score:50 state:0 mBackgroundTimeInMillis:1490842282106 WakelockCount:0 wakelogsize:0  ActivityDestroied:false Activity size: 0 PackageInfo:{WhetstonePackageInfo#PacakgeName:com.tencent.mobileqq uid:10137 uiMemoryThresold:0 nonUiMemoryThresold:0 Flag:4160,0x1040 [,TRIMHEAPS,FLAG_DEAL_SCHEDULE] Type:64[,AUTO_START] } tasknum:-1}

03-30 10:51:55.376  3746  3746 W SystemUI.toggleContainer: view is null:null null null

03-30 10:51:55.504   379   493 I ThermalEngine: Sensor:batt_temp:366 mC

03-30 10:51:55.599 25810 25810 W AppWatcher: type=1400 audit(0.0:55250851): avc: denied { getattr } for path="/proc/opalum-temp-calib" dev="proc" ino=4026534631 scontext=u:r:untrusted_app:s0:c512,c768 tcontext=u:object_r:proc_opalum:s0 tclass=file permissive=0

03-30 10:51:55.599 25810 25810 W AppWatcher: type=1400 audit(0.0:55250852): avc: denied { getattr } for path="/proc/opalum-f0-calib" dev="proc" ino=4026534630 scontext=u:r:untrusted_app:s0:c512,c768 tcontext=u:object_r:proc_opalum:s0 tclass=file permissive=0

03-30 10:51:55.599 25810 25810 W AppWatcher: type=1400 audit(0.0:55250853): avc: denied { getattr } for path="/proc/sysrq-trigger" dev="proc" ino=4026533735 scontext=u:r:untrusted_app:s0:c512,c768 tcontext=u:object_r:proc_sysrq:s0 tclass=file permissive=0

03-30 10:51:55.609 25810 25810 W AppWatcher: type=1400 audit(0.0:55250854): avc: denied { getattr } for path="/proc/1" dev="proc" ino=11921139 scontext=u:r:untrusted_app:s0:c512,c768 tcontext=u:r:init:s0 tclass=dir permissive=0

03-30 10:51:55.609 25810 25810 W AppWatcher: type=1400 audit(0.0:55250855): avc: denied { getattr } for path="/proc/2" dev="proc" ino=11961941 scontext=u:r:untrusted_app:s0:c512,c768 tcontext=u:r:kernel:s0 tclass=dir permissive=0

03-30 10:51:55.609 25810 25810 W AppWatcher: type=1400 audit(0.0:55250856): avc: denied { getattr } for path="/proc/3" dev="proc" ino=11961942 scontext=u:r:untrusted_app:s0:c512,c768 tcontext=u:r:kernel:s0 tclass=dir permissive=0

03-30 10:51:55.609 25810 25810 W AppWatcher: type=1400 audit(0.0:55250857): avc: denied { getattr } for path="/proc/6" dev="proc" ino=11961943 scontext=u:r:untrusted_app:s0:c512,c768 tcontext=u:r:kernel:s0 tclass=dir permissive=0

03-30 10:51:55.609 25810 25810 W AppWatcher: type=1400 audit(0.0:55250858): avc: denied { getattr } for path="/proc/7" dev="proc" ino=11961944 scontext=u:r:untrusted_app:s0:c512,c768 tcontext=u:r:kernel:s0 tclass=dir permissive=0

03-30 10:51:55.619 25810 25810 W AppWatcher: type=1400 audit(0.0:55250859): avc: denied { getattr } for path="/proc/8" dev="proc" ino=11961945 scontext=u:r:untrusted_app:s0:c512,c768 tcontext=u:r:kernel:s0 tclass=dir permissive=0

03-30 10:51:55.619 25810 25810 W AppWatcher: type=1400 audit(0.0:55250860): avc: denied { getattr } for path="/proc/21" dev="proc" ino=11961946 scontext=u:r:untrusted_app:s0:c512,c768 tcontext=u:r:kernel:s0 tclass=dir permissive=0

03-30 10:51:55.619 25810 25810 W AppWatcher: type=1400 audit(0.0:55250861): avc: denied { getattr } for path="/proc/22" dev="proc" ino=11961947 scontext=u:r:untrusted_app:s0:c512,c768 tcontext=u:r:kernel:s0 tclass=dir permissive=0

03-30 10:51:55.619 25810 25810 W AppWatcher: type=1400 audit(0.0:55250862): avc: denied { getattr } for path="/proc/28" dev="proc" ino=11961948 scontext=u:r:untrusted_app:s0:c512,c768 tcontext=u:r:kernel:s0 tclass=dir permissive=0

03-30 10:51:55.619 25810 25810 W AppWatcher: type=1400 audit(0.0:55250863): avc: denied { getattr } for path="/proc/29" dev="proc" ino=11961949 scontext=u:r:untrusted_app:s0:c512,c768 tcontext=u:r:kernel:s0 tclass=dir permissive=0

03-30 10:51:55.629 25810 25810 W AppWatcher: type=1400 audit(0.0:55250864): avc: denied { getattr } for path="/proc/30" dev="proc" ino=11961950 scontext=u:r:untrusted_app:s0:c512,c768 tcontext=u:r:kernel:s0 tclass=dir permissive=0

03-30 10:51:55.629 25810 25810 W AppWatcher: type=1400 audit(0.0:55250865): avc: denied { getattr } for path="/proc/32" dev="proc" ino=11961951 scontext=u:r:untrusted_app:s0:c512,c768 tcontext=u:r:kernel:s0 tclass=dir permissive=0

03-30 10:51:55.629 25810 25810 W AppWatcher: type=1400 audit(0.0:55250866): avc: denied { getattr } for path="/proc/33" dev="proc" ino=11961952 scontext=u:r:untrusted_app:s0:c512,c768 tcontext=u:r:kernel:s0 tclass=dir permissive=0

03-30 10:51:55.639 25810 25810 W AppWatcher: type=1400 audit(0.0:55250867): avc: denied { getattr } for path="/proc/34" dev="proc" ino=11961953 scontext=u:r:untrusted_app:s0:c512,c768 tcontext=u:r:kernel:s0 tclass=dir permissive=0

03-30 10:51:55.639 25810 25810 W AppWatcher: type=1400 audit(0.0:55250868): avc: denied { getattr } for path="/proc/61" dev="proc" ino=11961954 scontext=u:r:untrusted_app:s0:c512,c768 tcontext=u:r:kernel:s0 tclass=dir permissive=0

03-30 10:51:55.870  6151  6186 I octvm_klo: read wakeups from wakealarm_fd:1

03-30 10:51:55.871  6151  6186 I octvm_klo: new timerfd interval:

03-30 10:51:55.871  6151  6186 I octvm_klo: 	itval.it_interval.tv_sec 1, itval.it_interval.tv_nsec 0

03-30 10:51:55.871  6151  6186 I octvm_klo: 	itval.it_value.tv_sec 0, itval.it_value.tv_nsec 999996406

03-30 10:51:56.506   379   493 I ThermalEngine: Sensor:batt_temp:366 mC

03-30 10:51:56.871  6151  6186 I octvm_klo: read wakeups from wakealarm_fd:1

03-30 10:51:56.871  6151  6186 I octvm_klo: new timerfd interval:

03-30 10:51:56.871  6151  6186 I octvm_klo: 	itval.it_interval.tv_sec 1, itval.it_interval.tv_nsec 0

03-30 10:51:56.871  6151  6186 I octvm_klo: 	itval.it_value.tv_sec 0, itval.it_value.tv_nsec 999987657

03-30 10:51:57.507   379   493 I ThermalEngine: Sensor:batt_temp:366 mC

03-30 10:51:57.615  4116  4556 I XiaomiFirewall: firewall pkgName:com.orvibo.homemate, result:0x0

03-30 10:51:57.871  6151  6186 I octvm_klo: read wakeups from wakealarm_fd:1

03-30 10:51:57.871  6151  6186 I octvm_klo: new timerfd interval:

03-30 10:51:57.871  6151  6186 I octvm_klo: 	itval.it_interval.tv_sec 1, itval.it_interval.tv_nsec 0

03-30 10:51:57.871  6151  6186 I octvm_klo: 	itval.it_value.tv_sec 0, itval.it_value.tv_nsec 999991875

03-30 10:51:58.171  3745  3745 D wpa_supplicant: wlan0: Control interface command 'SIGNAL_POLL'

03-30 10:51:58.190  3745  3745 D wpa_supplicant: CTRL-DEBUG: global_ctrl_sock-sendto: sock=11 sndbuf=163840 outq=0 send_len=49

03-30 10:51:58.509   379   493 I ThermalEngine: Sensor:batt_temp:365 mC

03-30 10:51:58.871  6151  6186 I octvm_klo: read wakeups from wakealarm_fd:1

03-30 10:51:58.872  6151  6186 I octvm_klo: new timerfd interval:

03-30 10:51:58.872  6151  6186 I octvm_klo: 	itval.it_interval.tv_sec 1, itval.it_interval.tv_nsec 0

03-30 10:51:58.872  6151  6186 I octvm_klo: 	itval.it_value.tv_sec 0, itval.it_value.tv_nsec 999988750

03-30 10:51:59.510   379   493 I ThermalEngine: Sensor:batt_temp:366 mC

03-30 10:51:59.872  6151  6186 I octvm_klo: read wakeups from wakealarm_fd:1

03-30 10:51:59.872  6151  6186 I octvm_klo: new timerfd interval:

03-30 10:51:59.872  6151  6186 I octvm_klo: 	itval.it_interval.tv_sec 1, itval.it_interval.tv_nsec 0

03-30 10:51:59.872  6151  6186 I octvm_klo: 	itval.it_value.tv_sec 0, itval.it_value.tv_nsec 999988698

03-30 10:52:00.123  2044  3620 D WifiStateMachine: starting scan for "56.1_neiwang"-WPA_PSK with 5280,2412

03-30 10:52:00.124  3745  3745 D wpa_supplicant: wlan0: Control interface command 'SCAN TYPE=ONLY freq=5280,2412'

03-30 10:52:00.124  3745  3745 D wpa_supplicant: wlan0: Setting scan request: 0.000000 sec

03-30 10:52:00.124  3745  3745 D wpa_supplicant: CTRL-DEBUG: global_ctrl_sock-sendto: sock=11 sndbuf=163840 outq=0 send_len=3

03-30 10:52:00.124  3745  3745 D wpa_supplicant: wlan0: Starting AP scan for wildcard SSID

03-30 10:52:00.124  3745  3745 D wpa_supplicant: wlan0: Limit manual scan to specified channels

03-30 10:52:00.124  3745  3745 D wpa_supplicant: wlan0: Add radio work 'scan'@0xb68d9398

03-30 10:52:00.124  3745  3745 D wpa_supplicant: wlan0: First radio work item in the queue - schedule start immediately

03-30 10:52:00.125  3745  3745 D wpa_supplicant: wlan0: Starting radio work 'scan'@0xb68d9398 after 0.000114 second wait

03-30 10:52:00.125  3745  3745 D wpa_supplicant: wlan0: nl80211: scan request

03-30 10:52:00.125  3745  3745 D wpa_supplicant: nl80211: Scan SSID - hexdump(len=0): [NULL]

03-30 10:52:00.125  3745  3745 D wpa_supplicant: nl80211: Scan extra IEs - hexdump(len=7): 7f 05 00 00 0a 02 01

03-30 10:52:00.125  3745  3745 D wpa_supplicant: nl80211: Scan frequency 2412 MHz

03-30 10:52:00.125  3745  3745 D wpa_supplicant: nl80211: Scan frequency 5280 MHz

03-30 10:52:00.139  3745  3745 D wpa_supplicant: Scan requested (ret=0) - scan timeout 30 seconds

03-30 10:52:00.139  3745  3745 D wpa_supplicant: nl80211: Event message available

03-30 10:52:00.139  3745  3745 D wpa_supplicant: nl80211: Drv Event 33 (NL80211_CMD_TRIGGER_SCAN) received for wlan0

03-30 10:52:00.139  3745  3745 D wpa_supplicant: wlan0: nl80211: Scan trigger

03-30 10:52:00.139  3745  3745 D wpa_supplicant: wlan0: Event SCAN_STARTED (47) received

03-30 10:52:00.139  3745  3745 D wpa_supplicant: wlan0: Own scan request started a scan in 0.000197 seconds

03-30 10:52:00.140  3745  3745 D wpa_supplicant: CTRL-DEBUG: ctrl_sock-sendmsg: sock=11 sndbuf=163840 outq=0 send_len=24

03-30 10:52:00.140  3745  3745 D wpa_supplicant: CTRL_IFACE monitor sent successfully to /data/misc/wifi/sockets/wpa_ctrl_2044-2\x00

03-30 10:52:00.278  3745  3745 D wpa_supplicant: nl80211: Event message available

03-30 10:52:00.278  3745  3745 D wpa_supplicant: nl80211: Drv Event 34 (NL80211_CMD_NEW_SCAN_RESULTS) received for wlan0

03-30 10:52:00.278  3745  3745 D wpa_supplicant: wlan0: nl80211: New scan results available

03-30 10:52:00.279  3745  3745 D wpa_supplicant: nl80211: Scan included frequencies: 2412 5280

03-30 10:52:00.279  3745  3745 D wpa_supplicant: wlan0: Event SCAN_RESULTS (3) received

03-30 10:52:00.279  3745  3745 D wpa_supplicant: wlan0: Scan completed in 0.139437 seconds

03-30 10:52:00.279  3745  3745 D wpa_supplicant: nl80211: Associated on 5280 MHz

03-30 10:52:00.280  3745  3745 D wpa_supplicant: nl80211: Associated with cc:81:da:9c:13:28

03-30 10:52:00.302  3745  3745 D wpa_supplicant: nl80211: Received scan results (32 BSSes)

03-30 10:52:00.302  3745  3745 D wpa_supplicant: nl80211: Scan results indicate BSS status with cc:81:da:9c:13:28 as associated

03-30 10:52:00.303  3745  3745 D wpa_supplicant: wlan0: BSS: Start scan result update 5303

03-30 10:52:00.303  3745  3745 D wpa_supplicant: wlan0: BSS: Add new id 8654 BSSID 20:76:93:24:bd:70 SSID 'wukong222'

03-30 10:52:00.304  3745  3745 D wpa_supplicant: CTRL-DEBUG: ctrl_sock-sendmsg: sock=11 sndbuf=163840 outq=0 send_len=43

03-30 10:52:00.305  3745  3745 D wpa_supplicant: CTRL_IFACE monitor sent successfully to /data/misc/wifi/sockets/wpa_ctrl_2044-2\x00

03-30 10:52:00.305  3745  3745 D wpa_supplicant: wlan0: BSS: Remove id 8648 BSSID 20:a6:80:6c:2d:c0 SSID 'HUAWEI' due to no match in scan

03-30 10:52:00.305  3745  3745 D wpa_supplicant: CTRL-DEBUG: ctrl_sock-sendmsg: sock=11 sndbuf=163840 outq=0 send_len=45

03-30 10:52:00.311  3745  3745 D wpa_supplicant: CTRL_IFACE monitor sent successfully to /data/misc/wifi/sockets/wpa_ctrl_2044-2\x00

03-30 10:52:00.311  3745  3745 D wpa_supplicant: BSS: last_scan_res_used=32/64

03-30 10:52:00.311  3745  3745 D wpa_supplicant: wlan0: Scan-only results received

03-30 10:52:00.312  3745  3745 D wpa_supplicant: CTRL-DEBUG: ctrl_sock-sendmsg: sock=11 sndbuf=163840 outq=0 send_len=24

03-30 10:52:00.316  3745  3745 D wpa_supplicant: CTRL_IFACE monitor sent successfully to /data/misc/wifi/sockets/wpa_ctrl_2044-2\x00

03-30 10:52:00.316  3745  3745 D wpa_supplicant: wlan0: Radio work 'scan'@0xb68d9398 done in 0.191155 seconds

03-30 10:52:00.318  3745  3745 D wpa_supplicant: CTRL-DEBUG: global_ctrl_sock-sendto: sock=11 sndbuf=163840 outq=0 send_len=3553

03-30 10:52:00.337  3745  3745 D wpa_supplicant: RTM_NEWLINK: ifi_index=22 ifname=wlan0 wext ifi_family=0 ifi_flags=0x11043 ([UP][RUNNING][LOWER_UP])

03-30 10:52:00.351  3745  3745 D wpa_supplicant: CTRL-DEBUG: global_ctrl_sock-sendto: sock=11 sndbuf=163840 outq=0 send_len=3770

03-30 10:52:00.354  3745  3745 D wpa_supplicant: CTRL-DEBUG: global_ctrl_sock-sendto: sock=11 sndbuf=163840 outq=0 send_len=3800

03-30 10:52:00.361  3745  3745 D wpa_supplicant: CTRL-DEBUG: global_ctrl_sock-sendto: sock=11 sndbuf=163840 outq=0 send_len=3634

03-30 10:52:00.364  3745  3745 D wpa_supplicant: CTRL-DEBUG: global_ctrl_sock-sendto: sock=11 sndbuf=163840 outq=0 send_len=3322

