03-30 10:41:29.847 17316 17316 D HomeMate: allen[ main: HomeDevicePresenter.java:114 refresh() ] - Show devices from Room{roomId='ea4205a93f1c46b4a6df9bb391513dd9', roomName='é»˜è®¤æˆ¿é—´', floorId='714c9032b3ef488bbfe77bff438d53a4', roomType=0, sequence=0, isDefaultRoom=false, imgUrl='/storage/emulated/0/HomeMate/room/6_thumb'} BaseBo{delFlag=0, updateTime='0', createTime='0', updateTimeSec=0, uid='null', userName='null'}

03-30 10:41:29.852 17316 17316 D HomeMate: allen[ main: HomeDevicePresenter.java:116 refresh() ] - devices [Device{uid=5ccf7fda9b5e, deviceName=S30æ™ºèƒ½æ’åº§, deviceId=040c8e12fd4d4f3192d9a5378cf8b149, appDeviceId=65533, deviceType=29, roomId=, company='', delFlag=0, extAddr='', endpoint=-1, irDeviceId=, sequence=0, model='62f1da0474434509923b2dc947a0f14c', updateTime=1490840335000(2017-03-30 10:18:55), userName=null} ]

03-30 10:41:29.855 17316 17316 D HomeMate: allen[ main: HomeDevicePresenter.java:121 refresh() ] - other devices []

03-30 10:41:29.858 17316 17316 D HomeMate: allen[ main: HomeDevicePresenter.java:155 refreshDeviceStatus() ] - deviceStatusMap {040c8e12fd4d4f3192d9a5378cf8b149=Action{uid=5ccf7fda9b5e, deviceId=040c8e12fd4d4f3192d9a5378cf8b149, command='null', value1=0, value2=0, value3=0, value4=0, alarmType=1, delayTime=0, keyName='null', freq=0, name=, pluseNum=0, pluseData=null} }

03-30 10:41:29.859 17316 17316 D HomeMate: allen[ main: HomePagerFragment.java:229 onDeviceInit() ] - devices:[Device{uid=5ccf7fda9b5e, deviceName=S30æ™ºèƒ½æ’åº§, deviceId=040c8e12fd4d4f3192d9a5378cf8b149, appDeviceId=65533, deviceType=29, roomId=, company='', delFlag=0, extAddr='', endpoint=-1, irDeviceId=, sequence=0, model='62f1da0474434509923b2dc947a0f14c', updateTime=1490840335000(2017-03-30 10:18:55), userName=null} ],otherDevices:[]

03-30 10:41:29.864 17316 17316 D HomeMate: allen[ main: HomePagerFragment.java:279 onDeviceInit() ] - Show devices

03-30 10:41:29.865 17316 17316 D HomeMate: allen[ main: HomeDevicePresenter.java:129 refresh() ] - Finish to init device. cost 18ms

03-30 10:41:29.865 17316 17316 D HomeMate: comm[ main: DeviceUtil.java:953 getEnergyDevices() ] - familyId:ea4205a93f1c46b4a6df9bb391513dd9

03-30 10:41:29.869 17316 17316 D HomeMate: comm[ main: DeviceUtil.java:989 getEnergyDevices() ] - energyRemindDevices:[]

03-30 10:41:29.869 17316 17316 I HomeMate: wei[ main: RoomCommonSceneDao.java:46 selRoomCommonScene() ] - select * from scene inner join roomcommonscene on scene.sceneNo = roomcommonscene.sceneNo where roomcommonscene.userId = ? and roomcommonscene.roomId = ? order by roomcommonscene.sceneSequence ASC

03-30 10:41:29.880 17316 17316 D HomeMate: comm[ main: RoomImageUtil.java:275 getRoomImagePathByName() ] - RoomImageUtil: getRoomImagePathByName(file.exists == false !)

03-30 10:41:29.880 17316 17316 D HomeMate: comm[ main: HomePagerFragment.java:349 setRoomImage() ] - room:Room{roomId='ea4205a93f1c46b4a6df9bb391513dd9', roomName='é»˜è®¤æˆ¿é—´', floorId='714c9032b3ef488bbfe77bff438d53a4', roomType=0, sequence=0, isDefaultRoom=false, imgUrl='/storage/emulated/0/HomeMate/room/6_thumb'} BaseBo{delFlag=0, updateTime='0', createTime='0', updateTimeSec=0, uid='null', userName='null'}   file.exists()->true

03-30 10:41:29.881 17316 17316 D HomeMate: allen[ main: HomePagerFragment.java:202 onStart() ] - onStart()

03-30 10:41:29.882 17316 17316 D HomeMate: allen[ main: HomePagerFragment.java:208 onResume() ] - onResume()

03-30 10:41:29.885 17316 17316 E RecyclerView: No adapter attached; skipping layout

03-30 10:41:29.962 17316 17316 D HomeMate: comm[ main: MainPresenter.java:804 handleMessage() ] - Start to check unbind device

03-30 10:41:29.965 17316 17412 D HomeMate: comm[ pool-6-thread-1: SearchDevice.java:136 searchWifiDevice() ] - searchWifiDevice()

03-30 10:41:29.967 17316 17316 D HomeMate: comm[ main: QueryUnbinds.java:69 queryAllWifiDevices() ] - QueryUnbinds.queryWifiSockets

03-30 10:41:29.969 17316 17426 I HomeMate: comm[ pool-6-thread-2: BaseRequest.java:118 doRequestAsync() ] - registerEvent: com.orvibo.homemate.device.searchdevice.SearchDevice$2@c652457

03-30 10:41:29.973 17316 17426 D HomeMate: comm[ pool-6-thread-2: BaseRequest.java:978 saveSerial() ] - Record serial 1095138339 on com.orvibo.homemate.device.searchdevice.SearchDevice$2@c652457

03-30 10:41:29.974 17316 17462 D HomeMate: comm[ pool-4-thread-2: MinaSocket.java:139 send() ] - target:server,position:server start request.requestConfig:RequestConfig{state=2, type=0, target=1, requestConf=RequestConf{totalCount=2, intervalTime=3500, lastTimeoutTime=5000}},messageLength:90

03-30 10:41:29.974 17316 17462 D HomeMate: sConnectFutures:{server=org.apache.mina.core.polling.AbstractPollingIoConnector$ConnectionRequest@abac07f}

03-30 10:41:29.974 17316 17462 I HomeMate: comm[ pool-4-thread-2: CodecEncoder.java:44 encode() ] - encode()-ç¼–ç å®Œæˆ,å‘IP:/192.168.2.242:10001å†™æ•°æ?(90):68,64,00,5a,64,6b,63,08,44,3d,38,64,36,64,31,33,66,33,65,30,32,36,34,35,38,38,61,39,39,33,39,33,38,31,65,64,33,63,34,30,33,30,8c,3f,96,3c,16,c8,df,7e,36,2a,f6,1b,e4,55,a2,85,99,00,c8,a6,07,ca,70,6a,3c,ac,e8,62,c1,8e,ed,98,3b,91,2e,53,b5,b9,82,99,25,38,5f,b7,09,7c,bd,59

03-30 10:41:29.976 17316 17462 D HomeMate: comm[ pool-4-thread-2: MinaSocket.java:157 send() ] - isWritten:true,ioSession:(0x00000001: nio socket, client, /192.168.56.181:46863 => /192.168.2.242:10001)

03-30 10:41:29.977 17316 17462 V HomeMate: comm[ pool-4-thread-2: BaseRequest.java:180 onAsyncTick() ] - Send command:Command{

03-30 10:41:29.977 17316 17462 V HomeMate: uid='server'

03-30 10:41:29.977 17316 17462 V HomeMate: serial=1095138339

03-30 10:41:29.977 17316 17462 V HomeMate: cmd=66

03-30 10:41:29.977 17316 17462 V HomeMate: crc='6308443D'

03-30 10:41:29.977 17316 17462 V HomeMate: requestConfig=RequestConfig{state=2, type=0, target=1, requestConf=RequestConf{totalCount=2, intervalTime=3500, lastTimeoutTime=5000}}

03-30 10:41:29.977 17316 17462 V HomeMate: jsonObject={"cmd":66,"serial":1095138339,"ver":"2.3.0"}}

03-30 10:41:30.438 17316 17464 D HomeMate: comm[ NioProcessor-7: CodecDecoder.java:44 doDecode() ] - hd:6864,actualLen:106

03-30 10:41:30.439 17316 17464 I HomeMate: comm[ NioProcessor-7: CodecDecoder.java:76 doDecode() ] - æŽ¥æ”¶åˆ°IP:192.168.2.242çš„æ•°æ®ï¼š68,64,0,6a,64,6b,41,3,43,fc,38,64,36,64,31,33,66,33,65,30,32,36,34,35,38,38,61,39,39,33,39,33,38,31,65,64,33,63,34,30,33,30,b8,58,3d,bc,f4,b,d5,a2,30,4e,49,f9,d4,52,90,3f,9f,fc,f,73,ca,94,7e,ee,93,fd,8a,69,ef,49,e6,93,f2,2,d0,ea,89,2b,3,bb,8,9a,b7,96,92,a,b6,39,2d,1b,41,21,32,fd,82,4a,4a,9f,3d,fe,92,b2,8b,da

03-30 10:41:30.442 17316 17465 I HomeMate: comm[ pool-5-thread-1: SocketUtil.java:70 progressMessage() ] - protocolType[dk],crc:410343FC,sessionId:8d6d13f3e0264588a9939381ed3c4030,jsonLen:64,ip:192.168.2.242,port:10001

03-30 10:41:30.442 17316 17465 I HomeMate: comm[ pool-5-thread-1: SocketUtil.java:108 progressMessage() ] - After decrypt json[{"serial":1095138339,"deviceList":"[]","cmd":66,"status":0}]

03-30 10:41:30.444 17316 17465 D HomeMate: comm[ pool-5-thread-1: ProcessPayload.java:3044 parseJson2DeviceList() ] - count = 0

03-30 10:41:30.447 17316 17316 D HomeMate: comm[ main: QueryUnbinds.java:98 onEventMainThread() ] - QueryUnbinds.onEventMainThread event.getDeviceUnbindList() = []

03-30 10:41:30.448 17316 17316 D HomeMate: comm[ main: QueryUnbinds.java:99 onEventMainThread() ] - QueryUnbinds onEventMainThread configAp:false

03-30 10:41:30.448 17316 17316 D HomeMate: comm[ main: BaseRequest.java:511 stopRequest() ] -  Stop request com.orvibo.homemate.device.searchdevice.SearchDevice$2@c652457

03-30 10:41:30.480  3745  3745 D wpa_supplicant: wlan0: Control interface command 'SIGNAL_POLL'

03-30 10:41:30.482  3745  3745 D wpa_supplicant: CTRL-DEBUG: global_ctrl_sock-sendto: sock=11 sndbuf=163840 outq=0 send_len=49

03-30 10:41:30.516 17262 17262 I QueryController: Matched selector: UiSelector[INSTANCE=0, RESOURCE_ID=com.orvibo.homemate:id/familyTextView] <<==>> [android.view.accessibility.AccessibilityNodeInfo@8002c3fe; boundsInParent: Rect(0, 0 - 197, 132); boundsInScreen: Rect(132, 55 - 329, 187); packageName: com.orvibo.homemate; className: android.widget.TextView; text: ojrtx; error: null; maxTextLength: -1; contentDescription: null; viewIdResName: com.orvibo.homemate:id/familyTextView; checkable: false; checked: false; focusable: false; focused: false; selected: false; clickable: true; longClickable: false; contextClickable: false; enabled: true; password: false; scrollable: false; actions: [AccessibilityAction: ACTION_SELECT - null, AccessibilityAction: ACTION_CLEAR_SELECTION - null, AccessibilityAction: ACTION_CLICK - null, AccessibilityAction: ACTION_ACCESSIBILITY_FOCUS - null, AccessibilityAction: ACTION_NEXT_AT_MOVEMENT_GRANULARITY - null, AccessibilityAction: ACTION_PREVIOUS_AT_MOVEMENT_GRANULARITY - null, AccessibilityAction: ACTION_SET_SELECTION - null, AccessibilityAction: ACTION_UNKNOWN - null]]

03-30 10:41:30.583 17262 17262 I QueryController: Matched selector: UiSelector[INSTANCE=0, RESOURCE_ID=com.orvibo.homemate:id/familyTextView] <<==>> [android.view.accessibility.AccessibilityNodeInfo@8002c3fe; boundsInParent: Rect(0, 0 - 197, 132); boundsInScreen: Rect(132, 55 - 329, 187); packageName: com.orvibo.homemate; className: android.widget.TextView; text: ojrtx; error: null; maxTextLength: -1; contentDescription: null; viewIdResName: com.orvibo.homemate:id/familyTextView; checkable: false; checked: false; focusable: false; focused: false; selected: false; clickable: true; longClickable: false; contextClickable: false; enabled: true; password: false; scrollable: false; actions: [AccessibilityAction: ACTION_SELECT - null, AccessibilityAction: ACTION_CLEAR_SELECTION - null, AccessibilityAction: ACTION_CLICK - null, AccessibilityAction: ACTION_ACCESSIBILITY_FOCUS - null, AccessibilityAction: ACTION_NEXT_AT_MOVEMENT_GRANULARITY - null, AccessibilityAction: ACTION_PREVIOUS_AT_MOVEMENT_GRANULARITY - null, AccessibilityAction: ACTION_SET_SELECTION - null, AccessibilityAction: ACTION_UNKNOWN - null]]

03-30 10:41:30.583 17262 17262 D UiObject: getText() = ojrtx

03-30 10:41:30.611   379   493 I ThermalEngine: Sensor:batt_temp:358 mC

03-30 10:41:30.666  6151  6186 I octvm_klo: read wakeups from wakealarm_fd:1

03-30 10:41:30.666  6151  6186 I octvm_klo: new timerfd interval:

03-30 10:41:30.666  6151  6186 I octvm_klo: 	itval.it_interval.tv_sec 1, itval.it_interval.tv_nsec 0

03-30 10:41:30.666  6151  6186 I octvm_klo: 	itval.it_value.tv_sec 0, itval.it_value.tv_nsec 999996041

03-30 10:41:30.674 17262 17262 I QueryController: Matched selector: UiSelector[TEXT=åœºæ™¯] <<==>> [android.view.accessibility.AccessibilityNodeInfo@80038af3; boundsInParent: Rect(524153, 0 - 524423, 48); boundsInScreen: Rect(270, 1863 - 540, 1911); packageName: com.orvibo.homemate; className: android.widget.TextView; text: åœºæ™¯; error: null; maxTextLength: -1; contentDescription: null; viewIdResName: com.orvibo.homemate:id/text; checkable: false; checked: false; focusable: false; focused: false; selected: false; clickable: false; longClickable: false; contextClickable: false; enabled: true; password: false; scrollable: false; actions: [AccessibilityAction: ACTION_SELECT - null, AccessibilityAction: ACTION_CLEAR_SELECTION - null, AccessibilityAction: ACTION_ACCESSIBILITY_FOCUS - null, AccessibilityAction: ACTION_NEXT_AT_MOVEMENT_GRANULARITY - null, AccessibilityAction: ACTION_PREVIOUS_AT_MOVEMENT_GRANULARITY - null, AccessibilityAction: ACTION_SET_SELECTION - null, AccessibilityAction: ACTION_UNKNOWN - null]]

03-30 10:41:30.712 17262 17262 I QueryController: Matched selector: UiSelector[TEXT=åœºæ™¯] <<==>> [android.view.accessibility.AccessibilityNodeInfo@80038af3; boundsInParent: Rect(524153, 0 - 524423, 48); boundsInScreen: Rect(270, 1863 - 540, 1911); packageName: com.orvibo.homemate; className: android.widget.TextView; text: åœºæ™¯; error: null; maxTextLength: -1; contentDescription: null; viewIdResName: com.orvibo.homemate:id/text; checkable: false; checked: false; focusable: false; focused: false; selected: false; clickable: false; longClickable: false; contextClickable: false; enabled: true; password: false; scrollable: false; actions: [AccessibilityAction: ACTION_SELECT - null, AccessibilityAction: ACTION_CLEAR_SELECTION - null, AccessibilityAction: ACTION_ACCESSIBILITY_FOCUS - null, AccessibilityAction: ACTION_NEXT_AT_MOVEMENT_GRANULARITY - null, AccessibilityAction: ACTION_PREVIOUS_AT_MOVEMENT_GRANULARITY - null, AccessibilityAction: ACTION_SET_SELECTION - null, AccessibilityAction: ACTION_UNKNOWN - null]]

03-30 10:41:30.721 17262 17262 D InteractionController: clickAndSync(405, 1887)

03-30 10:41:30.796 17316 17401 D UTAnalytics:LogStoreMgr: pid:17316 [store],

03-30 10:41:30.836 17316 17401 D UTAnalytics:UTSqliteLogStore: pid:17316 [insert] ,, isSuccess:true,ret,2262,

03-30 10:41:30.836 17316 17401 D UTAnalytics:UTSqliteLogStore: pid:17316 [insert] ,, isSuccess:true,ret,2263,

03-30 10:41:30.854 17316 17316 D HomeMate: comm[ main: MainActivity.java:116 onClick() ] - android.widget.RelativeLayout{30e4f8 VFE...C.. ...P.... 270,0-540,154 #7f0d0780 app:id/tab_rl}

03-30 10:41:30.882 17316 17316 D HomeMate: comm[ main: MainActivity.java:132 onTabChanged() ] - tabId:åœºæ™¯

03-30 10:41:30.907 17316 17316 D HomeMate: comm[ main: BaseFragment.java:74 onAttach() ] - SceneLinkageFragment

--------- beginning of system

03-30 10:41:30.907  2044  3807 D SystemSettings: Want to modify SystemSettings? See MiuiSettings.System.PUBLIC_SETTINGS

03-30 10:41:30.907  2044  3807 W SettingsProvider: You shouldn't keep your settings in the secure settings. This will soon become an error.

03-30 10:41:30.939 17316 17316 D HomeMate: comm[ main: SceneLinkageFragment.java:115 initView() ] - fragmentManager:FragmentManager{e0f8855 in HostCallbacks{8235b}},sceneFragment:null

03-30 10:41:30.943 17316 17316 D HomeMate: comm[ main: BaseFragment.java:74 onAttach() ] - SmartSceneFragment

03-30 10:41:30.944 17316 17316 D HomeMate: comm[ main: SmartSceneFragment.java:125 onCreateView() ] - onCreateView()

03-30 10:41:31.031 17316 17316 V BoostFramework: BoostFramework() : mPerf = com.qualcomm.qti.Performance@d2394c2

03-30 10:41:31.031 17316 17316 V BoostFramework: BoostFramework() : mPerf = com.qualcomm.qti.Performance@f85a2d3

03-30 10:41:31.035 17316 17316 D HomeMate: comm[ main: SmartSceneFragment.java:198 refreshScenes() ] - refreshScenes()

03-30 10:41:31.108 17316 17316 D HomeMate: comm[ main: SmartSceneFragment.java:637 run() ] - run()-userName:15079034630@126.com,familyId:ea4205a93f1c46b4a6df9bb391513dd9

03-30 10:41:31.133 17316 17316 D HomeMate: comm[ main: MainActivity.java:335 onRefresh() ] - mainRefreshType:1

03-30 10:41:31.133 17316 17316 D HomeMate: comm[ main: MainActivity.java:255 refreshCurrentFragment() ] - Current tag is åœºæ™¯,SceneLinkageFragment{e626b3b #2 id=0x7f0d0299 åœºæ™¯},mainRefreshType:1

03-30 10:41:31.134 17316 17316 D HomeMate: comm[ main: SmartSceneFragment.java:198 refreshScenes() ] - refreshScenes()

03-30 10:41:31.137 17316 17316 D HomeMate: comm[ main: SmartSceneFragment.java:461 handleMessage() ] - handleMessage()-dataSourceList:[SmartScene{scene=Scene{sceneNo=b1b4a798a78246bc8ad360c5f602f6a4, sceneName='æƒ…æ™¯1', userId='null, familyId='ea4205a93f1c46b4a6df9bb391513dd9, roomId=-1, onOffFlag=2, sceneId=-1, groupId=-1, pic=2, sceneSequence=2147483647} BaseBo{delFlag=0, updateTime='1490840781000', createTime='1490840781000', updateTimeSec=0, uid='', userName='null'}, linkage=null, security=null}]

03-30 10:41:31.139 17316 17316 D HomeMate: comm[ main: SmartSceneFragment.java:637 run() ] - run()-userName:15079034630@126.com,familyId:ea4205a93f1c46b4a6df9bb391513dd9

03-30 10:41:31.184 17316 17316 D HomeMate: comm[ main: SmartSceneFragment.java:461 handleMessage() ] - handleMessage()-dataSourceList:[SmartScene{scene=Scene{sceneNo=b1b4a798a78246bc8ad360c5f602f6a4, sceneName='æƒ…æ™¯1', userId='null, familyId='ea4205a93f1c46b4a6df9bb391513dd9, roomId=-1, onOffFlag=2, sceneId=-1, groupId=-1, pic=2, sceneSequence=2147483647} BaseBo{delFlag=0, updateTime='1490840781000', createTime='1490840781000', updateTimeSec=0, uid='', userName='null'}, linkage=null, security=null}]

03-30 10:41:31.228  3745  3745 D wpa_supplicant: nl80211: Event message available

03-30 10:41:31.228  3745  3745 D wpa_supplicant: nl80211: Drv Event 34 (NL80211_CMD_NEW_SCAN_RESULTS) received for wlan0

03-30 10:41:31.228  3745  3745 D wpa_supplicant: wlan0: nl80211: New scan results available

03-30 10:41:31.228  3745  3745 D wpa_supplicant: nl80211: Scan included frequencies: 2412 2417 2422 2427 2432 2437 2442 2447 2452 2457 2462 2467 2472 5180 5200 5220 5240 5260 5280 5300 5320 5745 5765 5785 5805 5825

03-30 10:41:31.228  3745  3745 D wpa_supplicant: wlan0: Event SCAN_RESULTS (3) received

03-30 10:41:31.228  3745  3745 D wpa_supplicant: wlan0: Scan completed in 2.302352 seconds

03-30 10:41:31.228  3745  3745 D wpa_supplicant: nl80211: Associated on 5280 MHz

03-30 10:41:31.228  3745  3745 D wpa_supplicant: nl80211: Associated with cc:81:da:9c:13:28

03-30 10:41:31.228  3745  3745 D wpa_supplicant: nl80211: Received scan results (27 BSSes)

03-30 10:41:31.228  3745  3745 D wpa_supplicant: nl80211: Scan results indicate BSS status with cc:81:da:9c:13:28 as associated

03-30 10:41:31.229  3745  3745 D wpa_supplicant: wlan0: BSS: Start scan result update 5265

03-30 10:41:31.229  3745  3745 D wpa_supplicant: wlan0: BSS: Add new id 8621 BSSID 88:25:93:4d:34:bf SSID '32.1_vpn_yingguo0310'

03-30 10:41:31.229  3745  3745 D wpa_supplicant: CTRL-DEBUG: ctrl_sock-sendmsg: sock=11 sndbuf=163840 outq=0 send_len=43

03-30 10:41:31.229  3745  3745 D wpa_supplicant: CTRL_IFACE monitor sent successfully to /data/misc/wifi/sockets/wpa_ctrl_2044-2\x00

03-30 10:41:31.229  3745  3745 D wpa_supplicant: wlan0: BSS: Add new id 8622 BSSID b0:95:8e:1d:5a:97 SSID '39.1_VPN_meiguo'

03-30 10:41:31.229  3745  3745 D wpa_supplicant: CTRL-DEBUG: ctrl_sock-sendmsg: sock=11 sndbuf=163840 outq=448 send_len=43

03-30 10:41:31.229  3745  3745 D wpa_supplicant: CTRL_IFACE monitor sent successfully to /data/misc/wifi/sockets/wpa_ctrl_2044-2\x00

03-30 10:41:31.229  3745  3745 D wpa_supplicant: wlan0: BSS: Add new id 8623 BSSID 3c:df:bd:39:72:f4 SSID '55.1_neiwang'

03-30 10:41:31.229  3745  3745 D wpa_supplicant: CTRL-DEBUG: ctrl_sock-sendmsg: sock=11 sndbuf=163840 outq=896 send_len=43

03-30 10:41:31.229  3745  3745 D wpa_supplicant: CTRL_IFACE monitor sent successfully to /data/misc/wifi/sockets/wpa_ctrl_2044-2\x00

03-30 10:41:31.229  3745  3745 D wpa_supplicant: wlan0: BSS: Add new id 8624 BSSID 6c:e8:73:b2:7c:b2 SSID '11.1'

03-30 10:41:31.229  3745  3745 D wpa_supplicant: CTRL-DEBUG: ctrl_sock-sendmsg: sock=11 sndbuf=163840 outq=1344 send_len=43

03-30 10:41:31.229  3745  3745 D wpa_supplicant: CTRL_IFACE monitor sent successfully to /data/misc/wifi/sockets/wpa_ctrl_2044-2\x00

03-30 10:41:31.229  3745  3745 D wpa_supplicant: wlan0: BSS: Remove id 8619 BSSID cc:81:da:8e:c3:90 SSID '33.1_neiwang' due to no match in scan

03-30 10:41:31.229  3745  3745 D wpa_supplicant: CTRL-DEBUG: ctrl_sock-sendmsg: sock=11 sndbuf=163840 outq=1792 send_len=45

03-30 10:41:31.229  3745  3745 D wpa_supplicant: CTRL_IFACE monitor sent successfully to /data/misc/wifi/sockets/wpa_ctrl_2044-2\x00

03-30 10:41:31.229  3745  3745 D wpa_supplicant: BSS: last_scan_res_used=27/64

03-30 10:41:31.229  3745  3745 D wpa_supplicant: wlan0: Scan-only results received

03-30 10:41:31.229  3745  3745 D wpa_supplicant: CTRL-DEBUG: ctrl_sock-sendmsg: sock=11 sndbuf=163840 outq=1792 send_len=24

03-30 10:41:31.230  3745  3745 D wpa_supplicant: CTRL_IFACE monitor sent successfully to /data/misc/wifi/sockets/wpa_ctrl_2044-2\x00

03-30 10:41:31.230  3745  3745 D wpa_supplicant: wlan0: Radio work 'scan'@0xb68d9398 done in 2.305535 seconds

03-30 10:41:31.243  3745  3745 D wpa_supplicant: CTRL-DEBUG: global_ctrl_sock-sendto: sock=11 sndbuf=163840 outq=0 send_len=3541

03-30 10:41:31.243  3745  3745 D wpa_supplicant: RTM_NEWLINK: ifi_index=22 ifname=wlan0 wext ifi_family=0 ifi_flags=0x11043 ([UP][RUNNING][LOWER_UP])

03-30 10:41:31.244  3745  3745 D wpa_supplicant: CTRL-DEBUG: global_ctrl_sock-sendto: sock=11 sndbuf=163840 outq=0 send_len=3598

03-30 10:41:31.247  3745  3745 D wpa_supplicant: CTRL-DEBUG: global_ctrl_sock-sendto: sock=11 sndbuf=163840 outq=0 send_len=3955

03-30 10:41:31.251  3745  3745 D wpa_supplicant: CTRL-DEBUG: global_ctrl_sock-sendto: sock=11 sndbuf=163840 outq=0 send_len=3745

03-30 10:41:31.256  3745  3745 D wpa_supplicant: CTRL-DEBUG: global_ctrl_sock-sendto: sock=11 sndbuf=163840 outq=0 send_len=4095

03-30 10:41:31.282  3745  3745 D wpa_supplicant: EAPOL: EAP Session-Id not available

03-30 10:41:31.282  3745  3745 D wpa_supplicant: CTRL-DEBUG: global_ctrl_sock-sendto: sock=11 sndbuf=163840 outq=0 send_len=279

03-30 10:41:31.285  2044  2078 I WhetstoneClientManager: pid = 2465, uid = 10144 is frozen, not allowed Broadcast

03-30 10:41:31.286  2044  2078 V BroadcastQueueInjector: Skipping BroadcastRecord{2257ed1 u-1 android.net.wifi.SCAN_RESULTS} to ProcessRecord{8fb4531 2465:com.tencent.android.qqdownloader:daemon/u0a144}

03-30 10:41:31.286  2044  2078 D Whetstone-FW: MiuiLog-Whetstone-BroadcastControl BroadcastRecord{2257ed1 u-1 android.net.wifi.SCAN_RESULTS} is discarded

03-30 10:41:31.291  4229 30093 I StepsProvider: Steps Provider Query

03-30 10:41:31.612   379   493 I ThermalEngine: Sensor:batt_temp:358 mC

03-30 10:41:31.638   379   472 I ThermalEngine: Sensor:tsens_tz_sensor5:50000 mC

03-30 10:41:31.640   379   516 I ThermalEngine: Sensor:tsens_tz_sensor5:50000 mC

03-30 10:41:31.640   379   516 I ThermalEngine: TM Id 'CPU0_MONITOR' Sensor 'cpu0' - alarm cleared 1 at 50.0 degC

03-30 10:41:31.642   379   516 I ThermalEngine: ACTION: CPU - Setting CPU[0] to 2457600

03-30 10:41:31.643   379   516 I ThermalEngine: Mitigation:CPU[0]:2457600 Khz

03-30 10:41:31.643   379   516 I ThermalEngine: ACTION: CPU - Setting CPU[1] to 2457600

03-30 10:41:31.643   379   516 E ThermalEngine: Failed to set desired CPU[1] frequency limit to 2457600

03-30 10:41:31.643   379   516 I ThermalEngine: ACTION: CPU - Setting CPU[2] to 2457600

03-30 10:41:31.644   379   516 E ThermalEngine: Failed to set desired CPU[2] frequency limit to 2457600

03-30 10:41:31.644   379   516 I ThermalEngine: ACTION: CPU - Setting CPU[3] to 2457600

03-30 10:41:31.645   379   516 I ThermalEngine: Mitigation:CPU[3]:2457600 Khz

03-30 10:41:31.666  6151  6186 I octvm_klo: read wakeups from wakealarm_fd:1

03-30 10:41:31.666  6151  6186 I octvm_klo: new timerfd interval:

03-30 10:41:31.666  6151  6186 I octvm_klo: 	itval.it_interval.tv_sec 1, itval.it_interval.tv_nsec 0

03-30 10:41:31.666  6151  6186 I octvm_klo: 	itval.it_value.tv_sec 0, itval.it_value.tv_nsec 999995885

03-30 10:41:31.929 17262 17262 I QueryController: Matched selector: UiSelector[INSTANCE=0, RESOURCE_ID=com.orvibo.homemate:id/add_iv] <<==>> [android.view.accessibility.AccessibilityNodeInfo@8004bec5; boundsInParent: Rect(0, 0 - 121, 132); boundsInScreen: Rect(948, 55 - 1069, 187); packageName: com.orvibo.homemate; className: android.widget.ImageView; text: null; error: null; maxTextLength: -1; contentDescription: null; viewIdResName: com.orvibo.homemate:id/add_iv; checkable: false; checked: false; focusable: false; focused: false; selected: false; clickable: true; longClickable: false; contextClickable: false; enabled: true; password: false; scrollable: false; actions: [AccessibilityAction: ACTION_SELECT - null, AccessibilityAction: ACTION_CLEAR_SELECTION - null, AccessibilityAction: ACTION_CLICK - null, AccessibilityAction: ACTION_ACCESSIBILITY_FOCUS - null, AccessibilityAction: ACTION_UNKNOWN - null]]

03-30 10:41:31.955  4513  4642 W Metok_Tag: < metok_app > invalid network operator 

03-30 10:41:31.981 17262 17262 I QueryController: Matched selector: UiSelector[INSTANCE=0, RESOURCE_ID=com.orvibo.homemate:id/add_iv] <<==>> [android.view.accessibility.AccessibilityNodeInfo@8004bec5; boundsInParent: Rect(0, 0 - 121, 132); boundsInScreen: Rect(948, 55 - 1069, 187); packageName: com.orvibo.homemate; className: android.widget.ImageView; text: null; error: null; maxTextLength: -1; contentDescription: null; viewIdResName: com.orvibo.homemate:id/add_iv; checkable: false; checked: false; focusable: false; focused: false; selected: false; clickable: true; longClickable: false; contextClickable: false; enabled: true; password: false; scrollable: false; actions: [AccessibilityAction: ACTION_SELECT - null, AccessibilityAction: ACTION_CLEAR_SELECTION - null, AccessibilityAction: ACTION_CLICK - null, AccessibilityAction: ACTION_ACCESSIBILITY_FOCUS - null, AccessibilityAction: ACTION_UNKNOWN - null]]

03-30 10:41:31.984 17262 17262 D InteractionController: clickAndSync(1008, 121)

03-30 10:41:31.989 17316 17401 D UTAnalytics:LogStoreMgr: pid:17316 [store],

03-30 10:41:31.996 17316 17401 D UTAnalytics:UTSqliteLogStore: pid:17316 sql:SELECT * FROM log ORDER BY time ASC  LIMIT 20,

03-30 10:41:31.998 17316 17401 D UTAnalytics:UTSqliteLogStore: pid:17316 pos,0,count,11,

03-30 10:41:31.998 17316 17401 D UTAnalytics:UTSqliteLogStore: pid:17316 pos,1,count,11,

03-30 10:41:31.998 17316 17401 D UTAnalytics:UTSqliteLogStore: pid:17316 pos,2,count,11,

03-30 10:41:31.998 17316 17401 D UTAnalytics:UTSqliteLogStore: pid:17316 pos,3,count,11,

03-30 10:41:31.998 17316 17401 D UTAnalytics:UTSqliteLogStore: pid:17316 pos,4,count,11,

03-30 10:41:31.998 17316 17401 D UTAnalytics:UTSqliteLogStore: pid:17316 pos,5,count,11,

03-30 10:41:31.998 17316 17401 D UTAnalytics:UTSqliteLogStore: pid:17316 pos,6,count,11,

03-30 10:41:31.998 17316 17401 D UTAnalytics:UTSqliteLogStore: pid:17316 pos,7,count,11,

03-30 10:41:31.998 17316 17401 D UTAnalytics:UTSqliteLogStore: pid:17316 pos,8,count,11,

03-30 10:41:31.999 17316 17401 D UTAnalytics:UTSqliteLogStore: pid:17316 pos,9,count,11,

03-30 10:41:31.999 17316 17401 D UTAnalytics:UTSqliteLogStore: pid:17316 pos,10,count,11,

03-30 10:41:32.012 17316 17401 D UTAnalytics:LogStoreMgr: pid:17316 [get],[Log [id=2253, eventId=2001, index=], Log [id=2254, eventId=19999, index=], Log [id=2255, eventId=19999, index=], Log [id=2256, eventId=2001, index=], Log [id=2257, eventId=19999, index=], Log [id=2258, eventId=2001, index=], Log [id=2259, eventId=2001, index=], Log [id=2260, eventId=2001, index=], Log [id=2261, eventId=19999, index=], Log [id=2262, eventId=19999, index=], Log [id=2263, eventId=2001, index=]],

03-30 10:41:32.023 17316 17401 D UTAnalytics:UploadTask: pid:17316 averagePackageSize:55.363636,

03-30 10:41:32.028  4513  4642 W Metok_Tag: < metok_app > invalid network operator 

03-30 10:41:32.040  4116  4556 I XiaomiFirewall: firewall pkgName:com.orvibo.homemate, result:0x0

03-30 10:41:32.129  4142  4142 W Binder_9: type=1400 audit(0.0:55202860): avc: denied { ioctl } for path="socket:[12148652]" dev="sockfs" ino=12148652 ioctlcmd=7704 scontext=u:r:system_server:s0 tcontext=u:r:system_server:s0 tclass=unix_stream_socket permissive=0

03-30 10:41:32.129  4142  4142 W Binder_9: type=1400 audit(0.0:55202861): avc: denied { ioctl } for path="socket:[12148652]" dev="sockfs" ino=12148652 ioctlcmd=7704 scontext=u:r:system_server:s0 tcontext=u:r:system_server:s0 tclass=unix_stream_socket permissive=0

03-30 10:41:32.189  4266  4266 W Binder_B: type=1400 audit(0.0:55202862): avc: denied { ioctl } for path="socket:[12151074]" dev="sockfs" ino=12151074 ioctlcmd=7704 scontext=u:r:system_server:s0 tcontext=u:r:system_server:s0 tclass=unix_stream_socket permissive=0

03-30 10:41:32.189  4266  4266 W Binder_B: type=1400 audit(0.0:55202863): avc: denied { ioctl } for path="socket:[12151074]" dev="sockfs" ino=12151074 ioctlcmd=7704 scontext=u:r:system_server:s0 tcontext=u:r:system_server:s0 tclass=unix_stream_socket permissive=0

03-30 10:41:32.192 28253 28253 I AppiumUnicodeIME: onFinishInput

03-30 10:41:32.193 28253 28253 I AppiumUnicodeIME: onStartInput

03-30 10:41:32.317 17316 17590 D HomeMate: comm[ AsyncTask #1: OrviboUpdateAgent.java:259 doInBackground() ] - result =ï»¿{  "oldVersion": 90,  "day": "7",  "version": 22000302 ,  "name": "HomeMate",  "packagename":"com.orvibo.homemate",  "url": "http://firmware.orvibo.com/androidapk/homemate.apk",  "message": "ä¿®å¤BUGï¼Œæå‡ç¨³å®šæ?§ã??",  "message_en": "Bug fixes and overall performance improvements.",  "size": ""}

03-30 10:41:32.322 17316 17316 E HomeMate: comm[ main: OrviboUpdateAgent.java:311 onPostExecute() ] - localVersionCode=23000300

03-30 10:41:32.325 17316 17316 D HomeMate: comm[ main: MainPresenter.java:331 onUpdateReturned() ] - isCanUpdate:false,responseInfos:{packagename=com.orvibo.homemate, oldVersion=90, size=, url=http://firmware.orvibo.com/androidapk/homemate.apk, version=22000302, name=HomeMate, day=7, message=ä¿®å¤BUGï¼Œæå‡ç¨³å®šæ?§ã??, message_en=Bug fixes and overall performance improvements.}

03-30 10:41:32.326 17316 17316 D HomeMate: comm[ main: MainActivity.java:176 setTabReadTip() ] - showRedTip:false,position:3

03-30 10:41:32.613   379   493 I ThermalEngine: Sensor:batt_temp:358 mC

03-30 10:41:32.667  6151  6186 I octvm_klo: read wakeups from wakealarm_fd:1

03-30 10:41:32.667  6151  6186 I octvm_klo: new timerfd interval:

03-30 10:41:32.667  6151  6186 I octvm_klo: 	itval.it_interval.tv_sec 1, itval.it_interval.tv_nsec 0

03-30 10:41:32.667  6151  6186 I octvm_klo: 	itval.it_value.tv_sec 0, itval.it_value.tv_nsec 999987344

03-30 10:41:33.266 17262 17262 I QueryController: Matched selector: UiSelector[TEXT=ç¼–è¾‘æƒ…æ™¯] <<==>> [android.view.accessibility.AccessibilityNodeInfo@8005ba49; boundsInParent: Rect(0, 0 - 253, 99); boundsInScreen: Rect(805, 322 - 1058, 421); packageName: com.orvibo.homemate; className: android.widget.TextView; text: ç¼–è¾‘æƒ…æ™¯; error: null; maxTextLength: -1; contentDescription: null; viewIdResName: com.orvibo.homemate:id/menu_item_text; checkable: false; checked: false; focusable: false; focused: false; selected: false; clickable: false; longClickable: false; contextClickable: false; enabled: true; password: false; scrollable: false; actions: [AccessibilityAction: ACTION_SELECT - null, AccessibilityAction: ACTION_CLEAR_SELECTION - null, AccessibilityAction: ACTION_ACCESSIBILITY_FOCUS - null, AccessibilityAction: ACTION_NEXT_AT_MOVEMENT_GRANULARITY - null, AccessibilityAction: ACTION_PREVIOUS_AT_MOVEMENT_GRANULARITY - null, AccessibilityAction: ACTION_SET_SELECTION - null, AccessibilityAction: ACTION_UNKNOWN - null]]

03-30 10:41:33.271 17316 17488 E WxException: failed to connect to bcfeedback.taobao.com/140.205.32.3 (port 443) after 5000ms

03-30 10:41:33.271 17316 17488 E WxException: java.net.SocketTimeoutException: failed to connect to bcfeedback.taobao.com/140.205.32.3 (port 443) after 5000ms

03-30 10:41:33.271 17316 17488 E WxException: 	at libcore.io.IoBridge.connectErrno(IoBridge.java:169)

03-30 10:41:33.271 17316 17488 E WxException: 	at libcore.io.IoBridge.connect(IoBridge.java:122)

03-30 10:41:33.271 17316 17488 E WxException: 	at java.net.PlainSocketImpl.connect(PlainSocketImpl.java:183)

03-30 10:41:33.271 17316 17488 E WxException: 	at java.net.PlainSocketImpl.connect(PlainSocketImpl.java:452)

03-30 10:41:33.271 17316 17488 E WxException: 	at java.net.Socket.connect(Socket.java:884)

03-30 10:41:33.271 17316 17488 E WxException: 	at com.android.okhttp.internal.Platform.connectSocket(Platform.java:117)

03-30 10:41:33.271 17316 17488 E WxException: 	at com.android.okhttp.internal.http.SocketConnector.connectRawSocket(SocketConnector.java:160)

03-30 10:41:33.271 17316 17488 E WxException: 	at com.android.okhttp.internal.http.SocketConnector.connectTls(SocketConnector.java:79)

03-30 10:41:33.271 17316 17488 E WxException: 	at com.android.okhttp.Connection.connect(Connection.java:143)

03-30 10:41:33.271 17316 17488 E WxException: 	at com.android.okhttp.Connection.connectAndSetOwner(Connection.java:185)

03-30 10:41:33.271 17316 17488 E WxException: 	at com.android.okhttp.OkHttpClient$1.connectAndSetOwner(OkHttpClient.java:128)

03-30 10:41:33.271 17316 17488 E WxException: 	at com.android.okhttp.internal.http.HttpEngine.nextConnection(HttpEngine.java:342)

03-30 10:41:33.271 17316 17488 E WxException: 	at com.android.okhttp.internal.http.HttpEngine.connect(HttpEngine.java:331)

03-30 10:41:33.271 17316 17488 E WxException: 	at com.android.okhttp.internal.http.HttpEngine.sendRequest(HttpEngine.java:249)

03-30 10:41:33.271 17316 17488 E WxException: 	at com.android.okhttp.internal.huc.HttpURLConnectionImpl.execute(HttpURLConnectionImpl.java:437)

03-30 10:41:33.271 17316 17488 E WxException: 	at com.android.okhttp.internal.huc.HttpURLConnectionImpl.connect(HttpURLConnectionImpl.java:114)

03-30 10:41:33.271 17316 17488 E WxException: 	at com.android.okhttp.internal.huc.DelegatingHttpsURLConnection.connect(DelegatingHttpsURLConnection.java:89)

03-30 10:41:33.271 17316 17488 E WxException: 	at com.android.okhttp.internal.huc.HttpsURLConnectionImpl.connect(HttpsURLConnectionImpl.java:25)

03-30 10:41:33.271 17316 17488 E WxException: 	at com.alibaba.sdk.android.feedback.util.a.b.b(Unknown Source)

03-30 10:41:33.271 17316 17488 E WxException: 	at com.alibaba.sdk.android.feedback.util.a.b.a(Unknown Source)

03-30 10:41:33.271 17316 17488 E WxException: 	at com.alibaba.sdk.android.feedback.impl.g.run(Unknown Source)

03-30 10:41:33.271 17316 17488 E WxException: 	at java.lang.Thread.run(Thread.java:818)

03-30 10:41:33.271 17316 17488 V http_time: doHttpRequestGet end, url:https://bcfeedback.taobao.com/getUnreadCount.do?appkey=23256401&deviceId=WJfwe%2BsntC4DAAdSBLpxQDCW&sign=e469344ba86f5f3f88c8fd188558071e8ce8dba2

03-30 10:41:33.287 17262 17262 I QueryController: Matched selector: UiSelector[TEXT=ç¼–è¾‘æƒ…æ™¯] <<==>> [android.view.accessibility.AccessibilityNodeInfo@8005ba49; boundsInParent: Rect(0, 0 - 253, 99); boundsInScreen: Rect(805, 322 - 1058, 421); packageName: com.orvibo.homemate; className: android.widget.TextView; text: ç¼–è¾‘æƒ…æ™¯; error: null; maxTextLength: -1; contentDescription: null; viewIdResName: com.orvibo.homemate:id/menu_item_text; checkable: false; checked: false; focusable: false; focused: false; selected: false; clickable: false; longClickable: false; contextClickable: false; enabled: true; password: false; scrollable: false; actions: [AccessibilityAction: ACTION_SELECT - null, AccessibilityAction: ACTION_CLEAR_SELECTION - null, AccessibilityAction: ACTION_ACCESSIBILITY_FOCUS - null, AccessibilityAction: ACTION_NEXT_AT_MOVEMENT_GRANULARITY - null, AccessibilityAction: ACTION_PREVIOUS_AT_MOVEMENT_GRANULARITY - null, AccessibilityAction: ACTION_SET_SELECTION - null, AccessibilityAction: ACTION_UNKNOWN - null]]

03-30 10:41:33.289 17262 17262 D InteractionController: clickAndSync(931, 371)

03-30 10:41:33.485  3745  3745 D wpa_supplicant: wlan0: Control interface command 'SIGNAL_POLL'

03-30 10:41:33.487  3745  3745 D wpa_supplicant: CTRL-DEBUG: global_ctrl_sock-sendto: sock=11 sndbuf=163840 outq=0 send_len=49

03-30 10:41:33.499 17316 17488 D HomeMate: hank[ Thread-44518: FeedBackService.java:94 onSuccess() ] - FeedbackAPI unreadCount:18

03-30 10:41:33.524 28253 28253 I AppiumUnicodeIME: onFinishInput

03-30 10:41:33.519  4245  4245 W Binder_A: type=1400 audit(0.0:55202864): avc: denied { ioctl } for path="socket:[12151074]" dev="sockfs" ino=12151074 ioctlcmd=7704 scontext=u:r:system_server:s0 tcontext=u:r:system_server:s0 tclass=unix_stream_socket permissive=0

03-30 10:41:33.519  4245  4245 W Binder_A: type=1400 audit(0.0:55202865): avc: denied { ioctl } for path="socket:[12151074]" dev="sockfs" ino=12151074 ioctlcmd=7704 scontext=u:r:system_server:s0 tcontext=u:r:system_server:s0 tclass=unix_stream_socket permissive=0

03-30 10:41:33.526 28253 28253 I AppiumUnicodeIME: onStartInput

03-30 10:41:33.530 17316 17316 D HomeMate: comm[ main: MainActivity.java:176 setTabReadTip() ] - showRedTip:true,position:3

03-30 10:41:33.614   379   493 I ThermalEngine: Sensor:batt_temp:359 mC

03-30 10:41:33.667  6151  6186 I octvm_klo: read wakeups from wakealarm_fd:1

03-30 10:41:33.667  6151  6186 I octvm_klo: new timerfd interval:

03-30 10:41:33.667  6151  6186 I octvm_klo: 	itval.it_interval.tv_sec 1, itval.it_interval.tv_nsec 0

03-30 10:41:33.667  6151  6186 I octvm_klo: 	itval.it_value.tv_sec 0, itval.it_value.tv_nsec 999997344

03-30 10:41:33.826 17316 17401 D UTAnalytics:UploadTask: pid:17316 url:http://adashbc.m.taobao.com/rest/sur?ak=23256401&av=2.3.0.300&c=null&v=3.0&s=0540e45ca710098477399c71a6477fe6af0be8d4&d=WJfwe%2BsntC4DAAdSBLpxQDCW&sv=2.5.1_for_bc&p=a&t=1490841692034&u=&is=1&k=0,

03-30 10:41:33.826 17316 17401 D UTAnalytics:UploadTask: pid:17316 result:{"t":1490841691465,"ret":"","success":"success"}

03-30 10:41:33.826 17316 17401 D UTAnalytics:UploadTask: ,

03-30 10:41:33.833 17316 17401 D UTAnalytics:UploadTask: pid:17316 winsize:273,

03-30 10:41:33.833 17316 17401 D UTAnalytics:LogStoreMgr: pid:17316 [Log [id=2253, eventId=2001, index=], Log [id=2254, eventId=19999, index=], Log [id=2255, eventId=19999, index=], Log [id=2256, eventId=2001, index=], Log [id=2257, eventId=19999, index=], Log [id=2258, eventId=2001, index=], Log [id=2259, eventId=2001, index=], Log [id=2260, eventId=2001, index=], Log [id=2261, eventId=19999, index=], Log [id=2262, eventId=19999, index=], Log [id=2263, eventId=2001, index=]],

03-30 10:41:33.861 17316 17401 D UTAnalytics:UTSqliteLogStore: pid:17316 delete ,11, isSuccess:true,

03-30 10:41:33.864 17316 17401 D UTAnalytics:CoreStatics: pid:17316 [uploadInc]:0,count:11,

03-30 10:41:33.864 17316 17401 D UTAnalytics:CoreStatics: pid:17316 [uploadInc]:11,

03-30 10:41:33.864 17316 17401 D UTAnalytics:UploadTask: pid:17316 logs.size():11, selfMonitorLogCount:0,

03-30 10:41:33.864 17316 17401 D UTAnalytics:UploadTask: pid:17316 upload isSendSuccess:true, consume:1810, delete consume:31,

03-30 10:41:34.422 17262 17262 I QueryController: Matched selector: UiSelector[INSTANCE=0, RESOURCE_ID=com.orvibo.homemate:id/drag_grid_item_edit_image] <<==>> [android.view.accessibility.AccessibilityNodeInfo@8005c1ca; boundsInParent: Rect(0, 0 - 160, 160); boundsInScreen: Rect(14, 203 - 174, 363); packageName: com.orvibo.homemate; className: android.widget.LinearLayout; text: null; error: null; maxTextLength: -1; contentDescription: null; viewIdResName: com.orvibo.homemate:id/drag_grid_item_edit_image; checkable: false; checked: false; focusable: false; focused: false; selected: false; clickable: true; longClickable: false; contextClickable: false; enabled: true; password: false; scrollable: false; actions: [AccessibilityAction: ACTION_SELECT - null, AccessibilityAction: ACTION_CLEAR_SELECTION - null, AccessibilityAction: ACTION_CLICK - null, AccessibilityAction: ACTION_ACCESSIBILITY_FOCUS - null, AccessibilityAction: ACTION_UNKNOWN - null]]

03-30 10:41:34.519 25810 25810 W AppWatcher: type=1400 audit(0.0:55202866): avc: denied { getattr } for path="/proc/opalum-temp-calib" dev="proc" ino=4026534631 scontext=u:r:untrusted_app:s0:c512,c768 tcontext=u:object_r:proc_opalum:s0 tclass=file permissive=0

03-30 10:41:34.519 25810 25810 W AppWatcher: type=1400 audit(0.0:55202867): avc: denied { getattr } for path="/proc/opalum-f0-calib" dev="proc" ino=4026534630 scontext=u:r:untrusted_app:s0:c512,c768 tcontext=u:object_r:proc_opalum:s0 tclass=file permissive=0

03-30 10:41:34.519 25810 25810 W AppWatcher: type=1400 audit(0.0:55202868): avc: denied { getattr } for path="/proc/sysrq-trigger" dev="proc" ino=4026533735 scontext=u:r:untrusted_app:s0:c512,c768 tcontext=u:object_r:proc_sysrq:s0 tclass=file permissive=0

03-30 10:41:34.529 25810 25810 W AppWatcher: type=1400 audit(0.0:55202869): avc: denied { getattr } for path="/proc/1" dev="proc" ino=11921139 scontext=u:r:untrusted_app:s0:c512,c768 tcontext=u:r:init:s0 tclass=dir permissive=0

03-30 10:41:34.529 25810 25810 W AppWatcher: type=1400 audit(0.0:55202870): avc: denied { getattr } for path="/proc/2" dev="proc" ino=11961941 scontext=u:r:untrusted_app:s0:c512,c768 tcontext=u:r:kernel:s0 tclass=dir permissive=0

03-30 10:41:34.529 25810 25810 W AppWatcher: type=1400 audit(0.0:55202871): avc: denied { getattr } for path="/proc/3" dev="proc" ino=11961942 scontext=u:r:untrusted_app:s0:c512,c768 tcontext=u:r:kernel:s0 tclass=dir permissive=0

03-30 10:41:34.529 25810 25810 W AppWatcher: type=1400 audit(0.0:55202872): avc: denied { getattr } for path="/proc/6" dev="proc" ino=11961943 scontext=u:r:untrusted_app:s0:c512,c768 tcontext=u:r:kernel:s0 tclass=dir permissive=0

03-30 10:41:34.539 25810 25810 W AppWatcher: type=1400 audit(0.0:55202873): avc: denied { getattr } for path="/proc/7" dev="proc" ino=11961944 scontext=u:r:untrusted_app:s0:c512,c768 tcontext=u:r:kernel:s0 tclass=dir permissive=0

03-30 10:41:34.539 25810 25810 W AppWatcher: type=1400 audit(0.0:55202874): avc: denied { getattr } for path="/proc/8" dev="proc" ino=11961945 scontext=u:r:untrusted_app:s0:c512,c768 tcontext=u:r:kernel:s0 tclass=dir permissive=0

03-30 10:41:34.549 25810 25810 W AppWatcher: type=1400 audit(0.0:55202875): avc: denied { getattr } for path="/proc/21" dev="proc" ino=11961946 scontext=u:r:untrusted_app:s0:c512,c768 tcontext=u:r:kernel:s0 tclass=dir permissive=0

03-30 10:41:34.569 25810 25810 W AppWatcher: type=1400 audit(0.0:55202876): avc: denied { getattr } for path="/proc/22" dev="proc" ino=11961947 scontext=u:r:untrusted_app:s0:c512,c768 tcontext=u:r:kernel:s0 tclass=dir permissive=0

03-30 10:41:34.569 25810 25810 W AppWatcher: type=1400 audit(0.0:55202877): avc: denied { getattr } for path="/proc/28" dev="proc" ino=11961948 scontext=u:r:untrusted_app:s0:c512,c768 tcontext=u:r:kernel:s0 tclass=dir permissive=0

03-30 10:41:34.579 25810 25810 W AppWatcher: type=1400 audit(0.0:55202878): avc: denied { getattr } for path="/proc/29" dev="proc" ino=11961949 scontext=u:r:untrusted_app:s0:c512,c768 tcontext=u:r:kernel:s0 tclass=dir permissive=0

03-30 10:41:34.579 25810 25810 W AppWatcher: type=1400 audit(0.0:55202879): avc: denied { getattr } for path="/proc/30" dev="proc" ino=11961950 scontext=u:r:untrusted_app:s0:c512,c768 tcontext=u:r:kernel:s0 tclass=dir permissive=0

03-30 10:41:34.579 25810 25810 W AppWatcher: type=1400 audit(0.0:55202880): avc: denied { getattr } for path="/proc/32" dev="proc" ino=11961951 scontext=u:r:untrusted_app:s0:c512,c768 tcontext=u:r:kernel:s0 tclass=dir permissive=0

03-30 10:41:34.579 25810 25810 W AppWatcher: type=1400 audit(0.0:55202881): avc: denied { getattr } for path="/proc/33" dev="proc" ino=11961952 scontext=u:r:untrusted_app:s0:c512,c768 tcontext=u:r:kernel:s0 tclass=dir permissive=0

03-30 10:41:34.579 25810 25810 W AppWatcher: type=1400 audit(0.0:55202882): avc: denied { getattr } for path="/proc/34" dev="proc" ino=11961953 scontext=u:r:untrusted_app:s0:c512,c768 tcontext=u:r:kernel:s0 tclass=dir permissive=0

03-30 10:41:34.579 25810 25810 W AppWatcher: type=1400 audit(0.0:55202883): avc: denied { getattr } for path="/proc/61" dev="proc" ino=11961954 scontext=u:r:untrusted_app:s0:c512,c768 tcontext=u:r:kernel:s0 tclass=dir permissive=0

03-30 10:41:34.579 25810 25810 W AppWatcher: type=1400 audit(0.0:55202884): avc: denied { getattr } for path="/proc/62" dev="proc" ino=11961955 scontext=u:r:untrusted_app:s0:c512,c768 tcontext=u:r:kernel:s0 tclass=dir permissive=0

03-30 10:41:34.579 25810 25810 W AppWatcher: type=1400 audit(0.0:55202885): avc: denied { getattr } for path="/proc/63" dev="proc" ino=11961956 scontext=u:r:untrusted_app:s0:c512,c768 tcontext=u:r:kernel:s0 tclass=dir permissive=0

03-30 10:41:34.616   379   493 I ThermalEngine: Sensor:batt_temp:360 mC

03-30 10:41:34.667  6151  6186 I octvm_klo: read wakeups from wakealarm_fd:1

03-30 10:41:34.667  6151  6186 I octvm_klo: new timerfd interval:

03-30 10:41:34.667  6151  6186 I octvm_klo: 	itval.it_interval.tv_sec 1, itval.it_interval.tv_nsec 0

03-30 10:41:34.667  6151  6186 I octvm_klo: 	itval.it_value.tv_sec 0, itval.it_value.tv_nsec 999998021

03-30 10:41:34.674  4229  4367 W WtProcessController: do not trim { PackageName :com.orvibo.homemate Pid: 17316 Uid: 10143 Start by: activity Score:100 Old score:100 state:0 mBackgroundTimeInMillis:0 WakelockCount:0 wakelogsize:0  ActivityDestroied:false Activity size: 1 PackageInfo:{WhetstonePackageInfo#PacakgeName:com.orvibo.homemate uid:10143 uiMemoryThresold:0 nonUiMemoryThresold:0 Flag:1073745984,0x40001040 [,TRIMHEAPS,FLAG_DEAL_SCHEDULE] Type:64[,AUTO_START] } tasknum:17533}

03-30 10:41:35.617   379   493 I ThermalEngine: Sensor:batt_temp:359 mC

03-30 10:41:35.667  6151  6186 I octvm_klo: read wakeups from wakealarm_fd:1

03-30 10:41:35.667  6151  6186 I octvm_klo: new timerfd interval:

03-30 10:41:35.667  6151  6186 I octvm_klo: 	itval.it_interval.tv_sec 1, itval.it_interval.tv_nsec 0

03-30 10:41:35.667  6151  6186 I octvm_klo: 	itval.it_value.tv_sec 0, itval.it_value.tv_nsec 999997083

03-30 10:41:36.350 17316 17401 D UTAnalytics:LogStoreMgr: pid:17316 [store],

03-30 10:41:36.362 17316 17401 D UTAnalytics:UTSqliteLogStore: pid:17316 sql:SELECT * FROM log ORDER BY time ASC  LIMIT 273,

03-30 10:41:36.363 17316 17401 D UTAnalytics:LogStoreMgr: pid:17316 [get],[],

03-30 10:41:36.367 17316 17401 D UTAnalytics:UploadEngine: pid:17316 UTDC.bBackground:false,AppInfoUtil.isForeground(UTDC.getContext()) ,true,

03-30 10:41:36.371 17316 17401 D UTAnalytics:UploadTask: pid:17316 mPeriod:30000,

03-30 10:41:36.496  3745  3745 D wpa_supplicant: wlan0: Control interface command 'SIGNAL_POLL'

03-30 10:41:36.499  3745  3745 D wpa_supplicant: CTRL-DEBUG: global_ctrl_sock-sendto: sock=11 sndbuf=163840 outq=0 send_len=49

03-30 10:41:36.618   379   493 I ThermalEngine: Sensor:batt_temp:358 mC

03-30 10:41:36.667  6151  6186 I octvm_klo: read wakeups from wakealarm_fd:1

03-30 10:41:36.667  6151  6186 I octvm_klo: new timerfd interval:

03-30 10:41:36.667  6151  6186 I octvm_klo: 	itval.it_interval.tv_sec 1, itval.it_interval.tv_nsec 0

03-30 10:41:36.667  6151  6186 I octvm_klo: 	itval.it_value.tv_sec 0, itval.it_value.tv_nsec 999994531

03-30 10:41:37.619   379   493 I ThermalEngine: Sensor:batt_temp:358 mC

03-30 10:41:37.668  6151  6186 I octvm_klo: read wakeups from wakealarm_fd:1

03-30 10:41:37.668  6151  6186 I octvm_klo: new timerfd interval:

03-30 10:41:37.668  6151  6186 I octvm_klo: 	itval.it_interval.tv_sec 1, itval.it_interval.tv_nsec 0

03-30 10:41:37.668  6151  6186 I octvm_klo: 	itval.it_value.tv_sec 0, itval.it_value.tv_nsec 999995989

03-30 10:41:38.623   379   493 I ThermalEngine: Sensor:batt_temp:358 mC

03-30 10:41:38.668  6151  6186 I octvm_klo: read wakeups from wakealarm_fd:1

03-30 10:41:38.668  6151  6186 I octvm_klo: new timerfd interval:

03-30 10:41:38.668  6151  6186 I octvm_klo: 	itval.it_interval.tv_sec 1, itval.it_interval.tv_nsec 0

03-30 10:41:38.668  6151  6186 I octvm_klo: 	itval.it_value.tv_sec 0, itval.it_value.tv_nsec 999996146

03-30 10:41:39.505  3745  3745 D wpa_supplicant: wlan0: Control interface command 'SIGNAL_POLL'

03-30 10:41:39.508  3745  3745 D wpa_supplicant: CTRL-DEBUG: global_ctrl_sock-sendto: sock=11 sndbuf=163840 outq=0 send_len=49

03-30 10:41:39.624   379   493 I ThermalEngine: Sensor:batt_temp:359 mC

03-30 10:41:39.668  6151  6186 I octvm_klo: read wakeups from wakealarm_fd:1

03-30 10:41:39.668  6151  6186 I octvm_klo: new timerfd interval:

03-30 10:41:39.668  6151  6186 I octvm_klo: 	itval.it_interval.tv_sec 1, itval.it_interval.tv_nsec 0

03-30 10:41:39.668  6151  6186 I octvm_klo: 	itval.it_value.tv_sec 0, itval.it_value.tv_nsec 999995937

03-30 10:41:39.915  2044  3547 I WhetstoneClientManager: pid = 2044uid = 10144 is frozen, not allowed alarm

03-30 10:41:39.915  2044  3547 D Whetstone-FW: MiuiLog-Whetstone-AlarmControl Alarm{958132f type 3 when 593100000 com.tencent.android.qqdownloader} is discarded

03-30 10:41:39.916  2044  3547 I WhetstoneClientManager: pid = 2044uid = 10144 is frozen, not allowed alarm

03-30 10:41:39.916  2044  3547 D Whetstone-FW: MiuiLog-Whetstone-AlarmControl Alarm{5b2ad3c type 3 when 593100000 com.tencent.android.qqdownloader} is discarded

03-30 10:41:39.939  4569  4569 I PowerKeeperBackgroundService: onStartCommand()

03-30 10:41:39.939  4569  4569 I PowerKeeperService: onAlarm

03-30 10:41:39.968  2044  2044 I ActivityManager: Start proc 17645:com.miui.weather2/u0a31 for broadcast com.miui.weather2/.receiver.ReceiverUpdateWeather

03-30 10:41:39.972  4229  4367 D WtProcessController: onAMProcStart callback

03-30 10:41:40.055  2044  3620 D WifiStateMachine: starting scan for "56.1_neiwang"-WPA_PSK with 5280,2412

03-30 10:41:40.055  3745  3745 D wpa_supplicant: wlan0: Control interface command 'SCAN TYPE=ONLY freq=5280,2412'

03-30 10:41:40.056  3745  3745 D wpa_supplicant: wlan0: Setting scan request: 0.000000 sec

03-30 10:41:40.056  3745  3745 D wpa_supplicant: CTRL-DEBUG: global_ctrl_sock-sendto: sock=11 sndbuf=163840 outq=0 send_len=3

03-30 10:41:40.056  3745  3745 D wpa_supplicant: wlan0: Starting AP scan for wildcard SSID

03-30 10:41:40.056  3745  3745 D wpa_supplicant: wlan0: Limit manual scan to specified channels

03-30 10:41:40.056  3745  3745 D wpa_supplicant: wlan0: Add radio work 'scan'@0xb68d9398

03-30 10:41:40.056  3745  3745 D wpa_supplicant: wlan0: First radio work item in the queue - schedule start immediately

03-30 10:41:40.056  3745  3745 D wpa_supplicant: wlan0: Starting radio work 'scan'@0xb68d9398 after 0.000059 second wait

03-30 10:41:40.056  3745  3745 D wpa_supplicant: wlan0: nl80211: scan request

03-30 10:41:40.056  3745  3745 D wpa_supplicant: nl80211: Scan SSID - hexdump(len=0): [NULL]

03-30 10:41:40.056  3745  3745 D wpa_supplicant: nl80211: Scan extra IEs - hexdump(len=7): 7f 05 00 00 0a 02 01

03-30 10:41:40.056  3745  3745 D wpa_supplicant: nl80211: Scan frequency 2412 MHz

03-30 10:41:40.056  3745  3745 D wpa_supplicant: nl80211: Scan frequency 5280 MHz

