--------- beginning of system

03-30 11:27:16.447  2044  4142 I ActivityManager: START u0 {cmp=com.orvibo.homemate/.user.LoginActivity (has extras)} from uid 10143 on display 0

03-30 11:27:19.257  2044  3799 D PerfShielderService: Jank raised from pkg: com.orvibo.homemate window: com.orvibo.homemate/com.orvibo.homemate.user.LoginActivity Janky Duration: 187147552 LargestFrameDuration: 187095781 reason: Slow bitmap uploads

03-30 11:27:20.264  2044  2056 D SystemSettings: Want to modify SystemSettings? See MiuiSettings.System.PUBLIC_SETTINGS

03-30 11:27:20.264  2044  2056 W SettingsProvider: You shouldn't keep your settings in the secure settings. This will soon become an error.

03-30 11:27:22.159  2044  4298 I ActivityManager: Killing 24590:com.xiaomi.simactivate.service/u0a88 (adj 15): empty #17

03-30 11:27:22.179  2044  2056 D ActivityManagerInjector: com.xiaomi.simactivate.service is killed by AMS with adj 15 ,do not allow restart

03-30 11:27:22.179  2044  2056 D ActivityManager: cleanUpApplicationRecord -- 24590

03-30 11:27:24.015  2044  4283 I ActivityManager: START u0 {cmp=com.orvibo.homemate/.user.RegisterActivity} from uid 10143 on display 0

03-30 11:27:25.531  2044  3885 I ActivityManager: START u0 {cmp=com.orvibo.homemate/.user.RegisterEmailActivity} from uid 10143 on display 0

03-30 11:27:29.512  2044  2057 D BaseMiuiPhoneWindowManager: keyCode:67 down:true 340540292 340540292 policyFlags=2b000000 deviceId:-1 isScreenOn:true

03-30 11:27:29.513  2044  2057 D WindowManager: keyguardActive=false

03-30 11:27:29.549  2044  4283 D BaseMiuiPhoneWindowManager: keyCode:67 down:false 340540292 340540292 policyFlags=2b000000 deviceId:-1 isScreenOn:true

03-30 11:27:29.549  2044  4283 D WindowManager: keyguardActive=false

03-30 11:27:29.636  2044  2056 D BaseMiuiPhoneWindowManager: keyCode:67 down:true 340540413 340540413 policyFlags=2b000000 deviceId:-1 isScreenOn:true

03-30 11:27:29.636  2044  2056 D WindowManager: keyguardActive=false

03-30 11:27:29.650  2044  4104 D BaseMiuiPhoneWindowManager: keyCode:67 down:false 340540413 340540413 policyFlags=2b000000 deviceId:-1 isScreenOn:true

03-30 11:27:29.650  2044  4104 D WindowManager: keyguardActive=false

03-30 11:27:29.661  2044  4323 D BaseMiuiPhoneWindowManager: keyCode:112 down:true 340540440 340540440 policyFlags=2b000000 deviceId:-1 isScreenOn:true

03-30 11:27:29.661  2044  4323 D WindowManager: keyguardActive=false

03-30 11:27:29.671  2044  4298 D BaseMiuiPhoneWindowManager: keyCode:112 down:false 340540440 340540440 policyFlags=2b000000 deviceId:-1 isScreenOn:true

03-30 11:27:29.671  2044  4298 D WindowManager: keyguardActive=false

03-30 11:27:32.043  2044  4283 D BaseMiuiPhoneWindowManager: keyCode:67 down:true 340542823 340542823 policyFlags=2b000000 deviceId:-1 isScreenOn:true

03-30 11:27:32.043  2044  4283 D WindowManager: keyguardActive=false

03-30 11:27:32.062  2044  2056 D BaseMiuiPhoneWindowManager: keyCode:67 down:false 340542823 340542823 policyFlags=2b000000 deviceId:-1 isScreenOn:true

03-30 11:27:32.063  2044  2056 D WindowManager: keyguardActive=false

03-30 11:27:32.095  2044  4323 D BaseMiuiPhoneWindowManager: keyCode:15 down:true 340542875 340542867 policyFlags=2b000000 deviceId:-1 isScreenOn:true

03-30 11:27:32.095  2044  4323 D WindowManager: keyguardActive=false

03-30 11:27:32.106  2044  4298 D BaseMiuiPhoneWindowManager: keyCode:15 down:false 340542885 340542867 policyFlags=2b000000 deviceId:-1 isScreenOn:true

03-30 11:27:32.106  2044  4298 D WindowManager: keyguardActive=false

03-30 11:27:32.113  2044  3807 D BaseMiuiPhoneWindowManager: keyCode:11 down:true 340542893 340542867 policyFlags=2b000000 deviceId:-1 isScreenOn:true

03-30 11:27:32.114  2044  3807 D WindowManager: keyguardActive=false

03-30 11:27:32.131  2044  4266 D BaseMiuiPhoneWindowManager: keyCode:11 down:false 340542910 340542867 policyFlags=2b000000 deviceId:-1 isScreenOn:true

03-30 11:27:32.131  2044  4266 D WindowManager: keyguardActive=false

03-30 11:27:32.141  2044  4298 D BaseMiuiPhoneWindowManager: keyCode:7 down:true 340542921 340542867 policyFlags=2b000000 deviceId:-1 isScreenOn:true

03-30 11:27:32.141  2044  4298 D WindowManager: keyguardActive=false

03-30 11:27:32.150  2044  3765 D BaseMiuiPhoneWindowManager: keyCode:7 down:false 340542930 340542867 policyFlags=2b000000 deviceId:-1 isScreenOn:true

03-30 11:27:32.151  2044  3765 D WindowManager: keyguardActive=false

03-30 11:27:32.158  2044  4374 D BaseMiuiPhoneWindowManager: keyCode:11 down:true 340542938 340542867 policyFlags=2b000000 deviceId:-1 isScreenOn:true

03-30 11:27:32.158  2044  4374 D WindowManager: keyguardActive=false

03-30 11:27:32.163  2044  4142 D BaseMiuiPhoneWindowManager: keyCode:11 down:false 340542943 340542867 policyFlags=2b000000 deviceId:-1 isScreenOn:true

03-30 11:27:32.163  2044  4142 D WindowManager: keyguardActive=false

03-30 11:27:32.177  2044  4104 D BaseMiuiPhoneWindowManager: keyCode:10 down:true 340542957 340542867 policyFlags=2b000000 deviceId:-1 isScreenOn:true

03-30 11:27:32.177  2044  4104 D WindowManager: keyguardActive=false

03-30 11:27:32.186  2044  2057 D BaseMiuiPhoneWindowManager: keyCode:10 down:false 340542965 340542867 policyFlags=2b000000 deviceId:-1 isScreenOn:true

03-30 11:27:32.186  2044  2057 D WindowManager: keyguardActive=false

03-30 11:27:32.187  2044  3765 D BaseMiuiPhoneWindowManager: keyCode:9 down:true 340542967 340542867 policyFlags=2b000000 deviceId:-1 isScreenOn:true

03-30 11:27:32.187  2044  3765 D WindowManager: keyguardActive=false

03-30 11:27:32.189  2044  4283 D BaseMiuiPhoneWindowManager: keyCode:9 down:false 340542969 340542867 policyFlags=2b000000 deviceId:-1 isScreenOn:true

03-30 11:27:32.189  2044  4283 D WindowManager: keyguardActive=false

03-30 11:27:32.191  2044  4374 D BaseMiuiPhoneWindowManager: keyCode:16 down:true 340542971 340542867 policyFlags=2b000000 deviceId:-1 isScreenOn:true

03-30 11:27:32.191  2044  4374 D WindowManager: keyguardActive=false

03-30 11:27:32.194  2044  4323 D BaseMiuiPhoneWindowManager: keyCode:16 down:false 340542973 340542867 policyFlags=2b000000 deviceId:-1 isScreenOn:true

03-30 11:27:32.194  2044  4323 D WindowManager: keyguardActive=false

03-30 11:27:32.195  2044  3885 D BaseMiuiPhoneWindowManager: keyCode:7 down:true 340542975 340542867 policyFlags=2b000000 deviceId:-1 isScreenOn:true

03-30 11:27:32.195  2044  3885 D WindowManager: keyguardActive=false

03-30 11:27:32.205  2044  2056 D BaseMiuiPhoneWindowManager: keyCode:7 down:false 340542984 340542867 policyFlags=2b000000 deviceId:-1 isScreenOn:true

03-30 11:27:32.205  2044  2056 D WindowManager: keyguardActive=false

03-30 11:27:32.211  2044  4283 D BaseMiuiPhoneWindowManager: keyCode:15 down:true 340542991 340542867 policyFlags=2b000000 deviceId:-1 isScreenOn:true

03-30 11:27:32.211  2044  4283 D WindowManager: keyguardActive=false

03-30 11:27:32.219  2044  4245 D BaseMiuiPhoneWindowManager: keyCode:15 down:false 340542999 340542867 policyFlags=2b000000 deviceId:-1 isScreenOn:true

03-30 11:27:32.219  2044  4245 D WindowManager: keyguardActive=false

03-30 11:27:32.226  2044  3765 D BaseMiuiPhoneWindowManager: keyCode:59 down:true 340543006 340542867 policyFlags=2b000000 deviceId:-1 isScreenOn:true

03-30 11:27:32.226  2044  3765 D WindowManager: keyguardActive=false

03-30 11:27:32.232  2044  4298 D BaseMiuiPhoneWindowManager: keyCode:9 down:true 340543011 340542867 policyFlags=2b000000 deviceId:-1 isScreenOn:true

03-30 11:27:32.232  2044  4298 D WindowManager: keyguardActive=false

03-30 11:27:32.239  2044  3807 D BaseMiuiPhoneWindowManager: keyCode:9 down:false 340543019 340542867 policyFlags=2b000000 deviceId:-1 isScreenOn:true

03-30 11:27:32.239  2044  3807 D WindowManager: keyguardActive=false

03-30 11:27:32.246  2044  4266 D BaseMiuiPhoneWindowManager: keyCode:59 down:false 340543026 340542867 policyFlags=2b000000 deviceId:-1 isScreenOn:true

03-30 11:27:32.246  2044  4266 D WindowManager: keyguardActive=false

03-30 11:27:32.254  2044  3765 D BaseMiuiPhoneWindowManager: keyCode:45 down:true 340543034 340542867 policyFlags=2b000000 deviceId:-1 isScreenOn:true

03-30 11:27:32.254  2044  3765 D WindowManager: keyguardActive=false

03-30 11:27:32.257  2044  4104 D BaseMiuiPhoneWindowManager: keyCode:45 down:false 340543037 340542867 policyFlags=2b000000 deviceId:-1 isScreenOn:true

03-30 11:27:32.257  2044  4104 D WindowManager: keyguardActive=false

03-30 11:27:32.258  2044  4298 D BaseMiuiPhoneWindowManager: keyCode:45 down:true 340543038 340542867 policyFlags=2b000000 deviceId:-1 isScreenOn:true

03-30 11:27:32.259  2044  4298 D WindowManager: keyguardActive=false

03-30 11:27:32.260  2044  4348 D BaseMiuiPhoneWindowManager: keyCode:45 down:false 340543040 340542867 policyFlags=2b000000 deviceId:-1 isScreenOn:true

03-30 11:27:32.260  2044  4348 D WindowManager: keyguardActive=false

03-30 11:27:32.261  2044  2057 D BaseMiuiPhoneWindowManager: keyCode:56 down:true 340543041 340542867 policyFlags=2b000000 deviceId:-1 isScreenOn:true

03-30 11:27:32.262  2044  2057 D WindowManager: keyguardActive=false

03-30 11:27:32.266  2044  4245 D BaseMiuiPhoneWindowManager: keyCode:56 down:false 340543046 340542867 policyFlags=2b000000 deviceId:-1 isScreenOn:true

03-30 11:27:32.266  2044  4245 D WindowManager: keyguardActive=false

03-30 11:27:32.276  2044  4123 D BaseMiuiPhoneWindowManager: keyCode:31 down:true 340543056 340542867 policyFlags=2b000000 deviceId:-1 isScreenOn:true

03-30 11:27:32.276  2044  4123 D WindowManager: keyguardActive=false

03-30 11:27:32.286  2044  4374 D BaseMiuiPhoneWindowManager: keyCode:31 down:false 340543066 340542867 policyFlags=2b000000 deviceId:-1 isScreenOn:true

03-30 11:27:32.286  2044  4374 D WindowManager: keyguardActive=false

03-30 11:27:32.292  2044  4142 D BaseMiuiPhoneWindowManager: keyCode:43 down:true 340543072 340542867 policyFlags=2b000000 deviceId:-1 isScreenOn:true

03-30 11:27:32.292  2044  4142 D WindowManager: keyguardActive=false

03-30 11:27:32.299  2044  4298 D BaseMiuiPhoneWindowManager: keyCode:43 down:false 340543079 340542867 policyFlags=2b000000 deviceId:-1 isScreenOn:true

03-30 11:27:32.299  2044  4298 D WindowManager: keyguardActive=false

03-30 11:27:32.306  2044  2057 D BaseMiuiPhoneWindowManager: keyCode:41 down:true 340543086 340542867 policyFlags=2b000000 deviceId:-1 isScreenOn:true

03-30 11:27:32.306  2044  2057 D WindowManager: keyguardActive=false

03-30 11:27:32.313  2044  3799 D BaseMiuiPhoneWindowManager: keyCode:41 down:false 340543093 340542867 policyFlags=2b000000 deviceId:-1 isScreenOn:true

03-30 11:27:32.313  2044  3799 D WindowManager: keyguardActive=false

03-30 11:27:35.205  2044  2057 D BaseMiuiPhoneWindowManager: keyCode:67 down:true 340545985 340545985 policyFlags=2b000000 deviceId:-1 isScreenOn:true

03-30 11:27:35.206  2044  2057 D WindowManager: keyguardActive=false

03-30 11:27:35.210  2044  4323 D BaseMiuiPhoneWindowManager: keyCode:67 down:false 340545985 340545985 policyFlags=2b000000 deviceId:-1 isScreenOn:true

03-30 11:27:35.210  2044  4323 D WindowManager: keyguardActive=false

03-30 11:27:37.665  2044  4374 D BaseMiuiPhoneWindowManager: keyCode:67 down:true 340548445 340548445 policyFlags=2b000000 deviceId:-1 isScreenOn:true

03-30 11:27:37.666  2044  4374 D WindowManager: keyguardActive=false

03-30 11:27:37.687  2044  3765 D BaseMiuiPhoneWindowManager: keyCode:67 down:false 340548445 340548445 policyFlags=2b000000 deviceId:-1 isScreenOn:true

03-30 11:27:37.687  2044  3765 D WindowManager: keyguardActive=false

03-30 11:27:37.741  2044  3807 D BaseMiuiPhoneWindowManager: keyCode:8 down:true 340548519 340548519 policyFlags=2b000000 deviceId:-1 isScreenOn:true

03-30 11:27:37.741  2044  3807 D WindowManager: keyguardActive=false

03-30 11:27:37.775  2044  3799 D BaseMiuiPhoneWindowManager: keyCode:8 down:false 340548555 340548519 policyFlags=2b000000 deviceId:-1 isScreenOn:true

03-30 11:27:37.776  2044  3799 D WindowManager: keyguardActive=false

03-30 11:27:37.805  2044  4298 D BaseMiuiPhoneWindowManager: keyCode:9 down:true 340548585 340548519 policyFlags=2b000000 deviceId:-1 isScreenOn:true

03-30 11:27:37.805  2044  4298 D WindowManager: keyguardActive=false

03-30 11:27:37.816  2044  2057 D BaseMiuiPhoneWindowManager: keyCode:9 down:false 340548596 340548519 policyFlags=2b000000 deviceId:-1 isScreenOn:true

03-30 11:27:37.816  2044  2057 D WindowManager: keyguardActive=false

03-30 11:27:37.840  2044  2056 D BaseMiuiPhoneWindowManager: keyCode:10 down:true 340548620 340548519 policyFlags=2b000000 deviceId:-1 isScreenOn:true

03-30 11:27:37.840  2044  2056 D WindowManager: keyguardActive=false

03-30 11:27:37.850  2044  4266 D BaseMiuiPhoneWindowManager: keyCode:10 down:false 340548630 340548519 policyFlags=2b000000 deviceId:-1 isScreenOn:true

03-30 11:27:37.850  2044  4266 D WindowManager: keyguardActive=false

03-30 11:27:37.860  2044  4283 D BaseMiuiPhoneWindowManager: keyCode:11 down:true 340548640 340548519 policyFlags=2b000000 deviceId:-1 isScreenOn:true

03-30 11:27:37.860  2044  4283 D WindowManager: keyguardActive=false

03-30 11:27:37.862  2044  3765 D BaseMiuiPhoneWindowManager: keyCode:11 down:false 340548642 340548519 policyFlags=2b000000 deviceId:-1 isScreenOn:true

03-30 11:27:37.862  2044  3765 D WindowManager: keyguardActive=false

03-30 11:27:37.865  2044  4323 D BaseMiuiPhoneWindowManager: keyCode:12 down:true 340548645 340548519 policyFlags=2b000000 deviceId:-1 isScreenOn:true

03-30 11:27:37.865  2044  4323 D WindowManager: keyguardActive=false

03-30 11:27:37.874  2044  4142 D BaseMiuiPhoneWindowManager: keyCode:12 down:false 340548654 340548519 policyFlags=2b000000 deviceId:-1 isScreenOn:true

03-30 11:27:37.874  2044  4142 D WindowManager: keyguardActive=false

03-30 11:27:37.888  2044  4348 D BaseMiuiPhoneWindowManager: keyCode:13 down:true 340548668 340548519 policyFlags=2b000000 deviceId:-1 isScreenOn:true

03-30 11:27:37.888  2044  4348 D WindowManager: keyguardActive=false

03-30 11:27:37.893  2044  4104 D BaseMiuiPhoneWindowManager: keyCode:13 down:false 340548673 340548519 policyFlags=2b000000 deviceId:-1 isScreenOn:true

03-30 11:27:37.893  2044  4104 D WindowManager: keyguardActive=false

03-30 11:27:42.710  2044  2078 V BroadcastQueueInjector: Skipping BroadcastRecord{25320f1 u-1 android.net.wifi.SCAN_RESULTS} to ProcessRecord{8fb4531 2465:com.tencent.android.qqdownloader:daemon/u0a144}

03-30 11:27:42.710  2044  2078 D Whetstone-FW: MiuiLog-Whetstone-BroadcastControl BroadcastRecord{25320f1 u-1 android.net.wifi.SCAN_RESULTS} is discarded

03-30 11:27:43.756  2044  3885 I ActivityManager: START u0 {cmp=com.orvibo.homemate/.common.main.MainActivity (has extras)} from uid 10143 on display 0

03-30 11:27:44.408  2044  4142 D LocationPolicy: [uid = 10143, op = 2] is blocked by location policy

03-30 11:27:44.408  2044  4142 D WifiService: uid=10143 wifi scan blocked

03-30 11:27:44.769  2044  4323 W ActivityManager: Unable to start service Intent { cmp=com.autonavi.minimap/com.amap.api.service.AMapService (has extras) } U=0: not found

03-30 11:27:44.771  2044  4348 W ActivityManager: Unable to start service Intent { cmp=com.autonavi.minimap/com.taobao.agoo.PushService (has extras) } U=0: not found

03-30 11:27:47.740  2044  2056 V LocationPolicy: writePolicyLocked()

03-30 11:27:52.600  2044  2078 V BroadcastQueueInjector: Skipping BroadcastRecord{7e0047 u-1 android.net.wifi.SCAN_RESULTS} to ProcessRecord{8fb4531 2465:com.tencent.android.qqdownloader:daemon/u0a144}

03-30 11:27:52.600  2044  2078 D Whetstone-FW: MiuiLog-Whetstone-BroadcastControl BroadcastRecord{7e0047 u-1 android.net.wifi.SCAN_RESULTS} is discarded

03-30 11:27:53.663  2044  3885 V LocationPolicy: writePolicyLocked()

03-30 11:27:54.518  2044  3807 I ActivityManager: Force stopping com.orvibo.homemate appid=10143 user=0: from pid 29068

03-30 11:27:54.519  2044  3807 I ActivityManager: Killing 28402:com.orvibo.homemate/u0a143 (adj 0): stop com.orvibo.homemate

03-30 11:27:54.536  2044  3807 D ActivityManager: cleanUpApplicationRecord -- 28402

03-30 11:27:54.536  2044  3807 I AutoStartManagerService: MIUILOG- Reject RestartService packageName :com.orvibo.homemate uid : 10143

03-30 11:27:54.536  2044  3807 I AutoStartManagerService: MIUILOG- Reject RestartService packageName :com.orvibo.homemate uid : 10143

03-30 11:27:54.537  2044  3807 I AutoStartManagerService: MIUILOG- Reject RestartService packageName :com.orvibo.homemate uid : 10143

03-30 11:27:54.537  2044  3807 I AutoStartManagerService: MIUILOG- Reject RestartService packageName :com.orvibo.homemate uid : 10143

03-30 11:27:54.537  2044  3807 I AutoStartManagerService: MIUILOG- Reject RestartService packageName :com.orvibo.homemate uid : 10143

03-30 11:27:54.543  2044  3807 W ActivityManager: Force removing ActivityRecord{cd4a4d6 u0 com.orvibo.homemate/.common.main.MainActivity t17645}: app died, no saved state

03-30 11:27:54.583  2044  2080 I libprocessgroup: Killing pid 28590 in uid 10143 as part of process group 28402

03-30 11:27:54.604  2044  2078 V BroadcastQueueInjector: Skipping BroadcastRecord{7a5f074 u0 android.intent.action.PACKAGE_RESTARTED} to ProcessRecord{5edc0f9 25556:com.tencent.android.qqdownloader/u0a144}

03-30 11:27:54.604  2044  2078 D Whetstone-FW: MiuiLog-Whetstone-BroadcastControl BroadcastRecord{7a5f074 u0 android.intent.action.PACKAGE_RESTARTED} is discarded

03-30 11:27:54.604  2044  2078 V BroadcastQueueInjector: Skipping BroadcastRecord{7a5f074 u0 android.intent.action.PACKAGE_RESTARTED} to ProcessRecord{808069f 25570:com.tencent.android.qqdownloader:connect/u0a144}

03-30 11:27:54.604  2044  2078 D Whetstone-FW: MiuiLog-Whetstone-BroadcastControl BroadcastRecord{7a5f074 u0 android.intent.action.PACKAGE_RESTARTED} is discarded

03-30 11:27:54.636  2044  3621 D WifiService: Client connection lost with reason: 4

03-30 11:27:54.656  2044  3885 W InputMethodManagerService: Got RemoteException sending setActive(false) notification to pid 28402 uid 10143

03-30 11:27:55.873  2044  3807 D BaseMiuiPhoneWindowManager: keyCode:3 down:true 340566642 340566642 policyFlags=2b000000 deviceId:-1 isScreenOn:true

03-30 11:27:55.874  2044  3807 D WindowManager: keyguardActive=false

03-30 11:27:55.878  2044  3799 D BaseMiuiPhoneWindowManager: keyCode:3 down:false 340566642 340566642 policyFlags=2b000000 deviceId:-1 isScreenOn:true

03-30 11:27:55.879  2044  3799 D WindowManager: keyguardActive=false

03-30 11:27:55.882  2044  2078 V BroadcastQueueInjector: Skipping BroadcastRecord{fa2bd6a u-1 android.intent.action.CLOSE_SYSTEM_DIALOGS} to ProcessRecord{8fb4531 2465:com.tencent.android.qqdownloader:daemon/u0a144}

03-30 11:27:55.882  2044  2078 D Whetstone-FW: MiuiLog-Whetstone-BroadcastControl BroadcastRecord{fa2bd6a u-1 android.intent.action.CLOSE_SYSTEM_DIALOGS} is discarded

03-30 11:27:55.892  2044  3550 I ActivityManager: START u0 {act=android.intent.action.MAIN cat=[android.intent.category.HOME] flg=0x10200000 cmp=com.miui.home/.launcher.Launcher (has extras)} from uid 1000 on display 0

03-30 11:27:56.202  2044  3807 W WindowManager: Attempted to remove non-existing token: android.os.Binder@2775242

03-30 11:27:57.395  2044  4142 I ActivityManager: Force stopping io.appium.unlock appid=10126 user=0: from pid 29140

03-30 11:27:57.398  2044  2078 V BroadcastQueueInjector: Skipping BroadcastRecord{a7317c5 u0 android.intent.action.PACKAGE_RESTARTED} to ProcessRecord{5edc0f9 25556:com.tencent.android.qqdownloader/u0a144}

03-30 11:27:57.398  2044  2078 D Whetstone-FW: MiuiLog-Whetstone-BroadcastControl BroadcastRecord{a7317c5 u0 android.intent.action.PACKAGE_RESTARTED} is discarded

03-30 11:27:57.398  2044  2078 V BroadcastQueueInjector: Skipping BroadcastRecord{a7317c5 u0 android.intent.action.PACKAGE_RESTARTED} to ProcessRecord{808069f 25570:com.tencent.android.qqdownloader:connect/u0a144}

03-30 11:27:57.398  2044  2078 D Whetstone-FW: MiuiLog-Whetstone-BroadcastControl BroadcastRecord{a7317c5 u0 android.intent.action.PACKAGE_RESTARTED} is discarded

03-30 11:27:59.257  2044  3765 I ActivityManager: START u0 {act=android.intent.action.VIEW dat=file:///data/local/tmp/UnicodeIME-debug.apk typ=application/vnd.android.package-archive flg=0x18000000 cmp=com.miui.securitycenter/com.miui.permcenter.install.AdbInstallActivity (has extras)} from uid 2000 on display 0

03-30 11:27:59.347  2044  4123 E ActivityManager: Invalid thumbnail dimensions: 0x0

03-30 11:27:59.360  2044  4323 W InputMethodManagerService: Window already focused, ignoring focus gain of: com.android.internal.view.IInputMethodClient$Stub$Proxy@6f96d72 attribute=null, token = android.os.BinderProxy@6350dbe

03-30 11:27:59.434  2044  4245 D com.android.server.pm.PackageManagerServiceInjector: check if need preinstall apps

03-30 11:27:59.452  6143  6167 D DefContainer: Copying /data/local/tmp/UnicodeIME-debug.apk to base.apk

03-30 11:27:59.484  2044  2126 W PackageManager: Package io.appium.android.ime signatures do not match the previously installed version; ignoring!

03-30 11:27:59.704  2044  2126 I com.android.server.pm.PackageManagerServiceInjector: MIUILOG-onPackageInstalled: PackageEvent { mTimeStamp=2017-03-30 11:27:59 mAction=Install mPackageName=io.appium.android.ime mReturnCode=-7 mVersionCode=0 mVersionName=mInstallerPkgName=

03-30 11:28:04.746  2044  3807 I ActivityManager: START u0 {act=android.intent.action.VIEW dat=file:///data/local/tmp/settings_apk-debug.apk typ=application/vnd.android.package-archive flg=0x18000000 cmp=com.miui.securitycenter/com.miui.permcenter.install.AdbInstallActivity (has extras)} from uid 2000 on display 0

03-30 11:28:04.805 26123 26123 I PackageParser: io.appium.settings: compat added android.permission.WRITE_EXTERNAL_STORAGE

03-30 11:28:04.822  2044  4348 E ActivityManager: Invalid thumbnail dimensions: 0x0

03-30 11:28:04.870  2044  4142 W InputMethodManagerService: Window already focused, ignoring focus gain of: com.android.internal.view.IInputMethodClient$Stub$Proxy@890836e attribute=null, token = android.os.BinderProxy@6350dbe

03-30 11:28:04.918  2044  4142 D com.android.server.pm.PackageManagerServiceInjector: check if need preinstall apps

03-30 11:28:04.945  6143  1618 D DefContainer: Copying /data/local/tmp/settings_apk-debug.apk to base.apk

03-30 11:28:04.963  2044  2126 I PackageParser: io.appium.settings: compat added android.permission.WRITE_EXTERNAL_STORAGE

03-30 11:28:04.977  2044  2126 W PackageManager: Package io.appium.settings signatures do not match the previously installed version; ignoring!

03-30 11:28:05.159  2044  2126 I com.android.server.pm.PackageManagerServiceInjector: MIUILOG-onPackageInstalled: PackageEvent { mTimeStamp=2017-03-30 11:28:05 mAction=Install mPackageName=io.appium.settings mReturnCode=-7 mVersionCode=0 mVersionName=mInstallerPkgName=

03-30 11:28:06.130  2044  4245 I ActivityManager: START u0 {act=android.intent.action.VIEW dat=file:///data/local/tmp/unlock_apk-debug.apk typ=application/vnd.android.package-archive flg=0x18000000 cmp=com.miui.securitycenter/com.miui.permcenter.install.AdbInstallActivity (has extras)} from uid 2000 on display 0

03-30 11:28:06.205  2044  3885 E ActivityManager: Invalid thumbnail dimensions: 0x0

03-30 11:28:06.218  2044  4142 W InputMethodManagerService: Window already focused, ignoring focus gain of: com.android.internal.view.IInputMethodClient$Stub$Proxy@e463915 attribute=null, token = android.os.BinderProxy@6350dbe

03-30 11:28:06.278  2044  4245 D com.android.server.pm.PackageManagerServiceInjector: check if need preinstall apps

03-30 11:28:06.295  6143  6167 D DefContainer: Copying /data/local/tmp/unlock_apk-debug.apk to base.apk

03-30 11:28:06.338  2044  2126 W PackageManager: Package io.appium.unlock signatures do not match the previously installed version; ignoring!

03-30 11:28:06.536  2044  2126 I com.android.server.pm.PackageManagerServiceInjector: MIUILOG-onPackageInstalled: PackageEvent { mTimeStamp=2017-03-30 11:28:06 mAction=Install mPackageName=io.appium.unlock mReturnCode=-7 mVersionCode=0 mVersionName=mInstallerPkgName=

03-30 11:28:14.810  2044  4348 I ActivityManager: Force stopping com.orvibo.homemate appid=10143 user=0: from pid 29464

03-30 11:28:14.815  2044  2078 V BroadcastQueueInjector: Skipping BroadcastRecord{70650ce u0 android.intent.action.PACKAGE_RESTARTED} to ProcessRecord{5edc0f9 25556:com.tencent.android.qqdownloader/u0a144}

03-30 11:28:14.815  2044  2078 D Whetstone-FW: MiuiLog-Whetstone-BroadcastControl BroadcastRecord{70650ce u0 android.intent.action.PACKAGE_RESTARTED} is discarded

03-30 11:28:14.815  2044  2078 V BroadcastQueueInjector: Skipping BroadcastRecord{70650ce u0 android.intent.action.PACKAGE_RESTARTED} to ProcessRecord{808069f 25570:com.tencent.android.qqdownloader:connect/u0a144}

03-30 11:28:14.815  2044  2078 D Whetstone-FW: MiuiLog-Whetstone-BroadcastControl BroadcastRecord{70650ce u0 android.intent.action.PACKAGE_RESTARTED} is discarded

03-30 11:28:15.069  2044  4348 I ActivityManager: START u0 {act=android.intent.action.MAIN cat=[android.intent.category.LAUNCHER] flg=0x10200000 cmp=com.orvibo.homemate/.common.launch.LaunchActivity} from uid 2000 on display 0

03-30 11:28:15.099  2044  3799 I ActivityManager: Start proc 29494:com.orvibo.homemate/u0a143 for activity com.orvibo.homemate/.common.launch.LaunchActivity

03-30 11:28:16.838  2044  3621 D WifiService: New client listening to asynchronous messages

03-30 11:28:17.712  2044  3807 I ActivityManager: Start proc 29591:com.orvibo.homemate:moon/u0a143 for service com.orvibo.homemate/.service.MoonService

03-30 11:28:19.413  2044  2078 V ActivityManager: Attempted to start a foreground service (ComponentInfo{com.orvibo.homemate/com.orvibo.homemate.service.MoonService}) with a broken notification (no icon: Notification(pri=0 contentView=null vibrate=null sound=null defaults=0x0 flags=0x40 color=0x00000000 vis=PRIVATE))

03-30 11:28:19.420  2044  2044 V NotificationService: pkg=com.orvibo.homemate canInterrupt=true intercept=true

03-30 11:28:19.435  2044  2078 V ActivityManager: Attempted to start a foreground service (ComponentInfo{com.orvibo.homemate/com.orvibo.homemate.service.TempService}) with a broken notification (no icon: Notification(pri=0 contentView=null vibrate=null sound=null defaults=0x0 flags=0x40 color=0x00000000 vis=PRIVATE))

03-30 11:28:19.440  2044  2044 V NotificationService: pkg=com.orvibo.homemate canInterrupt=true intercept=true

03-30 11:28:19.743  3746  3879 W ContextImpl: Calling a method in the system process without a qualified user: android.app.ContextImpl.bindService:1295 android.content.ContextWrapper.bindService:614 com.xiaomi.mistatistic.sdk.controller.LocalEventRecorder.a:90 com.xiaomi.mistatistic.sdk.controller.LocalEventRecorder.b:70 com.xiaomi.mistatistic.sdk.controller.LocalEventRecorder.a:25 

--------- beginning of main

03-30 11:28:21.565  6151  6186 I octvm_klo: read wakeups from wakealarm_fd:1

03-30 11:28:21.565  6151  6186 I octvm_klo: new timerfd interval:

03-30 11:28:21.565  6151  6186 I octvm_klo: 	itval.it_interval.tv_sec 1, itval.it_interval.tv_nsec 0

03-30 11:28:21.565  6151  6186 I octvm_klo: 	itval.it_value.tv_sec 0, itval.it_value.tv_nsec 999997657

03-30 11:28:21.611  3745  3745 D wpa_supplicant: wlan0: Control interface command 'SIGNAL_POLL'

03-30 11:28:21.614  3745  3745 D wpa_supplicant: CTRL-DEBUG: global_ctrl_sock-sendto: sock=11 sndbuf=163840 outq=0 send_len=49

03-30 11:28:21.668   379   493 I ThermalEngine: Sensor:batt_temp:365 mC

03-30 11:28:21.674   379   472 I ThermalEngine: Sensor:tsens_tz_sensor5:55000 mC

03-30 11:28:21.676   379   516 I ThermalEngine: Sensor:tsens_tz_sensor5:55000 mC

03-30 11:28:21.676   379   516 I ThermalEngine: TM Id 'CPU0_MONITOR' Sensor 'cpu0' - alarm cleared 2 at 55.0 degC

03-30 11:28:21.677   379   516 I ThermalEngine: ACTION: CPU - Setting CPU[0] to 1728000

03-30 11:28:21.678   379   516 I ThermalEngine: Mitigation:CPU[0]:1728000 Khz

03-30 11:28:21.678   379   516 I ThermalEngine: ACTION: CPU - Setting CPU[1] to 1728000

03-30 11:28:21.678   379   516 E ThermalEngine: Failed to set desired CPU[1] frequency limit to 1728000

03-30 11:28:21.678   379   516 I ThermalEngine: ACTION: CPU - Setting CPU[2] to 1728000

03-30 11:28:21.679   379   516 E ThermalEngine: Failed to set desired CPU[2] frequency limit to 1728000

03-30 11:28:21.679   379   516 I ThermalEngine: ACTION: CPU - Setting CPU[3] to 1728000

03-30 11:28:21.679   379   516 I ThermalEngine: Mitigation:CPU[3]:1728000 Khz

03-30 11:28:21.698 29494 29494 D HomeMate: comm[ main: MainActivity.java:335 onRefresh() ] - mainRefreshType:4

03-30 11:28:21.698 29494 29494 D HomeMate: comm[ main: MainActivity.java:255 refreshCurrentFragment() ] - Current tag is å®?,HomeFragment{1d90de5 #0 id=0x7f0d0299 å®¶},mainRefreshType:4

03-30 11:28:21.699 29494 29494 D HomeMate: comm[ main: HomeFragment.java:195 onRefresh() ] - HomeFragment{1d90de5 #0 id=0x7f0d0299 å®¶}

03-30 11:28:21.699 29494 29494 D HomeMate: comm[ main: HomeFragment.java:196 onRefresh() ] - HomeRefresh

03-30 11:28:21.699 29494 29494 D HomeMate: comm[ main: HomeRoomPresenter.java:58 init() ] - HomeRefresh

03-30 11:28:21.708 29494 29494 D HomeMate: comm[ main: HomeFragment.java:279 onInit() ] - HomeRefresh

03-30 11:28:21.709 29494 29494 D HomeMate: allen[ main: HomeFragment.java:291 onRefreshFamilies() ] - families:[Family{familyId='552f998311c04213b4762686e1535dc6', pic='null', creator='46133a343fe94a22b785977ae0938180', familyName='æˆ‘çš„å®¶åº­', nickname_in_family='null', email='840432908@qq.com', phone='', showIndex=1, isAdmin=1, userid='46133a343fe94a22b785977ae0938180', userName=, updateTimeSec=1490844451000} ] selectFamilyPosition:0

03-30 11:28:21.719 29494 29494 D HomeMate: comm[ main: HomeFragment.java:382 doRefreshRooms() ] - HomeRefresh-do refresh

03-30 11:28:21.720 29494 29494 D HomeMate: allen[ main: HomeFragment.java:385 doRefreshRooms() ] - rooms:[Room{roomId='552f998311c04213b4762686e1535dc6', roomName='é»˜è®¤æˆ¿é—´', floorId='552f998311c04213b4762686e1535dc6', roomType=0, sequence=0, isDefaultRoom=false, imgUrl='/storage/emulated/0/HomeMate/room/6_thumb'} BaseBo{delFlag=0, updateTime='0', createTime='0', updateTimeSec=0, uid='null', userName='null'}] selectRoomPosition:0

03-30 11:28:21.727 29494 29494 D HomeMate: comm[ main: BaseFragment.java:74 onAttach() ] - HomePagerFragment

03-30 11:28:21.730 29494 29494 D HomeMate: allen[ main: HomePagerFragment.java:120 onCreateView() ] - onCreateView()

03-30 11:28:21.734 29494 29494 V BoostFramework: BoostFramework() : mPerf = com.qualcomm.qti.Performance@6e04d66

03-30 11:28:21.735 29494 29494 V BoostFramework: BoostFramework() : mPerf = com.qualcomm.qti.Performance@7fa38a7

03-30 11:28:21.738 29494 29494 V BoostFramework: BoostFramework() : mPerf = com.qualcomm.qti.Performance@73fc8fd

03-30 11:28:21.738 29494 29494 V BoostFramework: BoostFramework() : mPerf = com.qualcomm.qti.Performance@613d9f2

03-30 11:28:21.741 29494 29494 D HomeMate: allen[ main: HomePagerFragment.java:186 onActivityCreated() ] - onActivityCreated()

03-30 11:28:21.745 29494 29494 D HomeMate: comm[ main: PropertyReport.java:94 registerNewPropertyReport() ] - registerNewPropertyReport()-listener:com.orvibo.homemate.device.home.HomeDevicePresenter@607b843

03-30 11:28:21.747 29494 29494 D HomeMate: allen[ main: HomeDevicePresenter.java:110 refresh() ] - Start to init devices.

03-30 11:28:21.750 29494 29494 D HomeMate: allen[ main: HomeDevicePresenter.java:114 refresh() ] - Show devices from Room{roomId='552f998311c04213b4762686e1535dc6', roomName='é»˜è®¤æˆ¿é—´', floorId='552f998311c04213b4762686e1535dc6', roomType=0, sequence=0, isDefaultRoom=false, imgUrl='/storage/emulated/0/HomeMate/room/6_thumb'} BaseBo{delFlag=0, updateTime='0', createTime='0', updateTimeSec=0, uid='null', userName='null'}

03-30 11:28:21.753 29494 29494 D HomeMate: allen[ main: HomeDevicePresenter.java:116 refresh() ] - devices []

03-30 11:28:21.756 29494 29494 D HomeMate: allen[ main: HomeDevicePresenter.java:121 refresh() ] - other devices []

03-30 11:28:21.756 29494 29494 D HomeMate: allen[ main: HomeDevicePresenter.java:155 refreshDeviceStatus() ] - deviceStatusMap {}

03-30 11:28:21.757 29494 29494 D HomeMate: allen[ main: HomePagerFragment.java:229 onDeviceInit() ] - devices:[],otherDevices:[]

03-30 11:28:21.758 29494 29662 D HomeMate: comm[ NioProcessor-7: CodecDecoder.java:44 doDecode() ] - hd:6864,actualLen:122

03-30 11:28:21.759 29494 29662 I HomeMate: comm[ NioProcessor-7: CodecDecoder.java:76 doDecode() ] - æŽ¥æ”¶åˆ°IP:192.168.2.242çš„æ•°æ®ï¼š68,64,0,7a,64,6b,59,e1,1b,17,64,32,39,38,32,66,39,36,66,63,34,37,34,35,31,64,38,66,31,39,61,33,64,61,34,34,33,64,65,66,62,65,76,2d,2f,d4,91,4e,67,1f,83,27,9d,37,e9,2,d4,ea,1c,9a,66,37,1b,b6,69,83,8d,fb,b5,ad,e8,5d,b2,50,1f,9c,32,1,54,83,21,da,79,6e,87,4c,16,ff,37,b1,e4,18,e3,1f,94,fb,87,42,bd,bc,78,46,11,ee,54,73,6d,b0,f7,a6,2,bc,76,e8,ee,7,7d,de,ad,5f,aa,23

03-30 11:28:21.759 29494 29677 I HomeMate: comm[ pool-5-thread-1: SocketUtil.java:70 progressMessage() ] - protocolType[dk],crc:59E11B17,sessionId:d2982f96fc47451d8f19a3da443defbe,jsonLen:80,ip:192.168.2.242,port:10001

03-30 11:28:21.760 29494 29677 I HomeMate: comm[ pool-5-thread-1: SocketUtil.java:108 progressMessage() ] - After decrypt json[{"cmd":172,"status":0,"tableName":"messageCommon","data":[],"serial":268953310}]

03-30 11:28:21.767 29494 29494 D HomeMate: allen[ main: HomePagerFragment.java:279 onDeviceInit() ] - Show devices

03-30 11:28:21.767 29494 29494 D HomeMate: allen[ main: HomeDevicePresenter.java:129 refresh() ] - Finish to init device. cost 20ms

03-30 11:28:21.768 29494 29494 D HomeMate: comm[ main: DeviceUtil.java:953 getEnergyDevices() ] - familyId:552f998311c04213b4762686e1535dc6

03-30 11:28:21.773 29494 29494 D HomeMate: comm[ main: DeviceUtil.java:989 getEnergyDevices() ] - energyRemindDevices:[]

03-30 11:28:21.774 29494 29494 I HomeMate: wei[ main: RoomCommonSceneDao.java:46 selRoomCommonScene() ] - select * from scene inner join roomcommonscene on scene.sceneNo = roomcommonscene.sceneNo where roomcommonscene.userId = ? and roomcommonscene.roomId = ? order by roomcommonscene.sceneSequence ASC

03-30 11:28:21.788 29494 29494 D HomeMate: comm[ main: RoomImageUtil.java:275 getRoomImagePathByName() ] - RoomImageUtil: getRoomImagePathByName(file.exists == false !)

03-30 11:28:21.789 29494 29494 D HomeMate: comm[ main: HomePagerFragment.java:349 setRoomImage() ] - room:Room{roomId='552f998311c04213b4762686e1535dc6', roomName='é»˜è®¤æˆ¿é—´', floorId='552f998311c04213b4762686e1535dc6', roomType=0, sequence=0, isDefaultRoom=false, imgUrl='/storage/emulated/0/HomeMate/room/6_thumb'} BaseBo{delFlag=0, updateTime='0', createTime='0', updateTimeSec=0, uid='null', userName='null'}   file.exists()->true

03-30 11:28:21.789 29494 29494 D HomeMate: allen[ main: HomePagerFragment.java:202 onStart() ] - onStart()

03-30 11:28:21.790 29494 29494 D HomeMate: allen[ main: HomePagerFragment.java:208 onResume() ] - onResume()

03-30 11:28:21.794 29494 29494 I HomeMate: comm[ main: BaseRequest.java:118 doRequestAsync() ] - registerEvent: com.orvibo.homemate.device.home.HomeRoomPresenter$1@c7756ec

03-30 11:28:21.795 29494 29494 D HomeMate: comm[ main: BaseRequest.java:978 saveSerial() ] - Record serial 819862673 on com.orvibo.homemate.device.home.HomeRoomPresenter$1@c7756ec

03-30 11:28:21.796 29494 29594 D HomeMate: comm[ pool-4-thread-1: MinaSocket.java:139 send() ] - target:server,position:server start request.requestConfig:RequestConfig{state=2, type=0, target=1, requestConf=RequestConf{totalCount=2, intervalTime=3500, lastTimeoutTime=5000}},messageLength:138

03-30 11:28:21.796 29494 29594 D HomeMate: sConnectFutures:{server=org.apache.mina.core.polling.AbstractPollingIoConnector$ConnectionRequest@ef9bdd7}

03-30 11:28:21.797 29494 29594 I HomeMate: comm[ pool-4-thread-1: CodecEncoder.java:44 encode() ] - encode()-ç¼–ç å®Œæˆ,å‘IP:/192.168.2.242:10001å†™æ•°æ?(138):68,64,00,8a,64,6b,58,22,6a,01,64,32,39,38,32,66,39,36,66,63,34,37,34,35,31,64,38,66,31,39,61,33,64,61,34,34,33,64,65,66,62,65,d3,52,4d,f8,47,d9,8a,e5,0e,23,77,79,cf,c8,8d,2c,ea,4e,9f,5d,fe,ae,5e,9b,8b,f0,46,13,a1,8f,96,4b,4d,f5,2c,70,80,a2,98,64,d7,a2,17,33,55,4f,9c,81,5b,ee,3e,45,f7,3b,6b,a2,f3,11,86,2c,d0,87,c3,14,3a,23,49,1c,3b,cf,d0,95,f2,d0,fa,66,a1,e5,0e,04,9c,ff,70,04,30,d7,d5,9f,f2,be,41,ba,27,f6,ec,95

03-30 11:28:21.798 29494 29594 D HomeMate: comm[ pool-4-thread-1: MinaSocket.java:157 send() ] - isWritten:true,ioSession:(0x00000001: nio socket, client, /192.168.56.181:46966 => /192.168.2.242:10001)

03-30 11:28:21.799 29494 29594 V HomeMate: comm[ pool-4-thread-1: BaseRequest.java:180 onAsyncTick() ] - Send command:Command{

03-30 11:28:21.799 29494 29594 V HomeMate: uid='server'

03-30 11:28:21.799 29494 29594 V HomeMate: serial=819862673

03-30 11:28:21.799 29494 29594 V HomeMate: cmd=201

03-30 11:28:21.799 29494 29594 V HomeMate: crc='58226A01'

03-30 11:28:21.799 29494 29594 V HomeMate: requestConfig=RequestConfig{state=2, type=0, target=1, requestConf=RequestConf{totalCount=2, intervalTime=3500, lastTimeoutTime=5000}}

03-30 11:28:21.799 29494 29594 V HomeMate: jsonObject={"userId":"46133a343fe94a22b785977ae0938180","cmd":201,"serial":819862673,"ver":"2.3.0"}}

03-30 11:28:21.807 29494 29494 D HomeMate: comm[ main: BaseRequest.java:498 stopRequest() ] - Stop request which serial is 268953310 on com.orvibo.homemate.model.QueryUserMessageRequest@738b19a

03-30 11:28:21.808 29494 29494 D HomeMate: comm[ main: QueryUserMessage.java:112 onResultReturn() ] - cmd=172 result=0 serial=268953310 uid=null

03-30 11:28:21.810 29494 29494 D HomeMate: comm[ main: BaseActivity.java:480 onEventMainThread() ] - onEventMainThread()-event:ViewEvent{loadDataType=7, uid='null', result=0}

03-30 11:28:21.810 29494 29494 D HomeMate: comm[ main: MainActivity.java:224 onRefresh() ] - ViewEvent{loadDataType=7, uid='null', result=0}

03-30 11:28:21.813 29494 29494 D HomeMate: comm[ main: MainActivity.java:255 refreshCurrentFragment() ] - Current tag is å®?,HomeFragment{1d90de5 #0 id=0x7f0d0299 å®¶},mainRefreshType:5

03-30 11:28:21.813 29494 29662 D HomeMate: comm[ NioProcessor-7: CodecDecoder.java:44 doDecode() ] - hd:6864,actualLen:256

03-30 11:28:21.814 29494 29494 D HomeMate: comm[ main: HomeFragment.java:195 onRefresh() ] - HomeFragment{1d90de5 #0 id=0x7f0d0299 å®¶}

03-30 11:28:21.814 29494 29662 W HomeMate: comm[ NioProcessor-7: CodecDecoder.java:57 doDecode() ] - length is wrong.æ•°æ®çš„æ?»é•¿åº¦Len[586]ï¼Œå®žé™…æŽ¥æ”¶åˆ°çš„é•¿åº¦actualLenï¼?256

03-30 11:28:21.814 29494 29494 D HomeMate: comm[ main: HomeFragment.java:196 onRefresh() ] - HomeRefresh

03-30 11:28:21.814 29494 29494 D HomeMate: comm[ main: HomeRoomPresenter.java:58 init() ] - HomeRefresh

03-30 11:28:21.814 29494 29662 D HomeMate: comm[ NioProcessor-7: CodecDecoder.java:44 doDecode() ] - hd:6864,actualLen:586

03-30 11:28:21.818 29494 29662 I HomeMate: comm[ NioProcessor-7: CodecDecoder.java:76 doDecode() ] - æŽ¥æ”¶åˆ°IP:192.168.2.242çš„æ•°æ®ï¼š68,64,2,4a,64,6b,20,e6,dc,78,64,32,39,38,32,66,39,36,66,63,34,37,34,35,31,64,38,66,31,39,61,33,64,61,34,34,33,64,65,66,62,65,93,ce,b7,9e,c,d,59,2f,1,13,ae,16,ec,23,fe,55,47,fa,b6,5,a9,97,c8,43,9d,b5,b7,16,40,38,c3,39,ba,ba,92,6b,c3,60,3c,58,3c,5c,4b,d0,51,59,9b,cc,a5,41,2c,b5,e1,29,ac,21,9a,27,ac,63,58,df,a1,12,94,e0,8b,1a,28,7c,7c,61,36,ed,a2,63,b8,9f,b,5f,21,7c,b2,84,a,58,3f,b7,e0,ec,27,57,85,d9,54,2f,b3,d6,cf,13,44,64,1c,11,32,8c,4b,55,5a,11,e6,ae,4a,29,94,e7,63,63,88,ee,ca,17,4c,29,a1,f1,57,33,57,fb,a0,d6,ce,75,ad,d6,fe,ce,8a,12,6b,57,f4,aa,47,c,40,14,74,9d,88,77,f9,65,58,f8,81,7c,65,69,82,55,d3,2a,70,bd,79,a5,c9,76,66,9e,5,37,84,f,4f,e2,a6,42,85,a0,12,eb,6,35,89,b5,5d,5a,f5,9a,e0,36,12,94,96,dc,34,4e,b2,fc,fe,42,62,29,5c,42,90,44,d4,28,2c,18,47,dd,8d,72,df,4,dc,55,24,82,41,5f,ac,4c,7e,95,ce,5f,ed,33,33,11,1,3,a2,d3,25,24,9c,a3,48,3b,6d,fe,2c,67,66,62,c2,cd,69,ea,36,5d,68,b5,e7,9b,e2,89,5,7d,56,65,bd,ef,a9,fa,15,8c,f,c6,80,80,ca,f,92,12,f3,2b,ae,ab,26,1a,9f,57,eb,59,d2,73,21,cb,33,e9,6c,4,b9,fd,4b,bc,a3,21,39,ca,59,7f,6b,d,1b,b4,f6,bb,69,3,71,62,67,58,1e,70,ec,cf,bf,25,34,4c,62,e9,ab,b6,98,8b,67,ef,ed,4b,61,c0,f1,e5,8b,b3,9c,4,11,a8,be,38,b6,b1,ce,26,29,f8,86,b3,ab,87,e2,ef,52,d1,f9,18,22,f7,2f,5a,3c,db,a3,5a,cd,2d,65,3e,90,2e,14,fa,4f,f4,66,f5,94,15,66,ea,29,88,2d,9f,97,26,b4,3d,ff,4b,81,26,39,3a,5b,f6,cf,ed,2e,75,7c,45,3,14,7e,11,95,f7,74,b3,eb,ae,41,c4,90,18,3f,20,f4,5d,75,ad,c9,2a,61,12,91,42,65,e,1f,83,a1,15,cd,ad,85,4c,c7,a9,98,50,29,ed,da,90,67,4c,1b,f,be,eb,d1,e6,cd,85,7,9c,c1,ad,f7,f8,0,1d,7f,6d,9a,93,ca,f5,9e,dc,1e,c4,ee,33,64,c1,de,e6,4d,56,eb,11,a3,ad,82,a5,59,af,4d,a6,4f,fc,db,a2,ce,38,e5,b7,e,b0,66,97,55,bc,34,d2,dd,d5,ed,ac,b,89,4c,56,f9,66,da,d,80,56,68,30,29,7c,68,e5,10,8b,96,3a

03-30 11:28:21.819 29494 29677 I HomeMate: comm[ pool-5-thread-1: SocketUtil.java:70 progressMessage() ] - protocolType[dk],crc:20E6DC78,sessionId:d2982f96fc47451d8f19a3da443defbe,jsonLen:544,ip:192.168.2.242,port:10001

03-30 11:28:21.819 29494 29677 I HomeMate: comm[ pool-5-thread-1: SocketUtil.java:108 progressMessage() ] - After decrypt json[{"cmd":201,"userId":"46133a343fe94a22b785977ae0938180","ver":"2.3.0","serial":819862673,"status":0,"familyList":[{"email":"840432908@qq.com","phone":"","userName":"","isAdmin":1,"familyId":"552f998311c04213b4762686e1535dc6","familyName":"æˆ‘çš„å®¶åº­","creator":"46133a343fe94a22b785977ae0938180","showIndex":1,"createTime":"2017-03-30 11:27:39","updateTime":"2017-03-30 11:27:31","longitude":"114.004836","latotide":"22.593926","country":"cn","city":"shenzhen","state":"guangdong","timeOffset":28800,"zoneOffset":28800,"delFlag":0}]}]

03-30 11:28:21.823 29494 29494 D HomeMate: comm[ main: HomeFragment.java:279 onInit() ] - HomeRefresh

03-30 11:28:21.824 29494 29494 D HomeMate: allen[ main: HomeFragment.java:291 onRefreshFamilies() ] - families:[Family{familyId='552f998311c04213b4762686e1535dc6', pic='null', creator='46133a343fe94a22b785977ae0938180', familyName='æˆ‘çš„å®¶åº­', nickname_in_family='null', email='840432908@qq.com', phone='', showIndex=1, isAdmin=1, userid='46133a343fe94a22b785977ae0938180', userName=, updateTimeSec=1490844451000} ] selectFamilyPosition:0

03-30 11:28:21.851 29494 29494 D HomeMate: comm[ main: HomeFragment.java:382 doRefreshRooms() ] - HomeRefresh-do refresh

03-30 11:28:21.851 29494 29494 D HomeMate: allen[ main: HomeFragment.java:385 doRefreshRooms() ] - rooms:[Room{roomId='552f998311c04213b4762686e1535dc6', roomName='é»˜è®¤æˆ¿é—´', floorId='552f998311c04213b4762686e1535dc6', roomType=0, sequence=0, isDefaultRoom=false, imgUrl='/storage/emulated/0/HomeMate/room/6_thumb'} BaseBo{delFlag=0, updateTime='0', createTime='0', updateTimeSec=0, uid='null', userName='null'}] selectRoomPosition:0

03-30 11:28:21.856 29494 29494 D HomeMate: comm[ main: BaseFragment.java:74 onAttach() ] - HomePagerFragment

03-30 11:28:21.856 29494 29494 D HomeMate: allen[ main: HomePagerFragment.java:120 onCreateView() ] - onCreateView()

03-30 11:28:21.858 29494 29494 V BoostFramework: BoostFramework() : mPerf = com.qualcomm.qti.Performance@10c9997

03-30 11:28:21.858 29494 29494 V BoostFramework: BoostFramework() : mPerf = com.qualcomm.qti.Performance@af39784

03-30 11:28:21.861 29494 29494 V BoostFramework: BoostFramework() : mPerf = com.qualcomm.qti.Performance@472a3a2

03-30 11:28:21.861 29494 29494 V BoostFramework: BoostFramework() : mPerf = com.qualcomm.qti.Performance@3f73833

03-30 11:28:21.862 29494 29494 D HomeMate: allen[ main: HomePagerFragment.java:186 onActivityCreated() ] - onActivityCreated()

03-30 11:28:21.864 29494 29494 D HomeMate: comm[ main: PropertyReport.java:94 registerNewPropertyReport() ] - registerNewPropertyReport()-listener:com.orvibo.homemate.device.home.HomeDevicePresenter@dd4a7f0

03-30 11:28:21.865 29494 29494 D HomeMate: allen[ main: HomeDevicePresenter.java:110 refresh() ] - Start to init devices.

03-30 11:28:21.866 29494 29494 D HomeMate: allen[ main: HomeDevicePresenter.java:114 refresh() ] - Show devices from Room{roomId='552f998311c04213b4762686e1535dc6', roomName='é»˜è®¤æˆ¿é—´', floorId='552f998311c04213b4762686e1535dc6', roomType=0, sequence=0, isDefaultRoom=false, imgUrl='/storage/emulated/0/HomeMate/room/6_thumb'} BaseBo{delFlag=0, updateTime='0', createTime='0', updateTimeSec=0, uid='null', userName='null'}

03-30 11:28:21.868 29494 29494 D HomeMate: allen[ main: HomeDevicePresenter.java:116 refresh() ] - devices []

03-30 11:28:21.871 29494 29494 D HomeMate: allen[ main: HomeDevicePresenter.java:121 refresh() ] - other devices []

03-30 11:28:21.872 29494 29494 D HomeMate: allen[ main: HomeDevicePresenter.java:155 refreshDeviceStatus() ] - deviceStatusMap {}

03-30 11:28:21.873 29494 29494 D HomeMate: allen[ main: HomePagerFragment.java:229 onDeviceInit() ] - devices:[],otherDevices:[]

03-30 11:28:21.875 29494 29494 D HomeMate: allen[ main: HomePagerFragment.java:279 onDeviceInit() ] - Show devices

03-30 11:28:21.876 29494 29494 D HomeMate: allen[ main: HomeDevicePresenter.java:129 refresh() ] - Finish to init device. cost 10ms

03-30 11:28:21.876 29494 29494 D HomeMate: comm[ main: DeviceUtil.java:953 getEnergyDevices() ] - familyId:552f998311c04213b4762686e1535dc6

03-30 11:28:21.879 29494 29494 D HomeMate: comm[ main: DeviceUtil.java:989 getEnergyDevices() ] - energyRemindDevices:[]

03-30 11:28:21.880 29494 29494 I HomeMate: wei[ main: RoomCommonSceneDao.java:46 selRoomCommonScene() ] - select * from scene inner join roomcommonscene on scene.sceneNo = roomcommonscene.sceneNo where roomcommonscene.userId = ? and roomcommonscene.roomId = ? order by roomcommonscene.sceneSequence ASC

03-30 11:28:21.889 29494 29494 D HomeMate: comm[ main: RoomImageUtil.java:275 getRoomImagePathByName() ] - RoomImageUtil: getRoomImagePathByName(file.exists == false !)

03-30 11:28:21.890 29494 29494 D HomeMate: comm[ main: HomePagerFragment.java:349 setRoomImage() ] - room:Room{roomId='552f998311c04213b4762686e1535dc6', roomName='é»˜è®¤æˆ¿é—´', floorId='552f998311c04213b4762686e1535dc6', roomType=0, sequence=0, isDefaultRoom=false, imgUrl='/storage/emulated/0/HomeMate/room/6_thumb'} BaseBo{delFlag=0, updateTime='0', createTime='0', updateTimeSec=0, uid='null', userName='null'}   file.exists()->true

03-30 11:28:21.891 29494 29494 D HomeMate: allen[ main: HomePagerFragment.java:202 onStart() ] - onStart()

03-30 11:28:21.892 29494 29494 D HomeMate: allen[ main: HomePagerFragment.java:208 onResume() ] - onResume()

03-30 11:28:21.894 29494 29494 I HomeMate: comm[ main: BaseRequest.java:118 doRequestAsync() ] - registerEvent: com.orvibo.homemate.device.home.HomeRoomPresenter$1@74531c

03-30 11:28:21.897 29494 29494 D HomeMate: comm[ main: BaseRequest.java:978 saveSerial() ] - Record serial 1480863831 on com.orvibo.homemate.device.home.HomeRoomPresenter$1@74531c

03-30 11:28:21.899 29494 29646 D HomeMate: comm[ pool-4-thread-2: MinaSocket.java:139 send() ] - target:server,position:server start request.requestConfig:RequestConfig{state=2, type=0, target=1, requestConf=RequestConf{totalCount=2, intervalTime=3500, lastTimeoutTime=5000}},messageLength:138

03-30 11:28:21.899 29494 29646 D HomeMate: sConnectFutures:{server=org.apache.mina.core.polling.AbstractPollingIoConnector$ConnectionRequest@ef9bdd7}

03-30 11:28:21.899 29494 29646 I HomeMate: comm[ pool-4-thread-2: CodecEncoder.java:44 encode() ] - encode()-ç¼–ç å®Œæˆ,å‘IP:/192.168.2.242:10001å†™æ•°æ?(138):68,64,00,8a,64,6b,8e,de,fa,7f,64,32,39,38,32,66,39,36,66,63,34,37,34,35,31,64,38,66,31,39,61,33,64,61,34,34,33,64,65,66,62,65,d3,52,4d,f8,47,d9,8a,e5,0e,23,77,79,cf,c8,8d,2c,ea,4e,9f,5d,fe,ae,5e,9b,8b,f0,46,13,a1,8f,96,4b,4d,f5,2c,70,80,a2,98,64,d7,a2,17,33,55,4f,9c,81,5b,ee,3e,45,f7,3b,6b,a2,f3,11,86,2c,d0,87,c3,14,3b,a0,74,69,6f,3f,6f,7c,38,92,3a,ff,53,af,a0,f3,93,f8,0b,51,b5,df,15,e9,e6,3c,8c,0a,cb,44,ad,e1

03-30 11:28:21.900 29494 29646 D HomeMate: comm[ pool-4-thread-2: MinaSocket.java:157 send() ] - isWritten:true,ioSession:(0x00000001: nio socket, client, /192.168.56.181:46966 => /192.168.2.242:10001)

03-30 11:28:21.902 29494 29646 V HomeMate: comm[ pool-4-thread-2: BaseRequest.java:180 onAsyncTick() ] - Send command:Command{

03-30 11:28:21.902 29494 29646 V HomeMate: uid='server'

03-30 11:28:21.902 29494 29646 V HomeMate: serial=1480863831

03-30 11:28:21.902 29494 29646 V HomeMate: cmd=201

03-30 11:28:21.902 29494 29646 V HomeMate: crc='8EDEFA7F'

03-30 11:28:21.902 29494 29646 V HomeMate: requestConfig=RequestConfig{state=2, type=0, target=1, requestConf=RequestConf{totalCount=2, intervalTime=3500, lastTimeoutTime=5000}}

03-30 11:28:21.902 29494 29646 V HomeMate: jsonObject={"userId":"46133a343fe94a22b785977ae0938180","cmd":201,"serial":1480863831,"ver":"2.3.0"}}

03-30 11:28:21.909 29494 29494 D HomeMate: comm[ main: BaseRequest.java:498 stopRequest() ] - Stop request which serial is 819862673 on com.orvibo.homemate.device.home.HomeRoomPresenter$1@c7756ec

03-30 11:28:21.909 29494 29494 D HomeMate: comm[ main: HomeRoomPresenter.java:58 init() ] - HomeRefresh

03-30 11:28:21.916 29494 29494 D HomeMate: comm[ main: HomeFragment.java:279 onInit() ] - HomeRefresh

03-30 11:28:21.916 29494 29494 D HomeMate: allen[ main: HomeFragment.java:291 onRefreshFamilies() ] - families:[Family{familyId='552f998311c04213b4762686e1535dc6', pic='null', creator='46133a343fe94a22b785977ae0938180', familyName='æˆ‘çš„å®¶åº­', nickname_in_family='null', email='840432908@qq.com', phone='', showIndex=1, isAdmin=1, userid='46133a343fe94a22b785977ae0938180', userName=, updateTimeSec=1490844451000} ] selectFamilyPosition:0

03-30 11:28:21.921 29494 29494 D HomeMate: comm[ main: HomeFragment.java:382 doRefreshRooms() ] - HomeRefresh-do refresh

