03-30 10:51:23.127 17177 17291 W Settings: Setting airplane_mode_on has moved from android.provider.Settings.System to android.provider.Settings.Global, returning read-only value.

03-30 10:51:23.129 17177 17291 W beacon  : onUserAction return false, because eventName:[loadSoNew] is not allowed in server strategy!

03-30 10:51:23.131 17177 17291 W Settings: Setting airplane_mode_on has moved from android.provider.Settings.System to android.provider.Settings.Global, returning read-only value.

03-30 10:51:23.133 17177 17291 W beacon  : onUserAction return false, because eventName:[loadSoOld] is not allowed in server strategy!

03-30 10:51:23.171  2044  2115 I Timeline: Timeline: Activity_windows_visible id: ActivityRecord{97250f9 u0 com.tencent.mobileqq/com.tencent.qqconnect.wtlogin.Login t17570} time:338373952

03-30 10:51:23.173  2044  2115 I Timeline: Timeline: App_transition_stopped time:338373953

03-30 10:51:23.291  4060  4060 W PushService: 2017-03-30 10:51:23,291 - [WARN::PushService] - [Thread:1] onStart() with intent.Action = com.xiaomi.mipush.SEND_MESSAGE, chid = null

03-30 10:51:23.292  4060  4253 W PushService: 2017-03-30 10:51:23,292 - [WARN::PushService] - [Thread:54] JOB: Handle intent action = com.xiaomi.mipush.SEND_MESSAGE

03-30 10:51:23.294  4060  4253 W PushService: 2017-03-30 10:51:23,293 - [WARN::PushService] - [Thread:54] try send mi push message. packagename:com.xiaomi.xmsf action:Notification

03-30 10:51:23.296  4060  4253 W PushService: 2017-03-30 10:51:23,295 - [WARN::PushService] - [Thread:54] [Slim] Wrote {cmd=SECMSG;chid=5;len=252}

03-30 10:51:23.298  4060  4253 W PushService: 2017-03-30 10:51:23,297 - [WARN::PushService] - [Thread:54] [Slim] 10:51:23 ä¸Šåˆ Sent  Blob [SECMSG,5,F4Xm6-2252]

03-30 10:51:23.315  4060  4207 W PushService: 2017-03-30 10:51:23,315 - [WARN::PushService] - [Thread:49] GeoFenceNetInfoUpdateJob: update_loc_data

03-30 10:51:23.447   379   493 I ThermalEngine: Sensor:batt_temp:366 mC

03-30 10:51:23.860  6151  6186 I octvm_klo: read wakeups from wakealarm_fd:1

03-30 10:51:23.860  6151  6186 I octvm_klo: new timerfd interval:

03-30 10:51:23.860  6151  6186 I octvm_klo: 	itval.it_interval.tv_sec 1, itval.it_interval.tv_nsec 0

03-30 10:51:23.860  6151  6186 I octvm_klo: 	itval.it_value.tv_sec 0, itval.it_value.tv_nsec 999993230

03-30 10:51:24.082 27823 27893 D UTAnalytics:UTDC: pid:27823 [commit] page:UT,eventId:1010,arg1:25857,arg2:0,arg3:args:{SDKTYPE=mini},

03-30 10:51:24.104 27823 27893 D UTAnalytics:UTLog: pid:27823 Log [id=0, eventId=1010, index=],867451020054497||460015796275061||Xiaomi||MI NOTE LTE||1920*1080||Unknown||Wi-Fi||Unknown||null||23256401||2.3.0.300||-||-||-||-||zh||a||6.0.1||2.5.1_for_bc||1490842257658||WJfwe+sntC4DAAdSBLpxQDCW||mini||-||-||-||-||_ap=1_mac=02:00:00:00:00:00||1490842284082||UT||1010||25857||0||-||-,

03-30 10:51:24.105 27823 27893 D UTAnalytics:LogStoreMgr: pid:27823 [add] :,

03-30 10:51:24.238  4229  4229 D WtProcessStrategy: do trim { PackageName :com.tencent.mm Pid: 1408 Uid: 10138 Start by: activity Score:50 Old score:50 state:0 mBackgroundTimeInMillis:1490842138867 WakelockCount:0 wakelogsize:0  ActivityDestroied:false Activity size: 1 PackageInfo:{WhetstonePackageInfo#PacakgeName:com.tencent.mm uid:10138 uiMemoryThresold:0 nonUiMemoryThresold:0 Flag:4160,0x1040 [,TRIMHEAPS,FLAG_DEAL_SCHEDULE] Type:64[,AUTO_START] } tasknum:17403}

03-30 10:51:24.238  4229  4229 D WtProcessStrategy: do trim { PackageName :com.sina.weibo Pid: 1553 Uid: 10098 Start by: content provider Score:50 Old score:50 state:0 mBackgroundTimeInMillis:1490842199694 WakelockCount:0 wakelogsize:0  ActivityDestroied:false Activity size: 0 PackageInfo:{WhetstonePackageInfo#PacakgeName:com.sina.weibo uid:10098 uiMemoryThresold:0 nonUiMemoryThresold:0 Flag:5184,0x1440 [,TRIMHEAPS,SOFT_RESET,FLAG_DEAL_SCHEDULE] Type:0[] } tasknum:17566}

03-30 10:51:24.238  4229  4229 D WtProcessStrategy: do trim { PackageName :com.sina.weibo Pid: 1671 Uid: 10098 Start by: service Score:50 Old score:50 state:0 mBackgroundTimeInMillis:1490842199694 WakelockCount:0 wakelogsize:0  ActivityDestroied:false Activity size: 0 PackageInfo:{WhetstonePackageInfo#PacakgeName:com.sina.weibo uid:10098 uiMemoryThresold:0 nonUiMemoryThresold:0 Flag:5184,0x1440 [,TRIMHEAPS,SOFT_RESET,FLAG_DEAL_SCHEDULE] Type:0[] } tasknum:-1}

03-30 10:51:24.448   379   493 I ThermalEngine: Sensor:batt_temp:366 mC

03-30 10:51:24.630 28322 28338 D MSF.D.QLog: QLog init

03-30 10:51:24.707 28322 28342 D Rdm     : doStep...process=com.tencent.mobileqq, sRdmState=0

03-30 10:51:24.721 28322 28342 D mqq     : a1.getUin() = *9815;key.time = 0, isLogined=true

03-30 10:51:24.721 28322 28342 D mqq     : a2.getUin() = *2908;key.time = 0, isLogined=true

03-30 10:51:24.742 28322 28342 W beacon  : get app channel fail!

03-30 10:51:24.770 28304 28345 D Rdm     : doStep...process=com.tencent.mobileqq:openSdk, sRdmState=1

03-30 10:51:24.784 28322 28322 I AutoMonitor: onActivityCreatecom.tencent.mobileqq.qipc.QIPCServiceEx@2df868f

03-30 10:51:24.785 28322 28322 I AutoMonitor: onActivityCreate1, 2

03-30 10:51:24.785 28322 28322 E QQAppInterface: laResult: 15, verifyResult: 15

03-30 10:51:24.786 28322 28322 I QQAppInterface: enableManagerSmallLock true

03-30 10:51:24.786 28322 28322 D mqq     : doInit begin withcom.tencent.mobileqq

03-30 10:51:24.804 28322 28322 D MsfServiceSdk: MsfServiceSdk init proxyNew=true processName=com.tencent.mobileqq

03-30 10:51:24.804 28322 28322 D mqq     : a1.getUin() = *2908;key.time = 1490838527369, isLogined=true

03-30 10:51:24.805 28322 28322 D mqq     : a2.getUin() = *9815;key.time = 1490420558678, isLogined=true

03-30 10:51:24.805 28322 28322 D MobileQQ: createNewRuntime, truefalse5null

03-30 10:51:24.807 28322 28342 D StatisticCollector: initCrashReport ... process:com.tencent.mobileqq pid=28322

03-30 10:51:24.812 28322 28426 I MSF.D.NetworkProvider: refresh currentAPN:. received networkInfo: CONNECTED :[type: WIFI[], state: CONNECTED/CONNECTED, reason: (unspecified), extra: "56.1_neiwang", roaming: false, failover: false, isAvailable: true]. ExtraNetInfo: null

03-30 10:51:24.813 28322 28426 D MSF.D.NetworkProvider: netchange NONE to WiFi

03-30 10:51:24.813 28322 28322 D MSF.D.ProxyNew: registerMsfService processName=com.tencent.mobileqq callback=com.tencent.mobileqq.msf.sdk.k@c4c0667

03-30 10:51:24.820 17177 17177 D MSF.S.MsfService: serivce onStart

03-30 10:51:24.821 28322 28425 D MSF.D.ProxyNew: start service finish

03-30 10:51:24.835  2044  3621 D WifiService: New client listening to asynchronous messages

03-30 10:51:24.836 28322 28425 D MSF.D.ProxyNew: bind service finished true

03-30 10:51:24.860  6151  6186 I octvm_klo: read wakeups from wakealarm_fd:1

03-30 10:51:24.860  6151  6186 I octvm_klo: new timerfd interval:

03-30 10:51:24.860  6151  6186 I octvm_klo: 	itval.it_interval.tv_sec 1, itval.it_interval.tv_nsec 0

03-30 10:51:24.860  6151  6186 I octvm_klo: 	itval.it_value.tv_sec 0, itval.it_value.tv_nsec 999997552

03-30 10:51:24.871 17177 17238 D MSF.C.MonitorNetFlowStore: MonitorWriteDataThread Enter

03-30 10:51:24.869 28342 28342 W QQ_SUB  : type=1400 audit(0.0:55250026): avc: denied { read } for name="anr" dev="mmcblk0p25" ino=745473 scontext=u:r:untrusted_app:s0:c512,c768 tcontext=u:object_r:anr_data_file:s0 tclass=dir permissive=0

03-30 10:51:24.875 28322 28342 D StatisticCollector: initNativeCrashReport ... process:com.tencent.mobileqq pid=28322

03-30 10:51:24.894 28322 28322 D MobileQQ: createNewRuntime, canAutoOK: true

03-30 10:51:24.894 28322 28322 D mqq     : a1.getUin() = *9815;key.time = 1490420558678, isLogined=true

03-30 10:51:24.894 28322 28322 D mqq     : a2.getUin() = *2908;key.time = 1490838527369, isLogined=true

03-30 10:51:24.902 17177 17238 D MSF.C.MonitorNetFlowStore: write data lenth : 11005 | read data lenth : 20000, has been stored.

03-30 10:51:24.908 28322 28322 I mqq     : [AppRuntime]QQAppInterface (*2908) onCreate,savedInstanceState=null

03-30 10:51:24.923 28322 28342 I native_eup: Java_com_tencent_feedback_eup_jni_NativeExceptionUpload_registNativeExceptionHandler2 start

03-30 10:51:24.923 28322 28342 I native_eup: JARJNIVERSION:1

03-30 10:51:24.923 28322 28342 I native_eup: found native exception upload!

03-30 10:51:24.925 28322 28342 I native_eup: found native exception handler!

03-30 10:51:24.925 28322 28342 I native_eup: regist handler start procType 1 , level 23 , tombDir:/data/user/0/com.tencent.mobileqq/app_tombs

03-30 10:51:24.925 28322 28342 I native_eup: registSignal start

03-30 10:51:24.925 28322 28342 I native_eup: registSignal end

03-30 10:51:24.925 28322 28342 I native_eup: regist handler end

03-30 10:51:24.925 28322 28342 I native_eup: Java_com_tencent_feedback_eup_jni_NativeExceptionUpload_registNativeExceptionHandler end

03-30 10:51:24.925 28322 28342 I native_eup: NativeRQDVersion:testbuildnum

03-30 10:51:24.925 28322 28342 I native_eup: Java_com_tencent_feedback_eup_jni_NativeExceptionUpload_registNativeExceptionHandler2 start

03-30 10:51:24.925 28322 28342 I native_eup: JARJNIVERSION:0

03-30 10:51:24.925 28322 28342 I native_eup: found native exception upload!

03-30 10:51:24.925 28322 28342 I native_eup: found native exception handler!

03-30 10:51:24.925 28322 28342 I native_eup: regist handler start procType 1 , level 23 , tombDir:/data/user/0/com.tencent.mobileqq/app_tombs

03-30 10:51:24.925 28322 28342 I native_eup: registSignal start

03-30 10:51:24.925 28322 28342 I native_eup: registSignal end

03-30 10:51:24.926  3745  3745 D wpa_supplicant: wlan0: Control interface command 'SIGNAL_POLL'

03-30 10:51:24.927 28322 28342 I native_eup: regist handler end

03-30 10:51:24.927 28322 28342 I native_eup: Java_com_tencent_feedback_eup_jni_NativeExceptionUpload_registNativeExceptionHandler end

03-30 10:51:24.927 28322 28342 I native_eup: NativeRQDVersion:testbuildnum

03-30 10:51:24.927 17177 17238 D MSF.C.MonitorNetFlowStore: MonitorWriteDataThread End takeTimes=56

03-30 10:51:24.927 17177 17238 D MSF.C.MonitorNetFlowStore: MonitorWriteDataThread Enter

03-30 10:51:24.928  3745  3745 D wpa_supplicant: CTRL-DEBUG: global_ctrl_sock-sendto: sock=11 sndbuf=163840 outq=0 send_len=49

03-30 10:51:24.942 17177 28441 D MSF.C.MonitorNetFlowStore: reportRDM new netflow for *9815 param_reportTime:593768406

03-30 10:51:24.943 17177 28441 D MSF.C.MonitorNetFlowStore: reportRDM new netflow for *9815 WiFibeaconFlow:16533

03-30 10:51:24.943 17177 28441 D MSF.C.MonitorNetFlowStore: reportRDM new netflow for *9815 param_NetworkInfo:2

03-30 10:51:24.943 17177 28441 D MSF.C.MonitorNetFlowStore: reportRDM new netflow for *9815 WiFiFlow:21

03-30 10:51:24.943 17177 28441 D MSF.C.MonitorNetFlowStore: reportRDM new netflow for *9815 WiFiMSFFlow:9998

03-30 10:51:24.943 17177 28441 D MSF.C.MonitorNetFlowStore: reportRDM new netflow for *9815 WiFiChatFlow:562

03-30 10:51:24.943 17177 28441 D MSF.C.MonitorNetFlowStore: reportRDM new netflow for *9815 WiFi/analytics/asyncFlow:7770

03-30 10:51:24.943 17177 28441 D MSF.C.MonitorNetFlowStore: reportRDM new netflow for *9815 WiFilog1.wtloginFlow:891

03-30 10:51:24.943 17177 28441 D MSF.C.MonitorNetFlowStore: reportRDM new netflow for *9815 param_SsoServerIp:183.3.234.161:80

03-30 10:51:24.943 17177 28441 D MSF.C.MonitorNetFlowStore: reportRDM new netflow for *9815 param_GatewayrIp:

03-30 10:51:24.943 17177 28441 D MSF.C.MonitorNetFlowStore: reportRDM new netflow for *9815 param_NetworkOperator:

03-30 10:51:24.943 17177 28441 D MSF.C.MonitorNetFlowStore: reportRDM new netflow for *9815 WiFi/msgFlow:813

03-30 10:51:24.949 25810 25810 W AppWatcher: type=1400 audit(0.0:55250027): avc: denied { getattr } for path="/proc/opalum-temp-calib" dev="proc" ino=4026534631 scontext=u:r:untrusted_app:s0:c512,c768 tcontext=u:object_r:proc_opalum:s0 tclass=file permissive=0

03-30 10:51:24.949 25810 25810 W AppWatcher: type=1400 audit(0.0:55250028): avc: denied { getattr } for path="/proc/opalum-f0-calib" dev="proc" ino=4026534630 scontext=u:r:untrusted_app:s0:c512,c768 tcontext=u:object_r:proc_opalum:s0 tclass=file permissive=0

03-30 10:51:24.952 17177 28441 D MSF.C.MonitorNetFlowStore: reportRDM new netflow with status for *9815 param_reportTime:593768416

03-30 10:51:24.952 17177 28441 D MSF.C.MonitorNetFlowStore: reportRDM new netflow with status for *9815 param_NetworkInfo:2

03-30 10:51:24.952 17177 28441 D MSF.C.MonitorNetFlowStore: reportRDM new netflow with status for *9815 1:WiFibeaconFlow:10266|WiFiFlow:21|WiFiMSFFlow:4993|WiFi/msgFlow:813|WiFiChatFlow:562|WiFi/analytics/asyncFlow:5784|

03-30 10:51:24.952 17177 28441 D MSF.C.MonitorNetFlowStore: reportRDM new netflow with status for *9815 param_SsoServerIp:183.3.234.161:80

03-30 10:51:24.952 17177 28441 D MSF.C.MonitorNetFlowStore: reportRDM new netflow with status for *9815 param_GatewayrIp:

03-30 10:51:24.952 17177 28441 D MSF.C.MonitorNetFlowStore: reportRDM new netflow with status for *9815 param_NetworkOperator:

03-30 10:51:24.952 17177 28441 D MSF.C.MonitorNetFlowStore: reportRDM new netflow with status for *9815 3:WiFiMSFFlow:5005|WiFibeaconFlow:4584|WiFi/analytics/asyncFlow:1986|WiFilog1.wtloginFlow:891|

03-30 10:51:24.952 17177 28441 D MSF.C.MonitorNetFlowStore: reportRDM new netflow with status for *9815 2:WiFibeaconFlow:1683|

03-30 10:51:24.955 28322 28342 D AutoMonitor: MTA, cost=14 results: true

03-30 10:51:24.949 25810 25810 W AppWatcher: type=1400 audit(0.0:55250029): avc: denied { getattr } for path="/proc/sysrq-trigger" dev="proc" ino=4026533735 scontext=u:r:untrusted_app:s0:c512,c768 tcontext=u:object_r:proc_sysrq:s0 tclass=file permissive=0

03-30 10:51:24.949 25810 25810 W AppWatcher: type=1400 audit(0.0:55250030): avc: denied { getattr } for path="/proc/1" dev="proc" ino=11921139 scontext=u:r:untrusted_app:s0:c512,c768 tcontext=u:r:init:s0 tclass=dir permissive=0

03-30 10:51:24.949 25810 25810 W AppWatcher: type=1400 audit(0.0:55250031): avc: denied { getattr } for path="/proc/2" dev="proc" ino=11961941 scontext=u:r:untrusted_app:s0:c512,c768 tcontext=u:r:kernel:s0 tclass=dir permissive=0

03-30 10:51:24.949 25810 25810 W AppWatcher: type=1400 audit(0.0:55250032): avc: denied { getattr } for path="/proc/3" dev="proc" ino=11961942 scontext=u:r:untrusted_app:s0:c512,c768 tcontext=u:r:kernel:s0 tclass=dir permissive=0

03-30 10:51:24.949 25810 25810 W AppWatcher: type=1400 audit(0.0:55250033): avc: denied { getattr } for path="/proc/6" dev="proc" ino=11961943 scontext=u:r:untrusted_app:s0:c512,c768 tcontext=u:r:kernel:s0 tclass=dir permissive=0

03-30 10:51:24.949 25810 25810 W AppWatcher: type=1400 audit(0.0:55250034): avc: denied { getattr } for path="/proc/7" dev="proc" ino=11961944 scontext=u:r:untrusted_app:s0:c512,c768 tcontext=u:r:kernel:s0 tclass=dir permissive=0

03-30 10:51:24.949 25810 25810 W AppWatcher: type=1400 audit(0.0:55250035): avc: denied { getattr } for path="/proc/8" dev="proc" ino=11961945 scontext=u:r:untrusted_app:s0:c512,c768 tcontext=u:r:kernel:s0 tclass=dir permissive=0

03-30 10:51:24.949 25810 25810 W AppWatcher: type=1400 audit(0.0:55250036): avc: denied { getattr } for path="/proc/21" dev="proc" ino=11961946 scontext=u:r:untrusted_app:s0:c512,c768 tcontext=u:r:kernel:s0 tclass=dir permissive=0

03-30 10:51:24.949 25810 25810 W AppWatcher: type=1400 audit(0.0:55250037): avc: denied { getattr } for path="/proc/22" dev="proc" ino=11961947 scontext=u:r:untrusted_app:s0:c512,c768 tcontext=u:r:kernel:s0 tclass=dir permissive=0

03-30 10:51:24.949 25810 25810 W AppWatcher: type=1400 audit(0.0:55250038): avc: denied { getattr } for path="/proc/28" dev="proc" ino=11961948 scontext=u:r:untrusted_app:s0:c512,c768 tcontext=u:r:kernel:s0 tclass=dir permissive=0

03-30 10:51:24.949 25810 25810 W AppWatcher: type=1400 audit(0.0:55250039): avc: denied { getattr } for path="/proc/29" dev="proc" ino=11961949 scontext=u:r:untrusted_app:s0:c512,c768 tcontext=u:r:kernel:s0 tclass=dir permissive=0

03-30 10:51:24.959 25810 25810 W AppWatcher: type=1400 audit(0.0:55250040): avc: denied { getattr } for path="/proc/30" dev="proc" ino=11961950 scontext=u:r:untrusted_app:s0:c512,c768 tcontext=u:r:kernel:s0 tclass=dir permissive=0

03-30 10:51:24.959 25810 25810 W AppWatcher: type=1400 audit(0.0:55250041): avc: denied { getattr } for path="/proc/32" dev="proc" ino=11961951 scontext=u:r:untrusted_app:s0:c512,c768 tcontext=u:r:kernel:s0 tclass=dir permissive=0

03-30 10:51:24.967 28304 28358 W beacon  : startQuery: query times or query success times arrive max, return!

03-30 10:51:24.959 25810 25810 W AppWatcher: type=1400 audit(0.0:55250042): avc: denied { getattr } for path="/proc/33" dev="proc" ino=11961952 scontext=u:r:untrusted_app:s0:c512,c768 tcontext=u:r:kernel:s0 tclass=dir permissive=0

03-30 10:51:24.959 25810 25810 W AppWatcher: type=1400 audit(0.0:55250043): avc: denied { getattr } for path="/proc/34" dev="proc" ino=11961953 scontext=u:r:untrusted_app:s0:c512,c768 tcontext=u:r:kernel:s0 tclass=dir permissive=0

03-30 10:51:24.959 25810 25810 W AppWatcher: type=1400 audit(0.0:55250044): avc: denied { getattr } for path="/proc/61" dev="proc" ino=11961954 scontext=u:r:untrusted_app:s0:c512,c768 tcontext=u:r:kernel:s0 tclass=dir permissive=0

03-30 10:51:24.959 25810 25810 W AppWatcher: type=1400 audit(0.0:55250045): avc: denied { getattr } for path="/proc/62" dev="proc" ino=11961955 scontext=u:r:untrusted_app:s0:c512,c768 tcontext=u:r:kernel:s0 tclass=dir permissive=0

03-30 10:51:24.959 25810 25810 W AppWatcher: type=1400 audit(0.0:55250046): avc: denied { getattr } for path="/proc/63" dev="proc" ino=11961956 scontext=u:r:untrusted_app:s0:c512,c768 tcontext=u:r:kernel:s0 tclass=dir permissive=0

03-30 10:51:24.959 25810 25810 W AppWatcher: type=1400 audit(0.0:55250047): avc: denied { getattr } for path="/proc/64" dev="proc" ino=11961957 scontext=u:r:untrusted_app:s0:c512,c768 tcontext=u:r:kernel:s0 tclass=dir permissive=0

03-30 10:51:24.959 25810 25810 W AppWatcher: type=1400 audit(0.0:55250048): avc: denied { getattr } for path="/proc/65" dev="proc" ino=11961958 scontext=u:r:untrusted_app:s0:c512,c768 tcontext=u:r:kernel:s0 tclass=dir permissive=0

03-30 10:51:24.959 25810 25810 W AppWatcher: type=1400 audit(0.0:55250049): avc: denied { getattr } for path="/proc/66" dev="proc" ino=11961959 scontext=u:r:untrusted_app:s0:c512,c768 tcontext=u:r:kernel:s0 tclass=dir permissive=0

03-30 10:51:24.959 25810 25810 W AppWatcher: type=1400 audit(0.0:55250050): avc: denied { getattr } for path="/proc/67" dev="proc" ino=11961960 scontext=u:r:untrusted_app:s0:c512,c768 tcontext=u:r:kernel:s0 tclass=dir permissive=0

03-30 10:51:25.021 27823 27980 D HomeMate: hank[ Thread-44633: FeedBackService.java:94 onSuccess() ] - FeedbackAPI unreadCount:18

03-30 10:51:25.021 27823 27980 D HomeMate: hank[ Thread-44633: FeedBackService.java:113 sendMessage() ] - close service if the app is not foreground

03-30 10:51:25.022 27823 27886 D UTAnalytics:AppMonitorDelegate: pid:27823 commitCount module: feedback, monitorPoint: getUnreadCountSuccess, value: 0.0,

03-30 10:51:25.023 27823 27823 D HomeMate: comm[ main: MainActivity.java:176 setTabReadTip() ] - showRedTip:true,position:3

03-30 10:51:25.024 28304 28358 W beacon  : onUserAction return false, because eventName:[rqd_heartbeat] is not allowed in server strategy!

03-30 10:51:25.033 27823 27886 I UTAnalytics:EventRepo: pid:27823 COUNTER, EVENT size:1,

03-30 10:51:25.034 17177 17238 D MSF.C.MonitorNetFlowStore: write data lenth : 751 | read data lenth : 841, has been stored.

03-30 10:51:25.034 17177 17238 D MSF.C.MonitorNetFlowStore: MonitorWriteDataThread End takeTimes=107

03-30 10:51:25.034 17177 17238 D MSF.C.MonitorNetFlowStore: MonitorWriteDataThread Enter

03-30 10:51:25.037 28322 28322 I UniformDownloadMgr<FileAssistant>: [UniformDL] UniformDownloadMgr.getInstance.create

03-30 10:51:25.037 17177 17238 D MSF.C.MonitorNetFlowStore: write data lenth : 0 | read data lenth : 0, has been stored.

03-30 10:51:25.037 17177 17238 D MSF.C.MonitorNetFlowStore: MonitorWriteDataThread End takeTimes=3

03-30 10:51:25.037 17177 17238 D MSF.C.MonitorNetFlowStore: MonitorWriteDataThread Enter

03-30 10:51:25.047 28322 28322 I UniformDownloadMgr<FileAssistant>: [UniformDL] UniformDownloadMgr onAppInit...

03-30 10:51:25.048 17177 17238 D MSF.C.MonitorNetFlowStore: write data lenth : 0 | read data lenth : 0, has been stored.

03-30 10:51:25.048 17177 17238 D MSF.C.MonitorNetFlowStore: MonitorWriteDataThread End takeTimes=11

03-30 10:51:25.051 28322 28322 D mqq     : doInit finished

03-30 10:51:25.054 28322 28322 D Rdm     : doStep...process=com.tencent.mobileqq, sRdmState=1

03-30 10:51:25.084 28322 28322 D MSF.D.RemoteServiceProxy: onServiceConnected service:ComponentInfo{com.tencent.mobileqq/com.tencent.mobileqq.msf.service.MsfService}

03-30 10:51:25.093 28322 28322 I AutoMonitor: onActivityCreatecom.tencent.mobileqq.app.CoreService$KernelService@e05ee0f

03-30 10:51:25.093 28322 28322 I AutoMonitor: onActivityCreate201, 2

03-30 10:51:25.117 28322 28452 D MSF.D.ProxyNew: registerMsfService processName=com.tencent.mobileqq callback=com.tencent.mobileqq.msf.sdk.k@c4c0667

03-30 10:51:25.122 17177 17187 D MSF.S.ReqHandler: handleMsfRequest registerMsfService

03-30 10:51:25.122 17177 17187 I MSF.S.AppProcessManager: onRegisterApp process=com.tencent.mobileqq processBootName=com.tencent.mobileqq.broadcast.qq appid=537050387 callback=f27309d

03-30 10:51:25.131 17177 17188 D MSF.S.ReqHandler: handleMsfRequest registerMsfService

03-30 10:51:25.131 17177 17188 I MSF.S.AppProcessManager: onRegisterApp process=com.tencent.mobileqq processBootName=com.tencent.mobileqq.broadcast.qq appid=537050387 callback=aedb912

03-30 10:51:25.449   379   493 I ThermalEngine: Sensor:batt_temp:367 mC

03-30 10:51:25.860  6151  6186 I octvm_klo: read wakeups from wakealarm_fd:1

03-30 10:51:25.860  6151  6186 I octvm_klo: new timerfd interval:

03-30 10:51:25.860  6151  6186 I octvm_klo: 	itval.it_interval.tv_sec 1, itval.it_interval.tv_nsec 0

03-30 10:51:25.860  6151  6186 I octvm_klo: 	itval.it_value.tv_sec 0, itval.it_value.tv_nsec 999997239

03-30 10:51:26.130 27823 27890 D UTAnalytics:LogStoreMgr: pid:27823 [store],

03-30 10:51:26.153 27823 27890 D UTAnalytics:UTSqliteLogStore: pid:27823 [insert] ,, isSuccess:true,ret,2314,

03-30 10:51:26.161 27823 27890 D UTAnalytics:UTSqliteLogStore: pid:27823 [insert] ,, isSuccess:true,ret,2315,

03-30 10:51:26.162 27823 27890 D UTAnalytics:UTSqliteLogStore: pid:27823 [insert] ,, isSuccess:true,ret,2316,

03-30 10:51:26.265 27823 28469 D openSDK_LOG.ReportManager: -->prepareViaData, mViaList size: 1

03-30 10:51:26.276 27823 28469 W System  : ClassLoader referenced unknown path: /system/framework/tcmclient.jar

03-30 10:51:26.327  4116  4556 I XiaomiFirewall: firewall pkgName:com.orvibo.homemate, result:0x0

03-30 10:51:26.366 27823 28469 D openSDK_LOG.ReportManager: -->availableFrequency, report: report_cgi | ext: 0

03-30 10:51:26.368 27823 28469 D openSDK_LOG.ReportManager: -->availableFrequency, result: false | frequency: 10

03-30 10:51:26.376 27823 28469 D openSDK_LOG.ReportManager: -->doReportVia, uploadSuccess: true

03-30 10:51:26.451   379   493 I ThermalEngine: Sensor:batt_temp:366 mC

03-30 10:51:26.629   379   472 I ThermalEngine: Sensor:tsens_tz_sensor5:50000 mC

03-30 10:51:26.630   379   516 I ThermalEngine: Sensor:tsens_tz_sensor5:50000 mC

03-30 10:51:26.630   379   516 I ThermalEngine: TM Id 'CPU0_MONITOR' Sensor 'cpu0' - alarm cleared 1 at 50.0 degC

03-30 10:51:26.632   379   516 I ThermalEngine: ACTION: CPU - Setting CPU[0] to 2457600

03-30 10:51:26.632   379   516 I ThermalEngine: Mitigation:CPU[0]:2457600 Khz

03-30 10:51:26.632   379   516 I ThermalEngine: ACTION: CPU - Setting CPU[1] to 2457600

03-30 10:51:26.633   379   516 E ThermalEngine: Failed to set desired CPU[1] frequency limit to 2457600

03-30 10:51:26.633   379   516 I ThermalEngine: ACTION: CPU - Setting CPU[2] to 2457600

03-30 10:51:26.633   379   516 E ThermalEngine: Failed to set desired CPU[2] frequency limit to 2457600

03-30 10:51:26.633   379   516 I ThermalEngine: ACTION: CPU - Setting CPU[3] to 2457600

03-30 10:51:26.634   379   516 I ThermalEngine: Mitigation:CPU[3]:2457600 Khz

03-30 10:51:26.860  6151  6186 I octvm_klo: read wakeups from wakealarm_fd:1

03-30 10:51:26.860  6151  6186 I octvm_klo: new timerfd interval:

03-30 10:51:26.860  6151  6186 I octvm_klo: 	itval.it_interval.tv_sec 1, itval.it_interval.tv_nsec 0

03-30 10:51:26.860  6151  6186 I octvm_klo: 	itval.it_value.tv_sec 0, itval.it_value.tv_nsec 999992136

03-30 10:51:27.452   379   493 I ThermalEngine: Sensor:batt_temp:366 mC

03-30 10:51:27.785 28304 28389 W System  : ClassLoader referenced unknown path: /system/framework/tcmclient.jar

03-30 10:51:27.801  4116  4556 I XiaomiFirewall: firewall pkgName:com.tencent.mobileqq, result:0x0

03-30 10:51:27.824 28322 28421 W beacon  : startQuery: query times or query success times arrive max, return!

03-30 10:51:27.860  6151  6186 I octvm_klo: read wakeups from wakealarm_fd:1

03-30 10:51:27.861  6151  6186 I octvm_klo: new timerfd interval:

03-30 10:51:27.861  6151  6186 I octvm_klo: 	itval.it_interval.tv_sec 1, itval.it_interval.tv_nsec 0

03-30 10:51:27.861  6151  6186 I octvm_klo: 	itval.it_value.tv_sec 0, itval.it_value.tv_nsec 999988490

03-30 10:51:27.931  3745  3745 D wpa_supplicant: wlan0: Control interface command 'SIGNAL_POLL'

03-30 10:51:27.933  3745  3745 D wpa_supplicant: CTRL-DEBUG: global_ctrl_sock-sendto: sock=11 sndbuf=163840 outq=0 send_len=49

03-30 10:51:28.135 17177 17291 W Settings: Setting airplane_mode_on has moved from android.provider.Settings.System to android.provider.Settings.Global, returning read-only value.

03-30 10:51:28.135 17177 17291 W beacon  : onUserAction return false, because eventName:[monitorNetFlowResultReportRDM] is not allowed in server strategy!

03-30 10:51:28.137 17177 17291 W Settings: Setting airplane_mode_on has moved from android.provider.Settings.System to android.provider.Settings.Global, returning read-only value.

03-30 10:51:28.137 17177 17291 W beacon  : onUserAction return false, because eventName:[monitorNetFlowResultReportRDMWithStatus] is not allowed in server strategy!

03-30 10:51:28.140 17177 17291 W Settings: Setting airplane_mode_on has moved from android.provider.Settings.System to android.provider.Settings.Global, returning read-only value.

03-30 10:51:28.141 17177 17291 W beacon  : onUserAction return false, because eventName:[msf.sdk.event_bindCost] is not allowed in server strategy!

03-30 10:51:28.143 17177 17291 W Settings: Setting airplane_mode_on has moved from android.provider.Settings.System to android.provider.Settings.Global, returning read-only value.

03-30 10:51:28.144 17177 17291 W beacon  : onUserAction return false, because eventName:[dim.Msf.AppConnectFail] is not allowed in server strategy!

03-30 10:51:28.147 17177 17291 W Settings: Setting airplane_mode_on has moved from android.provider.Settings.System to android.provider.Settings.Global, returning read-only value.

03-30 10:51:28.147 17177 17291 W beacon  : onUserAction return false, because eventName:[dim.Msf.AppConnectFail] is not allowed in server strategy!

03-30 10:51:28.148 17177 17291 W Settings: Setting airplane_mode_on has moved from android.provider.Settings.System to android.provider.Settings.Global, returning read-only value.

03-30 10:51:28.148 17177 17291 W beacon  : onUserAction return false, because eventName:[msf.sdk.event_sendToServiceCost] is not allowed in server strategy!

03-30 10:51:28.151 17177 17291 W Settings: Setting airplane_mode_on has moved from android.provider.Settings.System to android.provider.Settings.Global, returning read-only value.

03-30 10:51:28.151 17177 17291 W beacon  : onUserAction return false, because eventName:[loadSoNew] is not allowed in server strategy!

03-30 10:51:28.155 17177 17291 W Settings: Setting airplane_mode_on has moved from android.provider.Settings.System to android.provider.Settings.Global, returning read-only value.

03-30 10:51:28.156 28322 28342 W System.err: java.lang.NoSuchFieldException: No field value in class Ljava/lang/String; (declaration of 'java.lang.String' appears in /system/framework/core-libart.jar)

03-30 10:51:28.156 17177 17291 W beacon  : onUserAction return false, because eventName:[loadSoOld] is not allowed in server strategy!

03-30 10:51:28.160 28322 28342 W System.err: 	at java.lang.Class.getDeclaredField(Native Method)

03-30 10:51:28.160 28322 28342 W System.err: 	at com.tencent.commonsdk.util.StringUtils.newStringWithData(StringUtils.java:15)

03-30 10:51:28.160 28322 28342 W System.err: 	at com.tencent.mobileqq.utils.SecurityUtile.b(ProGuard:126)

03-30 10:51:28.160 28322 28342 W System.err: 	at com.tencent.mobileqq.utils.SecurityUtile.a(ProGuard:206)

03-30 10:51:28.160 28322 28342 W System.err: 	at tev.getString(ProGuard:579)

03-30 10:51:28.160 28322 28342 W System.err: 	at com.tencent.mobileqq.app.SQLiteDatabase.a(ProGuard:692)

03-30 10:51:28.160 28322 28342 W System.err: 	at com.tencent.mobileqq.app.SQLiteDatabase.g(ProGuard:663)

03-30 10:51:28.160 28322 28342 W System.err: 	at com.tencent.mobileqq.app.SQLiteDatabase.b(ProGuard:886)

03-30 10:51:28.160 28322 28342 W System.err: 	at com.tencent.mobileqq.persistence.EntityManager.d(ProGuard:861)

03-30 10:51:28.160 28322 28342 W System.err: 	at com.tencent.mobileqq.persistence.EntityManager.a(ProGuard:196)

03-30 10:51:28.160 28322 28342 W System.err: 	at com.tencent.mobileqq.persistence.OGEntityManager.a(ProGuard:27)

03-30 10:51:28.160 28322 28342 W System.err: 	at com.tencent.mobileqq.persistence.EntityManager.a(ProGuard:278)

03-30 10:51:28.160 28322 28342 W System.err: 	at com.tencent.mobileqq.persistence.EntityManager.a(ProGuard:328)

03-30 10:51:28.160 28322 28342 W System.err: 	at com.tencent.mobileqq.persistence.EntityManager.a(ProGuard:321)

03-30 10:51:28.160 28322 28342 W System.err: 	at com.tencent.mobileqq.persistence.EntityManager.a(ProGuard:337)

03-30 10:51:28.160 28322 28342 W System.err: 	at com.tencent.mobileqq.persistence.EntityManager.a(ProGuard:178)

03-30 10:51:28.160 28322 28342 W System.err: 	at com.tencent.mobileqq.data.QQEntityManagerFactory.verifyAuthentication(ProGuard:137)

03-30 10:51:28.160 28322 28342 W System.err: 	at rve.run(ProGuard:4159)

03-30 10:51:28.160 28322 28342 W System.err: 	at mqq.os.MqqHandler.handleCallback(MqqHandler.java:331)

03-30 10:51:28.160 28322 28342 W System.err: 	at mqq.os.MqqHandler.dispatchMessage(MqqHandler.java:97)

03-30 10:51:28.160 28322 28342 W System.err: 	at mqq.os.MqqHandler$NativeHandler.dispatchMessage(MqqHandler.java:344)

03-30 10:51:28.160 28322 28342 W System.err: 	at android.os.Looper.loop(Looper.java:148)

03-30 10:51:28.160 28322 28342 W System.err: 	at android.os.HandlerThread.run(HandlerThread.java:61)

03-30 10:51:28.453   379   493 I ThermalEngine: Sensor:batt_temp:367 mC

03-30 10:51:28.861  6151  6186 I octvm_klo: read wakeups from wakealarm_fd:1

03-30 10:51:28.861  6151  6186 I octvm_klo: new timerfd interval:

03-30 10:51:28.861  6151  6186 I octvm_klo: 	itval.it_interval.tv_sec 1, itval.it_interval.tv_nsec 0

03-30 10:51:28.861  6151  6186 I octvm_klo: 	itval.it_value.tv_sec 0, itval.it_value.tv_nsec 999992969

03-30 10:51:29.196 27751 27751 I QueryController: Matched selector: UiSelector[CLASS=android.widget.Button, INSTANCE=0] <<==>> [android.view.accessibility.AccessibilityNodeInfo@8002bd6a; boundsInParent: Rect(0, 0 - 998, 138); boundsInScreen: Rect(41, 575 - 1039, 713); packageName: com.tencent.mobileqq; className: android.widget.Button; text: ç™? å½?; error: null; maxTextLength: -1; contentDescription: null; viewIdResName: com.tencent.mobileqq:id/name; checkable: false; checked: false; focusable: true; focused: false; selected: false; clickable: true; longClickable: false; contextClickable: false; enabled: true; password: false; scrollable: false; actions: [AccessibilityAction: ACTION_FOCUS - null, AccessibilityAction: ACTION_SELECT - null, AccessibilityAction: ACTION_CLEAR_SELECTION - null, AccessibilityAction: ACTION_CLICK - null, AccessibilityAction: ACTION_ACCESSIBILITY_FOCUS - null, AccessibilityAction: ACTION_NEXT_AT_MOVEMENT_GRANULARITY - null, AccessibilityAction: ACTION_PREVIOUS_AT_MOVEMENT_GRANULARITY - null, AccessibilityAction: ACTION_SET_SELECTION - null, AccessibilityAction: ACTION_UNKNOWN - null]]

03-30 10:51:29.224 27751 27751 I QueryController: Matched selector: UiSelector[CLASS=android.widget.Button, INSTANCE=0] <<==>> [android.view.accessibility.AccessibilityNodeInfo@8002bd6a; boundsInParent: Rect(0, 0 - 998, 138); boundsInScreen: Rect(41, 575 - 1039, 713); packageName: com.tencent.mobileqq; className: android.widget.Button; text: ç™? å½?; error: null; maxTextLength: -1; contentDescription: null; viewIdResName: com.tencent.mobileqq:id/name; checkable: false; checked: false; focusable: true; focused: false; selected: false; clickable: true; longClickable: false; contextClickable: false; enabled: true; password: false; scrollable: false; actions: [AccessibilityAction: ACTION_FOCUS - null, AccessibilityAction: ACTION_SELECT - null, AccessibilityAction: ACTION_CLEAR_SELECTION - null, AccessibilityAction: ACTION_CLICK - null, AccessibilityAction: ACTION_ACCESSIBILITY_FOCUS - null, AccessibilityAction: ACTION_NEXT_AT_MOVEMENT_GRANULARITY - null, AccessibilityAction: ACTION_PREVIOUS_AT_MOVEMENT_GRANULARITY - null, AccessibilityAction: ACTION_SET_SELECTION - null, AccessibilityAction: ACTION_UNKNOWN - null]]

03-30 10:51:29.251 27751 27751 I QueryController: Matched selector: UiSelector[CLASS=android.widget.Button, INSTANCE=0] <<==>> [android.view.accessibility.AccessibilityNodeInfo@8002bd6a; boundsInParent: Rect(0, 0 - 998, 138); boundsInScreen: Rect(41, 575 - 1039, 713); packageName: com.tencent.mobileqq; className: android.widget.Button; text: ç™? å½?; error: null; maxTextLength: -1; contentDescription: null; viewIdResName: com.tencent.mobileqq:id/name; checkable: false; checked: false; focusable: true; focused: false; selected: false; clickable: true; longClickable: false; contextClickable: false; enabled: true; password: false; scrollable: false; actions: [AccessibilityAction: ACTION_FOCUS - null, AccessibilityAction: ACTION_SELECT - null, AccessibilityAction: ACTION_CLEAR_SELECTION - null, AccessibilityAction: ACTION_CLICK - null, AccessibilityAction: ACTION_ACCESSIBILITY_FOCUS - null, AccessibilityAction: ACTION_NEXT_AT_MOVEMENT_GRANULARITY - null, AccessibilityAction: ACTION_PREVIOUS_AT_MOVEMENT_GRANULARITY - null, AccessibilityAction: ACTION_SET_SELECTION - null, AccessibilityAction: ACTION_UNKNOWN - null]]

03-30 10:51:29.277 27751 27751 I QueryController: Matched selector: UiSelector[CLASS=android.widget.Button, INSTANCE=0] <<==>> [android.view.accessibility.AccessibilityNodeInfo@8002bd6a; boundsInParent: Rect(0, 0 - 998, 138); boundsInScreen: Rect(41, 575 - 1039, 713); packageName: com.tencent.mobileqq; className: android.widget.Button; text: ç™? å½?; error: null; maxTextLength: -1; contentDescription: null; viewIdResName: com.tencent.mobileqq:id/name; checkable: false; checked: false; focusable: true; focused: false; selected: false; clickable: true; longClickable: false; contextClickable: false; enabled: true; password: false; scrollable: false; actions: [AccessibilityAction: ACTION_FOCUS - null, AccessibilityAction: ACTION_SELECT - null, AccessibilityAction: ACTION_CLEAR_SELECTION - null, AccessibilityAction: ACTION_CLICK - null, AccessibilityAction: ACTION_ACCESSIBILITY_FOCUS - null, AccessibilityAction: ACTION_NEXT_AT_MOVEMENT_GRANULARITY - null, AccessibilityAction: ACTION_PREVIOUS_AT_MOVEMENT_GRANULARITY - null, AccessibilityAction: ACTION_SET_SELECTION - null, AccessibilityAction: ACTION_UNKNOWN - null]]

03-30 10:51:29.284 27751 27751 D InteractionController: clickAndSync(540, 644)

03-30 10:51:29.454   379   493 I ThermalEngine: Sensor:batt_temp:366 mC

03-30 10:51:29.549  4266  4266 W Binder_B: type=1400 audit(0.0:55250307): avc: denied { ioctl } for path="socket:[12201703]" dev="sockfs" ino=12201703 ioctlcmd=7704 scontext=u:r:system_server:s0 tcontext=u:r:system_server:s0 tclass=unix_stream_socket permissive=0

03-30 10:51:29.549  4266  4266 W Binder_B: type=1400 audit(0.0:55250308): avc: denied { ioctl } for path="socket:[12201703]" dev="sockfs" ino=12201703 ioctlcmd=7704 scontext=u:r:system_server:s0 tcontext=u:r:system_server:s0 tclass=unix_stream_socket permissive=0

03-30 10:51:29.559  3746  3746 V PhoneStatusBar: setLightsOn(true)

03-30 10:51:29.561 28304 28304 W beacon  :  userID is invalid!! userID is too short, length < 5!

03-30 10:51:29.589  4245  4245 W Binder_A: type=1400 audit(0.0:55250309): avc: denied { ioctl } for path="socket:[12201523]" dev="sockfs" ino=12201523 ioctlcmd=7704 scontext=u:r:system_server:s0 tcontext=u:r:system_server:s0 tclass=unix_stream_socket permissive=0

03-30 10:51:29.589  4245  4245 W Binder_A: type=1400 audit(0.0:55250310): avc: denied { ioctl } for path="socket:[12201523]" dev="sockfs" ino=12201523 ioctlcmd=7704 scontext=u:r:system_server:s0 tcontext=u:r:system_server:s0 tclass=unix_stream_socket permissive=0

03-30 10:51:29.593 28253 28253 I AppiumUnicodeIME: onFinishInput

03-30 10:51:29.596 28253 28253 I AppiumUnicodeIME: onStartInput

03-30 10:51:29.861  6151  6186 I octvm_klo: read wakeups from wakealarm_fd:1

03-30 10:51:29.861  6151  6186 I octvm_klo: new timerfd interval:

03-30 10:51:29.861  6151  6186 I octvm_klo: 	itval.it_interval.tv_sec 1, itval.it_interval.tv_nsec 0

03-30 10:51:29.861  6151  6186 I octvm_klo: 	itval.it_value.tv_sec 0, itval.it_value.tv_nsec 999992031

03-30 10:51:30.456   379   493 I ThermalEngine: Sensor:batt_temp:366 mC

03-30 10:51:30.861  6151  6186 I octvm_klo: read wakeups from wakealarm_fd:1

03-30 10:51:30.861  6151  6186 I octvm_klo: new timerfd interval:

03-30 10:51:30.861  6151  6186 I octvm_klo: 	itval.it_interval.tv_sec 1, itval.it_interval.tv_nsec 0

03-30 10:51:30.861  6151  6186 I octvm_klo: 	itval.it_value.tv_sec 0, itval.it_value.tv_nsec 999995000

03-30 10:51:30.939  3745  3745 D wpa_supplicant: wlan0: Control interface command 'SIGNAL_POLL'

03-30 10:51:30.954  3745  3745 D wpa_supplicant: CTRL-DEBUG: global_ctrl_sock-sendto: sock=11 sndbuf=163840 outq=0 send_len=49

03-30 10:51:31.457   379   493 I ThermalEngine: Sensor:batt_temp:366 mC

03-30 10:51:31.861  6151  6186 I octvm_klo: read wakeups from wakealarm_fd:1

03-30 10:51:31.862  6151  6186 I octvm_klo: new timerfd interval:

03-30 10:51:31.862  6151  6186 I octvm_klo: 	itval.it_interval.tv_sec 1, itval.it_interval.tv_nsec 0

03-30 10:51:31.862  6151  6186 I octvm_klo: 	itval.it_value.tv_sec 0, itval.it_value.tv_nsec 999995365

03-30 10:51:32.191 28304 28345 D mqq     : a1.getUin() = *9815;key.time = 1490420558678, isLogined=true

03-30 10:51:32.191 28304 28345 D mqq     : a2.getUin() = *2908;key.time = 1490838527369, isLogined=true

03-30 10:51:32.458   379   493 I ThermalEngine: Sensor:batt_temp:366 mC

03-30 10:51:32.862  6151  6186 I octvm_klo: read wakeups from wakealarm_fd:1

03-30 10:51:32.863  6151  6186 I octvm_klo: new timerfd interval:

03-30 10:51:32.863  6151  6186 I octvm_klo: 	itval.it_interval.tv_sec 1, itval.it_interval.tv_nsec 0

03-30 10:51:32.863  6151  6186 I octvm_klo: 	itval.it_value.tv_sec 0, itval.it_value.tv_nsec 999991094

03-30 10:51:33.159 17177 17291 W Settings: Setting airplane_mode_on has moved from android.provider.Settings.System to android.provider.Settings.Global, returning read-only value.

03-30 10:51:33.459   379   493 I ThermalEngine: Sensor:batt_temp:366 mC

03-30 10:51:33.863  6151  6186 I octvm_klo: read wakeups from wakealarm_fd:1

03-30 10:51:33.863  6151  6186 I octvm_klo: new timerfd interval:

03-30 10:51:33.863  6151  6186 I octvm_klo: 	itval.it_interval.tv_sec 1, itval.it_interval.tv_nsec 0

03-30 10:51:33.863  6151  6186 I octvm_klo: 	itval.it_value.tv_sec 0, itval.it_value.tv_nsec 999992292

03-30 10:51:33.960  3745  3745 D wpa_supplicant: wlan0: Control interface command 'SIGNAL_POLL'

03-30 10:51:33.979  3745  3745 D wpa_supplicant: CTRL-DEBUG: global_ctrl_sock-sendto: sock=11 sndbuf=163840 outq=0 send_len=49

03-30 10:51:34.461   379   493 I ThermalEngine: Sensor:batt_temp:366 mC

03-30 10:51:34.524 27823 27893 D UTAnalytics:LogStoreMgr: pid:27823 [store],

03-30 10:51:34.527 27823 27893 D UTAnalytics:UTSqliteLogStore: pid:27823 sql:SELECT * FROM log ORDER BY time ASC  LIMIT 172,

03-30 10:51:34.528 27823 27893 D UTAnalytics:UTSqliteLogStore: pid:27823 pos,0,count,6,

03-30 10:51:34.528 27823 27893 D UTAnalytics:UTSqliteLogStore: pid:27823 pos,1,count,6,

03-30 10:51:34.528 27823 27893 D UTAnalytics:UTSqliteLogStore: pid:27823 pos,2,count,6,

03-30 10:51:34.528 27823 27893 D UTAnalytics:UTSqliteLogStore: pid:27823 pos,3,count,6,

03-30 10:51:34.528 27823 27893 D UTAnalytics:UTSqliteLogStore: pid:27823 pos,4,count,6,

03-30 10:51:34.528 27823 27893 D UTAnalytics:UTSqliteLogStore: pid:27823 pos,5,count,6,

03-30 10:51:34.529 27823 27893 D UTAnalytics:LogStoreMgr: pid:27823 [get],[Log [id=2311, eventId=2001, index=], Log [id=2312, eventId=2001, index=], Log [id=2313, eventId=2001, index=], Log [id=2314, eventId=2001, index=], Log [id=2315, eventId=2001, index=], Log [id=2316, eventId=1010, index=]],

03-30 10:51:34.539 27823 27893 D UTAnalytics:UploadTask: pid:27823 averagePackageSize:54.666668,

03-30 10:51:34.555  4116  4556 I XiaomiFirewall: firewall pkgName:com.orvibo.homemate, result:0x0

03-30 10:51:34.863  6151  6186 I octvm_klo: read wakeups from wakealarm_fd:1

03-30 10:51:34.863  6151  6186 I octvm_klo: new timerfd interval:

03-30 10:51:34.863  6151  6186 I octvm_klo: 	itval.it_interval.tv_sec 1, itval.it_interval.tv_nsec 0

03-30 10:51:34.863  6151  6186 I octvm_klo: 	itval.it_value.tv_sec 0, itval.it_value.tv_nsec 999991562

03-30 10:51:35.169 25810 25810 W AppWatcher: type=1400 audit(0.0:55250311): avc: denied { getattr } for path="/proc/opalum-temp-calib" dev="proc" ino=4026534631 scontext=u:r:untrusted_app:s0:c512,c768 tcontext=u:object_r:proc_opalum:s0 tclass=file permissive=0

03-30 10:51:35.169 25810 25810 W AppWatcher: type=1400 audit(0.0:55250312): avc: denied { getattr } for path="/proc/opalum-f0-calib" dev="proc" ino=4026534630 scontext=u:r:untrusted_app:s0:c512,c768 tcontext=u:object_r:proc_opalum:s0 tclass=file permissive=0

03-30 10:51:35.169 25810 25810 W AppWatcher: type=1400 audit(0.0:55250313): avc: denied { getattr } for path="/proc/sysrq-trigger" dev="proc" ino=4026533735 scontext=u:r:untrusted_app:s0:c512,c768 tcontext=u:object_r:proc_sysrq:s0 tclass=file permissive=0

03-30 10:51:35.189 25810 25810 W AppWatcher: type=1400 audit(0.0:55250314): avc: denied { getattr } for path="/proc/1" dev="proc" ino=11921139 scontext=u:r:untrusted_app:s0:c512,c768 tcontext=u:r:init:s0 tclass=dir permissive=0

03-30 10:51:35.189 25810 25810 W AppWatcher: type=1400 audit(0.0:55250315): avc: denied { getattr } for path="/proc/2" dev="proc" ino=11961941 scontext=u:r:untrusted_app:s0:c512,c768 tcontext=u:r:kernel:s0 tclass=dir permissive=0

03-30 10:51:35.189 25810 25810 W AppWatcher: type=1400 audit(0.0:55250316): avc: denied { getattr } for path="/proc/3" dev="proc" ino=11961942 scontext=u:r:untrusted_app:s0:c512,c768 tcontext=u:r:kernel:s0 tclass=dir permissive=0

03-30 10:51:35.189 25810 25810 W AppWatcher: type=1400 audit(0.0:55250317): avc: denied { getattr } for path="/proc/6" dev="proc" ino=11961943 scontext=u:r:untrusted_app:s0:c512,c768 tcontext=u:r:kernel:s0 tclass=dir permissive=0

03-30 10:51:35.199 25810 25810 W AppWatcher: type=1400 audit(0.0:55250318): avc: denied { getattr } for path="/proc/7" dev="proc" ino=11961944 scontext=u:r:untrusted_app:s0:c512,c768 tcontext=u:r:kernel:s0 tclass=dir permissive=0

03-30 10:51:35.199 25810 25810 W AppWatcher: type=1400 audit(0.0:55250319): avc: denied { getattr } for path="/proc/8" dev="proc" ino=11961945 scontext=u:r:untrusted_app:s0:c512,c768 tcontext=u:r:kernel:s0 tclass=dir permissive=0

03-30 10:51:35.199 25810 25810 W AppWatcher: type=1400 audit(0.0:55250320): avc: denied { getattr } for path="/proc/21" dev="proc" ino=11961946 scontext=u:r:untrusted_app:s0:c512,c768 tcontext=u:r:kernel:s0 tclass=dir permissive=0

03-30 10:51:35.199 25810 25810 W AppWatcher: type=1400 audit(0.0:55250321): avc: denied { getattr } for path="/proc/22" dev="proc" ino=11961947 scontext=u:r:untrusted_app:s0:c512,c768 tcontext=u:r:kernel:s0 tclass=dir permissive=0

03-30 10:51:35.199 25810 25810 W AppWatcher: type=1400 audit(0.0:55250322): avc: denied { getattr } for path="/proc/28" dev="proc" ino=11961948 scontext=u:r:untrusted_app:s0:c512,c768 tcontext=u:r:kernel:s0 tclass=dir permissive=0

03-30 10:51:35.199 25810 25810 W AppWatcher: type=1400 audit(0.0:55250323): avc: denied { getattr } for path="/proc/29" dev="proc" ino=11961949 scontext=u:r:untrusted_app:s0:c512,c768 tcontext=u:r:kernel:s0 tclass=dir permissive=0

03-30 10:51:35.199 25810 25810 W AppWatcher: type=1400 audit(0.0:55250324): avc: denied { getattr } for path="/proc/30" dev="proc" ino=11961950 scontext=u:r:untrusted_app:s0:c512,c768 tcontext=u:r:kernel:s0 tclass=dir permissive=0

03-30 10:51:35.209 25810 25810 W AppWatcher: type=1400 audit(0.0:55250325): avc: denied { getattr } for path="/proc/32" dev="proc" ino=11961951 scontext=u:r:untrusted_app:s0:c512,c768 tcontext=u:r:kernel:s0 tclass=dir permissive=0

03-30 10:51:35.209 25810 25810 W AppWatcher: type=1400 audit(0.0:55250326): avc: denied { getattr } for path="/proc/33" dev="proc" ino=11961952 scontext=u:r:untrusted_app:s0:c512,c768 tcontext=u:r:kernel:s0 tclass=dir permissive=0

03-30 10:51:35.209 25810 25810 W AppWatcher: type=1400 audit(0.0:55250327): avc: denied { getattr } for path="/proc/34" dev="proc" ino=11961953 scontext=u:r:untrusted_app:s0:c512,c768 tcontext=u:r:kernel:s0 tclass=dir permissive=0

03-30 10:51:35.209 25810 25810 W AppWatcher: type=1400 audit(0.0:55250328): avc: denied { getattr } for path="/proc/61" dev="proc" ino=11961954 scontext=u:r:untrusted_app:s0:c512,c768 tcontext=u:r:kernel:s0 tclass=dir permissive=0

03-30 10:51:35.209 25810 25810 W AppWatcher: type=1400 audit(0.0:55250329): avc: denied { getattr } for path="/proc/62" dev="proc" ino=11961955 scontext=u:r:untrusted_app:s0:c512,c768 tcontext=u:r:kernel:s0 tclass=dir permissive=0

03-30 10:51:35.209 25810 25810 W AppWatcher: type=1400 audit(0.0:55250330): avc: denied { getattr } for path="/proc/63" dev="proc" ino=11961956 scontext=u:r:untrusted_app:s0:c512,c768 tcontext=u:r:kernel:s0 tclass=dir permissive=0

03-30 10:51:35.209 25810 25810 W AppWatcher: type=1400 audit(0.0:55250331): avc: denied { getattr } for path="/proc/64" dev="proc" ino=11961957 scontext=u:r:untrusted_app:s0:c512,c768 tcontext=u:r:kernel:s0 tclass=dir permissive=0

03-30 10:51:35.219 25810 25810 W AppWatcher: type=1400 audit(0.0:55250332): avc: denied { getattr } for path="/proc/65" dev="proc" ino=11961958 scontext=u:r:untrusted_app:s0:c512,c768 tcontext=u:r:kernel:s0 tclass=dir permissive=0

03-30 10:51:35.219 25810 25810 W AppWatcher: type=1400 audit(0.0:55250333): avc: denied { getattr } for path="/proc/66" dev="proc" ino=11961959 scontext=u:r:untrusted_app:s0:c512,c768 tcontext=u:r:kernel:s0 tclass=dir permissive=0

03-30 10:51:35.219 25810 25810 W AppWatcher: type=1400 audit(0.0:55250334): avc: denied { getattr } for path="/proc/67" dev="proc" ino=11961960 scontext=u:r:untrusted_app:s0:c512,c768 tcontext=u:r:kernel:s0 tclass=dir permissive=0

03-30 10:51:35.219 25810 25810 W AppWatcher: type=1400 audit(0.0:55250335): avc: denied { getattr } for path="/proc/68" dev="proc" ino=11961961 scontext=u:r:untrusted_app:s0:c512,c768 tcontext=u:r:kernel:s0 tclass=dir permissive=0

03-30 10:51:35.219 25810 25810 W AppWatcher: type=1400 audit(0.0:55250336): avc: denied { getattr } for path="/proc/69" dev="proc" ino=11961962 scontext=u:r:untrusted_app:s0:c512,c768 tcontext=u:r:kernel:s0 tclass=dir permissive=0

03-30 10:51:35.229 25810 25810 W AppWatcher: type=1400 audit(0.0:55250337): avc: denied { getattr } for path="/proc/70" dev="proc" ino=11961963 scontext=u:r:untrusted_app:s0:c512,c768 tcontext=u:r:kernel:s0 tclass=dir permissive=0

03-30 10:51:35.229 25810 25810 W AppWatcher: type=1400 audit(0.0:55250338): avc: denied { getattr } for path="/proc/71" dev="proc" ino=11961964 scontext=u:r:untrusted_app:s0:c512,c768 tcontext=u:r:kernel:s0 tclass=dir permissive=0

03-30 10:51:35.229 25810 25810 W AppWatcher: type=1400 audit(0.0:55250339): avc: denied { getattr } for path="/proc/72" dev="proc" ino=11961965 scontext=u:r:untrusted_app:s0:c512,c768 tcontext=u:r:kernel:s0 tclass=dir permissive=0

03-30 10:51:35.229 25810 25810 W AppWatcher: type=1400 audit(0.0:55250340): avc: denied { getattr } for path="/proc/73" dev="proc" ino=11961966 scontext=u:r:untrusted_app:s0:c512,c768 tcontext=u:r:kernel:s0 tclass=dir permissive=0

03-30 10:51:35.229 25810 25810 W AppWatcher: type=1400 audit(0.0:55250341): avc: denied { getattr } for path="/proc/74" dev="proc" ino=11961967 scontext=u:r:untrusted_app:s0:c512,c768 tcontext=u:r:kernel:s0 tclass=dir permissive=0

03-30 10:51:35.229 25810 25810 W AppWatcher: type=1400 audit(0.0:55250342): avc: denied { getattr } for path="/proc/75" dev="proc" ino=11961968 scontext=u:r:untrusted_app:s0:c512,c768 tcontext=u:r:kernel:s0 tclass=dir permissive=0

03-30 10:51:35.239 25810 25810 W AppWatcher: type=1400 audit(0.0:55250343): avc: denied { getattr } for path="/proc/76" dev="proc" ino=11961969 scontext=u:r:untrusted_app:s0:c512,c768 tcontext=u:r:kernel:s0 tclass=dir permissive=0

03-30 10:51:35.239 25810 25810 W AppWatcher: type=1400 audit(0.0:55250344): avc: denied { getattr } for path="/proc/77" dev="proc" ino=11961970 scontext=u:r:untrusted_app:s0:c512,c768 tcontext=u:r:kernel:s0 tclass=dir permissive=0

