03-17 16:51:06.742 17661 17661 W AppWatcher: type=1400 audit(0.0:3071084): avc: denied { getattr } for path="/proc/61" dev="proc" ino=2557297 scontext=u:r:untrusted_app:s0:c512,c768 tcontext=u:r:kernel:s0 tclass=dir permissive=0

03-17 16:51:06.752 17661 17661 W AppWatcher: type=1400 audit(0.0:3071085): avc: denied { getattr } for path="/proc/62" dev="proc" ino=2557298 scontext=u:r:untrusted_app:s0:c512,c768 tcontext=u:r:kernel:s0 tclass=dir permissive=0

03-17 16:51:06.752 17661 17661 W AppWatcher: type=1400 audit(0.0:3071086): avc: denied { getattr } for path="/proc/63" dev="proc" ino=2557299 scontext=u:r:untrusted_app:s0:c512,c768 tcontext=u:r:kernel:s0 tclass=dir permissive=0

03-17 16:51:06.897  7033  7061 E CoreDaemon: Start Daemon in coredaemon

03-17 16:51:06.919  1534  1906 D AutomaticBrightnessController: drop the lightsensor event ,time=200490961 ,lux=14.695078

03-17 16:51:06.961 16585 16676 D UTAnalytics:LogStoreMgr: pid:16585 [store],

03-17 16:51:06.967 16585 16676 D UTAnalytics:UTSqliteLogStore: pid:16585 sql:SELECT * FROM log ORDER BY time ASC  LIMIT 350,

03-17 16:51:06.972 16585 16676 D UTAnalytics:LogStoreMgr: pid:16585 [get],[],

03-17 16:51:06.979 16585 16676 D UTAnalytics:UploadEngine: pid:16585 UTDC.bBackground:false,AppInfoUtil.isForeground(UTDC.getContext()) ,true,

03-17 16:51:06.986 16585 16676 D UTAnalytics:UploadTask: pid:16585 mPeriod:30000,

03-17 16:51:07.089  1534  1906 D AutomaticBrightnessController: drop the lightsensor event ,time=200491130 ,lux=15.429832

03-17 16:51:07.258  1534  1906 D AutomaticBrightnessController: drop the lightsensor event ,time=200491300 ,lux=4.4085236

03-17 16:51:07.267  1534  1534 E JavaBinder: !!! FAILED BINDER TRANSACTION !!!  (parcel size = 104)

03-17 16:51:07.279  1534  1534 E JavaBinder: !!! FAILED BINDER TRANSACTION !!!  (parcel size = 104)

03-17 16:51:07.281  1534  1534 E JavaBinder: !!! FAILED BINDER TRANSACTION !!!  (parcel size = 104)

03-17 16:51:07.281  1534  1534 E JavaBinder: !!! FAILED BINDER TRANSACTION !!!  (parcel size = 104)

03-17 16:51:07.428  1534  1906 D AutomaticBrightnessController: drop the lightsensor event ,time=200491470 ,lux=2.9390156

03-17 16:51:07.468   370   482 I ThermalEngine: Sensor:batt_temp:374 mC

03-17 16:51:07.600  1534  1906 D AutomaticBrightnessController: drop the lightsensor event ,time=200491642 ,lux=4.4085236

03-17 16:51:07.769  1534  1906 D AutomaticBrightnessController: drop the lightsensor event ,time=200491811 ,lux=4.4085236

03-17 16:51:07.853 22823 22823 D wpa_supplicant: wlan0: Control interface command 'SIGNAL_POLL'

03-17 16:51:07.869 22823 22823 D wpa_supplicant: CTRL-DEBUG: global_ctrl_sock-sendto: sock=11 sndbuf=163840 outq=0 send_len=48

03-17 16:51:07.938  1534  1906 D AutomaticBrightnessController: drop the lightsensor event ,time=200491980 ,lux=2.9390156

03-17 16:51:08.109  1534  1906 D AutomaticBrightnessController: drop the lightsensor event ,time=200492150 ,lux=2.9390156

03-17 16:51:08.281  1534  1906 D AutomaticBrightnessController: drop the lightsensor event ,time=200492322 ,lux=5.1432776

03-17 16:51:08.332   628   628 D charger_monitor: vchg_loop stable: 0, is_settled = 1,usb_target_ua = 1500000, usbin_current_now = 1500000,fastchg_sts = 0, num_attempts = 0

03-17 16:51:08.352   628   628 D charger_monitor: vchg_loop stable: 0, is_settled = 1,usb_target_ua = 1500000, usbin_current_now = 1500000,fastchg_sts = 0, num_attempts = 0

03-17 16:51:08.379  1534  1669 I WhetstoneClientManager: pid = 16082, uid = 10098 is frozen, not allowed Broadcast

03-17 16:51:08.383  1534  1669 V BroadcastQueueInjector: Skipping BroadcastRecord{d3884b0 u-1 android.intent.action.BATTERY_CHANGED} to ProcessRecord{d279ccd 16082:com.sina.weibo:remote/u0a98}

03-17 16:51:08.383  1534  1669 D Whetstone-FW: MiuiLog-Whetstone-BroadcastControl BroadcastRecord{d3884b0 u-1 android.intent.action.BATTERY_CHANGED} is discarded

03-17 16:51:08.389  1534  1669 I WhetstoneClientManager: pid = 27600, uid = 10098 is frozen, not allowed Broadcast

03-17 16:51:08.392  1534  1669 V BroadcastQueueInjector: Skipping BroadcastRecord{d3884b0 u-1 android.intent.action.BATTERY_CHANGED} to ProcessRecord{f326982 27600:com.sina.weibo/u0a98}

03-17 16:51:08.392  1534  1669 D Whetstone-FW: MiuiLog-Whetstone-BroadcastControl BroadcastRecord{d3884b0 u-1 android.intent.action.BATTERY_CHANGED} is discarded

03-17 16:51:08.398  4326  5075 I InfoCollectManager: ACTION:android.intent.action.BATTERY_CHANGED

03-17 16:51:08.404  6234  6234 V MiCloudSyncStateObserver: broadcast received

03-17 16:51:08.407  6234  6234 V MiCloudSyncStateObserver: battery changed

03-17 16:51:08.415  1534  1669 I WhetstoneClientManager: pid = 16082, uid = 10098 is frozen, not allowed Broadcast

03-17 16:51:08.418  1534  1669 V BroadcastQueueInjector: Skipping BroadcastRecord{99e4f29 u-1 android.intent.action.BATTERY_CHANGED} to ProcessRecord{d279ccd 16082:com.sina.weibo:remote/u0a98}

03-17 16:51:08.420  1534  1669 D Whetstone-FW: MiuiLog-Whetstone-BroadcastControl BroadcastRecord{99e4f29 u-1 android.intent.action.BATTERY_CHANGED} is discarded

03-17 16:51:08.423  1534  1669 I WhetstoneClientManager: pid = 27600, uid = 10098 is frozen, not allowed Broadcast

03-17 16:51:08.424  1534  1669 V BroadcastQueueInjector: Skipping BroadcastRecord{99e4f29 u-1 android.intent.action.BATTERY_CHANGED} to ProcessRecord{f326982 27600:com.sina.weibo/u0a98}

03-17 16:51:08.424  1534  1669 D Whetstone-FW: MiuiLog-Whetstone-BroadcastControl BroadcastRecord{99e4f29 u-1 android.intent.action.BATTERY_CHANGED} is discarded

03-17 16:51:08.440  6234  6234 V MiCloudSyncStateObserver: broadcast received

03-17 16:51:08.440  6234  6234 V MiCloudSyncStateObserver: battery changed

03-17 16:51:08.448  1534  1906 D AutomaticBrightnessController: drop the lightsensor event ,time=200492490 ,lux=2.2042618

03-17 16:51:08.469   370   482 I ThermalEngine: Sensor:batt_temp:372 mC

03-17 16:51:08.618  1534  1906 D AutomaticBrightnessController: drop the lightsensor event ,time=200492660 ,lux=4.4085236

03-17 16:51:08.788  1534  1906 D AutomaticBrightnessController: drop the lightsensor event ,time=200492830 ,lux=3.6737695

03-17 16:51:08.959  1534  1906 D AutomaticBrightnessController: drop the lightsensor event ,time=200493001 ,lux=1.4695078

03-17 16:51:09.129  1534  1906 D AutomaticBrightnessController: drop the lightsensor event ,time=200493170 ,lux=2.9390156

03-17 16:51:09.299  1534  1906 D AutomaticBrightnessController: drop the lightsensor event ,time=200493341 ,lux=4.4085236

03-17 16:51:09.300  1534  1534 E JavaBinder: !!! FAILED BINDER TRANSACTION !!!  (parcel size = 104)

03-17 16:51:09.307  1534  1534 E JavaBinder: !!! FAILED BINDER TRANSACTION !!!  (parcel size = 104)

03-17 16:51:09.313  1534  1534 E JavaBinder: !!! FAILED BINDER TRANSACTION !!!  (parcel size = 104)

03-17 16:51:09.315  1534  1534 E JavaBinder: !!! FAILED BINDER TRANSACTION !!!  (parcel size = 104)

03-17 16:51:09.468  1534  1906 D AutomaticBrightnessController: drop the lightsensor event ,time=200493510 ,lux=6.6127853

03-17 16:51:09.471   370   482 I ThermalEngine: Sensor:batt_temp:372 mC

03-17 16:51:09.638  1534  1906 D AutomaticBrightnessController: drop the lightsensor event ,time=200493680 ,lux=8.0822935

03-17 16:51:09.809  1534  1906 D AutomaticBrightnessController: drop the lightsensor event ,time=200493851 ,lux=5.8780313

03-17 16:51:09.979  1534  1906 D AutomaticBrightnessController: drop the lightsensor event ,time=200494020 ,lux=5.8780313

03-17 16:51:09.997  4326  5075 D InfoCollectHelper: totalByte:290405679

03-17 16:51:10.000  4326  5075 I InfoCollectManager: ACTION:android.intent.action.BATTERY_CHANGED

03-17 16:51:10.032 16585 16632 W System.err: 

03-17 16:51:10.032 16585 16632 W System.err: 	at com.danale.video.sdk.http.impl.apache.ApacheHttpClient.readDataWithRetriesAndReportDanaleError(Unknown Source)

03-17 16:51:10.032 16585 16632 W System.err: 	at com.danale.video.sdk.http.impl.apache.ApacheHttpClient.execute(Unknown Source)

03-17 16:51:10.032 16585 16632 W System.err: 	at com.danale.video.sdk.utils.DnsAnalysisUtil.dnsAnalysisByDanale(Unknown Source)

03-17 16:51:10.032 16585 16632 W System.err: 	at com.danale.video.sdk.platform.entity.Session$7.doInBackground(Unknown Source)

03-17 16:51:10.032 16585 16632 W System.err: 	at com.danale.video.sdk.platform.entity.Session$7.doInBackground(Unknown Source)

03-17 16:51:10.032 16585 16632 W System.err: 	at com.danale.video.sdk.async.AsyncTask$2.call(Unknown Source)

03-17 16:51:10.032 16585 16632 W System.err: 	at java.util.concurrent.FutureTask.run(FutureTask.java:237)

03-17 16:51:10.034 16585 16632 W System.err: 	at java.util.concurrent.ThreadPoolExecutor.runWorker(ThreadPoolExecutor.java:1113)

03-17 16:51:10.034 16585 16632 W System.err: 	at java.util.concurrent.ThreadPoolExecutor$Worker.run(ThreadPoolExecutor.java:588)

03-17 16:51:10.034 16585 16632 W System.err: 	at java.lang.Thread.run(Thread.java:818)

03-17 16:51:10.034 16585 16632 W System.err: Caused by: org.apache.http.conn.ConnectTimeoutException: Connect to /54.93.73.119:443 timed out

03-17 16:51:10.035 16585 16632 W System.err: 	at org.apache.http.conn.scheme.PlainSocketFactory.connectSocket(PlainSocketFactory.java:126)

03-17 16:51:10.035 16585 16632 W System.err: 	at org.apache.http.impl.conn.DefaultClientConnectionOperator.openConnection(DefaultClientConnectionOperator.java:149)

03-17 16:51:10.035 16585 16632 W System.err: 	at org.apache.http.impl.conn.AbstractPoolEntry.open(AbstractPoolEntry.java:169)

03-17 16:51:10.035 16585 16632 W System.err: 	at org.apache.http.impl.conn.AbstractPooledConnAdapter.open(AbstractPooledConnAdapter.java:124)

03-17 16:51:10.035 16585 16632 W System.err: 	at org.apache.http.impl.client.DefaultRequestDirector.execute(DefaultRequestDirector.java:370)

03-17 16:51:10.035 16585 16632 W System.err: 	at org.apache.http.impl.client.AbstractHttpClient.execute(AbstractHttpClient.java:560)

03-17 16:51:10.035 16585 16632 W System.err: 	at org.apache.http.impl.client.AbstractHttpClient.execute(AbstractHttpClient.java:492)

03-17 16:51:10.035 16585 16632 W System.err: 	at org.apache.http.impl.client.AbstractHttpClient.execute(AbstractHttpClient.java:470)

03-17 16:51:10.035 16585 16632 W System.err: 	at com.danale.video.sdk.http.impl.apache.ApacheHttpClient.readDataWithRetriesAndReportDanaleError(Unknown Source)

03-17 16:51:10.035 16585 16632 W System.err: 	... 9 more

03-17 16:51:10.148  1534  1906 D AutomaticBrightnessController: drop the lightsensor event ,time=200494190 ,lux=2.2042618

03-17 16:51:10.319  1534  1906 D AutomaticBrightnessController: drop the lightsensor event ,time=200494361 ,lux=3.6737695

03-17 16:51:10.326  1534  1534 E JavaBinder: !!! FAILED BINDER TRANSACTION !!!  (parcel size = 104)

03-17 16:51:10.335  1534  1534 E JavaBinder: !!! FAILED BINDER TRANSACTION !!!  (parcel size = 104)

03-17 16:51:10.341  1534  1534 E JavaBinder: !!! FAILED BINDER TRANSACTION !!!  (parcel size = 104)

03-17 16:51:10.346  1534  1534 E JavaBinder: !!! FAILED BINDER TRANSACTION !!!  (parcel size = 104)

03-17 16:51:10.472   370   482 I ThermalEngine: Sensor:batt_temp:372 mC

03-17 16:51:10.489  1534  1906 D AutomaticBrightnessController: drop the lightsensor event ,time=200494531 ,lux=1.4695078

03-17 16:51:10.658  1534  1906 D AutomaticBrightnessController: drop the lightsensor event ,time=200494700 ,lux=1.4695078

03-17 16:51:10.728  5869  5938 I octvm_klo: read wakeups from wakealarm_fd:1

03-17 16:51:10.729  5869  5938 I octvm_klo: new timerfd interval:

03-17 16:51:10.729  5869  5938 I octvm_klo: 	itval.it_interval.tv_sec 4, itval.it_interval.tv_nsec 0

03-17 16:51:10.729  5869  5938 I octvm_klo: 	itval.it_value.tv_sec 3, itval.it_value.tv_nsec 999996406

03-17 16:51:10.828  1534  1906 D AutomaticBrightnessController: drop the lightsensor event ,time=200494870 ,lux=3.6737695

03-17 16:51:10.875 22823 22823 D wpa_supplicant: wlan0: Control interface command 'SIGNAL_POLL'

03-17 16:51:10.890 22823 22823 D wpa_supplicant: CTRL-DEBUG: global_ctrl_sock-sendto: sock=11 sndbuf=163840 outq=0 send_len=48

03-17 16:51:10.999  1534  1906 D AutomaticBrightnessController: drop the lightsensor event ,time=200495041 ,lux=2.2042618

03-17 16:51:11.170  1534  1906 D AutomaticBrightnessController: drop the lightsensor event ,time=200495211 ,lux=3.6737695

03-17 16:51:11.339  1534  1906 D AutomaticBrightnessController: drop the lightsensor event ,time=200495380 ,lux=2.2042618

03-17 16:51:11.353  1534  1534 E JavaBinder: !!! FAILED BINDER TRANSACTION !!!  (parcel size = 104)

03-17 16:51:11.367  1534  1534 E JavaBinder: !!! FAILED BINDER TRANSACTION !!!  (parcel size = 104)

03-17 16:51:11.372  1534  1534 E JavaBinder: !!! FAILED BINDER TRANSACTION !!!  (parcel size = 104)

03-17 16:51:11.372  1534  1534 E JavaBinder: !!! FAILED BINDER TRANSACTION !!!  (parcel size = 104)

03-17 16:51:11.473   370   482 I ThermalEngine: Sensor:batt_temp:372 mC

03-17 16:51:11.508  1534  1906 D AutomaticBrightnessController: drop the lightsensor event ,time=200495550 ,lux=2.2042618

03-17 16:51:11.678  1534  1906 D AutomaticBrightnessController: drop the lightsensor event ,time=200495720 ,lux=2.2042618

03-17 16:51:11.851  1534  1906 D AutomaticBrightnessController: drop the lightsensor event ,time=200495892 ,lux=5.1432776

03-17 16:51:12.019  1534  1906 D AutomaticBrightnessController: drop the lightsensor event ,time=200496061 ,lux=1.4695078

03-17 16:51:12.188  1534  1906 D AutomaticBrightnessController: drop the lightsensor event ,time=200496230 ,lux=5.8780313

03-17 16:51:12.358  1534  1906 D AutomaticBrightnessController: drop the lightsensor event ,time=200496400 ,lux=8.0822935

03-17 16:51:12.474   370   482 I ThermalEngine: Sensor:batt_temp:372 mC

03-17 16:51:12.529  1534  1906 D AutomaticBrightnessController: drop the lightsensor event ,time=200496571 ,lux=7.347539

03-17 16:51:12.699  1534  1906 D AutomaticBrightnessController: drop the lightsensor event ,time=200496741 ,lux=16.164587

03-17 16:51:12.869  1534  1906 D AutomaticBrightnessController: drop the lightsensor event ,time=200496910 ,lux=7.347539

03-17 16:51:13.039  1534  1906 D AutomaticBrightnessController: drop the lightsensor event ,time=200497080 ,lux=5.1432776

03-17 16:51:13.208  1534  1906 D AutomaticBrightnessController: drop the lightsensor event ,time=200497250 ,lux=5.1432776

03-17 16:51:13.382  1534  1534 E JavaBinder: !!! FAILED BINDER TRANSACTION !!!  (parcel size = 104)

03-17 16:51:13.390  1534  1534 E JavaBinder: !!! FAILED BINDER TRANSACTION !!!  (parcel size = 104)

03-17 16:51:13.394  1534  1534 E JavaBinder: !!! FAILED BINDER TRANSACTION !!!  (parcel size = 104)

03-17 16:51:13.394  1534  1534 E JavaBinder: !!! FAILED BINDER TRANSACTION !!!  (parcel size = 104)

03-17 16:51:13.475   370   482 I ThermalEngine: Sensor:batt_temp:371 mC

03-17 16:51:13.894 22823 22823 D wpa_supplicant: wlan0: Control interface command 'SIGNAL_POLL'

03-17 16:51:13.910 22823 22823 D wpa_supplicant: CTRL-DEBUG: global_ctrl_sock-sendto: sock=11 sndbuf=163840 outq=0 send_len=48

03-17 16:51:14.173  3852  4239 I XiaomiFirewall: firewall pkgName:com.orvibo.homemate, result:0x0

03-17 16:51:14.418  1534  1534 E JavaBinder: !!! FAILED BINDER TRANSACTION !!!  (parcel size = 104)

03-17 16:51:14.435  1534  1534 E JavaBinder: !!! FAILED BINDER TRANSACTION !!!  (parcel size = 104)

03-17 16:51:14.441  1534  1534 E JavaBinder: !!! FAILED BINDER TRANSACTION !!!  (parcel size = 104)

03-17 16:51:14.441  1534  1534 E JavaBinder: !!! FAILED BINDER TRANSACTION !!!  (parcel size = 104)

03-17 16:51:14.479   370   482 I ThermalEngine: Sensor:batt_temp:372 mC

03-17 16:51:14.729  5869  5938 I octvm_klo: read wakeups from wakealarm_fd:1

03-17 16:51:14.729  5869  5938 I octvm_klo: new timerfd interval:

03-17 16:51:14.729  5869  5938 I octvm_klo: 	itval.it_interval.tv_sec 4, itval.it_interval.tv_nsec 0

03-17 16:51:14.729  5869  5938 I octvm_klo: 	itval.it_value.tv_sec 3, itval.it_value.tv_nsec 999996615

03-17 16:51:15.260 16585 16676 D UTAnalytics:CommitTask: pid:16585 check&commit event:65502,

03-17 16:51:15.260 16585 16686 D UTAnalytics:CommitTask: pid:16585 check&commit event:65501,

03-17 16:51:15.261 16585 16676 D UTAnalytics:CommitTask: pid:16585 next:65502,

03-17 16:51:15.262 16585 16676 D UTAnalytics:CommitTask: pid:16585 check&commit event:65503,

03-17 16:51:15.262 16585 16676 D UTAnalytics:CommitTask: pid:16585 next:65503,

03-17 16:51:15.263 16585 16686 D UTAnalytics:CommitTask: pid:16585 next:65501,

03-17 16:51:15.264 16585 16676 D UTAnalytics:UTUtil: pid:16585 upload without flowback. args:{ARG1=feedback, counterData={"meta":{"sdk-version":"2.5.1_for_bc"},"data":[{"page":"feedback","monitorPoint":"getUnreadCountSuccess","count":1,"value":0}]}, USERNICK=, ARG2=getUnreadCountSuccess, EVENTID=65502, USERID=, ACCESS=Wi-Fi, ACCESS_SUBTYPE=Unknown},

03-17 16:51:15.265 16585 16676 D UTAnalytics:null: pid:16585 [sendToUT]: args:{ARG1=feedback, counterData={"meta":{"sdk-version":"2.5.1_for_bc"},"data":[{"page":"feedback","monitorPoint":"getUnreadCountSuccess","count":1,"value":0}]}, USERNICK=, ARG2=getUnreadCountSuccess, EVENTID=65502, USERID=, ACCESS=Wi-Fi, ACCESS_SUBTYPE=Unknown},

03-17 16:51:15.265 16585 16676 D UTAnalytics:UTDC: pid:16585 [commit] page:eventId:65502,arg1:feedback,arg2:getUnreadCountSuccess,arg3:args:{ARG1=feedback, counterData={"meta":{"sdk-version":"2.5.1_for_bc"},"data":[{"page":"feedback","monitorPoint":"getUnreadCountSuccess","count":1,"value":0}]}, USERNICK=, ARG2=getUnreadCountSuccess, EVENTID=65502, USERID=, ACCESS=Wi-Fi, ACCESS_SUBTYPE=Unknown},

03-17 16:51:15.291 16585 16676 D UTAnalytics:UTLog: pid:16585 Log [id=0, eventId=65502, index=],867451020054497||460015796275061||Xiaomi||MI NOTE LTE||1920*1080||Unknown||Wi-Fi||Unknown||null||23256401||2.3.0.201||-||-||-||-||zh||a||6.0.1||2.5.1_for_bc||1489740650219||WJfwe+sntC4DAAdSBLpxQDCW||mini||-||-||-||-||_ap=1_mac=02:00:00:00:00:00||1489740675265||-||65502||feedback||getUnreadCountSuccess||-||counterData={"meta":{"sdk-version":"2.5.1_for_bc"},"data":[{"page":"feedback","monitorPoint":"getUnreadCountSuccess","count":1,"value":0}]},

03-17 16:51:15.291 16585 16676 D UTAnalytics:LogStoreMgr: pid:16585 [add] :,

03-17 16:51:15.450  1534  1534 E JavaBinder: !!! FAILED BINDER TRANSACTION !!!  (parcel size = 104)

03-17 16:51:15.457  1534  1534 E JavaBinder: !!! FAILED BINDER TRANSACTION !!!  (parcel size = 104)

03-17 16:51:15.458  1534  1534 E JavaBinder: !!! FAILED BINDER TRANSACTION !!!  (parcel size = 104)

03-17 16:51:15.463  1534  1534 E JavaBinder: !!! FAILED BINDER TRANSACTION !!!  (parcel size = 104)

03-17 16:51:15.480   370   482 I ThermalEngine: Sensor:batt_temp:371 mC

03-17 16:51:16.481   370   482 I ThermalEngine: Sensor:batt_temp:372 mC

03-17 16:51:16.916 22823 22823 D wpa_supplicant: wlan0: Control interface command 'SIGNAL_POLL'

03-17 16:51:16.920 22823 22823 D wpa_supplicant: CTRL-DEBUG: global_ctrl_sock-sendto: sock=11 sndbuf=163840 outq=0 send_len=48

03-17 16:51:16.982 17661 17661 W AppWatcher: type=1400 audit(0.0:3071358): avc: denied { getattr } for path="/proc/opalum-temp-calib" dev="proc" ino=4026534627 scontext=u:r:untrusted_app:s0:c512,c768 tcontext=u:object_r:proc_opalum:s0 tclass=file permissive=0

03-17 16:51:16.982 17661 17661 W AppWatcher: type=1400 audit(0.0:3071359): avc: denied { getattr } for path="/proc/opalum-f0-calib" dev="proc" ino=4026534626 scontext=u:r:untrusted_app:s0:c512,c768 tcontext=u:object_r:proc_opalum:s0 tclass=file permissive=0

03-17 16:51:16.992 17661 17661 W AppWatcher: type=1400 audit(0.0:3071360): avc: denied { getattr } for path="/proc/sysrq-trigger" dev="proc" ino=4026533735 scontext=u:r:untrusted_app:s0:c512,c768 tcontext=u:object_r:proc_sysrq:s0 tclass=file permissive=0

03-17 16:51:17.002 17661 17661 W AppWatcher: type=1400 audit(0.0:3071361): avc: denied { getattr } for path="/proc/1" dev="proc" ino=8200 scontext=u:r:untrusted_app:s0:c512,c768 tcontext=u:r:init:s0 tclass=dir permissive=0

03-17 16:51:17.002 17661 17661 W AppWatcher: type=1400 audit(0.0:3071362): avc: denied { getattr } for path="/proc/2" dev="proc" ino=2557283 scontext=u:r:untrusted_app:s0:c512,c768 tcontext=u:r:kernel:s0 tclass=dir permissive=0

03-17 16:51:17.012 17661 17661 W AppWatcher: type=1400 audit(0.0:3071363): avc: denied { getattr } for path="/proc/3" dev="proc" ino=2557284 scontext=u:r:untrusted_app:s0:c512,c768 tcontext=u:r:kernel:s0 tclass=dir permissive=0

03-17 16:51:17.012 17661 17661 W AppWatcher: type=1400 audit(0.0:3071364): avc: denied { getattr } for path="/proc/6" dev="proc" ino=2557286 scontext=u:r:untrusted_app:s0:c512,c768 tcontext=u:r:kernel:s0 tclass=dir permissive=0

03-17 16:51:17.012 17661 17661 W AppWatcher: type=1400 audit(0.0:3071365): avc: denied { getattr } for path="/proc/7" dev="proc" ino=2557287 scontext=u:r:untrusted_app:s0:c512,c768 tcontext=u:r:kernel:s0 tclass=dir permissive=0

03-17 16:51:17.022 17661 17661 W AppWatcher: type=1400 audit(0.0:3071366): avc: denied { getattr } for path="/proc/8" dev="proc" ino=2557288 scontext=u:r:untrusted_app:s0:c512,c768 tcontext=u:r:kernel:s0 tclass=dir permissive=0

03-17 16:51:17.022 17661 17661 W AppWatcher: type=1400 audit(0.0:3071367): avc: denied { getattr } for path="/proc/21" dev="proc" ino=2557289 scontext=u:r:untrusted_app:s0:c512,c768 tcontext=u:r:kernel:s0 tclass=dir permissive=0

03-17 16:51:17.022 17661 17661 W AppWatcher: type=1400 audit(0.0:3071368): avc: denied { getattr } for path="/proc/22" dev="proc" ino=2557290 scontext=u:r:untrusted_app:s0:c512,c768 tcontext=u:r:kernel:s0 tclass=dir permissive=0

03-17 16:51:17.032 17661 17661 W AppWatcher: type=1400 audit(0.0:3071369): avc: denied { getattr } for path="/proc/28" dev="proc" ino=2557291 scontext=u:r:untrusted_app:s0:c512,c768 tcontext=u:r:kernel:s0 tclass=dir permissive=0

03-17 16:51:17.032 17661 17661 W AppWatcher: type=1400 audit(0.0:3071370): avc: denied { getattr } for path="/proc/29" dev="proc" ino=2557292 scontext=u:r:untrusted_app:s0:c512,c768 tcontext=u:r:kernel:s0 tclass=dir permissive=0

03-17 16:51:17.032 17661 17661 W AppWatcher: type=1400 audit(0.0:3071371): avc: denied { getattr } for path="/proc/30" dev="proc" ino=2557293 scontext=u:r:untrusted_app:s0:c512,c768 tcontext=u:r:kernel:s0 tclass=dir permissive=0

03-17 16:51:17.042 17661 17661 W AppWatcher: type=1400 audit(0.0:3071372): avc: denied { getattr } for path="/proc/32" dev="proc" ino=2557294 scontext=u:r:untrusted_app:s0:c512,c768 tcontext=u:r:kernel:s0 tclass=dir permissive=0

03-17 16:51:17.042 17661 17661 W AppWatcher: type=1400 audit(0.0:3071373): avc: denied { getattr } for path="/proc/33" dev="proc" ino=2557295 scontext=u:r:untrusted_app:s0:c512,c768 tcontext=u:r:kernel:s0 tclass=dir permissive=0

03-17 16:51:17.042 17661 17661 W AppWatcher: type=1400 audit(0.0:3071374): avc: denied { getattr } for path="/proc/34" dev="proc" ino=2557296 scontext=u:r:untrusted_app:s0:c512,c768 tcontext=u:r:kernel:s0 tclass=dir permissive=0

03-17 16:51:17.042 17661 17661 W AppWatcher: type=1400 audit(0.0:3071375): avc: denied { getattr } for path="/proc/61" dev="proc" ino=2557297 scontext=u:r:untrusted_app:s0:c512,c768 tcontext=u:r:kernel:s0 tclass=dir permissive=0

03-17 16:51:17.042 17661 17661 W AppWatcher: type=1400 audit(0.0:3071376): avc: denied { getattr } for path="/proc/62" dev="proc" ino=2557298 scontext=u:r:untrusted_app:s0:c512,c768 tcontext=u:r:kernel:s0 tclass=dir permissive=0

03-17 16:51:17.042 17661 17661 W AppWatcher: type=1400 audit(0.0:3071377): avc: denied { getattr } for path="/proc/63" dev="proc" ino=2557299 scontext=u:r:untrusted_app:s0:c512,c768 tcontext=u:r:kernel:s0 tclass=dir permissive=0

03-17 16:51:17.479  1534  1534 E JavaBinder: !!! FAILED BINDER TRANSACTION !!!  (parcel size = 104)

03-17 16:51:17.482   370   482 I ThermalEngine: Sensor:batt_temp:372 mC

03-17 16:51:17.490  1534  1534 E JavaBinder: !!! FAILED BINDER TRANSACTION !!!  (parcel size = 104)

03-17 16:51:17.491  1534  1534 E JavaBinder: !!! FAILED BINDER TRANSACTION !!!  (parcel size = 104)

03-17 16:51:17.491  1534  1534 E JavaBinder: !!! FAILED BINDER TRANSACTION !!!  (parcel size = 104)

03-17 16:51:18.483   370   482 I ThermalEngine: Sensor:batt_temp:372 mC

03-17 16:51:18.502  1534  1534 E JavaBinder: !!! FAILED BINDER TRANSACTION !!!  (parcel size = 104)

03-17 16:51:18.511  1534  1534 E JavaBinder: !!! FAILED BINDER TRANSACTION !!!  (parcel size = 104)

03-17 16:51:18.511  1534  1534 E JavaBinder: !!! FAILED BINDER TRANSACTION !!!  (parcel size = 104)

03-17 16:51:18.511  1534  1534 E JavaBinder: !!! FAILED BINDER TRANSACTION !!!  (parcel size = 104)

03-17 16:51:18.729  5869  5938 I octvm_klo: read wakeups from wakealarm_fd:1

03-17 16:51:18.729  5869  5938 I octvm_klo: new timerfd interval:

03-17 16:51:18.729  5869  5938 I octvm_klo: 	itval.it_interval.tv_sec 4, itval.it_interval.tv_nsec 0

03-17 16:51:18.729  5869  5938 I octvm_klo: 	itval.it_value.tv_sec 3, itval.it_value.tv_nsec 999996823

03-17 16:51:19.056  3782  3782 W PushService: 2017-03-17 16:51:19,056 - [WARN::PushService] - [Thread:1] register timer 1489740979046

03-17 16:51:19.056  3782  3782 W PushService: 2017-03-17 16:51:19,056 - [WARN::PushService] - [Thread:1] com.xiaomi.xmsf is the package name

03-17 16:51:19.057  3782  3782 W PushService: 2017-03-17 16:51:19,056 - [WARN::PushService] - [Thread:1] Ping XMChannelService on timer

03-17 16:51:19.069  4153  4153 I MiuiVoip: PingManager, ping broadcast received

03-17 16:51:19.078  4153  4153 I MiuiVoip: yysdk-svc, [YYService]onStartCommand:com.yy.nmob.voip.service.KEEPALIVE

03-17 16:51:19.078  4153  4153 I MiuiVoip: PingManager, send ping firstPing=false

03-17 16:51:19.084  3782  3782 W PushService: 2017-03-17 16:51:19,084 - [WARN::PushService] - [Thread:1] onStart() with intent.Action = com.xiaomi.push.timer, chid = null

03-17 16:51:19.084  3782  3782 W PushService: 2017-03-17 16:51:19,084 - [WARN::PushService] - [Thread:1] Service called on timer

03-17 16:51:19.089  4153  4153 V PingManager: register timer 1489740979046

03-17 16:51:19.091  3782  3961 W PushService: 2017-03-17 16:51:19,091 - [WARN::PushService] - [Thread:54] [Slim] SND ping id=0

03-17 16:51:19.094  3782  3961 W PushService: 2017-03-17 16:51:19,094 - [WARN::PushService] - [Thread:54] [Slim] Wrote {cmd=PING;chid=0;len=33}

03-17 16:51:19.094  3782  3961 W PushService: 2017-03-17 16:51:19,094 - [WARN::PushService] - [Thread:54] [Slim] 04:51:19  Sent  Blob [PING,0,0]

03-17 16:51:19.122  4153  4809 I MiuiVoip: yysdk-linkd, receive push res:{}

03-17 16:51:19.134  3782 13211 W PushService: 2017-03-17 16:51:19,134 - [WARN::PushService] - [Thread:166] [Slim] Read {cmd=PING;chid=0;len=27}

03-17 16:51:19.134  3782 13211 W PushService: 2017-03-17 16:51:19,134 - [WARN::PushService] - [Thread:166] [Slim] RCV ping id=0

03-17 16:51:19.135  3782 13211 W PushService: 2017-03-17 16:51:19,135 - [WARN::PushService] - [Thread:166] [Slim] 04:51:19  RCV  Blob [PING,0,0]

03-17 16:51:19.179  3962  4066 W WtProcessController: do not trim { PackageName :com.miui.home Pid: 3994 Uid: 10019 Start by: unknown Score:50 Old score:50 state:0 mBackgroundTimeInMillis:1489740647220 WakelockCount:0 wakelogsize:0  ActivityDestroied:false Activity size: 1 PackageInfo:{WhetstonePackageInfo#PacakgeName:com.miui.home uid:10019 uiMemoryThresold:0 nonUiMemoryThresold:0 Flag:-2147483392,0x80000100 [,APP_SYSTEM] Type:0[] } tasknum:10250}

03-17 16:51:19.216 16585 16645 D NAT     : SYMMETRIC_NAT

03-17 16:51:19.217 16585 16645 D NAT     : call void method before

03-17 16:51:19.218 16585 16645 D NAT     : call void method after

03-17 16:51:19.316  3962  4066 W WtProcessController: do not trim { PackageName :com.orvibo.homemate Pid: 16708 Uid: 10136 Start by: service Score:100 Old score:100 state:0 mBackgroundTimeInMillis:0 WakelockCount:0 wakelogsize:0  ActivityDestroied:false Activity size: 0 PackageInfo:{WhetstonePackageInfo#PacakgeName:com.orvibo.homemate uid:10136 uiMemoryThresold:0 nonUiMemoryThresold:0 Flag:5184,0x1440 [,TRIMHEAPS,SOFT_RESET,FLAG_DEAL_SCHEDULE] Type:0[] } tasknum:-1}

03-17 16:51:19.485   370   482 I ThermalEngine: Sensor:batt_temp:372 mC

03-17 16:51:19.514  1534  1534 E JavaBinder: !!! FAILED BINDER TRANSACTION !!!  (parcel size = 104)

03-17 16:51:19.516  1534  1534 E JavaBinder: !!! FAILED BINDER TRANSACTION !!!  (parcel size = 104)

03-17 16:51:19.523  1534  1534 E JavaBinder: !!! FAILED BINDER TRANSACTION !!!  (parcel size = 104)

03-17 16:51:19.523  1534  1534 E JavaBinder: !!! FAILED BINDER TRANSACTION !!!  (parcel size = 104)

03-17 16:51:19.679  4326  7153 D FrozenAppController: FrozenAPP, is HasProcessOOMTooLow

03-17 16:51:19.679  4326  7153 D FrozenAppController: >>> event = 22 >>> state = 2 uid 10124

03-17 16:51:19.679  4326  7153 V FrozenAppController:     >>>>  MSG_FROZEN_APP : { uid: 10124 mState:2 mEvent:22 mIsForeground:false mLocationPolicy:0}

03-17 16:51:19.692  4326  7153 D FrozenAppController: FrozenAPP, is HasProcessOOMTooLow

03-17 16:51:19.692  4326  7153 D FrozenAppController: >>> event = 22 >>> state = 0 uid 10120

03-17 16:51:19.692  4326  7153 V FrozenAppController:     >>>>  MSG_FROZEN_APP : { uid: 10120 mState:0 mEvent:22 mIsForeground:false mLocationPolicy:255}

03-17 16:51:19.926 22823 22823 D wpa_supplicant: wlan0: Control interface command 'SIGNAL_POLL'

03-17 16:51:19.942 22823 22823 D wpa_supplicant: CTRL-DEBUG: global_ctrl_sock-sendto: sock=11 sndbuf=163840 outq=0 send_len=48

03-17 16:51:20.299 16585 16686 D UTAnalytics:LogStoreMgr: pid:16585 [store],

03-17 16:51:20.311 16585 16686 D UTAnalytics:UTSqliteLogStore: pid:16585 [insert] ,, isSuccess:true,ret,2338,

03-17 16:51:20.486   370   482 I ThermalEngine: Sensor:batt_temp:372 mC

03-17 16:51:20.531  1534  1534 E JavaBinder: !!! FAILED BINDER TRANSACTION !!!  (parcel size = 104)

03-17 16:51:20.537  1534  1534 E JavaBinder: !!! FAILED BINDER TRANSACTION !!!  (parcel size = 104)

03-17 16:51:20.537  1534  1534 E JavaBinder: !!! FAILED BINDER TRANSACTION !!!  (parcel size = 104)

03-17 16:51:20.537  1534  1534 E JavaBinder: !!! FAILED BINDER TRANSACTION !!!  (parcel size = 104)

03-17 16:51:20.740 16585 16597 I art     : Background sticky concurrent mark sweep GC freed 333191(19MB) AllocSpace objects, 30(596KB) LOS objects, 38% free, 34MB/55MB, paused 1.647ms total 117.378ms

03-17 16:51:21.488   370   482 I ThermalEngine: Sensor:batt_temp:372 mC

03-17 16:51:22.490   370   482 I ThermalEngine: Sensor:batt_temp:372 mC

03-17 16:51:22.729  5869  5938 I octvm_klo: read wakeups from wakealarm_fd:1

03-17 16:51:22.729  5869  5938 I octvm_klo: new timerfd interval:

03-17 16:51:22.729  5869  5938 I octvm_klo: 	itval.it_interval.tv_sec 4, itval.it_interval.tv_nsec 0

03-17 16:51:22.729  5869  5938 I octvm_klo: 	itval.it_value.tv_sec 3, itval.it_value.tv_nsec 999996458

03-17 16:51:22.952 22823 22823 D wpa_supplicant: wlan0: Control interface command 'SIGNAL_POLL'

03-17 16:51:22.968 22823 22823 D wpa_supplicant: CTRL-DEBUG: global_ctrl_sock-sendto: sock=11 sndbuf=163840 outq=0 send_len=48

03-17 16:51:23.494   370   482 I ThermalEngine: Sensor:batt_temp:371 mC

03-17 16:51:24.496   370   482 I ThermalEngine: Sensor:batt_temp:372 mC

03-17 16:51:25.497   370   482 I ThermalEngine: Sensor:batt_temp:372 mC

03-17 16:51:25.551  1534  1534 E JavaBinder: !!! FAILED BINDER TRANSACTION !!!  (parcel size = 104)

03-17 16:51:25.559  1534  1534 E JavaBinder: !!! FAILED BINDER TRANSACTION !!!  (parcel size = 104)

03-17 16:51:25.561  1534  1534 E JavaBinder: !!! FAILED BINDER TRANSACTION !!!  (parcel size = 104)

03-17 16:51:25.562  1534  1534 E JavaBinder: !!! FAILED BINDER TRANSACTION !!!  (parcel size = 104)

03-17 16:51:25.977 22823 22823 D wpa_supplicant: wlan0: Control interface command 'SIGNAL_POLL'

03-17 16:51:25.992 22823 22823 D wpa_supplicant: CTRL-DEBUG: global_ctrl_sock-sendto: sock=11 sndbuf=163840 outq=0 send_len=48

03-17 16:51:26.498   370   482 I ThermalEngine: Sensor:batt_temp:372 mC

03-17 16:51:26.578  1534  1534 E JavaBinder: !!! FAILED BINDER TRANSACTION !!!  (parcel size = 104)

03-17 16:51:26.592  1534  1534 E JavaBinder: !!! FAILED BINDER TRANSACTION !!!  (parcel size = 104)

03-17 16:51:26.597  1534  1534 E JavaBinder: !!! FAILED BINDER TRANSACTION !!!  (parcel size = 104)

03-17 16:51:26.598  1534  1534 E JavaBinder: !!! FAILED BINDER TRANSACTION !!!  (parcel size = 104)

03-17 16:51:26.730  5869  5938 I octvm_klo: read wakeups from wakealarm_fd:1

03-17 16:51:26.730  5869  5938 I octvm_klo: new timerfd interval:

03-17 16:51:26.730  5869  5938 I octvm_klo: 	itval.it_interval.tv_sec 4, itval.it_interval.tv_nsec 0

03-17 16:51:26.730  5869  5938 I octvm_klo: 	itval.it_value.tv_sec 3, itval.it_value.tv_nsec 999991979

03-17 16:51:27.242 17661 17661 W AppWatcher: type=1400 audit(0.0:3071650): avc: denied { getattr } for path="/proc/opalum-temp-calib" dev="proc" ino=4026534627 scontext=u:r:untrusted_app:s0:c512,c768 tcontext=u:object_r:proc_opalum:s0 tclass=file permissive=0

03-17 16:51:27.242 17661 17661 W AppWatcher: type=1400 audit(0.0:3071651): avc: denied { getattr } for path="/proc/opalum-f0-calib" dev="proc" ino=4026534626 scontext=u:r:untrusted_app:s0:c512,c768 tcontext=u:object_r:proc_opalum:s0 tclass=file permissive=0

03-17 16:51:27.242 17661 17661 W AppWatcher: type=1400 audit(0.0:3071652): avc: denied { getattr } for path="/proc/sysrq-trigger" dev="proc" ino=4026533735 scontext=u:r:untrusted_app:s0:c512,c768 tcontext=u:object_r:proc_sysrq:s0 tclass=file permissive=0

03-17 16:51:27.242 17661 17661 W AppWatcher: type=1400 audit(0.0:3071653): avc: denied { getattr } for path="/proc/1" dev="proc" ino=8200 scontext=u:r:untrusted_app:s0:c512,c768 tcontext=u:r:init:s0 tclass=dir permissive=0

03-17 16:51:27.242 17661 17661 W AppWatcher: type=1400 audit(0.0:3071654): avc: denied { getattr } for path="/proc/2" dev="proc" ino=2557283 scontext=u:r:untrusted_app:s0:c512,c768 tcontext=u:r:kernel:s0 tclass=dir permissive=0

03-17 16:51:27.252 17661 17661 W AppWatcher: type=1400 audit(0.0:3071655): avc: denied { getattr } for path="/proc/3" dev="proc" ino=2557284 scontext=u:r:untrusted_app:s0:c512,c768 tcontext=u:r:kernel:s0 tclass=dir permissive=0

03-17 16:51:27.252 17661 17661 W AppWatcher: type=1400 audit(0.0:3071656): avc: denied { getattr } for path="/proc/6" dev="proc" ino=2557286 scontext=u:r:untrusted_app:s0:c512,c768 tcontext=u:r:kernel:s0 tclass=dir permissive=0

03-17 16:51:27.252 17661 17661 W AppWatcher: type=1400 audit(0.0:3071657): avc: denied { getattr } for path="/proc/7" dev="proc" ino=2557287 scontext=u:r:untrusted_app:s0:c512,c768 tcontext=u:r:kernel:s0 tclass=dir permissive=0

03-17 16:51:27.252 17661 17661 W AppWatcher: type=1400 audit(0.0:3071658): avc: denied { getattr } for path="/proc/8" dev="proc" ino=2557288 scontext=u:r:untrusted_app:s0:c512,c768 tcontext=u:r:kernel:s0 tclass=dir permissive=0

03-17 16:51:27.262 17661 17661 W AppWatcher: type=1400 audit(0.0:3071659): avc: denied { getattr } for path="/proc/21" dev="proc" ino=2557289 scontext=u:r:untrusted_app:s0:c512,c768 tcontext=u:r:kernel:s0 tclass=dir permissive=0

03-17 16:51:27.262 17661 17661 W AppWatcher: type=1400 audit(0.0:3071660): avc: denied { getattr } for path="/proc/22" dev="proc" ino=2557290 scontext=u:r:untrusted_app:s0:c512,c768 tcontext=u:r:kernel:s0 tclass=dir permissive=0

03-17 16:51:27.262 17661 17661 W AppWatcher: type=1400 audit(0.0:3071661): avc: denied { getattr } for path="/proc/28" dev="proc" ino=2557291 scontext=u:r:untrusted_app:s0:c512,c768 tcontext=u:r:kernel:s0 tclass=dir permissive=0

03-17 16:51:27.262 17661 17661 W AppWatcher: type=1400 audit(0.0:3071662): avc: denied { getattr } for path="/proc/29" dev="proc" ino=2557292 scontext=u:r:untrusted_app:s0:c512,c768 tcontext=u:r:kernel:s0 tclass=dir permissive=0

03-17 16:51:27.262 17661 17661 W AppWatcher: type=1400 audit(0.0:3071663): avc: denied { getattr } for path="/proc/30" dev="proc" ino=2557293 scontext=u:r:untrusted_app:s0:c512,c768 tcontext=u:r:kernel:s0 tclass=dir permissive=0

03-17 16:51:27.262 17661 17661 W AppWatcher: type=1400 audit(0.0:3071664): avc: denied { getattr } for path="/proc/32" dev="proc" ino=2557294 scontext=u:r:untrusted_app:s0:c512,c768 tcontext=u:r:kernel:s0 tclass=dir permissive=0

03-17 16:51:27.262 17661 17661 W AppWatcher: type=1400 audit(0.0:3071665): avc: denied { getattr } for path="/proc/33" dev="proc" ino=2557295 scontext=u:r:untrusted_app:s0:c512,c768 tcontext=u:r:kernel:s0 tclass=dir permissive=0

03-17 16:51:27.262 17661 17661 W AppWatcher: type=1400 audit(0.0:3071666): avc: denied { getattr } for path="/proc/34" dev="proc" ino=2557296 scontext=u:r:untrusted_app:s0:c512,c768 tcontext=u:r:kernel:s0 tclass=dir permissive=0

03-17 16:51:27.262 17661 17661 W AppWatcher: type=1400 audit(0.0:3071667): avc: denied { getattr } for path="/proc/61" dev="proc" ino=2557297 scontext=u:r:untrusted_app:s0:c512,c768 tcontext=u:r:kernel:s0 tclass=dir permissive=0

03-17 16:51:27.262 17661 17661 W AppWatcher: type=1400 audit(0.0:3071668): avc: denied { getattr } for path="/proc/62" dev="proc" ino=2557298 scontext=u:r:untrusted_app:s0:c512,c768 tcontext=u:r:kernel:s0 tclass=dir permissive=0

03-17 16:51:27.262 17661 17661 W AppWatcher: type=1400 audit(0.0:3071669): avc: denied { getattr } for path="/proc/63" dev="proc" ino=2557299 scontext=u:r:untrusted_app:s0:c512,c768 tcontext=u:r:kernel:s0 tclass=dir permissive=0

03-17 16:51:27.499   370   482 I ThermalEngine: Sensor:batt_temp:372 mC

03-17 16:51:28.500   370   482 I ThermalEngine: Sensor:batt_temp:371 mC

03-17 16:51:28.999 22823 22823 D wpa_supplicant: wlan0: Control interface command 'SIGNAL_POLL'

03-17 16:51:29.019 22823 22823 D wpa_supplicant: CTRL-DEBUG: global_ctrl_sock-sendto: sock=11 sndbuf=163840 outq=0 send_len=48

03-17 16:51:29.095  3782  3961 W PushService: 2017-03-17 16:51:29,095 - [WARN::PushService] - [Thread:54] JOB: check the ping-pong.1489740679091

03-17 16:51:29.502   370   482 I ThermalEngine: Sensor:batt_temp:372 mC

03-17 16:51:30.039  1534  1906 D AutomaticBrightnessController: drop the lightsensor event ,time=200514080 ,lux=29.390156

03-17 16:51:30.208  1534  1906 D AutomaticBrightnessController: drop the lightsensor event ,time=200514250 ,lux=2.2042618

03-17 16:51:30.379  1534  1906 D AutomaticBrightnessController: drop the lightsensor event ,time=200514421 ,lux=6.6127853

03-17 16:51:30.504   370   482 I ThermalEngine: Sensor:batt_temp:371 mC

03-17 16:51:30.549  1534  1906 D AutomaticBrightnessController: drop the lightsensor event ,time=200514590 ,lux=5.1432776

03-17 16:51:30.720  1534  1906 D AutomaticBrightnessController: drop the lightsensor event ,time=200514761 ,lux=5.1432776

03-17 16:51:30.730  5869  5938 I octvm_klo: read wakeups from wakealarm_fd:1

03-17 16:51:30.730  5869  5938 I octvm_klo: new timerfd interval:

03-17 16:51:30.730  5869  5938 I octvm_klo: 	itval.it_interval.tv_sec 4, itval.it_interval.tv_nsec 0

03-17 16:51:30.730  5869  5938 I octvm_klo: 	itval.it_value.tv_sec 3, itval.it_value.tv_nsec 999996302

03-17 16:51:30.889  1534  1906 D AutomaticBrightnessController: drop the lightsensor event ,time=200514931 ,lux=5.1432776

03-17 16:51:31.060  1534  1906 D AutomaticBrightnessController: drop the lightsensor event ,time=200515102 ,lux=1.4695078

03-17 16:51:31.229  1534  1906 D AutomaticBrightnessController: drop the lightsensor event ,time=200515270 ,lux=2.2042618

03-17 16:51:31.399  1534  1906 D AutomaticBrightnessController: drop the lightsensor event ,time=200515441 ,lux=6.6127853

03-17 16:51:31.506   370   482 I ThermalEngine: Sensor:batt_temp:371 mC

03-17 16:51:31.909  1534  1906 D AutomaticBrightnessController: drop the lightsensor event ,time=200515951 ,lux=50.69802

03-17 16:51:32.035 22823 22823 D wpa_supplicant: wlan0: Control interface command 'SIGNAL_POLL'

03-17 16:51:32.051 22823 22823 D wpa_supplicant: CTRL-DEBUG: global_ctrl_sock-sendto: sock=11 sndbuf=163840 outq=0 send_len=48

03-17 16:51:32.078  1534  1906 D AutomaticBrightnessController: drop the lightsensor event ,time=200516120 ,lux=3.6737695

03-17 16:51:32.249  1534  1906 D AutomaticBrightnessController: drop the lightsensor event ,time=200516291 ,lux=3.6737695

03-17 16:51:32.419  1534  1906 D AutomaticBrightnessController: drop the lightsensor event ,time=200516461 ,lux=2.9390156

03-17 16:51:32.507   370   482 I ThermalEngine: Sensor:batt_temp:371 mC

03-17 16:51:32.588  1534  1906 D AutomaticBrightnessController: drop the lightsensor event ,time=200516630 ,lux=3.6737695

03-17 16:51:32.620  1534  1534 E JavaBinder: !!! FAILED BINDER TRANSACTION !!!  (parcel size = 104)

03-17 16:51:32.626  1534  1534 E JavaBinder: !!! FAILED BINDER TRANSACTION !!!  (parcel size = 104)

03-17 16:51:32.628  1534  1534 E JavaBinder: !!! FAILED BINDER TRANSACTION !!!  (parcel size = 104)

03-17 16:51:32.628  1534  1534 E JavaBinder: !!! FAILED BINDER TRANSACTION !!!  (parcel size = 104)

03-17 16:51:32.759  1534  1906 D AutomaticBrightnessController: drop the lightsensor event ,time=200516800 ,lux=4.4085236

03-17 16:51:32.931  1534  1906 D AutomaticBrightnessController: drop the lightsensor event ,time=200516973 ,lux=2.9390156

03-17 16:51:33.099  1534  1906 D AutomaticBrightnessController: drop the lightsensor event ,time=200517140 ,lux=2.9390156

03-17 16:51:33.268  1534  1906 D AutomaticBrightnessController: drop the lightsensor event ,time=200517310 ,lux=5.1432776

03-17 16:51:33.438  1534  1906 D AutomaticBrightnessController: drop the lightsensor event ,time=200517480 ,lux=1.4695078

03-17 16:51:33.511   370   482 I ThermalEngine: Sensor:batt_temp:371 mC

03-17 16:51:33.609  1534  1906 D AutomaticBrightnessController: drop the lightsensor event ,time=200517651 ,lux=3.6737695

03-17 16:51:33.640  1534  1534 E JavaBinder: !!! FAILED BINDER TRANSACTION !!!  (parcel size = 104)

03-17 16:51:33.648  1534  1534 E JavaBinder: !!! FAILED BINDER TRANSACTION !!!  (parcel size = 104)

03-17 16:51:33.662  1534  1534 E JavaBinder: !!! FAILED BINDER TRANSACTION !!!  (parcel size = 104)

03-17 16:51:33.662  1534  1534 E JavaBinder: !!! FAILED BINDER TRANSACTION !!!  (parcel size = 104)

03-17 16:51:33.779  1534  1906 D AutomaticBrightnessController: drop the lightsensor event ,time=200517821 ,lux=3.6737695

03-17 16:51:33.949  1534  1906 D AutomaticBrightnessController: drop the lightsensor event ,time=200517990 ,lux=10.286555

03-17 16:51:34.119  1534  1906 D AutomaticBrightnessController: drop the lightsensor event ,time=200518161 ,lux=1.4695078

03-17 16:51:34.288  1534  1906 D AutomaticBrightnessController: drop the lightsensor event ,time=200518330 ,lux=2.2042618

03-17 16:51:34.459  1534  1906 D AutomaticBrightnessController: drop the lightsensor event ,time=200518500 ,lux=6.6127853

03-17 16:51:34.513   370   482 I ThermalEngine: Sensor:batt_temp:371 mC

03-17 16:51:34.628  1534  1906 D AutomaticBrightnessController: drop the lightsensor event ,time=200518670 ,lux=8.817047

03-17 16:51:34.671  1534  1534 E JavaBinder: !!! FAILED BINDER TRANSACTION !!!  (parcel size = 104)

03-17 16:51:34.680  1534  1534 E JavaBinder: !!! FAILED BINDER TRANSACTION !!!  (parcel size = 104)

03-17 16:51:34.685  1534  1534 E JavaBinder: !!! FAILED BINDER TRANSACTION !!!  (parcel size = 104)

03-17 16:51:34.686  1534  1534 E JavaBinder: !!! FAILED BINDER TRANSACTION !!!  (parcel size = 104)

03-17 16:51:34.730  5869  5938 I octvm_klo: read wakeups from wakealarm_fd:1

03-17 16:51:34.730  5869  5938 I octvm_klo: new timerfd interval:

03-17 16:51:34.730  5869  5938 I octvm_klo: 	itval.it_interval.tv_sec 4, itval.it_interval.tv_nsec 0

03-17 16:51:34.730  5869  5938 I octvm_klo: 	itval.it_value.tv_sec 3, itval.it_value.tv_nsec 999996302

03-17 16:51:34.798  1534  1906 D AutomaticBrightnessController: drop the lightsensor event ,time=200518840 ,lux=9.551801

03-17 16:51:34.968  1534  1906 D AutomaticBrightnessController: drop the lightsensor event ,time=200519010 ,lux=8.0822935

03-17 16:51:35.056 22823 22823 D wpa_supplicant: wlan0: Control interface command 'SIGNAL_POLL'

03-17 16:51:35.071 22823 22823 D wpa_supplicant: CTRL-DEBUG: global_ctrl_sock-sendto: sock=11 sndbuf=163840 outq=0 send_len=48

03-17 16:51:35.139  1534  1906 D AutomaticBrightnessController: drop the lightsensor event ,time=200519181 ,lux=16.89934

03-17 16:51:35.308  1534  1906 D AutomaticBrightnessController: drop the lightsensor event ,time=200519350 ,lux=12.490817

03-17 16:51:35.478  1534  1906 D AutomaticBrightnessController: drop the lightsensor event ,time=200519520 ,lux=15.429832

03-17 16:51:35.514   370   482 I ThermalEngine: Sensor:batt_temp:371 mC

03-17 16:51:35.696  1534  1534 E JavaBinder: !!! FAILED BINDER TRANSACTION !!!  (parcel size = 104)

03-17 16:51:35.701  1534  1534 E JavaBinder: !!! FAILED BINDER TRANSACTION !!!  (parcel size = 104)

03-17 16:51:35.708  1534  1534 E JavaBinder: !!! FAILED BINDER TRANSACTION !!!  (parcel size = 104)

03-17 16:51:35.709  1534  1534 E JavaBinder: !!! FAILED BINDER TRANSACTION !!!  (parcel size = 104)

03-17 16:51:36.329  1534  1906 D AutomaticBrightnessController: drop the lightsensor event ,time=200520370 ,lux=42.615726
