--------- beginning of system

03-30 11:16:35.952  2044  4123 I ActivityManager: START u0 {cmp=com.orvibo.homemate/.common.main.MainActivity (has extras)} from uid 10143 on display 0

03-30 11:16:36.129  2044  2044 V NotificationService: pkg=com.orvibo.homemate canInterrupt=true intercept=true

03-30 11:16:36.156  2044  2078 V ActivityManager: Attempted to start a foreground service (ComponentInfo{com.orvibo.homemate/com.orvibo.homemate.service.TempService}) with a broken notification (no icon: Notification(pri=0 contentView=null vibrate=null sound=null defaults=0x0 flags=0x40 color=0x00000000 vis=PRIVATE))

03-30 11:16:36.159  2044  2044 V NotificationService: pkg=com.orvibo.homemate canInterrupt=true intercept=true

03-30 11:16:36.225  3746  3879 W ContextImpl: Calling a method in the system process without a qualified user: android.app.ContextImpl.bindService:1295 android.content.ContextWrapper.bindService:614 com.xiaomi.mistatistic.sdk.controller.LocalEventRecorder.a:90 com.xiaomi.mistatistic.sdk.controller.LocalEventRecorder.b:70 com.xiaomi.mistatistic.sdk.controller.LocalEventRecorder.a:25 

03-30 11:16:38.857  2044  4298 D SystemSettings: Want to modify SystemSettings? See MiuiSettings.System.PUBLIC_SETTINGS

03-30 11:16:38.857  2044  4298 W SettingsProvider: You shouldn't keep your settings in the secure settings. This will soon become an error.

03-30 11:16:39.216  2044  2078 V BroadcastQueueInjector: Skipping BroadcastRecord{6b0d7b9 u-1 android.net.wifi.SCAN_RESULTS} to ProcessRecord{8fb4531 2465:com.tencent.android.qqdownloader:daemon/u0a144}

03-30 11:16:39.216  2044  2078 D Whetstone-FW: MiuiLog-Whetstone-BroadcastControl BroadcastRecord{6b0d7b9 u-1 android.net.wifi.SCAN_RESULTS} is discarded

03-30 11:16:41.128  2044  4245 I ActivityManager: START u0 {cmp=com.orvibo.homemate/.user.UserActivity (has extras)} from uid 10143 on display 0

03-30 11:16:44.152  2044  3885 I ActivityManager: START u0 {cmp=com.orvibo.homemate/.user.LoginActivity} from uid 10143 on display 0

03-30 11:16:44.173  2044  4283 W ActivityManager: Duplicate finish request for ActivityRecord{d1c67fe u0 com.orvibo.homemate/.user.UserActivity t17630 f}

03-30 11:16:49.698  2044  4323 I ActivityManager: START u0 {cmp=com.orvibo.homemate/.user.RegisterActivity} from uid 10143 on display 0

03-30 11:16:51.076  2044  3799 I ActivityManager: START u0 {cmp=com.orvibo.homemate/.user.UserAgreementActivity} from uid 10143 on display 0

03-30 11:16:51.586  2044  4298 D ConnectivityService: listenForNetwork for Listen from uid/pid:10143/20440 for NetworkRequest [ id=340, legacyType=-1, [ Capabilities: INTERNET&NOT_RESTRICTED&TRUSTED] ]

03-30 11:16:51.681  2044  3765 D ConnectivityService: listenForNetwork for Listen from uid/pid:10143/20440 for NetworkRequest [ id=341, legacyType=-1, [ Capabilities: INTERNET&NOT_RESTRICTED&TRUSTED] ]

03-30 11:16:57.530  2044  4283 V LocationPolicy: writePolicyLocked()

03-30 11:17:00.207  2044  4245 D BaseMiuiPhoneWindowManager: keyCode:67 down:true 339910985 339910985 policyFlags=2b000000 deviceId:-1 isScreenOn:true

03-30 11:17:00.208  2044  4245 D WindowManager: keyguardActive=false

03-30 11:17:00.229  2044  4104 D BaseMiuiPhoneWindowManager: keyCode:67 down:false 339910985 339910985 policyFlags=2b000000 deviceId:-1 isScreenOn:true

03-30 11:17:00.229  2044  4104 D WindowManager: keyguardActive=false

03-30 11:17:00.603  2044  4245 D BaseMiuiPhoneWindowManager: keyCode:67 down:true 339911382 339911382 policyFlags=2b000000 deviceId:-1 isScreenOn:true

03-30 11:17:00.603  2044  4245 D WindowManager: keyguardActive=false

03-30 11:17:00.612  2044  4283 D BaseMiuiPhoneWindowManager: keyCode:67 down:false 339911382 339911382 policyFlags=2b000000 deviceId:-1 isScreenOn:true

03-30 11:17:00.612  2044  4283 D WindowManager: keyguardActive=false

03-30 11:17:00.613  2044  4123 D BaseMiuiPhoneWindowManager: keyCode:112 down:true 339911393 339911393 policyFlags=2b000000 deviceId:-1 isScreenOn:true

03-30 11:17:00.613  2044  4123 D WindowManager: keyguardActive=false

03-30 11:17:00.619  2044  4348 D BaseMiuiPhoneWindowManager: keyCode:112 down:false 339911393 339911393 policyFlags=2b000000 deviceId:-1 isScreenOn:true

03-30 11:17:00.619  2044  4348 D WindowManager: keyguardActive=false

03-30 11:17:02.956  2044  3765 D BaseMiuiPhoneWindowManager: keyCode:67 down:true 339913734 339913734 policyFlags=2b000000 deviceId:-1 isScreenOn:true

03-30 11:17:02.956  2044  3765 D WindowManager: keyguardActive=false

03-30 11:17:02.986  2044  4266 D BaseMiuiPhoneWindowManager: keyCode:67 down:false 339913734 339913734 policyFlags=2b000000 deviceId:-1 isScreenOn:true

03-30 11:17:02.986  2044  4266 D WindowManager: keyguardActive=false

03-30 11:17:03.003  2044  4283 D BaseMiuiPhoneWindowManager: keyCode:8 down:true 339913782 339913782 policyFlags=2b000000 deviceId:-1 isScreenOn:true

03-30 11:17:03.003  2044  4283 D WindowManager: keyguardActive=false

03-30 11:17:03.016  2044  4142 D BaseMiuiPhoneWindowManager: keyCode:8 down:false 339913796 339913782 policyFlags=2b000000 deviceId:-1 isScreenOn:true

03-30 11:17:03.016  2044  4142 D WindowManager: keyguardActive=false

03-30 11:17:03.025  2044  3807 D BaseMiuiPhoneWindowManager: keyCode:10 down:true 339913805 339913782 policyFlags=2b000000 deviceId:-1 isScreenOn:true

03-30 11:17:03.025  2044  3807 D WindowManager: keyguardActive=false

03-30 11:17:03.035  2044  4298 D BaseMiuiPhoneWindowManager: keyCode:10 down:false 339913815 339913782 policyFlags=2b000000 deviceId:-1 isScreenOn:true

03-30 11:17:03.035  2044  4298 D WindowManager: keyguardActive=false

03-30 11:17:03.046  2044  4283 D BaseMiuiPhoneWindowManager: keyCode:9 down:true 339913826 339913782 policyFlags=2b000000 deviceId:-1 isScreenOn:true

03-30 11:17:03.046  2044  4283 D WindowManager: keyguardActive=false

03-30 11:17:03.058  2044  4104 D BaseMiuiPhoneWindowManager: keyCode:9 down:false 339913838 339913782 policyFlags=2b000000 deviceId:-1 isScreenOn:true

03-30 11:17:03.059  2044  4104 D WindowManager: keyguardActive=false

03-30 11:17:03.069  2044  3799 D BaseMiuiPhoneWindowManager: keyCode:13 down:true 339913849 339913782 policyFlags=2b000000 deviceId:-1 isScreenOn:true

03-30 11:17:03.069  2044  3799 D WindowManager: keyguardActive=false

03-30 11:17:03.074  2044  4298 D BaseMiuiPhoneWindowManager: keyCode:13 down:false 339913854 339913782 policyFlags=2b000000 deviceId:-1 isScreenOn:true

03-30 11:17:03.074  2044  4298 D WindowManager: keyguardActive=false

03-30 11:17:03.077  2044  3765 D BaseMiuiPhoneWindowManager: keyCode:12 down:true 339913857 339913782 policyFlags=2b000000 deviceId:-1 isScreenOn:true

03-30 11:17:03.077  2044  3765 D WindowManager: keyguardActive=false

03-30 11:17:03.087  2044  4283 D BaseMiuiPhoneWindowManager: keyCode:12 down:false 339913867 339913782 policyFlags=2b000000 deviceId:-1 isScreenOn:true

03-30 11:17:03.087  2044  4283 D WindowManager: keyguardActive=false

03-30 11:17:03.105  2044  2057 D BaseMiuiPhoneWindowManager: keyCode:14 down:true 339913885 339913782 policyFlags=2b000000 deviceId:-1 isScreenOn:true

03-30 11:17:03.105  2044  2057 D WindowManager: keyguardActive=false

03-30 11:17:03.114  2044  3799 D BaseMiuiPhoneWindowManager: keyCode:14 down:false 339913894 339913782 policyFlags=2b000000 deviceId:-1 isScreenOn:true

03-30 11:17:03.115  2044  3799 D WindowManager: keyguardActive=false

03-30 11:17:03.125  2044  4283 D BaseMiuiPhoneWindowManager: keyCode:15 down:true 339913905 339913782 policyFlags=2b000000 deviceId:-1 isScreenOn:true

03-30 11:17:03.125  2044  4283 D WindowManager: keyguardActive=false

03-30 11:17:03.136  2044  2056 D BaseMiuiPhoneWindowManager: keyCode:15 down:false 339913916 339913782 policyFlags=2b000000 deviceId:-1 isScreenOn:true

03-30 11:17:03.136  2044  2056 D WindowManager: keyguardActive=false

03-30 11:17:03.143  2044  2057 D BaseMiuiPhoneWindowManager: keyCode:11 down:true 339913923 339913782 policyFlags=2b000000 deviceId:-1 isScreenOn:true

03-30 11:17:03.143  2044  2057 D WindowManager: keyguardActive=false

03-30 11:17:03.152  2044  3765 D BaseMiuiPhoneWindowManager: keyCode:11 down:false 339913932 339913782 policyFlags=2b000000 deviceId:-1 isScreenOn:true

03-30 11:17:03.153  2044  3765 D WindowManager: keyguardActive=false

03-30 11:17:03.161  2044  2056 D BaseMiuiPhoneWindowManager: keyCode:12 down:true 339913941 339913782 policyFlags=2b000000 deviceId:-1 isScreenOn:true

03-30 11:17:03.161  2044  2056 D WindowManager: keyguardActive=false

03-30 11:17:03.167  2044  4104 D BaseMiuiPhoneWindowManager: keyCode:12 down:false 339913947 339913782 policyFlags=2b000000 deviceId:-1 isScreenOn:true

03-30 11:17:03.167  2044  4104 D WindowManager: keyguardActive=false

03-30 11:17:03.174  2044  3807 D BaseMiuiPhoneWindowManager: keyCode:11 down:true 339913954 339913782 policyFlags=2b000000 deviceId:-1 isScreenOn:true

03-30 11:17:03.174  2044  3807 D WindowManager: keyguardActive=false

03-30 11:17:03.175  2044  4323 D BaseMiuiPhoneWindowManager: keyCode:11 down:false 339913955 339913782 policyFlags=2b000000 deviceId:-1 isScreenOn:true

03-30 11:17:03.175  2044  4323 D WindowManager: keyguardActive=false

03-30 11:17:03.177  2044  4348 D BaseMiuiPhoneWindowManager: keyCode:7 down:true 339913957 339913782 policyFlags=2b000000 deviceId:-1 isScreenOn:true

03-30 11:17:03.177  2044  4348 D WindowManager: keyguardActive=false

03-30 11:17:03.180  2044  4374 D BaseMiuiPhoneWindowManager: keyCode:7 down:false 339913960 339913782 policyFlags=2b000000 deviceId:-1 isScreenOn:true

03-30 11:17:03.180  2044  4374 D WindowManager: keyguardActive=false

03-30 11:17:09.204  2044  4298 I ActivityManager: START u0 {cmp=com.orvibo.homemate/.user.UserPhoneIdentifyActivity (has extras)} from uid 10143 on display 0

03-30 11:17:09.615  2044  2078 I ActivityManager: Killing 8421:com.tencent.android.qqdownloader:connect/u0a144 (adj 15): empty for 600s

03-30 11:17:09.615  2044  2078 I ActivityManager: Killing 8403:com.tencent.android.qqdownloader/u0a144 (adj 15): empty for 600s

03-30 11:17:11.110  2044  2080 E libprocessgroup: failed to kill 1 processes for processgroup 8421

03-30 11:17:12.759  2044  2080 E libprocessgroup: failed to kill 1 processes for processgroup 8403

03-30 11:17:23.690   333  2472 E FrameworkListener: read() failed (Connection reset by peer)

03-30 11:17:23.691  2044  2057 D ActivityManagerInjector: com.tencent.android.qqdownloader is killed by AMS with adj 16 ,do not allow restart

03-30 11:17:23.691  2044  2057 D ActivityManager: cleanUpApplicationRecord -- 8403

03-30 11:17:23.692  2044  3621 D WifiService: Client connection lost with reason: 4

03-30 11:17:23.737  2044  4283 D PowerManagerServiceInjector: wakeLock:[PARTIAL_WAKE_LOCK              'i' (uid=10144, pid=2465, ws=null)] is disabled by policy

03-30 11:17:23.740   333  2472 E FrameworkListener: read() failed (Connection reset by peer)

03-30 11:17:23.741  2044  3621 D WifiService: Client connection lost with reason: 4

03-30 11:17:23.743  2044  2057 W ActivityManager: Exception when unbinding service com.tencent.android.qqdownloader/com.qq.AppService.IPCService

03-30 11:17:23.743  2044  2057 W ActivityManager: android.os.DeadObjectException: Transaction failed on small parcel; remote process probably died

03-30 11:17:23.743  2044  2057 W ActivityManager: 	at android.os.BinderProxy.transactNative(Native Method)

03-30 11:17:23.743  2044  2057 W ActivityManager: 	at android.os.BinderProxy.transact(Binder.java:503)

03-30 11:17:23.743  2044  2057 W ActivityManager: 	at android.app.ApplicationThreadProxy.scheduleUnbindService(ApplicationThreadNative.java:956)

03-30 11:17:23.743  2044  2057 W ActivityManager: 	at com.android.server.am.ActiveServices.removeConnectionLocked(ActiveServices.java:2007)

03-30 11:17:23.743  2044  2057 W ActivityManager: 	at com.android.server.am.ActiveServices.killServicesLocked(ActiveServices.java:2370)

03-30 11:17:23.743  2044  2057 W ActivityManager: 	at com.android.server.am.ActivityManagerService.cleanUpApplicationRecordLocked(ActivityManagerService.java:15933)

03-30 11:17:23.743  2044  2057 W ActivityManager: 	at com.android.server.am.ActivityManagerService.handleAppDiedLocked(ActivityManagerService.java:4735)

03-30 11:17:23.743  2044  2057 W ActivityManager: 	at com.android.server.am.ActivityManagerService.appDiedLocked(ActivityManagerService.java:4908)

03-30 11:17:23.743  2044  2057 W ActivityManager: 	at com.android.server.am.ActivityManagerService$AppDeathRecipient.binderDied(ActivityManagerService.java:1355)

03-30 11:17:23.743  2044  2057 W ActivityManager: 	at android.os.BinderProxy.sendDeathNotice(Binder.java:558)

03-30 11:17:23.749  2044  4266 D ActivityManagerInjector: com.tencent.android.qqdownloader:connect is killed by AMS with adj 16 ,do not allow restart

03-30 11:17:23.749  2044  4266 D ActivityManager: cleanUpApplicationRecord -- 8421

03-30 11:17:23.753  2044  3885 D PowerKeeperPolicy: Caller[1000] updateWakelockBlockedUid:uid=10144, tag=null, block=false

03-30 11:17:23.753  2044  3885 D PowerManagerServiceInjector: set partial wakelock enabled:[PARTIAL_WAKE_LOCK              'i' (uid=10144, pid=2465, ws=null)]

03-30 11:17:23.756  2044  4374 V LocationPolicy: writePolicyLocked()

03-30 11:17:28.529  2044  2057 D PerfShielderService: Jank raised from pkg: com.android.systemui window: StatusBar Janky Duration: 210484636 LargestFrameDuration: 209604948 reason: Slow handle traversal

--------- beginning of main

03-30 11:19:17.462 20394 20417 I QueryController: Matched selector: UiSelector[PACKAGE NAME=com.android.systemui] <<==>> [android.view.accessibility.AccessibilityNodeInfo@80032010; boundsInParent: Rect(0, 0 - 1080, 1920); boundsInScreen: Rect(0, 0 - 1080, 1920); packageName: com.android.systemui; className: android.widget.FrameLayout; text: null; error: null; maxTextLength: -1; contentDescription: null; viewIdResName: null; checkable: false; checked: false; focusable: true; focused: false; selected: false; clickable: false; longClickable: false; contextClickable: false; enabled: true; password: false; scrollable: false; actions: [AccessibilityAction: ACTION_FOCUS - null, AccessibilityAction: ACTION_SELECT - null, AccessibilityAction: ACTION_CLEAR_SELECTION - null, AccessibilityAction: ACTION_ACCESSIBILITY_FOCUS - null, AccessibilityAction: ACTION_UNKNOWN - null]]

03-30 11:19:17.539  3745  3745 D wpa_supplicant: wlan0: Control interface command 'SIGNAL_POLL'

03-30 11:19:17.542  3745  3745 D wpa_supplicant: CTRL-DEBUG: global_ctrl_sock-sendto: sock=11 sndbuf=163840 outq=0 send_len=49

03-30 11:19:17.617 20394 20417 I QueryController: Matched selector: UiSelector[PACKAGE NAME=com.android.systemui] <<==>> [android.view.accessibility.AccessibilityNodeInfo@80032010; boundsInParent: Rect(0, 0 - 1080, 1920); boundsInScreen: Rect(0, 0 - 1080, 1920); packageName: com.android.systemui; className: android.widget.FrameLayout; text: null; error: null; maxTextLength: -1; contentDescription: null; viewIdResName: null; checkable: false; checked: false; focusable: true; focused: false; selected: false; clickable: false; longClickable: false; contextClickable: false; enabled: true; password: false; scrollable: false; actions: [AccessibilityAction: ACTION_FOCUS - null, AccessibilityAction: ACTION_SELECT - null, AccessibilityAction: ACTION_CLEAR_SELECTION - null, AccessibilityAction: ACTION_ACCESSIBILITY_FOCUS - null, AccessibilityAction: ACTION_UNKNOWN - null]]

03-30 11:19:17.673 20394 20417 I QueryController: Matched selector: UiSelector[PACKAGE NAME=com.android.systemui] <<==>> [android.view.accessibility.AccessibilityNodeInfo@80032010; boundsInParent: Rect(0, 0 - 1080, 1920); boundsInScreen: Rect(0, 0 - 1080, 1920); packageName: com.android.systemui; className: android.widget.FrameLayout; text: null; error: null; maxTextLength: -1; contentDescription: null; viewIdResName: null; checkable: false; checked: false; focusable: true; focused: false; selected: false; clickable: false; longClickable: false; contextClickable: false; enabled: true; password: false; scrollable: false; actions: [AccessibilityAction: ACTION_FOCUS - null, AccessibilityAction: ACTION_SELECT - null, AccessibilityAction: ACTION_CLEAR_SELECTION - null, AccessibilityAction: ACTION_ACCESSIBILITY_FOCUS - null, AccessibilityAction: ACTION_UNKNOWN - null]]

03-30 11:19:17.722 20394 20417 I QueryController: Matched selector: UiSelector[PACKAGE NAME=com.android.systemui] <<==>> [android.view.accessibility.AccessibilityNodeInfo@80032010; boundsInParent: Rect(0, 0 - 1080, 1920); boundsInScreen: Rect(0, 0 - 1080, 1920); packageName: com.android.systemui; className: android.widget.FrameLayout; text: null; error: null; maxTextLength: -1; contentDescription: null; viewIdResName: null; checkable: false; checked: false; focusable: true; focused: false; selected: false; clickable: false; longClickable: false; contextClickable: false; enabled: true; password: false; scrollable: false; actions: [AccessibilityAction: ACTION_FOCUS - null, AccessibilityAction: ACTION_SELECT - null, AccessibilityAction: ACTION_CLEAR_SELECTION - null, AccessibilityAction: ACTION_ACCESSIBILITY_FOCUS - null, AccessibilityAction: ACTION_UNKNOWN - null]]

03-30 11:19:17.772 20394 20417 I QueryController: Matched selector: UiSelector[PACKAGE NAME=com.android.systemui] <<==>> [android.view.accessibility.AccessibilityNodeInfo@80032010; boundsInParent: Rect(0, 0 - 1080, 1920); boundsInScreen: Rect(0, 0 - 1080, 1920); packageName: com.android.systemui; className: android.widget.FrameLayout; text: null; error: null; maxTextLength: -1; contentDescription: null; viewIdResName: null; checkable: false; checked: false; focusable: true; focused: false; selected: false; clickable: false; longClickable: false; contextClickable: false; enabled: true; password: false; scrollable: false; actions: [AccessibilityAction: ACTION_FOCUS - null, AccessibilityAction: ACTION_SELECT - null, AccessibilityAction: ACTION_CLEAR_SELECTION - null, AccessibilityAction: ACTION_ACCESSIBILITY_FOCUS - null, AccessibilityAction: ACTION_UNKNOWN - null]]

03-30 11:19:17.823 20394 20417 I QueryController: Matched selector: UiSelector[PACKAGE NAME=com.android.systemui] <<==>> [android.view.accessibility.AccessibilityNodeInfo@80032010; boundsInParent: Rect(0, 0 - 1080, 1920); boundsInScreen: Rect(0, 0 - 1080, 1920); packageName: com.android.systemui; className: android.widget.FrameLayout; text: null; error: null; maxTextLength: -1; contentDescription: null; viewIdResName: null; checkable: false; checked: false; focusable: true; focused: false; selected: false; clickable: false; longClickable: false; contextClickable: false; enabled: true; password: false; scrollable: false; actions: [AccessibilityAction: ACTION_FOCUS - null, AccessibilityAction: ACTION_SELECT - null, AccessibilityAction: ACTION_CLEAR_SELECTION - null, AccessibilityAction: ACTION_ACCESSIBILITY_FOCUS - null, AccessibilityAction: ACTION_UNKNOWN - null]]

03-30 11:19:17.873 20394 20417 I QueryController: Matched selector: UiSelector[PACKAGE NAME=com.android.systemui] <<==>> [android.view.accessibility.AccessibilityNodeInfo@80032010; boundsInParent: Rect(0, 0 - 1080, 1920); boundsInScreen: Rect(0, 0 - 1080, 1920); packageName: com.android.systemui; className: android.widget.FrameLayout; text: null; error: null; maxTextLength: -1; contentDescription: null; viewIdResName: null; checkable: false; checked: false; focusable: true; focused: false; selected: false; clickable: false; longClickable: false; contextClickable: false; enabled: true; password: false; scrollable: false; actions: [AccessibilityAction: ACTION_FOCUS - null, AccessibilityAction: ACTION_SELECT - null, AccessibilityAction: ACTION_CLEAR_SELECTION - null, AccessibilityAction: ACTION_ACCESSIBILITY_FOCUS - null, AccessibilityAction: ACTION_UNKNOWN - null]]

03-30 11:19:17.922 20394 20417 I QueryController: Matched selector: UiSelector[PACKAGE NAME=com.android.systemui] <<==>> [android.view.accessibility.AccessibilityNodeInfo@80032010; boundsInParent: Rect(0, 0 - 1080, 1920); boundsInScreen: Rect(0, 0 - 1080, 1920); packageName: com.android.systemui; className: android.widget.FrameLayout; text: null; error: null; maxTextLength: -1; contentDescription: null; viewIdResName: null; checkable: false; checked: false; focusable: true; focused: false; selected: false; clickable: false; longClickable: false; contextClickable: false; enabled: true; password: false; scrollable: false; actions: [AccessibilityAction: ACTION_FOCUS - null, AccessibilityAction: ACTION_SELECT - null, AccessibilityAction: ACTION_CLEAR_SELECTION - null, AccessibilityAction: ACTION_ACCESSIBILITY_FOCUS - null, AccessibilityAction: ACTION_UNKNOWN - null]]

03-30 11:19:17.932   379   493 I ThermalEngine: Sensor:batt_temp:371 mC

03-30 11:19:17.973 20394 20417 I QueryController: Matched selector: UiSelector[PACKAGE NAME=com.android.systemui] <<==>> [android.view.accessibility.AccessibilityNodeInfo@80032010; boundsInParent: Rect(0, 0 - 1080, 1920); boundsInScreen: Rect(0, 0 - 1080, 1920); packageName: com.android.systemui; className: android.widget.FrameLayout; text: null; error: null; maxTextLength: -1; contentDescription: null; viewIdResName: null; checkable: false; checked: false; focusable: true; focused: false; selected: false; clickable: false; longClickable: false; contextClickable: false; enabled: true; password: false; scrollable: false; actions: [AccessibilityAction: ACTION_FOCUS - null, AccessibilityAction: ACTION_SELECT - null, AccessibilityAction: ACTION_CLEAR_SELECTION - null, AccessibilityAction: ACTION_ACCESSIBILITY_FOCUS - null, AccessibilityAction: ACTION_UNKNOWN - null]]

03-30 11:19:18.028 20394 20417 I QueryController: Matched selector: UiSelector[PACKAGE NAME=com.android.systemui] <<==>> [android.view.accessibility.AccessibilityNodeInfo@80032010; boundsInParent: Rect(0, 0 - 1080, 1920); boundsInScreen: Rect(0, 0 - 1080, 1920); packageName: com.android.systemui; className: android.widget.FrameLayout; text: null; error: null; maxTextLength: -1; contentDescription: null; viewIdResName: null; checkable: false; checked: false; focusable: true; focused: false; selected: false; clickable: false; longClickable: false; contextClickable: false; enabled: true; password: false; scrollable: false; actions: [AccessibilityAction: ACTION_FOCUS - null, AccessibilityAction: ACTION_SELECT - null, AccessibilityAction: ACTION_CLEAR_SELECTION - null, AccessibilityAction: ACTION_ACCESSIBILITY_FOCUS - null, AccessibilityAction: ACTION_UNKNOWN - null]]

03-30 11:19:18.081 20394 20417 I QueryController: Matched selector: UiSelector[PACKAGE NAME=com.android.systemui] <<==>> [android.view.accessibility.AccessibilityNodeInfo@80032010; boundsInParent: Rect(0, 0 - 1080, 1920); boundsInScreen: Rect(0, 0 - 1080, 1920); packageName: com.android.systemui; className: android.widget.FrameLayout; text: null; error: null; maxTextLength: -1; contentDescription: null; viewIdResName: null; checkable: false; checked: false; focusable: true; focused: false; selected: false; clickable: false; longClickable: false; contextClickable: false; enabled: true; password: false; scrollable: false; actions: [AccessibilityAction: ACTION_FOCUS - null, AccessibilityAction: ACTION_SELECT - null, AccessibilityAction: ACTION_CLEAR_SELECTION - null, AccessibilityAction: ACTION_ACCESSIBILITY_FOCUS - null, AccessibilityAction: ACTION_UNKNOWN - null]]

03-30 11:19:18.134 20394 20417 I QueryController: Matched selector: UiSelector[PACKAGE NAME=com.android.systemui] <<==>> [android.view.accessibility.AccessibilityNodeInfo@80032010; boundsInParent: Rect(0, 0 - 1080, 1920); boundsInScreen: Rect(0, 0 - 1080, 1920); packageName: com.android.systemui; className: android.widget.FrameLayout; text: null; error: null; maxTextLength: -1; contentDescription: null; viewIdResName: null; checkable: false; checked: false; focusable: true; focused: false; selected: false; clickable: false; longClickable: false; contextClickable: false; enabled: true; password: false; scrollable: false; actions: [AccessibilityAction: ACTION_FOCUS - null, AccessibilityAction: ACTION_SELECT - null, AccessibilityAction: ACTION_CLEAR_SELECTION - null, AccessibilityAction: ACTION_ACCESSIBILITY_FOCUS - null, AccessibilityAction: ACTION_UNKNOWN - null]]

03-30 11:19:18.189  2507  2507 W pool-1-temporar: type=1400 audit(0.0:55364376): avc: denied { search } for name="1" dev="proc" ino=12288254 scontext=u:r:untrusted_app:s0:c512,c768 tcontext=u:r:init:s0 tclass=dir permissive=0

03-30 11:19:18.189  2507  2507 W pool-1-temporar: type=1400 audit(0.0:55364377): avc: denied { search } for name="2" dev="proc" ino=12288255 scontext=u:r:untrusted_app:s0:c512,c768 tcontext=u:r:kernel:s0 tclass=dir permissive=0

03-30 11:19:18.189  2507  2507 W pool-1-temporar: type=1400 audit(0.0:55364378): avc: denied { search } for name="3" dev="proc" ino=12288256 scontext=u:r:untrusted_app:s0:c512,c768 tcontext=u:r:kernel:s0 tclass=dir permissive=0

03-30 11:19:18.189  2507  2507 W pool-1-temporar: type=1400 audit(0.0:55364379): avc: denied { search } for name="6" dev="proc" ino=12288257 scontext=u:r:untrusted_app:s0:c512,c768 tcontext=u:r:kernel:s0 tclass=dir permissive=0

03-30 11:19:18.189  2507  2507 W pool-1-temporar: type=1400 audit(0.0:55364380): avc: denied { search } for name="7" dev="proc" ino=12288258 scontext=u:r:untrusted_app:s0:c512,c768 tcontext=u:r:kernel:s0 tclass=dir permissive=0

03-30 11:19:18.189  2507  2507 W pool-1-temporar: type=1400 audit(0.0:55364381): avc: denied { search } for name="8" dev="proc" ino=12288259 scontext=u:r:untrusted_app:s0:c512,c768 tcontext=u:r:kernel:s0 tclass=dir permissive=0

03-30 11:19:18.189  2507  2507 W pool-1-temporar: type=1400 audit(0.0:55364382): avc: denied { search } for name="21" dev="proc" ino=12288260 scontext=u:r:untrusted_app:s0:c512,c768 tcontext=u:r:kernel:s0 tclass=dir permissive=0

03-30 11:19:18.189  2507  2507 W pool-1-temporar: type=1400 audit(0.0:55364383): avc: denied { search } for name="22" dev="proc" ino=12288261 scontext=u:r:untrusted_app:s0:c512,c768 tcontext=u:r:kernel:s0 tclass=dir permissive=0

03-30 11:19:18.189  2507  2507 W pool-1-temporar: type=1400 audit(0.0:55364384): avc: denied { search } for name="28" dev="proc" ino=12288262 scontext=u:r:untrusted_app:s0:c512,c768 tcontext=u:r:kernel:s0 tclass=dir permissive=0

03-30 11:19:18.189  2507  2507 W pool-1-temporar: type=1400 audit(0.0:55364385): avc: denied { search } for name="29" dev="proc" ino=12288263 scontext=u:r:untrusted_app:s0:c512,c768 tcontext=u:r:kernel:s0 tclass=dir permissive=0

03-30 11:19:18.189  2507  2507 W pool-1-temporar: type=1400 audit(0.0:55364386): avc: denied { search } for name="30" dev="proc" ino=12288264 scontext=u:r:untrusted_app:s0:c512,c768 tcontext=u:r:kernel:s0 tclass=dir permissive=0

03-30 11:19:18.189  2507  2507 W pool-1-temporar: type=1400 audit(0.0:55364387): avc: denied { search } for name="32" dev="proc" ino=12288265 scontext=u:r:untrusted_app:s0:c512,c768 tcontext=u:r:kernel:s0 tclass=dir permissive=0

03-30 11:19:18.189  2507  2507 W pool-1-temporar: type=1400 audit(0.0:55364388): avc: denied { search } for name="33" dev="proc" ino=12288266 scontext=u:r:untrusted_app:s0:c512,c768 tcontext=u:r:kernel:s0 tclass=dir permissive=0

03-30 11:19:18.189  2507  2507 W pool-1-temporar: type=1400 audit(0.0:55364389): avc: denied { search } for name="34" dev="proc" ino=12288267 scontext=u:r:untrusted_app:s0:c512,c768 tcontext=u:r:kernel:s0 tclass=dir permissive=0

03-30 11:19:18.189  2507  2507 W pool-1-temporar: type=1400 audit(0.0:55364390): avc: denied { search } for name="61" dev="proc" ino=12288268 scontext=u:r:untrusted_app:s0:c512,c768 tcontext=u:r:kernel:s0 tclass=dir permissive=0

03-30 11:19:18.189  2507  2507 W pool-1-temporar: type=1400 audit(0.0:55364391): avc: denied { search } for name="62" dev="proc" ino=12288269 scontext=u:r:untrusted_app:s0:c512,c768 tcontext=u:r:kernel:s0 tclass=dir permissive=0

03-30 11:19:18.189  2507  2507 W pool-1-temporar: type=1400 audit(0.0:55364392): avc: denied { search } for name="63" dev="proc" ino=12288270 scontext=u:r:untrusted_app:s0:c512,c768 tcontext=u:r:kernel:s0 tclass=dir permissive=0

03-30 11:19:18.189  2507  2507 W pool-1-temporar: type=1400 audit(0.0:55364393): avc: denied { search } for name="64" dev="proc" ino=12288271 scontext=u:r:untrusted_app:s0:c512,c768 tcontext=u:r:kernel:s0 tclass=dir permissive=0

03-30 11:19:18.189  2507  2507 W pool-1-temporar: type=1400 audit(0.0:55364394): avc: denied { search } for name="65" dev="proc" ino=12288272 scontext=u:r:untrusted_app:s0:c512,c768 tcontext=u:r:kernel:s0 tclass=dir permissive=0

03-30 11:19:18.189  2507  2507 W pool-1-temporar: type=1400 audit(0.0:55364395): avc: denied { search } for name="66" dev="proc" ino=12288273 scontext=u:r:untrusted_app:s0:c512,c768 tcontext=u:r:kernel:s0 tclass=dir permissive=0

03-30 11:19:18.277 20394 20417 I QueryController: Matched selector: UiSelector[PACKAGE NAME=com.android.systemui] <<==>> [android.view.accessibility.AccessibilityNodeInfo@80032010; boundsInParent: Rect(0, 0 - 1080, 1920); boundsInScreen: Rect(0, 0 - 1080, 1920); packageName: com.android.systemui; className: android.widget.FrameLayout; text: null; error: null; maxTextLength: -1; contentDescription: null; viewIdResName: null; checkable: false; checked: false; focusable: true; focused: false; selected: false; clickable: false; longClickable: false; contextClickable: false; enabled: true; password: false; scrollable: false; actions: [AccessibilityAction: ACTION_FOCUS - null, AccessibilityAction: ACTION_SELECT - null, AccessibilityAction: ACTION_CLEAR_SELECTION - null, AccessibilityAction: ACTION_ACCESSIBILITY_FOCUS - null, AccessibilityAction: ACTION_UNKNOWN - null]]

03-30 11:19:18.382 20394 20417 I QueryController: Matched selector: UiSelector[PACKAGE NAME=com.android.systemui] <<==>> [android.view.accessibility.AccessibilityNodeInfo@80032010; boundsInParent: Rect(0, 0 - 1080, 1920); boundsInScreen: Rect(0, 0 - 1080, 1920); packageName: com.android.systemui; className: android.widget.FrameLayout; text: null; error: null; maxTextLength: -1; contentDescription: null; viewIdResName: null; checkable: false; checked: false; focusable: true; focused: false; selected: false; clickable: false; longClickable: false; contextClickable: false; enabled: true; password: false; scrollable: false; actions: [AccessibilityAction: ACTION_FOCUS - null, AccessibilityAction: ACTION_SELECT - null, AccessibilityAction: ACTION_CLEAR_SELECTION - null, AccessibilityAction: ACTION_ACCESSIBILITY_FOCUS - null, AccessibilityAction: ACTION_UNKNOWN - null]]

03-30 11:19:18.412  6151  6186 I octvm_klo: read wakeups from wakealarm_fd:1

03-30 11:19:18.412  6151  6186 I octvm_klo: new timerfd interval:

03-30 11:19:18.412  6151  6186 I octvm_klo: 	itval.it_interval.tv_sec 1, itval.it_interval.tv_nsec 0

03-30 11:19:18.412  6151  6186 I octvm_klo: 	itval.it_value.tv_sec 0, itval.it_value.tv_nsec 999997708

03-30 11:19:18.444 20394 20417 I QueryController: Matched selector: UiSelector[PACKAGE NAME=com.android.systemui] <<==>> [android.view.accessibility.AccessibilityNodeInfo@80032010; boundsInParent: Rect(0, 0 - 1080, 1920); boundsInScreen: Rect(0, 0 - 1080, 1920); packageName: com.android.systemui; className: android.widget.FrameLayout; text: null; error: null; maxTextLength: -1; contentDescription: null; viewIdResName: null; checkable: false; checked: false; focusable: true; focused: false; selected: false; clickable: false; longClickable: false; contextClickable: false; enabled: true; password: false; scrollable: false; actions: [AccessibilityAction: ACTION_FOCUS - null, AccessibilityAction: ACTION_SELECT - null, AccessibilityAction: ACTION_CLEAR_SELECTION - null, AccessibilityAction: ACTION_ACCESSIBILITY_FOCUS - null, AccessibilityAction: ACTION_UNKNOWN - null]]

03-30 11:19:18.559 20394 20417 I QueryController: Matched selector: UiSelector[PACKAGE NAME=com.android.systemui] <<==>> [android.view.accessibility.AccessibilityNodeInfo@80032010; boundsInParent: Rect(0, 0 - 1080, 1920); boundsInScreen: Rect(0, 0 - 1080, 1920); packageName: com.android.systemui; className: android.widget.FrameLayout; text: null; error: null; maxTextLength: -1; contentDescription: null; viewIdResName: null; checkable: false; checked: false; focusable: true; focused: false; selected: false; clickable: false; longClickable: false; contextClickable: false; enabled: true; password: false; scrollable: false; actions: [AccessibilityAction: ACTION_FOCUS - null, AccessibilityAction: ACTION_SELECT - null, AccessibilityAction: ACTION_CLEAR_SELECTION - null, AccessibilityAction: ACTION_ACCESSIBILITY_FOCUS - null, AccessibilityAction: ACTION_UNKNOWN - null]]

03-30 11:19:18.608 20394 20417 I QueryController: Matched selector: UiSelector[PACKAGE NAME=com.android.systemui] <<==>> [android.view.accessibility.AccessibilityNodeInfo@80032010; boundsInParent: Rect(0, 0 - 1080, 1920); boundsInScreen: Rect(0, 0 - 1080, 1920); packageName: com.android.systemui; className: android.widget.FrameLayout; text: null; error: null; maxTextLength: -1; contentDescription: null; viewIdResName: null; checkable: false; checked: false; focusable: true; focused: false; selected: false; clickable: false; longClickable: false; contextClickable: false; enabled: true; password: false; scrollable: false; actions: [AccessibilityAction: ACTION_FOCUS - null, AccessibilityAction: ACTION_SELECT - null, AccessibilityAction: ACTION_CLEAR_SELECTION - null, AccessibilityAction: ACTION_ACCESSIBILITY_FOCUS - null, AccessibilityAction: ACTION_UNKNOWN - null]]

03-30 11:19:18.719 20394 20417 I QueryController: Matched selector: UiSelector[PACKAGE NAME=com.android.systemui] <<==>> [android.view.accessibility.AccessibilityNodeInfo@80032010; boundsInParent: Rect(0, 0 - 1080, 1920); boundsInScreen: Rect(0, 0 - 1080, 1920); packageName: com.android.systemui; className: android.widget.FrameLayout; text: null; error: null; maxTextLength: -1; contentDescription: null; viewIdResName: null; checkable: false; checked: false; focusable: true; focused: false; selected: false; clickable: false; longClickable: false; contextClickable: false; enabled: true; password: false; scrollable: false; actions: [AccessibilityAction: ACTION_FOCUS - null, AccessibilityAction: ACTION_SELECT - null, AccessibilityAction: ACTION_CLEAR_SELECTION - null, AccessibilityAction: ACTION_ACCESSIBILITY_FOCUS - null, AccessibilityAction: ACTION_UNKNOWN - null]]

03-30 11:19:18.834 20394 20417 I QueryController: Matched selector: UiSelector[PACKAGE NAME=com.android.systemui] <<==>> [android.view.accessibility.AccessibilityNodeInfo@80032010; boundsInParent: Rect(0, 0 - 1080, 1920); boundsInScreen: Rect(0, 0 - 1080, 1920); packageName: com.android.systemui; className: android.widget.FrameLayout; text: null; error: null; maxTextLength: -1; contentDescription: null; viewIdResName: null; checkable: false; checked: false; focusable: true; focused: false; selected: false; clickable: false; longClickable: false; contextClickable: false; enabled: true; password: false; scrollable: false; actions: [AccessibilityAction: ACTION_FOCUS - null, AccessibilityAction: ACTION_SELECT - null, AccessibilityAction: ACTION_CLEAR_SELECTION - null, AccessibilityAction: ACTION_ACCESSIBILITY_FOCUS - null, AccessibilityAction: ACTION_UNKNOWN - null]]

03-30 11:19:18.934   379   493 I ThermalEngine: Sensor:batt_temp:370 mC

03-30 11:19:19.086  4569  7585 D FrozenAppController: FrozenAPP, is HasProcessOOMTooLow

03-30 11:19:19.086  4569  7585 D FrozenAppController: >>> event = 22 >>> state = 2 uid 10124

03-30 11:19:19.086  4569  7585 V FrozenAppController:     >>>>  MSG_FROZEN_APP : { uid: 10124 mState:2 mEvent:22 mIsForeground:false mLocationPolicy:0}

03-30 11:19:19.101  4569  7585 D FrozenAppController: FrozenAPP, is HasProcessOOMTooLow

03-30 11:19:19.101  4569  7585 D FrozenAppController: >>> event = 22 >>> state = 0 uid 10120

03-30 11:19:19.101  4569  7585 V FrozenAppController:     >>>>  MSG_FROZEN_APP : { uid: 10120 mState:0 mEvent:22 mIsForeground:false mLocationPolicy:255}

03-30 11:19:19.114  4569  7585 D FrozenAppController: FrozenAPP, is HasProcessOOMTooLow

03-30 11:19:19.114  4569  7585 D FrozenAppController: >>> event = 22 >>> state = 0 uid 10120

03-30 11:19:19.114  4569  7585 V FrozenAppController:     >>>>  MSG_FROZEN_APP : { uid: 10120 mState:0 mEvent:22 mIsForeground:false mLocationPolicy:255}

03-30 11:19:19.219  2507  2507 W pool-1-temporar: type=1400 audit(0.0:55364649): avc: denied { search } for name="1" dev="proc" ino=12288254 scontext=u:r:untrusted_app:s0:c512,c768 tcontext=u:r:init:s0 tclass=dir permissive=0

03-30 11:19:19.229  2507  2507 W pool-1-temporar: type=1400 audit(0.0:55364650): avc: denied { search } for name="2" dev="proc" ino=12288255 scontext=u:r:untrusted_app:s0:c512,c768 tcontext=u:r:kernel:s0 tclass=dir permissive=0

03-30 11:19:19.239  2507  2507 W pool-1-temporar: type=1400 audit(0.0:55364651): avc: denied { search } for name="3" dev="proc" ino=12288256 scontext=u:r:untrusted_app:s0:c512,c768 tcontext=u:r:kernel:s0 tclass=dir permissive=0

03-30 11:19:19.239  2507  2507 W pool-1-temporar: type=1400 audit(0.0:55364652): avc: denied { search } for name="6" dev="proc" ino=12288257 scontext=u:r:untrusted_app:s0:c512,c768 tcontext=u:r:kernel:s0 tclass=dir permissive=0

03-30 11:19:19.249  2507  2507 W pool-1-temporar: type=1400 audit(0.0:55364653): avc: denied { search } for name="7" dev="proc" ino=12288258 scontext=u:r:untrusted_app:s0:c512,c768 tcontext=u:r:kernel:s0 tclass=dir permissive=0

03-30 11:19:19.249  2507  2507 W pool-1-temporar: type=1400 audit(0.0:55364654): avc: denied { search } for name="8" dev="proc" ino=12288259 scontext=u:r:untrusted_app:s0:c512,c768 tcontext=u:r:kernel:s0 tclass=dir permissive=0

03-30 11:19:19.249  2507  2507 W pool-1-temporar: type=1400 audit(0.0:55364655): avc: denied { search } for name="21" dev="proc" ino=12288260 scontext=u:r:untrusted_app:s0:c512,c768 tcontext=u:r:kernel:s0 tclass=dir permissive=0

03-30 11:19:19.249  2507  2507 W pool-1-temporar: type=1400 audit(0.0:55364656): avc: denied { search } for name="22" dev="proc" ino=12288261 scontext=u:r:untrusted_app:s0:c512,c768 tcontext=u:r:kernel:s0 tclass=dir permissive=0

03-30 11:19:19.259  2507  2507 W pool-1-temporar: type=1400 audit(0.0:55364657): avc: denied { search } for name="28" dev="proc" ino=12288262 scontext=u:r:untrusted_app:s0:c512,c768 tcontext=u:r:kernel:s0 tclass=dir permissive=0

03-30 11:19:19.259  2507  2507 W pool-1-temporar: type=1400 audit(0.0:55364658): avc: denied { search } for name="29" dev="proc" ino=12288263 scontext=u:r:untrusted_app:s0:c512,c768 tcontext=u:r:kernel:s0 tclass=dir permissive=0

03-30 11:19:19.259  2507  2507 W pool-1-temporar: type=1400 audit(0.0:55364659): avc: denied { search } for name="30" dev="proc" ino=12288264 scontext=u:r:untrusted_app:s0:c512,c768 tcontext=u:r:kernel:s0 tclass=dir permissive=0

03-30 11:19:19.259  2507  2507 W pool-1-temporar: type=1400 audit(0.0:55364660): avc: denied { search } for name="32" dev="proc" ino=12288265 scontext=u:r:untrusted_app:s0:c512,c768 tcontext=u:r:kernel:s0 tclass=dir permissive=0

03-30 11:19:19.269  2507  2507 W pool-1-temporar: type=1400 audit(0.0:55364661): avc: denied { search } for name="33" dev="proc" ino=12288266 scontext=u:r:untrusted_app:s0:c512,c768 tcontext=u:r:kernel:s0 tclass=dir permissive=0

03-30 11:19:19.269  2507  2507 W pool-1-temporar: type=1400 audit(0.0:55364662): avc: denied { search } for name="34" dev="proc" ino=12288267 scontext=u:r:untrusted_app:s0:c512,c768 tcontext=u:r:kernel:s0 tclass=dir permissive=0

03-30 11:19:19.269  2507  2507 W pool-1-temporar: type=1400 audit(0.0:55364663): avc: denied { search } for name="61" dev="proc" ino=12288268 scontext=u:r:untrusted_app:s0:c512,c768 tcontext=u:r:kernel:s0 tclass=dir permissive=0

03-30 11:19:19.269  2507  2507 W pool-1-temporar: type=1400 audit(0.0:55364664): avc: denied { search } for name="62" dev="proc" ino=12288269 scontext=u:r:untrusted_app:s0:c512,c768 tcontext=u:r:kernel:s0 tclass=dir permissive=0

03-30 11:19:19.269  2507  2507 W pool-1-temporar: type=1400 audit(0.0:55364665): avc: denied { search } for name="63" dev="proc" ino=12288270 scontext=u:r:untrusted_app:s0:c512,c768 tcontext=u:r:kernel:s0 tclass=dir permissive=0

03-30 11:19:19.279  2507  2507 W pool-1-temporar: type=1400 audit(0.0:55364666): avc: denied { search } for name="64" dev="proc" ino=12288271 scontext=u:r:untrusted_app:s0:c512,c768 tcontext=u:r:kernel:s0 tclass=dir permissive=0

03-30 11:19:19.279  2507  2507 W pool-1-temporar: type=1400 audit(0.0:55364667): avc: denied { search } for name="65" dev="proc" ino=12288272 scontext=u:r:untrusted_app:s0:c512,c768 tcontext=u:r:kernel:s0 tclass=dir permissive=0

03-30 11:19:19.279  2507  2507 W pool-1-temporar: type=1400 audit(0.0:55364668): avc: denied { search } for name="66" dev="proc" ino=12288273 scontext=u:r:untrusted_app:s0:c512,c768 tcontext=u:r:kernel:s0 tclass=dir permissive=0

03-30 11:19:19.307 20394 20417 I QueryController: Matched selector: UiSelector[PACKAGE NAME=com.android.systemui] <<==>> [android.view.accessibility.AccessibilityNodeInfo@80032010; boundsInParent: Rect(0, 0 - 1080, 1920); boundsInScreen: Rect(0, 0 - 1080, 1920); packageName: com.android.systemui; className: android.widget.FrameLayout; text: null; error: null; maxTextLength: -1; contentDescription: null; viewIdResName: null; checkable: false; checked: false; focusable: true; focused: false; selected: false; clickable: false; longClickable: false; contextClickable: false; enabled: true; password: false; scrollable: false; actions: [AccessibilityAction: ACTION_FOCUS - null, AccessibilityAction: ACTION_SELECT - null, AccessibilityAction: ACTION_CLEAR_SELECTION - null, AccessibilityAction: ACTION_ACCESSIBILITY_FOCUS - null, AccessibilityAction: ACTION_UNKNOWN - null]]

03-30 11:19:19.357 20394 20417 I QueryController: Matched selector: UiSelector[PACKAGE NAME=com.android.systemui] <<==>> [android.view.accessibility.AccessibilityNodeInfo@80032010; boundsInParent: Rect(0, 0 - 1080, 1920); boundsInScreen: Rect(0, 0 - 1080, 1920); packageName: com.android.systemui; className: android.widget.FrameLayout; text: null; error: null; maxTextLength: -1; contentDescription: null; viewIdResName: null; checkable: false; checked: false; focusable: true; focused: false; selected: false; clickable: false; longClickable: false; contextClickable: false; enabled: true; password: false; scrollable: false; actions: [AccessibilityAction: ACTION_FOCUS - null, AccessibilityAction: ACTION_SELECT - null, AccessibilityAction: ACTION_CLEAR_SELECTION - null, AccessibilityAction: ACTION_ACCESSIBILITY_FOCUS - null, AccessibilityAction: ACTION_UNKNOWN - null]]

03-30 11:19:19.412  6151  6186 I octvm_klo: read wakeups from wakealarm_fd:1

03-30 11:19:19.412  6151  6186 I octvm_klo: new timerfd interval:

03-30 11:19:19.412  6151  6186 I octvm_klo: 	itval.it_interval.tv_sec 1, itval.it_interval.tv_nsec 0

03-30 11:19:19.412  6151  6186 I octvm_klo: 	itval.it_value.tv_sec 0, itval.it_value.tv_nsec 999992343

03-30 11:19:19.416 20394 20417 I QueryController: Matched selector: UiSelector[PACKAGE NAME=com.android.systemui] <<==>> [android.view.accessibility.AccessibilityNodeInfo@80032010; boundsInParent: Rect(0, 0 - 1080, 1920); boundsInScreen: Rect(0, 0 - 1080, 1920); packageName: com.android.systemui; className: android.widget.FrameLayout; text: null; error: null; maxTextLength: -1; contentDescription: null; viewIdResName: null; checkable: false; checked: false; focusable: true; focused: false; selected: false; clickable: false; longClickable: false; contextClickable: false; enabled: true; password: false; scrollable: false; actions: [AccessibilityAction: ACTION_FOCUS - null, AccessibilityAction: ACTION_SELECT - null, AccessibilityAction: ACTION_CLEAR_SELECTION - null, AccessibilityAction: ACTION_ACCESSIBILITY_FOCUS - null, AccessibilityAction: ACTION_UNKNOWN - null]]

03-30 11:19:19.481 20394 20417 I QueryController: Matched selector: UiSelector[PACKAGE NAME=com.android.systemui] <<==>> [android.view.accessibility.AccessibilityNodeInfo@80032010; boundsInParent: Rect(0, 0 - 1080, 1920); boundsInScreen: Rect(0, 0 - 1080, 1920); packageName: com.android.systemui; className: android.widget.FrameLayout; text: null; error: null; maxTextLength: -1; contentDescription: null; viewIdResName: null; checkable: false; checked: false; focusable: true; focused: false; selected: false; clickable: false; longClickable: false; contextClickable: false; enabled: true; password: false; scrollable: false; actions: [AccessibilityAction: ACTION_FOCUS - null, AccessibilityAction: ACTION_SELECT - null, AccessibilityAction: ACTION_CLEAR_SELECTION - null, AccessibilityAction: ACTION_ACCESSIBILITY_FOCUS - null, AccessibilityAction: ACTION_UNKNOWN - null]]

03-30 11:19:19.523  4116  4556 I XiaomiFirewall: firewall pkgName:com.tencent.mm, result:0x0

03-30 11:19:19.533 20394 20417 I QueryController: Matched selector: UiSelector[PACKAGE NAME=com.android.systemui] <<==>> [android.view.accessibility.AccessibilityNodeInfo@80032010; boundsInParent: Rect(0, 0 - 1080, 1920); boundsInScreen: Rect(0, 0 - 1080, 1920); packageName: com.android.systemui; className: android.widget.FrameLayout; text: null; error: null; maxTextLength: -1; contentDescription: null; viewIdResName: null; checkable: false; checked: false; focusable: true; focused: false; selected: false; clickable: false; longClickable: false; contextClickable: false; enabled: true; password: false; scrollable: false; actions: [AccessibilityAction: ACTION_FOCUS - null, AccessibilityAction: ACTION_SELECT - null, AccessibilityAction: ACTION_CLEAR_SELECTION - null, AccessibilityAction: ACTION_ACCESSIBILITY_FOCUS - null, AccessibilityAction: ACTION_UNKNOWN - null]]

03-30 11:19:19.594 20394 20417 I QueryController: Matched selector: UiSelector[PACKAGE NAME=com.android.systemui] <<==>> [android.view.accessibility.AccessibilityNodeInfo@80032010; boundsInParent: Rect(0, 0 - 1080, 1920); boundsInScreen: Rect(0, 0 - 1080, 1920); packageName: com.android.systemui; className: android.widget.FrameLayout; text: null; error: null; maxTextLength: -1; contentDescription: null; viewIdResName: null; checkable: false; checked: false; focusable: true; focused: false; selected: false; clickable: false; longClickable: false; contextClickable: false; enabled: true; password: false; scrollable: false; actions: [AccessibilityAction: ACTION_FOCUS - null, AccessibilityAction: ACTION_SELECT - null, AccessibilityAction: ACTION_CLEAR_SELECTION - null, AccessibilityAction: ACTION_ACCESSIBILITY_FOCUS - null, AccessibilityAction: ACTION_UNKNOWN - null]]

03-30 11:19:19.605 29631 22646 W art     : Native thread exiting without having called DetachCurrentThread (maybe it's going to use a pthread_key_create destructor?): Thread[31,tid=22646,Native,Thread*=0xab577d00,peer=0x330500a0,"default"]

03-30 11:19:19.693 20394 20417 I QueryController: Matched selector: UiSelector[PACKAGE NAME=com.android.systemui] <<==>> [android.view.accessibility.AccessibilityNodeInfo@80032010; boundsInParent: Rect(0, 0 - 1080, 1920); boundsInScreen: Rect(0, 0 - 1080, 1920); packageName: com.android.systemui; className: android.widget.FrameLayout; text: null; error: null; maxTextLength: -1; contentDescription: null; viewIdResName: null; checkable: false; checked: false; focusable: true; focused: false; selected: false; clickable: false; longClickable: false; contextClickable: false; enabled: true; password: false; scrollable: false; actions: [AccessibilityAction: ACTION_FOCUS - null, AccessibilityAction: ACTION_SELECT - null, AccessibilityAction: ACTION_CLEAR_SELECTION - null, AccessibilityAction: ACTION_ACCESSIBILITY_FOCUS - null, AccessibilityAction: ACTION_UNKNOWN - null]]

03-30 11:19:19.796 20394 20417 I QueryController: Matched selector: UiSelector[PACKAGE NAME=com.android.systemui] <<==>> [android.view.accessibility.AccessibilityNodeInfo@80032010; boundsInParent: Rect(0, 0 - 1080, 1920); boundsInScreen: Rect(0, 0 - 1080, 1920); packageName: com.android.systemui; className: android.widget.FrameLayout; text: null; error: null; maxTextLength: -1; contentDescription: null; viewIdResName: null; checkable: false; checked: false; focusable: true; focused: false; selected: false; clickable: false; longClickable: false; contextClickable: false; enabled: true; password: false; scrollable: false; actions: [AccessibilityAction: ACTION_FOCUS - null, AccessibilityAction: ACTION_SELECT - null, AccessibilityAction: ACTION_CLEAR_SELECTION - null, AccessibilityAction: ACTION_ACCESSIBILITY_FOCUS - null, AccessibilityAction: ACTION_UNKNOWN - null]]

03-30 11:19:19.891 20394 20417 I QueryController: Matched selector: UiSelector[PACKAGE NAME=com.android.systemui] <<==>> [android.view.accessibility.AccessibilityNodeInfo@80032010; boundsInParent: Rect(0, 0 - 1080, 1920); boundsInScreen: Rect(0, 0 - 1080, 1920); packageName: com.android.systemui; className: android.widget.FrameLayout; text: null; error: null; maxTextLength: -1; contentDescription: null; viewIdResName: null; checkable: false; checked: false; focusable: true; focused: false; selected: false; clickable: false; longClickable: false; contextClickable: false; enabled: true; password: false; scrollable: false; actions: [AccessibilityAction: ACTION_FOCUS - null, AccessibilityAction: ACTION_SELECT - null, AccessibilityAction: ACTION_CLEAR_SELECTION - null, AccessibilityAction: ACTION_ACCESSIBILITY_FOCUS - null, AccessibilityAction: ACTION_UNKNOWN - null]]

03-30 11:19:19.935   379   493 I ThermalEngine: Sensor:batt_temp:371 mC

