03-30 10:58:31.992  6151  6186 I octvm_klo: 	itval.it_interval.tv_sec 1, itval.it_interval.tv_nsec 0

03-30 10:58:31.992  6151  6186 I octvm_klo: 	itval.it_value.tv_sec 0, itval.it_value.tv_nsec 999996719

03-30 10:58:32.056   379   493 I ThermalEngine: Sensor:batt_temp:368 mC

03-30 10:58:32.992  6151  6186 I octvm_klo: read wakeups from wakealarm_fd:1

03-30 10:58:32.992  6151  6186 I octvm_klo: new timerfd interval:

03-30 10:58:32.992  6151  6186 I octvm_klo: 	itval.it_interval.tv_sec 1, itval.it_interval.tv_nsec 0

03-30 10:58:32.992  6151  6186 I octvm_klo: 	itval.it_value.tv_sec 0, itval.it_value.tv_nsec 999996562

03-30 10:58:33.057   379   493 I ThermalEngine: Sensor:batt_temp:368 mC

03-30 10:58:33.505  3745  3745 D wpa_supplicant: wlan0: Control interface command 'SIGNAL_POLL'

03-30 10:58:33.512  3745  3745 D wpa_supplicant: CTRL-DEBUG: global_ctrl_sock-sendto: sock=11 sndbuf=163840 outq=0 send_len=49

03-30 10:58:33.992  6151  6186 I octvm_klo: read wakeups from wakealarm_fd:1

03-30 10:58:33.993  6151  6186 I octvm_klo: new timerfd interval:

03-30 10:58:33.993  6151  6186 I octvm_klo: 	itval.it_interval.tv_sec 1, itval.it_interval.tv_nsec 0

03-30 10:58:33.993  6151  6186 I octvm_klo: 	itval.it_value.tv_sec 0, itval.it_value.tv_nsec 999995261

03-30 10:58:34.058   379   493 I ThermalEngine: Sensor:batt_temp:368 mC

03-30 10:58:34.993  6151  6186 I octvm_klo: read wakeups from wakealarm_fd:1

03-30 10:58:34.993  6151  6186 I octvm_klo: new timerfd interval:

03-30 10:58:34.993  6151  6186 I octvm_klo: 	itval.it_interval.tv_sec 1, itval.it_interval.tv_nsec 0

03-30 10:58:34.993  6151  6186 I octvm_klo: 	itval.it_value.tv_sec 0, itval.it_value.tv_nsec 999990885

03-30 10:58:35.059   379   493 I ThermalEngine: Sensor:batt_temp:368 mC

03-30 10:58:35.995  6151  6186 I octvm_klo: read wakeups from wakealarm_fd:1

03-30 10:58:35.995  6151  6186 I octvm_klo: new timerfd interval:

03-30 10:58:35.995  6151  6186 I octvm_klo: 	itval.it_interval.tv_sec 1, itval.it_interval.tv_nsec 0

03-30 10:58:35.995  6151  6186 I octvm_klo: 	itval.it_value.tv_sec 0, itval.it_value.tv_nsec 999995833

03-30 10:58:36.061   379   493 I ThermalEngine: Sensor:batt_temp:368 mC

03-30 10:58:36.522  3745  3745 D wpa_supplicant: wlan0: Control interface command 'SIGNAL_POLL'

03-30 10:58:36.531  3745  3745 D wpa_supplicant: CTRL-DEBUG: global_ctrl_sock-sendto: sock=11 sndbuf=163840 outq=0 send_len=49

03-30 10:58:36.995  6151  6186 I octvm_klo: read wakeups from wakealarm_fd:1

03-30 10:58:36.995  6151  6186 I octvm_klo: new timerfd interval:

03-30 10:58:36.995  6151  6186 I octvm_klo: 	itval.it_interval.tv_sec 1, itval.it_interval.tv_nsec 0

03-30 10:58:36.995  6151  6186 I octvm_klo: 	itval.it_value.tv_sec 0, itval.it_value.tv_nsec 999990521

03-30 10:58:37.062   379   493 I ThermalEngine: Sensor:batt_temp:367 mC

03-30 10:58:37.995  6151  6186 I octvm_klo: read wakeups from wakealarm_fd:1

03-30 10:58:37.995  6151  6186 I octvm_klo: new timerfd interval:

03-30 10:58:37.995  6151  6186 I octvm_klo: 	itval.it_interval.tv_sec 1, itval.it_interval.tv_nsec 0

03-30 10:58:37.995  6151  6186 I octvm_klo: 	itval.it_value.tv_sec 0, itval.it_value.tv_nsec 999995677

03-30 10:58:38.063   379   493 I ThermalEngine: Sensor:batt_temp:367 mC

03-30 10:58:38.995  6151  6186 I octvm_klo: read wakeups from wakealarm_fd:1

03-30 10:58:38.996  6151  6186 I octvm_klo: new timerfd interval:

03-30 10:58:38.996  6151  6186 I octvm_klo: 	itval.it_interval.tv_sec 1, itval.it_interval.tv_nsec 0

03-30 10:58:38.996  6151  6186 I octvm_klo: 	itval.it_value.tv_sec 0, itval.it_value.tv_nsec 999995260

03-30 10:58:39.064   379   493 I ThermalEngine: Sensor:batt_temp:368 mC

03-30 10:58:39.541  3745  3745 D wpa_supplicant: wlan0: Control interface command 'SIGNAL_POLL'

03-30 10:58:39.556  3745  3745 D wpa_supplicant: CTRL-DEBUG: global_ctrl_sock-sendto: sock=11 sndbuf=163840 outq=0 send_len=49

03-30 10:58:39.996  6151  6186 I octvm_klo: read wakeups from wakealarm_fd:1

03-30 10:58:39.996  6151  6186 I octvm_klo: new timerfd interval:

03-30 10:58:39.996  6151  6186 I octvm_klo: 	itval.it_interval.tv_sec 1, itval.it_interval.tv_nsec 0

03-30 10:58:39.996  6151  6186 I octvm_klo: 	itval.it_value.tv_sec 0, itval.it_value.tv_nsec 999996094

03-30 10:58:40.065   379   493 I ThermalEngine: Sensor:batt_temp:368 mC

03-30 10:58:40.175  2044  3620 D WifiStateMachine: starting scan for "56.1_neiwang"-WPA_PSK with 5280,2412

03-30 10:58:40.176  3745  3745 D wpa_supplicant: wlan0: Control interface command 'SCAN TYPE=ONLY freq=5280,2412'

03-30 10:58:40.176  3745  3745 D wpa_supplicant: wlan0: Setting scan request: 0.000000 sec

03-30 10:58:40.176  3745  3745 D wpa_supplicant: CTRL-DEBUG: global_ctrl_sock-sendto: sock=11 sndbuf=163840 outq=0 send_len=3

03-30 10:58:40.176  3745  3745 D wpa_supplicant: wlan0: Starting AP scan for wildcard SSID

03-30 10:58:40.176  3745  3745 D wpa_supplicant: wlan0: Limit manual scan to specified channels

03-30 10:58:40.176  3745  3745 D wpa_supplicant: wlan0: Add radio work 'scan'@0xb68d9398

03-30 10:58:40.176  3745  3745 D wpa_supplicant: wlan0: First radio work item in the queue - schedule start immediately

03-30 10:58:40.176  3745  3745 D wpa_supplicant: wlan0: Starting radio work 'scan'@0xb68d9398 after 0.000080 second wait

03-30 10:58:40.176  3745  3745 D wpa_supplicant: wlan0: nl80211: scan request

03-30 10:58:40.176  3745  3745 D wpa_supplicant: nl80211: Scan SSID - hexdump(len=0): [NULL]

03-30 10:58:40.177  3745  3745 D wpa_supplicant: nl80211: Scan extra IEs - hexdump(len=7): 7f 05 00 00 0a 02 01

03-30 10:58:40.177  3745  3745 D wpa_supplicant: nl80211: Scan frequency 2412 MHz

03-30 10:58:40.177  3745  3745 D wpa_supplicant: nl80211: Scan frequency 5280 MHz

03-30 10:58:40.192  3745  3745 D wpa_supplicant: Scan requested (ret=0) - scan timeout 30 seconds

03-30 10:58:40.192  3745  3745 D wpa_supplicant: nl80211: Event message available

03-30 10:58:40.193  3745  3745 D wpa_supplicant: nl80211: Drv Event 33 (NL80211_CMD_TRIGGER_SCAN) received for wlan0

03-30 10:58:40.193  3745  3745 D wpa_supplicant: wlan0: nl80211: Scan trigger

03-30 10:58:40.193  3745  3745 D wpa_supplicant: wlan0: Event SCAN_STARTED (47) received

03-30 10:58:40.193  3745  3745 D wpa_supplicant: wlan0: Own scan request started a scan in 0.000232 seconds

03-30 10:58:40.193  3745  3745 D wpa_supplicant: CTRL-DEBUG: ctrl_sock-sendmsg: sock=11 sndbuf=163840 outq=0 send_len=24

03-30 10:58:40.193  3745  3745 D wpa_supplicant: CTRL_IFACE monitor sent successfully to /data/misc/wifi/sockets/wpa_ctrl_2044-2\x00

03-30 10:58:40.309  3745  3745 D wpa_supplicant: nl80211: Event message available

03-30 10:58:40.309  3745  3745 D wpa_supplicant: nl80211: Drv Event 34 (NL80211_CMD_NEW_SCAN_RESULTS) received for wlan0

03-30 10:58:40.309  3745  3745 D wpa_supplicant: wlan0: nl80211: New scan results available

03-30 10:58:40.315  3745  3745 D wpa_supplicant: nl80211: Scan included frequencies: 2412 5280

03-30 10:58:40.315  3745  3745 D wpa_supplicant: wlan0: Event SCAN_RESULTS (3) received

03-30 10:58:40.315  3745  3745 D wpa_supplicant: wlan0: Scan completed in 0.122454 seconds

03-30 10:58:40.315  3745  3745 D wpa_supplicant: nl80211: Associated on 5280 MHz

03-30 10:58:40.315  3745  3745 D wpa_supplicant: nl80211: Associated with cc:81:da:9c:13:28

03-30 10:58:40.316  3745  3745 D wpa_supplicant: nl80211: Received scan results (31 BSSes)

03-30 10:58:40.329  3745  3745 D wpa_supplicant: nl80211: Scan results indicate BSS status with cc:81:da:9c:13:28 as associated

03-30 10:58:40.329  3745  3745 D wpa_supplicant: wlan0: BSS: Start scan result update 5327

03-30 10:58:40.329  3745  3745 D wpa_supplicant: BSS: last_scan_res_used=31/64

03-30 10:58:40.333  3745  3745 D wpa_supplicant: wlan0: Scan-only results received

03-30 10:58:40.333  3745  3745 D wpa_supplicant: CTRL-DEBUG: ctrl_sock-sendmsg: sock=11 sndbuf=163840 outq=0 send_len=24

03-30 10:58:40.333  3745  3745 D wpa_supplicant: CTRL_IFACE monitor sent successfully to /data/misc/wifi/sockets/wpa_ctrl_2044-2\x00

03-30 10:58:40.333  3745  3745 D wpa_supplicant: wlan0: Radio work 'scan'@0xb68d9398 done in 0.156428 seconds

03-30 10:58:40.333  3745  3745 D wpa_supplicant: RTM_NEWLINK: ifi_index=22 ifname=wlan0 wext ifi_family=0 ifi_flags=0x11043 ([UP][RUNNING][LOWER_UP])

03-30 10:58:40.356  3745  3745 D wpa_supplicant: CTRL-DEBUG: global_ctrl_sock-sendto: sock=11 sndbuf=163840 outq=0 send_len=3541

03-30 10:58:40.371  3745  3745 D wpa_supplicant: CTRL-DEBUG: global_ctrl_sock-sendto: sock=11 sndbuf=163840 outq=0 send_len=3770

03-30 10:58:40.380  3745  3745 D wpa_supplicant: CTRL-DEBUG: global_ctrl_sock-sendto: sock=11 sndbuf=163840 outq=0 send_len=3800

03-30 10:58:40.395  3745  3745 D wpa_supplicant: CTRL-DEBUG: global_ctrl_sock-sendto: sock=11 sndbuf=163840 outq=0 send_len=3634

03-30 10:58:40.404  3745  3745 D wpa_supplicant: CTRL-DEBUG: global_ctrl_sock-sendto: sock=11 sndbuf=163840 outq=0 send_len=3638

03-30 10:58:40.407  3745  3745 D wpa_supplicant: CTRL-DEBUG: global_ctrl_sock-sendto: sock=11 sndbuf=163840 outq=0 send_len=2015

03-30 10:58:40.430  3745  3745 D wpa_supplicant: EAPOL: EAP Session-Id not available

03-30 10:58:40.430  3745  3745 D wpa_supplicant: CTRL-DEBUG: global_ctrl_sock-sendto: sock=11 sndbuf=163840 outq=0 send_len=279

03-30 10:58:40.693  2267  2350 D UTAnalytics:CommitTask: pid:2267 check&commit event:65501,

03-30 10:58:40.694  2267  2350 D UTAnalytics:CommitTask: pid:2267 next:65501,

03-30 10:58:40.694  2267  2350 D UTAnalytics:CommitTask: pid:2267 check&commit event:65502,

03-30 10:58:40.694  2267  2350 D UTAnalytics:CommitTask: pid:2267 next:65502,

03-30 10:58:40.695  2267  2350 D UTAnalytics:CommitTask: pid:2267 check&commit event:65503,

03-30 10:58:40.695  2267  2350 D UTAnalytics:CommitTask: pid:2267 next:65503,

03-30 10:58:40.704  2267  2350 D UTAnalytics:UTUtil: pid:2267 upload without flowback. args:{ARG1=feedback, counterData={"meta":{"sdk-version":"2.5.1_for_bc"},"data":[{"page":"feedback","monitorPoint":"AlbumSuccess","count":1,"value":0}]}, USERNICK=, ARG2=AlbumSuccess, EVENTID=65502, USERID=, ACCESS=Wi-Fi, ACCESS_SUBTYPE=Unknown},

03-30 10:58:40.705  2267  2350 D UTAnalytics:null: pid:2267 [sendToUT]: args:{ARG1=feedback, counterData={"meta":{"sdk-version":"2.5.1_for_bc"},"data":[{"page":"feedback","monitorPoint":"AlbumSuccess","count":1,"value":0}]}, USERNICK=, ARG2=AlbumSuccess, EVENTID=65502, USERID=, ACCESS=Wi-Fi, ACCESS_SUBTYPE=Unknown},

03-30 10:58:40.705  2267  2350 D UTAnalytics:UTDC: pid:2267 [commit] page:eventId:65502,arg1:feedback,arg2:AlbumSuccess,arg3:args:{ARG1=feedback, counterData={"meta":{"sdk-version":"2.5.1_for_bc"},"data":[{"page":"feedback","monitorPoint":"AlbumSuccess","count":1,"value":0}]}, USERNICK=, ARG2=AlbumSuccess, EVENTID=65502, USERID=, ACCESS=Wi-Fi, ACCESS_SUBTYPE=Unknown},

03-30 10:58:40.711  2267  2350 D UTAnalytics:UTLog: pid:2267 Log [id=0, eventId=65502, index=],867451020054497||460015796275061||Xiaomi||MI NOTE LTE||1920*1080||Unknown||Wi-Fi||Unknown||null||23256401||2.3.0.300||-||-||-||-||zh||a||6.0.1||2.5.1_for_bc||1490842670656||WJfwe+sntC4DAAdSBLpxQDCW||mini||-||-||-||-||_ap=1_mac=02:00:00:00:00:00||1490842720705||-||65502||feedback||AlbumSuccess||-||counterData={"meta":{"sdk-version":"2.5.1_for_bc"},"data":[{"page":"feedback","monitorPoint":"AlbumSuccess","count":1,"value":0}]},

03-30 10:58:40.711  2267  2350 D UTAnalytics:LogStoreMgr: pid:2267 [add] :,

03-30 10:58:40.996  6151  6186 I octvm_klo: read wakeups from wakealarm_fd:1

03-30 10:58:40.996  6151  6186 I octvm_klo: new timerfd interval:

03-30 10:58:40.996  6151  6186 I octvm_klo: 	itval.it_interval.tv_sec 1, itval.it_interval.tv_nsec 0

03-30 10:58:40.996  6151  6186 I octvm_klo: 	itval.it_value.tv_sec 0, itval.it_value.tv_nsec 999996770

03-30 10:58:41.067   379   493 I ThermalEngine: Sensor:batt_temp:367 mC

03-30 10:58:41.996  6151  6186 I octvm_klo: read wakeups from wakealarm_fd:1

03-30 10:58:41.996  6151  6186 I octvm_klo: new timerfd interval:

03-30 10:58:41.996  6151  6186 I octvm_klo: 	itval.it_interval.tv_sec 1, itval.it_interval.tv_nsec 0

03-30 10:58:41.996  6151  6186 I octvm_klo: 	itval.it_value.tv_sec 0, itval.it_value.tv_nsec 999994948

03-30 10:58:42.068   379   493 I ThermalEngine: Sensor:batt_temp:368 mC

03-30 10:58:42.561  3745  3745 D wpa_supplicant: wlan0: Control interface command 'SIGNAL_POLL'

03-30 10:58:42.568  2267  2277 I art     : Background partial concurrent mark sweep GC freed 327375(12MB) AllocSpace objects, 46(4MB) LOS objects, 40% free, 38MB/63MB, paused 1.260ms total 123.576ms

03-30 10:58:42.574  3745  3745 D wpa_supplicant: CTRL-DEBUG: global_ctrl_sock-sendto: sock=11 sndbuf=163840 outq=0 send_len=49

03-30 10:58:42.996  6151  6186 I octvm_klo: read wakeups from wakealarm_fd:1

03-30 10:58:42.996  6151  6186 I octvm_klo: new timerfd interval:

03-30 10:58:42.996  6151  6186 I octvm_klo: 	itval.it_interval.tv_sec 1, itval.it_interval.tv_nsec 0

03-30 10:58:42.996  6151  6186 I octvm_klo: 	itval.it_value.tv_sec 0, itval.it_value.tv_nsec 999995729

03-30 10:58:43.070   379   493 I ThermalEngine: Sensor:batt_temp:368 mC

03-30 10:58:43.269 25810 25810 W AppWatcher: type=1400 audit(0.0:55261150): avc: denied { getattr } for path="/proc/opalum-temp-calib" dev="proc" ino=4026534631 scontext=u:r:untrusted_app:s0:c512,c768 tcontext=u:object_r:proc_opalum:s0 tclass=file permissive=0

03-30 10:58:43.279 25810 25810 W AppWatcher: type=1400 audit(0.0:55261151): avc: denied { getattr } for path="/proc/opalum-f0-calib" dev="proc" ino=4026534630 scontext=u:r:untrusted_app:s0:c512,c768 tcontext=u:object_r:proc_opalum:s0 tclass=file permissive=0

03-30 10:58:43.289 25810 25810 W AppWatcher: type=1400 audit(0.0:55261152): avc: denied { getattr } for path="/proc/sysrq-trigger" dev="proc" ino=4026533735 scontext=u:r:untrusted_app:s0:c512,c768 tcontext=u:object_r:proc_sysrq:s0 tclass=file permissive=0

03-30 10:58:43.299 25810 25810 W AppWatcher: type=1400 audit(0.0:55261153): avc: denied { getattr } for path="/proc/1" dev="proc" ino=11921139 scontext=u:r:untrusted_app:s0:c512,c768 tcontext=u:r:init:s0 tclass=dir permissive=0

03-30 10:58:43.299 25810 25810 W AppWatcher: type=1400 audit(0.0:55261154): avc: denied { getattr } for path="/proc/2" dev="proc" ino=11961941 scontext=u:r:untrusted_app:s0:c512,c768 tcontext=u:r:kernel:s0 tclass=dir permissive=0

03-30 10:58:43.309 25810 25810 W AppWatcher: type=1400 audit(0.0:55261155): avc: denied { getattr } for path="/proc/3" dev="proc" ino=11961942 scontext=u:r:untrusted_app:s0:c512,c768 tcontext=u:r:kernel:s0 tclass=dir permissive=0

03-30 10:58:43.319 25810 25810 W AppWatcher: type=1400 audit(0.0:55261156): avc: denied { getattr } for path="/proc/6" dev="proc" ino=11961943 scontext=u:r:untrusted_app:s0:c512,c768 tcontext=u:r:kernel:s0 tclass=dir permissive=0

03-30 10:58:43.319 25810 25810 W AppWatcher: type=1400 audit(0.0:55261157): avc: denied { getattr } for path="/proc/7" dev="proc" ino=11961944 scontext=u:r:untrusted_app:s0:c512,c768 tcontext=u:r:kernel:s0 tclass=dir permissive=0

03-30 10:58:43.319 25810 25810 W AppWatcher: type=1400 audit(0.0:55261158): avc: denied { getattr } for path="/proc/8" dev="proc" ino=11961945 scontext=u:r:untrusted_app:s0:c512,c768 tcontext=u:r:kernel:s0 tclass=dir permissive=0

03-30 10:58:43.329 25810 25810 W AppWatcher: type=1400 audit(0.0:55261159): avc: denied { getattr } for path="/proc/21" dev="proc" ino=11961946 scontext=u:r:untrusted_app:s0:c512,c768 tcontext=u:r:kernel:s0 tclass=dir permissive=0

03-30 10:58:43.329 25810 25810 W AppWatcher: type=1400 audit(0.0:55261160): avc: denied { getattr } for path="/proc/22" dev="proc" ino=11961947 scontext=u:r:untrusted_app:s0:c512,c768 tcontext=u:r:kernel:s0 tclass=dir permissive=0

03-30 10:58:43.339 25810 25810 W AppWatcher: type=1400 audit(0.0:55261161): avc: denied { getattr } for path="/proc/28" dev="proc" ino=11961948 scontext=u:r:untrusted_app:s0:c512,c768 tcontext=u:r:kernel:s0 tclass=dir permissive=0

03-30 10:58:43.349 25810 25810 W AppWatcher: type=1400 audit(0.0:55261162): avc: denied { getattr } for path="/proc/29" dev="proc" ino=11961949 scontext=u:r:untrusted_app:s0:c512,c768 tcontext=u:r:kernel:s0 tclass=dir permissive=0

03-30 10:58:43.349 25810 25810 W AppWatcher: type=1400 audit(0.0:55261163): avc: denied { getattr } for path="/proc/30" dev="proc" ino=11961950 scontext=u:r:untrusted_app:s0:c512,c768 tcontext=u:r:kernel:s0 tclass=dir permissive=0

03-30 10:58:43.349 25810 25810 W AppWatcher: type=1400 audit(0.0:55261164): avc: denied { getattr } for path="/proc/32" dev="proc" ino=11961951 scontext=u:r:untrusted_app:s0:c512,c768 tcontext=u:r:kernel:s0 tclass=dir permissive=0

03-30 10:58:43.349 25810 25810 W AppWatcher: type=1400 audit(0.0:55261165): avc: denied { getattr } for path="/proc/33" dev="proc" ino=11961952 scontext=u:r:untrusted_app:s0:c512,c768 tcontext=u:r:kernel:s0 tclass=dir permissive=0

03-30 10:58:43.349 25810 25810 W AppWatcher: type=1400 audit(0.0:55261166): avc: denied { getattr } for path="/proc/34" dev="proc" ino=11961953 scontext=u:r:untrusted_app:s0:c512,c768 tcontext=u:r:kernel:s0 tclass=dir permissive=0

03-30 10:58:43.359 25810 25810 W AppWatcher: type=1400 audit(0.0:55261167): avc: denied { getattr } for path="/proc/61" dev="proc" ino=11961954 scontext=u:r:untrusted_app:s0:c512,c768 tcontext=u:r:kernel:s0 tclass=dir permissive=0

03-30 10:58:43.359 25810 25810 W AppWatcher: type=1400 audit(0.0:55261168): avc: denied { getattr } for path="/proc/62" dev="proc" ino=11961955 scontext=u:r:untrusted_app:s0:c512,c768 tcontext=u:r:kernel:s0 tclass=dir permissive=0

03-30 10:58:43.359 25810 25810 W AppWatcher: type=1400 audit(0.0:55261169): avc: denied { getattr } for path="/proc/63" dev="proc" ino=11961956 scontext=u:r:untrusted_app:s0:c512,c768 tcontext=u:r:kernel:s0 tclass=dir permissive=0

03-30 10:58:43.996  6151  6186 I octvm_klo: read wakeups from wakealarm_fd:1

03-30 10:58:43.997  6151  6186 I octvm_klo: new timerfd interval:

03-30 10:58:43.997  6151  6186 I octvm_klo: 	itval.it_interval.tv_sec 1, itval.it_interval.tv_nsec 0

03-30 10:58:43.997  6151  6186 I octvm_klo: 	itval.it_value.tv_sec 0, itval.it_value.tv_nsec 999994010

03-30 10:58:44.058  2267  2350 D UTAnalytics:LogStoreMgr: pid:2267 [store],

03-30 10:58:44.071   379   493 I ThermalEngine: Sensor:batt_temp:368 mC

03-30 10:58:44.079  2267  2350 D UTAnalytics:UTSqliteLogStore: pid:2267 [insert] ,, isSuccess:true,ret,2348,

03-30 10:58:44.115  2267  2350 D UTAnalytics:UTSqliteLogStore: pid:2267 sql:SELECT * FROM log ORDER BY time ASC  LIMIT 350,

03-30 10:58:44.116  2267  2350 D UTAnalytics:UTSqliteLogStore: pid:2267 pos,0,count,4,

03-30 10:58:44.116  2267  2350 D UTAnalytics:UTSqliteLogStore: pid:2267 pos,1,count,4,

03-30 10:58:44.116  2267  2350 D UTAnalytics:UTSqliteLogStore: pid:2267 pos,2,count,4,

03-30 10:58:44.116  2267  2350 D UTAnalytics:UTSqliteLogStore: pid:2267 pos,3,count,4,

03-30 10:58:44.127  2267  2350 D UTAnalytics:LogStoreMgr: pid:2267 [get],[Log [id=2345, eventId=2001, index=], Log [id=2346, eventId=65502, index=], Log [id=2347, eventId=1010, index=], Log [id=2348, eventId=65502, index=]],

03-30 10:58:44.132  2267  2350 D UTAnalytics:UploadTask: pid:2267 averagePackageSize:156.75,

03-30 10:58:44.170  4116  4556 I XiaomiFirewall: firewall pkgName:com.orvibo.homemate, result:0x0

03-30 10:58:44.245  2267  2350 D UTAnalytics:UploadTask: pid:2267 url:http://adashbc.m.taobao.com/rest/sur?ak=23256401&av=2.3.0.300&c=null&v=3.0&s=f811cf03dbe72f97d70a1161142310fb06952a31&d=WJfwe%2BsntC4DAAdSBLpxQDCW&sv=2.5.1_for_bc&p=a&t=1490842724149&u=&is=1&k=0,

03-30 10:58:44.246  2267  2350 D UTAnalytics:UploadTask: pid:2267 result:{"t":1490842721510,"ret":"","success":"success"}

03-30 10:58:44.246  2267  2350 D UTAnalytics:UploadTask: ,

03-30 10:58:44.246  2267  2350 D UTAnalytics:UploadTask: pid:2267 winsize:350,

03-30 10:58:44.246  2267  2350 D UTAnalytics:LogStoreMgr: pid:2267 [Log [id=2345, eventId=2001, index=], Log [id=2346, eventId=65502, index=], Log [id=2347, eventId=1010, index=], Log [id=2348, eventId=65502, index=]],

03-30 10:58:44.267  2267  2350 D UTAnalytics:UTSqliteLogStore: pid:2267 delete ,4, isSuccess:true,

03-30 10:58:44.267  2267  2350 D UTAnalytics:CoreStatics: pid:2267 [uploadInc]:17,count:4,

03-30 10:58:44.267  2267  2350 D UTAnalytics:CoreStatics: pid:2267 [uploadInc]:21,

03-30 10:58:44.267  2267  2350 D UTAnalytics:UploadTask: pid:2267 logs.size():4, selfMonitorLogCount:0,

03-30 10:58:44.267  2267  2350 D UTAnalytics:UploadTask: pid:2267 upload isSendSuccess:true, consume:113, delete consume:21,

03-30 10:58:44.997  6151  6186 I octvm_klo: read wakeups from wakealarm_fd:1

03-30 10:58:44.997  6151  6186 I octvm_klo: new timerfd interval:

03-30 10:58:44.997  6151  6186 I octvm_klo: 	itval.it_interval.tv_sec 1, itval.it_interval.tv_nsec 0

03-30 10:58:44.997  6151  6186 I octvm_klo: 	itval.it_value.tv_sec 0, itval.it_value.tv_nsec 999993802

03-30 10:58:45.011  2267  2350 D UTAnalytics:LogStoreMgr: pid:2267 [store],

03-30 10:58:45.020  2267  2350 D UTAnalytics:UTSqliteLogStore: pid:2267 sql:SELECT * FROM log ORDER BY time ASC  LIMIT 350,

03-30 10:58:45.025  2267  2350 D UTAnalytics:LogStoreMgr: pid:2267 [get],[],

03-30 10:58:45.032  2267  2350 D UTAnalytics:UploadEngine: pid:2267 UTDC.bBackground:false,AppInfoUtil.isForeground(UTDC.getContext()) ,true,

03-30 10:58:45.043  2267  2350 D UTAnalytics:UploadTask: pid:2267 mPeriod:30000,

03-30 10:58:45.072   379   493 I ThermalEngine: Sensor:batt_temp:368 mC

03-30 10:58:45.581  3745  3745 D wpa_supplicant: wlan0: Control interface command 'SIGNAL_POLL'

03-30 10:58:45.585  3745  3745 D wpa_supplicant: CTRL-DEBUG: global_ctrl_sock-sendto: sock=11 sndbuf=163840 outq=0 send_len=49

03-30 10:58:45.719  2267  2350 D UTAnalytics:LogStoreMgr: pid:2267 [store],

03-30 10:58:45.997  6151  6186 I octvm_klo: read wakeups from wakealarm_fd:1

03-30 10:58:45.997  6151  6186 I octvm_klo: new timerfd interval:

03-30 10:58:45.997  6151  6186 I octvm_klo: 	itval.it_interval.tv_sec 1, itval.it_interval.tv_nsec 0

03-30 10:58:45.997  6151  6186 I octvm_klo: 	itval.it_value.tv_sec 0, itval.it_value.tv_nsec 999995521

03-30 10:58:46.073   379   493 I ThermalEngine: Sensor:batt_temp:368 mC

03-30 10:58:46.397  2198  2222 I art     : Background sticky concurrent mark sweep GC freed 362215(16MB) AllocSpace objects, 0(0B) LOS objects, 93% free, 1176KB/16MB, paused 41.706ms total 180.761ms

03-30 10:58:46.997  6151  6186 I octvm_klo: read wakeups from wakealarm_fd:1
