03-08 10:57:55.557 29006 29006 W AppWatcher: type=1400 audit(0.0:956544): avc: denied { getattr } for path="/proc/opalum-temp-calib" dev="proc" ino=4026534634 scontext=u:r:untrusted_app:s0:c512,c768 tcontext=u:object_r:proc_opalum:s0 tclass=file permissive=0

03-08 10:57:55.567 29006 29006 W AppWatcher: type=1400 audit(0.0:956545): avc: denied { getattr } for path="/proc/opalum-f0-calib" dev="proc" ino=4026534633 scontext=u:r:untrusted_app:s0:c512,c768 tcontext=u:object_r:proc_opalum:s0 tclass=file permissive=0

03-08 10:57:55.574 23503 23571 D UTAnalytics:LogStoreMgr: pid:23503 [get],[Log [id=1353, eventId=19999, index=], Log [id=1354, eventId=19999, index=], Log [id=1355, eventId=2001, index=], Log [id=1356, eventId=2001, index=]],

03-08 10:57:55.567 29006 29006 W AppWatcher: type=1400 audit(0.0:956546): avc: denied { getattr } for path="/proc/sysrq-trigger" dev="proc" ino=4026533735 scontext=u:r:untrusted_app:s0:c512,c768 tcontext=u:object_r:proc_sysrq:s0 tclass=file permissive=0

03-08 10:57:55.567 29006 29006 W AppWatcher: type=1400 audit(0.0:956547): avc: denied { getattr } for path="/proc/1" dev="proc" ino=907269 scontext=u:r:untrusted_app:s0:c512,c768 tcontext=u:r:init:s0 tclass=dir permissive=0

03-08 10:57:55.577 29006 29006 W AppWatcher: type=1400 audit(0.0:956548): avc: denied { getattr } for path="/proc/2" dev="proc" ino=907270 scontext=u:r:untrusted_app:s0:c512,c768 tcontext=u:r:kernel:s0 tclass=dir permissive=0

03-08 10:57:55.585 23503 23571 D UTAnalytics:UploadTask: pid:23503 averagePackageSize:129.75,

03-08 10:57:55.577 29006 29006 W AppWatcher: type=1400 audit(0.0:956549): avc: denied { getattr } for path="/proc/3" dev="proc" ino=907271 scontext=u:r:untrusted_app:s0:c512,c768 tcontext=u:r:kernel:s0 tclass=dir permissive=0

03-08 10:57:55.577 29006 29006 W AppWatcher: type=1400 audit(0.0:956550): avc: denied { getattr } for path="/proc/6" dev="proc" ino=907272 scontext=u:r:untrusted_app:s0:c512,c768 tcontext=u:r:kernel:s0 tclass=dir permissive=0

03-08 10:57:55.577 29006 29006 W AppWatcher: type=1400 audit(0.0:956551): avc: denied { getattr } for path="/proc/7" dev="proc" ino=907273 scontext=u:r:untrusted_app:s0:c512,c768 tcontext=u:r:kernel:s0 tclass=dir permissive=0

03-08 10:57:55.577 29006 29006 W AppWatcher: type=1400 audit(0.0:956552): avc: denied { getattr } for path="/proc/8" dev="proc" ino=907274 scontext=u:r:untrusted_app:s0:c512,c768 tcontext=u:r:kernel:s0 tclass=dir permissive=0

03-08 10:57:55.577 29006 29006 W AppWatcher: type=1400 audit(0.0:956553): avc: denied { getattr } for path="/proc/21" dev="proc" ino=907275 scontext=u:r:untrusted_app:s0:c512,c768 tcontext=u:r:kernel:s0 tclass=dir permissive=0

03-08 10:57:55.577 29006 29006 W AppWatcher: type=1400 audit(0.0:956554): avc: denied { getattr } for path="/proc/22" dev="proc" ino=907276 scontext=u:r:untrusted_app:s0:c512,c768 tcontext=u:r:kernel:s0 tclass=dir permissive=0

03-08 10:57:55.577 29006 29006 W AppWatcher: type=1400 audit(0.0:956555): avc: denied { getattr } for path="/proc/28" dev="proc" ino=907278 scontext=u:r:untrusted_app:s0:c512,c768 tcontext=u:r:kernel:s0 tclass=dir permissive=0

03-08 10:57:55.577 29006 29006 W AppWatcher: type=1400 audit(0.0:956556): avc: denied { getattr } for path="/proc/29" dev="proc" ino=907279 scontext=u:r:untrusted_app:s0:c512,c768 tcontext=u:r:kernel:s0 tclass=dir permissive=0

03-08 10:57:55.587 29006 29006 W AppWatcher: type=1400 audit(0.0:956557): avc: denied { getattr } for path="/proc/30" dev="proc" ino=907280 scontext=u:r:untrusted_app:s0:c512,c768 tcontext=u:r:kernel:s0 tclass=dir permissive=0

03-08 10:57:55.587 29006 29006 W AppWatcher: type=1400 audit(0.0:956558): avc: denied { getattr } for path="/proc/32" dev="proc" ino=907281 scontext=u:r:untrusted_app:s0:c512,c768 tcontext=u:r:kernel:s0 tclass=dir permissive=0

03-08 10:57:55.587 29006 29006 W AppWatcher: type=1400 audit(0.0:956559): avc: denied { getattr } for path="/proc/33" dev="proc" ino=907282 scontext=u:r:untrusted_app:s0:c512,c768 tcontext=u:r:kernel:s0 tclass=dir permissive=0

03-08 10:57:55.587 29006 29006 W AppWatcher: type=1400 audit(0.0:956560): avc: denied { getattr } for path="/proc/34" dev="proc" ino=907283 scontext=u:r:untrusted_app:s0:c512,c768 tcontext=u:r:kernel:s0 tclass=dir permissive=0

03-08 10:57:55.587 29006 29006 W AppWatcher: type=1400 audit(0.0:956561): avc: denied { getattr } for path="/proc/61" dev="proc" ino=907284 scontext=u:r:untrusted_app:s0:c512,c768 tcontext=u:r:kernel:s0 tclass=dir permissive=0

03-08 10:57:55.587 29006 29006 W AppWatcher: type=1400 audit(0.0:956562): avc: denied { getattr } for path="/proc/62" dev="proc" ino=907285 scontext=u:r:untrusted_app:s0:c512,c768 tcontext=u:r:kernel:s0 tclass=dir permissive=0

03-08 10:57:55.587 29006 29006 W AppWatcher: type=1400 audit(0.0:956563): avc: denied { getattr } for path="/proc/63" dev="proc" ino=907286 scontext=u:r:untrusted_app:s0:c512,c768 tcontext=u:r:kernel:s0 tclass=dir permissive=0

03-08 10:57:55.587 29006 29006 W AppWatcher: type=1400 audit(0.0:956564): avc: denied { getattr } for path="/proc/64" dev="proc" ino=907287 scontext=u:r:untrusted_app:s0:c512,c768 tcontext=u:r:kernel:s0 tclass=dir permissive=0

03-08 10:57:55.587 29006 29006 W AppWatcher: type=1400 audit(0.0:956565): avc: denied { getattr } for path="/proc/65" dev="proc" ino=907288 scontext=u:r:untrusted_app:s0:c512,c768 tcontext=u:r:kernel:s0 tclass=dir permissive=0

03-08 10:57:55.587 29006 29006 W AppWatcher: type=1400 audit(0.0:956566): avc: denied { getattr } for path="/proc/66" dev="proc" ino=907289 scontext=u:r:untrusted_app:s0:c512,c768 tcontext=u:r:kernel:s0 tclass=dir permissive=0

03-08 10:57:55.597 29006 29006 W AppWatcher: type=1400 audit(0.0:956567): avc: denied { getattr } for path="/proc/67" dev="proc" ino=907290 scontext=u:r:untrusted_app:s0:c512,c768 tcontext=u:r:kernel:s0 tclass=dir permissive=0

03-08 10:57:55.597 29006 29006 W AppWatcher: type=1400 audit(0.0:956568): avc: denied { getattr } for path="/proc/68" dev="proc" ino=907291 scontext=u:r:untrusted_app:s0:c512,c768 tcontext=u:r:kernel:s0 tclass=dir permissive=0

03-08 10:57:55.597 29006 29006 W AppWatcher: type=1400 audit(0.0:956569): avc: denied { getattr } for path="/proc/69" dev="proc" ino=907292 scontext=u:r:untrusted_app:s0:c512,c768 tcontext=u:r:kernel:s0 tclass=dir permissive=0

03-08 10:57:55.597 29006 29006 W AppWatcher: type=1400 audit(0.0:956570): avc: denied { getattr } for path="/proc/70" dev="proc" ino=907293 scontext=u:r:untrusted_app:s0:c512,c768 tcontext=u:r:kernel:s0 tclass=dir permissive=0

03-08 10:57:55.597 29006 29006 W AppWatcher: type=1400 audit(0.0:956571): avc: denied { getattr } for path="/proc/71" dev="proc" ino=907294 scontext=u:r:untrusted_app:s0:c512,c768 tcontext=u:r:kernel:s0 tclass=dir permissive=0

03-08 10:57:55.597 29006 29006 W AppWatcher: type=1400 audit(0.0:956572): avc: denied { getattr } for path="/proc/72" dev="proc" ino=907295 scontext=u:r:untrusted_app:s0:c512,c768 tcontext=u:r:kernel:s0 tclass=dir permissive=0

03-08 10:57:55.597 29006 29006 W AppWatcher: type=1400 audit(0.0:956573): avc: denied { getattr } for path="/proc/73" dev="proc" ino=907296 scontext=u:r:untrusted_app:s0:c512,c768 tcontext=u:r:kernel:s0 tclass=dir permissive=0

03-08 10:57:55.818  1923  1923 E JavaBinder: !!! FAILED BINDER TRANSACTION !!!  (parcel size = 104)

03-08 10:57:55.879 23503 23571 W System.err: java.lang.reflect.InvocationTargetException

03-08 10:57:55.879 23503 23571 W System.err: 	at java.lang.reflect.Method.invoke(Native Method)

03-08 10:57:55.879 23503 23571 W System.err: 	at com.alibaba.mtl.log.sign.SecurityRequestAuth.getSign(SecurityRequestAuth.java:135)

03-08 10:57:55.879 23503 23571 W System.err: 	at com.alibaba.mtl.log.e.t.a(UrlWrapper.java:204)

03-08 10:57:55.879 23503 23571 W System.err: 	at com.alibaba.mtl.log.e.t.a(UrlWrapper.java:58)

03-08 10:57:55.879 23503 23571 W System.err: 	at com.alibaba.mtl.log.d.b.M(UploadTask.java:136)

03-08 10:57:55.879 23503 23571 W System.err: 	at com.alibaba.mtl.log.d.b.run(UploadTask.java:52)

03-08 10:57:55.879 23503 23571 W System.err: 	at java.util.concurrent.Executors$RunnableAdapter.call(Executors.java:423)

03-08 10:57:55.879 23503 23571 W System.err: 	at java.util.concurrent.FutureTask.run(FutureTask.java:237)

03-08 10:57:55.879 23503 23571 W System.err: 	at java.util.concurrent.ThreadPoolExecutor.runWorker(ThreadPoolExecutor.java:1113)

03-08 10:57:55.880 23503 23571 W System.err: 	at java.util.concurrent.ThreadPoolExecutor$Worker.run(ThreadPoolExecutor.java:588)

03-08 10:57:55.880 23503 23571 W System.err: 	at java.lang.Thread.run(Thread.java:818)

03-08 10:57:55.880 23503 23571 W System.err: Caused by: com.alibaba.wireless.security.open.SecException: 

03-08 10:57:55.880 23503 23571 W System.err: 	at com.taobao.wireless.security.adapter.JNICLibrary.doCommandNative(Native Method)

03-08 10:57:55.880 23503 23571 W System.err: 	at com.alibaba.wireless.security.mainplugin.a.doCommandNative(Unknown Source)

03-08 10:57:55.880 23503 23571 W System.err: 	at com.taobao.wireless.security.adapter.b.b.b(Unknown Source)

03-08 10:57:55.880 23503 23571 W System.err: 	at com.taobao.wireless.security.adapter.b.b.a(Unknown Source)

03-08 10:57:55.880 23503 23571 W System.err: 	at com.taobao.wireless.security.adapter.b.b.a(Unknown Source)

03-08 10:57:55.880 23503 23571 W System.err: 	at com.alibaba.wireless.security.a.h.a.signRequest(Unknown Source)

03-08 10:57:55.880 23503 23571 W System.err: 	... 11 more

03-08 10:57:55.885  4099  5103 I XiaomiFirewall: firewall pkgName:com.orvibo.homemate, result:0x0

03-08 10:57:55.963  5352  9829 D FrozenAppController: FrozenAPP, is HasProcessOOMTooLow

03-08 10:57:55.963  5352  9829 D FrozenAppController: >>> event = 22 >>> state = 0 uid 10122

03-08 10:57:55.964  5352  9829 V FrozenAppController:     >>>>  MSG_FROZEN_APP : { uid: 10122 mState:0 mEvent:22 mIsForeground:false mLocationPolicy:255}

03-08 10:57:56.000 23503 23571 D UTAnalytics:UploadTask: pid:23503 url:http://adashbc.m.taobao.com/rest/sur?ak=23256401&av=2.3.0.200&c=null&v=3.0&s=&d=WJfwe%2BsntC4DAAdSBLpxQDCW&sv=2.5.1_for_bc&p=a&t=1488941875631&u=&is=1&k=0,

03-08 10:57:56.000 23503 23571 D UTAnalytics:UploadTask: pid:23503 result:{"t":1488941875565,"ret":"","success":"success"}

03-08 10:57:56.000 23503 23571 D UTAnalytics:UploadTask: ,

03-08 10:57:56.000 23503 23571 D UTAnalytics:UploadTask: pid:23503 winsize:350,

03-08 10:57:56.000 23503 23571 D UTAnalytics:LogStoreMgr: pid:23503 [Log [id=1353, eventId=19999, index=], Log [id=1354, eventId=19999, index=], Log [id=1355, eventId=2001, index=], Log [id=1356, eventId=2001, index=]],

03-08 10:57:56.028 23503 23571 D UTAnalytics:UTSqliteLogStore: pid:23503 delete ,4, isSuccess:true,

03-08 10:57:56.028 23503 23571 D UTAnalytics:CoreStatics: pid:23503 [uploadInc]:0,count:4,

03-08 10:57:56.028 23503 23571 D UTAnalytics:CoreStatics: pid:23503 [uploadInc]:4,

03-08 10:57:56.028 23503 23571 D UTAnalytics:UploadTask: pid:23503 logs.size():4, selfMonitorLogCount:0,

03-08 10:57:56.028 23503 23571 D UTAnalytics:UploadTask: pid:23503 upload isSendSuccess:true, consume:416, delete consume:27,

03-08 10:57:56.222 23503 23575 D UTAnalytics:LogStoreMgr: pid:23503 [store],

03-08 10:57:56.387  4269  4269 D wpa_supplicant: wlan0: Control interface command 'SIGNAL_POLL'

03-08 10:57:56.402  4269  4269 D wpa_supplicant: CTRL-DEBUG: global_ctrl_sock-sendto: sock=11 sndbuf=163840 outq=0 send_len=48

03-08 10:57:56.497   372   476 I ThermalEngine: Sensor:batt_temp:328 mC

03-08 10:57:57.055 23503 23571 D UTAnalytics:LogStoreMgr: pid:23503 [store],

03-08 10:57:57.062 23503 23571 D UTAnalytics:UTSqliteLogStore: pid:23503 sql:SELECT * FROM log ORDER BY time ASC  LIMIT 350,

03-08 10:57:57.065 23503 23571 D UTAnalytics:LogStoreMgr: pid:23503 [get],[],

03-08 10:57:57.069 23503 23571 D UTAnalytics:UploadEngine: pid:23503 UTDC.bBackground:false,AppInfoUtil.isForeground(UTDC.getContext()) ,true,

03-08 10:57:57.071 23503 23571 D UTAnalytics:UploadTask: pid:23503 mPeriod:30000,

03-08 10:57:57.498   372   476 I ThermalEngine: Sensor:batt_temp:329 mC

03-08 10:57:57.826  1923  1923 E JavaBinder: !!! FAILED BINDER TRANSACTION !!!  (parcel size = 104)

03-08 10:57:58.499   372   476 I ThermalEngine: Sensor:batt_temp:329 mC

03-08 10:57:59.409  4269  4269 D wpa_supplicant: wlan0: Control interface command 'SIGNAL_POLL'

03-08 10:57:59.423  4269  4269 D wpa_supplicant: CTRL-DEBUG: global_ctrl_sock-sendto: sock=11 sndbuf=163840 outq=0 send_len=48

03-08 10:57:59.500   372   476 I ThermalEngine: Sensor:batt_temp:329 mC

03-08 10:57:59.837  1923  1923 E JavaBinder: !!! FAILED BINDER TRANSACTION !!!  (parcel size = 104)

03-08 10:58:00.148  1923  2086 I ProcessStatsService: Prepared write state in 14ms

03-08 10:58:00.189  1923  2085 I ProcessStatsService: Pruning old procstats: /data/system/procstats/state-2017-03-07-09-07-39.bin

03-08 10:58:00.502   372   476 I ThermalEngine: Sensor:batt_temp:329 mC

03-08 10:58:01.503   372   476 I ThermalEngine: Sensor:batt_temp:329 mC

03-08 10:58:01.852  1923  1923 E JavaBinder: !!! FAILED BINDER TRANSACTION !!!  (parcel size = 104)

03-08 10:58:02.428  4269  4269 D wpa_supplicant: wlan0: Control interface command 'SIGNAL_POLL'

03-08 10:58:02.444  4269  4269 D wpa_supplicant: CTRL-DEBUG: global_ctrl_sock-sendto: sock=11 sndbuf=163840 outq=0 send_len=48

03-08 10:58:02.504   372   476 I ThermalEngine: Sensor:batt_temp:329 mC

03-08 10:58:02.976  5352  9829 D FrozenAppController: FrozenAPP, is HasProcessOOMTooLow

03-08 10:58:02.976  5352  9829 D FrozenAppController: >>> event = 22 >>> state = 2 uid 10124

03-08 10:58:02.976  5352  9829 V FrozenAppController:     >>>>  MSG_FROZEN_APP : { uid: 10124 mState:2 mEvent:22 mIsForeground:false mLocationPolicy:0}

03-08 10:58:03.207  1923  3680 D WifiStateMachine: starting scan for "18.1_neiwang"-WPA_PSK with 5745,2422

03-08 10:58:03.207  4269  4269 D wpa_supplicant: wlan0: Control interface command 'SCAN TYPE=ONLY freq=5745,2422'

03-08 10:58:03.207  4269  4269 D wpa_supplicant: wlan0: Setting scan request: 0.000000 sec

03-08 10:58:03.207  4269  4269 D wpa_supplicant: CTRL-DEBUG: global_ctrl_sock-sendto: sock=11 sndbuf=163840 outq=0 send_len=3

03-08 10:58:03.208  4269  4269 D wpa_supplicant: wlan0: Starting AP scan for wildcard SSID

03-08 10:58:03.208  4269  4269 D wpa_supplicant: wlan0: Limit manual scan to specified channels

03-08 10:58:03.208  4269  4269 D wpa_supplicant: wlan0: Add radio work 'scan'@0xb6919398

03-08 10:58:03.208  4269  4269 D wpa_supplicant: wlan0: First radio work item in the queue - schedule start immediately

03-08 10:58:03.208  4269  4269 D wpa_supplicant: wlan0: Starting radio work 'scan'@0xb6919398 after 0.000075 second wait

03-08 10:58:03.208  4269  4269 D wpa_supplicant: wlan0: nl80211: scan request

03-08 10:58:03.208  4269  4269 D wpa_supplicant: nl80211: Scan SSID - hexdump(len=0): [NULL]

03-08 10:58:03.208  4269  4269 D wpa_supplicant: nl80211: Scan extra IEs - hexdump(len=7): 7f 05 00 00 0a 02 01

03-08 10:58:03.208  4269  4269 D wpa_supplicant: nl80211: Scan frequency 2422 MHz

03-08 10:58:03.208  4269  4269 D wpa_supplicant: nl80211: Scan frequency 5745 MHz

03-08 10:58:03.220  4269  4269 D wpa_supplicant: Scan requested (ret=0) - scan timeout 30 seconds

03-08 10:58:03.220  4269  4269 D wpa_supplicant: nl80211: Event message available

03-08 10:58:03.220  4269  4269 D wpa_supplicant: nl80211: Drv Event 33 (NL80211_CMD_TRIGGER_SCAN) received for wlan0

03-08 10:58:03.220  4269  4269 D wpa_supplicant: wlan0: nl80211: Scan trigger

03-08 10:58:03.220  4269  4269 D wpa_supplicant: wlan0: Event SCAN_STARTED (47) received

03-08 10:58:03.220  4269  4269 D wpa_supplicant: wlan0: Own scan request started a scan in 0.000212 seconds

03-08 10:58:03.221  4269  4269 D wpa_supplicant: CTRL-DEBUG: ctrl_sock-sendmsg: sock=11 sndbuf=163840 outq=0 send_len=24

03-08 10:58:03.221  4269  4269 D wpa_supplicant: CTRL_IFACE monitor sent successfully to /data/misc/wifi/sockets/wpa_ctrl_1923-2\x00

03-08 10:58:03.349  4269  4269 D wpa_supplicant: nl80211: Event message available

03-08 10:58:03.350  4269  4269 D wpa_supplicant: nl80211: Drv Event 34 (NL80211_CMD_NEW_SCAN_RESULTS) received for wlan0

03-08 10:58:03.350  4269  4269 D wpa_supplicant: wlan0: nl80211: New scan results available

03-08 10:58:03.350  4269  4269 D wpa_supplicant: nl80211: Scan included frequencies: 2422 5745

03-08 10:58:03.350  4269  4269 D wpa_supplicant: wlan0: Event SCAN_RESULTS (3) received

03-08 10:58:03.350  4269  4269 D wpa_supplicant: wlan0: Scan completed in 0.129392 seconds

03-08 10:58:03.350  4269  4269 D wpa_supplicant: nl80211: Associated on 2422 MHz

03-08 10:58:03.350  4269  4269 D wpa_supplicant: nl80211: Associated with c0:3d:46:00:1a:5a

03-08 10:58:03.351  4269  4269 D wpa_supplicant: nl80211: Received scan results (38 BSSes)

03-08 10:58:03.351  4269  4269 D wpa_supplicant: nl80211: Scan results indicate BSS status with c0:3d:46:00:1a:5a as associated

03-08 10:58:03.351  4269  4269 D wpa_supplicant: wlan0: BSS: Start scan result update 8900

03-08 10:58:03.352  4269  4269 D wpa_supplicant: BSS: last_scan_res_used=38/64

03-08 10:58:03.352  4269  4269 D wpa_supplicant: wlan0: Scan-only results received

03-08 10:58:03.352  4269  4269 D wpa_supplicant: CTRL-DEBUG: ctrl_sock-sendmsg: sock=11 sndbuf=163840 outq=0 send_len=24

03-08 10:58:03.366  4269  4269 D wpa_supplicant: CTRL_IFACE monitor sent successfully to /data/misc/wifi/sockets/wpa_ctrl_1923-2\x00

03-08 10:58:03.366  4269  4269 D wpa_supplicant: wlan0: Radio work 'scan'@0xb6919398 done in 0.158318 seconds

03-08 10:58:03.369  4269  4269 D wpa_supplicant: CTRL-DEBUG: global_ctrl_sock-sendto: sock=11 sndbuf=163840 outq=0 send_len=3995

03-08 10:58:03.373  4269  4269 D wpa_supplicant: RTM_NEWLINK: ifi_index=22 ifname=wlan0 wext ifi_family=0 ifi_flags=0x11043 ([UP][RUNNING][LOWER_UP])

03-08 10:58:03.379  4269  4269 D wpa_supplicant: CTRL-DEBUG: global_ctrl_sock-sendto: sock=11 sndbuf=163840 outq=0 send_len=3849

03-08 10:58:03.386   433   644 W XTCC-5.1.0.8: [WifiScanner] WiFi scan result : [8] AP's

03-08 10:58:03.388  4269  4269 D wpa_supplicant: CTRL-DEBUG: global_ctrl_sock-sendto: sock=11 sndbuf=163840 outq=0 send_len=4030

03-08 10:58:03.391  4269  4269 D wpa_supplicant: CTRL-DEBUG: global_ctrl_sock-sendto: sock=11 sndbuf=163840 outq=0 send_len=3897

03-08 10:58:03.396  4269  4269 D wpa_supplicant: CTRL-DEBUG: global_ctrl_sock-sendto: sock=11 sndbuf=163840 outq=0 send_len=3908

03-08 10:58:03.399  4269  4269 D wpa_supplicant: CTRL-DEBUG: global_ctrl_sock-sendto: sock=11 sndbuf=163840 outq=0 send_len=3541

03-08 10:58:03.407  4269  4269 D wpa_supplicant: CTRL-DEBUG: global_ctrl_sock-sendto: sock=11 sndbuf=163840 outq=0 send_len=4051

03-08 10:58:03.410  4269  4269 D wpa_supplicant: CTRL-DEBUG: global_ctrl_sock-sendto: sock=11 sndbuf=163840 outq=0 send_len=2075

03-08 10:58:03.481  4269  4269 D wpa_supplicant: EAPOL: EAP Session-Id not available

03-08 10:58:03.481  4269  4269 D wpa_supplicant: CTRL-DEBUG: global_ctrl_sock-sendto: sock=11 sndbuf=163840 outq=0 send_len=278

03-08 10:58:03.505   372   476 I ThermalEngine: Sensor:batt_temp:329 mC

03-08 10:58:04.507   372   476 I ThermalEngine: Sensor:batt_temp:329 mC

03-08 10:58:04.607 23503 23540 W System.err: 

03-08 10:58:04.608 23503 23540 W System.err: 	at com.danale.video.sdk.http.impl.apache.ApacheHttpClient.readDataWithRetriesAndReportDanaleError(Unknown Source)

03-08 10:58:04.608 23503 23540 W System.err: 	at com.danale.video.sdk.http.impl.apache.ApacheHttpClient.execute(Unknown Source)

03-08 10:58:04.608 23503 23540 W System.err: 	at com.danale.video.sdk.utils.DnsAnalysisUtil.dnsAnalysisByDanale(Unknown Source)

03-08 10:58:04.608 23503 23540 W System.err: 	at com.danale.video.sdk.platform.entity.Session$7.doInBackground(Unknown Source)

03-08 10:58:04.608 23503 23540 W System.err: 	at com.danale.video.sdk.platform.entity.Session$7.doInBackground(Unknown Source)

03-08 10:58:04.608 23503 23540 W System.err: 	at com.danale.video.sdk.async.AsyncTask$2.call(Unknown Source)

03-08 10:58:04.608 23503 23540 W System.err: 	at java.util.concurrent.FutureTask.run(FutureTask.java:237)

03-08 10:58:04.608 23503 23540 W System.err: 	at java.util.concurrent.ThreadPoolExecutor.runWorker(ThreadPoolExecutor.java:1113)

03-08 10:58:04.608 23503 23540 W System.err: 	at java.util.concurrent.ThreadPoolExecutor$Worker.run(ThreadPoolExecutor.java:588)

03-08 10:58:04.608 23503 23540 W System.err: 	at java.lang.Thread.run(Thread.java:818)

03-08 10:58:04.608 23503 23540 W System.err: Caused by: org.apache.http.conn.ConnectTimeoutException: Connect to /54.93.73.119:443 timed out

03-08 10:58:04.609 23503 23540 W System.err: 	at org.apache.http.conn.scheme.PlainSocketFactory.connectSocket(PlainSocketFactory.java:126)

03-08 10:58:04.609 23503 23540 W System.err: 	at org.apache.http.impl.conn.DefaultClientConnectionOperator.openConnection(DefaultClientConnectionOperator.java:149)

03-08 10:58:04.609 23503 23540 W System.err: 	at org.apache.http.impl.conn.AbstractPoolEntry.open(AbstractPoolEntry.java:169)

03-08 10:58:04.609 23503 23540 W System.err: 	at org.apache.http.impl.conn.AbstractPooledConnAdapter.open(AbstractPooledConnAdapter.java:124)

03-08 10:58:04.609 23503 23540 W System.err: 	at org.apache.http.impl.client.DefaultRequestDirector.execute(DefaultRequestDirector.java:370)

03-08 10:58:04.609 23503 23540 W System.err: 	at org.apache.http.impl.client.AbstractHttpClient.execute(AbstractHttpClient.java:560)

03-08 10:58:04.610 23503 23540 W System.err: 	at org.apache.http.impl.client.AbstractHttpClient.execute(AbstractHttpClient.java:492)

03-08 10:58:04.610 23503 23540 W System.err: 	at org.apache.http.impl.client.AbstractHttpClient.execute(AbstractHttpClient.java:470)

03-08 10:58:04.610 23503 23540 W System.err: 	at com.danale.video.sdk.http.impl.apache.ApacheHttpClient.readDataWithRetriesAndReportDanaleError(Unknown Source)

03-08 10:58:04.610 23503 23540 W System.err: 	... 9 more

03-08 10:58:05.450  4269  4269 D wpa_supplicant: wlan0: Control interface command 'SIGNAL_POLL'

03-08 10:58:05.465  4269  4269 D wpa_supplicant: CTRL-DEBUG: global_ctrl_sock-sendto: sock=11 sndbuf=163840 outq=0 send_len=48

03-08 10:58:05.510   372   476 I ThermalEngine: Sensor:batt_temp:329 mC

03-08 10:58:05.777 29006 29006 W AppWatcher: type=1400 audit(0.0:956815): avc: denied { getattr } for path="/proc/opalum-temp-calib" dev="proc" ino=4026534634 scontext=u:r:untrusted_app:s0:c512,c768 tcontext=u:object_r:proc_opalum:s0 tclass=file permissive=0

03-08 10:58:05.787 29006 29006 W AppWatcher: type=1400 audit(0.0:956816): avc: denied { getattr } for path="/proc/opalum-f0-calib" dev="proc" ino=4026534633 scontext=u:r:untrusted_app:s0:c512,c768 tcontext=u:object_r:proc_opalum:s0 tclass=file permissive=0

03-08 10:58:05.787 29006 29006 W AppWatcher: type=1400 audit(0.0:956817): avc: denied { getattr } for path="/proc/sysrq-trigger" dev="proc" ino=4026533735 scontext=u:r:untrusted_app:s0:c512,c768 tcontext=u:object_r:proc_sysrq:s0 tclass=file permissive=0

03-08 10:58:05.797 29006 29006 W AppWatcher: type=1400 audit(0.0:956818): avc: denied { getattr } for path="/proc/1" dev="proc" ino=907269 scontext=u:r:untrusted_app:s0:c512,c768 tcontext=u:r:init:s0 tclass=dir permissive=0

03-08 10:58:05.797 29006 29006 W AppWatcher: type=1400 audit(0.0:956819): avc: denied { getattr } for path="/proc/2" dev="proc" ino=907270 scontext=u:r:untrusted_app:s0:c512,c768 tcontext=u:r:kernel:s0 tclass=dir permissive=0

03-08 10:58:05.797 29006 29006 W AppWatcher: type=1400 audit(0.0:956820): avc: denied { getattr } for path="/proc/3" dev="proc" ino=907271 scontext=u:r:untrusted_app:s0:c512,c768 tcontext=u:r:kernel:s0 tclass=dir permissive=0

03-08 10:58:05.797 29006 29006 W AppWatcher: type=1400 audit(0.0:956821): avc: denied { getattr } for path="/proc/6" dev="proc" ino=907272 scontext=u:r:untrusted_app:s0:c512,c768 tcontext=u:r:kernel:s0 tclass=dir permissive=0

03-08 10:58:05.797 29006 29006 W AppWatcher: type=1400 audit(0.0:956822): avc: denied { getattr } for path="/proc/7" dev="proc" ino=907273 scontext=u:r:untrusted_app:s0:c512,c768 tcontext=u:r:kernel:s0 tclass=dir permissive=0

03-08 10:58:05.797 29006 29006 W AppWatcher: type=1400 audit(0.0:956823): avc: denied { getattr } for path="/proc/8" dev="proc" ino=907274 scontext=u:r:untrusted_app:s0:c512,c768 tcontext=u:r:kernel:s0 tclass=dir permissive=0

03-08 10:58:05.797 29006 29006 W AppWatcher: type=1400 audit(0.0:956824): avc: denied { getattr } for path="/proc/21" dev="proc" ino=907275 scontext=u:r:untrusted_app:s0:c512,c768 tcontext=u:r:kernel:s0 tclass=dir permissive=0

03-08 10:58:05.797 29006 29006 W AppWatcher: type=1400 audit(0.0:956825): avc: denied { getattr } for path="/proc/22" dev="proc" ino=907276 scontext=u:r:untrusted_app:s0:c512,c768 tcontext=u:r:kernel:s0 tclass=dir permissive=0

03-08 10:58:05.807 29006 29006 W AppWatcher: type=1400 audit(0.0:956826): avc: denied { getattr } for path="/proc/28" dev="proc" ino=907278 scontext=u:r:untrusted_app:s0:c512,c768 tcontext=u:r:kernel:s0 tclass=dir permissive=0

03-08 10:58:05.807 29006 29006 W AppWatcher: type=1400 audit(0.0:956827): avc: denied { getattr } for path="/proc/29" dev="proc" ino=907279 scontext=u:r:untrusted_app:s0:c512,c768 tcontext=u:r:kernel:s0 tclass=dir permissive=0

03-08 10:58:05.807 29006 29006 W AppWatcher: type=1400 audit(0.0:956828): avc: denied { getattr } for path="/proc/30" dev="proc" ino=907280 scontext=u:r:untrusted_app:s0:c512,c768 tcontext=u:r:kernel:s0 tclass=dir permissive=0

03-08 10:58:05.807 29006 29006 W AppWatcher: type=1400 audit(0.0:956829): avc: denied { getattr } for path="/proc/32" dev="proc" ino=907281 scontext=u:r:untrusted_app:s0:c512,c768 tcontext=u:r:kernel:s0 tclass=dir permissive=0

03-08 10:58:05.807 29006 29006 W AppWatcher: type=1400 audit(0.0:956830): avc: denied { getattr } for path="/proc/33" dev="proc" ino=907282 scontext=u:r:untrusted_app:s0:c512,c768 tcontext=u:r:kernel:s0 tclass=dir permissive=0

03-08 10:58:05.807 29006 29006 W AppWatcher: type=1400 audit(0.0:956831): avc: denied { getattr } for path="/proc/34" dev="proc" ino=907283 scontext=u:r:untrusted_app:s0:c512,c768 tcontext=u:r:kernel:s0 tclass=dir permissive=0

03-08 10:58:05.807 29006 29006 W AppWatcher: type=1400 audit(0.0:956832): avc: denied { getattr } for path="/proc/61" dev="proc" ino=907284 scontext=u:r:untrusted_app:s0:c512,c768 tcontext=u:r:kernel:s0 tclass=dir permissive=0

03-08 10:58:05.807 29006 29006 W AppWatcher: type=1400 audit(0.0:956833): avc: denied { getattr } for path="/proc/62" dev="proc" ino=907285 scontext=u:r:untrusted_app:s0:c512,c768 tcontext=u:r:kernel:s0 tclass=dir permissive=0

03-08 10:58:05.807 29006 29006 W AppWatcher: type=1400 audit(0.0:956834): avc: denied { getattr } for path="/proc/63" dev="proc" ino=907286 scontext=u:r:untrusted_app:s0:c512,c768 tcontext=u:r:kernel:s0 tclass=dir permissive=0

03-08 10:58:06.454 26902 23833 W System.err: java.net.SocketTimeoutException: failed to connect to loc.map.baidu.com/14.215.177.33 (port 443) after 12000ms

03-08 10:58:06.454 26902 23833 W System.err: 	at libcore.io.IoBridge.connectErrno(IoBridge.java:169)

03-08 10:58:06.454 26902 23833 W System.err: 	at libcore.io.IoBridge.connect(IoBridge.java:122)

03-08 10:58:06.455 26902 23833 W System.err: 	at java.net.PlainSocketImpl.connect(PlainSocketImpl.java:183)

03-08 10:58:06.455 26902 23833 W System.err: 	at java.net.PlainSocketImpl.connect(PlainSocketImpl.java:452)

03-08 10:58:06.455 26902 23833 W System.err: 	at java.net.Socket.connect(Socket.java:884)

03-08 10:58:06.455 26902 23833 W System.err: 	at com.android.okhttp.internal.Platform.connectSocket(Platform.java:117)

03-08 10:58:06.455 26902 23833 W System.err: 	at com.android.okhttp.internal.http.SocketConnector.connectRawSocket(SocketConnector.java:160)

03-08 10:58:06.455 26902 23833 W System.err: 	at com.android.okhttp.internal.http.SocketConnector.connectTls(SocketConnector.java:79)

03-08 10:58:06.455 26902 23833 W System.err: 	at com.android.okhttp.Connection.connect(Connection.java:143)

03-08 10:58:06.455 26902 23833 W System.err: 	at com.android.okhttp.Connection.connectAndSetOwner(Connection.java:185)

03-08 10:58:06.456 26902 23833 W System.err: 	at com.android.okhttp.OkHttpClient$1.connectAndSetOwner(OkHttpClient.java:128)

03-08 10:58:06.456 26902 23833 W System.err: 	at com.android.okhttp.internal.http.HttpEngine.nextConnection(HttpEngine.java:342)

03-08 10:58:06.456 26902 23833 W System.err: 	at com.android.okhttp.internal.http.HttpEngine.connect(HttpEngine.java:331)

03-08 10:58:06.456 26902 23833 W System.err: 	at com.android.okhttp.internal.http.HttpEngine.sendRequest(HttpEngine.java:249)

03-08 10:58:06.456 26902 23833 W System.err: 	at com.android.okhttp.internal.huc.HttpURLConnectionImpl.execute(HttpURLConnectionImpl.java:437)

03-08 10:58:06.456 26902 23833 W System.err: 	at com.android.okhttp.internal.huc.HttpURLConnectionImpl.connect(HttpURLConnectionImpl.java:114)

03-08 10:58:06.456 26902 23833 W System.err: 	at com.android.okhttp.internal.huc.DelegatingHttpsURLConnection.connect(DelegatingHttpsURLConnection.java:89)

03-08 10:58:06.456 26902 23833 W System.err: 	at com.android.okhttp.internal.huc.HttpsURLConnectionImpl.connect(HttpsURLConnectionImpl.java:25)

03-08 10:58:06.456 26902 23833 W System.err: 	at com.baidu.location.h.e$4.run(Unknown Source)

03-08 10:58:06.457 26902 23833 I baidu_location_service: https NetworkCommunicationException!

03-08 10:58:06.511   372   476 I ThermalEngine: Sensor:batt_temp:329 mC

03-08 10:58:06.518  4099  5103 I XiaomiFirewall: firewall pkgName:com.baidu.BaiduMap, result:0x0

03-08 10:58:06.540  4269  4269 D wpa_supplicant: wlan0: Control interface command 'SCAN TYPE=ONLY'

03-08 10:58:06.540  4269  4269 D wpa_supplicant: wlan0: Setting scan request: 0.000000 sec

03-08 10:58:06.540  4269  4269 D wpa_supplicant: CTRL-DEBUG: global_ctrl_sock-sendto: sock=11 sndbuf=163840 outq=0 send_len=3

03-08 10:58:06.540  4269  4269 D wpa_supplicant: wlan0: Starting AP scan for wildcard SSID

03-08 10:58:06.540  4269  4269 D wpa_supplicant: wlan0: Add radio work 'scan'@0xb6919398

03-08 10:58:06.540  4269  4269 D wpa_supplicant: wlan0: First radio work item in the queue - schedule start immediately

03-08 10:58:06.540  4269  4269 D wpa_supplicant: wlan0: Starting radio work 'scan'@0xb6919398 after 0.000065 second wait

03-08 10:58:06.540  4269  4269 D wpa_supplicant: wlan0: nl80211: scan request

03-08 10:58:06.540  4269  4269 D wpa_supplicant: nl80211: Scan SSID - hexdump(len=0): [NULL]

03-08 10:58:06.540  4269  4269 D wpa_supplicant: nl80211: Scan extra IEs - hexdump(len=7): 7f 05 00 00 0a 02 01

03-08 10:58:06.554  4269  4269 D wpa_supplicant: Scan requested (ret=0) - scan timeout 30 seconds

03-08 10:58:06.554  4269  4269 D wpa_supplicant: nl80211: Event message available

03-08 10:58:06.555  4269  4269 D wpa_supplicant: nl80211: Drv Event 33 (NL80211_CMD_TRIGGER_SCAN) received for wlan0

03-08 10:58:06.555  4269  4269 D wpa_supplicant: wlan0: nl80211: Scan trigger

03-08 10:58:06.555  4269  4269 D wpa_supplicant: wlan0: Event SCAN_STARTED (47) received

03-08 10:58:06.555  4269  4269 D wpa_supplicant: wlan0: Own scan request started a scan in 0.000164 seconds

03-08 10:58:06.555  4269  4269 D wpa_supplicant: CTRL-DEBUG: ctrl_sock-sendmsg: sock=11 sndbuf=163840 outq=0 send_len=24

03-08 10:58:06.555  4269  4269 D wpa_supplicant: CTRL_IFACE monitor sent successfully to /data/misc/wifi/sockets/wpa_ctrl_1923-2\x00

03-08 10:58:07.513   372   476 I ThermalEngine: Sensor:batt_temp:329 mC

03-08 10:58:07.824  5352  9829 D FrozenAppController: FrozenAPP, is HasProcessOOMTooLow

03-08 10:58:07.824  5352  9829 D FrozenAppController: >>> event = 22 >>> state = 0 uid 10122

03-08 10:58:07.824  5352  9829 V FrozenAppController:     >>>>  MSG_FROZEN_APP : { uid: 10122 mState:0 mEvent:22 mIsForeground:false mLocationPolicy:255}

03-08 10:58:08.474  4269  4269 D wpa_supplicant: wlan0: Control interface command 'SIGNAL_POLL'

03-08 10:58:08.480  4269  4269 D wpa_supplicant: CTRL-DEBUG: global_ctrl_sock-sendto: sock=11 sndbuf=163840 outq=0 send_len=48

03-08 10:58:08.514   372   476 I ThermalEngine: Sensor:batt_temp:329 mC

03-08 10:58:08.780  4099  5103 I XiaomiFirewall: firewall pkgName:com.orvibo.homemate, result:0x0

03-08 10:58:08.875  1923  1923 E JavaBinder: !!! FAILED BINDER TRANSACTION !!!  (parcel size = 104)

03-08 10:58:09.133  1923  4266 D WifiHAL : Read rolling over to the start of ring buffer

03-08 10:58:09.515   372   476 I ThermalEngine: Sensor:batt_temp:329 mC

03-08 10:58:09.573 26902 26918 W Settings: Setting airplane_mode_on has moved from android.provider.Settings.System to android.provider.Settings.Global, returning read-only value.

03-08 10:58:09.588  4099  5103 I XiaomiFirewall: firewall pkgName:com.baidu.BaiduMap, result:0x0

03-08 10:58:09.592  6869 24532 D MSF.C.NetConnTag: netRecv ssoSeq:-1558461644 uin:*2908 cmd:-316037937 -1558460437

03-08 10:58:09.621  2859  2922 D Q.msg.TroopMsgProxy: insertToList MessageRecord=friendUin:1835senderuin:3945,istroop:1,msgType:-1035,time:1488941889,shmsgseq:209750

03-08 10:58:09.630  2859  2922 D Q.unread.ProxyUnreadMonitor: insertOrUpdateUnread update=--ConversationInfo--,shortUin:*1835,type:1,lastread:204096,unreadCount:5646,unreadGiftCount:0,unreadRedPacketCount:0,unreadMark:0

03-08 10:58:09.663 23503 23575 D UTAnalytics:CommitTask: pid:23503 check&commit event:65501,

03-08 10:58:09.666 23503 23571 D UTAnalytics:CommitTask: pid:23503 check&commit event:65502,

03-08 10:58:09.666 23503 23571 D UTAnalytics:CommitTask: pid:23503 next:65502,

03-08 10:58:09.666 23503 23571 D UTAnalytics:CommitTask: pid:23503 check&commit event:65503,

03-08 10:58:09.666 23503 23571 D UTAnalytics:CommitTask: pid:23503 next:65503,

03-08 10:58:09.669 23503 23575 D UTAnalytics:CommitTask: pid:23503 next:65501,

03-08 10:58:09.672 23503 23571 D UTAnalytics:UTUtil: pid:23503 upload without flowback. args:{ARG1=feedback, counterData={"meta":{"sdk-version":"2.5.1_for_bc"},"data":[{"page":"feedback","monitorPoint":"getUnreadCountSuccess","count":3,"value":0}]}, USERNICK=, ARG2=getUnreadCountSuccess, EVENTID=65502, USERID=, ACCESS=Wi-Fi, ACCESS_SUBTYPE=Unknown},

03-08 10:58:09.672 23503 23571 D UTAnalytics:null: pid:23503 [sendToUT]: args:{ARG1=feedback, counterData={"meta":{"sdk-version":"2.5.1_for_bc"},"data":[{"page":"feedback","monitorPoint":"getUnreadCountSuccess","count":3,"value":0}]}, USERNICK=, ARG2=getUnreadCountSuccess, EVENTID=65502, USERID=, ACCESS=Wi-Fi, ACCESS_SUBTYPE=Unknown},

03-08 10:58:09.674 23503 23571 D UTAnalytics:UTDC: pid:23503 [commit] page:eventId:65502,arg1:feedback,arg2:getUnreadCountSuccess,arg3:args:{ARG1=feedback, counterData={"meta":{"sdk-version":"2.5.1_for_bc"},"data":[{"page":"feedback","monitorPoint":"getUnreadCountSuccess","count":3,"value":0}]}, USERNICK=, ARG2=getUnreadCountSuccess, EVENTID=65502, USERID=, ACCESS=Wi-Fi, ACCESS_SUBTYPE=Unknown},

03-08 10:58:09.677  2859  2922 D Q.msg.QQMessageFacadeUnreadMonitor: Recent Msg Unread: (0,0,43) (9980,9000,0) (9953,7230,4) (9992,7000,0) 

03-08 10:58:09.684 23503 23571 D UTAnalytics:UTLog: pid:23503 Log [id=0, eventId=65502, index=],867451020054497||WL4Uxp3/0mBYvRluo5uk/g==||Xiaomi||MI NOTE LTE||1920*1080||Unknown||Wi-Fi||Unknown||null||23256401||2.3.0.200||-||-||-||-||zh||a||6.0.1||2.5.1_for_bc||1488941864637||WJfwe+sntC4DAAdSBLpxQDCW||mini||-||-||-||-||_ap=1_mac=02:00:00:00:00:00||1488941889675||-||65502||feedback||getUnreadCountSuccess||-||counterData={"meta":{"sdk-version":"2.5.1_for_bc"},"data":[{"page":"feedback","monitorPoint":"getUnreadCountSuccess","count":3,"value":0}]},

03-08 10:58:09.684 23503 23571 D UTAnalytics:LogStoreMgr: pid:23503 [add] :,

03-08 10:58:09.696  2859 23960 D ProxyIpManagerImpl: Load local proxy ip failed, uin:*2908 type: 3 reason: not mobile network!

03-08 10:58:09.698  2859 23960 D TicketManager: get ticket succ, stKey!

03-08 10:58:09.699  2859 23960 D TicketManager: get ticket succ, st!

03-08 10:58:09.713  4099  5103 I XiaomiFirewall: firewall pkgName:com.tencent.mobileqq, result:0x0

03-08 10:58:10.348  5352  9829 D FrozenAppController: FrozenAPP, is HasProcessOOMTooLow

03-08 10:58:10.348  5352  9829 D FrozenAppController: >>> event = 22 >>> state = 0 uid 10120

03-08 10:58:10.349  5352  9829 V FrozenAppController:     >>>>  MSG_FROZEN_APP : { uid: 10120 mState:0 mEvent:22 mIsForeground:false mLocationPolicy:255}

03-08 10:58:10.516   372   476 I ThermalEngine: Sensor:batt_temp:329 mC

03-08 10:58:10.706  4269  4269 D wpa_supplicant: nl80211: Event message available

03-08 10:58:10.706  4269  4269 D wpa_supplicant: nl80211: Drv Event 34 (NL80211_CMD_NEW_SCAN_RESULTS) received for wlan0

03-08 10:58:10.706  4269  4269 D wpa_supplicant: wlan0: nl80211: New scan results available

03-08 10:58:10.706  4269  4269 D wpa_supplicant: nl80211: Scan included frequencies: 2412 2417 2422 2427 2432 2437 2442 2447 2452 2457 2462 2467 2472 5180 5200 5220 5240 5260 5280 5300 5320 5500 5520 5540 5560 5580 5600 5620 5640 5660 5680 5700 5745 5765 5785 5805 5825

03-08 10:58:10.706  4269  4269 D wpa_supplicant: wlan0: Event SCAN_RESULTS (3) received

03-08 10:58:10.706  4269  4269 D wpa_supplicant: wlan0: Scan completed in 4.151566 seconds

03-08 10:58:10.706  4269  4269 D wpa_supplicant: nl80211: Associated on 2422 MHz

03-08 10:58:10.706  4269  4269 D wpa_supplicant: nl80211: Associated with c0:3d:46:00:1a:5a

03-08 10:58:10.706  1923  4266 D WifiHAL : Read rolling over to the start of ring buffer

03-08 10:58:10.707  4269  4269 D wpa_supplicant: nl80211: Received scan results (33 BSSes)

03-08 10:58:10.707  4269  4269 D wpa_supplicant: nl80211: Scan results indicate BSS status with c0:3d:46:00:1a:5a as associated

03-08 10:58:10.707  4269  4269 D wpa_supplicant: wlan0: BSS: Start scan result update 8901

03-08 10:58:10.707  4269  4269 D wpa_supplicant: wlan0: BSS: Add new id 26726 BSSID cc:81:da:c4:ad:a0 SSID '50.1-qian'

03-08 10:58:10.707  4269  4269 D wpa_supplicant: CTRL-DEBUG: ctrl_sock-sendmsg: sock=11 sndbuf=163840 outq=0 send_len=44

03-08 10:58:10.707  4269  4269 D wpa_supplicant: CTRL_IFACE monitor sent successfully to /data/misc/wifi/sockets/wpa_ctrl_1923-2\x00

03-08 10:58:10.707  4269  4269 D wpa_supplicant: wlan0: BSS: Add new id 26727 BSSID d8:15:0d:6c:70:10 SSID '@ZigbeeTeam_Ext'

03-08 10:58:10.707  4269  4269 D wpa_supplicant: CTRL-DEBUG: ctrl_sock-sendmsg: sock=11 sndbuf=163840 outq=448 send_len=44

03-08 10:58:10.707  4269  4269 D wpa_supplicant: CTRL_IFACE monitor sent successfully to /data/misc/wifi/sockets/wpa_ctrl_1923-2\x00

03-08 10:58:10.707  4269  4269 D wpa_supplicant: wlan0: BSS: Remove id 26712 BSSID e0:10:7f:0b:f3:68 SSID 'ORVIBO' due to no match in scan

03-08 10:58:10.707  4269  4269 D wpa_supplicant: CTRL-DEBUG: ctrl_sock-sendmsg: sock=11 sndbuf=163840 outq=896 send_len=46

03-08 10:58:10.707  4269  4269 D wpa_supplicant: CTRL_IFACE monitor sent successfully to /data/misc/wifi/sockets/wpa_ctrl_1923-2\x00

03-08 10:58:10.708  4269  4269 D wpa_supplicant: wlan0: BSS: Remove id 26713 BSSID e0:10:7f:4b:f3:68 SSID 'WX-ORVIBO-Guest' due to no match in scan

03-08 10:58:10.708  4269  4269 D wpa_supplicant: CTRL-DEBUG: ctrl_sock-sendmsg: sock=11 sndbuf=163840 outq=1344 send_len=46

03-08 10:58:10.708  4269  4269 D wpa_supplicant: CTRL_IFACE monitor sent successfully to /data/misc/wifi/sockets/wpa_ctrl_1923-2\x00

03-08 10:58:10.708  4269  4269 D wpa_supplicant: wlan0: BSS: Remove id 26718 BSSID d4:ee:07:3f:27:1c SSID 'zhanting' due to no match in scan

03-08 10:58:10.708  4269  4269 D wpa_supplicant: CTRL-DEBUG: ctrl_sock-sendmsg: sock=11 sndbuf=163840 outq=1792 send_len=46

03-08 10:58:10.708  4269  4269 D wpa_supplicant: CTRL_IFACE monitor sent successfully to /data/misc/wifi/sockets/wpa_ctrl_1923-2\x00

03-08 10:58:10.708  4269  4269 D wpa_supplicant: wlan0: BSS: Remove id 26720 BSSID 20:76:93:24:bd:72 SSID 'wukong222' due to no match in scan

03-08 10:58:10.708  4269  4269 D wpa_supplicant: CTRL-DEBUG: ctrl_sock-sendmsg: sock=11 sndbuf=163840 outq=2240 send_len=46

03-08 10:58:10.708  4269  4269 D wpa_supplicant: CTRL_IFACE monitor sent successfully to /data/misc/wifi/sockets/wpa_ctrl_1923-2\x00

03-08 10:58:10.708  4269  4269 D wpa_supplicant: wlan0: BSS: Remove id 26721 BSSID 04:f0:21:26:f9:27 SSID 'yunji-tele' due to no match in scan

03-08 10:58:10.708  4269  4269 D wpa_supplicant: CTRL-DEBUG: ctrl_sock-sendmsg: sock=11 sndbuf=163840 outq=2688 send_len=46

03-08 10:58:10.708  4269  4269 D wpa_supplicant: CTRL_IFACE monitor sent successfully to /data/misc/wifi/sockets/wpa_ctrl_1923-2\x00

03-08 10:58:10.708  4269  4269 D wpa_supplicant: BSS: last_scan_res_used=33/64

03-08 10:58:10.708  4269  4269 D wpa_supplicant: wlan0: Scan-only results received

03-08 10:58:10.708  4269  4269 D wpa_supplicant: CTRL-DEBUG: ctrl_sock-sendmsg: sock=11 sndbuf=163840 outq=3136 send_len=24

03-08 10:58:10.708  4269  4269 D wpa_supplicant: CTRL_IFACE monitor sent successfully to /data/misc/wifi/sockets/wpa_ctrl_1923-2\x00

03-08 10:58:10.708  4269  4269 D wpa_supplicant: wlan0: Radio work 'scan'@0xb6919398 done in 4.168270 seconds

03-08 10:58:10.721  4269  4269 D wpa_supplicant: CTRL-DEBUG: global_ctrl_sock-sendto: sock=11 sndbuf=163840 outq=0 send_len=3995

03-08 10:58:10.724  4269  4269 D wpa_supplicant: RTM_NEWLINK: ifi_index=22 ifname=wlan0 wext ifi_family=0 ifi_flags=0x11043 ([UP][RUNNING][LOWER_UP])

03-08 10:58:10.727  4269  4269 D wpa_supplicant: CTRL-DEBUG: global_ctrl_sock-sendto: sock=11 sndbuf=163840 outq=0 send_len=3849

03-08 10:58:10.732  4269  4269 D wpa_supplicant: CTRL-DEBUG: global_ctrl_sock-sendto: sock=11 sndbuf=163840 outq=0 send_len=4030

03-08 10:58:10.734   433   644 W XTCC-5.1.0.8: [WifiScanner] WiFi scan result : [28] AP's

03-08 10:58:10.737  4269  4269 D wpa_supplicant: CTRL-DEBUG: global_ctrl_sock-sendto: sock=11 sndbuf=163840 outq=0 send_len=3897

03-08 10:58:10.741  4269  4269 D wpa_supplicant: CTRL-DEBUG: global_ctrl_sock-sendto: sock=11 sndbuf=163840 outq=0 send_len=3908

03-08 10:58:10.744  4269  4269 D wpa_supplicant: CTRL-DEBUG: global_ctrl_sock-sendto: sock=11 sndbuf=163840 outq=0 send_len=3979

03-08 10:58:10.747  4269  4269 D wpa_supplicant: CTRL-DEBUG: global_ctrl_sock-sendto: sock=11 sndbuf=163840 outq=0 send_len=4046

03-08 10:58:10.748  4269  4269 D wpa_supplicant: CTRL-DEBUG: global_ctrl_sock-sendto: sock=11 sndbuf=163840 outq=0 send_len=529

03-08 10:58:10.822  4269  4269 D wpa_supplicant: EAPOL: EAP Session-Id not available

03-08 10:58:10.823  4269  4269 D wpa_supplicant: CTRL-DEBUG: global_ctrl_sock-sendto: sock=11 sndbuf=163840 outq=0 send_len=278

03-08 10:58:10.831  4188 30278 I StepsProvider: Steps Provider Query

03-08 10:58:10.849 26390 27008 E WifiDeviceFinder: start process end time - 13

03-08 10:58:10.872 26390 26435 E WifiScanHomelog: start process end time - 27

03-08 10:58:10.909  4188  4327 W WtProcessController: do not trim { PackageName :com.miui.home Pid: 4270 Uid: 10019 Start by: unknown Score:50 Old score:50 state:0 mBackgroundTimeInMillis:1488941863102 WakelockCount:0 wakelogsize:0  ActivityDestroied:false Activity size: 1 PackageInfo:{WhetstonePackageInfo#PacakgeName:com.miui.home uid:10019 uiMemoryThresold:0 nonUiMemoryThresold:0 Flag:-2147483392,0x80000100 [,APP_SYSTEM] Type:0[] } tasknum:6841}

03-08 10:58:10.930  4188  4327 W WtProcessController: do not trim { PackageName :com.orvibo.homemate Pid: 23601 Uid: 10133 Start by: service Score:50 Old score:50 state:0 mBackgroundTimeInMillis:1488941871180 WakelockCount:0 wakelogsize:0  ActivityDestroied:false Activity size: 0 PackageInfo:{WhetstonePackageInfo#PacakgeName:com.orvibo.homemate uid:10133 uiMemoryThresold:0 nonUiMemoryThresold:0 Flag:5184,0x1440 [,TRIMHEAPS,SOFT_RESET,FLAG_DEAL_SCHEDULE] Type:0[] } tasknum:-1}

03-08 10:58:11.394  6869  6988 W Settings: Setting airplane_mode_on has moved from android.provider.Settings.System to android.provider.Settings.Global, returning read-only value.

03-08 10:58:11.395  6869  6988 W beacon  : onUserAction return false, because eventName:[MixedMsgReceived] is not allowed in server strategy!

03-08 10:58:11.397  6869  6988 W Settings: Setting airplane_mode_on has moved from android.provider.Settings.System to android.provider.Settings.Global, returning read-only value.

03-08 10:58:11.398  6869  6988 W beacon  : onUserAction return false, because eventName:[actDnsReq] is not allowed in server strategy!

03-08 10:58:11.401  6869  6988 W Settings: Setting airplane_mode_on has moved from android.provider.Settings.System to android.provider.Settings.Global, returning read-only value.

03-08 10:58:11.402  6869  6988 W beacon  : onUserAction return false, because eventName:[actGroupPicSmallDownV1] is not allowed in server strategy!

03-08 10:58:11.487  4269  4269 D wpa_supplicant: wlan0: Control interface command 'SIGNAL_POLL'

03-08 10:58:11.503  4269  4269 D wpa_supplicant: CTRL-DEBUG: global_ctrl_sock-sendto: sock=11 sndbuf=163840 outq=0 send_len=48

03-08 10:58:11.517   372   476 I ThermalEngine: Sensor:batt_temp:329 mC

03-08 10:58:11.894  1923  1923 E JavaBinder: !!! FAILED BINDER TRANSACTION !!!  (parcel size = 104)

03-08 10:58:12.518   372   476 I ThermalEngine: Sensor:batt_temp:329 mC

03-08 10:58:12.901  1923  1923 E JavaBinder: !!! FAILED BINDER TRANSACTION !!!  (parcel size = 104)

03-08 10:58:13.520   372   476 I ThermalEngine: Sensor:batt_temp:329 mC

03-08 10:58:13.910  1923  1923 E JavaBinder: !!! FAILED BINDER TRANSACTION !!!  (parcel size = 104)

03-08 10:58:14.078 23503 23549 D NAT     : SYMMETRIC_NAT

03-08 10:58:14.080 23503 23549 D NAT     : call void method before

03-08 10:58:14.080 23503 23549 D NAT     : call void method after

03-08 10:58:14.508  4269  4269 D wpa_supplicant: wlan0: Control interface command 'SIGNAL_POLL'

03-08 10:58:14.521   372   476 I ThermalEngine: Sensor:batt_temp:329 mC

03-08 10:58:14.524  4269  4269 D wpa_supplicant: CTRL-DEBUG: global_ctrl_sock-sendto: sock=11 sndbuf=163840 outq=0 send_len=48

03-08 10:58:14.693 23503 23575 D UTAnalytics:LogStoreMgr: pid:23503 [store],

03-08 10:58:14.714 23503 23575 D UTAnalytics:UTSqliteLogStore: pid:23503 [insert] ,, isSuccess:true,ret,1357,

03-08 10:58:14.928  1923  1923 E JavaBinder: !!! FAILED BINDER TRANSACTION !!!  (parcel size = 104)

03-08 10:58:15.522   372   476 I ThermalEngine: Sensor:batt_temp:329 mC

03-08 10:58:15.867  6869 24532 D MSF.C.NetConnTag: netRecv ssoSeq:-1558444670 uin:*2908 cmd:-316037937 -1558443351

03-08 10:58:15.923  2859  2922 D Q.msg.TroopMsgProxy: insertToList MessageRecord=friendUin:8283senderuin:4325,istroop:1,msgType:-1035,time:1488941895,shmsgseq:122331

03-08 10:58:15.929  2859  2922 D Q.unread.ProxyUnreadMonitor: insertOrUpdateUnread update=--ConversationInfo--,shortUin:*8283,type:1,lastread:122301,unreadCount:30,unreadGiftCount:0,unreadRedPacketCount:0,unreadMark:0

03-08 10:58:15.960  2859  2922 D Q.msg.QQMessageFacadeUnreadMonitor: Recent Msg Unread: (0,0,43) (9980,9000,0) (9953,7230,4) (9992,7000,0) 

03-08 10:58:15.975  2859 24018 D ProxyIpManagerImpl: Load local proxy ip failed, uin:*2908 type: 3 reason: not mobile network!

03-08 10:58:15.977  2859 24018 D TicketManager: get ticket succ, stKey!

03-08 10:58:15.978  2859 24018 D TicketManager: get ticket succ, st!

03-08 10:58:16.027 29006 29006 W AppWatcher: type=1400 audit(0.0:957086): avc: denied { getattr } for path="/proc/opalum-temp-calib" dev="proc" ino=4026534634 scontext=u:r:untrusted_app:s0:c512,c768 tcontext=u:object_r:proc_opalum:s0 tclass=file permissive=0

03-08 10:58:16.027 29006 29006 W AppWatcher: type=1400 audit(0.0:957087): avc: denied { getattr } for path="/proc/opalum-f0-calib" dev="proc" ino=4026534633 scontext=u:r:untrusted_app:s0:c512,c768 tcontext=u:object_r:proc_opalum:s0 tclass=file permissive=0

03-08 10:58:16.027 29006 29006 W AppWatcher: type=1400 audit(0.0:957088): avc: denied { getattr } for path="/proc/sysrq-trigger" dev="proc" ino=4026533735 scontext=u:r:untrusted_app:s0:c512,c768 tcontext=u:object_r:proc_sysrq:s0 tclass=file permissive=0

03-08 10:58:16.037 29006 29006 W AppWatcher: type=1400 audit(0.0:957089): avc: denied { getattr } for path="/proc/1" dev="proc" ino=907269 scontext=u:r:untrusted_app:s0:c512,c768 tcontext=u:r:init:s0 tclass=dir permissive=0

03-08 10:58:16.037 29006 29006 W AppWatcher: type=1400 audit(0.0:957090): avc: denied { getattr } for path="/proc/2" dev="proc" ino=907270 scontext=u:r:untrusted_app:s0:c512,c768 tcontext=u:r:kernel:s0 tclass=dir permissive=0

03-08 10:58:16.047 29006 29006 W AppWatcher: type=1400 audit(0.0:957091): avc: denied { getattr } for path="/proc/3" dev="proc" ino=907271 scontext=u:r:untrusted_app:s0:c512,c768 tcontext=u:r:kernel:s0 tclass=dir permissive=0

03-08 10:58:16.047 29006 29006 W AppWatcher: type=1400 audit(0.0:957092): avc: denied { getattr } for path="/proc/6" dev="proc" ino=907272 scontext=u:r:untrusted_app:s0:c512,c768 tcontext=u:r:kernel:s0 tclass=dir permissive=0

03-08 10:58:16.047 29006 29006 W AppWatcher: type=1400 audit(0.0:957093): avc: denied { getattr } for path="/proc/7" dev="proc" ino=907273 scontext=u:r:untrusted_app:s0:c512,c768 tcontext=u:r:kernel:s0 tclass=dir permissive=0

03-08 10:58:16.047 29006 29006 W AppWatcher: type=1400 audit(0.0:957094): avc: denied { getattr } for path="/proc/8" dev="proc" ino=907274 scontext=u:r:untrusted_app:s0:c512,c768 tcontext=u:r:kernel:s0 tclass=dir permissive=0

03-08 10:58:16.047 29006 29006 W AppWatcher: type=1400 audit(0.0:957095): avc: denied { getattr } for path="/proc/21" dev="proc" ino=907275 scontext=u:r:untrusted_app:s0:c512,c768 tcontext=u:r:kernel:s0 tclass=dir permissive=0

03-08 10:58:16.047 29006 29006 W AppWatcher: type=1400 audit(0.0:957096): avc: denied { getattr } for path="/proc/22" dev="proc" ino=907276 scontext=u:r:untrusted_app:s0:c512,c768 tcontext=u:r:kernel:s0 tclass=dir permissive=0

