03-30 10:37:19.818 12852 12963 D HomeMate: comm[ Thread-44428: FileTool.java:65 deleteOldFiles() ] - deleteOldFiles()-fileName:HomeMate_20170310150515.222.txt

03-30 10:37:19.819 12852 12963 D HomeMate: comm[ Thread-44428: FileTool.java:65 deleteOldFiles() ] - deleteOldFiles()-fileName:HomeMate_20170310150407.838.txt

03-30 10:37:19.819 12852 12963 D HomeMate: comm[ Thread-44428: FileTool.java:65 deleteOldFiles() ] - deleteOldFiles()-fileName:HomeMate_20170310150130.202.txt

03-30 10:37:19.819 12852 12963 D HomeMate: comm[ Thread-44428: FileTool.java:65 deleteOldFiles() ] - deleteOldFiles()-fileName:HomeMate_20170310145952.251.txt

03-30 10:37:19.821 12852 12963 D HomeMate: comm[ Thread-44428: FileTool.java:65 deleteOldFiles() ] - deleteOldFiles()-fileName:HomeMate_20170310145813.560.txt

03-30 10:37:19.821 12852 12963 D HomeMate: comm[ Thread-44428: FileTool.java:65 deleteOldFiles() ] - deleteOldFiles()-fileName:HomeMate_20170310145709.868.txt

03-30 10:37:19.821 12852 12963 D HomeMate: comm[ Thread-44428: FileTool.java:65 deleteOldFiles() ] - deleteOldFiles()-fileName:HomeMate_20170310145544.931.txt

03-30 10:37:19.822 12852 12963 D HomeMate: comm[ Thread-44428: FileTool.java:65 deleteOldFiles() ] - deleteOldFiles()-fileName:HomeMate_20170310145444.651.txt

03-30 10:37:19.822 12852 12963 D HomeMate: comm[ Thread-44428: FileTool.java:65 deleteOldFiles() ] - deleteOldFiles()-fileName:HomeMate_20170310133616.022.txt

03-30 10:37:19.823 12852 12963 D HomeMate: comm[ Thread-44428: FileTool.java:65 deleteOldFiles() ] - deleteOldFiles()-fileName:HomeMate_20170310133527.540.txt

03-30 10:37:19.823 12852 12963 D HomeMate: comm[ Thread-44428: FileTool.java:65 deleteOldFiles() ] - deleteOldFiles()-fileName:HomeMate_20170310121228.434.txt

03-30 10:37:19.823 12852 12963 D HomeMate: comm[ Thread-44428: FileTool.java:65 deleteOldFiles() ] - deleteOldFiles()-fileName:HomeMate_20170310110904.696.txt

03-30 10:37:19.824 12852 12963 D HomeMate: comm[ Thread-44428: FileTool.java:65 deleteOldFiles() ] - deleteOldFiles()-fileName:HomeMate_20170310105146.736.txt

03-30 10:37:19.824 12852 12963 D HomeMate: comm[ Thread-44428: FileTool.java:65 deleteOldFiles() ] - deleteOldFiles()-fileName:HomeMate_20170310102531.620.txt

03-30 10:37:19.825 12852 12963 D HomeMate: comm[ Thread-44428: FileTool.java:65 deleteOldFiles() ] - deleteOldFiles()-fileName:HomeMate_20170310102047.927.txt

03-30 10:37:19.825 12852 12963 D HomeMate: comm[ Thread-44428: FileTool.java:65 deleteOldFiles() ] - deleteOldFiles()-fileName:HomeMate_20170310093630.776.txt

03-30 10:37:19.825 12852 12963 D HomeMate: comm[ Thread-44428: FileTool.java:65 deleteOldFiles() ] - deleteOldFiles()-fileName:HomeMate_20170309205906.867.txt

03-30 10:37:19.826 12852 12963 D HomeMate: comm[ Thread-44428: FileTool.java:65 deleteOldFiles() ] - deleteOldFiles()-fileName:HomeMate_20170309205737.844.txt

03-30 10:37:19.826 12852 12963 D HomeMate: comm[ Thread-44428: FileTool.java:65 deleteOldFiles() ] - deleteOldFiles()-fileName:HomeMate_20170309205634.134.txt

03-30 10:37:19.827 12852 12963 D HomeMate: comm[ Thread-44428: FileTool.java:65 deleteOldFiles() ] - deleteOldFiles()-fileName:HomeMate_20170309205459.147.txt

03-30 10:37:19.827 12852 12963 D HomeMate: comm[ Thread-44428: FileTool.java:65 deleteOldFiles() ] - deleteOldFiles()-fileName:HomeMate_20170309205306.529.txt

03-30 10:37:19.828 12852 12963 D HomeMate: comm[ Thread-44428: FileTool.java:65 deleteOldFiles() ] - deleteOldFiles()-fileName:HomeMate_20170309205122.108.txt

03-30 10:37:19.828 12852 12963 D HomeMate: comm[ Thread-44428: FileTool.java:65 deleteOldFiles() ] - deleteOldFiles()-fileName:HomeMate_20170309204958.234.txt

03-30 10:37:19.829 12852 12963 D HomeMate: comm[ Thread-44428: FileTool.java:65 deleteOldFiles() ] - deleteOldFiles()-fileName:HomeMate_20170309204915.876.txt

03-30 10:37:19.830 12852 12963 D HomeMate: comm[ Thread-44428: FileTool.java:65 deleteOldFiles() ] - deleteOldFiles()-fileName:HomeMate_20170309204817.863.txt

03-30 10:37:19.830 12852 12963 D HomeMate: comm[ Thread-44428: FileTool.java:65 deleteOldFiles() ] - deleteOldFiles()-fileName:HomeMate_20170309204717.941.txt

03-30 10:37:19.830 12852 12963 D HomeMate: comm[ Thread-44428: FileTool.java:65 deleteOldFiles() ] - deleteOldFiles()-fileName:HomeMate_20170309204631.905.txt

03-30 10:37:19.831 12852 12963 D HomeMate: comm[ Thread-44428: FileTool.java:65 deleteOldFiles() ] - deleteOldFiles()-fileName:HomeMate_20170309204548.135.txt

03-30 10:37:19.831 12852 12963 D HomeMate: comm[ Thread-44428: FileTool.java:65 deleteOldFiles() ] - deleteOldFiles()-fileName:HomeMate_20170309204435.854.txt

03-30 10:37:19.832 12852 12963 D HomeMate: comm[ Thread-44428: FileTool.java:65 deleteOldFiles() ] - deleteOldFiles()-fileName:HomeMate_20170309204337.334.txt

03-30 10:37:19.832 12852 12963 D HomeMate: comm[ Thread-44428: FileTool.java:65 deleteOldFiles() ] - deleteOldFiles()-fileName:HomeMate_20170309204251.126.txt

03-30 10:37:19.832 12852 12963 D HomeMate: comm[ Thread-44428: FileTool.java:65 deleteOldFiles() ] - deleteOldFiles()-fileName:HomeMate_20170309203838.930.txt

03-30 10:37:19.833 12852 12963 D HomeMate: comm[ Thread-44428: FileTool.java:65 deleteOldFiles() ] - deleteOldFiles()-fileName:HomeMate_20170309203736.066.txt

03-30 10:37:19.833 12852 12963 D HomeMate: comm[ Thread-44428: FileTool.java:65 deleteOldFiles() ] - deleteOldFiles()-fileName:HomeMate_20170309203656.220.txt

03-30 10:37:19.834 12852 12963 D HomeMate: comm[ Thread-44428: FileTool.java:65 deleteOldFiles() ] - deleteOldFiles()-fileName:HomeMate_20170309203615.448.txt

03-30 10:37:19.834 12852 12963 D HomeMate: comm[ Thread-44428: FileTool.java:65 deleteOldFiles() ] - deleteOldFiles()-fileName:HomeMate_20170309203502.053.txt

03-30 10:37:19.835 12852 12963 D HomeMate: comm[ Thread-44428: FileTool.java:65 deleteOldFiles() ] - deleteOldFiles()-fileName:HomeMate_20170309203335.723.txt

03-30 10:37:19.835 12852 12963 D HomeMate: comm[ Thread-44428: FileTool.java:65 deleteOldFiles() ] - deleteOldFiles()-fileName:HomeMate_20170309203105.202.txt

03-30 10:37:19.835 12852 12963 D HomeMate: comm[ Thread-44428: FileTool.java:65 deleteOldFiles() ] - deleteOldFiles()-fileName:HomeMate_20170309201718.696.txt

03-30 10:37:19.836 12852 12963 D HomeMate: comm[ Thread-44428: FileTool.java:65 deleteOldFiles() ] - deleteOldFiles()-fileName:HomeMate_20170309201639.689.txt

03-30 10:37:19.836 12852 12963 D HomeMate: comm[ Thread-44428: FileTool.java:65 deleteOldFiles() ] - deleteOldFiles()-fileName:HomeMate_20170309201559.049.txt

03-30 10:37:19.837 12852 12963 D HomeMate: comm[ Thread-44428: FileTool.java:65 deleteOldFiles() ] - deleteOldFiles()-fileName:HomeMate_20170309201444.590.txt

03-30 10:37:19.837 12852 12963 D HomeMate: comm[ Thread-44428: FileTool.java:65 deleteOldFiles() ] - deleteOldFiles()-fileName:HomeMate_20170309201317.445.txt

03-30 10:37:19.838 12852 12852 D HomeMate: allen[ main: HomeFragment.java:209 onResume() ] - onResume()

03-30 10:37:19.840 12852 12963 D HomeMate: comm[ Thread-44428: FileTool.java:65 deleteOldFiles() ] - deleteOldFiles()-fileName:HomeMate_20170309200921.876.txt

03-30 10:37:19.841 12852 12963 D HomeMate: comm[ Thread-44428: FileTool.java:65 deleteOldFiles() ] - deleteOldFiles()-fileName:HomeMate_20170309200820.771.txt

03-30 10:37:19.841 12852 12963 D HomeMate: comm[ Thread-44428: FileTool.java:65 deleteOldFiles() ] - deleteOldFiles()-fileName:HomeMate_20170309200653.340.txt

03-30 10:37:19.842 12852 12963 D HomeMate: comm[ Thread-44428: FileTool.java:65 deleteOldFiles() ] - deleteOldFiles()-fileName:HomeMate_20170309200316.267.txt

03-30 10:37:19.842 12852 12963 D HomeMate: comm[ Thread-44428: FileTool.java:65 deleteOldFiles() ] - deleteOldFiles()-fileName:HomeMate_20170309200200.944.txt

03-30 10:37:19.843 12852 12963 D HomeMate: comm[ Thread-44428: FileTool.java:65 deleteOldFiles() ] - deleteOldFiles()-fileName:HomeMate_20170309200035.538.txt

03-30 10:37:19.843 12852 12963 D HomeMate: comm[ Thread-44428: FileTool.java:65 deleteOldFiles() ] - deleteOldFiles()-fileName:HomeMate_20170309195947.748.txt

03-30 10:37:19.843 12852 12963 D HomeMate: comm[ Thread-44428: FileTool.java:65 deleteOldFiles() ] - deleteOldFiles()-fileName:HomeMate_20170309192501.381.txt

03-30 10:37:19.844 12852 12963 D HomeMate: comm[ Thread-44428: FileTool.java:65 deleteOldFiles() ] - deleteOldFiles()-fileName:HomeMate_20170309192422.181.txt

03-30 10:37:19.844 12852 12963 D HomeMate: comm[ Thread-44428: FileTool.java:65 deleteOldFiles() ] - deleteOldFiles()-fileName:HomeMate_20170309192341.227.txt

03-30 10:37:19.845 12852 12963 D HomeMate: comm[ Thread-44428: FileTool.java:65 deleteOldFiles() ] - deleteOldFiles()-fileName:HomeMate_20170309192300.044.txt

03-30 10:37:19.845 12852 12963 D HomeMate: comm[ Thread-44428: FileTool.java:65 deleteOldFiles() ] - deleteOldFiles()-fileName:HomeMate_20170309192219.402.txt

03-30 10:37:19.845 12852 12963 D HomeMate: comm[ Thread-44428: FileTool.java:65 deleteOldFiles() ] - deleteOldFiles()-fileName:HomeMate_20170309192137.345.txt

03-30 10:37:19.846 12852 12963 D HomeMate: comm[ Thread-44428: FileTool.java:65 deleteOldFiles() ] - deleteOldFiles()-fileName:HomeMate_20170309192057.430.txt

03-30 10:37:19.846 12852 12963 D HomeMate: comm[ Thread-44428: FileTool.java:65 deleteOldFiles() ] - deleteOldFiles()-fileName:HomeMate_20170309192014.339.txt

03-30 10:37:19.847 12852 12963 D HomeMate: comm[ Thread-44428: FileTool.java:65 deleteOldFiles() ] - deleteOldFiles()-fileName:HomeMate_20170309191933.811.txt

03-30 10:37:19.847 12852 12963 D HomeMate: comm[ Thread-44428: FileTool.java:65 deleteOldFiles() ] - deleteOldFiles()-fileName:HomeMate_20170309191854.958.txt

03-30 10:37:19.848 12852 12963 D HomeMate: comm[ Thread-44428: FileTool.java:65 deleteOldFiles() ] - deleteOldFiles()-fileName:HomeMate_20170309191815.482.txt

03-30 10:37:19.848 12852 13031 W System  : ClassLoader referenced unknown path: /system/framework/tcmclient.jar

03-30 10:37:19.848 12852 12963 D HomeMate: comm[ Thread-44428: FileTool.java:65 deleteOldFiles() ] - deleteOldFiles()-fileName:HomeMate_20170309191735.158.txt

03-30 10:37:19.848 12852 12963 D HomeMate: comm[ Thread-44428: FileTool.java:65 deleteOldFiles() ] - deleteOldFiles()-fileName:HomeMate_20170309191654.805.txt

03-30 10:37:19.850 12852 12963 D HomeMate: comm[ Thread-44428: FileTool.java:65 deleteOldFiles() ] - deleteOldFiles()-fileName:HomeMate_20170309191613.717.txt

03-30 10:37:19.850 12852 12963 D HomeMate: comm[ Thread-44428: FileTool.java:65 deleteOldFiles() ] - deleteOldFiles()-fileName:HomeMate_20170309191531.434.txt

03-30 10:37:19.851 12852 12963 D HomeMate: comm[ Thread-44428: FileTool.java:65 deleteOldFiles() ] - deleteOldFiles()-fileName:HomeMate_20170309191451.338.txt

03-30 10:37:19.852 12852 12963 D HomeMate: comm[ Thread-44428: FileTool.java:65 deleteOldFiles() ] - deleteOldFiles()-fileName:HomeMate_20170309191410.361.txt

03-30 10:37:19.852 12852 12963 D HomeMate: comm[ Thread-44428: FileTool.java:65 deleteOldFiles() ] - deleteOldFiles()-fileName:HomeMate_20170309191329.757.txt

03-30 10:37:19.853 12852 12963 D HomeMate: comm[ Thread-44428: FileTool.java:65 deleteOldFiles() ] - deleteOldFiles()-fileName:HomeMate_20170309191214.963.txt

03-30 10:37:19.861 12852 12852 D HomeMate: comm[ main: BaseFragment.java:74 onAttach() ] - HomePagerFragment

03-30 10:37:19.862 12852 12963 D HomeMate: comm[ Thread-44428: FileTool.java:65 deleteOldFiles() ] - deleteOldFiles()-fileName:HomeMate_20170309191047.022.txt

03-30 10:37:19.864 12852 12963 D HomeMate: comm[ Thread-44428: FileTool.java:65 deleteOldFiles() ] - deleteOldFiles()-fileName:HomeMate_20170309191003.793.txt

03-30 10:37:19.865 12852 12963 D HomeMate: comm[ Thread-44428: FileTool.java:65 deleteOldFiles() ] - deleteOldFiles()-fileName:HomeMate_20170309174001.167.txt

03-30 10:37:19.865 12852 12963 D HomeMate: comm[ Thread-44428: FileTool.java:65 deleteOldFiles() ] - deleteOldFiles()-fileName:HomeMate_20170309173728.606.txt

03-30 10:37:19.867 12852 12852 D HomeMate: allen[ main: HomePagerFragment.java:120 onCreateView() ] - onCreateView()

03-30 10:37:19.869 12852 12963 D HomeMate: comm[ Thread-44428: FileTool.java:65 deleteOldFiles() ] - deleteOldFiles()-fileName:HomeMate_20170309173636.337.txt

03-30 10:37:19.870 12852 12963 D HomeMate: comm[ Thread-44428: FileTool.java:65 deleteOldFiles() ] - deleteOldFiles()-fileName:HomeMate_20170309173452.799.txt

03-30 10:37:19.872 12852 12963 D HomeMate: comm[ Thread-44428: FileTool.java:65 deleteOldFiles() ] - deleteOldFiles()-fileName:HomeMate_20170309173350.699.txt

03-30 10:37:19.872 12852 12963 D HomeMate: comm[ Thread-44428: FileTool.java:65 deleteOldFiles() ] - deleteOldFiles()-fileName:HomeMate_20170309173308.780.txt

03-30 10:37:19.873 12852 12963 D HomeMate: comm[ Thread-44428: FileTool.java:65 deleteOldFiles() ] - deleteOldFiles()-fileName:HomeMate_20170309173222.799.txt

03-30 10:37:19.874 12852 12963 D HomeMate: comm[ Thread-44428: FileTool.java:65 deleteOldFiles() ] - deleteOldFiles()-fileName:HomeMate_20170309173140.458.txt

03-30 10:37:19.875 12852 12963 D HomeMate: comm[ Thread-44428: FileTool.java:65 deleteOldFiles() ] - deleteOldFiles()-fileName:HomeMate_20170309173020.121.txt

03-30 10:37:19.875 12852 12963 D HomeMate: comm[ Thread-44428: FileTool.java:65 deleteOldFiles() ] - deleteOldFiles()-fileName:HomeMate_20170309172821.121.txt

03-30 10:37:19.877 12852 12963 D HomeMate: comm[ Thread-44428: FileTool.java:65 deleteOldFiles() ] - deleteOldFiles()-fileName:HomeMate_20170309172733.324.txt

03-30 10:37:19.878 12852 12963 D HomeMate: comm[ Thread-44428: FileTool.java:65 deleteOldFiles() ] - deleteOldFiles()-fileName:HomeMate_20170309172005.651.txt

03-30 10:37:19.878 12852 12852 V BoostFramework: BoostFramework() : mPerf = com.qualcomm.qti.Performance@6c9f0f5

03-30 10:37:19.878 12852 12852 V BoostFramework: BoostFramework() : mPerf = com.qualcomm.qti.Performance@de46e8a

03-30 10:37:19.878 12852 12963 D HomeMate: comm[ Thread-44428: FileTool.java:65 deleteOldFiles() ] - deleteOldFiles()-fileName:HomeMate_20170309171857.093.txt

03-30 10:37:19.879 12852 12963 D HomeMate: comm[ Thread-44428: FileTool.java:65 deleteOldFiles() ] - deleteOldFiles()-fileName:HomeMate_20170309171847.110.txt

03-30 10:37:19.881 12852 12963 D HomeMate: comm[ Thread-44428: FileTool.java:65 deleteOldFiles() ] - deleteOldFiles()-fileName:HomeMate_20170309171252.553.txt

03-30 10:37:19.882 12852 12963 D HomeMate: comm[ Thread-44428: FileTool.java:65 deleteOldFiles() ] - deleteOldFiles()-fileName:HomeMate_20170309170949.472.txt

03-30 10:37:19.882 12852 12963 D HomeMate: comm[ Thread-44428: FileTool.java:65 deleteOldFiles() ] - deleteOldFiles()-fileName:HomeMate_20170309170935.984.txt

03-30 10:37:19.883 12852 12963 D HomeMate: comm[ Thread-44428: FileTool.java:65 deleteOldFiles() ] - deleteOldFiles()-fileName:HomeMate_20170309170847.779.txt

03-30 10:37:19.884 12852 12963 D HomeMate: comm[ Thread-44428: FileTool.java:65 deleteOldFiles() ] - deleteOldFiles()-fileName:HomeMate_20170309170749.193.txt

03-30 10:37:19.884 12852 12963 D HomeMate: comm[ Thread-44428: FileTool.java:65 deleteOldFiles() ] - deleteOldFiles()-fileName:HomeMate_20170309165838.371.txt

03-30 10:37:19.884 12852 12852 V BoostFramework: BoostFramework() : mPerf = com.qualcomm.qti.Performance@415a771

03-30 10:37:19.884 12852 12852 V BoostFramework: BoostFramework() : mPerf = com.qualcomm.qti.Performance@8a2e956

03-30 10:37:19.886 12852 12963 D HomeMate: comm[ Thread-44428: FileTool.java:65 deleteOldFiles() ] - deleteOldFiles()-fileName:HomeMate_20170309165614.056.txt

03-30 10:37:19.886 12852 12963 D HomeMate: comm[ Thread-44428: FileTool.java:65 deleteOldFiles() ] - deleteOldFiles()-fileName:HomeMate_20170309165538.621.txt

03-30 10:37:19.887 12852 12963 D HomeMate: comm[ Thread-44428: FileTool.java:65 deleteOldFiles() ] - deleteOldFiles()-fileName:HomeMate_20170309165421.554.txt

03-30 10:37:19.887 12852 12963 D HomeMate: comm[ Thread-44428: FileTool.java:65 deleteOldFiles() ] - deleteOldFiles()-fileName:HomeMate_20170309165313.388.txt

03-30 10:37:19.888 12852 12963 D HomeMate: comm[ Thread-44428: FileTool.java:65 deleteOldFiles() ] - deleteOldFiles()-fileName:HomeMate_20170309165235.101.txt

03-30 10:37:19.889 12852 12963 D HomeMate: comm[ Thread-44428: FileTool.java:65 deleteOldFiles() ] - deleteOldFiles()-fileName:HomeMate_20170309165201.235.txt

03-30 10:37:19.890 12852 12963 D HomeMate: comm[ Thread-44428: FileTool.java:65 deleteOldFiles() ] - deleteOldFiles()-fileName:HomeMate_20170309165119.242.txt

03-30 10:37:19.891 12852 12963 D HomeMate: comm[ Thread-44428: FileTool.java:65 deleteOldFiles() ] - deleteOldFiles()-fileName:HomeMate_20170309164950.386.txt

03-30 10:37:19.891 12852 12963 D HomeMate: comm[ Thread-44428: FileTool.java:65 deleteOldFiles() ] - deleteOldFiles()-fileName:HomeMate_20170309164823.509.txt

03-30 10:37:19.892 12852 12963 D HomeMate: comm[ Thread-44428: FileTool.java:65 deleteOldFiles() ] - deleteOldFiles()-fileName:HomeMate_20170309164731.381.txt

03-30 10:37:19.892 12852 12852 D HomeMate: allen[ main: HomePagerFragment.java:186 onActivityCreated() ] - onActivityCreated()

03-30 10:37:19.892 12852 12963 D HomeMate: comm[ Thread-44428: FileTool.java:65 deleteOldFiles() ] - deleteOldFiles()-fileName:HomeMate_20170309164614.020.txt

03-30 10:37:19.893 12852 12963 D HomeMate: comm[ Thread-44428: FileTool.java:65 deleteOldFiles() ] - deleteOldFiles()-fileName:HomeMate_20170309164455.537.txt

03-30 10:37:19.893 12852 12963 D HomeMate: comm[ Thread-44428: FileTool.java:65 deleteOldFiles() ] - deleteOldFiles()-fileName:HomeMate_20170309164404.213.txt

03-30 10:37:19.893 12852 12963 D HomeMate: comm[ Thread-44428: FileTool.java:65 deleteOldFiles() ] - deleteOldFiles()-fileName:HomeMate_20170309164322.451.txt

03-30 10:37:19.894 12852 12963 D HomeMate: comm[ Thread-44428: FileTool.java:65 deleteOldFiles() ] - deleteOldFiles()-fileName:HomeMate_20170309164237.378.txt

03-30 10:37:19.894 12852 12963 D HomeMate: comm[ Thread-44428: FileTool.java:65 deleteOldFiles() ] - deleteOldFiles()-fileName:HomeMate_20170309164138.376.txt

03-30 10:37:19.895 12852 12963 D HomeMate: comm[ Thread-44428: FileTool.java:65 deleteOldFiles() ] - deleteOldFiles()-fileName:HomeMate_20170309164039.456.txt

03-30 10:37:19.895 12852 12963 D HomeMate: comm[ Thread-44428: FileTool.java:65 deleteOldFiles() ] - deleteOldFiles()-fileName:HomeMate_20170309164001.935.txt

03-30 10:37:19.895 12852 12963 D HomeMate: comm[ Thread-44428: FileTool.java:65 deleteOldFiles() ] - deleteOldFiles()-fileName:HomeMate_20170309163837.701.txt

03-30 10:37:19.896 12852 12852 D HomeMate: comm[ main: PropertyReport.java:94 registerNewPropertyReport() ] - registerNewPropertyReport()-listener:com.orvibo.homemate.device.home.HomeDevicePresenter@ef9bdd7

03-30 10:37:19.896 12852 12963 D HomeMate: comm[ Thread-44428: FileTool.java:65 deleteOldFiles() ] - deleteOldFiles()-fileName:HomeMate_20170309163753.617.txt

03-30 10:37:19.896 12852 12852 D HomeMate: allen[ main: HomeDevicePresenter.java:110 refresh() ] - Start to init devices.

03-30 10:37:19.896 12852 12963 D HomeMate: comm[ Thread-44428: FileTool.java:65 deleteOldFiles() ] - deleteOldFiles()-fileName:HomeMate_20170309163559.743.txt

03-30 10:37:19.896 12852 12852 D HomeMate: allen[ main: HomeDevicePresenter.java:114 refresh() ] - Show devices from Room{roomId='ea4205a93f1c46b4a6df9bb391513dd9', roomName='é»˜è®¤æˆ¿é—´', floorId='714c9032b3ef488bbfe77bff438d53a4', roomType=0, sequence=0, isDefaultRoom=false, imgUrl='/storage/emulated/0/HomeMate/room/6_thumb'} BaseBo{delFlag=0, updateTime='0', createTime='0', updateTimeSec=0, uid='null', userName='null'}

03-30 10:37:19.897 12852 12963 D HomeMate: comm[ Thread-44428: FileTool.java:65 deleteOldFiles() ] - deleteOldFiles()-fileName:HomeMate_20170309163517.947.txt

03-30 10:37:19.897 12852 12963 D HomeMate: comm[ Thread-44428: FileTool.java:65 deleteOldFiles() ] - deleteOldFiles()-fileName:HomeMate_20170309163330.794.txt

03-30 10:37:19.898 12852 12963 D HomeMate: comm[ Thread-44428: FileTool.java:65 deleteOldFiles() ] - deleteOldFiles()-fileName:HomeMate_20170309163220.576.txt

03-30 10:37:19.898 12852 12963 D HomeMate: comm[ Thread-44428: FileTool.java:65 deleteOldFiles() ] - deleteOldFiles()-fileName:HomeMate_20170309163139.832.txt

03-30 10:37:19.898 12852 12963 D HomeMate: comm[ Thread-44428: FileTool.java:65 deleteOldFiles() ] - deleteOldFiles()-fileName:HomeMate_20170309163100.992.txt

03-30 10:37:19.899 12852 12963 D HomeMate: comm[ Thread-44428: FileTool.java:65 deleteOldFiles() ] - deleteOldFiles()-fileName:HomeMate_20170309163024.832.txt

03-30 10:37:19.899 12852 12963 D HomeMate: comm[ Thread-44428: FileTool.java:65 deleteOldFiles() ] - deleteOldFiles()-fileName:HomeMate_20170309162946.084.txt

03-30 10:37:19.900 12852 12963 D HomeMate: comm[ Thread-44428: FileTool.java:65 deleteOldFiles() ] - deleteOldFiles()-fileName:HomeMate_20170309162909.784.txt

03-30 10:37:19.900 12852 12963 D HomeMate: comm[ Thread-44428: FileTool.java:65 deleteOldFiles() ] - deleteOldFiles()-fileName:HomeMate_20170309162729.614.txt

03-30 10:37:19.901 12852 12963 D HomeMate: comm[ Thread-44428: FileTool.java:65 deleteOldFiles() ] - deleteOldFiles()-fileName:HomeMate_20170309162722.544.txt

03-30 10:37:19.901 12852 12963 D HomeMate: comm[ Thread-44428: FileTool.java:65 deleteOldFiles() ] - deleteOldFiles()-fileName:HomeMate_20170309162652.837.txt

03-30 10:37:19.902 12852 12963 D HomeMate: comm[ Thread-44428: FileTool.java:65 deleteOldFiles() ] - deleteOldFiles()-fileName:HomeMate_20170309162616.220.txt

03-30 10:37:19.902 12852 12963 D HomeMate: comm[ Thread-44428: FileTool.java:65 deleteOldFiles() ] - deleteOldFiles()-fileName:HomeMate_20170309162530.542.txt

03-30 10:37:19.902 12852 12963 D HomeMate: comm[ Thread-44428: FileTool.java:65 deleteOldFiles() ] - deleteOldFiles()-fileName:HomeMate_20170309162451.275.txt

03-30 10:37:19.903 12852 12963 D HomeMate: comm[ Thread-44428: FileTool.java:65 deleteOldFiles() ] - deleteOldFiles()-fileName:HomeMate_20170309162413.089.txt

03-30 10:37:19.903 12852 12963 D HomeMate: comm[ Thread-44428: FileTool.java:65 deleteOldFiles() ] - deleteOldFiles()-fileName:HomeMate_20170309162342.233.txt

03-30 10:37:19.904 12852 12963 D HomeMate: comm[ Thread-44428: FileTool.java:65 deleteOldFiles() ] - deleteOldFiles()-fileName:HomeMate_20170309162221.194.txt

03-30 10:37:19.904 12852 12852 D HomeMate: allen[ main: HomeDevicePresenter.java:116 refresh() ] - devices [Device{uid=5ccf7fda9b5e, deviceName=S30æ™ºèƒ½æ’åº§, deviceId=040c8e12fd4d4f3192d9a5378cf8b149, appDeviceId=65533, deviceType=29, roomId=, company='', delFlag=0, extAddr='', endpoint=-1, irDeviceId=, sequence=0, model='62f1da0474434509923b2dc947a0f14c', updateTime=1490840335000(2017-03-30 10:18:55), userName=null} ]

03-30 10:37:19.904 12852 12963 D HomeMate: comm[ Thread-44428: FileTool.java:65 deleteOldFiles() ] - deleteOldFiles()-fileName:HomeMate_20170309162152.373.txt

03-30 10:37:19.905 12852 12963 D HomeMate: comm[ Thread-44428: FileTool.java:65 deleteOldFiles() ] - deleteOldFiles()-fileName:HomeMate_20170309162123.271.txt

03-30 10:37:19.905 12852 12963 D HomeMate: comm[ Thread-44428: FileTool.java:65 deleteOldFiles() ] - deleteOldFiles()-fileName:HomeMate_20170309162053.711.txt

03-30 10:37:19.905 12852 12963 D HomeMate: comm[ Thread-44428: FileTool.java:65 deleteOldFiles() ] - deleteOldFiles()-fileName:HomeMate_20170309162023.179.txt

03-30 10:37:19.906 12852 12963 D HomeMate: comm[ Thread-44428: FileTool.java:65 deleteOldFiles() ] - deleteOldFiles()-fileName:HomeMate_20170309161951.222.txt

03-30 10:37:19.906 12852 12963 D HomeMate: comm[ Thread-44428: FileTool.java:65 deleteOldFiles() ] - deleteOldFiles()-fileName:HomeMate_20170309161050.747.txt

03-30 10:37:19.907 12852 12963 D HomeMate: comm[ Thread-44428: FileTool.java:65 deleteOldFiles() ] - deleteOldFiles()-fileName:HomeMate_20170309160546.414.txt

03-30 10:37:19.907 12852 12963 D HomeMate: comm[ Thread-44428: FileTool.java:65 deleteOldFiles() ] - deleteOldFiles()-fileName:HomeMate_20170309160524.737.txt

03-30 10:37:19.908 12852 12963 D HomeMate: comm[ Thread-44428: FileTool.java:65 deleteOldFiles() ] - deleteOldFiles()-fileName:HomeMate_20170309160514.973.txt

03-30 10:37:19.908 12852 12852 D HomeMate: allen[ main: HomeDevicePresenter.java:121 refresh() ] - other devices []

03-30 10:37:19.908 12852 12963 D HomeMate: comm[ Thread-44428: FileTool.java:65 deleteOldFiles() ] - deleteOldFiles()-fileName:HomeMate_20170309160501.380.txt

03-30 10:37:19.909 12852 12963 D HomeMate: comm[ Thread-44428: FileTool.java:65 deleteOldFiles() ] - deleteOldFiles()-fileName:HomeMate_20170309160443.331.txt

03-30 10:37:19.909 12852 12963 D HomeMate: comm[ Thread-44428: FileTool.java:65 deleteOldFiles() ] - deleteOldFiles()-fileName:HomeMate_20170309160045.456.txt

03-30 10:37:19.912 12852 12963 D HomeMate: comm[ Thread-44428: FileTool.java:65 deleteOldFiles() ] - deleteOldFiles()-fileName:HomeMate_20170309160034.062.txt

03-30 10:37:19.912 12852 12852 D HomeMate: allen[ main: HomeDevicePresenter.java:155 refreshDeviceStatus() ] - deviceStatusMap {040c8e12fd4d4f3192d9a5378cf8b149=Action{uid=5ccf7fda9b5e, deviceId=040c8e12fd4d4f3192d9a5378cf8b149, command='null', value1=0, value2=0, value3=0, value4=0, alarmType=1, delayTime=0, keyName='null', freq=0, name=, pluseNum=0, pluseData=null} }

03-30 10:37:19.912 12852 12963 D HomeMate: comm[ Thread-44428: FileTool.java:65 deleteOldFiles() ] - deleteOldFiles()-fileName:HomeMate_20170309155906.760.txt

03-30 10:37:19.913 12852 12963 D HomeMate: comm[ Thread-44428: FileTool.java:65 deleteOldFiles() ] - deleteOldFiles()-fileName:HomeMate_20170309155812.108.txt

03-30 10:37:19.913 12852 12852 D HomeMate: allen[ main: HomePagerFragment.java:229 onDeviceInit() ] - devices:[Device{uid=5ccf7fda9b5e, deviceName=S30æ™ºèƒ½æ’åº§, deviceId=040c8e12fd4d4f3192d9a5378cf8b149, appDeviceId=65533, deviceType=29, roomId=, company='', delFlag=0, extAddr='', endpoint=-1, irDeviceId=, sequence=0, model='62f1da0474434509923b2dc947a0f14c', updateTime=1490840335000(2017-03-30 10:18:55), userName=null} ],otherDevices:[]

03-30 10:37:19.914 12852 12963 D HomeMate: comm[ Thread-44428: FileTool.java:65 deleteOldFiles() ] - deleteOldFiles()-fileName:HomeMate_20170309155805.020.txt

03-30 10:37:19.915 12852 12963 D HomeMate: comm[ Thread-44428: FileTool.java:65 deleteOldFiles() ] - deleteOldFiles()-fileName:HomeMate_20170309155622.867.txt

03-30 10:37:19.915 12852 12963 D HomeMate: comm[ Thread-44428: FileTool.java:65 deleteOldFiles() ] - deleteOldFiles()-fileName:HomeMate_20170309155447.666.txt

03-30 10:37:19.916 12852 12963 D HomeMate: comm[ Thread-44428: FileTool.java:65 deleteOldFiles() ] - deleteOldFiles()-fileName:HomeMate_20170309155330.223.txt

03-30 10:37:19.917 12852 12963 D HomeMate: comm[ Thread-44428: FileTool.java:65 deleteOldFiles() ] - deleteOldFiles()-fileName:HomeMate_20170309155213.963.txt

03-30 10:37:19.920 12852 12963 D HomeMate: comm[ Thread-44428: FileTool.java:65 deleteOldFiles() ] - deleteOldFiles()-fileName:HomeMate_20170309155028.128.txt

03-30 10:37:19.922 12852 12963 D HomeMate: comm[ Thread-44428: FileTool.java:65 deleteOldFiles() ] - deleteOldFiles()-fileName:HomeMate_20170309154919.196.txt

03-30 10:37:19.923 12852 12963 D HomeMate: comm[ Thread-44428: FileTool.java:65 deleteOldFiles() ] - deleteOldFiles()-fileName:HomeMate_20170309154332.508.txt

03-30 10:37:19.923 12852 12852 D HomeMate: allen[ main: HomePagerFragment.java:279 onDeviceInit() ] - Show devices

03-30 10:37:19.924 12852 12852 D HomeMate: allen[ main: HomeDevicePresenter.java:129 refresh() ] - Finish to init device. cost 27ms

03-30 10:37:19.924 12852 12963 D HomeMate: comm[ Thread-44428: FileTool.java:65 deleteOldFiles() ] - deleteOldFiles()-fileName:HomeMate_20170309153319.598.txt

03-30 10:37:19.924 12852 12852 D HomeMate: comm[ main: DeviceUtil.java:953 getEnergyDevices() ] - familyId:ea4205a93f1c46b4a6df9bb391513dd9

03-30 10:37:19.925 12852 12963 D HomeMate: comm[ Thread-44428: FileTool.java:65 deleteOldFiles() ] - deleteOldFiles()-fileName:HomeMate_20170309153201.404.txt

03-30 10:37:19.925 12852 12963 D HomeMate: comm[ Thread-44428: FileTool.java:65 deleteOldFiles() ] - deleteOldFiles()-fileName:HomeMate_20170309153042.068.txt

03-30 10:37:19.925 12852 12963 D HomeMate: comm[ Thread-44428: FileTool.java:65 deleteOldFiles() ] - deleteOldFiles()-fileName:HomeMate_20170309152910.133.txt

03-30 10:37:19.926 12852 12963 D HomeMate: comm[ Thread-44428: FileTool.java:65 deleteOldFiles() ] - deleteOldFiles()-fileName:HomeMate_20170309152647.589.txt

03-30 10:37:19.926 12852 12963 D HomeMate: comm[ Thread-44428: FileTool.java:65 deleteOldFiles() ] - deleteOldFiles()-fileName:HomeMate_20170309152351.273.txt

03-30 10:37:19.927 12852 12963 D HomeMate: comm[ Thread-44428: FileTool.java:65 deleteOldFiles() ] - deleteOldFiles()-fileName:HomeMate_20170309152040.446.txt

03-30 10:37:19.928 12852 12963 D HomeMate: comm[ Thread-44428: FileTool.java:65 deleteOldFiles() ] - deleteOldFiles()-fileName:HomeMate_20170309142444.489.txt

03-30 10:37:19.928 12852 12963 D HomeMate: comm[ Thread-44428: FileTool.java:65 deleteOldFiles() ] - deleteOldFiles()-fileName:HomeMate_20170309142106.423.txt

03-30 10:37:19.929 12852 12852 D HomeMate: comm[ main: DeviceUtil.java:989 getEnergyDevices() ] - energyRemindDevices:[]

03-30 10:37:19.929 12852 12963 D HomeMate: comm[ Thread-44428: FileTool.java:65 deleteOldFiles() ] - deleteOldFiles()-fileName:HomeMate_20170309111211.197.txt

03-30 10:37:19.931 12852 12852 I HomeMate: wei[ main: RoomCommonSceneDao.java:46 selRoomCommonScene() ] - select * from scene inner join roomcommonscene on scene.sceneNo = roomcommonscene.sceneNo where roomcommonscene.userId = ? and roomcommonscene.roomId = ? order by roomcommonscene.sceneSequence ASC

03-30 10:37:19.932 12852 12963 D HomeMate: comm[ Thread-44428: FileTool.java:65 deleteOldFiles() ] - deleteOldFiles()-fileName:HomeMate_20170309110550.368.txt

03-30 10:37:19.932 12852 12963 D HomeMate: comm[ Thread-44428: FileTool.java:65 deleteOldFiles() ] - deleteOldFiles()-fileName:HomeMate_20170308182700.547.txt

03-30 10:37:19.933 12852 12963 D HomeMate: comm[ Thread-44428: FileTool.java:65 deleteOldFiles() ] - deleteOldFiles()-fileName:HomeMate_20170308174215.668.txt

03-30 10:37:19.933 12852 12963 D HomeMate: comm[ Thread-44428: FileTool.java:65 deleteOldFiles() ] - deleteOldFiles()-fileName:HomeMate_20170308161031.311.txt

03-30 10:37:19.933 12852 12963 D HomeMate: comm[ Thread-44428: FileTool.java:65 deleteOldFiles() ] - deleteOldFiles()-fileName:HomeMate_20170308160642.279.txt

03-30 10:37:19.934 12852 12963 D HomeMate: comm[ Thread-44428: FileTool.java:65 deleteOldFiles() ] - deleteOldFiles()-fileName:HomeMate_20170308150720.075.txt

03-30 10:37:19.934 12852 12963 D HomeMate: comm[ Thread-44428: FileTool.java:65 deleteOldFiles() ] - deleteOldFiles()-fileName:HomeMate_20170308150650.541.txt

03-30 10:37:19.935 12852 12963 D HomeMate: comm[ Thread-44428: FileTool.java:65 deleteOldFiles() ] - deleteOldFiles()-fileName:HomeMate_20170308150338.387.txt

03-30 10:37:19.935 12852 12963 D HomeMate: comm[ Thread-44428: FileTool.java:65 deleteOldFiles() ] - deleteOldFiles()-fileName:HomeMate_20170308150022.801.txt

03-30 10:37:19.935 12852 12963 D HomeMate: comm[ Thread-44428: FileTool.java:65 deleteOldFiles() ] - deleteOldFiles()-fileName:HomeMate_20170308124039.239.txt

03-30 10:37:19.936 12852 12963 D HomeMate: comm[ Thread-44428: FileTool.java:65 deleteOldFiles() ] - deleteOldFiles()-fileName:HomeMate_20170308120035.877.txt

03-30 10:37:19.936 12852 12963 D HomeMate: comm[ Thread-44428: FileTool.java:65 deleteOldFiles() ] - deleteOldFiles()-fileName:HomeMate_20170308115938.889.txt

03-30 10:37:19.936 12852 12963 D HomeMate: comm[ Thread-44428: FileTool.java:65 deleteOldFiles() ] - deleteOldFiles()-fileName:HomeMate_20170308115840.428.txt

03-30 10:37:19.937 12852 12963 D HomeMate: comm[ Thread-44428: FileTool.java:65 deleteOldFiles() ] - deleteOldFiles()-fileName:HomeMate_20170308115748.382.txt

03-30 10:37:19.937 12852 12963 D HomeMate: comm[ Thread-44428: FileTool.java:65 deleteOldFiles() ] - deleteOldFiles()-fileName:HomeMate_20170308115609.551.txt

03-30 10:37:19.937  6783 25818 W System  : ClassLoader referenced unknown path: /system/framework/tcmclient.jar

03-30 10:37:19.938 12852 12963 D HomeMate: comm[ Thread-44428: FileTool.java:65 deleteOldFiles() ] - deleteOldFiles()-fileName:HomeMate_20170308115501.679.txt

03-30 10:37:19.938 12852 12963 D HomeMate: comm[ Thread-44428: FileTool.java:65 deleteOldFiles() ] - deleteOldFiles()-fileName:HomeMate_20170308115424.918.txt

03-30 10:37:19.938 12852 12963 D HomeMate: comm[ Thread-44428: FileTool.java:65 deleteOldFiles() ] - deleteOldFiles()-fileName:HomeMate_20170308115245.735.txt

03-30 10:37:19.940 12852 12963 D HomeMate: comm[ Thread-44428: FileTool.java:65 deleteOldFiles() ] - deleteOldFiles()-fileName:HomeMate_20170308115219.604.txt

03-30 10:37:19.941 12852 12963 D HomeMate: comm[ Thread-44428: FileTool.java:65 deleteOldFiles() ] - deleteOldFiles()-fileName:HomeMate_20170308115040.187.txt

03-30 10:37:19.942 12852 12963 D HomeMate: comm[ Thread-44428: FileTool.java:65 deleteOldFiles() ] - deleteOldFiles()-fileName:HomeMate_20170308114853.852.txt

03-30 10:37:19.943 12852 12963 D HomeMate: comm[ Thread-44428: FileTool.java:65 deleteOldFiles() ] - deleteOldFiles()-fileName:HomeMate_20170308114803.902.txt

03-30 10:37:19.944 12852 12963 D HomeMate: comm[ Thread-44428: FileTool.java:65 deleteOldFiles() ] - deleteOldFiles()-fileName:HomeMate_20170308114712.655.txt

03-30 10:37:19.945 12852 12963 D HomeMate: comm[ Thread-44428: FileTool.java:65 deleteOldFiles() ] - deleteOldFiles()-fileName:HomeMate_20170308114616.101.txt

03-30 10:37:19.946 12852 12963 D HomeMate: comm[ Thread-44428: FileTool.java:65 deleteOldFiles() ] - deleteOldFiles()-fileName:HomeMate_20170308114251.715.txt

03-30 10:37:19.946 12852 12963 D HomeMate: comm[ Thread-44428: FileTool.java:65 deleteOldFiles() ] - deleteOldFiles()-fileName:HomeMate_20170308114217.086.txt

03-30 10:37:19.949 12852 12963 D HomeMate: comm[ Thread-44428: FileTool.java:65 deleteOldFiles() ] - deleteOldFiles()-fileName:HomeMate_20170308114140.304.txt

03-30 10:37:19.949 12852 12963 D HomeMate: comm[ Thread-44428: FileTool.java:65 deleteOldFiles() ] - deleteOldFiles()-fileName:HomeMate_20170308114009.188.txt

03-30 10:37:19.953 12852 12852 D HomeMate: comm[ main: RoomImageUtil.java:275 getRoomImagePathByName() ] - RoomImageUtil: getRoomImagePathByName(file.exists == false !)

03-30 10:37:19.953 12852 12852 E libEGL  : call to OpenGL ES API with no current context (logged once per thread)

03-30 10:37:19.954 12852 12963 D HomeMate: comm[ Thread-44428: FileTool.java:65 deleteOldFiles() ] - deleteOldFiles()-fileName:HomeMate_20170308113910.591.txt

03-30 10:37:19.954 12852 12963 D HomeMate: comm[ Thread-44428: FileTool.java:65 deleteOldFiles() ] - deleteOldFiles()-fileName:HomeMate_20170308113713.737.txt

03-30 10:37:19.954 12852 12963 D HomeMate: comm[ Thread-44428: FileTool.java:65 deleteOldFiles() ] - deleteOldFiles()-fileName:HomeMate_20170308113617.682.txt

03-30 10:37:19.956 12852 12963 D HomeMate: comm[ Thread-44428: FileTool.java:65 deleteOldFiles() ] - deleteOldFiles()-fileName:HomeMate_20170308113606.140.txt

03-30 10:37:19.949 25810 25810 W AppWatcher: type=1400 audit(0.0:55196082): avc: denied { getattr } for path="/proc/opalum-temp-calib" dev="proc" ino=4026534631 scontext=u:r:untrusted_app:s0:c512,c768 tcontext=u:object_r:proc_opalum:s0 tclass=file permissive=0

03-30 10:37:19.956 12852 12852 D HomeMate: comm[ main: HomePagerFragment.java:349 setRoomImage() ] - room:Room{roomId='ea4205a93f1c46b4a6df9bb391513dd9', roomName='é»˜è®¤æˆ¿é—´', floorId='714c9032b3ef488bbfe77bff438d53a4', roomType=0, sequence=0, isDefaultRoom=false, imgUrl='/storage/emulated/0/HomeMate/room/6_thumb'} BaseBo{delFlag=0, updateTime='0', createTime='0', updateTimeSec=0, uid='null', userName='null'}   file.exists()->true

03-30 10:37:19.956 12852 12963 D HomeMate: comm[ Thread-44428: FileTool.java:65 deleteOldFiles() ] - deleteOldFiles()-fileName:HomeMate_20170308113520.870.txt

03-30 10:37:19.957 12852 12852 D HomeMate: allen[ main: HomePagerFragment.java:202 onStart() ] - onStart()

03-30 10:37:19.957 12852 12963 D HomeMate: comm[ Thread-44428: FileTool.java:65 deleteOldFiles() ] - deleteOldFiles()-fileName:HomeMate_20170308113357.701.txt

03-30 10:37:19.957  4116  4556 I XiaomiFirewall: firewall pkgName:com.qihoo.appstore, result:0x0

03-30 10:37:19.958 12852 12963 D HomeMate: comm[ Thread-44428: FileTool.java:65 deleteOldFiles() ] - deleteOldFiles()-fileName:HomeMate_20170308113318.723.txt

03-30 10:37:19.958 12852 12852 D HomeMate: allen[ main: HomePagerFragment.java:208 onResume() ] - onResume()

03-30 10:37:19.958 12852 12963 D HomeMate: comm[ Thread-44428: FileTool.java:65 deleteOldFiles() ] - deleteOldFiles()-fileName:HomeMate_20170308113237.914.txt

03-30 10:37:19.959 12852 12963 D HomeMate: comm[ Thread-44428: FileTool.java:65 deleteOldFiles() ] - deleteOldFiles()-fileName:HomeMate_20170308113008.571.txt

03-30 10:37:19.959 12852 12963 D HomeMate: comm[ Thread-44428: FileTool.java:65 deleteOldFiles() ] - deleteOldFiles()-fileName:HomeMate_20170308112931.930.txt

03-30 10:37:19.960 12852 12963 D HomeMate: comm[ Thread-44428: FileTool.java:65 deleteOldFiles() ] - deleteOldFiles()-fileName:HomeMate_20170308112854.231.txt

03-30 10:37:19.961 12852 12963 D HomeMate: comm[ Thread-44428: FileTool.java:65 deleteOldFiles() ] - deleteOldFiles()-fileName:HomeMate_20170308110536.110.txt

03-30 10:37:19.961 12852 12963 D HomeMate: comm[ Thread-44428: FileTool.java:65 deleteOldFiles() ] - deleteOldFiles()-fileName:HomeMate_20170308110425.406.txt

03-30 10:37:19.949 25810 25810 W AppWatcher: type=1400 audit(0.0:55196083): avc: denied { getattr } for path="/proc/opalum-f0-calib" dev="proc" ino=4026534630 scontext=u:r:untrusted_app:s0:c512,c768 tcontext=u:object_r:proc_opalum:s0 tclass=file permissive=0

03-30 10:37:19.959 25810 25810 W AppWatcher: type=1400 audit(0.0:55196084): avc: denied { getattr } for path="/proc/sysrq-trigger" dev="proc" ino=4026533735 scontext=u:r:untrusted_app:s0:c512,c768 tcontext=u:object_r:proc_sysrq:s0 tclass=file permissive=0

03-30 10:37:19.959 25810 25810 W AppWatcher: type=1400 audit(0.0:55196085): avc: denied { getattr } for path="/proc/1" dev="proc" ino=11921139 scontext=u:r:untrusted_app:s0:c512,c768 tcontext=u:r:init:s0 tclass=dir permissive=0

03-30 10:37:19.961 12852 12963 D HomeMate: comm[ Thread-44428: FileTool.java:65 deleteOldFiles() ] - deleteOldFiles()-fileName:HomeMate_20170308110312.920.txt

03-30 10:37:19.962 12852 12963 D HomeMate: comm[ Thread-44428: FileTool.java:65 deleteOldFiles() ] - deleteOldFiles()-fileName:HomeMate_20170308105745.625.txt

03-30 10:37:19.963 12852 12963 D HomeMate: comm[ Thread-44428: FileTool.java:65 deleteOldFiles() ] - deleteOldFiles()-fileName:HomeMate_20170308105608.073.txt

03-30 10:37:19.964 12852 12963 D HomeMate: comm[ Thread-44428: FileTool.java:65 deleteOldFiles() ] - deleteOldFiles()-fileName:HomeMate_20170308105500.151.txt

03-30 10:37:19.964 12852 12963 D HomeMate: comm[ Thread-44428: FileTool.java:65 deleteOldFiles() ] - deleteOldFiles()-fileName:HomeMate_20170308105421.367.txt

03-30 10:37:19.965 12852 12963 D HomeMate: comm[ Thread-44428: FileTool.java:65 deleteOldFiles() ] - deleteOldFiles()-fileName:HomeMate_20170308105248.383.txt

03-30 10:37:19.965 12852 12963 D HomeMate: comm[ Thread-44428: FileTool.java:65 deleteOldFiles() ] - deleteOldFiles()-fileName:HomeMate_20170308105141.850.txt

03-30 10:37:19.965 12852 12963 D HomeMate: comm[ Thread-44428: FileTool.java:65 deleteOldFiles() ] - deleteOldFiles()-fileName:HomeMate_20170308105035.814.txt

03-30 10:37:19.966 12852 12963 D HomeMate: comm[ Thread-44428: FileTool.java:65 deleteOldFiles() ] - deleteOldFiles()-fileName:HomeMate_20170308103636.660.txt

03-30 10:37:19.966 12852 12963 D HomeMate: comm[ Thread-44428: FileTool.java:65 deleteOldFiles() ] - deleteOldFiles()-fileName:HomeMate_20170308103329.114.txt

03-30 10:37:19.967 12852 12963 D HomeMate: comm[ Thread-44428: FileTool.java:65 deleteOldFiles() ] - deleteOldFiles()-fileName:HomeMate_20170308103251.287.txt

03-30 10:37:19.967 12852 12963 D HomeMate: comm[ Thread-44428: FileTool.java:65 deleteOldFiles() ] - deleteOldFiles()-fileName:HomeMate_20170308102649.774.txt

03-30 10:37:19.969 12852 12963 D HomeMate: comm[ Thread-44428: FileTool.java:65 deleteOldFiles() ] - deleteOldFiles()-fileName:HomeMate_20170308102610.447.txt

03-30 10:37:19.970 12852 12963 D HomeMate: comm[ Thread-44428: FileTool.java:65 deleteOldFiles() ] - deleteOldFiles()-fileName:HomeMate_20170308102107.133.txt

03-30 10:37:19.971 12852 12963 D HomeMate: comm[ Thread-44428: FileTool.java:65 deleteOldFiles() ] - deleteOldFiles()-fileName:HomeMate_20170308101550.788.txt

03-30 10:37:19.971 12852 12963 D HomeMate: comm[ Thread-44428: FileTool.java:65 deleteOldFiles() ] - deleteOldFiles()-fileName:HomeMate_20170308101526.786.txt

03-30 10:37:19.972 12852 12963 D HomeMate: comm[ Thread-44428: FileTool.java:65 deleteOldFiles() ] - deleteOldFiles()-fileName:HomeMate_20170308101413.948.txt

03-30 10:37:19.976 12852 12963 D HomeMate: comm[ Thread-44428: FileTool.java:65 deleteOldFiles() ] - deleteOldFiles()-fileName:HomeMate_20170308101332.549.txt

03-30 10:37:19.969 25810 25810 W AppWatcher: type=1400 audit(0.0:55196086): avc: denied { getattr } for path="/proc/2" dev="proc" ino=11961941 scontext=u:r:untrusted_app:s0:c512,c768 tcontext=u:r:kernel:s0 tclass=dir permissive=0

03-30 10:37:19.969 25810 25810 W AppWatcher: type=1400 audit(0.0:55196087): avc: denied { getattr } for path="/proc/3" dev="proc" ino=11961942 scontext=u:r:untrusted_app:s0:c512,c768 tcontext=u:r:kernel:s0 tclass=dir permissive=0

03-30 10:37:19.969 25810 25810 W AppWatcher: type=1400 audit(0.0:55196088): avc: denied { getattr } for path="/proc/6" dev="proc" ino=11961943 scontext=u:r:untrusted_app:s0:c512,c768 tcontext=u:r:kernel:s0 tclass=dir permissive=0

03-30 10:37:19.977 12852 12963 D HomeMate: comm[ Thread-44428: FileTool.java:65 deleteOldFiles() ] - deleteOldFiles()-fileName:HomeMate_20170308100623.355.txt

03-30 10:37:19.969 25810 25810 W AppWatcher: type=1400 audit(0.0:55196089): avc: denied { getattr } for path="/proc/7" dev="proc" ino=11961944 scontext=u:r:untrusted_app:s0:c512,c768 tcontext=u:r:kernel:s0 tclass=dir permissive=0

03-30 10:37:19.969 25810 25810 W AppWatcher: type=1400 audit(0.0:55196090): avc: denied { getattr } for path="/proc/8" dev="proc" ino=11961945 scontext=u:r:untrusted_app:s0:c512,c768 tcontext=u:r:kernel:s0 tclass=dir permissive=0

03-30 10:37:19.969 25810 25810 W AppWatcher: type=1400 audit(0.0:55196091): avc: denied { getattr } for path="/proc/21" dev="proc" ino=11961946 scontext=u:r:untrusted_app:s0:c512,c768 tcontext=u:r:kernel:s0 tclass=dir permissive=0

03-30 10:37:19.978 12852 12963 D HomeMate: comm[ Thread-44428: FileTool.java:65 deleteOldFiles() ] - deleteOldFiles()-fileName:HomeMate_20170308100546.790.txt

03-30 10:37:19.979 12852 12963 D HomeMate: comm[ Thread-44428: FileTool.java:65 deleteOldFiles() ] - deleteOldFiles()-fileName:HomeMate_20170308100508.682.txt

03-30 10:37:19.979 12852 12963 D HomeMate: comm[ Thread-44428: FileTool.java:65 deleteOldFiles() ] - deleteOldFiles()-fileName:HomeMate_20170308100014.820.txt

03-30 10:37:19.980 12852 12963 D HomeMate: comm[ Thread-44428: FileTool.java:65 deleteOldFiles() ] - deleteOldFiles()-fileName:HomeMate_20170308095607.224.txt

03-30 10:37:19.981 12852 12963 D HomeMate: comm[ Thread-44428: FileTool.java:65 deleteOldFiles() ] - deleteOldFiles()-fileName:HomeMate_20170308095531.156.txt

03-30 10:37:19.979 25810 25810 W AppWatcher: type=1400 audit(0.0:55196092): avc: denied { getattr } for path="/proc/22" dev="proc" ino=11961947 scontext=u:r:untrusted_app:s0:c512,c768 tcontext=u:r:kernel:s0 tclass=dir permissive=0

03-30 10:37:19.982 12852 12963 D HomeMate: comm[ Thread-44428: FileTool.java:65 deleteOldFiles() ] - deleteOldFiles()-fileName:HomeMate_20170308095328.298.txt

03-30 10:37:19.982 12852 12963 D HomeMate: comm[ Thread-44428: FileTool.java:65 deleteOldFiles() ] - deleteOldFiles()-fileName:HomeMate_20170308094217.670.txt

03-30 10:37:19.983 12852 12963 D HomeMate: comm[ Thread-44428: FileTool.java:65 deleteOldFiles() ] - deleteOldFiles()-fileName:HomeMate_20170308094141.251.txt

03-30 10:37:19.983 12852 12963 D HomeMate: comm[ Thread-44428: FileTool.java:65 deleteOldFiles() ] - deleteOldFiles()-fileName:HomeMate_20170308094009.737.txt

03-30 10:37:19.984 12852 12963 D HomeMate: comm[ Thread-44428: FileTool.java:65 deleteOldFiles() ] - deleteOldFiles()-fileName:HomeMate_20170308093953.941.txt

03-30 10:37:19.984 12852 12963 D HomeMate: comm[ Thread-44428: FileTool.java:65 deleteOldFiles() ] - deleteOldFiles()-fileName:HomeMate_20170308093937.788.txt

03-30 10:37:19.985 12852 12963 D HomeMate: comm[ Thread-44428: FileTool.java:65 deleteOldFiles() ] - deleteOldFiles()-fileName:HomeMate_20170308093918.050.txt

03-30 10:37:19.985 12852 12963 D HomeMate: comm[ Thread-44428: FileTool.java:65 deleteOldFiles() ] - deleteOldFiles()-fileName:HomeMate_20170308093838.521.txt

03-30 10:37:19.986 12852 12963 D HomeMate: comm[ Thread-44428: FileTool.java:65 deleteOldFiles() ] - deleteOldFiles()-fileName:HomeMate_20170308093520.342.txt

03-30 10:37:19.986 12852 12963 D HomeMate: comm[ Thread-44428: FileTool.java:65 deleteOldFiles() ] - deleteOldFiles()-fileName:HomeMate_20170308093445.013.txt

03-30 10:37:19.979 25810 25810 W AppWatcher: type=1400 audit(0.0:55196093): avc: denied { getattr } for path="/proc/28" dev="proc" ino=11961948 scontext=u:r:untrusted_app:s0:c512,c768 tcontext=u:r:kernel:s0 tclass=dir permissive=0

03-30 10:37:19.987 12852 12963 D HomeMate: comm[ Thread-44428: FileTool.java:65 deleteOldFiles() ] - deleteOldFiles()-fileName:HomeMate_20170308093408.875.txt

03-30 10:37:19.979 25810 25810 W AppWatcher: type=1400 audit(0.0:55196094): avc: denied { getattr } for path="/proc/29" dev="proc" ino=11961949 scontext=u:r:untrusted_app:s0:c512,c768 tcontext=u:r:kernel:s0 tclass=dir permissive=0

03-30 10:37:19.988 12852 12963 D HomeMate: comm[ Thread-44428: FileTool.java:65 deleteOldFiles() ] - deleteOldFiles()-fileName:HomeMate_20170307191342.043.txt

03-30 10:37:19.989 12852 12963 D HomeMate: comm[ Thread-44428: FileTool.java:65 deleteOldFiles() ] - deleteOldFiles()-fileName:HomeMate_20170307191242.139.txt

03-30 10:37:19.989 12852 12963 D HomeMate: comm[ Thread-44428: FileTool.java:65 deleteOldFiles() ] - deleteOldFiles()-fileName:HomeMate_20170307191008.348.txt

03-30 10:37:19.989  2044  4142 I Timeline: Timeline: App_transition_ready time:337530769

03-30 10:37:19.990 12852 12963 D HomeMate: comm[ Thread-44428: FileTool.java:65 deleteOldFiles() ] - deleteOldFiles()-fileName:HomeMate_20170307190854.771.txt

03-30 10:37:19.990 12852 12963 D HomeMate: comm[ Thread-44428: FileTool.java:65 deleteOldFiles() ] - deleteOldFiles()-fileName:HomeMate_20170307190700.875.txt

03-30 10:37:19.991 12852 12963 D HomeMate: comm[ Thread-44428: FileTool.java:65 deleteOldFiles() ] - deleteOldFiles()-fileName:HomeMate_20170307190529.170.txt

03-30 10:37:19.991 12852 12963 D HomeMate: comm[ Thread-44428: FileTool.java:65 deleteOldFiles() ] - deleteOldFiles()-fileName:HomeMate_20170307190253.719.txt

03-30 10:37:19.992 12852 12963 D HomeMate: comm[ Thread-44428: FileTool.java:65 deleteOldFiles() ] - deleteOldFiles()-fileName:HomeMate_20170307190241.381.txt

03-30 10:37:19.992  2044  4142 I Timeline: Timeline: App_transition_ready time:337530772

03-30 10:37:19.992 12852 12963 D HomeMate: comm[ Thread-44428: FileTool.java:65 deleteOldFiles() ] - deleteOldFiles()-fileName:HomeMate_20170307190147.102.txt

03-30 10:37:19.993 12852 12963 D HomeMate: comm[ Thread-44428: FileTool.java:65 deleteOldFiles() ] - deleteOldFiles()-fileName:HomeMate_20170307190057.515.txt

03-30 10:37:19.993 12852 12963 D HomeMate: comm[ Thread-44428: FileTool.java:65 deleteOldFiles() ] - deleteOldFiles()-fileName:HomeMate_20170307185958.691.txt

03-30 10:37:19.989 25810 25810 W AppWatcher: type=1400 audit(0.0:55196095): avc: denied { getattr } for path="/proc/30" dev="proc" ino=11961950 scontext=u:r:untrusted_app:s0:c512,c768 tcontext=u:r:kernel:s0 tclass=dir permissive=0

03-30 10:37:19.994 12852 12963 D HomeMate: comm[ Thread-44428: FileTool.java:65 deleteOldFiles() ] - deleteOldFiles()-fileName:HomeMate_20170307185821.406.txt

03-30 10:37:19.989 25810 25810 W AppWatcher: type=1400 audit(0.0:55196096): avc: denied { getattr } for path="/proc/32" dev="proc" ino=11961951 scontext=u:r:untrusted_app:s0:c512,c768 tcontext=u:r:kernel:s0 tclass=dir permissive=0

03-30 10:37:19.994 12852 12963 D HomeMate: comm[ Thread-44428: FileTool.java:65 deleteOldFiles() ] - deleteOldFiles()-fileName:HomeMate_20170307185731.300.txt

03-30 10:37:19.989 25810 25810 W AppWatcher: type=1400 audit(0.0:55196097): avc: denied { getattr } for path="/proc/33" dev="proc" ino=11961952 scontext=u:r:untrusted_app:s0:c512,c768 tcontext=u:r:kernel:s0 tclass=dir permissive=0

03-30 10:37:19.989 25810 25810 W AppWatcher: type=1400 audit(0.0:55196098): avc: denied { getattr } for path="/proc/34" dev="proc" ino=11961953 scontext=u:r:untrusted_app:s0:c512,c768 tcontext=u:r:kernel:s0 tclass=dir permissive=0

03-30 10:37:19.989 25810 25810 W AppWatcher: type=1400 audit(0.0:55196099): avc: denied { getattr } for path="/proc/61" dev="proc" ino=11961954 scontext=u:r:untrusted_app:s0:c512,c768 tcontext=u:r:kernel:s0 tclass=dir permissive=0

03-30 10:37:19.989 25810 25810 W AppWatcher: type=1400 audit(0.0:55196100): avc: denied { getattr } for path="/proc/62" dev="proc" ino=11961955 scontext=u:r:untrusted_app:s0:c512,c768 tcontext=u:r:kernel:s0 tclass=dir permissive=0

