03-30 10:47:19.978 23914 24058 I HomeMate: comm[ pool-5-thread-1: SocketUtil.java:108 progressMessage() ] - After decrypt json[{"cmd":201,"userId":"91a31ba24648493aad89636922662c04","ver":"2.3.0","serial":1839251063,"status":0,"familyList":[{"email":"15079034630@126.com","phone":"","userName":"ahdhhddhhd","isAdmin":1,"familyId":"ea4205a93f1c46b4a6df9bb391513dd9","familyName":"ojrtx","creator":"91a31ba24648493aad89636922662c04","showIndex":1,"createTime":"2017-03-27 16:38:09","updateTime":"2017-03-30 10:31:48","longitude":"114.004849","latotide":"22.593931","country":"cn","city":"shenzhen","state":"guangdong","timeOffset":28800,"zoneOffset":28800,"delFlag":0},{"email":"15079034630@126.com","phone":"","userName":"ahdhhddhhd","isAdmin":1,"familyId":"7c9d5013119f46a2a89fe662794afe17","familyName":"gggy","creator":"91a31ba24648493aad89636922662c04","showIndex":2,"createTime":"2017-03-27 16:42:12","updateTime":"2017-03-28 19:54:38","longitude":"113.9997694882676","latotide":"22.59673235708171","country":"cn","city":"æ·±å³å¸?","state":"å¹¿ä¸ç?","timeOffset":28800,"zoneOffset":28800,"delFlag":0},{"email":"15079034630@126.com","phone":"","userName":"ahdhhddhhd","isAdmin":1,"familyId":"2f2e636022b94e218b3c2f9756c65cc5","familyName":"f30ow","pic":"http://homemate.orvibo.com/images/family/decd605137a041d3943517d8943621bf.png","creator":"91a31ba24648493aad89636922662c04","showIndex":3,"createTime":"2017-03-27 17:37:58","updateTime":"2017-03-28 19:54:38","longitude":"113.9997694882676","latotide":"22.59673235708171","country":"cn","city":"æ·±å³å¸?","state":"å¹¿ä¸ç?","timeOffset":28800,"zoneOffset":28800,"delFlag":0},{"email":"15079034630@126.com","phone":"","userName":"ahdhhddhhd","isAdmin":1,"familyId":"8a1ceb7b78034a539fbebe64efd979fc","familyName":"2fa1b","pic":"http://homemate.orvibo.com/images/family/5d1549631bde4bba877fa28498755239.png","creator":"91a31ba24648493aad89636922662c04","showIndex":4,"createTime":"2017-03-27 18:42:00","updateTime":"2017-03-28 19:54:38","longitude":"113.9997694882676","latotide":"22.59673235708171","country":"cn","city":"æ·±å³å¸?","state":"å¹¿ä¸ç?","timeOffset":28800,"zoneOffset":28800,"delFlag":0},{"email":"15079034630@126.com","phone":"","userName":"ahdhhddhhd","isAdmin":1,"familyId":"dbc10e32ebe547cc932bce19fe63d2c1","familyName":"iu299","pic":"http://homemate.orvibo.com/images/family/783967619a144ff182042bce99002bb1.png","creator":"91a31ba24648493aad89636922662c04","showIndex":5,"createTime":"2017-03-27 19:02:47","updateTime":"2017-03-28 19:54:38","longitude":"113.9997694882676","latotide":"22.59673235708171","country":"cn","city":"æ·±å³å¸?","state":"å¹¿ä¸ç?","timeOffset":28800,"zoneOffset":28800,"delFlag":0}]}]

03-30 10:47:19.979 23914 23914 D HomeMate: allen[ main: HomePagerFragment.java:202 onStart() ] - onStart()

03-30 10:47:19.981 23914 23914 D HomeMate: allen[ main: HomePagerFragment.java:208 onResume() ] - onResume()

03-30 10:47:19.984 23914 23914 E RecyclerView: No adapter attached; skipping layout

03-30 10:47:20.025 23914 23914 D HomeMate: comm[ main: BaseRequest.java:498 stopRequest() ] - Stop request which serial is 1839251063 on com.orvibo.homemate.device.home.HomeRoomPresenter$1@8ec8c9a

03-30 10:47:20.025 23914 23914 D HomeMate: comm[ main: HomeRoomPresenter.java:58 init() ] - HomeRefresh

03-30 10:47:20.033 23914 23914 D HomeMate: comm[ main: HomeFragment.java:279 onInit() ] - HomeRefresh

03-30 10:47:20.034 23914 23914 D HomeMate: allen[ main: HomeFragment.java:291 onRefreshFamilies() ] - families:[Family{familyId='ea4205a93f1c46b4a6df9bb391513dd9', pic='null', creator='91a31ba24648493aad89636922662c04', familyName='ojrtx', nickname_in_family='null', email='15079034630@126.com', phone='', showIndex=1, isAdmin=1, userid='91a31ba24648493aad89636922662c04', userName=ahdhhddhhd, updateTimeSec=1490841108000} , Family{familyId='7c9d5013119f46a2a89fe662794afe17', pic='null', creator='91a31ba24648493aad89636922662c04', familyName='gggy', nickname_in_family='null', email='15079034630@126.com', phone='', showIndex=2, isAdmin=1, userid='91a31ba24648493aad89636922662c04', userName=ahdhhddhhd, updateTimeSec=1490702078000} , Family{familyId='2f2e636022b94e218b3c2f9756c65cc5', pic='http://homemate.orvibo.com/images/family/decd605137a041d3943517d8943621bf.png', creator='91a31ba24648493aad89636922662c04', familyName='f30ow', nickname_in_family='null', email='15079034630@126.com', phone='', showIndex=3, isAdmin=1, userid='91a31ba24648493aad89636922662c04', userName=ahdhhddhhd, updateTimeSec=1490702078000} , Family{familyId='8a1ceb7b78034a539fbebe64efd979fc', pic='http://homemate.orvibo.com/images/family/5d1549631bde4bba877fa28498755239.png', creator='91a31ba24648493aad89636922662c04', familyName='2fa1b', nickname_in_family='null', email='15079034630@126.com', phone='', showIndex=4, isAdmin=1, userid='91a31ba24648493aad89636922662c04', userName=ahdhhddhhd, updateTimeSec=1490702078000} , Family{familyId='dbc10e32ebe547cc932bce19fe63d2c1', pic='http://homemate.orvibo.com/images/family/783967619a144ff182042bce99002bb1.png', creator='91a31ba24648493aad89636922662c04', familyName='iu299', nickname_in_family='null', email='15079034630@126.com', phone='', showIndex=5, isAdmin=1, userid='91a31ba24648493aad89636922662c04', userName=ahdhhddhhd, updateTimeSec=1490702078000} ] selectFamilyPosition:0

03-30 10:47:20.050 23914 23914 D HomeMate: comm[ main: HomeFragment.java:382 doRefreshRooms() ] - HomeRefresh-do refresh

03-30 10:47:20.050 23914 23914 D HomeMate: allen[ main: HomeFragment.java:385 doRefreshRooms() ] - rooms:[Room{roomId='ea4205a93f1c46b4a6df9bb391513dd9', roomName='é»è®¤æ¿é´', floorId='714c9032b3ef488bbfe77bff438d53a4', roomType=0, sequence=0, isDefaultRoom=false, imgUrl='/storage/emulated/0/HomeMate/room/6_thumb'} BaseBo{delFlag=0, updateTime='0', createTime='0', updateTimeSec=0, uid='null', userName='null'}] selectRoomPosition:0

03-30 10:47:20.053 23914 23914 D HomeMate: comm[ main: BaseFragment.java:74 onAttach() ] - HomePagerFragment

03-30 10:47:20.054 23914 23914 D HomeMate: allen[ main: HomePagerFragment.java:120 onCreateView() ] - onCreateView()

03-30 10:47:20.056 23914 23914 V BoostFramework: BoostFramework() : mPerf = com.qualcomm.qti.Performance@216327c

03-30 10:47:20.056 23914 23914 V BoostFramework: BoostFramework() : mPerf = com.qualcomm.qti.Performance@ebd7705

03-30 10:47:20.059 23914 23914 V BoostFramework: BoostFramework() : mPerf = com.qualcomm.qti.Performance@454e98b

03-30 10:47:20.059 23914 23914 V BoostFramework: BoostFramework() : mPerf = com.qualcomm.qti.Performance@3d1fa68

03-30 10:47:20.060 23914 23914 D HomeMate: allen[ main: HomePagerFragment.java:186 onActivityCreated() ] - onActivityCreated()

03-30 10:47:20.061 23914 23914 D HomeMate: comm[ main: PropertyReport.java:94 registerNewPropertyReport() ] - registerNewPropertyReport()-listener:com.orvibo.homemate.device.home.HomeDevicePresenter@f237e81

03-30 10:47:20.061 23914 23914 D HomeMate: allen[ main: HomeDevicePresenter.java:110 refresh() ] - Start to init devices.

03-30 10:47:20.062 23914 23914 D HomeMate: allen[ main: HomeDevicePresenter.java:114 refresh() ] - Show devices from Room{roomId='ea4205a93f1c46b4a6df9bb391513dd9', roomName='é»è®¤æ¿é´', floorId='714c9032b3ef488bbfe77bff438d53a4', roomType=0, sequence=0, isDefaultRoom=false, imgUrl='/storage/emulated/0/HomeMate/room/6_thumb'} BaseBo{delFlag=0, updateTime='0', createTime='0', updateTimeSec=0, uid='null', userName='null'}

03-30 10:47:20.066 23914 23914 D HomeMate: allen[ main: HomeDevicePresenter.java:116 refresh() ] - devices [Device{uid=5ccf7fda9b5e, deviceName=S30æºè½æåº§, deviceId=040c8e12fd4d4f3192d9a5378cf8b149, appDeviceId=65533, deviceType=29, roomId=, company='', delFlag=0, extAddr='', endpoint=-1, irDeviceId=, sequence=0, model='62f1da0474434509923b2dc947a0f14c', updateTime=1490840335000(2017-03-30 10:18:55), userName=null} ]

03-30 10:47:20.068 23914 23914 D HomeMate: allen[ main: HomeDevicePresenter.java:121 refresh() ] - other devices []

03-30 10:47:20.072 23914 23914 D HomeMate: allen[ main: HomeDevicePresenter.java:155 refreshDeviceStatus() ] - deviceStatusMap {040c8e12fd4d4f3192d9a5378cf8b149=Action{uid=5ccf7fda9b5e, deviceId=040c8e12fd4d4f3192d9a5378cf8b149, command='null', value1=0, value2=0, value3=0, value4=0, alarmType=1, delayTime=0, keyName='null', freq=0, name=, pluseNum=0, pluseData=null} }

03-30 10:47:20.073 23914 23914 D HomeMate: allen[ main: HomePagerFragment.java:229 onDeviceInit() ] - devices:[Device{uid=5ccf7fda9b5e, deviceName=S30æºè½æåº§, deviceId=040c8e12fd4d4f3192d9a5378cf8b149, appDeviceId=65533, deviceType=29, roomId=, company='', delFlag=0, extAddr='', endpoint=-1, irDeviceId=, sequence=0, model='62f1da0474434509923b2dc947a0f14c', updateTime=1490840335000(2017-03-30 10:18:55), userName=null} ],otherDevices:[]

03-30 10:47:20.077 23914 23914 D HomeMate: allen[ main: HomePagerFragment.java:279 onDeviceInit() ] - Show devices

03-30 10:47:20.077 23914 23914 D HomeMate: allen[ main: HomeDevicePresenter.java:129 refresh() ] - Finish to init device. cost 16ms

03-30 10:47:20.078 23914 23914 D HomeMate: comm[ main: DeviceUtil.java:953 getEnergyDevices() ] - familyId:ea4205a93f1c46b4a6df9bb391513dd9

03-30 10:47:20.081 23914 23914 D HomeMate: comm[ main: DeviceUtil.java:989 getEnergyDevices() ] - energyRemindDevices:[]

03-30 10:47:20.081 23914 23914 I HomeMate: wei[ main: RoomCommonSceneDao.java:46 selRoomCommonScene() ] - select * from scene inner join roomcommonscene on scene.sceneNo = roomcommonscene.sceneNo where roomcommonscene.userId = ? and roomcommonscene.roomId = ? order by roomcommonscene.sceneSequence ASC

03-30 10:47:20.091 23914 23914 D HomeMate: comm[ main: RoomImageUtil.java:275 getRoomImagePathByName() ] - RoomImageUtil: getRoomImagePathByName(file.exists == false !)

03-30 10:47:20.091 23914 23914 D HomeMate: comm[ main: HomePagerFragment.java:349 setRoomImage() ] - room:Room{roomId='ea4205a93f1c46b4a6df9bb391513dd9', roomName='é»è®¤æ¿é´', floorId='714c9032b3ef488bbfe77bff438d53a4', roomType=0, sequence=0, isDefaultRoom=false, imgUrl='/storage/emulated/0/HomeMate/room/6_thumb'} BaseBo{delFlag=0, updateTime='0', createTime='0', updateTimeSec=0, uid='null', userName='null'}   file.exists()->true

03-30 10:47:20.092 23914 23914 D HomeMate: allen[ main: HomePagerFragment.java:202 onStart() ] - onStart()

03-30 10:47:20.094 23914 24026 D HomeMate: comm[ Thread-44567: LogcatHelper.java:162 setStream() ] - setStream()-Save log to /storage/emulated/0/HomeMate/HomeMate_20170330104720.094.txt

03-30 10:47:20.095 23914 23914 D HomeMate: allen[ main: HomePagerFragment.java:208 onResume() ] - onResume()

03-30 10:47:20.098 23914 23914 E RecyclerView: No adapter attached; skipping layout

03-30 10:47:20.100   379   493 I ThermalEngine: Sensor:batt_temp:365 mC

03-30 10:47:20.103 23914 24130 W HomeMate: comm[ Thread-44615: LogcatHelper.java:202 run() ] - Start to save homemate log

03-30 10:47:20.166 23914 23914 D HomeMate: comm[ main: MainPresenter.java:804 handleMessage() ] - Start to check unbind device

03-30 10:47:20.169 23914 24014 D HomeMate: comm[ pool-6-thread-1: SearchDevice.java:136 searchWifiDevice() ] - searchWifiDevice()

03-30 10:47:20.171 23914 23914 D HomeMate: comm[ main: QueryUnbinds.java:69 queryAllWifiDevices() ] - QueryUnbinds.queryWifiSockets

03-30 10:47:20.173 23914 24028 I HomeMate: comm[ pool-6-thread-2: BaseRequest.java:118 doRequestAsync() ] - registerEvent: com.orvibo.homemate.device.searchdevice.SearchDevice$2@3949edc

03-30 10:47:20.177 23914 24028 D HomeMate: comm[ pool-6-thread-2: BaseRequest.java:978 saveSerial() ] - Record serial 448489177 on com.orvibo.homemate.device.searchdevice.SearchDevice$2@3949edc

03-30 10:47:20.177 23914 24039 D HomeMate: comm[ pool-4-thread-1: MinaSocket.java:139 send() ] - target:server,position:server start request.requestConfig:RequestConfig{state=2, type=0, target=1, requestConf=RequestConf{totalCount=2, intervalTime=3500, lastTimeoutTime=5000}},messageLength:90

03-30 10:47:20.177 23914 24039 D HomeMate: sConnectFutures:{server=org.apache.mina.core.polling.AbstractPollingIoConnector$ConnectionRequest@9f7095}

03-30 10:47:20.178 23914 24039 I HomeMate: comm[ pool-4-thread-1: CodecEncoder.java:44 encode() ] - encode()-ç¼ç å®æ,åIP:/192.168.2.242:10001åæ°æ?(90):68,64,00,5a,64,6b,27,7d,f1,31,65,63,36,37,35,36,37,64,66,30,63,37,34,38,38,34,62,64,63,33,64,33,39,62,66,64,34,64,39,33,65,34,5e,d2,a6,b1,e1,dc,36,06,98,3a,6f,4a,34,6a,d1,c5,76,da,d7,20,a3,df,44,1a,f8,e2,81,63,89,ee,24,04,26,be,cb,c3,37,82,9c,5d,19,a6,cb,fd,af,1a,77,44

03-30 10:47:20.179 23914 24039 D HomeMate: comm[ pool-4-thread-1: MinaSocket.java:157 send() ] - isWritten:true,ioSession:(0x00000001: nio socket, client, /192.168.56.181:46879 => /192.168.2.242:10001)

03-30 10:47:20.180 23914 24039 V HomeMate: comm[ pool-4-thread-1: BaseRequest.java:180 onAsyncTick() ] - Send command:Command{

03-30 10:47:20.180 23914 24039 V HomeMate: uid='server'

03-30 10:47:20.180 23914 24039 V HomeMate: serial=448489177

03-30 10:47:20.180 23914 24039 V HomeMate: cmd=66

03-30 10:47:20.180 23914 24039 V HomeMate: crc='277DF131'

03-30 10:47:20.180 23914 24039 V HomeMate: requestConfig=RequestConfig{state=2, type=0, target=1, requestConf=RequestConf{totalCount=2, intervalTime=3500, lastTimeoutTime=5000}}

03-30 10:47:20.180 23914 24039 V HomeMate: jsonObject={"cmd":66,"serial":448489177,"ver":"2.3.0"}}

03-30 10:47:20.303   379   472 I ThermalEngine: Sensor:tsens_tz_sensor5:55000 mC

03-30 10:47:20.303   379   516 I ThermalEngine: Sensor:tsens_tz_sensor5:55000 mC

03-30 10:47:20.303   379   516 I ThermalEngine: TM Id 'CPU0_MONITOR' Sensor 'cpu0' - alarm cleared 2 at 55.0 degC

03-30 10:47:20.304   379   516 I ThermalEngine: ACTION: CPU - Setting CPU[0] to 1728000

03-30 10:47:20.304   379   516 I ThermalEngine: Mitigation:CPU[0]:1728000 Khz

03-30 10:47:20.304   379   516 I ThermalEngine: ACTION: CPU - Setting CPU[1] to 1728000

03-30 10:47:20.304   379   516 E ThermalEngine: Failed to set desired CPU[1] frequency limit to 1728000

03-30 10:47:20.304   379   516 I ThermalEngine: ACTION: CPU - Setting CPU[2] to 1728000

03-30 10:47:20.304   379   516 E ThermalEngine: Failed to set desired CPU[2] frequency limit to 1728000

03-30 10:47:20.304   379   516 I ThermalEngine: ACTION: CPU - Setting CPU[3] to 1728000

03-30 10:47:20.305   379   516 I ThermalEngine: Mitigation:CPU[3]:1728000 Khz

03-30 10:47:20.441  3745  3745 D wpa_supplicant: wlan0: Control interface command 'SIGNAL_POLL'

03-30 10:47:20.442  3745  3745 D wpa_supplicant: CTRL-DEBUG: global_ctrl_sock-sendto: sock=11 sndbuf=163840 outq=0 send_len=49

03-30 10:47:20.557 23914 24057 D HomeMate: comm[ NioProcessor-7: CodecDecoder.java:44 doDecode() ] - hd:6864,actualLen:106

03-30 10:47:20.577 23914 24057 I HomeMate: comm[ NioProcessor-7: CodecDecoder.java:76 doDecode() ] - æ¥æ¶å°IP:192.168.2.242çæ°æ®ï¼68,64,0,6a,64,6b,a0,73,cf,bd,65,63,36,37,35,36,37,64,66,30,63,37,34,38,38,34,62,64,63,33,64,33,39,62,66,64,34,64,39,33,65,34,2d,c6,77,72,53,30,b8,55,f8,d1,35,a8,f2,df,de,15,f1,9,bf,4f,4f,95,b3,e3,d6,49,45,33,76,9e,6d,f7,8e,b1,d0,6b,a7,f0,9c,8c,ed,3c,af,b9,8d,5f,fc,48,a,a7,84,39,88,b0,ca,69,4b,1a,83,38,5d,d7,11,92

03-30 10:47:20.580 23914 24058 I HomeMate: comm[ pool-5-thread-1: SocketUtil.java:70 progressMessage() ] - protocolType[dk],crc:A073CFBD,sessionId:ec67567df0c74884bdc3d39bfd4d93e4,jsonLen:64,ip:192.168.2.242,port:10001

03-30 10:47:20.581 23914 24058 I HomeMate: comm[ pool-5-thread-1: SocketUtil.java:108 progressMessage() ] - After decrypt json[{"serial":448489177,"deviceList":"[]","cmd":66,"status":0}]

03-30 10:47:20.583 23914 24058 D HomeMate: comm[ pool-5-thread-1: ProcessPayload.java:3044 parseJson2DeviceList() ] - count = 0

03-30 10:47:20.584 23914 23914 D HomeMate: comm[ main: QueryUnbinds.java:98 onEventMainThread() ] - QueryUnbinds.onEventMainThread event.getDeviceUnbindList() = []

03-30 10:47:20.584 23914 23914 D HomeMate: comm[ main: QueryUnbinds.java:99 onEventMainThread() ] - QueryUnbinds onEventMainThread configAp:false

03-30 10:47:20.585 23914 23914 D HomeMate: comm[ main: BaseRequest.java:511 stopRequest() ] -  Stop request com.orvibo.homemate.device.searchdevice.SearchDevice$2@3949edc

03-30 10:47:20.619 25810 25810 W AppWatcher: type=1400 audit(0.0:55213858): avc: denied { getattr } for path="/proc/opalum-temp-calib" dev="proc" ino=4026534631 scontext=u:r:untrusted_app:s0:c512,c768 tcontext=u:object_r:proc_opalum:s0 tclass=file permissive=0

03-30 10:47:20.619 25810 25810 W AppWatcher: type=1400 audit(0.0:55213859): avc: denied { getattr } for path="/proc/opalum-f0-calib" dev="proc" ino=4026534630 scontext=u:r:untrusted_app:s0:c512,c768 tcontext=u:object_r:proc_opalum:s0 tclass=file permissive=0

03-30 10:47:20.619 25810 25810 W AppWatcher: type=1400 audit(0.0:55213860): avc: denied { getattr } for path="/proc/sysrq-trigger" dev="proc" ino=4026533735 scontext=u:r:untrusted_app:s0:c512,c768 tcontext=u:object_r:proc_sysrq:s0 tclass=file permissive=0

03-30 10:47:20.629 25810 25810 W AppWatcher: type=1400 audit(0.0:55213861): avc: denied { getattr } for path="/proc/1" dev="proc" ino=11921139 scontext=u:r:untrusted_app:s0:c512,c768 tcontext=u:r:init:s0 tclass=dir permissive=0

03-30 10:47:20.629 25810 25810 W AppWatcher: type=1400 audit(0.0:55213862): avc: denied { getattr } for path="/proc/2" dev="proc" ino=11961941 scontext=u:r:untrusted_app:s0:c512,c768 tcontext=u:r:kernel:s0 tclass=dir permissive=0

03-30 10:47:20.629 25810 25810 W AppWatcher: type=1400 audit(0.0:55213863): avc: denied { getattr } for path="/proc/3" dev="proc" ino=11961942 scontext=u:r:untrusted_app:s0:c512,c768 tcontext=u:r:kernel:s0 tclass=dir permissive=0

03-30 10:47:20.629 25810 25810 W AppWatcher: type=1400 audit(0.0:55213864): avc: denied { getattr } for path="/proc/6" dev="proc" ino=11961943 scontext=u:r:untrusted_app:s0:c512,c768 tcontext=u:r:kernel:s0 tclass=dir permissive=0

03-30 10:47:20.629 25810 25810 W AppWatcher: type=1400 audit(0.0:55213865): avc: denied { getattr } for path="/proc/7" dev="proc" ino=11961944 scontext=u:r:untrusted_app:s0:c512,c768 tcontext=u:r:kernel:s0 tclass=dir permissive=0

03-30 10:47:20.639 25810 25810 W AppWatcher: type=1400 audit(0.0:55213866): avc: denied { getattr } for path="/proc/8" dev="proc" ino=11961945 scontext=u:r:untrusted_app:s0:c512,c768 tcontext=u:r:kernel:s0 tclass=dir permissive=0

03-30 10:47:20.639 25810 25810 W AppWatcher: type=1400 audit(0.0:55213867): avc: denied { getattr } for path="/proc/21" dev="proc" ino=11961946 scontext=u:r:untrusted_app:s0:c512,c768 tcontext=u:r:kernel:s0 tclass=dir permissive=0

03-30 10:47:20.639 25810 25810 W AppWatcher: type=1400 audit(0.0:55213868): avc: denied { getattr } for path="/proc/22" dev="proc" ino=11961947 scontext=u:r:untrusted_app:s0:c512,c768 tcontext=u:r:kernel:s0 tclass=dir permissive=0

03-30 10:47:20.639 25810 25810 W AppWatcher: type=1400 audit(0.0:55213869): avc: denied { getattr } for path="/proc/28" dev="proc" ino=11961948 scontext=u:r:untrusted_app:s0:c512,c768 tcontext=u:r:kernel:s0 tclass=dir permissive=0

03-30 10:47:20.639 25810 25810 W AppWatcher: type=1400 audit(0.0:55213870): avc: denied { getattr } for path="/proc/29" dev="proc" ino=11961949 scontext=u:r:untrusted_app:s0:c512,c768 tcontext=u:r:kernel:s0 tclass=dir permissive=0

03-30 10:47:20.639 25810 25810 W AppWatcher: type=1400 audit(0.0:55213871): avc: denied { getattr } for path="/proc/30" dev="proc" ino=11961950 scontext=u:r:untrusted_app:s0:c512,c768 tcontext=u:r:kernel:s0 tclass=dir permissive=0

03-30 10:47:20.649 25810 25810 W AppWatcher: type=1400 audit(0.0:55213872): avc: denied { getattr } for path="/proc/32" dev="proc" ino=11961951 scontext=u:r:untrusted_app:s0:c512,c768 tcontext=u:r:kernel:s0 tclass=dir permissive=0

03-30 10:47:20.649 25810 25810 W AppWatcher: type=1400 audit(0.0:55213873): avc: denied { getattr } for path="/proc/33" dev="proc" ino=11961952 scontext=u:r:untrusted_app:s0:c512,c768 tcontext=u:r:kernel:s0 tclass=dir permissive=0

03-30 10:47:20.649 25810 25810 W AppWatcher: type=1400 audit(0.0:55213874): avc: denied { getattr } for path="/proc/34" dev="proc" ino=11961953 scontext=u:r:untrusted_app:s0:c512,c768 tcontext=u:r:kernel:s0 tclass=dir permissive=0

03-30 10:47:20.659 25810 25810 W AppWatcher: type=1400 audit(0.0:55213875): avc: denied { getattr } for path="/proc/61" dev="proc" ino=11961954 scontext=u:r:untrusted_app:s0:c512,c768 tcontext=u:r:kernel:s0 tclass=dir permissive=0

03-30 10:47:20.659 25810 25810 W AppWatcher: type=1400 audit(0.0:55213876): avc: denied { getattr } for path="/proc/62" dev="proc" ino=11961955 scontext=u:r:untrusted_app:s0:c512,c768 tcontext=u:r:kernel:s0 tclass=dir permissive=0

03-30 10:47:20.659 25810 25810 W AppWatcher: type=1400 audit(0.0:55213877): avc: denied { getattr } for path="/proc/63" dev="proc" ino=11961956 scontext=u:r:untrusted_app:s0:c512,c768 tcontext=u:r:kernel:s0 tclass=dir permissive=0

03-30 10:47:20.669 25810 25810 W AppWatcher: type=1400 audit(0.0:55213878): avc: denied { getattr } for path="/proc/64" dev="proc" ino=11961957 scontext=u:r:untrusted_app:s0:c512,c768 tcontext=u:r:kernel:s0 tclass=dir permissive=0

03-30 10:47:20.669 25810 25810 W AppWatcher: type=1400 audit(0.0:55213879): avc: denied { getattr } for path="/proc/65" dev="proc" ino=11961958 scontext=u:r:untrusted_app:s0:c512,c768 tcontext=u:r:kernel:s0 tclass=dir permissive=0

03-30 10:47:20.669 25810 25810 W AppWatcher: type=1400 audit(0.0:55213880): avc: denied { getattr } for path="/proc/66" dev="proc" ino=11961959 scontext=u:r:untrusted_app:s0:c512,c768 tcontext=u:r:kernel:s0 tclass=dir permissive=0

03-30 10:47:20.669 25810 25810 W AppWatcher: type=1400 audit(0.0:55213881): avc: denied { getattr } for path="/proc/67" dev="proc" ino=11961960 scontext=u:r:untrusted_app:s0:c512,c768 tcontext=u:r:kernel:s0 tclass=dir permissive=0

03-30 10:47:20.669 25810 25810 W AppWatcher: type=1400 audit(0.0:55213882): avc: denied { getattr } for path="/proc/68" dev="proc" ino=11961961 scontext=u:r:untrusted_app:s0:c512,c768 tcontext=u:r:kernel:s0 tclass=dir permissive=0

03-30 10:47:20.669 25810 25810 W AppWatcher: type=1400 audit(0.0:55213883): avc: denied { getattr } for path="/proc/69" dev="proc" ino=11961962 scontext=u:r:untrusted_app:s0:c512,c768 tcontext=u:r:kernel:s0 tclass=dir permissive=0

03-30 10:47:20.773 23862 23862 I QueryController: Matched selector: UiSelector[TEXT=æç] <<==>> [android.view.accessibility.AccessibilityNodeInfo@80035fd2; boundsInParent: Rect(524153, 0 - 524423, 48); boundsInScreen: Rect(810, 1863 - 1080, 1911); packageName: com.orvibo.homemate; className: android.widget.TextView; text: æç; error: null; maxTextLength: -1; contentDescription: null; viewIdResName: com.orvibo.homemate:id/text; checkable: false; checked: false; focusable: false; focused: false; selected: false; clickable: false; longClickable: false; contextClickable: false; enabled: true; password: false; scrollable: false; actions: [AccessibilityAction: ACTION_SELECT - null, AccessibilityAction: ACTION_CLEAR_SELECTION - null, AccessibilityAction: ACTION_ACCESSIBILITY_FOCUS - null, AccessibilityAction: ACTION_NEXT_AT_MOVEMENT_GRANULARITY - null, AccessibilityAction: ACTION_PREVIOUS_AT_MOVEMENT_GRANULARITY - null, AccessibilityAction: ACTION_SET_SELECTION - null, AccessibilityAction: ACTION_UNKNOWN - null]]

03-30 10:47:20.774  6151  6186 I octvm_klo: read wakeups from wakealarm_fd:1

03-30 10:47:20.774  6151  6186 I octvm_klo: new timerfd interval:

03-30 10:47:20.774  6151  6186 I octvm_klo: 	itval.it_interval.tv_sec 1, itval.it_interval.tv_nsec 0

03-30 10:47:20.774  6151  6186 I octvm_klo: 	itval.it_value.tv_sec 0, itval.it_value.tv_nsec 999997865

03-30 10:47:20.818 23914 23997 D UTAnalytics:LogStoreMgr: pid:23914 [store],

03-30 10:47:20.826 23862 23862 I QueryController: Matched selector: UiSelector[TEXT=æç] <<==>> [android.view.accessibility.AccessibilityNodeInfo@80035fd2; boundsInParent: Rect(524153, 0 - 524423, 48); boundsInScreen: Rect(810, 1863 - 1080, 1911); packageName: com.orvibo.homemate; className: android.widget.TextView; text: æç; error: null; maxTextLength: -1; contentDescription: null; viewIdResName: com.orvibo.homemate:id/text; checkable: false; checked: false; focusable: false; focused: false; selected: false; clickable: false; longClickable: false; contextClickable: false; enabled: true; password: false; scrollable: false; actions: [AccessibilityAction: ACTION_SELECT - null, AccessibilityAction: ACTION_CLEAR_SELECTION - null, AccessibilityAction: ACTION_ACCESSIBILITY_FOCUS - null, AccessibilityAction: ACTION_NEXT_AT_MOVEMENT_GRANULARITY - null, AccessibilityAction: ACTION_PREVIOUS_AT_MOVEMENT_GRANULARITY - null, AccessibilityAction: ACTION_SET_SELECTION - null, AccessibilityAction: ACTION_UNKNOWN - null]]

03-30 10:47:20.832 23862 23862 D InteractionController: clickAndSync(945, 1887)

03-30 10:47:20.874  2044  3799 D SystemSettings: Want to modify SystemSettings? See MiuiSettings.System.PUBLIC_SETTINGS

03-30 10:47:20.874  2044  3799 W SettingsProvider: You shouldn't keep your settings in the secure settings. This will soon become an error.

03-30 10:47:20.878 23914 23997 D UTAnalytics:UTSqliteLogStore: pid:23914 [insert] ,, isSuccess:true,ret,2290,

03-30 10:47:20.878 23914 23997 D UTAnalytics:UTSqliteLogStore: pid:23914 [insert] ,, isSuccess:true,ret,2291,

03-30 10:47:20.939 23914 23914 D HomeMate: comm[ main: MainActivity.java:116 onClick() ] - android.widget.RelativeLayout{2e7c7c3 VFE...C.. ...P.... 810,0-1080,154 #7f0d0780 app:id/tab_rl}

03-30 10:47:20.951 23914 23914 D HomeMate: comm[ main: MainActivity.java:132 onTabChanged() ] - tabId:æç

03-30 10:47:20.954 23914 24161 D FeedbackAPI: sign before:appkey=23256401&deviceId=WJfwe+sntC4DAAdSBLpxQDCW

03-30 10:47:20.957 23914 24161 D FeedbackAPI : sign after:e469344ba86f5f3f88c8fd188558071e8ce8dba2

03-30 10:47:20.986 23914 23914 D HomeMate: comm[ main: BaseFragment.java:74 onAttach() ] - PersonalFragment

03-30 10:47:20.986 23914 23914 D HomeMate: comm[ main: PersonalFragment.java:97 onCreateView() ] - onCreateView()

03-30 10:47:20.992 23914 23914 V BoostFramework: BoostFramework() : mPerf = com.qualcomm.qti.Performance@191a23f

03-30 10:47:20.992 23914 23914 V BoostFramework: BoostFramework() : mPerf = com.qualcomm.qti.Performance@62b770c

03-30 10:47:21.058 23914 23914 D HomeMate: comm[ main: PersonalFragment.java:204 refresh() ] - refresh()-appUserName:15079034630@126.com,userId:91a31ba24648493aad89636922662c04

03-30 10:47:21.060 23914 23914 D HomeMate: comm[ main: PersonalFragment.java:206 refresh() ] - refresh(0)-account:Account{userId='91a31ba24648493aad89636922662c04', familyId='null', password='E10ADC3949BA59ABBE56E057F20F883E', phone='', email='15079034630@126.com', userType=0, registerType=0, idc=0, country='null', state='null', city='null'} BaseBo{delFlag=0, updateTime='1490702387000', createTime='1490603889000', updateTimeSec=0, uid='null', userName='ahdhhddhhd'}

03-30 10:47:21.068 23914 23914 D HomeMate: comm[ main: GetAccountIcon.java:39 startGetAccountIcon() ] - params:source=ZhiJia365&sessionId=ec67567df0c74884bdc3d39bfd4d93e4&userName=15079034630@126.com

03-30 10:47:21.069  4060  4253 W PushService: 2017-03-30 10:47:21,069 - [WARN::PushService] - [Thread:54] JOB: check the ping-pong.1490842031061

03-30 10:47:21.073 23914 23914 D HomeMate: comm[ main: ADCache.java:50 getADInfo() ] - adInfoJson:{"errorMessage":"check gateway fail","updateTime":0,"isTarget":false,"errorCode":0,"image":null,"showAdv":false,"serial":"3c4904d607d94bd4b9fdab8f5345b67f","url":null}

03-30 10:47:21.078 23914 23914 D HomeMate: comm[ main: ADModel.java:186 parseADInfoJson() ] - adInfo:ADInfo{, showAdv=false, errorCode=0, errorMessage='check gateway fail', image='null', url='null', isTarget=false, updateTime=0}

03-30 10:47:21.081  4116  4556 I XiaomiFirewall: firewall pkgName:com.orvibo.homemate, result:0x0

03-30 10:47:21.083 23914 23914 D HomeMate: comm[ main: PersonalFragment.java:144 setHubView() ] - hub uid :[007e56121206]

03-30 10:47:21.085 23914 23914 I HomeMate: hank[ main: FeedBackService.java:87 obtain() ] - is obtaining unread count now

03-30 10:47:21.101   379   493 I ThermalEngine: Sensor:batt_temp:365 mC

03-30 10:47:21.105 23914 24161 D HomeMate: hank[ Thread-44654: FeedBackService.java:94 onSuccess() ] - FeedbackAPI unreadCount:18

03-30 10:47:21.126 23914 23914 V AsyncHttpRH: Progress 129 from 1 (12900%)

03-30 10:47:21.127 23914 23914 I HomeMate: comm[ main: GetAccountIcon.java:44 onSuccess() ] - {"errorMessage":"æå","file":"https://homemate.orvibo.com/images/20170328/b1c9f1c967da46dfa5aa9d21991fb39f.jpg","errorCode":0}

03-30 10:47:21.127 23914 23914 I HomeMate: comm[ main: GetAccountIcon.java:63 onSuccess() ] - æå

03-30 10:47:21.127 23914 23914 D HomeMate: comm[ main: PersonalFragment.java:397 onGetAccountIconResult() ] - 

03-30 10:47:21.127 23914 23914 D HomeMate: comm[ main: MainActivity.java:176 setTabReadTip() ] - showRedTip:true,position:3

03-30 10:47:21.151 23914 23914 D HomeMate: comm[ main: MainActivity.java:335 onRefresh() ] - mainRefreshType:1

03-30 10:47:21.151 23914 23914 D HomeMate: comm[ main: MainActivity.java:255 refreshCurrentFragment() ] - Current tag is æç,PersonalFragment{cbc4f28 #2 id=0x7f0d0299 æç},mainRefreshType:1

03-30 10:47:21.151 23914 23914 D HomeMate: comm[ main: PersonalFragment.java:204 refresh() ] - refresh()-appUserName:15079034630@126.com,userId:91a31ba24648493aad89636922662c04

03-30 10:47:21.152 23914 23914 D HomeMate: comm[ main: PersonalFragment.java:206 refresh() ] - refresh(0)-account:Account{userId='91a31ba24648493aad89636922662c04', familyId='null', password='E10ADC3949BA59ABBE56E057F20F883E', phone='', email='15079034630@126.com', userType=0, registerType=0, idc=0, country='null', state='null', city='null'} BaseBo{delFlag=0, updateTime='1490702387000', createTime='1490603889000', updateTimeSec=0, uid='null', userName='ahdhhddhhd'}

03-30 10:47:21.156 23914 23914 D HomeMate: comm[ main: GetAccountIcon.java:39 startGetAccountIcon() ] - params:source=ZhiJia365&sessionId=ec67567df0c74884bdc3d39bfd4d93e4&userName=15079034630@126.com

03-30 10:47:21.157 23914 23914 D HomeMate: comm[ main: ADCache.java:50 getADInfo() ] - adInfoJson:{"errorMessage":"check gateway fail","updateTime":0,"isTarget":false,"errorCode":0,"image":null,"showAdv":false,"serial":"3c4904d607d94bd4b9fdab8f5345b67f","url":null}

03-30 10:47:21.159 23914 23914 D HomeMate: comm[ main: ADModel.java:186 parseADInfoJson() ] - adInfo:ADInfo{, showAdv=false, errorCode=0, errorMessage='check gateway fail', image='null', url='null', isTarget=false, updateTime=0}

03-30 10:47:21.162 23914 23914 D HomeMate: comm[ main: PersonalFragment.java:144 setHubView() ] - hub uid :[007e56121206]

03-30 10:47:21.165 23914 24168 D FeedbackAPI: sign before:appkey=23256401&deviceId=WJfwe+sntC4DAAdSBLpxQDCW

03-30 10:47:21.168 23914 24168 D FeedbackAPI : sign after:e469344ba86f5f3f88c8fd188558071e8ce8dba2

03-30 10:47:21.208  3745  3745 D wpa_supplicant: nl80211: Event message available

03-30 10:47:21.208  3745  3745 D wpa_supplicant: nl80211: Drv Event 34 (NL80211_CMD_NEW_SCAN_RESULTS) received for wlan0

03-30 10:47:21.208  3745  3745 D wpa_supplicant: wlan0: nl80211: New scan results available

03-30 10:47:21.208  3745  3745 D wpa_supplicant: nl80211: Scan included frequencies: 2412 2417 2422 2427 2432 2437 2442 2447 2452 2457 2462 2467 2472 5180 5200 5220 5240 5260 5280 5300 5320 5745 5765 5785 5805 5825

03-30 10:47:21.208  3745  3745 D wpa_supplicant: wlan0: Event SCAN_RESULTS (3) received

03-30 10:47:21.208  3745  3745 D wpa_supplicant: wlan0: Scan completed in 2.161187 seconds

03-30 10:47:21.208  3745  3745 D wpa_supplicant: nl80211: Associated on 5280 MHz

03-30 10:47:21.208  3745  3745 D wpa_supplicant: nl80211: Associated with cc:81:da:9c:13:28

03-30 10:47:21.208  3745  3745 D wpa_supplicant: nl80211: Received scan results (31 BSSes)

03-30 10:47:21.208  3745  3745 D wpa_supplicant: nl80211: Scan results indicate BSS status with cc:81:da:9c:13:28 as associated

03-30 10:47:21.208  3745  3745 D wpa_supplicant: wlan0: BSS: Start scan result update 5287

03-30 10:47:21.209  3745  3745 D wpa_supplicant: wlan0: BSS: Add new id 8641 BSSID c0:61:18:1c:14:42 SSID 'MERCURY_1C1442'

03-30 10:47:21.209  3745  3745 D wpa_supplicant: CTRL-DEBUG: ctrl_sock-sendmsg: sock=11 sndbuf=163840 outq=0 send_len=43

03-30 10:47:21.209  3745  3745 D wpa_supplicant: CTRL_IFACE monitor sent successfully to /data/misc/wifi/sockets/wpa_ctrl_2044-2\x00

03-30 10:47:21.209  3745  3745 D wpa_supplicant: wlan0: BSS: Add new id 8642 BSSID e0:10:7f:0b:eb:b8 SSID 'ORVIBO'

03-30 10:47:21.209  3745  3745 D wpa_supplicant: CTRL-DEBUG: ctrl_sock-sendmsg: sock=11 sndbuf=163840 outq=448 send_len=43

03-30 10:47:21.209  3745  3745 D wpa_supplicant: CTRL_IFACE monitor sent successfully to /data/misc/wifi/sockets/wpa_ctrl_2044-2\x00

03-30 10:47:21.209  3745  3745 D wpa_supplicant: wlan0: BSS: Add new id 8643 BSSID e0:10:7f:4b:eb:b8 SSID 'WX-ORVIBO-Guest'

03-30 10:47:21.209  3745  3745 D wpa_supplicant: CTRL-DEBUG: ctrl_sock-sendmsg: sock=11 sndbuf=163840 outq=896 send_len=43

03-30 10:47:21.209  3745  3745 D wpa_supplicant: CTRL_IFACE monitor sent successfully to /data/misc/wifi/sockets/wpa_ctrl_2044-2\x00

03-30 10:47:21.209  3745  3745 D wpa_supplicant: wlan0: BSS: Add new id 8644 BSSID 30:b4:9e:41:40:68 SSID 'LieBaoWiFi740'

03-30 10:47:21.209  3745  3745 D wpa_supplicant: CTRL-DEBUG: ctrl_sock-sendmsg: sock=11 sndbuf=163840 outq=1344 send_len=43

03-30 10:47:21.209  3745  3745 D wpa_supplicant: CTRL_IFACE monitor sent successfully to /data/misc/wifi/sockets/wpa_ctrl_2044-2\x00

03-30 10:47:21.209  3745  3745 D wpa_supplicant: wlan0: BSS: Add new id 8645 BSSID 78:d3:8d:cf:7b:bc SSID 'SZGR'

03-30 10:47:21.209  3745  3745 D wpa_supplicant: CTRL-DEBUG: ctrl_sock-sendmsg: sock=11 sndbuf=163840 outq=1792 send_len=43

03-30 10:47:21.209  3745  3745 D wpa_supplicant: CTRL_IFACE monitor sent successfully to /data/misc/wifi/sockets/wpa_ctrl_2044-2\x00

03-30 10:47:21.209  3745  3745 D wpa_supplicant: wlan0: BSS: Remove id 8557 BSSID cc:81:da:c4:ad:a0 SSID '50.1-qian' due to no match in scan

03-30 10:47:21.209  3745  3745 D wpa_supplicant: CTRL-DEBUG: ctrl_sock-sendmsg: sock=11 sndbuf=163840 outq=2240 send_len=45

03-30 10:47:21.209  3745  3745 D wpa_supplicant: CTRL_IFACE monitor sent successfully to /data/misc/wifi/sockets/wpa_ctrl_2044-2\x00

03-30 10:47:21.209  3745  3745 D wpa_supplicant: wlan0: BSS: Remove id 8631 BSSID d4:68:ba:1b:d4:33 SSID 'BD_meeting' due to no match in scan

03-30 10:47:21.210  3745  3745 D wpa_supplicant: CTRL-DEBUG: ctrl_sock-sendmsg: sock=11 sndbuf=163840 outq=2240 send_len=45

03-30 10:47:21.210  3745  3745 D wpa_supplicant: CTRL_IFACE monitor sent successfully to /data/misc/wifi/sockets/wpa_ctrl_2044-2\x00

03-30 10:47:21.210  3745  3745 D wpa_supplicant: wlan0: BSS: Remove id 8637 BSSID 20:76:93:24:bd:70 SSID 'wukong222' due to no match in scan

03-30 10:47:21.210  3745  3745 D wpa_supplicant: CTRL-DEBUG: ctrl_sock-sendmsg: sock=11 sndbuf=163840 outq=1344 send_len=45

03-30 10:47:21.210  3745  3745 D wpa_supplicant: CTRL_IFACE monitor sent successfully to /data/misc/wifi/sockets/wpa_ctrl_2044-2\x00

03-30 10:47:21.210  3745  3745 D wpa_supplicant: wlan0: BSS: Remove id 8639 BSSID 20:a6:80:6c:2d:c0 SSID 'HUAWEI' due to no match in scan

03-30 10:47:21.210  3745  3745 D wpa_supplicant: CTRL-DEBUG: ctrl_sock-sendmsg: sock=11 sndbuf=163840 outq=0 send_len=45

03-30 10:47:21.210  3745  3745 D wpa_supplicant: CTRL_IFACE monitor sent successfully to /data/misc/wifi/sockets/wpa_ctrl_2044-2\x00

03-30 10:47:21.210  3745  3745 D wpa_supplicant: wlan0: BSS: Remove id 8627 BSSID cc:81:da:8e:c3:90 SSID '33.1_neiwang' due to no match in scan

03-30 10:47:21.210  3745  3745 D wpa_supplicant: CTRL-DEBUG: ctrl_sock-sendmsg: sock=11 sndbuf=163840 outq=0 send_len=45

03-30 10:47:21.210  3745  3745 D wpa_supplicant: CTRL_IFACE monitor sent successfully to /data/misc/wifi/sockets/wpa_ctrl_2044-2\x00

03-30 10:47:21.210  3745  3745 D wpa_supplicant: BSS: last_scan_res_used=31/64

03-30 10:47:21.210  3745  3745 D wpa_supplicant: wlan0: Scan-only results received

03-30 10:47:21.210  3745  3745 D wpa_supplicant: CTRL-DEBUG: ctrl_sock-sendmsg: sock=11 sndbuf=163840 outq=0 send_len=24

03-30 10:47:21.210  3745  3745 D wpa_supplicant: CTRL_IFACE monitor sent successfully to /data/misc/wifi/sockets/wpa_ctrl_2044-2\x00

03-30 10:47:21.210  3745  3745 D wpa_supplicant: wlan0: Radio work 'scan'@0xb68d9398 done in 2.166260 seconds

03-30 10:47:21.211  3745  3745 D wpa_supplicant: RTM_NEWLINK: ifi_index=22 ifname=wlan0 wext ifi_family=0 ifi_flags=0x11043 ([UP][RUNNING][LOWER_UP])

03-30 10:47:21.213  3745  3745 D wpa_supplicant: CTRL-DEBUG: global_ctrl_sock-sendto: sock=11 sndbuf=163840 outq=0 send_len=3541

03-30 10:47:21.216  3745  3745 D wpa_supplicant: CTRL-DEBUG: global_ctrl_sock-sendto: sock=11 sndbuf=163840 outq=0 send_len=3598

03-30 10:47:21.218  3745  3745 D wpa_supplicant: CTRL-DEBUG: global_ctrl_sock-sendto: sock=11 sndbuf=163840 outq=0 send_len=3955

03-30 10:47:21.221  3745  3745 D wpa_supplicant: CTRL-DEBUG: global_ctrl_sock-sendto: sock=11 sndbuf=163840 outq=0 send_len=3889

03-30 10:47:21.224  3745  3745 D wpa_supplicant: CTRL-DEBUG: global_ctrl_sock-sendto: sock=11 sndbuf=163840 outq=0 send_len=3693

03-30 10:47:21.226  3745  3745 D wpa_supplicant: CTRL-DEBUG: global_ctrl_sock-sendto: sock=11 sndbuf=163840 outq=0 send_len=3051

03-30 10:47:21.233 23914 23914 V AsyncHttpRH: Progress 129 from 1 (12900%)

03-30 10:47:21.233 23914 23914 I HomeMate: comm[ main: GetAccountIcon.java:44 onSuccess() ] - {"errorMessage":"æå","file":"https://homemate.orvibo.com/images/20170328/b1c9f1c967da46dfa5aa9d21991fb39f.jpg","errorCode":0}

03-30 10:47:21.233 23914 23914 I HomeMate: comm[ main: GetAccountIcon.java:63 onSuccess() ] - æå

03-30 10:47:21.233 23914 23914 D HomeMate: comm[ main: PersonalFragment.java:397 onGetAccountIconResult() ] - 

03-30 10:47:21.245 23914 24168 D HomeMate: hank[ Thread-44659: FeedBackService.java:94 onSuccess() ] - FeedbackAPI unreadCount:18

03-30 10:47:21.246 23914 23914 D HomeMate: comm[ main: MainActivity.java:176 setTabReadTip() ] - showRedTip:true,position:3

03-30 10:47:21.252  3745  3745 D wpa_supplicant: EAPOL: EAP Session-Id not available

03-30 10:47:21.252  3745  3745 D wpa_supplicant: CTRL-DEBUG: global_ctrl_sock-sendto: sock=11 sndbuf=163840 outq=0 send_len=279

03-30 10:47:21.256  2044  2078 I WhetstoneClientManager: pid = 2465, uid = 10144 is frozen, not allowed Broadcast

03-30 10:47:21.256  2044  2078 V BroadcastQueueInjector: Skipping BroadcastRecord{247967a u-1 android.net.wifi.SCAN_RESULTS} to ProcessRecord{8fb4531 2465:com.tencent.android.qqdownloader:daemon/u0a144}

03-30 10:47:21.256  2044  2078 D Whetstone-FW: MiuiLog-Whetstone-BroadcastControl BroadcastRecord{247967a u-1 android.net.wifi.SCAN_RESULTS} is discarded

03-30 10:47:21.263  4229  5007 I StepsProvider: Steps Provider Query

03-30 10:47:21.775  6151  6186 I octvm_klo: read wakeups from wakealarm_fd:1

03-30 10:47:21.775  6151  6186 I octvm_klo: new timerfd interval:

03-30 10:47:21.775  6151  6186 I octvm_klo: 	itval.it_interval.tv_sec 1, itval.it_interval.tv_nsec 0

03-30 10:47:21.775  6151  6186 I octvm_klo: 	itval.it_value.tv_sec 0, itval.it_value.tv_nsec 999988229

03-30 10:47:22.095  4513  4642 W Metok_Tag: < metok_app > invalid network operator 

03-30 10:47:22.102   379   493 I ThermalEngine: Sensor:batt_temp:364 mC

03-30 10:47:22.118  4513  4642 W Metok_Tag: < metok_app > invalid network operator 

03-30 10:47:22.251 23914 24182 D HomeMate: comm[ AsyncTask #1: OrviboUpdateAgent.java:259 doInBackground() ] - result =ï»¿{  "oldVersion": 90,  "day": "7",  "version": 22000302 ,  "name": "HomeMate",  "packagename":"com.orvibo.homemate",  "url": "http://firmware.orvibo.com/androidapk/homemate.apk",  "message": "ä¿®å¤BUGï¼æåç¨³å®æ?§ã??",  "message_en": "Bug fixes and overall performance improvements.",  "size": ""}

03-30 10:47:22.271 23914 23914 E HomeMate: comm[ main: OrviboUpdateAgent.java:311 onPostExecute() ] - localVersionCode=23000300

03-30 10:47:22.277 23914 23914 D HomeMate: comm[ main: MainPresenter.java:331 onUpdateReturned() ] - isCanUpdate:false,responseInfos:{packagename=com.orvibo.homemate, oldVersion=90, size=, url=http://firmware.orvibo.com/androidapk/homemate.apk, version=22000302, name=HomeMate, day=7, message=ä¿®å¤BUGï¼æåç¨³å®æ?§ã??, message_en=Bug fixes and overall performance improvements.}

03-30 10:47:22.278 23914 23914 D HomeMate: comm[ main: MainActivity.java:176 setTabReadTip() ] - showRedTip:false,position:3

03-30 10:47:22.336 23914 23923 I art     : Background sticky concurrent mark sweep GC freed 195740(14MB) AllocSpace objects, 42(2MB) LOS objects, 33% free, 37MB/56MB, paused 5.506ms total 102.281ms

03-30 10:47:22.474 23914 24000 D AMSDevReporter: Get MAN response: {"t":1490842040145,"ret":"","success":"success"}

03-30 10:47:22.474 23914 24000 I AMSDevReporter: Report [FEEDBACK] stat success.

03-30 10:47:22.775  6151  6186 I octvm_klo: read wakeups from wakealarm_fd:1

03-30 10:47:22.775  6151  6186 I octvm_klo: new timerfd interval:

03-30 10:47:22.775  6151  6186 I octvm_klo: 	itval.it_interval.tv_sec 1, itval.it_interval.tv_nsec 0

03-30 10:47:22.775  6151  6186 I octvm_klo: 	itval.it_value.tv_sec 0, itval.it_value.tv_nsec 999997500

03-30 10:47:23.104   379   493 I ThermalEngine: Sensor:batt_temp:365 mC

03-30 10:47:23.347  6151  8983 W octvm_freeze: 

03-30 10:47:23.347  6151  8983 W octvm_freeze:  fp_check_cgroup_actual_state: pid = 5140, is killing

03-30 10:47:23.349  6151  8983 W octvm_freeze: fp_set_cgroup_freezer_state: uid = 10144, state_str= THAWED, len = 6, ok!!

03-30 10:47:23.354  6151  8983 W octvm   : /proc/2465 is uid = 10144

03-30 10:47:23.354  6151  8983 W octvm   : /proc/2618 is uid = 10144

03-30 10:47:23.354  6151  8983 W octvm   : /proc/2890 is uid = 10144

03-30 10:47:23.355  6151  8983 W octvm   : /proc/5091 is uid = 10144

03-30 10:47:23.355  6151  8983 W octvm   : /proc/5140 is uid = 10144

03-30 10:47:23.356  6151  8983 W octvm   : /proc/24475 is uid = 10144

03-30 10:47:23.447  3745  3745 D wpa_supplicant: wlan0: Control interface command 'SIGNAL_POLL'

03-30 10:47:23.450  3745  3745 D wpa_supplicant: CTRL-DEBUG: global_ctrl_sock-sendto: sock=11 sndbuf=163840 outq=0 send_len=49

03-30 10:47:23.489  2507  2507 W pool-1-temporar: type=1400 audit(0.0:55214126): avc: denied { search } for name="1" dev="proc" ino=11921139 scontext=u:r:untrusted_app:s0:c512,c768 tcontext=u:r:init:s0 tclass=dir permissive=0

03-30 10:47:23.496  2044  3621 D WifiService: Client connection lost with reason: 4

03-30 10:47:23.496  2044  4323 D ActivityManagerInjector: com.tencent.android.qqdownloader:connect is killed by AMS with adj 16 ,do not allow restart

03-30 10:47:23.496  2044  4323 D ActivityManager: cleanUpApplicationRecord -- 5140

03-30 10:47:23.489  2507  2507 W pool-1-temporar: type=1400 audit(0.0:55214127): avc: denied { search } for name="2" dev="proc" ino=11961941 scontext=u:r:untrusted_app:s0:c512,c768 tcontext=u:r:kernel:s0 tclass=dir permissive=0

03-30 10:47:23.499  2044  4323 E JavaBinder: !!! FAILED BINDER TRANSACTION !!!  (parcel size = 228)

03-30 10:47:23.501  2044  3621 D WifiService: Client connection lost with reason: 4

03-30 10:47:23.499  2507  2507 W pool-1-temporar: type=1400 audit(0.0:55214128): avc: denied { search } for name="3" dev="proc" ino=11961942 scontext=u:r:untrusted_app:s0:c512,c768 tcontext=u:r:kernel:s0 tclass=dir permissive=0

03-30 10:47:23.499  2507  2507 W pool-1-temporar: type=1400 audit(0.0:55214129): avc: denied { search } for name="6" dev="proc" ino=11961943 scontext=u:r:untrusted_app:s0:c512,c768 tcontext=u:r:kernel:s0 tclass=dir permissive=0

03-30 10:47:23.499  2507  2507 W pool-1-temporar: type=1400 audit(0.0:55214130): avc: denied { search } for name="7" dev="proc" ino=11961944 scontext=u:r:untrusted_app:s0:c512,c768 tcontext=u:r:kernel:s0 tclass=dir permissive=0

03-30 10:47:23.499  2507  2507 W pool-1-temporar: type=1400 audit(0.0:55214131): avc: denied { search } for name="8" dev="proc" ino=11961945 scontext=u:r:untrusted_app:s0:c512,c768 tcontext=u:r:kernel:s0 tclass=dir permissive=0

03-30 10:47:23.499  2507  2507 W pool-1-temporar: type=1400 audit(0.0:55214132): avc: denied { search } for name="21" dev="proc" ino=11961946 scontext=u:r:untrusted_app:s0:c512,c768 tcontext=u:r:kernel:s0 tclass=dir permissive=0

03-30 10:47:23.499  2507  2507 W pool-1-temporar: type=1400 audit(0.0:55214133): avc: denied { search } for name="22" dev="proc" ino=11961947 scontext=u:r:untrusted_app:s0:c512,c768 tcontext=u:r:kernel:s0 tclass=dir permissive=0

03-30 10:47:23.499  2507  2507 W pool-1-temporar: type=1400 audit(0.0:55214134): avc: denied { search } for name="28" dev="proc" ino=11961948 scontext=u:r:untrusted_app:s0:c512,c768 tcontext=u:r:kernel:s0 tclass=dir permissive=0

03-30 10:47:23.499  2507  2507 W pool-1-temporar: type=1400 audit(0.0:55214135): avc: denied { search } for name="29" dev="proc" ino=11961949 scontext=u:r:untrusted_app:s0:c512,c768 tcontext=u:r:kernel:s0 tclass=dir permissive=0

03-30 10:47:23.499  2507  2507 W pool-1-temporar: type=1400 audit(0.0:55214136): avc: denied { search } for name="30" dev="proc" ino=11961950 scontext=u:r:untrusted_app:s0:c512,c768 tcontext=u:r:kernel:s0 tclass=dir permissive=0

03-30 10:47:23.499  2507  2507 W pool-1-temporar: type=1400 audit(0.0:55214137): avc: denied { search } for name="32" dev="proc" ino=11961951 scontext=u:r:untrusted_app:s0:c512,c768 tcontext=u:r:kernel:s0 tclass=dir permissive=0

03-30 10:47:23.499  2507  2507 W pool-1-temporar: type=1400 audit(0.0:55214138): avc: denied { search } for name="33" dev="proc" ino=11961952 scontext=u:r:untrusted_app:s0:c512,c768 tcontext=u:r:kernel:s0 tclass=dir permissive=0

03-30 10:47:23.499  2507  2507 W pool-1-temporar: type=1400 audit(0.0:55214139): avc: denied { search } for name="34" dev="proc" ino=11961953 scontext=u:r:untrusted_app:s0:c512,c768 tcontext=u:r:kernel:s0 tclass=dir permissive=0

03-30 10:47:23.499  2507  2507 W pool-1-temporar: type=1400 audit(0.0:55214140): avc: denied { search } for name="61" dev="proc" ino=11961954 scontext=u:r:untrusted_app:s0:c512,c768 tcontext=u:r:kernel:s0 tclass=dir permissive=0

03-30 10:47:23.499  2507  2507 W pool-1-temporar: type=1400 audit(0.0:55214141): avc: denied { search } for name="62" dev="proc" ino=11961955 scontext=u:r:untrusted_app:s0:c512,c768 tcontext=u:r:kernel:s0 tclass=dir permissive=0

03-30 10:47:23.509  2507  2507 W pool-1-temporar: type=1400 audit(0.0:55214142): avc: denied { search } for name="63" dev="proc" ino=11961956 scontext=u:r:untrusted_app:s0:c512,c768 tcontext=u:r:kernel:s0 tclass=dir permissive=0

03-30 10:47:23.509  2507  2507 W pool-1-temporar: type=1400 audit(0.0:55214143): avc: denied { search } for name="64" dev="proc" ino=11961957 scontext=u:r:untrusted_app:s0:c512,c768 tcontext=u:r:kernel:s0 tclass=dir permissive=0

03-30 10:47:23.509  2507  2507 W pool-1-temporar: type=1400 audit(0.0:55214144): avc: denied { search } for name="65" dev="proc" ino=11961958 scontext=u:r:untrusted_app:s0:c512,c768 tcontext=u:r:kernel:s0 tclass=dir permissive=0

03-30 10:47:23.509  2507  2507 W pool-1-temporar: type=1400 audit(0.0:55214145): avc: denied { search } for name="66" dev="proc" ino=11961959 scontext=u:r:untrusted_app:s0:c512,c768 tcontext=u:r:kernel:s0 tclass=dir permissive=0

03-30 10:47:23.552  2044  4323 W ActivityManager: Failure disconnecting service ComponentInfo{com.tencent.android.qqdownloader/com.qq.AppService.IPCService} to connection android.os.BinderProxy@89e07db (in com.tencent.android.qqdownloader)

03-30 10:47:23.552  2044  4323 W ActivityManager: android.os.DeadObjectException: Transaction failed on small parcel; remote process probably died

03-30 10:47:23.552  2044  4323 W ActivityManager: 	at android.os.BinderProxy.transactNative(Native Method)

03-30 10:47:23.552  2044  4323 W ActivityManager: 	at android.os.BinderProxy.transact(Binder.java:503)

03-30 10:47:23.552  2044  4323 W ActivityManager: 	at android.app.IServiceConnection$Stub$Proxy.connected(IServiceConnection.java:92)

03-30 10:47:23.552  2044  4323 W ActivityManager: 	at com.android.server.am.ActiveServices.bringDownServiceLocked(ActiveServices.java:1837)

03-30 10:47:23.552  2044  4323 W ActivityManager: 	at com.android.server.am.ActiveServices.killServicesLocked(ActiveServices.java:2469)

03-30 10:47:23.552  2044  4323 W ActivityManager: 	at com.android.server.am.ActivityManagerService.cleanUpApplicationRecordLocked(ActivityManagerService.java:15933)

03-30 10:47:23.552  2044  4323 W ActivityManager: 	at com.android.server.am.ActivityManagerService.handleAppDiedLocked(ActivityManagerService.java:4735)

03-30 10:47:23.552  2044  4323 W ActivityManager: 	at com.android.server.am.ActivityManagerService.appDiedLocked(ActivityManagerService.java:4908)

03-30 10:47:23.552  2044  4323 W ActivityManager: 	at com.android.server.am.ActivityManagerService$AppDeathRecipient.binderDied(ActivityManagerService.java:1355)

03-30 10:47:23.552  2044  4323 W ActivityManager: 	at android.os.BinderProxy.sendDeathNotice(Binder.java:558)

03-30 10:47:23.554  4569  7585 D FrozenAppController: >>> event = 16 >>> state = 1 uid 10144

03-30 10:47:23.556  2044  4123 D ActivityManagerInjector: com.tencent.android.qqdownloader is killed by AMS with adj 16 ,do not allow restart

03-30 10:47:23.556  2044  4123 D ActivityManager: cleanUpApplicationRecord -- 5091

03-30 10:47:23.558  2044  3885 D PowerKeeperPolicy: Caller[1000] updateWakelockBlockedUid:uid=10144, tag=null, block=false

03-30 10:47:23.559  4569  7585 D FrozenAppController: updateWakelockBlockedUid, uid = 10144, isBlocked = false

03-30 10:47:23.561  2044  4283 V LocationPolicy: writePolicyLocked()

