03-30 10:34:50.234 10705 10797 D HomeMate: comm[ Thread-44404: FileTool.java:65 deleteOldFiles() ] - deleteOldFiles()-fileName:HomeMate_20170312160611.137.txt

03-30 10:34:50.234 10705 10797 D HomeMate: comm[ Thread-44404: FileTool.java:65 deleteOldFiles() ] - deleteOldFiles()-fileName:HomeMate_20170312153509.466.txt

03-30 10:34:50.234 10705 10797 D HomeMate: comm[ Thread-44404: FileTool.java:65 deleteOldFiles() ] - deleteOldFiles()-fileName:HomeMate_20170312152938.729.txt

03-30 10:34:50.235 10705 10797 D HomeMate: comm[ Thread-44404: FileTool.java:65 deleteOldFiles() ] - deleteOldFiles()-fileName:HomeMate_20170312151433.278.txt

03-30 10:34:50.235 10705 10797 D HomeMate: comm[ Thread-44404: FileTool.java:65 deleteOldFiles() ] - deleteOldFiles()-fileName:HomeMate_20170312151214.427.txt

03-30 10:34:50.235 10705 10705 D HomeMate: allen[ main: HomeDevicePresenter.java:155 refreshDeviceStatus() ] - deviceStatusMap {040c8e12fd4d4f3192d9a5378cf8b149=Action{uid=5ccf7fda9b5e, deviceId=040c8e12fd4d4f3192d9a5378cf8b149, command='null', value1=0, value2=0, value3=0, value4=0, alarmType=1, delayTime=0, keyName='null', freq=0, name=, pluseNum=0, pluseData=null} }

03-30 10:34:50.235 10705 10797 D HomeMate: comm[ Thread-44404: FileTool.java:65 deleteOldFiles() ] - deleteOldFiles()-fileName:HomeMate_20170312151039.771.txt

03-30 10:34:50.236 10705 10797 D HomeMate: comm[ Thread-44404: FileTool.java:65 deleteOldFiles() ] - deleteOldFiles()-fileName:HomeMate_20170312150631.722.txt

03-30 10:34:50.236 10705 10705 D HomeMate: allen[ main: HomePagerFragment.java:229 onDeviceInit() ] - devices:[Device{uid=5ccf7fda9b5e, deviceName=S30Êô∫ËÉΩÊèíÂ∫ß, deviceId=040c8e12fd4d4f3192d9a5378cf8b149, appDeviceId=65533, deviceType=29, roomId=, company='', delFlag=0, extAddr='', endpoint=-1, irDeviceId=, sequence=0, model='62f1da0474434509923b2dc947a0f14c', updateTime=1490840335000(2017-03-30 10:18:55), userName=null} ],otherDevices:[]

03-30 10:34:50.236 10705 10797 D HomeMate: comm[ Thread-44404: FileTool.java:65 deleteOldFiles() ] - deleteOldFiles()-fileName:HomeMate_20170312143619.574.txt

03-30 10:34:50.237 10705 10797 D HomeMate: comm[ Thread-44404: FileTool.java:65 deleteOldFiles() ] - deleteOldFiles()-fileName:HomeMate_20170312142744.236.txt

03-30 10:34:50.237 10705 10797 D HomeMate: comm[ Thread-44404: FileTool.java:65 deleteOldFiles() ] - deleteOldFiles()-fileName:HomeMate_20170312135955.137.txt

03-30 10:34:50.237 10705 10797 D HomeMate: comm[ Thread-44404: FileTool.java:65 deleteOldFiles() ] - deleteOldFiles()-fileName:HomeMate_20170312112047.380.txt

03-30 10:34:50.238 10705 10797 D HomeMate: comm[ Thread-44404: FileTool.java:65 deleteOldFiles() ] - deleteOldFiles()-fileName:HomeMate_20170312111346.819.txt

03-30 10:34:50.238 10705 10797 D HomeMate: comm[ Thread-44404: FileTool.java:65 deleteOldFiles() ] - deleteOldFiles()-fileName:HomeMate_20170312111201.239.txt

03-30 10:34:50.238 10705 10797 D HomeMate: comm[ Thread-44404: FileTool.java:65 deleteOldFiles() ] - deleteOldFiles()-fileName:HomeMate_20170312111140.828.txt

03-30 10:34:50.239 10705 10797 D HomeMate: comm[ Thread-44404: FileTool.java:65 deleteOldFiles() ] - deleteOldFiles()-fileName:HomeMate_20170310181009.195.txt

03-30 10:34:50.240 10705 10797 D HomeMate: comm[ Thread-44404: FileTool.java:65 deleteOldFiles() ] - deleteOldFiles()-fileName:HomeMate_20170310180947.914.txt

03-30 10:34:50.240 10705 10797 D HomeMate: comm[ Thread-44404: FileTool.java:65 deleteOldFiles() ] - deleteOldFiles()-fileName:HomeMate_20170310180934.128.txt

03-30 10:34:50.240 10705 10797 D HomeMate: comm[ Thread-44404: FileTool.java:65 deleteOldFiles() ] - deleteOldFiles()-fileName:HomeMate_20170310180855.639.txt

03-30 10:34:50.241 10705 10797 D HomeMate: comm[ Thread-44404: FileTool.java:65 deleteOldFiles() ] - deleteOldFiles()-fileName:HomeMate_20170310162005.648.txt

03-30 10:34:50.241 10705 10797 D HomeMate: comm[ Thread-44404: FileTool.java:65 deleteOldFiles() ] - deleteOldFiles()-fileName:HomeMate_20170310161750.194.txt

03-30 10:34:50.242 10705 10797 D HomeMate: comm[ Thread-44404: FileTool.java:65 deleteOldFiles() ] - deleteOldFiles()-fileName:HomeMate_20170310161608.004.txt

03-30 10:34:50.242 10705 10797 D HomeMate: comm[ Thread-44404: FileTool.java:65 deleteOldFiles() ] - deleteOldFiles()-fileName:HomeMate_20170310161527.268.txt

03-30 10:34:50.242 10705 10797 D HomeMate: comm[ Thread-44404: FileTool.java:65 deleteOldFiles() ] - deleteOldFiles()-fileName:HomeMate_20170310161240.827.txt

03-30 10:34:50.243 10705 10797 D HomeMate: comm[ Thread-44404: FileTool.java:65 deleteOldFiles() ] - deleteOldFiles()-fileName:HomeMate_20170310161200.126.txt

03-30 10:34:50.243 10705 10797 D HomeMate: comm[ Thread-44404: FileTool.java:65 deleteOldFiles() ] - deleteOldFiles()-fileName:HomeMate_20170310160951.308.txt

03-30 10:34:50.243 10705 10797 D HomeMate: comm[ Thread-44404: FileTool.java:65 deleteOldFiles() ] - deleteOldFiles()-fileName:HomeMate_20170310160811.009.txt

03-30 10:34:50.244 10705 10797 D HomeMate: comm[ Thread-44404: FileTool.java:65 deleteOldFiles() ] - deleteOldFiles()-fileName:HomeMate_20170310160551.730.txt

03-30 10:34:50.244 10705 10797 D HomeMate: comm[ Thread-44404: FileTool.java:65 deleteOldFiles() ] - deleteOldFiles()-fileName:HomeMate_20170310160511.088.txt

03-30 10:34:50.244 10705 10797 D HomeMate: comm[ Thread-44404: FileTool.java:65 deleteOldFiles() ] - deleteOldFiles()-fileName:HomeMate_20170310160328.192.txt

03-30 10:34:50.245 10705 10797 D HomeMate: comm[ Thread-44404: FileTool.java:65 deleteOldFiles() ] - deleteOldFiles()-fileName:HomeMate_20170310160146.478.txt

03-30 10:34:50.245 10705 10797 D HomeMate: comm[ Thread-44404: FileTool.java:65 deleteOldFiles() ] - deleteOldFiles()-fileName:HomeMate_20170310160103.937.txt

03-30 10:34:50.246 10705 10797 D HomeMate: comm[ Thread-44404: FileTool.java:65 deleteOldFiles() ] - deleteOldFiles()-fileName:HomeMate_20170310155801.566.txt

03-30 10:34:50.246 10705 10797 D HomeMate: comm[ Thread-44404: FileTool.java:65 deleteOldFiles() ] - deleteOldFiles()-fileName:HomeMate_20170310155702.026.txt

03-30 10:34:50.246 10705 10797 D HomeMate: comm[ Thread-44404: FileTool.java:65 deleteOldFiles() ] - deleteOldFiles()-fileName:HomeMate_20170310155600.738.txt

03-30 10:34:50.247 10705 10797 D HomeMate: comm[ Thread-44404: FileTool.java:65 deleteOldFiles() ] - deleteOldFiles()-fileName:HomeMate_20170310155518.634.txt

03-30 10:34:50.247 10705 10797 D HomeMate: comm[ Thread-44404: FileTool.java:65 deleteOldFiles() ] - deleteOldFiles()-fileName:HomeMate_20170310155439.503.txt

03-30 10:34:50.247 10705 10705 D HomeMate: allen[ main: HomePagerFragment.java:279 onDeviceInit() ] - Show devices

03-30 10:34:50.247 10705 10797 D HomeMate: comm[ Thread-44404: FileTool.java:65 deleteOldFiles() ] - deleteOldFiles()-fileName:HomeMate_20170310155337.769.txt

03-30 10:34:50.248 10705 10797 D HomeMate: comm[ Thread-44404: FileTool.java:65 deleteOldFiles() ] - deleteOldFiles()-fileName:HomeMate_20170310155238.138.txt

03-30 10:34:50.248 10705 10705 D HomeMate: allen[ main: HomeDevicePresenter.java:129 refresh() ] - Finish to init device. cost 35ms

03-30 10:34:50.248 10705 10797 D HomeMate: comm[ Thread-44404: FileTool.java:65 deleteOldFiles() ] - deleteOldFiles()-fileName:HomeMate_20170310155155.565.txt

03-30 10:34:50.248 10705 10705 D HomeMate: comm[ main: DeviceUtil.java:953 getEnergyDevices() ] - familyId:ea4205a93f1c46b4a6df9bb391513dd9

03-30 10:34:50.248 10705 10797 D HomeMate: comm[ Thread-44404: FileTool.java:65 deleteOldFiles() ] - deleteOldFiles()-fileName:HomeMate_20170310155004.148.txt

03-30 10:34:50.249 10705 10797 D HomeMate: comm[ Thread-44404: FileTool.java:65 deleteOldFiles() ] - deleteOldFiles()-fileName:HomeMate_20170310154904.089.txt

03-30 10:34:50.249 10705 10797 D HomeMate: comm[ Thread-44404: FileTool.java:65 deleteOldFiles() ] - deleteOldFiles()-fileName:HomeMate_20170310154803.726.txt

03-30 10:34:50.250 10705 10797 D HomeMate: comm[ Thread-44404: FileTool.java:65 deleteOldFiles() ] - deleteOldFiles()-fileName:HomeMate_20170310154721.690.txt

03-30 10:34:50.250 10705 10797 D HomeMate: comm[ Thread-44404: FileTool.java:65 deleteOldFiles() ] - deleteOldFiles()-fileName:HomeMate_20170310154509.253.txt

03-30 10:34:50.250 10705 10797 D HomeMate: comm[ Thread-44404: FileTool.java:65 deleteOldFiles() ] - deleteOldFiles()-fileName:HomeMate_20170310154227.337.txt

03-30 10:34:50.251 10705 10797 D HomeMate: comm[ Thread-44404: FileTool.java:65 deleteOldFiles() ] - deleteOldFiles()-fileName:HomeMate_20170310154125.206.txt

03-30 10:34:50.251 10705 10797 D HomeMate: comm[ Thread-44404: FileTool.java:65 deleteOldFiles() ] - deleteOldFiles()-fileName:HomeMate_20170310153754.972.txt

03-30 10:34:50.251 10705 10797 D HomeMate: comm[ Thread-44404: FileTool.java:65 deleteOldFiles() ] - deleteOldFiles()-fileName:HomeMate_20170310153651.982.txt

03-30 10:34:50.252 10705 10797 D HomeMate: comm[ Thread-44404: FileTool.java:65 deleteOldFiles() ] - deleteOldFiles()-fileName:HomeMate_20170310153422.461.txt

03-30 10:34:50.252 10705 10797 D HomeMate: comm[ Thread-44404: FileTool.java:65 deleteOldFiles() ] - deleteOldFiles()-fileName:HomeMate_20170310153322.160.txt

03-30 10:34:50.253 10705 10797 D HomeMate: comm[ Thread-44404: FileTool.java:65 deleteOldFiles() ] - deleteOldFiles()-fileName:HomeMate_20170310153219.793.txt

03-30 10:34:50.253 10705 10705 D HomeMate: comm[ main: DeviceUtil.java:989 getEnergyDevices() ] - energyRemindDevices:[]

03-30 10:34:50.253 10705 10797 D HomeMate: comm[ Thread-44404: FileTool.java:65 deleteOldFiles() ] - deleteOldFiles()-fileName:HomeMate_20170310152940.379.txt

03-30 10:34:50.253 10705 10797 D HomeMate: comm[ Thread-44404: FileTool.java:65 deleteOldFiles() ] - deleteOldFiles()-fileName:HomeMate_20170310152923.652.txt

03-30 10:34:50.254 10705 10797 D HomeMate: comm[ Thread-44404: FileTool.java:65 deleteOldFiles() ] - deleteOldFiles()-fileName:HomeMate_20170310152819.372.txt

03-30 10:34:50.254 10705 10797 D HomeMate: comm[ Thread-44404: FileTool.java:65 deleteOldFiles() ] - deleteOldFiles()-fileName:HomeMate_20170310152553.129.txt

03-30 10:34:50.254 10705 10797 D HomeMate: comm[ Thread-44404: FileTool.java:65 deleteOldFiles() ] - deleteOldFiles()-fileName:HomeMate_20170310152419.807.txt

03-30 10:34:50.255 10705 10705 I HomeMate: wei[ main: RoomCommonSceneDao.java:46 selRoomCommonScene() ] - select * from scene inner join roomcommonscene on scene.sceneNo = roomcommonscene.sceneNo where roomcommonscene.userId = ? and roomcommonscene.roomId = ? order by roomcommonscene.sceneSequence ASC

03-30 10:34:50.255 10705 10797 D HomeMate: comm[ Thread-44404: FileTool.java:65 deleteOldFiles() ] - deleteOldFiles()-fileName:HomeMate_20170310152303.423.txt

03-30 10:34:50.255 10705 10797 D HomeMate: comm[ Thread-44404: FileTool.java:65 deleteOldFiles() ] - deleteOldFiles()-fileName:HomeMate_20170310151320.582.txt

03-30 10:34:50.257 10705 10797 D HomeMate: comm[ Thread-44404: FileTool.java:65 deleteOldFiles() ] - deleteOldFiles()-fileName:HomeMate_20170310151108.433.txt

03-30 10:34:50.257 10705 10797 D HomeMate: comm[ Thread-44404: FileTool.java:65 deleteOldFiles() ] - deleteOldFiles()-fileName:HomeMate_20170310150857.545.txt

03-30 10:34:50.260 10705 10797 D HomeMate: comm[ Thread-44404: FileTool.java:65 deleteOldFiles() ] - deleteOldFiles()-fileName:HomeMate_20170310150817.691.txt

03-30 10:34:50.260 10705 10797 D HomeMate: comm[ Thread-44404: FileTool.java:65 deleteOldFiles() ] - deleteOldFiles()-fileName:HomeMate_20170310150515.222.txt

03-30 10:34:50.260 10705 10797 D HomeMate: comm[ Thread-44404: FileTool.java:65 deleteOldFiles() ] - deleteOldFiles()-fileName:HomeMate_20170310150407.838.txt

03-30 10:34:50.261 10705 10797 D HomeMate: comm[ Thread-44404: FileTool.java:65 deleteOldFiles() ] - deleteOldFiles()-fileName:HomeMate_20170310150130.202.txt

03-30 10:34:50.261 10705 10797 D HomeMate: comm[ Thread-44404: FileTool.java:65 deleteOldFiles() ] - deleteOldFiles()-fileName:HomeMate_20170310145952.251.txt

03-30 10:34:50.262 10705 10797 D HomeMate: comm[ Thread-44404: FileTool.java:65 deleteOldFiles() ] - deleteOldFiles()-fileName:HomeMate_20170310145813.560.txt

03-30 10:34:50.263 10705 10797 D HomeMate: comm[ Thread-44404: FileTool.java:65 deleteOldFiles() ] - deleteOldFiles()-fileName:HomeMate_20170310145709.868.txt

03-30 10:34:50.264 10705 10797 D HomeMate: comm[ Thread-44404: FileTool.java:65 deleteOldFiles() ] - deleteOldFiles()-fileName:HomeMate_20170310145544.931.txt

03-30 10:34:50.264 10705 10797 D HomeMate: comm[ Thread-44404: FileTool.java:65 deleteOldFiles() ] - deleteOldFiles()-fileName:HomeMate_20170310145444.651.txt

03-30 10:34:50.266 10705 10797 D HomeMate: comm[ Thread-44404: FileTool.java:65 deleteOldFiles() ] - deleteOldFiles()-fileName:HomeMate_20170310133616.022.txt

03-30 10:34:50.266 10705 10797 D HomeMate: comm[ Thread-44404: FileTool.java:65 deleteOldFiles() ] - deleteOldFiles()-fileName:HomeMate_20170310133527.540.txt

03-30 10:34:50.266 10705 10705 D HomeMate: comm[ main: RoomImageUtil.java:275 getRoomImagePathByName() ] - RoomImageUtil: getRoomImagePathByName(file.exists == false !)

03-30 10:34:50.267 10705 10797 D HomeMate: comm[ Thread-44404: FileTool.java:65 deleteOldFiles() ] - deleteOldFiles()-fileName:HomeMate_20170310121228.434.txt

03-30 10:34:50.267 10705 10705 E libEGL  : call to OpenGL ES API with no current context (logged once per thread)

03-30 10:34:50.267 10705 10797 D HomeMate: comm[ Thread-44404: FileTool.java:65 deleteOldFiles() ] - deleteOldFiles()-fileName:HomeMate_20170310110904.696.txt

03-30 10:34:50.267 10705 10797 D HomeMate: comm[ Thread-44404: FileTool.java:65 deleteOldFiles() ] - deleteOldFiles()-fileName:HomeMate_20170310105146.736.txt

03-30 10:34:50.269 10705 10797 D HomeMate: comm[ Thread-44404: FileTool.java:65 deleteOldFiles() ] - deleteOldFiles()-fileName:HomeMate_20170310102531.620.txt

03-30 10:34:50.269 10705 10797 D HomeMate: comm[ Thread-44404: FileTool.java:65 deleteOldFiles() ] - deleteOldFiles()-fileName:HomeMate_20170310102047.927.txt

03-30 10:34:50.269 10705 10705 D HomeMate: comm[ main: HomePagerFragment.java:349 setRoomImage() ] - room:Room{roomId='ea4205a93f1c46b4a6df9bb391513dd9', roomName='ÈªòËÆ§ÊàøÈó¥', floorId='714c9032b3ef488bbfe77bff438d53a4', roomType=0, sequence=0, isDefaultRoom=false, imgUrl='/storage/emulated/0/HomeMate/room/6_thumb'} BaseBo{delFlag=0, updateTime='0', createTime='0', updateTimeSec=0, uid='null', userName='null'}   file.exists()->true

03-30 10:34:50.269 10705 10797 D HomeMate: comm[ Thread-44404: FileTool.java:65 deleteOldFiles() ] - deleteOldFiles()-fileName:HomeMate_20170310093630.776.txt

03-30 10:34:50.270 10705 10705 D HomeMate: allen[ main: HomePagerFragment.java:202 onStart() ] - onStart()

03-30 10:34:50.270 10705 10797 D HomeMate: comm[ Thread-44404: FileTool.java:65 deleteOldFiles() ] - deleteOldFiles()-fileName:HomeMate_20170309205906.867.txt

03-30 10:34:50.270 10705 10797 D HomeMate: comm[ Thread-44404: FileTool.java:65 deleteOldFiles() ] - deleteOldFiles()-fileName:HomeMate_20170309205737.844.txt

03-30 10:34:50.271 10705 10797 D HomeMate: comm[ Thread-44404: FileTool.java:65 deleteOldFiles() ] - deleteOldFiles()-fileName:HomeMate_20170309205634.134.txt

03-30 10:34:50.271 10705 10705 D HomeMate: allen[ main: HomePagerFragment.java:208 onResume() ] - onResume()

03-30 10:34:50.271 10705 10797 D HomeMate: comm[ Thread-44404: FileTool.java:65 deleteOldFiles() ] - deleteOldFiles()-fileName:HomeMate_20170309205459.147.txt

03-30 10:34:50.272 10705 10797 D HomeMate: comm[ Thread-44404: FileTool.java:65 deleteOldFiles() ] - deleteOldFiles()-fileName:HomeMate_20170309205306.529.txt

03-30 10:34:50.273 10705 10797 D HomeMate: comm[ Thread-44404: FileTool.java:65 deleteOldFiles() ] - deleteOldFiles()-fileName:HomeMate_20170309205122.108.txt

03-30 10:34:50.273 10705 10797 D HomeMate: comm[ Thread-44404: FileTool.java:65 deleteOldFiles() ] - deleteOldFiles()-fileName:HomeMate_20170309204958.234.txt

03-30 10:34:50.273 10705 10797 D HomeMate: comm[ Thread-44404: FileTool.java:65 deleteOldFiles() ] - deleteOldFiles()-fileName:HomeMate_20170309204915.876.txt

03-30 10:34:50.274 10705 10797 D HomeMate: comm[ Thread-44404: FileTool.java:65 deleteOldFiles() ] - deleteOldFiles()-fileName:HomeMate_20170309204817.863.txt

03-30 10:34:50.274 10705 10797 D HomeMate: comm[ Thread-44404: FileTool.java:65 deleteOldFiles() ] - deleteOldFiles()-fileName:HomeMate_20170309204717.941.txt

03-30 10:34:50.275 10705 10797 D HomeMate: comm[ Thread-44404: FileTool.java:65 deleteOldFiles() ] - deleteOldFiles()-fileName:HomeMate_20170309204631.905.txt

03-30 10:34:50.275 10705 10797 D HomeMate: comm[ Thread-44404: FileTool.java:65 deleteOldFiles() ] - deleteOldFiles()-fileName:HomeMate_20170309204548.135.txt

03-30 10:34:50.275 10705 10797 D HomeMate: comm[ Thread-44404: FileTool.java:65 deleteOldFiles() ] - deleteOldFiles()-fileName:HomeMate_20170309204435.854.txt

03-30 10:34:50.276 10705 10797 D HomeMate: comm[ Thread-44404: FileTool.java:65 deleteOldFiles() ] - deleteOldFiles()-fileName:HomeMate_20170309204337.334.txt

03-30 10:34:50.276 10705 10797 D HomeMate: comm[ Thread-44404: FileTool.java:65 deleteOldFiles() ] - deleteOldFiles()-fileName:HomeMate_20170309204251.126.txt

03-30 10:34:50.276 10705 10797 D HomeMate: comm[ Thread-44404: FileTool.java:65 deleteOldFiles() ] - deleteOldFiles()-fileName:HomeMate_20170309203838.930.txt

03-30 10:34:50.277 10705 10797 D HomeMate: comm[ Thread-44404: FileTool.java:65 deleteOldFiles() ] - deleteOldFiles()-fileName:HomeMate_20170309203736.066.txt

03-30 10:34:50.277 10705 10797 D HomeMate: comm[ Thread-44404: FileTool.java:65 deleteOldFiles() ] - deleteOldFiles()-fileName:HomeMate_20170309203656.220.txt

03-30 10:34:50.278 10705 10797 D HomeMate: comm[ Thread-44404: FileTool.java:65 deleteOldFiles() ] - deleteOldFiles()-fileName:HomeMate_20170309203615.448.txt

03-30 10:34:50.278 10705 10797 D HomeMate: comm[ Thread-44404: FileTool.java:65 deleteOldFiles() ] - deleteOldFiles()-fileName:HomeMate_20170309203502.053.txt

03-30 10:34:50.278 10705 10797 D HomeMate: comm[ Thread-44404: FileTool.java:65 deleteOldFiles() ] - deleteOldFiles()-fileName:HomeMate_20170309203335.723.txt

03-30 10:34:50.279 10705 10797 D HomeMate: comm[ Thread-44404: FileTool.java:65 deleteOldFiles() ] - deleteOldFiles()-fileName:HomeMate_20170309203105.202.txt

03-30 10:34:50.279 10705 10797 D HomeMate: comm[ Thread-44404: FileTool.java:65 deleteOldFiles() ] - deleteOldFiles()-fileName:HomeMate_20170309201718.696.txt

03-30 10:34:50.280 10705 10797 D HomeMate: comm[ Thread-44404: FileTool.java:65 deleteOldFiles() ] - deleteOldFiles()-fileName:HomeMate_20170309201639.689.txt

03-30 10:34:50.280 10705 10797 D HomeMate: comm[ Thread-44404: FileTool.java:65 deleteOldFiles() ] - deleteOldFiles()-fileName:HomeMate_20170309201559.049.txt

03-30 10:34:50.280 10705 10797 D HomeMate: comm[ Thread-44404: FileTool.java:65 deleteOldFiles() ] - deleteOldFiles()-fileName:HomeMate_20170309201444.590.txt

03-30 10:34:50.281 10705 10797 D HomeMate: comm[ Thread-44404: FileTool.java:65 deleteOldFiles() ] - deleteOldFiles()-fileName:HomeMate_20170309201317.445.txt

03-30 10:34:50.282 10705 10797 D HomeMate: comm[ Thread-44404: FileTool.java:65 deleteOldFiles() ] - deleteOldFiles()-fileName:HomeMate_20170309200921.876.txt

03-30 10:34:50.282 10705 10797 D HomeMate: comm[ Thread-44404: FileTool.java:65 deleteOldFiles() ] - deleteOldFiles()-fileName:HomeMate_20170309200820.771.txt

03-30 10:34:50.283 10705 10797 D HomeMate: comm[ Thread-44404: FileTool.java:65 deleteOldFiles() ] - deleteOldFiles()-fileName:HomeMate_20170309200653.340.txt

03-30 10:34:50.283 10705 10797 D HomeMate: comm[ Thread-44404: FileTool.java:65 deleteOldFiles() ] - deleteOldFiles()-fileName:HomeMate_20170309200316.267.txt

03-30 10:34:50.284 10705 10797 D HomeMate: comm[ Thread-44404: FileTool.java:65 deleteOldFiles() ] - deleteOldFiles()-fileName:HomeMate_20170309200200.944.txt

03-30 10:34:50.284 10705 10797 D HomeMate: comm[ Thread-44404: FileTool.java:65 deleteOldFiles() ] - deleteOldFiles()-fileName:HomeMate_20170309200035.538.txt

03-30 10:34:50.284 10705 10797 D HomeMate: comm[ Thread-44404: FileTool.java:65 deleteOldFiles() ] - deleteOldFiles()-fileName:HomeMate_20170309195947.748.txt

03-30 10:34:50.285 10705 10797 D HomeMate: comm[ Thread-44404: FileTool.java:65 deleteOldFiles() ] - deleteOldFiles()-fileName:HomeMate_20170309192501.381.txt

03-30 10:34:50.285 10705 10797 D HomeMate: comm[ Thread-44404: FileTool.java:65 deleteOldFiles() ] - deleteOldFiles()-fileName:HomeMate_20170309192422.181.txt

03-30 10:34:50.286 10705 10797 D HomeMate: comm[ Thread-44404: FileTool.java:65 deleteOldFiles() ] - deleteOldFiles()-fileName:HomeMate_20170309192341.227.txt

03-30 10:34:50.286 10705 10797 D HomeMate: comm[ Thread-44404: FileTool.java:65 deleteOldFiles() ] - deleteOldFiles()-fileName:HomeMate_20170309192300.044.txt

03-30 10:34:50.286 10705 10797 D HomeMate: comm[ Thread-44404: FileTool.java:65 deleteOldFiles() ] - deleteOldFiles()-fileName:HomeMate_20170309192219.402.txt

03-30 10:34:50.287 10705 10797 D HomeMate: comm[ Thread-44404: FileTool.java:65 deleteOldFiles() ] - deleteOldFiles()-fileName:HomeMate_20170309192137.345.txt

03-30 10:34:50.287 10705 10797 D HomeMate: comm[ Thread-44404: FileTool.java:65 deleteOldFiles() ] - deleteOldFiles()-fileName:HomeMate_20170309192057.430.txt

03-30 10:34:50.287 10705 10797 D HomeMate: comm[ Thread-44404: FileTool.java:65 deleteOldFiles() ] - deleteOldFiles()-fileName:HomeMate_20170309192014.339.txt

03-30 10:34:50.288 10705 10797 D HomeMate: comm[ Thread-44404: FileTool.java:65 deleteOldFiles() ] - deleteOldFiles()-fileName:HomeMate_20170309191933.811.txt

03-30 10:34:50.288 10705 10797 D HomeMate: comm[ Thread-44404: FileTool.java:65 deleteOldFiles() ] - deleteOldFiles()-fileName:HomeMate_20170309191854.958.txt

03-30 10:34:50.289 10705 10797 D HomeMate: comm[ Thread-44404: FileTool.java:65 deleteOldFiles() ] - deleteOldFiles()-fileName:HomeMate_20170309191815.482.txt

03-30 10:34:50.289  2044  2057 I Timeline: Timeline: App_transition_ready time:337381069

03-30 10:34:50.290 10705 10797 D HomeMate: comm[ Thread-44404: FileTool.java:65 deleteOldFiles() ] - deleteOldFiles()-fileName:HomeMate_20170309191735.158.txt

03-30 10:34:50.291 10705 10797 D HomeMate: comm[ Thread-44404: FileTool.java:65 deleteOldFiles() ] - deleteOldFiles()-fileName:HomeMate_20170309191654.805.txt

03-30 10:34:50.291 10705 10797 D HomeMate: comm[ Thread-44404: FileTool.java:65 deleteOldFiles() ] - deleteOldFiles()-fileName:HomeMate_20170309191613.717.txt

03-30 10:34:50.292 10705 10797 D HomeMate: comm[ Thread-44404: FileTool.java:65 deleteOldFiles() ] - deleteOldFiles()-fileName:HomeMate_20170309191531.434.txt

03-30 10:34:50.292  2044  2057 I Timeline: Timeline: App_transition_ready time:337381072

03-30 10:34:50.292 10705 10797 D HomeMate: comm[ Thread-44404: FileTool.java:65 deleteOldFiles() ] - deleteOldFiles()-fileName:HomeMate_20170309191451.338.txt

03-30 10:34:50.294 10705 10797 D HomeMate: comm[ Thread-44404: FileTool.java:65 deleteOldFiles() ] - deleteOldFiles()-fileName:HomeMate_20170309191410.361.txt

03-30 10:34:50.297 10705 10797 D HomeMate: comm[ Thread-44404: FileTool.java:65 deleteOldFiles() ] - deleteOldFiles()-fileName:HomeMate_20170309191329.757.txt

03-30 10:34:50.297 10705 10797 D HomeMate: comm[ Thread-44404: FileTool.java:65 deleteOldFiles() ] - deleteOldFiles()-fileName:HomeMate_20170309191214.963.txt

03-30 10:34:50.297 10705 10797 D HomeMate: comm[ Thread-44404: FileTool.java:65 deleteOldFiles() ] - deleteOldFiles()-fileName:HomeMate_20170309191047.022.txt

03-30 10:34:50.298 10705 10797 D HomeMate: comm[ Thread-44404: FileTool.java:65 deleteOldFiles() ] - deleteOldFiles()-fileName:HomeMate_20170309191003.793.txt

03-30 10:34:50.298 10705 10797 D HomeMate: comm[ Thread-44404: FileTool.java:65 deleteOldFiles() ] - deleteOldFiles()-fileName:HomeMate_20170309174001.167.txt

03-30 10:34:50.299 10705 10797 D HomeMate: comm[ Thread-44404: FileTool.java:65 deleteOldFiles() ] - deleteOldFiles()-fileName:HomeMate_20170309173728.606.txt

03-30 10:34:50.299 10705 10797 D HomeMate: comm[ Thread-44404: FileTool.java:65 deleteOldFiles() ] - deleteOldFiles()-fileName:HomeMate_20170309173636.337.txt

03-30 10:34:50.299 10705 10797 D HomeMate: comm[ Thread-44404: FileTool.java:65 deleteOldFiles() ] - deleteOldFiles()-fileName:HomeMate_20170309173452.799.txt

03-30 10:34:50.300 10705 10797 D HomeMate: comm[ Thread-44404: FileTool.java:65 deleteOldFiles() ] - deleteOldFiles()-fileName:HomeMate_20170309173350.699.txt

03-30 10:34:50.300 10705 10797 D HomeMate: comm[ Thread-44404: FileTool.java:65 deleteOldFiles() ] - deleteOldFiles()-fileName:HomeMate_20170309173308.780.txt

03-30 10:34:50.301 10705 10797 D HomeMate: comm[ Thread-44404: FileTool.java:65 deleteOldFiles() ] - deleteOldFiles()-fileName:HomeMate_20170309173222.799.txt

03-30 10:34:50.301 10705 10797 D HomeMate: comm[ Thread-44404: FileTool.java:65 deleteOldFiles() ] - deleteOldFiles()-fileName:HomeMate_20170309173140.458.txt

03-30 10:34:50.302 10705 10797 D HomeMate: comm[ Thread-44404: FileTool.java:65 deleteOldFiles() ] - deleteOldFiles()-fileName:HomeMate_20170309173020.121.txt

03-30 10:34:50.302 10705 10797 D HomeMate: comm[ Thread-44404: FileTool.java:65 deleteOldFiles() ] - deleteOldFiles()-fileName:HomeMate_20170309172821.121.txt

03-30 10:34:50.302 10705 10797 D HomeMate: comm[ Thread-44404: FileTool.java:65 deleteOldFiles() ] - deleteOldFiles()-fileName:HomeMate_20170309172733.324.txt

03-30 10:34:50.303 10705 10797 D HomeMate: comm[ Thread-44404: FileTool.java:65 deleteOldFiles() ] - deleteOldFiles()-fileName:HomeMate_20170309172005.651.txt

03-30 10:34:50.303 10705 10797 D HomeMate: comm[ Thread-44404: FileTool.java:65 deleteOldFiles() ] - deleteOldFiles()-fileName:HomeMate_20170309171857.093.txt

03-30 10:34:50.304 10705 10797 D HomeMate: comm[ Thread-44404: FileTool.java:65 deleteOldFiles() ] - deleteOldFiles()-fileName:HomeMate_20170309171847.110.txt

03-30 10:34:50.304 10705 10797 D HomeMate: comm[ Thread-44404: FileTool.java:65 deleteOldFiles() ] - deleteOldFiles()-fileName:HomeMate_20170309171252.553.txt

03-30 10:34:50.305 10705 10797 D HomeMate: comm[ Thread-44404: FileTool.java:65 deleteOldFiles() ] - deleteOldFiles()-fileName:HomeMate_20170309170949.472.txt

03-30 10:34:50.307 10705 10797 D HomeMate: comm[ Thread-44404: FileTool.java:65 deleteOldFiles() ] - deleteOldFiles()-fileName:HomeMate_20170309170935.984.txt

03-30 10:34:50.307 10705 10797 D HomeMate: comm[ Thread-44404: FileTool.java:65 deleteOldFiles() ] - deleteOldFiles()-fileName:HomeMate_20170309170847.779.txt

03-30 10:34:50.307 10705 10797 D HomeMate: comm[ Thread-44404: FileTool.java:65 deleteOldFiles() ] - deleteOldFiles()-fileName:HomeMate_20170309170749.193.txt

03-30 10:34:50.308 10705 10797 D HomeMate: comm[ Thread-44404: FileTool.java:65 deleteOldFiles() ] - deleteOldFiles()-fileName:HomeMate_20170309165838.371.txt

03-30 10:34:50.308 10705 10797 D HomeMate: comm[ Thread-44404: FileTool.java:65 deleteOldFiles() ] - deleteOldFiles()-fileName:HomeMate_20170309165614.056.txt

03-30 10:34:50.309 10705 10797 D HomeMate: comm[ Thread-44404: FileTool.java:65 deleteOldFiles() ] - deleteOldFiles()-fileName:HomeMate_20170309165538.621.txt

03-30 10:34:50.309 10705 10797 D HomeMate: comm[ Thread-44404: FileTool.java:65 deleteOldFiles() ] - deleteOldFiles()-fileName:HomeMate_20170309165421.554.txt

03-30 10:34:50.309 10705 10705 E RecyclerView: No adapter attached; skipping layout

03-30 10:34:50.310 10705 10797 D HomeMate: comm[ Thread-44404: FileTool.java:65 deleteOldFiles() ] - deleteOldFiles()-fileName:HomeMate_20170309165313.388.txt

03-30 10:34:50.310 10705 10797 D HomeMate: comm[ Thread-44404: FileTool.java:65 deleteOldFiles() ] - deleteOldFiles()-fileName:HomeMate_20170309165235.101.txt

03-30 10:34:50.311 10705 10797 D HomeMate: comm[ Thread-44404: FileTool.java:65 deleteOldFiles() ] - deleteOldFiles()-fileName:HomeMate_20170309165201.235.txt

03-30 10:34:50.311 10705 10797 D HomeMate: comm[ Thread-44404: FileTool.java:65 deleteOldFiles() ] - deleteOldFiles()-fileName:HomeMate_20170309165119.242.txt

03-30 10:34:50.311 10705 10797 D HomeMate: comm[ Thread-44404: FileTool.java:65 deleteOldFiles() ] - deleteOldFiles()-fileName:HomeMate_20170309164950.386.txt

03-30 10:34:50.312 10705 10797 D HomeMate: comm[ Thread-44404: FileTool.java:65 deleteOldFiles() ] - deleteOldFiles()-fileName:HomeMate_20170309164823.509.txt

03-30 10:34:50.312 10705 10797 D HomeMate: comm[ Thread-44404: FileTool.java:65 deleteOldFiles() ] - deleteOldFiles()-fileName:HomeMate_20170309164731.381.txt

03-30 10:34:50.313 10705 10797 D HomeMate: comm[ Thread-44404: FileTool.java:65 deleteOldFiles() ] - deleteOldFiles()-fileName:HomeMate_20170309164614.020.txt

03-30 10:34:50.313 10705 10797 D HomeMate: comm[ Thread-44404: FileTool.java:65 deleteOldFiles() ] - deleteOldFiles()-fileName:HomeMate_20170309164455.537.txt

03-30 10:34:50.313 10705 10797 D HomeMate: comm[ Thread-44404: FileTool.java:65 deleteOldFiles() ] - deleteOldFiles()-fileName:HomeMate_20170309164404.213.txt

03-30 10:34:50.314 10705 10797 D HomeMate: comm[ Thread-44404: FileTool.java:65 deleteOldFiles() ] - deleteOldFiles()-fileName:HomeMate_20170309164322.451.txt

03-30 10:34:50.314 10705 10797 D HomeMate: comm[ Thread-44404: FileTool.java:65 deleteOldFiles() ] - deleteOldFiles()-fileName:HomeMate_20170309164237.378.txt

03-30 10:34:50.315 10705 10797 D HomeMate: comm[ Thread-44404: FileTool.java:65 deleteOldFiles() ] - deleteOldFiles()-fileName:HomeMate_20170309164138.376.txt

03-30 10:34:50.315 10705 10797 D HomeMate: comm[ Thread-44404: FileTool.java:65 deleteOldFiles() ] - deleteOldFiles()-fileName:HomeMate_20170309164039.456.txt

03-30 10:34:50.315 10705 10797 D HomeMate: comm[ Thread-44404: FileTool.java:65 deleteOldFiles() ] - deleteOldFiles()-fileName:HomeMate_20170309164001.935.txt

03-30 10:34:50.316 10705 10797 D HomeMate: comm[ Thread-44404: FileTool.java:65 deleteOldFiles() ] - deleteOldFiles()-fileName:HomeMate_20170309163837.701.txt

03-30 10:34:50.316 10705 10797 D HomeMate: comm[ Thread-44404: FileTool.java:65 deleteOldFiles() ] - deleteOldFiles()-fileName:HomeMate_20170309163753.617.txt

03-30 10:34:50.317 10705 10797 D HomeMate: comm[ Thread-44404: FileTool.java:65 deleteOldFiles() ] - deleteOldFiles()-fileName:HomeMate_20170309163559.743.txt

03-30 10:34:50.317 10705 10797 D HomeMate: comm[ Thread-44404: FileTool.java:65 deleteOldFiles() ] - deleteOldFiles()-fileName:HomeMate_20170309163517.947.txt

03-30 10:34:50.317 10705 10797 D HomeMate: comm[ Thread-44404: FileTool.java:65 deleteOldFiles() ] - deleteOldFiles()-fileName:HomeMate_20170309163330.794.txt

03-30 10:34:50.318 10705 10797 D HomeMate: comm[ Thread-44404: FileTool.java:65 deleteOldFiles() ] - deleteOldFiles()-fileName:HomeMate_20170309163220.576.txt

03-30 10:34:50.318 10705 10797 D HomeMate: comm[ Thread-44404: FileTool.java:65 deleteOldFiles() ] - deleteOldFiles()-fileName:HomeMate_20170309163139.832.txt

03-30 10:34:50.319 10705 10797 D HomeMate: comm[ Thread-44404: FileTool.java:65 deleteOldFiles() ] - deleteOldFiles()-fileName:HomeMate_20170309163100.992.txt

03-30 10:34:50.319 10705 10797 D HomeMate: comm[ Thread-44404: FileTool.java:65 deleteOldFiles() ] - deleteOldFiles()-fileName:HomeMate_20170309163024.832.txt

03-30 10:34:50.319 10705 10797 D HomeMate: comm[ Thread-44404: FileTool.java:65 deleteOldFiles() ] - deleteOldFiles()-fileName:HomeMate_20170309162946.084.txt

03-30 10:34:50.320 10705 10797 D HomeMate: comm[ Thread-44404: FileTool.java:65 deleteOldFiles() ] - deleteOldFiles()-fileName:HomeMate_20170309162909.784.txt

03-30 10:34:50.320 10705 10797 D HomeMate: comm[ Thread-44404: FileTool.java:65 deleteOldFiles() ] - deleteOldFiles()-fileName:HomeMate_20170309162729.614.txt

03-30 10:34:50.321 10705 10797 D HomeMate: comm[ Thread-44404: FileTool.java:65 deleteOldFiles() ] - deleteOldFiles()-fileName:HomeMate_20170309162722.544.txt

03-30 10:34:50.321 10705 10797 D HomeMate: comm[ Thread-44404: FileTool.java:65 deleteOldFiles() ] - deleteOldFiles()-fileName:HomeMate_20170309162652.837.txt

03-30 10:34:50.322 10705 10797 D HomeMate: comm[ Thread-44404: FileTool.java:65 deleteOldFiles() ] - deleteOldFiles()-fileName:HomeMate_20170309162616.220.txt

03-30 10:34:50.322 10705 10797 D HomeMate: comm[ Thread-44404: FileTool.java:65 deleteOldFiles() ] - deleteOldFiles()-fileName:HomeMate_20170309162530.542.txt

03-30 10:34:50.323 10705 10797 D HomeMate: comm[ Thread-44404: FileTool.java:65 deleteOldFiles() ] - deleteOldFiles()-fileName:HomeMate_20170309162451.275.txt

03-30 10:34:50.323 10705 10797 D HomeMate: comm[ Thread-44404: FileTool.java:65 deleteOldFiles() ] - deleteOldFiles()-fileName:HomeMate_20170309162413.089.txt

03-30 10:34:50.324 10705 10797 D HomeMate: comm[ Thread-44404: FileTool.java:65 deleteOldFiles() ] - deleteOldFiles()-fileName:HomeMate_20170309162342.233.txt

03-30 10:34:50.324 10705 10797 D HomeMate: comm[ Thread-44404: FileTool.java:65 deleteOldFiles() ] - deleteOldFiles()-fileName:HomeMate_20170309162221.194.txt

03-30 10:34:50.324 10705 10797 D HomeMate: comm[ Thread-44404: FileTool.java:65 deleteOldFiles() ] - deleteOldFiles()-fileName:HomeMate_20170309162152.373.txt

03-30 10:34:50.325 10705 10797 D HomeMate: comm[ Thread-44404: FileTool.java:65 deleteOldFiles() ] - deleteOldFiles()-fileName:HomeMate_20170309162123.271.txt

03-30 10:34:50.325 10705 10797 D HomeMate: comm[ Thread-44404: FileTool.java:65 deleteOldFiles() ] - deleteOldFiles()-fileName:HomeMate_20170309162053.711.txt

03-30 10:34:50.325 10705 10797 D HomeMate: comm[ Thread-44404: FileTool.java:65 deleteOldFiles() ] - deleteOldFiles()-fileName:HomeMate_20170309162023.179.txt

03-30 10:34:50.326 10705 10797 D HomeMate: comm[ Thread-44404: FileTool.java:65 deleteOldFiles() ] - deleteOldFiles()-fileName:HomeMate_20170309161951.222.txt

03-30 10:34:50.326 10705 10797 D HomeMate: comm[ Thread-44404: FileTool.java:65 deleteOldFiles() ] - deleteOldFiles()-fileName:HomeMate_20170309161050.747.txt

03-30 10:34:50.327 10705 10797 D HomeMate: comm[ Thread-44404: FileTool.java:65 deleteOldFiles() ] - deleteOldFiles()-fileName:HomeMate_20170309160546.414.txt

03-30 10:34:50.327 10705 10797 D HomeMate: comm[ Thread-44404: FileTool.java:65 deleteOldFiles() ] - deleteOldFiles()-fileName:HomeMate_20170309160524.737.txt

03-30 10:34:50.327 10705 10797 D HomeMate: comm[ Thread-44404: FileTool.java:65 deleteOldFiles() ] - deleteOldFiles()-fileName:HomeMate_20170309160514.973.txt

03-30 10:34:50.328 10705 10797 D HomeMate: comm[ Thread-44404: FileTool.java:65 deleteOldFiles() ] - deleteOldFiles()-fileName:HomeMate_20170309160501.380.txt

03-30 10:34:50.328 10705 10797 D HomeMate: comm[ Thread-44404: FileTool.java:65 deleteOldFiles() ] - deleteOldFiles()-fileName:HomeMate_20170309160443.331.txt

03-30 10:34:50.329 10705 10797 D HomeMate: comm[ Thread-44404: FileTool.java:65 deleteOldFiles() ] - deleteOldFiles()-fileName:HomeMate_20170309160045.456.txt

03-30 10:34:50.329 10705 10797 D HomeMate: comm[ Thread-44404: FileTool.java:65 deleteOldFiles() ] - deleteOldFiles()-fileName:HomeMate_20170309160034.062.txt

03-30 10:34:50.329 10705 10797 D HomeMate: comm[ Thread-44404: FileTool.java:65 deleteOldFiles() ] - deleteOldFiles()-fileName:HomeMate_20170309155906.760.txt

03-30 10:34:50.330 10705 10797 D HomeMate: comm[ Thread-44404: FileTool.java:65 deleteOldFiles() ] - deleteOldFiles()-fileName:HomeMate_20170309155812.108.txt

03-30 10:34:50.330 10705 10797 D HomeMate: comm[ Thread-44404: FileTool.java:65 deleteOldFiles() ] - deleteOldFiles()-fileName:HomeMate_20170309155805.020.txt

03-30 10:34:50.331 10705 10797 D HomeMate: comm[ Thread-44404: FileTool.java:65 deleteOldFiles() ] - deleteOldFiles()-fileName:HomeMate_20170309155622.867.txt

03-30 10:34:50.331 10705 10797 D HomeMate: comm[ Thread-44404: FileTool.java:65 deleteOldFiles() ] - deleteOldFiles()-fileName:HomeMate_20170309155447.666.txt

03-30 10:34:50.331 10705 10797 D HomeMate: comm[ Thread-44404: FileTool.java:65 deleteOldFiles() ] - deleteOldFiles()-fileName:HomeMate_20170309155330.223.txt

03-30 10:34:50.332 10705 10797 D HomeMate: comm[ Thread-44404: FileTool.java:65 deleteOldFiles() ] - deleteOldFiles()-fileName:HomeMate_20170309155213.963.txt

03-30 10:34:50.332 10705 10797 D HomeMate: comm[ Thread-44404: FileTool.java:65 deleteOldFiles() ] - deleteOldFiles()-fileName:HomeMate_20170309155028.128.txt

03-30 10:34:50.333 10705 10797 D HomeMate: comm[ Thread-44404: FileTool.java:65 deleteOldFiles() ] - deleteOldFiles()-fileName:HomeMate_20170309154919.196.txt

03-30 10:34:50.333 10705 10797 D HomeMate: comm[ Thread-44404: FileTool.java:65 deleteOldFiles() ] - deleteOldFiles()-fileName:HomeMate_20170309154332.508.txt

03-30 10:34:50.333 10705 10797 D HomeMate: comm[ Thread-44404: FileTool.java:65 deleteOldFiles() ] - deleteOldFiles()-fileName:HomeMate_20170309153319.598.txt

03-30 10:34:50.334 10705 10797 D HomeMate: comm[ Thread-44404: FileTool.java:65 deleteOldFiles() ] - deleteOldFiles()-fileName:HomeMate_20170309153201.404.txt

03-30 10:34:50.334 10705 10797 D HomeMate: comm[ Thread-44404: FileTool.java:65 deleteOldFiles() ] - deleteOldFiles()-fileName:HomeMate_20170309153042.068.txt

03-30 10:34:50.335 10705 10797 D HomeMate: comm[ Thread-44404: FileTool.java:65 deleteOldFiles() ] - deleteOldFiles()-fileName:HomeMate_20170309152910.133.txt

03-30 10:34:50.335 10705 10797 D HomeMate: comm[ Thread-44404: FileTool.java:65 deleteOldFiles() ] - deleteOldFiles()-fileName:HomeMate_20170309152647.589.txt

03-30 10:34:50.336 10705 10797 D HomeMate: comm[ Thread-44404: FileTool.java:65 deleteOldFiles() ] - deleteOldFiles()-fileName:HomeMate_20170309152351.273.txt

03-30 10:34:50.336 10705 10797 D HomeMate: comm[ Thread-44404: FileTool.java:65 deleteOldFiles() ] - deleteOldFiles()-fileName:HomeMate_20170309152040.446.txt

03-30 10:34:50.337 10705 10797 D HomeMate: comm[ Thread-44404: FileTool.java:65 deleteOldFiles() ] - deleteOldFiles()-fileName:HomeMate_20170309142444.489.txt

03-30 10:34:50.338 10705 10797 D HomeMate: comm[ Thread-44404: FileTool.java:65 deleteOldFiles() ] - deleteOldFiles()-fileName:HomeMate_20170309142106.423.txt

03-30 10:34:50.338 10705 10797 D HomeMate: comm[ Thread-44404: FileTool.java:65 deleteOldFiles() ] - deleteOldFiles()-fileName:HomeMate_20170309111211.197.txt

03-30 10:34:50.339 10705 10797 D HomeMate: comm[ Thread-44404: FileTool.java:65 deleteOldFiles() ] - deleteOldFiles()-fileName:HomeMate_20170309110550.368.txt

03-30 10:34:50.339 10705 10797 D HomeMate: comm[ Thread-44404: FileTool.java:65 deleteOldFiles() ] - deleteOldFiles()-fileName:HomeMate_20170308182700.547.txt

03-30 10:34:50.340 10705 10797 D HomeMate: comm[ Thread-44404: FileTool.java:65 deleteOldFiles() ] - deleteOldFiles()-fileName:HomeMate_20170308174215.668.txt

03-30 10:34:50.340 10705 10797 D HomeMate: comm[ Thread-44404: FileTool.java:65 deleteOldFiles() ] - deleteOldFiles()-fileName:HomeMate_20170308161031.311.txt

03-30 10:34:50.341 10705 10797 D HomeMate: comm[ Thread-44404: FileTool.java:65 deleteOldFiles() ] - deleteOldFiles()-fileName:HomeMate_20170308160642.279.txt

03-30 10:34:50.341 10705 10797 D HomeMate: comm[ Thread-44404: FileTool.java:65 deleteOldFiles() ] - deleteOldFiles()-fileName:HomeMate_20170308150720.075.txt

03-30 10:34:50.342 10705 10797 D HomeMate: comm[ Thread-44404: FileTool.java:65 deleteOldFiles() ] - deleteOldFiles()-fileName:HomeMate_20170308150650.541.txt

03-30 10:34:50.342 10705 10797 D HomeMate: comm[ Thread-44404: FileTool.java:65 deleteOldFiles() ] - deleteOldFiles()-fileName:HomeMate_20170308150338.387.txt

03-30 10:34:50.342 10705 10797 D HomeMate: comm[ Thread-44404: FileTool.java:65 deleteOldFiles() ] - deleteOldFiles()-fileName:HomeMate_20170308150022.801.txt

03-30 10:34:50.343 10705 10797 D HomeMate: comm[ Thread-44404: FileTool.java:65 deleteOldFiles() ] - deleteOldFiles()-fileName:HomeMate_20170308124039.239.txt

03-30 10:34:50.343 10705 10797 D HomeMate: comm[ Thread-44404: FileTool.java:65 deleteOldFiles() ] - deleteOldFiles()-fileName:HomeMate_20170308120035.877.txt

03-30 10:34:50.344 10705 10797 D HomeMate: comm[ Thread-44404: FileTool.java:65 deleteOldFiles() ] - deleteOldFiles()-fileName:HomeMate_20170308115938.889.txt

03-30 10:34:50.344 10705 10797 D HomeMate: comm[ Thread-44404: FileTool.java:65 deleteOldFiles() ] - deleteOldFiles()-fileName:HomeMate_20170308115840.428.txt

03-30 10:34:50.345 10705 10797 D HomeMate: comm[ Thread-44404: FileTool.java:65 deleteOldFiles() ] - deleteOldFiles()-fileName:HomeMate_20170308115748.382.txt

03-30 10:34:50.345 10705 10797 D HomeMate: comm[ Thread-44404: FileTool.java:65 deleteOldFiles() ] - deleteOldFiles()-fileName:HomeMate_20170308115609.551.txt

03-30 10:34:50.346 10705 10797 D HomeMate: comm[ Thread-44404: FileTool.java:65 deleteOldFiles() ] - deleteOldFiles()-fileName:HomeMate_20170308115501.679.txt

03-30 10:34:50.346 10705 10797 D HomeMate: comm[ Thread-44404: FileTool.java:65 deleteOldFiles() ] - deleteOldFiles()-fileName:HomeMate_20170308115424.918.txt

03-30 10:34:50.347 10705 10797 D HomeMate: comm[ Thread-44404: FileTool.java:65 deleteOldFiles() ] - deleteOldFiles()-fileName:HomeMate_20170308115245.735.txt

03-30 10:34:50.347 10705 10797 D HomeMate: comm[ Thread-44404: FileTool.java:65 deleteOldFiles() ] - deleteOldFiles()-fileName:HomeMate_20170308115219.604.txt

03-30 10:34:50.348 10705 10797 D HomeMate: comm[ Thread-44404: FileTool.java:65 deleteOldFiles() ] - deleteOldFiles()-fileName:HomeMate_20170308115040.187.txt

03-30 10:34:50.350 10705 10797 D HomeMate: comm[ Thread-44404: FileTool.java:65 deleteOldFiles() ] - deleteOldFiles()-fileName:HomeMate_20170308114853.852.txt

03-30 10:34:50.351 10705 10797 D HomeMate: comm[ Thread-44404: FileTool.java:65 deleteOldFiles() ] - deleteOldFiles()-fileName:HomeMate_20170308114803.902.txt

03-30 10:34:50.351 10705 10797 D HomeMate: comm[ Thread-44404: FileTool.java:65 deleteOldFiles() ] - deleteOldFiles()-fileName:HomeMate_20170308114712.655.txt

03-30 10:34:50.352 10705 10797 D HomeMate: comm[ Thread-44404: FileTool.java:65 deleteOldFiles() ] - deleteOldFiles()-fileName:HomeMate_20170308114616.101.txt

03-30 10:34:50.352 10705 10797 D HomeMate: comm[ Thread-44404: FileTool.java:65 deleteOldFiles() ] - deleteOldFiles()-fileName:HomeMate_20170308114251.715.txt

03-30 10:34:50.353 10705 10797 D HomeMate: comm[ Thread-44404: FileTool.java:65 deleteOldFiles() ] - deleteOldFiles()-fileName:HomeMate_20170308114217.086.txt

03-30 10:34:50.353 10705 10705 I a       : onMDNSFinish(phone)-gatewayInfos:[],isMDNSSearching:true

03-30 10:34:50.353 10705 10705 I a       : callBacks()-MDNS finish.onMDNSListeners:{com.orvibo.homemate.model.login.loginhub.LoginHub$2@4ce3567=com.orvibo.homemate.model.login.loginhub.LoginHub$2@4ce3567}

03-30 10:34:50.353 10705 10705 I SearchGateway: onMDNSFinish()-gatewayInfos:[]

03-30 10:34:50.353 10705 10797 D HomeMate: comm[ Thread-44404: FileTool.java:65 deleteOldFiles() ] - deleteOldFiles()-fileName:HomeMate_20170308114140.304.txt

03-30 10:34:50.353 10705 10705 D HomeMate: comm[ main: BaseRequest.java:498 stopRequest() ] - Stop request which serial is 464362571 on com.orvibo.homemate.device.home.HomeRoomPresenter$1@ff8f5d8

03-30 10:34:50.354 10705 10705 D HomeMate: comm[ main: HomeRoomPresenter.java:58 init() ] - HomeRefresh

03-30 10:34:50.354 10705 10797 D HomeMate: comm[ Thread-44404: FileTool.java:65 deleteOldFiles() ] - deleteOldFiles()-fileName:HomeMate_20170308114009.188.txt

03-30 10:34:50.354 10705 10797 D HomeMate: comm[ Thread-44404: FileTool.java:65 deleteOldFiles() ] - deleteOldFiles()-fileName:HomeMate_20170308113910.591.txt

03-30 10:34:50.355 10705 10797 D HomeMate: comm[ Thread-44404: FileTool.java:65 deleteOldFiles() ] - deleteOldFiles()-fileName:HomeMate_20170308113713.737.txt

03-30 10:34:50.355 10705 10797 D HomeMate: comm[ Thread-44404: FileTool.java:65 deleteOldFiles() ] - deleteOldFiles()-fileName:HomeMate_20170308113617.682.txt

03-30 10:34:50.356 10705 10797 D HomeMate: comm[ Thread-44404: FileTool.java:65 deleteOldFiles() ] - deleteOldFiles()-fileName:HomeMate_20170308113606.140.txt

03-30 10:34:50.357 10705 10797 D HomeMate: comm[ Thread-44404: FileTool.java:65 deleteOldFiles() ] - deleteOldFiles()-fileName:HomeMate_20170308113520.870.txt

03-30 10:34:50.357 10705 10797 D HomeMate: comm[ Thread-44404: FileTool.java:65 deleteOldFiles() ] - deleteOldFiles()-fileName:HomeMate_20170308113357.701.txt

03-30 10:34:50.358 10705 10797 D HomeMate: comm[ Thread-44404: FileTool.java:65 deleteOldFiles() ] - deleteOldFiles()-fileName:HomeMate_20170308113318.723.txt

03-30 10:34:50.358 10705 10797 D HomeMate: comm[ Thread-44404: FileTool.java:65 deleteOldFiles() ] - deleteOldFiles()-fileName:HomeMate_20170308113237.914.txt

03-30 10:34:50.358 10705 10797 D HomeMate: comm[ Thread-44404: FileTool.java:65 deleteOldFiles() ] - deleteOldFiles()-fileName:HomeMate_20170308113008.571.txt

03-30 10:34:50.359 10705 10797 D HomeMate: comm[ Thread-44404: FileTool.java:65 deleteOldFiles() ] - deleteOldFiles()-fileName:HomeMate_20170308112931.930.txt

03-30 10:34:50.359 10705 10797 D HomeMate: comm[ Thread-44404: FileTool.java:65 deleteOldFiles() ] - deleteOldFiles()-fileName:HomeMate_20170308112854.231.txt

03-30 10:34:50.361 10705 10797 D HomeMate: comm[ Thread-44404: FileTool.java:65 deleteOldFiles() ] - deleteOldFiles()-fileName:HomeMate_20170308110536.110.txt

03-30 10:34:50.361 10705 10797 D HomeMate: comm[ Thread-44404: FileTool.java:65 deleteOldFiles() ] - deleteOldFiles()-fileName:HomeMate_20170308110425.406.txt

03-30 10:34:50.362 10705 10797 D HomeMate: comm[ Thread-44404: FileTool.java:65 deleteOldFiles() ] - deleteOldFiles()-fileName:HomeMate_20170308110312.920.txt

03-30 10:34:50.362 10705 10797 D HomeMate: comm[ Thread-44404: FileTool.java:65 deleteOldFiles() ] - deleteOldFiles()-fileName:HomeMate_20170308105745.625.txt

03-30 10:34:50.363 10705 10797 D HomeMate: comm[ Thread-44404: FileTool.java:65 deleteOldFiles() ] - deleteOldFiles()-fileName:HomeMate_20170308105608.073.txt

03-30 10:34:50.363 10705 10797 D HomeMate: comm[ Thread-44404: FileTool.java:65 deleteOldFiles() ] - deleteOldFiles()-fileName:HomeMate_20170308105500.151.txt

03-30 10:34:50.363 10705 10705 D HomeMate: comm[ main: HomeFragment.java:279 onInit() ] - HomeRefresh

03-30 10:34:50.363 10705 10797 D HomeMate: comm[ Thread-44404: FileTool.java:65 deleteOldFiles() ] - deleteOldFiles()-fileName:HomeMate_20170308105421.367.txt

03-30 10:34:50.364 10705 10705 D HomeMate: allen[ main: HomeFragment.java:291 onRefreshFamilies() ] - families:[Family{familyId='ea4205a93f1c46b4a6df9bb391513dd9', pic='null', creator='91a31ba24648493aad89636922662c04', familyName='ojrtx', nickname_in_family='null', email='15079034630@126.com', phone='', showIndex=1, isAdmin=1, userid='91a31ba24648493aad89636922662c04', userName=ahdhhddhhd, updateTimeSec=1490841108000} , Family{familyId='7c9d5013119f46a2a89fe662794afe17', pic='null', creator='91a31ba24648493aad89636922662c04', familyName='gggy', nickname_in_family='null', email='15079034630@126.com', phone='', showIndex=2, isAdmin=1, userid='91a31ba24648493aad89636922662c04', userName=ahdhhddhhd, updateTimeSec=1490702078000} , Family{familyId='2f2e636022b94e218b3c2f9756c65cc5', pic='http://homemate.orvibo.com/images/family/decd605137a041d3943517d8943621bf.png', creator='91a31ba24648493aad89636922662c04', familyName='f30ow', nickname_in_family='null', email='15079034630@126.com', phone='', showIndex=3, isAdmin=1, userid='91a31ba24648493aad89636922662c04', userName=ahdhhddhhd, updateTimeSec=1490702078000} , Family{familyId='8a1ceb7b78034a539fbebe64efd979fc', pic='http://homemate.orvibo.com/images/family/5d1549631bde4bba877fa28498755239.png', creator='91a31ba24648493aad89636922662c04', familyName='2fa1b', nickname_in_family='null', email='15079034630@126.com', phone='', showIndex=4, isAdmin=1, userid='91a31ba24648493aad89636922662c04', userName=ahdhhddhhd, updateTimeSec=1490702078000} , Family{familyId='dbc10e32ebe547cc932bce19fe63d2c1', pic='http://homemate.orvibo.com/images/family/783967619a144ff182042bce99002bb1.png', creator='91a31ba24648493aad89636922662c04', familyName='iu299', nickname_in_family='null', email='15079034630@126.com', phone='', showIndex=5, isAdmin=1, userid='91a31ba24648493aad89636922662c04', userName=ahdhhddhhd, updateTimeSec=1490702078000} ] selectFamilyPosition:0

03-30 10:34:50.364 10705 10797 D HomeMate: comm[ Thread-44404: FileTool.java:65 deleteOldFiles() ] - deleteOldFiles()-fileName:HomeMate_20170308105248.383.txt

03-30 10:34:50.365 10705 10797 D HomeMate: comm[ Thread-44404: FileTool.java:65 deleteOldFiles() ] - deleteOldFiles()-fileName:HomeMate_20170308105141.850.txt

03-30 10:34:50.365 10705 10797 D HomeMate: comm[ Thread-44404: FileTool.java:65 deleteOldFiles() ] - deleteOldFiles()-fileName:HomeMate_20170308105035.814.txt

03-30 10:34:50.366 10705 10797 D HomeMate: comm[ Thread-44404: FileTool.java:65 deleteOldFiles() ] - deleteOldFiles()-fileName:HomeMate_20170308103636.660.txt

03-30 10:34:50.366 10705 10797 D HomeMate: comm[ Thread-44404: FileTool.java:65 deleteOldFiles() ] - deleteOldFiles()-fileName:HomeMate_20170308103329.114.txt

03-30 10:34:50.366 10705 10797 D HomeMate: comm[ Thread-44404: FileTool.java:65 deleteOldFiles() ] - deleteOldFiles()-fileName:HomeMate_20170308103251.287.txt

03-30 10:34:50.367 10705 10797 D HomeMate: comm[ Thread-44404: FileTool.java:65 deleteOldFiles() ] - deleteOldFiles()-fileName:HomeMate_20170308102649.774.txt

03-30 10:34:50.367 10705 10797 D HomeMate: comm[ Thread-44404: FileTool.java:65 deleteOldFiles() ] - deleteOldFiles()-fileName:HomeMate_20170308102610.447.txt

