03-30 10:43:37.108 19885 20020 I HomeMate: comm[ pool-5-thread-1: SocketUtil.java:108 progressMessage() ] - After decrypt json[{"cmd":201,"userId":"91a31ba24648493aad89636922662c04","ver":"2.3.0","serial":986083816,"status":0,"familyList":[{"email":"15079034630@126.com","phone":"","userName":"ahdhhddhhd","isAdmin":1,"familyId":"ea4205a93f1c46b4a6df9bb391513dd9","familyName":"ojrtx","creator":"91a31ba24648493aad89636922662c04","showIndex":1,"createTime":"2017-03-27 16:38:09","updateTime":"2017-03-30 10:31:48","longitude":"114.004849","latotide":"22.593931","country":"cn","city":"shenzhen","state":"guangdong","timeOffset":28800,"zoneOffset":28800,"delFlag":0},{"email":"15079034630@126.com","phone":"","userName":"ahdhhddhhd","isAdmin":1,"familyId":"7c9d5013119f46a2a89fe662794afe17","familyName":"gggy","creator":"91a31ba24648493aad89636922662c04","showIndex":2,"createTime":"2017-03-27 16:42:12","updateTime":"2017-03-28 19:54:38","longitude":"113.9997694882676","latotide":"22.59673235708171","country":"cn","city":"Ê∑±Âú≥Â∏?","state":"Âπø‰∏úÁú?","timeOffset":28800,"zoneOffset":28800,"delFlag":0},{"email":"15079034630@126.com","phone":"","userName":"ahdhhddhhd","isAdmin":1,"familyId":"2f2e636022b94e218b3c2f9756c65cc5","familyName":"f30ow","pic":"http://homemate.orvibo.com/images/family/decd605137a041d3943517d8943621bf.png","creator":"91a31ba24648493aad89636922662c04","showIndex":3,"createTime":"2017-03-27 17:37:58","updateTime":"2017-03-28 19:54:38","longitude":"113.9997694882676","latotide":"22.59673235708171","country":"cn","city":"Ê∑±Âú≥Â∏?","state":"Âπø‰∏úÁú?","timeOffset":28800,"zoneOffset":28800,"delFlag":0},{"email":"15079034630@126.com","phone":"","userName":"ahdhhddhhd","isAdmin":1,"familyId":"8a1ceb7b78034a539fbebe64efd979fc","familyName":"2fa1b","pic":"http://homemate.orvibo.com/images/family/5d1549631bde4bba877fa28498755239.png","creator":"91a31ba24648493aad89636922662c04","showIndex":4,"createTime":"2017-03-27 18:42:00","updateTime":"2017-03-28 19:54:38","longitude":"113.9997694882676","latotide":"22.59673235708171","country":"cn","city":"Ê∑±Âú≥Â∏?","state":"Âπø‰∏úÁú?","timeOffset":28800,"zoneOffset":28800,"delFlag":0},{"email":"15079034630@126.com","phone":"","userName":"ahdhhddhhd","isAdmin":1,"familyId":"dbc10e32ebe547cc932bce19fe63d2c1","familyName":"iu299","pic":"http://homemate.orvibo.com/images/family/783967619a144ff182042bce99002bb1.png","creator":"91a31ba24648493aad89636922662c04","showIndex":5,"createTime":"2017-03-27 19:02:47","updateTime":"2017-03-28 19:54:38","longitude":"113.9997694882676","latotide":"22.59673235708171","country":"cn","city":"Ê∑±Âú≥Â∏?","state":"Âπø‰∏úÁú?","timeOffset":28800,"zoneOffset":28800,"delFlag":0}]}]

03-30 10:43:37.159 19885 19885 D HomeMate: comm[ main: HomeFragment.java:382 doRefreshRooms() ] - HomeRefresh-do refresh

03-30 10:43:37.159 19885 19885 D HomeMate: allen[ main: HomeFragment.java:385 doRefreshRooms() ] - rooms:[Room{roomId='ea4205a93f1c46b4a6df9bb391513dd9', roomName='ÈªòËÆ§ÊàøÈó¥', floorId='714c9032b3ef488bbfe77bff438d53a4', roomType=0, sequence=0, isDefaultRoom=false, imgUrl='/storage/emulated/0/HomeMate/room/6_thumb'} BaseBo{delFlag=0, updateTime='0', createTime='0', updateTimeSec=0, uid='null', userName='null'}] selectRoomPosition:0

03-30 10:43:37.166  3745  3745 D wpa_supplicant: wlan0: Control interface command 'SIGNAL_POLL'

03-30 10:43:37.166 19885 19885 D HomeMate: comm[ main: BaseFragment.java:74 onAttach() ] - HomePagerFragment

03-30 10:43:37.167 19885 19885 D HomeMate: allen[ main: HomePagerFragment.java:120 onCreateView() ] - onCreateView()

03-30 10:43:37.169 19885 19885 V BoostFramework: BoostFramework() : mPerf = com.qualcomm.qti.Performance@9227353

03-30 10:43:37.169 19885 19885 V BoostFramework: BoostFramework() : mPerf = com.qualcomm.qti.Performance@8009490

03-30 10:43:37.172 19885 19885 V BoostFramework: BoostFramework() : mPerf = com.qualcomm.qti.Performance@897a58e

03-30 10:43:37.172 19885 19885 V BoostFramework: BoostFramework() : mPerf = com.qualcomm.qti.Performance@6d6f1af

03-30 10:43:37.173  3745  3745 D wpa_supplicant: CTRL-DEBUG: global_ctrl_sock-sendto: sock=11 sndbuf=163840 outq=0 send_len=49

03-30 10:43:37.173 19885 19885 D HomeMate: allen[ main: HomePagerFragment.java:186 onActivityCreated() ] - onActivityCreated()

03-30 10:43:37.176 19885 19885 D HomeMate: comm[ main: PropertyReport.java:94 registerNewPropertyReport() ] - registerNewPropertyReport()-listener:com.orvibo.homemate.device.home.HomeDevicePresenter@38269bc

03-30 10:43:37.177 19885 19885 D HomeMate: allen[ main: HomeDevicePresenter.java:110 refresh() ] - Start to init devices.

03-30 10:43:37.178 19885 19885 D HomeMate: allen[ main: HomeDevicePresenter.java:114 refresh() ] - Show devices from Room{roomId='ea4205a93f1c46b4a6df9bb391513dd9', roomName='ÈªòËÆ§ÊàøÈó¥', floorId='714c9032b3ef488bbfe77bff438d53a4', roomType=0, sequence=0, isDefaultRoom=false, imgUrl='/storage/emulated/0/HomeMate/room/6_thumb'} BaseBo{delFlag=0, updateTime='0', createTime='0', updateTimeSec=0, uid='null', userName='null'}

03-30 10:43:37.184 19885 19885 D HomeMate: allen[ main: HomeDevicePresenter.java:116 refresh() ] - devices [Device{uid=5ccf7fda9b5e, deviceName=S30Êô∫ËÉΩÊèíÂ∫ß, deviceId=040c8e12fd4d4f3192d9a5378cf8b149, appDeviceId=65533, deviceType=29, roomId=, company='', delFlag=0, extAddr='', endpoint=-1, irDeviceId=, sequence=0, model='62f1da0474434509923b2dc947a0f14c', updateTime=1490840335000(2017-03-30 10:18:55), userName=null} ]

03-30 10:43:37.186 19885 19885 D HomeMate: allen[ main: HomeDevicePresenter.java:121 refresh() ] - other devices []

03-30 10:43:37.189 19885 19885 D HomeMate: allen[ main: HomeDevicePresenter.java:155 refreshDeviceStatus() ] - deviceStatusMap {040c8e12fd4d4f3192d9a5378cf8b149=Action{uid=5ccf7fda9b5e, deviceId=040c8e12fd4d4f3192d9a5378cf8b149, command='null', value1=0, value2=0, value3=0, value4=0, alarmType=1, delayTime=0, keyName='null', freq=0, name=, pluseNum=0, pluseData=null} }

03-30 10:43:37.190 19885 19885 D HomeMate: allen[ main: HomePagerFragment.java:229 onDeviceInit() ] - devices:[Device{uid=5ccf7fda9b5e, deviceName=S30Êô∫ËÉΩÊèíÂ∫ß, deviceId=040c8e12fd4d4f3192d9a5378cf8b149, appDeviceId=65533, deviceType=29, roomId=, company='', delFlag=0, extAddr='', endpoint=-1, irDeviceId=, sequence=0, model='62f1da0474434509923b2dc947a0f14c', updateTime=1490840335000(2017-03-30 10:18:55), userName=null} ],otherDevices:[]

03-30 10:43:37.194 19885 19885 D HomeMate: allen[ main: HomePagerFragment.java:279 onDeviceInit() ] - Show devices

03-30 10:43:37.194 19885 19885 D HomeMate: allen[ main: HomeDevicePresenter.java:129 refresh() ] - Finish to init device. cost 17ms

03-30 10:43:37.195 19885 19885 D HomeMate: comm[ main: DeviceUtil.java:953 getEnergyDevices() ] - familyId:ea4205a93f1c46b4a6df9bb391513dd9

03-30 10:43:37.197 19885 19885 D HomeMate: comm[ main: DeviceUtil.java:989 getEnergyDevices() ] - energyRemindDevices:[]

03-30 10:43:37.198 19885 19885 I HomeMate: wei[ main: RoomCommonSceneDao.java:46 selRoomCommonScene() ] - select * from scene inner join roomcommonscene on scene.sceneNo = roomcommonscene.sceneNo where roomcommonscene.userId = ? and roomcommonscene.roomId = ? order by roomcommonscene.sceneSequence ASC

03-30 10:43:37.208 19885 19885 D HomeMate: comm[ main: RoomImageUtil.java:275 getRoomImagePathByName() ] - RoomImageUtil: getRoomImagePathByName(file.exists == false !)

03-30 10:43:37.208 19885 19885 D HomeMate: comm[ main: HomePagerFragment.java:349 setRoomImage() ] - room:Room{roomId='ea4205a93f1c46b4a6df9bb391513dd9', roomName='ÈªòËÆ§ÊàøÈó¥', floorId='714c9032b3ef488bbfe77bff438d53a4', roomType=0, sequence=0, isDefaultRoom=false, imgUrl='/storage/emulated/0/HomeMate/room/6_thumb'} BaseBo{delFlag=0, updateTime='0', createTime='0', updateTimeSec=0, uid='null', userName='null'}   file.exists()->true

03-30 10:43:37.209 19885 19885 D HomeMate: allen[ main: HomePagerFragment.java:202 onStart() ] - onStart()

03-30 10:43:37.211 19885 19885 D HomeMate: allen[ main: HomePagerFragment.java:208 onResume() ] - onResume()

03-30 10:43:37.213 19885 19885 E RecyclerView: No adapter attached; skipping layout

03-30 10:43:37.226 19885 19885 D HomeMate: comm[ main: BaseRequest.java:498 stopRequest() ] - Stop request which serial is 986083816 on com.orvibo.homemate.device.home.HomeRoomPresenter$1@238e865

03-30 10:43:37.226 19885 19885 D HomeMate: comm[ main: HomeRoomPresenter.java:58 init() ] - HomeRefresh

03-30 10:43:37.233 19885 19885 D HomeMate: comm[ main: HomeFragment.java:279 onInit() ] - HomeRefresh

03-30 10:43:37.233 19885 19885 D HomeMate: allen[ main: HomeFragment.java:291 onRefreshFamilies() ] - families:[Family{familyId='ea4205a93f1c46b4a6df9bb391513dd9', pic='null', creator='91a31ba24648493aad89636922662c04', familyName='ojrtx', nickname_in_family='null', email='15079034630@126.com', phone='', showIndex=1, isAdmin=1, userid='91a31ba24648493aad89636922662c04', userName=ahdhhddhhd, updateTimeSec=1490841108000} , Family{familyId='7c9d5013119f46a2a89fe662794afe17', pic='null', creator='91a31ba24648493aad89636922662c04', familyName='gggy', nickname_in_family='null', email='15079034630@126.com', phone='', showIndex=2, isAdmin=1, userid='91a31ba24648493aad89636922662c04', userName=ahdhhddhhd, updateTimeSec=1490702078000} , Family{familyId='2f2e636022b94e218b3c2f9756c65cc5', pic='http://homemate.orvibo.com/images/family/decd605137a041d3943517d8943621bf.png', creator='91a31ba24648493aad89636922662c04', familyName='f30ow', nickname_in_family='null', email='15079034630@126.com', phone='', showIndex=3, isAdmin=1, userid='91a31ba24648493aad89636922662c04', userName=ahdhhddhhd, updateTimeSec=1490702078000} , Family{familyId='8a1ceb7b78034a539fbebe64efd979fc', pic='http://homemate.orvibo.com/images/family/5d1549631bde4bba877fa28498755239.png', creator='91a31ba24648493aad89636922662c04', familyName='2fa1b', nickname_in_family='null', email='15079034630@126.com', phone='', showIndex=4, isAdmin=1, userid='91a31ba24648493aad89636922662c04', userName=ahdhhddhhd, updateTimeSec=1490702078000} , Family{familyId='dbc10e32ebe547cc932bce19fe63d2c1', pic='http://homemate.orvibo.com/images/family/783967619a144ff182042bce99002bb1.png', creator='91a31ba24648493aad89636922662c04', familyName='iu299', nickname_in_family='null', email='15079034630@126.com', phone='', showIndex=5, isAdmin=1, userid='91a31ba24648493aad89636922662c04', userName=ahdhhddhhd, updateTimeSec=1490702078000} ] selectFamilyPosition:0

03-30 10:43:37.252 19885 19885 D HomeMate: comm[ main: HomeFragment.java:382 doRefreshRooms() ] - HomeRefresh-do refresh

03-30 10:43:37.252 19885 19885 D HomeMate: allen[ main: HomeFragment.java:385 doRefreshRooms() ] - rooms:[Room{roomId='ea4205a93f1c46b4a6df9bb391513dd9', roomName='ÈªòËÆ§ÊàøÈó¥', floorId='714c9032b3ef488bbfe77bff438d53a4', roomType=0, sequence=0, isDefaultRoom=false, imgUrl='/storage/emulated/0/HomeMate/room/6_thumb'} BaseBo{delFlag=0, updateTime='0', createTime='0', updateTimeSec=0, uid='null', userName='null'}] selectRoomPosition:0

03-30 10:43:37.254 19885 19885 D HomeMate: comm[ main: BaseFragment.java:74 onAttach() ] - HomePagerFragment

03-30 10:43:37.255 19885 19885 D HomeMate: allen[ main: HomePagerFragment.java:120 onCreateView() ] - onCreateView()

03-30 10:43:37.256 19885 19885 V BoostFramework: BoostFramework() : mPerf = com.qualcomm.qti.Performance@eb44869

03-30 10:43:37.257 19885 19885 V BoostFramework: BoostFramework() : mPerf = com.qualcomm.qti.Performance@b0902ee

03-30 10:43:37.260 19885 19885 V BoostFramework: BoostFramework() : mPerf = com.qualcomm.qti.Performance@ced761c

03-30 10:43:37.260 19885 19885 V BoostFramework: BoostFramework() : mPerf = com.qualcomm.qti.Performance@c00225

03-30 10:43:37.261 19885 19885 D HomeMate: allen[ main: HomePagerFragment.java:186 onActivityCreated() ] - onActivityCreated()

03-30 10:43:37.262 19885 19885 D HomeMate: comm[ main: PropertyReport.java:94 registerNewPropertyReport() ] - registerNewPropertyReport()-listener:com.orvibo.homemate.device.home.HomeDevicePresenter@65ffa

03-30 10:43:37.263 19885 19885 D HomeMate: allen[ main: HomeDevicePresenter.java:110 refresh() ] - Start to init devices.

03-30 10:43:37.263 19885 19885 D HomeMate: allen[ main: HomeDevicePresenter.java:114 refresh() ] - Show devices from Room{roomId='ea4205a93f1c46b4a6df9bb391513dd9', roomName='ÈªòËÆ§ÊàøÈó¥', floorId='714c9032b3ef488bbfe77bff438d53a4', roomType=0, sequence=0, isDefaultRoom=false, imgUrl='/storage/emulated/0/HomeMate/room/6_thumb'} BaseBo{delFlag=0, updateTime='0', createTime='0', updateTimeSec=0, uid='null', userName='null'}

03-30 10:43:37.267 19885 19885 D HomeMate: allen[ main: HomeDevicePresenter.java:116 refresh() ] - devices [Device{uid=5ccf7fda9b5e, deviceName=S30Êô∫ËÉΩÊèíÂ∫ß, deviceId=040c8e12fd4d4f3192d9a5378cf8b149, appDeviceId=65533, deviceType=29, roomId=, company='', delFlag=0, extAddr='', endpoint=-1, irDeviceId=, sequence=0, model='62f1da0474434509923b2dc947a0f14c', updateTime=1490840335000(2017-03-30 10:18:55), userName=null} ]

03-30 10:43:37.270 19885 19885 D HomeMate: allen[ main: HomeDevicePresenter.java:121 refresh() ] - other devices []

03-30 10:43:37.273 19885 19885 D HomeMate: allen[ main: HomeDevicePresenter.java:155 refreshDeviceStatus() ] - deviceStatusMap {040c8e12fd4d4f3192d9a5378cf8b149=Action{uid=5ccf7fda9b5e, deviceId=040c8e12fd4d4f3192d9a5378cf8b149, command='null', value1=0, value2=0, value3=0, value4=0, alarmType=1, delayTime=0, keyName='null', freq=0, name=, pluseNum=0, pluseData=null} }

03-30 10:43:37.273 19885 19885 D HomeMate: allen[ main: HomePagerFragment.java:229 onDeviceInit() ] - devices:[Device{uid=5ccf7fda9b5e, deviceName=S30Êô∫ËÉΩÊèíÂ∫ß, deviceId=040c8e12fd4d4f3192d9a5378cf8b149, appDeviceId=65533, deviceType=29, roomId=, company='', delFlag=0, extAddr='', endpoint=-1, irDeviceId=, sequence=0, model='62f1da0474434509923b2dc947a0f14c', updateTime=1490840335000(2017-03-30 10:18:55), userName=null} ],otherDevices:[]

03-30 10:43:37.277 19885 19885 D HomeMate: allen[ main: HomePagerFragment.java:279 onDeviceInit() ] - Show devices

03-30 10:43:37.278 19885 19885 D HomeMate: allen[ main: HomeDevicePresenter.java:129 refresh() ] - Finish to init device. cost 14ms

03-30 10:43:37.278 19885 19885 D HomeMate: comm[ main: DeviceUtil.java:953 getEnergyDevices() ] - familyId:ea4205a93f1c46b4a6df9bb391513dd9

03-30 10:43:37.281 19885 19885 D HomeMate: comm[ main: DeviceUtil.java:989 getEnergyDevices() ] - energyRemindDevices:[]

03-30 10:43:37.281 19885 19885 I HomeMate: wei[ main: RoomCommonSceneDao.java:46 selRoomCommonScene() ] - select * from scene inner join roomcommonscene on scene.sceneNo = roomcommonscene.sceneNo where roomcommonscene.userId = ? and roomcommonscene.roomId = ? order by roomcommonscene.sceneSequence ASC

03-30 10:43:37.291 19885 19885 D HomeMate: comm[ main: RoomImageUtil.java:275 getRoomImagePathByName() ] - RoomImageUtil: getRoomImagePathByName(file.exists == false !)

03-30 10:43:37.292 19885 19885 D HomeMate: comm[ main: HomePagerFragment.java:349 setRoomImage() ] - room:Room{roomId='ea4205a93f1c46b4a6df9bb391513dd9', roomName='ÈªòËÆ§ÊàøÈó¥', floorId='714c9032b3ef488bbfe77bff438d53a4', roomType=0, sequence=0, isDefaultRoom=false, imgUrl='/storage/emulated/0/HomeMate/room/6_thumb'} BaseBo{delFlag=0, updateTime='0', createTime='0', updateTimeSec=0, uid='null', userName='null'}   file.exists()->true

03-30 10:43:37.292 19885 19885 D HomeMate: allen[ main: HomePagerFragment.java:202 onStart() ] - onStart()

03-30 10:43:37.294 19885 19885 D HomeMate: allen[ main: HomePagerFragment.java:208 onResume() ] - onResume()

03-30 10:43:37.298 19885 19885 E RecyclerView: No adapter attached; skipping layout

03-30 10:43:37.311 19885 19885 D HomeMate: comm[ main: MainPresenter.java:804 handleMessage() ] - Start to check unbind device

03-30 10:43:37.318 19885 19970 D HomeMate: comm[ pool-6-thread-1: SearchDevice.java:136 searchWifiDevice() ] - searchWifiDevice()

03-30 10:43:37.322 19885 19885 D HomeMate: comm[ main: QueryUnbinds.java:69 queryAllWifiDevices() ] - QueryUnbinds.queryWifiSockets

03-30 10:43:37.324 19885 19984 I HomeMate: comm[ pool-6-thread-2: BaseRequest.java:118 doRequestAsync() ] - registerEvent: com.orvibo.homemate.device.searchdevice.SearchDevice$2@88a2f49

03-30 10:43:37.328 19885 19984 D HomeMate: comm[ pool-6-thread-2: BaseRequest.java:978 saveSerial() ] - Record serial 114215281 on com.orvibo.homemate.device.searchdevice.SearchDevice$2@88a2f49

03-30 10:43:37.329 19885 19990 D HomeMate: comm[ pool-4-thread-1: MinaSocket.java:139 send() ] - target:server,position:server start request.requestConfig:RequestConfig{state=2, type=0, target=1, requestConf=RequestConf{totalCount=2, intervalTime=3500, lastTimeoutTime=5000}},messageLength:90

03-30 10:43:37.329 19885 19990 D HomeMate: sConnectFutures:{server=org.apache.mina.core.polling.AbstractPollingIoConnector$ConnectionRequest@267f523}

03-30 10:43:37.331 19885 19990 I HomeMate: comm[ pool-4-thread-1: CodecEncoder.java:44 encode() ] - encode()-ÁºñÁ†ÅÂÆåÊàê,ÂêëIP:/192.168.2.242:10001ÂÜôÊï∞Êç?(90):68,64,00,5a,64,6b,e6,73,cc,cc,35,30,36,37,62,39,33,62,64,34,33,66,34,33,31,65,61,34,37,34,39,66,35,37,61,31,38,31,34,38,33,37,5e,a5,fd,5f,bc,8e,37,c4,70,cc,a7,5d,cf,31,9d,a4,4a,04,8e,a0,b2,97,4c,d8,30,d5,50,ee,92,ec,6e,c5,0d,b5,32,25,38,b0,8b,d9,6a,61,39,b9,3c,45,80,ea

03-30 10:43:37.332 19885 19990 D HomeMate: comm[ pool-4-thread-1: MinaSocket.java:157 send() ] - isWritten:true,ioSession:(0x00000001: nio socket, client, /192.168.56.181:46870 => /192.168.2.242:10001)

03-30 10:43:37.333 19885 19990 V HomeMate: comm[ pool-4-thread-1: BaseRequest.java:180 onAsyncTick() ] - Send command:Command{

03-30 10:43:37.333 19885 19990 V HomeMate: uid='server'

03-30 10:43:37.333 19885 19990 V HomeMate: serial=114215281

03-30 10:43:37.333 19885 19990 V HomeMate: cmd=66

03-30 10:43:37.333 19885 19990 V HomeMate: crc='E673CCCC'

03-30 10:43:37.333 19885 19990 V HomeMate: requestConfig=RequestConfig{state=2, type=0, target=1, requestConf=RequestConf{totalCount=2, intervalTime=3500, lastTimeoutTime=5000}}

03-30 10:43:37.333 19885 19990 V HomeMate: jsonObject={"cmd":66,"serial":114215281,"ver":"2.3.0"}}

03-30 10:43:37.700  6151  6186 I octvm_klo: read wakeups from wakealarm_fd:1

03-30 10:43:37.701  6151  6186 I octvm_klo: new timerfd interval:

03-30 10:43:37.701  6151  6186 I octvm_klo: 	itval.it_interval.tv_sec 1, itval.it_interval.tv_nsec 0

03-30 10:43:37.701  6151  6186 I octvm_klo: 	itval.it_value.tv_sec 0, itval.it_value.tv_nsec 999987864

03-30 10:43:37.775   379   493 I ThermalEngine: Sensor:batt_temp:360 mC

03-30 10:43:38.016 19833 19833 I QueryController: Matched selector: UiSelector[TEXT=ÊàëÁöÑ] <<==>> [android.view.accessibility.AccessibilityNodeInfo@800365ad; boundsInParent: Rect(524153, 0 - 524423, 48); boundsInScreen: Rect(810, 1863 - 1080, 1911); packageName: com.orvibo.homemate; className: android.widget.TextView; text: ÊàëÁöÑ; error: null; maxTextLength: -1; contentDescription: null; viewIdResName: com.orvibo.homemate:id/text; checkable: false; checked: false; focusable: false; focused: false; selected: false; clickable: false; longClickable: false; contextClickable: false; enabled: true; password: false; scrollable: false; actions: [AccessibilityAction: ACTION_SELECT - null, AccessibilityAction: ACTION_CLEAR_SELECTION - null, AccessibilityAction: ACTION_ACCESSIBILITY_FOCUS - null, AccessibilityAction: ACTION_NEXT_AT_MOVEMENT_GRANULARITY - null, AccessibilityAction: ACTION_PREVIOUS_AT_MOVEMENT_GRANULARITY - null, AccessibilityAction: ACTION_SET_SELECTION - null, AccessibilityAction: ACTION_UNKNOWN - null]]

03-30 10:43:38.024 19833 19833 D InteractionController: clickAndSync(945, 1887)

03-30 10:43:38.046 19885 19955 D UTAnalytics:LogStoreMgr: pid:19885 [store],

--------- beginning of system

03-30 10:43:38.097  2044  4266 D SystemSettings: Want to modify SystemSettings? See MiuiSettings.System.PUBLIC_SETTINGS

03-30 10:43:38.097  2044  4266 W SettingsProvider: You shouldn't keep your settings in the secure settings. This will soon become an error.

03-30 10:43:38.119 19885 20019 D HomeMate: comm[ NioProcessor-7: CodecDecoder.java:44 doDecode() ] - hd:6864,actualLen:106

03-30 10:43:38.120 19885 20019 I HomeMate: comm[ NioProcessor-7: CodecDecoder.java:76 doDecode() ] - Êé•Êî∂Âà∞IP:192.168.2.242ÁöÑÊï∞ÊçÆÔºö68,64,0,6a,64,6b,ff,f6,bd,c3,35,30,36,37,62,39,33,62,64,34,33,66,34,33,31,65,61,34,37,34,39,66,35,37,61,31,38,31,34,38,33,37,2e,38,66,b8,4a,4c,35,8,33,98,57,4f,1c,ec,49,65,57,5e,b1,76,d2,fb,6,3f,a5,45,e4,dd,59,aa,1,92,e9,cb,d5,7b,30,d9,38,4,f8,52,1,4a,6d,ab,f5,15,32,74,70,45,e3,df,b7,a6,14,5f,8c,cd,82,d0,4b,b5

03-30 10:43:38.120 19885 20020 I HomeMate: comm[ pool-5-thread-1: SocketUtil.java:70 progressMessage() ] - protocolType[dk],crc:FFF6BDC3,sessionId:5067b93bd43f431ea4749f57a1814837,jsonLen:64,ip:192.168.2.242,port:10001

03-30 10:43:38.120 19885 20020 I HomeMate: comm[ pool-5-thread-1: SocketUtil.java:108 progressMessage() ] - After decrypt json[{"serial":114215281,"deviceList":"[]","cmd":66,"status":0}]

03-30 10:43:38.121 19885 20020 D HomeMate: comm[ pool-5-thread-1: ProcessPayload.java:3044 parseJson2DeviceList() ] - count = 0

03-30 10:43:38.128 19885 19885 D HomeMate: comm[ main: QueryUnbinds.java:98 onEventMainThread() ] - QueryUnbinds.onEventMainThread event.getDeviceUnbindList() = []

03-30 10:43:38.128 19885 19885 D HomeMate: comm[ main: QueryUnbinds.java:99 onEventMainThread() ] - QueryUnbinds onEventMainThread configAp:false

03-30 10:43:38.129 19885 19885 D HomeMate: comm[ main: BaseRequest.java:511 stopRequest() ] -  Stop request com.orvibo.homemate.device.searchdevice.SearchDevice$2@88a2f49

03-30 10:43:38.139 19885 19955 D UTAnalytics:UTSqliteLogStore: pid:19885 [insert] ,, isSuccess:true,ret,2270,

03-30 10:43:38.140 19885 19955 D UTAnalytics:UTSqliteLogStore: pid:19885 [insert] ,, isSuccess:true,ret,2271,

03-30 10:43:38.159 19885 19885 D HomeMate: comm[ main: MainActivity.java:116 onClick() ] - android.widget.RelativeLayout{c585a4b VFE...C.. ...P.... 810,0-1080,154 #7f0d0780 app:id/tab_rl}

03-30 10:43:38.171 19885 19885 D HomeMate: comm[ main: MainActivity.java:132 onTabChanged() ] - tabId:ÊàëÁöÑ

03-30 10:43:38.173 19885 20123 D FeedbackAPI: sign before:appkey=23256401&deviceId=WJfwe+sntC4DAAdSBLpxQDCW

03-30 10:43:38.177 19885 20123 D FeedbackAPI : sign after:e469344ba86f5f3f88c8fd188558071e8ce8dba2

03-30 10:43:38.199 19885 19885 D HomeMate: comm[ main: BaseFragment.java:74 onAttach() ] - PersonalFragment

03-30 10:43:38.199 19885 19885 D HomeMate: comm[ main: PersonalFragment.java:97 onCreateView() ] - onCreateView()

03-30 10:43:38.202 19885 19885 V BoostFramework: BoostFramework() : mPerf = com.qualcomm.qti.Performance@868885f

03-30 10:43:38.202 19885 19885 V BoostFramework: BoostFramework() : mPerf = com.qualcomm.qti.Performance@68932ac

03-30 10:43:38.285 19885 19885 D HomeMate: comm[ main: PersonalFragment.java:204 refresh() ] - refresh()-appUserName:15079034630@126.com,userId:91a31ba24648493aad89636922662c04

03-30 10:43:38.287 19885 19885 D HomeMate: comm[ main: PersonalFragment.java:206 refresh() ] - refresh(0)-account:Account{userId='91a31ba24648493aad89636922662c04', familyId='null', password='E10ADC3949BA59ABBE56E057F20F883E', phone='', email='15079034630@126.com', userType=0, registerType=0, idc=0, country='null', state='null', city='null'} BaseBo{delFlag=0, updateTime='1490702387000', createTime='1490603889000', updateTimeSec=0, uid='null', userName='ahdhhddhhd'}

03-30 10:43:38.296 19885 19885 D HomeMate: comm[ main: GetAccountIcon.java:39 startGetAccountIcon() ] - params:source=ZhiJia365&sessionId=5067b93bd43f431ea4749f57a1814837&userName=15079034630@126.com

03-30 10:43:38.301 19885 19885 D HomeMate: comm[ main: ADCache.java:50 getADInfo() ] - adInfoJson:{"errorMessage":"check gateway fail","updateTime":0,"isTarget":false,"errorCode":0,"image":null,"showAdv":false,"serial":"1b0497c6d2b14834a2f29088b9b5b0fb","url":null}

03-30 10:43:38.304 19885 19885 D HomeMate: comm[ main: ADModel.java:186 parseADInfoJson() ] - adInfo:ADInfo{, showAdv=false, errorCode=0, errorMessage='check gateway fail', image='null', url='null', isTarget=false, updateTime=0}

03-30 10:43:38.307  4116  4556 I XiaomiFirewall: firewall pkgName:com.orvibo.homemate, result:0x0

03-30 10:43:38.309 19885 19885 D HomeMate: comm[ main: PersonalFragment.java:144 setHubView() ] - hub uid :[007e56121206]

03-30 10:43:38.313 19885 19885 I HomeMate: hank[ main: FeedBackService.java:87 obtain() ] - is obtaining unread count now

03-30 10:43:38.330 19885 20123 D HomeMate: hank[ Thread-44610: FeedBackService.java:94 onSuccess() ] - FeedbackAPI unreadCount:18

03-30 10:43:38.374 19885 19885 D HomeMate: comm[ main: MainActivity.java:176 setTabReadTip() ] - showRedTip:true,position:3

03-30 10:43:38.376 19885 19885 V AsyncHttpRH: Progress 129 from 1 (12900%)

03-30 10:43:38.376 19885 19885 I HomeMate: comm[ main: GetAccountIcon.java:44 onSuccess() ] - {"errorMessage":"ÊàêÂäü","file":"https://homemate.orvibo.com/images/20170328/b1c9f1c967da46dfa5aa9d21991fb39f.jpg","errorCode":0}

03-30 10:43:38.377 19885 19885 I HomeMate: comm[ main: GetAccountIcon.java:63 onSuccess() ] - ÊàêÂäü

03-30 10:43:38.378 19885 19885 D HomeMate: comm[ main: PersonalFragment.java:397 onGetAccountIconResult() ] - 

03-30 10:43:38.378 19885 19885 D HomeMate: comm[ main: MainActivity.java:335 onRefresh() ] - mainRefreshType:1

03-30 10:43:38.379 19885 19885 D HomeMate: comm[ main: MainActivity.java:255 refreshCurrentFragment() ] - Current tag is ÊàëÁöÑ,PersonalFragment{f3accc8 #2 id=0x7f0d0299 ÊàëÁöÑ},mainRefreshType:1

03-30 10:43:38.381 19885 19885 D HomeMate: comm[ main: PersonalFragment.java:204 refresh() ] - refresh()-appUserName:15079034630@126.com,userId:91a31ba24648493aad89636922662c04

03-30 10:43:38.383 19885 19885 D HomeMate: comm[ main: PersonalFragment.java:206 refresh() ] - refresh(0)-account:Account{userId='91a31ba24648493aad89636922662c04', familyId='null', password='E10ADC3949BA59ABBE56E057F20F883E', phone='', email='15079034630@126.com', userType=0, registerType=0, idc=0, country='null', state='null', city='null'} BaseBo{delFlag=0, updateTime='1490702387000', createTime='1490603889000', updateTimeSec=0, uid='null', userName='ahdhhddhhd'}

03-30 10:43:38.386 19885 19885 D HomeMate: comm[ main: GetAccountIcon.java:39 startGetAccountIcon() ] - params:source=ZhiJia365&sessionId=5067b93bd43f431ea4749f57a1814837&userName=15079034630@126.com

03-30 10:43:38.389 19885 19885 D HomeMate: comm[ main: ADCache.java:50 getADInfo() ] - adInfoJson:{"errorMessage":"check gateway fail","updateTime":0,"isTarget":false,"errorCode":0,"image":null,"showAdv":false,"serial":"1b0497c6d2b14834a2f29088b9b5b0fb","url":null}

03-30 10:43:38.393 19885 19885 D HomeMate: comm[ main: ADModel.java:186 parseADInfoJson() ] - adInfo:ADInfo{, showAdv=false, errorCode=0, errorMessage='check gateway fail', image='null', url='null', isTarget=false, updateTime=0}

03-30 10:43:38.395 19885 19885 D HomeMate: comm[ main: PersonalFragment.java:144 setHubView() ] - hub uid :[007e56121206]

03-30 10:43:38.397 19885 20131 D FeedbackAPI: sign before:appkey=23256401&deviceId=WJfwe+sntC4DAAdSBLpxQDCW

03-30 10:43:38.399 19885 20131 D FeedbackAPI : sign after:e469344ba86f5f3f88c8fd188558071e8ce8dba2

03-30 10:43:38.417 19885 19885 V AsyncHttpRH: Progress 129 from 1 (12900%)

03-30 10:43:38.418 19885 19885 I HomeMate: comm[ main: GetAccountIcon.java:44 onSuccess() ] - {"errorMessage":"ÊàêÂäü","file":"https://homemate.orvibo.com/images/20170328/b1c9f1c967da46dfa5aa9d21991fb39f.jpg","errorCode":0}

03-30 10:43:38.418 19885 19885 I HomeMate: comm[ main: GetAccountIcon.java:63 onSuccess() ] - ÊàêÂäü

03-30 10:43:38.418 19885 19885 D HomeMate: comm[ main: PersonalFragment.java:397 onGetAccountIconResult() ] - 

03-30 10:43:38.494  3745  3745 D wpa_supplicant: nl80211: Event message available

03-30 10:43:38.494  3745  3745 D wpa_supplicant: nl80211: Drv Event 34 (NL80211_CMD_NEW_SCAN_RESULTS) received for wlan0

03-30 10:43:38.494  3745  3745 D wpa_supplicant: wlan0: nl80211: New scan results available

03-30 10:43:38.494  3745  3745 D wpa_supplicant: nl80211: Scan included frequencies: 2412 2417 2422 2427 2432 2437 2442 2447 2452 2457 2462 2467 2472 5180 5200 5220 5240 5260 5280 5300 5320 5745 5765 5785 5805 5825

03-30 10:43:38.495  3745  3745 D wpa_supplicant: wlan0: Event SCAN_RESULTS (3) received

03-30 10:43:38.495  3745  3745 D wpa_supplicant: wlan0: Scan completed in 2.274458 seconds

03-30 10:43:38.495  3745  3745 D wpa_supplicant: nl80211: Associated on 5280 MHz

03-30 10:43:38.495  3745  3745 D wpa_supplicant: nl80211: Associated with cc:81:da:9c:13:28

03-30 10:43:38.496  3745  3745 D wpa_supplicant: nl80211: Received scan results (34 BSSes)

03-30 10:43:38.497  3745  3745 D wpa_supplicant: nl80211: Scan results indicate BSS status with cc:81:da:9c:13:28 as associated

03-30 10:43:38.497  3745  3745 D wpa_supplicant: wlan0: BSS: Start scan result update 5274

03-30 10:43:38.498  3745  3745 D wpa_supplicant: wlan0: BSS: Add new id 8632 BSSID e0:10:7f:4b:eb:b8 SSID 'WX-ORVIBO-Guest'

03-30 10:43:38.498  3745  3745 D wpa_supplicant: CTRL-DEBUG: ctrl_sock-sendmsg: sock=11 sndbuf=163840 outq=0 send_len=43

03-30 10:43:38.498  3745  3745 D wpa_supplicant: CTRL_IFACE monitor sent successfully to /data/misc/wifi/sockets/wpa_ctrl_2044-2\x00

03-30 10:43:38.498  3745  3745 D wpa_supplicant: wlan0: BSS: Add new id 8633 BSSID e0:10:7f:0b:eb:b8 SSID 'ORVIBO'

03-30 10:43:38.499  3745  3745 D wpa_supplicant: CTRL-DEBUG: ctrl_sock-sendmsg: sock=11 sndbuf=163840 outq=0 send_len=43

03-30 10:43:38.499  3745  3745 D wpa_supplicant: CTRL_IFACE monitor sent successfully to /data/misc/wifi/sockets/wpa_ctrl_2044-2\x00

03-30 10:43:38.499  3745  3745 D wpa_supplicant: wlan0: BSS: Add new id 8634 BSSID e0:10:7f:0b:ea:08 SSID 'ORVIBO'

03-30 10:43:38.499  3745  3745 D wpa_supplicant: CTRL-DEBUG: ctrl_sock-sendmsg: sock=11 sndbuf=163840 outq=448 send_len=43

03-30 10:43:38.500  3745  3745 D wpa_supplicant: CTRL_IFACE monitor sent successfully to /data/misc/wifi/sockets/wpa_ctrl_2044-2\x00

03-30 10:43:38.500  3745  3745 D wpa_supplicant: wlan0: BSS: Remove id 8629 BSSID d4:ee:07:3f:27:1c SSID 'zhanting' due to no match in scan

03-30 10:43:38.500  3745  3745 D wpa_supplicant: CTRL-DEBUG: ctrl_sock-sendmsg: sock=11 sndbuf=163840 outq=0 send_len=45

03-30 10:43:38.501  3745  3745 D wpa_supplicant: CTRL_IFACE monitor sent successfully to /data/misc/wifi/sockets/wpa_ctrl_2044-2\x00

03-30 10:43:38.501  3745  3745 D wpa_supplicant: BSS: last_scan_res_used=34/64

03-30 10:43:38.501  3745  3745 D wpa_supplicant: wlan0: Scan-only results received

03-30 10:43:38.501  3745  3745 D wpa_supplicant: CTRL-DEBUG: ctrl_sock-sendmsg: sock=11 sndbuf=163840 outq=0 send_len=24

03-30 10:43:38.508  3745  3745 D wpa_supplicant: CTRL_IFACE monitor sent successfully to /data/misc/wifi/sockets/wpa_ctrl_2044-2\x00

03-30 10:43:38.508  3745  3745 D wpa_supplicant: wlan0: Radio work 'scan'@0xb68d9398 done in 2.289724 seconds

03-30 10:43:38.508  3745  3745 D wpa_supplicant: RTM_NEWLINK: ifi_index=22 ifname=wlan0 wext ifi_family=0 ifi_flags=0x11043 ([UP][RUNNING][LOWER_UP])

03-30 10:43:38.512  3745  3745 D wpa_supplicant: CTRL-DEBUG: global_ctrl_sock-sendto: sock=11 sndbuf=163840 outq=0 send_len=3529

03-30 10:43:38.514  3745  3745 D wpa_supplicant: CTRL-DEBUG: global_ctrl_sock-sendto: sock=11 sndbuf=163840 outq=0 send_len=3598

03-30 10:43:38.517  3745  3745 D wpa_supplicant: CTRL-DEBUG: global_ctrl_sock-sendto: sock=11 sndbuf=163840 outq=0 send_len=3955

03-30 10:43:38.520  3745  3745 D wpa_supplicant: CTRL-DEBUG: global_ctrl_sock-sendto: sock=11 sndbuf=163840 outq=0 send_len=3915

03-30 10:43:38.522  3745  3745 D wpa_supplicant: CTRL-DEBUG: global_ctrl_sock-sendto: sock=11 sndbuf=163840 outq=0 send_len=3846

03-30 10:43:38.524  3745  3745 D wpa_supplicant: CTRL-DEBUG: global_ctrl_sock-sendto: sock=11 sndbuf=163840 outq=0 send_len=3503

03-30 10:43:38.545  3745  3745 D wpa_supplicant: EAPOL: EAP Session-Id not available

03-30 10:43:38.545  3745  3745 D wpa_supplicant: CTRL-DEBUG: global_ctrl_sock-sendto: sock=11 sndbuf=163840 outq=0 send_len=279

03-30 10:43:38.551 19885 20131 D HomeMate: hank[ Thread-44619: FeedBackService.java:94 onSuccess() ] - FeedbackAPI unreadCount:18

03-30 10:43:38.552  2044  2078 I WhetstoneClientManager: pid = 2465, uid = 10144 is frozen, not allowed Broadcast

03-30 10:43:38.552 19885 19885 D HomeMate: comm[ main: MainActivity.java:176 setTabReadTip() ] - showRedTip:true,position:3

03-30 10:43:38.552  2044  2078 V BroadcastQueueInjector: Skipping BroadcastRecord{d89e7b1 u-1 android.net.wifi.SCAN_RESULTS} to ProcessRecord{8fb4531 2465:com.tencent.android.qqdownloader:daemon/u0a144}

03-30 10:43:38.552  2044  2078 D Whetstone-FW: MiuiLog-Whetstone-BroadcastControl BroadcastRecord{d89e7b1 u-1 android.net.wifi.SCAN_RESULTS} is discarded

03-30 10:43:38.563  4229 29044 I StepsProvider: Steps Provider Query

03-30 10:43:38.701  6151  6186 I octvm_klo: read wakeups from wakealarm_fd:1

03-30 10:43:38.701  6151  6186 I octvm_klo: new timerfd interval:

03-30 10:43:38.701  6151  6186 I octvm_klo: 	itval.it_interval.tv_sec 1, itval.it_interval.tv_nsec 0

03-30 10:43:38.701  6151  6186 I octvm_klo: 	itval.it_value.tv_sec 0, itval.it_value.tv_nsec 999991615

03-30 10:43:38.777   379   493 I ThermalEngine: Sensor:batt_temp:361 mC

03-30 10:43:39.003   379   472 I ThermalEngine: Sensor:tsens_tz_sensor5:50000 mC

03-30 10:43:39.005   379   516 I ThermalEngine: Sensor:tsens_tz_sensor5:50000 mC

03-30 10:43:39.005   379   516 I ThermalEngine: TM Id 'CPU0_MONITOR' Sensor 'cpu0' - alarm cleared 1 at 50.0 degC

03-30 10:43:39.007   379   516 I ThermalEngine: ACTION: CPU - Setting CPU[0] to 2457600

03-30 10:43:39.008   379   516 I ThermalEngine: Mitigation:CPU[0]:2457600 Khz

03-30 10:43:39.008   379   516 I ThermalEngine: ACTION: CPU - Setting CPU[1] to 2457600

03-30 10:43:39.008   379   516 E ThermalEngine: Failed to set desired CPU[1] frequency limit to 2457600

03-30 10:43:39.009   379   516 I ThermalEngine: ACTION: CPU - Setting CPU[2] to 2457600

03-30 10:43:39.009   379   516 E ThermalEngine: Failed to set desired CPU[2] frequency limit to 2457600

03-30 10:43:39.009   379   516 I ThermalEngine: ACTION: CPU - Setting CPU[3] to 2457600

03-30 10:43:39.010   379   516 I ThermalEngine: Mitigation:CPU[3]:2457600 Khz

03-30 10:43:39.237 19833 19833 I QueryController: Matched selector: UiSelector[TEXT=ÊèêÈÜíËÆæÁΩÆ] <<==>> [android.view.accessibility.AccessibilityNodeInfo@80052be6; boundsInParent: Rect(0, 0 - 176, 59); boundsInScreen: Rect(176, 962 - 352, 1021); packageName: com.orvibo.homemate; className: android.widget.TextView; text: ÊèêÈÜíËÆæÁΩÆ; error: null; maxTextLength: -1; contentDescription: null; viewIdResName: null; checkable: false; checked: false; focusable: false; focused: false; selected: false; clickable: false; longClickable: false; contextClickable: false; enabled: true; password: false; scrollable: false; actions: [AccessibilityAction: ACTION_SELECT - null, AccessibilityAction: ACTION_CLEAR_SELECTION - null, AccessibilityAction: ACTION_ACCESSIBILITY_FOCUS - null, AccessibilityAction: ACTION_NEXT_AT_MOVEMENT_GRANULARITY - null, AccessibilityAction: ACTION_PREVIOUS_AT_MOVEMENT_GRANULARITY - null, AccessibilityAction: ACTION_SET_SELECTION - null, AccessibilityAction: ACTION_UNKNOWN - null]]

03-30 10:43:39.255  4513  4642 W Metok_Tag: < metok_app > invalid network operator 

03-30 10:43:39.284 19833 19833 I QueryController: Matched selector: UiSelector[TEXT=ÊèêÈÜíËÆæÁΩÆ] <<==>> [android.view.accessibility.AccessibilityNodeInfo@80052be6; boundsInParent: Rect(0, 0 - 176, 59); boundsInScreen: Rect(176, 962 - 352, 1021); packageName: com.orvibo.homemate; className: android.widget.TextView; text: ÊèêÈÜíËÆæÁΩÆ; error: null; maxTextLength: -1; contentDescription: null; viewIdResName: null; checkable: false; checked: false; focusable: false; focused: false; selected: false; clickable: false; longClickable: false; contextClickable: false; enabled: true; password: false; scrollable: false; actions: [AccessibilityAction: ACTION_SELECT - null, AccessibilityAction: ACTION_CLEAR_SELECTION - null, AccessibilityAction: ACTION_ACCESSIBILITY_FOCUS - null, AccessibilityAction: ACTION_NEXT_AT_MOVEMENT_GRANULARITY - null, AccessibilityAction: ACTION_PREVIOUS_AT_MOVEMENT_GRANULARITY - null, AccessibilityAction: ACTION_SET_SELECTION - null, AccessibilityAction: ACTION_UNKNOWN - null]]

03-30 10:43:39.292 19833 19833 D InteractionController: clickAndSync(264, 991)

03-30 10:43:39.303  4513  4642 W Metok_Tag: < metok_app > invalid network operator 

03-30 10:43:39.423 19885 19885 I Timeline: Timeline: Activity_launch_request time:337910203

03-30 10:43:39.440  2044  4245 I ActivityManager: START u0 {cmp=com.orvibo.homemate/.message.MessageSettingActivity} from uid 10143 on display 0

03-30 10:43:39.449  4229  4367 D WtProcessController: onAMCreateActivity callback

03-30 10:43:39.457  4229  4367 D WtProcessController: onAMPauseActivity callback

03-30 10:43:39.499 19885 19885 D UTAnalytics:UTDC: pid:19885 [commit] page:Main,eventId:2001,arg1:Launch,arg2:arg3:4057,args:{SDKTYPE=mini},

03-30 10:43:39.508 19885 19885 D UTAnalytics:UTLog: pid:19885 Log [id=0, eventId=2001, index=],867451020054497||460015796275061||Xiaomi||MI NOTE LTE||1920*1080||Unknown||Wi-Fi||Unknown||null||23256401||2.3.0.300||-||-||-||-||zh||a||6.0.1||2.5.1_for_bc||1490841812956||WJfwe+sntC4DAAdSBLpxQDCW||mini||-||-||-||-||_ap=1_mac=02:00:00:00:00:00||1490841819499||Main||2001||Launch||-||4057||-,

03-30 10:43:39.508 19885 19885 D UTAnalytics:LogStoreMgr: pid:19885 [add] :,

03-30 10:43:39.514 19885 20141 D HomeMate: comm[ AsyncTask #1: OrviboUpdateAgent.java:259 doInBackground() ] - result =Ôªø{  "oldVersion": 90,  "day": "7",  "version": 22000302 ,  "name": "HomeMate",  "packagename":"com.orvibo.homemate",  "url": "http://firmware.orvibo.com/androidapk/homemate.apk",  "message": "‰øÆÂ§çBUGÔºåÊèêÂçáÁ®≥ÂÆöÊ?ß„??",  "message_en": "Bug fixes and overall performance improvements.",  "size": ""}

03-30 10:43:39.517 19885 19885 D HomeMate: comm[ main: BaseActivity.java:198 onPause() ] - MainActivity

03-30 10:43:39.521  4229  4367 D WtProcessController: onAMRestartActivity callback

03-30 10:43:39.523  2044  4123 I Timeline: Timeline: App_transition_ready time:337910303

03-30 10:43:39.531 19885 19885 E HomeMate: comm[ main: OrviboUpdateAgent.java:311 onPostExecute() ] - localVersionCode=23000300

03-30 10:43:39.532 19885 19885 D HomeMate: comm[ main: MainPresenter.java:331 onUpdateReturned() ] - isCanUpdate:false,responseInfos:{packagename=com.orvibo.homemate, oldVersion=90, size=, url=http://firmware.orvibo.com/androidapk/homemate.apk, version=22000302, name=HomeMate, day=7, message=‰øÆÂ§çBUGÔºåÊèêÂçáÁ®≥ÂÆöÊ?ß„??, message_en=Bug fixes and overall performance improvements.}

03-30 10:43:39.532 19885 19885 D HomeMate: comm[ main: MainActivity.java:176 setTabReadTip() ] - showRedTip:false,position:3

03-30 10:43:39.540 19885 19885 D HomeMate: comm[ main: BaseActivity.java:127 onCreate() ] - onCreate:MessageSettingActivity

03-30 10:43:39.540 19885 19885 D HomeMate: allen[ main: ActivityManager.java:47 pushActivity() ] - pushActivity:com.orvibo.homemate.message.MessageSettingActivity@f2e2e34

03-30 10:43:39.578 19885 19885 D HomeMate: allen[ main: MessageSettingActivity.java:55 refreshMessageSetting() ] - refreshMessageSetting isLogintrue

03-30 10:43:39.586 19885 19885 D HomeMate: comm[ main: BaseActivity.java:154 onResume() ] - MessageSettingActivity

03-30 10:43:39.589  4104  4104 W Binder_7: type=1400 audit(0.0:55206407): avc: denied { ioctl } for path="socket:[12162711]" dev="sockfs" ino=12162711 ioctlcmd=7704 scontext=u:r:system_server:s0 tcontext=u:r:system_server:s0 tclass=unix_stream_socket permissive=0

03-30 10:43:39.589  4104  4104 W Binder_7: type=1400 audit(0.0:55206408): avc: denied { ioctl } for path="socket:[12162711]" dev="sockfs" ino=12162711 ioctlcmd=7704 scontext=u:r:system_server:s0 tcontext=u:r:system_server:s0 tclass=unix_stream_socket permissive=0

03-30 10:43:39.592 19885 19885 D ActivityThreadInjector: clearCachedDrawables.

03-30 10:43:39.612  2044  4245 I Timeline: Timeline: App_transition_ready time:337910393

03-30 10:43:39.615  2044  4245 I Timeline: Timeline: App_transition_ready time:337910395

03-30 10:43:39.634  2044  2115 I Timeline: Timeline: App_transition_ready time:337910414

03-30 10:43:39.629  4123  4123 W Binder_8: type=1400 audit(0.0:55206409): avc: denied { ioctl } for path="socket:[12163746]" dev="sockfs" ino=12163746 ioctlcmd=7704 scontext=u:r:system_server:s0 tcontext=u:r:system_server:s0 tclass=unix_stream_socket permissive=0

03-30 10:43:39.637  2044  2115 I ActivityManager: Displayed com.orvibo.homemate/.message.MessageSettingActivity: +118ms

03-30 10:43:39.629  4123  4123 W Binder_8: type=1400 audit(0.0:55206410): avc: denied { ioctl } for path="socket:[12163746]" dev="sockfs" ino=12163746 ioctlcmd=7704 scontext=u:r:system_server:s0 tcontext=u:r:system_server:s0 tclass=unix_stream_socket permissive=0

03-30 10:43:39.638  3746  3746 V PhoneStatusBarPolicy: updateManagedProfile mManagedProfileFocused: false mKeyguardVisible: false mCurrentUserId:0 mCurrentProfileId:0 mSecondSpaceStatusIconVisible: true showIcon:false

03-30 10:43:39.639 28253 28253 I AppiumUnicodeIME: onFinishInput

03-30 10:43:39.640 28253 28253 I AppiumUnicodeIME: onStartInput

03-30 10:43:39.657 19885 19980 D OpenGLRenderer: endAllStagingAnimators on 0x9fbaf700 (RippleDrawable) with handle 0x9fc74c10

03-30 10:43:39.701  6151  6186 I octvm_klo: read wakeups from wakealarm_fd:1

03-30 10:43:39.701  6151  6186 I octvm_klo: new timerfd interval:

03-30 10:43:39.701  6151  6186 I octvm_klo: 	itval.it_interval.tv_sec 1, itval.it_interval.tv_nsec 0

03-30 10:43:39.701  6151  6186 I octvm_klo: 	itval.it_value.tv_sec 0, itval.it_value.tv_nsec 999997708

03-30 10:43:39.778   379   493 I ThermalEngine: Sensor:batt_temp:361 mC

03-30 10:43:39.917  2044  2115 I Timeline: Timeline: Activity_windows_visible id: ActivityRecord{c35c496 u0 com.orvibo.homemate/.message.MessageSettingActivity t17545} time:337910697

03-30 10:43:39.919  2044  2115 I Timeline: Timeline: App_transition_stopped time:337910699

03-30 10:43:39.936 19885 19885 D HomeMate: comm[ main: BaseActivity.java:215 onStop() ] - MainActivity

03-30 10:43:40.068  2044  3620 D WifiStateMachine: starting scan for "56.1_neiwang"-WPA_PSK with 5280,2412

03-30 10:43:40.068  3745  3745 D wpa_supplicant: wlan0: Control interface command 'SCAN TYPE=ONLY freq=5280,2412'

03-30 10:43:40.069  3745  3745 D wpa_supplicant: wlan0: Setting scan request: 0.000000 sec

03-30 10:43:40.069  3745  3745 D wpa_supplicant: CTRL-DEBUG: global_ctrl_sock-sendto: sock=11 sndbuf=163840 outq=0 send_len=3

03-30 10:43:40.069  3745  3745 D wpa_supplicant: wlan0: Starting AP scan for wildcard SSID

03-30 10:43:40.069  3745  3745 D wpa_supplicant: wlan0: Limit manual scan to specified channels

03-30 10:43:40.069  3745  3745 D wpa_supplicant: wlan0: Add radio work 'scan'@0xb68d9398

03-30 10:43:40.069  3745  3745 D wpa_supplicant: wlan0: First radio work item in the queue - schedule start immediately

03-30 10:43:40.069  3745  3745 D wpa_supplicant: wlan0: Starting radio work 'scan'@0xb68d9398 after 0.000049 second wait

03-30 10:43:40.069  3745  3745 D wpa_supplicant: wlan0: nl80211: scan request

03-30 10:43:40.069  3745  3745 D wpa_supplicant: nl80211: Scan SSID - hexdump(len=0): [NULL]

03-30 10:43:40.069  3745  3745 D wpa_supplicant: nl80211: Scan extra IEs - hexdump(len=7): 7f 05 00 00 0a 02 01

03-30 10:43:40.069  3745  3745 D wpa_supplicant: nl80211: Scan frequency 2412 MHz

03-30 10:43:40.069  3745  3745 D wpa_supplicant: nl80211: Scan frequency 5280 MHz

03-30 10:43:40.074  3745  3745 D wpa_supplicant: Scan requested (ret=0) - scan timeout 30 seconds

03-30 10:43:40.074  3745  3745 D wpa_supplicant: nl80211: Event message available

03-30 10:43:40.074  3745  3745 D wpa_supplicant: nl80211: Drv Event 33 (NL80211_CMD_TRIGGER_SCAN) received for wlan0

03-30 10:43:40.074  3745  3745 D wpa_supplicant: wlan0: nl80211: Scan trigger

03-30 10:43:40.074  3745  3745 D wpa_supplicant: wlan0: Event SCAN_STARTED (47) received

03-30 10:43:40.074  3745  3745 D wpa_supplicant: wlan0: Own scan request started a scan in 0.000132 seconds

03-30 10:43:40.074  3745  3745 D wpa_supplicant: CTRL-DEBUG: ctrl_sock-sendmsg: sock=11 sndbuf=163840 outq=448 send_len=24

03-30 10:43:40.074  3745  3745 D wpa_supplicant: CTRL_IFACE monitor sent successfully to /data/misc/wifi/sockets/wpa_ctrl_2044-2\x00

03-30 10:43:40.180  3745  3745 D wpa_supplicant: wlan0: Control interface command 'SIGNAL_POLL'

03-30 10:43:40.198  3745  3745 D wpa_supplicant: CTRL-DEBUG: global_ctrl_sock-sendto: sock=11 sndbuf=163840 outq=0 send_len=49

03-30 10:43:40.198  3745  3745 D wpa_supplicant: nl80211: Event message available

03-30 10:43:40.199  3745  3745 D wpa_supplicant: nl80211: Drv Event 34 (NL80211_CMD_NEW_SCAN_RESULTS) received for wlan0

03-30 10:43:40.199  3745  3745 D wpa_supplicant: wlan0: nl80211: New scan results available

03-30 10:43:40.199  3745  3745 D wpa_supplicant: nl80211: Scan included frequencies: 2412 5280

03-30 10:43:40.199  3745  3745 D wpa_supplicant: wlan0: Event SCAN_RESULTS (3) received

03-30 10:43:40.199  3745  3745 D wpa_supplicant: wlan0: Scan completed in 0.125346 seconds

03-30 10:43:40.200  3745  3745 D wpa_supplicant: nl80211: Associated on 5280 MHz

03-30 10:43:40.200  3745  3745 D wpa_supplicant: nl80211: Associated with cc:81:da:9c:13:28

03-30 10:43:40.220  3745  3745 D wpa_supplicant: nl80211: Received scan results (35 BSSes)

03-30 10:43:40.220  3745  3745 D wpa_supplicant: nl80211: Scan results indicate BSS status with cc:81:da:9c:13:28 as associated

03-30 10:43:40.221  3745  3745 D wpa_supplicant: wlan0: BSS: Start scan result update 5275

03-30 10:43:40.225  3745  3745 D wpa_supplicant: wlan0: BSS: Add new id 8635 BSSID 20:a6:80:6c:2d:c0 SSID 'HUAWEI'

03-30 10:43:40.225  3745  3745 D wpa_supplicant: CTRL-DEBUG: ctrl_sock-sendmsg: sock=11 sndbuf=163840 outq=0 send_len=43

03-30 10:43:40.229  3745  3745 D wpa_supplicant: CTRL_IFACE monitor sent successfully to /data/misc/wifi/sockets/wpa_ctrl_2044-2\x00

03-30 10:43:40.231  3745  3745 D wpa_supplicant: BSS: last_scan_res_used=35/64

03-30 10:43:40.231  3745  3745 D wpa_supplicant: wlan0: Scan-only results received

03-30 10:43:40.231  3745  3745 D wpa_supplicant: CTRL-DEBUG: ctrl_sock-sendmsg: sock=11 sndbuf=163840 outq=0 send_len=24

03-30 10:43:40.235  3745  3745 D wpa_supplicant: CTRL_IFACE monitor sent successfully to /data/misc/wifi/sockets/wpa_ctrl_2044-2\x00

03-30 10:43:40.235  3745  3745 D wpa_supplicant: wlan0: Radio work 'scan'@0xb68d9398 done in 0.166260 seconds

03-30 10:43:40.235  3745  3745 D wpa_supplicant: RTM_NEWLINK: ifi_index=22 ifname=wlan0 wext ifi_family=0 ifi_flags=0x11043 ([UP][RUNNING][LOWER_UP])

03-30 10:43:40.242  3745  3745 D wpa_supplicant: CTRL-DEBUG: global_ctrl_sock-sendto: sock=11 sndbuf=163840 outq=0 send_len=3529

03-30 10:43:40.252  3745  3745 D wpa_supplicant: CTRL-DEBUG: global_ctrl_sock-sendto: sock=11 sndbuf=163840 outq=0 send_len=3598

03-30 10:43:40.257  3745  3745 D wpa_supplicant: CTRL-DEBUG: global_ctrl_sock-sendto: sock=11 sndbuf=163840 outq=0 send_len=3955

03-30 10:43:40.264  3745  3745 D wpa_supplicant: CTRL-DEBUG: global_ctrl_sock-sendto: sock=11 sndbuf=163840 outq=0 send_len=3915

03-30 10:43:40.267  3745  3745 D wpa_supplicant: CTRL-DEBUG: global_ctrl_sock-sendto: sock=11 sndbuf=163840 outq=0 send_len=3846

03-30 10:43:40.270  3745  3745 D wpa_supplicant: CTRL-DEBUG: global_ctrl_sock-sendto: sock=11 sndbuf=163840 outq=0 send_len=3503

03-30 10:43:40.272  3745  3745 D wpa_supplicant: CTRL-DEBUG: global_ctrl_sock-sendto: sock=11 sndbuf=163840 outq=0 send_len=1114

03-30 10:43:40.294  3745  3745 D wpa_supplicant: EAPOL: EAP Session-Id not available

03-30 10:43:40.294  3745  3745 D wpa_supplicant: CTRL-DEBUG: global_ctrl_sock-sendto: sock=11 sndbuf=163840 outq=0 send_len=279

03-30 10:43:40.701  6151  6186 I octvm_klo: read wakeups from wakealarm_fd:1

03-30 10:43:40.701  6151  6186 I octvm_klo: new timerfd interval:

03-30 10:43:40.701  6151  6186 I octvm_klo: 	itval.it_interval.tv_sec 1, itval.it_interval.tv_nsec 0

03-30 10:43:40.701  6151  6186 I octvm_klo: 	itval.it_value.tv_sec 0, itval.it_value.tv_nsec 999989427

03-30 10:43:40.775 19833 19833 I QueryController: Matched selector: UiSelector[TEXT=ÂÆöÊó∂ÊâßË°åÊèêÈÜí] <<==>> [android.view.accessibility.AccessibilityNodeInfo@8005d113; boundsInParent: Rect(0, 0 - 1080, 132); boundsInScreen: Rect(0, 234 - 1080, 366); packageName: com.orvibo.homemate; className: android.widget.TextView; text: ÂÆöÊó∂ÊâßË°åÊèêÈÜí; error: null; maxTextLength: -1; contentDescription: null; viewIdResName: null; checkable: false; checked: false; focusable: false; focused: false; selected: false; clickable: false; longClickable: false; contextClickable: false; enabled: true; password: false; scrollable: false; actions: [AccessibilityAction: ACTION_SELECT - null, AccessibilityAction: ACTION_CLEAR_SELECTION - null, AccessibilityAction: ACTION_ACCESSIBILITY_FOCUS - null, AccessibilityAction: ACTION_NEXT_AT_MOVEMENT_GRANULARITY - null, AccessibilityAction: ACTION_PREVIOUS_AT_MOVEMENT_GRANULARITY - null, AccessibilityAction: ACTION_SET_SELECTION - null, AccessibilityAction: ACTION_UNKNOWN - null]]

03-30 10:43:40.779   379   493 I ThermalEngine: Sensor:batt_temp:360 mC

