03-30 10:35:27.545  6151  6186 I octvm_klo: 	itval.it_value.tv_sec 0, itval.it_value.tv_nsec 999995417

03-30 10:35:27.839 25810 25810 W AppWatcher: type=1400 audit(0.0:55185522): avc: denied { getattr } for path="/proc/opalum-temp-calib" dev="proc" ino=4026534631 scontext=u:r:untrusted_app:s0:c512,c768 tcontext=u:object_r:proc_opalum:s0 tclass=file permissive=0

03-30 10:35:27.839 25810 25810 W AppWatcher: type=1400 audit(0.0:55185523): avc: denied { getattr } for path="/proc/opalum-f0-calib" dev="proc" ino=4026534630 scontext=u:r:untrusted_app:s0:c512,c768 tcontext=u:object_r:proc_opalum:s0 tclass=file permissive=0

03-30 10:35:27.849 25810 25810 W AppWatcher: type=1400 audit(0.0:55185524): avc: denied { getattr } for path="/proc/sysrq-trigger" dev="proc" ino=4026533735 scontext=u:r:untrusted_app:s0:c512,c768 tcontext=u:object_r:proc_sysrq:s0 tclass=file permissive=0

03-30 10:35:27.849 25810 25810 W AppWatcher: type=1400 audit(0.0:55185525): avc: denied { getattr } for path="/proc/1" dev="proc" ino=11921139 scontext=u:r:untrusted_app:s0:c512,c768 tcontext=u:r:init:s0 tclass=dir permissive=0

03-30 10:35:27.859 25810 25810 W AppWatcher: type=1400 audit(0.0:55185526): avc: denied { getattr } for path="/proc/2" dev="proc" ino=11961941 scontext=u:r:untrusted_app:s0:c512,c768 tcontext=u:r:kernel:s0 tclass=dir permissive=0

03-30 10:35:27.859 25810 25810 W AppWatcher: type=1400 audit(0.0:55185527): avc: denied { getattr } for path="/proc/3" dev="proc" ino=11961942 scontext=u:r:untrusted_app:s0:c512,c768 tcontext=u:r:kernel:s0 tclass=dir permissive=0

03-30 10:35:27.859 25810 25810 W AppWatcher: type=1400 audit(0.0:55185528): avc: denied { getattr } for path="/proc/6" dev="proc" ino=11961943 scontext=u:r:untrusted_app:s0:c512,c768 tcontext=u:r:kernel:s0 tclass=dir permissive=0

03-30 10:35:27.859 25810 25810 W AppWatcher: type=1400 audit(0.0:55185529): avc: denied { getattr } for path="/proc/7" dev="proc" ino=11961944 scontext=u:r:untrusted_app:s0:c512,c768 tcontext=u:r:kernel:s0 tclass=dir permissive=0

03-30 10:35:27.859 25810 25810 W AppWatcher: type=1400 audit(0.0:55185530): avc: denied { getattr } for path="/proc/8" dev="proc" ino=11961945 scontext=u:r:untrusted_app:s0:c512,c768 tcontext=u:r:kernel:s0 tclass=dir permissive=0

03-30 10:35:27.859 25810 25810 W AppWatcher: type=1400 audit(0.0:55185531): avc: denied { getattr } for path="/proc/21" dev="proc" ino=11961946 scontext=u:r:untrusted_app:s0:c512,c768 tcontext=u:r:kernel:s0 tclass=dir permissive=0

03-30 10:35:27.859 25810 25810 W AppWatcher: type=1400 audit(0.0:55185532): avc: denied { getattr } for path="/proc/22" dev="proc" ino=11961947 scontext=u:r:untrusted_app:s0:c512,c768 tcontext=u:r:kernel:s0 tclass=dir permissive=0

03-30 10:35:27.859 25810 25810 W AppWatcher: type=1400 audit(0.0:55185533): avc: denied { getattr } for path="/proc/28" dev="proc" ino=11961948 scontext=u:r:untrusted_app:s0:c512,c768 tcontext=u:r:kernel:s0 tclass=dir permissive=0

03-30 10:35:27.869 25810 25810 W AppWatcher: type=1400 audit(0.0:55185534): avc: denied { getattr } for path="/proc/29" dev="proc" ino=11961949 scontext=u:r:untrusted_app:s0:c512,c768 tcontext=u:r:kernel:s0 tclass=dir permissive=0

03-30 10:35:27.869 25810 25810 W AppWatcher: type=1400 audit(0.0:55185535): avc: denied { getattr } for path="/proc/30" dev="proc" ino=11961950 scontext=u:r:untrusted_app:s0:c512,c768 tcontext=u:r:kernel:s0 tclass=dir permissive=0

03-30 10:35:27.869 25810 25810 W AppWatcher: type=1400 audit(0.0:55185536): avc: denied { getattr } for path="/proc/32" dev="proc" ino=11961951 scontext=u:r:untrusted_app:s0:c512,c768 tcontext=u:r:kernel:s0 tclass=dir permissive=0

03-30 10:35:27.869 25810 25810 W AppWatcher: type=1400 audit(0.0:55185537): avc: denied { getattr } for path="/proc/33" dev="proc" ino=11961952 scontext=u:r:untrusted_app:s0:c512,c768 tcontext=u:r:kernel:s0 tclass=dir permissive=0

03-30 10:35:27.869 25810 25810 W AppWatcher: type=1400 audit(0.0:55185538): avc: denied { getattr } for path="/proc/34" dev="proc" ino=11961953 scontext=u:r:untrusted_app:s0:c512,c768 tcontext=u:r:kernel:s0 tclass=dir permissive=0

03-30 10:35:27.879 25810 25810 W AppWatcher: type=1400 audit(0.0:55185539): avc: denied { getattr } for path="/proc/61" dev="proc" ino=11961954 scontext=u:r:untrusted_app:s0:c512,c768 tcontext=u:r:kernel:s0 tclass=dir permissive=0

03-30 10:35:27.879 25810 25810 W AppWatcher: type=1400 audit(0.0:55185540): avc: denied { getattr } for path="/proc/62" dev="proc" ino=11961955 scontext=u:r:untrusted_app:s0:c512,c768 tcontext=u:r:kernel:s0 tclass=dir permissive=0

03-30 10:35:27.879 25810 25810 W AppWatcher: type=1400 audit(0.0:55185541): avc: denied { getattr } for path="/proc/63" dev="proc" ino=11961956 scontext=u:r:untrusted_app:s0:c512,c768 tcontext=u:r:kernel:s0 tclass=dir permissive=0

03-30 10:35:28.102   379   493 I ThermalEngine: Sensor:batt_temp:349 mC

03-30 10:35:28.507  3745  3745 D wpa_supplicant: wlan0: Control interface command 'SIGNAL_POLL'

03-30 10:35:28.522  3745  3745 D wpa_supplicant: CTRL-DEBUG: global_ctrl_sock-sendto: sock=11 sndbuf=163840 outq=0 send_len=49

03-30 10:35:28.545  6151  6186 I octvm_klo: read wakeups from wakealarm_fd:1

03-30 10:35:28.545  6151  6186 I octvm_klo: new timerfd interval:

03-30 10:35:28.545  6151  6186 I octvm_klo: 	itval.it_interval.tv_sec 1, itval.it_interval.tv_nsec 0

03-30 10:35:28.545  6151  6186 I octvm_klo: 	itval.it_value.tv_sec 0, itval.it_value.tv_nsec 999996823

03-30 10:35:29.103   379   493 I ThermalEngine: Sensor:batt_temp:350 mC

03-30 10:35:29.545  6151  6186 I octvm_klo: read wakeups from wakealarm_fd:1

03-30 10:35:29.545  6151  6186 I octvm_klo: new timerfd interval:

03-30 10:35:29.545  6151  6186 I octvm_klo: 	itval.it_interval.tv_sec 1, itval.it_interval.tv_nsec 0

03-30 10:35:29.545  6151  6186 I octvm_klo: 	itval.it_value.tv_sec 0, itval.it_value.tv_nsec 999994947

03-30 10:35:30.104   379   493 I ThermalEngine: Sensor:batt_temp:349 mC

03-30 10:35:30.545  6151  6186 I octvm_klo: read wakeups from wakealarm_fd:1

03-30 10:35:30.546  6151  6186 I octvm_klo: new timerfd interval:

03-30 10:35:30.546  6151  6186 I octvm_klo: 	itval.it_interval.tv_sec 1, itval.it_interval.tv_nsec 0

03-30 10:35:30.546  6151  6186 I octvm_klo: 	itval.it_value.tv_sec 0, itval.it_value.tv_nsec 999995157

03-30 10:35:31.106   379   493 I ThermalEngine: Sensor:batt_temp:349 mC

03-30 10:35:31.525  3745  3745 D wpa_supplicant: wlan0: Control interface command 'SIGNAL_POLL'

03-30 10:35:31.540  3745  3745 D wpa_supplicant: CTRL-DEBUG: global_ctrl_sock-sendto: sock=11 sndbuf=163840 outq=0 send_len=49

03-30 10:35:31.546  6151  6186 I octvm_klo: read wakeups from wakealarm_fd:1

03-30 10:35:31.546  6151  6186 I octvm_klo: new timerfd interval:

03-30 10:35:31.546  6151  6186 I octvm_klo: 	itval.it_interval.tv_sec 1, itval.it_interval.tv_nsec 0

03-30 10:35:31.546  6151  6186 I octvm_klo: 	itval.it_value.tv_sec 0, itval.it_value.tv_nsec 999995782

03-30 10:35:32.107   379   493 I ThermalEngine: Sensor:batt_temp:349 mC

03-30 10:35:32.546  6151  6186 I octvm_klo: read wakeups from wakealarm_fd:1

03-30 10:35:32.547  6151  6186 I octvm_klo: new timerfd interval:

03-30 10:35:32.547  6151  6186 I octvm_klo: 	itval.it_interval.tv_sec 1, itval.it_interval.tv_nsec 0

03-30 10:35:32.547  6151  6186 I octvm_klo: 	itval.it_value.tv_sec 0, itval.it_value.tv_nsec 999997812

03-30 10:35:33.108   379   493 I ThermalEngine: Sensor:batt_temp:349 mC

03-30 10:35:33.547  6151  6186 I octvm_klo: read wakeups from wakealarm_fd:1

03-30 10:35:33.547  6151  6186 I octvm_klo: new timerfd interval:

03-30 10:35:33.547  6151  6186 I octvm_klo: 	itval.it_interval.tv_sec 1, itval.it_interval.tv_nsec 0

03-30 10:35:33.547  6151  6186 I octvm_klo: 	itval.it_value.tv_sec 0, itval.it_value.tv_nsec 999996250

03-30 10:35:34.109   379   493 I ThermalEngine: Sensor:batt_temp:348 mC

03-30 10:35:34.546  3745  3745 D wpa_supplicant: wlan0: Control interface command 'SIGNAL_POLL'

03-30 10:35:34.547  6151  6186 I octvm_klo: read wakeups from wakealarm_fd:1

03-30 10:35:34.547  6151  6186 I octvm_klo: new timerfd interval:

03-30 10:35:34.547  6151  6186 I octvm_klo: 	itval.it_interval.tv_sec 1, itval.it_interval.tv_nsec 0

03-30 10:35:34.547  6151  6186 I octvm_klo: 	itval.it_value.tv_sec 0, itval.it_value.tv_nsec 999996198

03-30 10:35:34.550  3745  3745 D wpa_supplicant: CTRL-DEBUG: global_ctrl_sock-sendto: sock=11 sndbuf=163840 outq=0 send_len=49

03-30 10:35:35.111   379   493 I ThermalEngine: Sensor:batt_temp:349 mC

03-30 10:35:35.547  6151  6186 I octvm_klo: read wakeups from wakealarm_fd:1

03-30 10:35:35.547  6151  6186 I octvm_klo: new timerfd interval:

03-30 10:35:35.547  6151  6186 I octvm_klo: 	itval.it_interval.tv_sec 1, itval.it_interval.tv_nsec 0

03-30 10:35:35.547  6151  6186 I octvm_klo: 	itval.it_value.tv_sec 0, itval.it_value.tv_nsec 999997396

03-30 10:35:36.112   379   493 I ThermalEngine: Sensor:batt_temp:349 mC

03-30 10:35:36.547  6151  6186 I octvm_klo: read wakeups from wakealarm_fd:1

03-30 10:35:36.547  6151  6186 I octvm_klo: new timerfd interval:

03-30 10:35:36.547  6151  6186 I octvm_klo: 	itval.it_interval.tv_sec 1, itval.it_interval.tv_nsec 0

03-30 10:35:36.547  6151  6186 I octvm_klo: 	itval.it_value.tv_sec 0, itval.it_value.tv_nsec 999996198

03-30 10:35:37.114   379   493 I ThermalEngine: Sensor:batt_temp:349 mC

03-30 10:35:37.391 10705 10776 D UTAnalytics:CommitTask: pid:10705 check&commit event:65501,

03-30 10:35:37.391 10705 10776 D UTAnalytics:CommitTask: pid:10705 next:65501,

03-30 10:35:37.391 10705 10776 D UTAnalytics:CommitTask: pid:10705 check&commit event:65502,

03-30 10:35:37.391 10705 10776 D UTAnalytics:CommitTask: pid:10705 next:65502,

03-30 10:35:37.391 10705 10776 D UTAnalytics:CommitTask: pid:10705 check&commit event:65503,

03-30 10:35:37.391 10705 10776 D UTAnalytics:CommitTask: pid:10705 next:65503,

03-30 10:35:37.547  6151  6186 I octvm_klo: read wakeups from wakealarm_fd:1

03-30 10:35:37.547  6151  6186 I octvm_klo: new timerfd interval:

03-30 10:35:37.547  6151  6186 I octvm_klo: 	itval.it_interval.tv_sec 1, itval.it_interval.tv_nsec 0

03-30 10:35:37.547  6151  6186 I octvm_klo: 	itval.it_value.tv_sec 0, itval.it_value.tv_nsec 999995469

03-30 10:35:37.559  3745  3745 D wpa_supplicant: wlan0: Control interface command 'SIGNAL_POLL'

03-30 10:35:37.574  3745  3745 D wpa_supplicant: CTRL-DEBUG: global_ctrl_sock-sendto: sock=11 sndbuf=163840 outq=0 send_len=49

03-30 10:35:37.582  6783 25818 E QHStatAgent: Got exception while trying to submit event data: p=sdk&content=H4sIAAAAAAAAAE1SwY7UMAz9lSrnUpw0aZPe0GoPSMxyYA5IwCFNk51qp01pw7C7o/kA4A8QP8AvIH6HvfIL2F1pGWlGje1n+/nZR+YPfkyseXdkqR88a7g0oCWI0tQl5OzG37GGzb5zdu5YzqxziMnZ4q9Zc0Qz9XFExBQ/+5mdTh9ytvO2wzdGh4iRzcvs6vX2Mnu1vcT8A6aXAFADiCpng0UEiAbg/Ie45YABXqiCk5WQoRTYNvXk/k9RgcZwXNBrx26OPXFcHIFAwy03gtIjFasKKDga/YAGfgeO307yTrvO6ADQCpDeaABjtHdBS1F7wgnEidaG4NtSgwoKIEgjrC/rYIJqHdiKuo6rMHvkYpDoslrtqsCbjTa1RIxL5wLrUiO36ZGOI+TFFb5IzrKChy/fHn78+vP1Jz7Ii7t5hhWHgOG3vY1Dj952Prf2pOb9jqrtVgmwC80/kd/FofjY72Is7DQtKc403A31kryytQrSeWs4GAW1s67TXgQcMjjS315TPdofsatRSkEz7w/nlr9NtPV0zxocbJpWBegS2EUcR+9SlmL2/rkQuAjNC64wj/O/v79ryOj4uix+SnhD2M/PQz/a5NfDXPyyPF6Z4lK2TlnLy64VXnW4NF8pK0qLa4SWJp895m2fbrks8a8UyLOqj1HI1/M99OmOaG9sP754sgVXCq/59A+tvclEIQMAAA==

03-30 10:35:37.582  6783 25818 E QHStatAgent: org.apache.http.conn.ConnectTimeoutException: Connect to /180.163.251.221:80 timed out

03-30 10:35:37.582  6783 25818 E QHStatAgent: 	at org.apache.http.conn.scheme.PlainSocketFactory.connectSocket(PlainSocketFactory.java:126)

03-30 10:35:37.582  6783 25818 E QHStatAgent: 	at org.apache.http.impl.conn.DefaultClientConnectionOperator.openConnection(DefaultClientConnectionOperator.java:149)

03-30 10:35:37.582  6783 25818 E QHStatAgent: 	at org.apache.http.impl.conn.AbstractPoolEntry.open(AbstractPoolEntry.java:169)

03-30 10:35:37.582  6783 25818 E QHStatAgent: 	at org.apache.http.impl.conn.AbstractPooledConnAdapter.open(AbstractPooledConnAdapter.java:124)

03-30 10:35:37.582  6783 25818 E QHStatAgent: 	at org.apache.http.impl.client.DefaultRequestDirector.execute(DefaultRequestDirector.java:370)

03-30 10:35:37.582  6783 25818 E QHStatAgent: 	at org.apache.http.impl.client.AbstractHttpClient.execute(AbstractHttpClient.java:560)

03-30 10:35:37.582  6783 25818 E QHStatAgent: 	at org.apache.http.impl.client.AbstractHttpClient.execute(AbstractHttpClient.java:492)

03-30 10:35:37.582  6783 25818 E QHStatAgent: 	at org.apache.http.impl.client.AbstractHttpClient.execute(AbstractHttpClient.java:470)

03-30 10:35:37.582  6783 25818 E QHStatAgent: 	at com.qihoo.sdk.report.network.b.a(AppStore:53)

03-30 10:35:37.582  6783 25818 E QHStatAgent: 	at com.qihoo.sdk.report.network.c.b(AppStore:263)

03-30 10:35:37.582  6783 25818 E QHStatAgent: 	at com.qihoo.sdk.report.network.c.b(AppStore:207)

03-30 10:35:37.582  6783 25818 E QHStatAgent: 	at com.qihoo.sdk.report.network.c.c(AppStore:236)

03-30 10:35:37.582  6783 25818 E QHStatAgent: 	at com.qihoo.sdk.report.e.a$3.run(AppStore:180)

03-30 10:35:37.582  6783 25818 E QHStatAgent: 	at java.util.concurrent.Executors$RunnableAdapter.call(Executors.java:423)

03-30 10:35:37.582  6783 25818 E QHStatAgent: 	at java.util.concurrent.FutureTask.run(FutureTask.java:237)

03-30 10:35:37.582  6783 25818 E QHStatAgent: 	at java.util.concurrent.ThreadPoolExecutor.runWorker(ThreadPoolExecutor.java:1113)

03-30 10:35:37.582  6783 25818 E QHStatAgent: 	at java.util.concurrent.ThreadPoolExecutor$Worker.run(ThreadPoolExecutor.java:588)

03-30 10:35:37.582  6783 25818 E QHStatAgent: 	at java.lang.Thread.run(Thread.java:818)

03-30 10:35:37.588  6783 25818 W System.err: org.apache.http.conn.ConnectTimeoutException: Connect to /180.163.251.221:80 timed out

03-30 10:35:37.590  6783 25818 W System.err: 	at org.apache.http.conn.scheme.PlainSocketFactory.connectSocket(PlainSocketFactory.java:126)

03-30 10:35:37.590  6783 25818 W System.err: 	at org.apache.http.impl.conn.DefaultClientConnectionOperator.openConnection(DefaultClientConnectionOperator.java:149)

03-30 10:35:37.590  6783 25818 W System.err: 	at org.apache.http.impl.conn.AbstractPoolEntry.open(AbstractPoolEntry.java:169)

03-30 10:35:37.590  6783 25818 W System.err: 	at org.apache.http.impl.conn.AbstractPooledConnAdapter.open(AbstractPooledConnAdapter.java:124)

03-30 10:35:37.590  6783 25818 W System.err: 	at org.apache.http.impl.client.DefaultRequestDirector.execute(DefaultRequestDirector.java:370)

03-30 10:35:37.590  6783 25818 W System.err: 	at org.apache.http.impl.client.AbstractHttpClient.execute(AbstractHttpClient.java:560)

03-30 10:35:37.590  6783 25818 W System.err: 	at org.apache.http.impl.client.AbstractHttpClient.execute(AbstractHttpClient.java:492)

03-30 10:35:37.591  6783 25818 W System.err: 	at org.apache.http.impl.client.AbstractHttpClient.execute(AbstractHttpClient.java:470)

03-30 10:35:37.591  6783 25818 W System.err: 	at com.qihoo.sdk.report.network.b.a(AppStore:53)

03-30 10:35:37.591  6783 25818 W System.err: 	at com.qihoo.sdk.report.network.c.b(AppStore:263)

03-30 10:35:37.591  6783 25818 W System.err: 	at com.qihoo.sdk.report.network.c.b(AppStore:207)

03-30 10:35:37.591  6783 25818 W System.err: 	at com.qihoo.sdk.report.network.c.c(AppStore:236)

03-30 10:35:37.591  6783 25818 W System.err: 	at com.qihoo.sdk.report.e.a$3.run(AppStore:180)

03-30 10:35:37.591  6783 25818 W System.err: 	at java.util.concurrent.Executors$RunnableAdapter.call(Executors.java:423)

03-30 10:35:37.591  6783 25818 W System.err: 	at java.util.concurrent.FutureTask.run(FutureTask.java:237)

03-30 10:35:37.591  6783 25818 W System.err: 	at java.util.concurrent.ThreadPoolExecutor.runWorker(ThreadPoolExecutor.java:1113)

03-30 10:35:37.591  6783 25818 W System.err: 	at java.util.concurrent.ThreadPoolExecutor$Worker.run(ThreadPoolExecutor.java:588)

03-30 10:35:37.591  6783 25818 W System.err: 	at java.lang.Thread.run(Thread.java:818)

03-30 10:35:38.059 25810 25810 W AppWatcher: type=1400 audit(0.0:55185783): avc: denied { getattr } for path="/proc/opalum-temp-calib" dev="proc" ino=4026534631 scontext=u:r:untrusted_app:s0:c512,c768 tcontext=u:object_r:proc_opalum:s0 tclass=file permissive=0

03-30 10:35:38.059 25810 25810 W AppWatcher: type=1400 audit(0.0:55185784): avc: denied { getattr } for path="/proc/opalum-f0-calib" dev="proc" ino=4026534630 scontext=u:r:untrusted_app:s0:c512,c768 tcontext=u:object_r:proc_opalum:s0 tclass=file permissive=0

03-30 10:35:38.069 25810 25810 W AppWatcher: type=1400 audit(0.0:55185785): avc: denied { getattr } for path="/proc/sysrq-trigger" dev="proc" ino=4026533735 scontext=u:r:untrusted_app:s0:c512,c768 tcontext=u:object_r:proc_sysrq:s0 tclass=file permissive=0

03-30 10:35:38.069 25810 25810 W AppWatcher: type=1400 audit(0.0:55185786): avc: denied { getattr } for path="/proc/1" dev="proc" ino=11921139 scontext=u:r:untrusted_app:s0:c512,c768 tcontext=u:r:init:s0 tclass=dir permissive=0

03-30 10:35:38.069 25810 25810 W AppWatcher: type=1400 audit(0.0:55185787): avc: denied { getattr } for path="/proc/2" dev="proc" ino=11961941 scontext=u:r:untrusted_app:s0:c512,c768 tcontext=u:r:kernel:s0 tclass=dir permissive=0

03-30 10:35:38.069 25810 25810 W AppWatcher: type=1400 audit(0.0:55185788): avc: denied { getattr } for path="/proc/3" dev="proc" ino=11961942 scontext=u:r:untrusted_app:s0:c512,c768 tcontext=u:r:kernel:s0 tclass=dir permissive=0

03-30 10:35:38.069 25810 25810 W AppWatcher: type=1400 audit(0.0:55185789): avc: denied { getattr } for path="/proc/6" dev="proc" ino=11961943 scontext=u:r:untrusted_app:s0:c512,c768 tcontext=u:r:kernel:s0 tclass=dir permissive=0

03-30 10:35:38.079 25810 25810 W AppWatcher: type=1400 audit(0.0:55185790): avc: denied { getattr } for path="/proc/7" dev="proc" ino=11961944 scontext=u:r:untrusted_app:s0:c512,c768 tcontext=u:r:kernel:s0 tclass=dir permissive=0

03-30 10:35:38.079 25810 25810 W AppWatcher: type=1400 audit(0.0:55185791): avc: denied { getattr } for path="/proc/8" dev="proc" ino=11961945 scontext=u:r:untrusted_app:s0:c512,c768 tcontext=u:r:kernel:s0 tclass=dir permissive=0

03-30 10:35:38.079 25810 25810 W AppWatcher: type=1400 audit(0.0:55185792): avc: denied { getattr } for path="/proc/21" dev="proc" ino=11961946 scontext=u:r:untrusted_app:s0:c512,c768 tcontext=u:r:kernel:s0 tclass=dir permissive=0

03-30 10:35:38.079 25810 25810 W AppWatcher: type=1400 audit(0.0:55185793): avc: denied { getattr } for path="/proc/22" dev="proc" ino=11961947 scontext=u:r:untrusted_app:s0:c512,c768 tcontext=u:r:kernel:s0 tclass=dir permissive=0

03-30 10:35:38.079 25810 25810 W AppWatcher: type=1400 audit(0.0:55185794): avc: denied { getattr } for path="/proc/28" dev="proc" ino=11961948 scontext=u:r:untrusted_app:s0:c512,c768 tcontext=u:r:kernel:s0 tclass=dir permissive=0

03-30 10:35:38.079 25810 25810 W AppWatcher: type=1400 audit(0.0:55185795): avc: denied { getattr } for path="/proc/29" dev="proc" ino=11961949 scontext=u:r:untrusted_app:s0:c512,c768 tcontext=u:r:kernel:s0 tclass=dir permissive=0

03-30 10:35:38.079 25810 25810 W AppWatcher: type=1400 audit(0.0:55185796): avc: denied { getattr } for path="/proc/30" dev="proc" ino=11961950 scontext=u:r:untrusted_app:s0:c512,c768 tcontext=u:r:kernel:s0 tclass=dir permissive=0

03-30 10:35:38.079 25810 25810 W AppWatcher: type=1400 audit(0.0:55185797): avc: denied { getattr } for path="/proc/32" dev="proc" ino=11961951 scontext=u:r:untrusted_app:s0:c512,c768 tcontext=u:r:kernel:s0 tclass=dir permissive=0

03-30 10:35:38.079 25810 25810 W AppWatcher: type=1400 audit(0.0:55185798): avc: denied { getattr } for path="/proc/33" dev="proc" ino=11961952 scontext=u:r:untrusted_app:s0:c512,c768 tcontext=u:r:kernel:s0 tclass=dir permissive=0

03-30 10:35:38.079 25810 25810 W AppWatcher: type=1400 audit(0.0:55185799): avc: denied { getattr } for path="/proc/34" dev="proc" ino=11961953 scontext=u:r:untrusted_app:s0:c512,c768 tcontext=u:r:kernel:s0 tclass=dir permissive=0

03-30 10:35:38.089 25810 25810 W AppWatcher: type=1400 audit(0.0:55185800): avc: denied { getattr } for path="/proc/61" dev="proc" ino=11961954 scontext=u:r:untrusted_app:s0:c512,c768 tcontext=u:r:kernel:s0 tclass=dir permissive=0

03-30 10:35:38.089 25810 25810 W AppWatcher: type=1400 audit(0.0:55185801): avc: denied { getattr } for path="/proc/62" dev="proc" ino=11961955 scontext=u:r:untrusted_app:s0:c512,c768 tcontext=u:r:kernel:s0 tclass=dir permissive=0

03-30 10:35:38.089 25810 25810 W AppWatcher: type=1400 audit(0.0:55185802): avc: denied { getattr } for path="/proc/63" dev="proc" ino=11961956 scontext=u:r:untrusted_app:s0:c512,c768 tcontext=u:r:kernel:s0 tclass=dir permissive=0

03-30 10:35:38.117   379   493 I ThermalEngine: Sensor:batt_temp:350 mC

03-30 10:35:38.548  6151  6186 I octvm_klo: read wakeups from wakealarm_fd:1

03-30 10:35:38.548  6151  6186 I octvm_klo: new timerfd interval:

03-30 10:35:38.548  6151  6186 I octvm_klo: 	itval.it_interval.tv_sec 1, itval.it_interval.tv_nsec 0

03-30 10:35:38.548  6151  6186 I octvm_klo: 	itval.it_value.tv_sec 0, itval.it_value.tv_nsec 999991302

03-30 10:35:39.119   379   493 I ThermalEngine: Sensor:batt_temp:349 mC

03-30 10:35:39.548  6151  6186 I octvm_klo: read wakeups from wakealarm_fd:1

03-30 10:35:39.548  6151  6186 I octvm_klo: new timerfd interval:

03-30 10:35:39.548  6151  6186 I octvm_klo: 	itval.it_interval.tv_sec 1, itval.it_interval.tv_nsec 0

03-30 10:35:39.548  6151  6186 I octvm_klo: 	itval.it_value.tv_sec 0, itval.it_value.tv_nsec 999990885

03-30 10:35:40.004  2044  3620 D WifiStateMachine: starting scan for "56.1_neiwang"-WPA_PSK with 5280,2412

03-30 10:35:40.005  3745  3745 D wpa_supplicant: wlan0: Control interface command 'SCAN TYPE=ONLY freq=5280,2412'

03-30 10:35:40.005  3745  3745 D wpa_supplicant: wlan0: Setting scan request: 0.000000 sec

03-30 10:35:40.005  3745  3745 D wpa_supplicant: CTRL-DEBUG: global_ctrl_sock-sendto: sock=11 sndbuf=163840 outq=0 send_len=3

03-30 10:35:40.006  3745  3745 D wpa_supplicant: wlan0: Starting AP scan for wildcard SSID

03-30 10:35:40.006  3745  3745 D wpa_supplicant: wlan0: Limit manual scan to specified channels

03-30 10:35:40.006  3745  3745 D wpa_supplicant: wlan0: Add radio work 'scan'@0xb68d9398

03-30 10:35:40.006  3745  3745 D wpa_supplicant: wlan0: First radio work item in the queue - schedule start immediately

03-30 10:35:40.006  3745  3745 D wpa_supplicant: wlan0: Starting radio work 'scan'@0xb68d9398 after 0.000078 second wait

03-30 10:35:40.006  3745  3745 D wpa_supplicant: wlan0: nl80211: scan request

03-30 10:35:40.006  3745  3745 D wpa_supplicant: nl80211: Scan SSID - hexdump(len=0): [NULL]

03-30 10:35:40.006  3745  3745 D wpa_supplicant: nl80211: Scan extra IEs - hexdump(len=7): 7f 05 00 00 0a 02 01

03-30 10:35:40.006  3745  3745 D wpa_supplicant: nl80211: Scan frequency 2412 MHz

03-30 10:35:40.006  3745  3745 D wpa_supplicant: nl80211: Scan frequency 5280 MHz

03-30 10:35:40.020  3745  3745 D wpa_supplicant: Scan requested (ret=0) - scan timeout 30 seconds

03-30 10:35:40.020  3745  3745 D wpa_supplicant: nl80211: Event message available

03-30 10:35:40.020  3745  3745 D wpa_supplicant: nl80211: Drv Event 33 (NL80211_CMD_TRIGGER_SCAN) received for wlan0

03-30 10:35:40.021  3745  3745 D wpa_supplicant: wlan0: nl80211: Scan trigger

03-30 10:35:40.021  3745  3745 D wpa_supplicant: wlan0: Event SCAN_STARTED (47) received

03-30 10:35:40.021  3745  3745 D wpa_supplicant: wlan0: Own scan request started a scan in 0.000274 seconds

03-30 10:35:40.021  3745  3745 D wpa_supplicant: CTRL-DEBUG: ctrl_sock-sendmsg: sock=11 sndbuf=163840 outq=0 send_len=24

03-30 10:35:40.021  3745  3745 D wpa_supplicant: CTRL_IFACE monitor sent successfully to /data/misc/wifi/sockets/wpa_ctrl_2044-2\x00

03-30 10:35:40.119  3745  3745 D wpa_supplicant: nl80211: Event message available

03-30 10:35:40.119  3745  3745 D wpa_supplicant: nl80211: Drv Event 34 (NL80211_CMD_NEW_SCAN_RESULTS) received for wlan0

03-30 10:35:40.119  3745  3745 D wpa_supplicant: wlan0: nl80211: New scan results available

03-30 10:35:40.119  3745  3745 D wpa_supplicant: nl80211: Scan included frequencies: 2412 5280

03-30 10:35:40.119  3745  3745 D wpa_supplicant: wlan0: Event SCAN_RESULTS (3) received

03-30 10:35:40.119  3745  3745 D wpa_supplicant: wlan0: Scan completed in 0.098510 seconds

03-30 10:35:40.119  3745  3745 D wpa_supplicant: nl80211: Associated on 5280 MHz

03-30 10:35:40.119  3745  3745 D wpa_supplicant: nl80211: Associated with cc:81:da:9c:13:28

03-30 10:35:40.120  3745  3745 D wpa_supplicant: nl80211: Received scan results (29 BSSes)

03-30 10:35:40.120  3745  3745 D wpa_supplicant: nl80211: Scan results indicate BSS status with cc:81:da:9c:13:28 as associated

03-30 10:35:40.120  3745  3745 D wpa_supplicant: wlan0: BSS: Start scan result update 5243

03-30 10:35:40.120  3745  3745 D wpa_supplicant: wlan0: BSS: Remove id 8595 BSSID 20:76:93:24:bd:70 SSID 'wukong222' due to no match in scan

03-30 10:35:40.120  3745  3745 D wpa_supplicant: CTRL-DEBUG: ctrl_sock-sendmsg: sock=11 sndbuf=163840 outq=0 send_len=45

03-30 10:35:40.120  3745  3745 D wpa_supplicant: CTRL_IFACE monitor sent successfully to /data/misc/wifi/sockets/wpa_ctrl_2044-2\x00

03-30 10:35:40.120  3745  3745 D wpa_supplicant: BSS: last_scan_res_used=29/64

03-30 10:35:40.120  3745  3745 D wpa_supplicant: wlan0: Scan-only results received

03-30 10:35:40.120  3745  3745 D wpa_supplicant: CTRL-DEBUG: ctrl_sock-sendmsg: sock=11 sndbuf=163840 outq=448 send_len=24

03-30 10:35:40.120  3745  3745 D wpa_supplicant: CTRL_IFACE monitor sent successfully to /data/misc/wifi/sockets/wpa_ctrl_2044-2\x00

03-30 10:35:40.121  3745  3745 D wpa_supplicant: wlan0: Radio work 'scan'@0xb68d9398 done in 0.114668 seconds

03-30 10:35:40.123   379   493 I ThermalEngine: Sensor:batt_temp:349 mC

03-30 10:35:40.138  3745  3745 D wpa_supplicant: CTRL-DEBUG: global_ctrl_sock-sendto: sock=11 sndbuf=163840 outq=0 send_len=3541

03-30 10:35:40.138  3745  3745 D wpa_supplicant: RTM_NEWLINK: ifi_index=22 ifname=wlan0 wext ifi_family=0 ifi_flags=0x11043 ([UP][RUNNING][LOWER_UP])

03-30 10:35:40.141  3745  3745 D wpa_supplicant: CTRL-DEBUG: global_ctrl_sock-sendto: sock=11 sndbuf=163840 outq=0 send_len=3785

03-30 10:35:40.148  3745  3745 D wpa_supplicant: CTRL-DEBUG: global_ctrl_sock-sendto: sock=11 sndbuf=163840 outq=0 send_len=4029

03-30 10:35:40.152  3745  3745 D wpa_supplicant: CTRL-DEBUG: global_ctrl_sock-sendto: sock=11 sndbuf=163840 outq=0 send_len=4095

03-30 10:35:40.158  3745  3745 D wpa_supplicant: CTRL-DEBUG: global_ctrl_sock-sendto: sock=11 sndbuf=163840 outq=0 send_len=4090

03-30 10:35:40.163  3745  3745 D wpa_supplicant: CTRL-DEBUG: global_ctrl_sock-sendto: sock=11 sndbuf=163840 outq=0 send_len=2252

03-30 10:35:40.187  3745  3745 D wpa_supplicant: EAPOL: EAP Session-Id not available

03-30 10:35:40.187  3745  3745 D wpa_supplicant: CTRL-DEBUG: global_ctrl_sock-sendto: sock=11 sndbuf=163840 outq=0 send_len=279

03-30 10:35:40.548  6151  6186 I octvm_klo: read wakeups from wakealarm_fd:1

03-30 10:35:40.548  6151  6186 I octvm_klo: new timerfd interval:

03-30 10:35:40.548  6151  6186 I octvm_klo: 	itval.it_interval.tv_sec 1, itval.it_interval.tv_nsec 0

03-30 10:35:40.548  6151  6186 I octvm_klo: 	itval.it_value.tv_sec 0, itval.it_value.tv_nsec 999995416

03-30 10:35:40.577  3745  3745 D wpa_supplicant: wlan0: Control interface command 'SIGNAL_POLL'

03-30 10:35:40.593  3745  3745 D wpa_supplicant: CTRL-DEBUG: global_ctrl_sock-sendto: sock=11 sndbuf=163840 outq=0 send_len=49

03-30 10:35:41.124   379   493 I ThermalEngine: Sensor:batt_temp:349 mC

03-30 10:35:41.549  6151  6186 I octvm_klo: read wakeups from wakealarm_fd:1

03-30 10:35:41.549  6151  6186 I octvm_klo: new timerfd interval:

03-30 10:35:41.549  6151  6186 I octvm_klo: 	itval.it_interval.tv_sec 1, itval.it_interval.tv_nsec 0

03-30 10:35:41.549  6151  6186 I octvm_klo: 	itval.it_value.tv_sec 0, itval.it_value.tv_nsec 999992187

03-30 10:35:42.126   379   493 I ThermalEngine: Sensor:batt_temp:349 mC

03-30 10:35:42.549  6151  6186 I octvm_klo: read wakeups from wakealarm_fd:1

03-30 10:35:42.549  6151  6186 I octvm_klo: new timerfd interval:

03-30 10:35:42.549  6151  6186 I octvm_klo: 	itval.it_interval.tv_sec 1, itval.it_interval.tv_nsec 0

03-30 10:35:42.549  6151  6186 I octvm_klo: 	itval.it_value.tv_sec 0, itval.it_value.tv_nsec 999995938

03-30 10:35:43.128   379   493 I ThermalEngine: Sensor:batt_temp:349 mC

03-30 10:35:43.549  6151  6186 I octvm_klo: read wakeups from wakealarm_fd:1

03-30 10:35:43.549  6151  6186 I octvm_klo: new timerfd interval:

03-30 10:35:43.549  6151  6186 I octvm_klo: 	itval.it_interval.tv_sec 1, itval.it_interval.tv_nsec 0

03-30 10:35:43.549  6151  6186 I octvm_klo: 	itval.it_value.tv_sec 0, itval.it_value.tv_nsec 999996094

03-30 10:35:43.599  3745  3745 D wpa_supplicant: wlan0: Control interface command 'SIGNAL_POLL'

03-30 10:35:43.614  3745  3745 D wpa_supplicant: CTRL-DEBUG: global_ctrl_sock-sendto: sock=11 sndbuf=163840 outq=0 send_len=49

03-30 10:35:44.130   379   493 I ThermalEngine: Sensor:batt_temp:348 mC

03-30 10:35:44.549  6151  6186 I octvm_klo: read wakeups from wakealarm_fd:1

03-30 10:35:44.549  6151  6186 I octvm_klo: new timerfd interval:

03-30 10:35:44.549  6151  6186 I octvm_klo: 	itval.it_interval.tv_sec 1, itval.it_interval.tv_nsec 0

03-30 10:35:44.549  6151  6186 I octvm_klo: 	itval.it_value.tv_sec 0, itval.it_value.tv_nsec 999992657

03-30 10:35:45.131   379   493 I ThermalEngine: Sensor:batt_temp:348 mC

03-30 10:35:45.396 10661 10669 I art     : Background concurrent mark sweep GC freed 294248(16MB) AllocSpace objects, 0(0B) LOS objects, 92% free, 1278KB/17MB, paused 543us total 103.353ms

03-30 10:35:45.549  6151  6186 I octvm_klo: read wakeups from wakealarm_fd:1

03-30 10:35:45.552  6151  6186 I octvm_klo: new timerfd interval:

03-30 10:35:45.552  6151  6186 I octvm_klo: 	itval.it_interval.tv_sec 1, itval.it_interval.tv_nsec 0

03-30 10:35:45.552  6151  6186 I octvm_klo: 	itval.it_value.tv_sec 0, itval.it_value.tv_nsec 999995625

03-30 10:35:46.132   379   493 I ThermalEngine: Sensor:batt_temp:349 mC

03-30 10:35:46.549  6151  6186 I octvm_klo: read wakeups from wakealarm_fd:1

03-30 10:35:46.550  6151  6186 I octvm_klo: new timerfd interval:

03-30 10:35:46.550  6151  6186 I octvm_klo: 	itval.it_interval.tv_sec 1, itval.it_interval.tv_nsec 0

03-30 10:35:46.550  6151  6186 I octvm_klo: 	itval.it_value.tv_sec 0, itval.it_value.tv_nsec 999997032

03-30 10:35:46.622  3745  3745 D wpa_supplicant: wlan0: Control interface command 'SIGNAL_POLL'

03-30 10:35:46.623  4116  4556 I XiaomiFirewall: firewall pkgName:com.orvibo.homemate, result:0x0

03-30 10:35:46.638  3745  3745 D wpa_supplicant: CTRL-DEBUG: global_ctrl_sock-sendto: sock=11 sndbuf=163840 outq=0 send_len=49

03-30 10:35:47.134   379   493 I ThermalEngine: Sensor:batt_temp:348 mC

03-30 10:35:47.550  6151  6186 I octvm_klo: read wakeups from wakealarm_fd:1

03-30 10:35:47.550  6151  6186 I octvm_klo: new timerfd interval:

03-30 10:35:47.550  6151  6186 I octvm_klo: 	itval.it_interval.tv_sec 1, itval.it_interval.tv_nsec 0

03-30 10:35:47.550  6151  6186 I octvm_klo: 	itval.it_value.tv_sec 0, itval.it_value.tv_nsec 999997396

03-30 10:35:47.672 10705 10776 D UTAnalytics:LogStoreMgr: pid:10705 [store],

03-30 10:35:47.679 10705 10776 D UTAnalytics:UTSqliteLogStore: pid:10705 sql:SELECT * FROM log ORDER BY time ASC  LIMIT 148,

03-30 10:35:47.684 10705 10776 D UTAnalytics:LogStoreMgr: pid:10705 [get],[],

03-30 10:35:47.689 10705 10776 D UTAnalytics:UploadEngine: pid:10705 UTDC.bBackground:false,AppInfoUtil.isForeground(UTDC.getContext()) ,true,

03-30 10:35:47.693 10705 10776 D UTAnalytics:UploadTask: pid:10705 mPeriod:30000,

03-30 10:35:48.135   379   493 I ThermalEngine: Sensor:batt_temp:348 mC

03-30 10:35:48.309 25810 25810 W AppWatcher: type=1400 audit(0.0:55186045): avc: denied { getattr } for path="/proc/opalum-temp-calib" dev="proc" ino=4026534631 scontext=u:r:untrusted_app:s0:c512,c768 tcontext=u:object_r:proc_opalum:s0 tclass=file permissive=0

03-30 10:35:48.309 25810 25810 W AppWatcher: type=1400 audit(0.0:55186046): avc: denied { getattr } for path="/proc/opalum-f0-calib" dev="proc" ino=4026534630 scontext=u:r:untrusted_app:s0:c512,c768 tcontext=u:object_r:proc_opalum:s0 tclass=file permissive=0

03-30 10:35:48.309 25810 25810 W AppWatcher: type=1400 audit(0.0:55186047): avc: denied { getattr } for path="/proc/sysrq-trigger" dev="proc" ino=4026533735 scontext=u:r:untrusted_app:s0:c512,c768 tcontext=u:object_r:proc_sysrq:s0 tclass=file permissive=0

03-30 10:35:48.319 25810 25810 W AppWatcher: type=1400 audit(0.0:55186048): avc: denied { getattr } for path="/proc/1" dev="proc" ino=11921139 scontext=u:r:untrusted_app:s0:c512,c768 tcontext=u:r:init:s0 tclass=dir permissive=0

03-30 10:35:48.319 25810 25810 W AppWatcher: type=1400 audit(0.0:55186049): avc: denied { getattr } for path="/proc/2" dev="proc" ino=11961941 scontext=u:r:untrusted_app:s0:c512,c768 tcontext=u:r:kernel:s0 tclass=dir permissive=0

03-30 10:35:48.319 25810 25810 W AppWatcher: type=1400 audit(0.0:55186050): avc: denied { getattr } for path="/proc/3" dev="proc" ino=11961942 scontext=u:r:untrusted_app:s0:c512,c768 tcontext=u:r:kernel:s0 tclass=dir permissive=0

03-30 10:35:48.329 25810 25810 W AppWatcher: type=1400 audit(0.0:55186051): avc: denied { getattr } for path="/proc/6" dev="proc" ino=11961943 scontext=u:r:untrusted_app:s0:c512,c768 tcontext=u:r:kernel:s0 tclass=dir permissive=0

03-30 10:35:48.329 25810 25810 W AppWatcher: type=1400 audit(0.0:55186052): avc: denied { getattr } for path="/proc/7" dev="proc" ino=11961944 scontext=u:r:untrusted_app:s0:c512,c768 tcontext=u:r:kernel:s0 tclass=dir permissive=0

03-30 10:35:48.329 25810 25810 W AppWatcher: type=1400 audit(0.0:55186053): avc: denied { getattr } for path="/proc/8" dev="proc" ino=11961945 scontext=u:r:untrusted_app:s0:c512,c768 tcontext=u:r:kernel:s0 tclass=dir permissive=0

03-30 10:35:48.329 25810 25810 W AppWatcher: type=1400 audit(0.0:55186054): avc: denied { getattr } for path="/proc/21" dev="proc" ino=11961946 scontext=u:r:untrusted_app:s0:c512,c768 tcontext=u:r:kernel:s0 tclass=dir permissive=0

03-30 10:35:48.329 25810 25810 W AppWatcher: type=1400 audit(0.0:55186055): avc: denied { getattr } for path="/proc/22" dev="proc" ino=11961947 scontext=u:r:untrusted_app:s0:c512,c768 tcontext=u:r:kernel:s0 tclass=dir permissive=0

03-30 10:35:48.329 25810 25810 W AppWatcher: type=1400 audit(0.0:55186056): avc: denied { getattr } for path="/proc/28" dev="proc" ino=11961948 scontext=u:r:untrusted_app:s0:c512,c768 tcontext=u:r:kernel:s0 tclass=dir permissive=0

03-30 10:35:48.329 25810 25810 W AppWatcher: type=1400 audit(0.0:55186057): avc: denied { getattr } for path="/proc/29" dev="proc" ino=11961949 scontext=u:r:untrusted_app:s0:c512,c768 tcontext=u:r:kernel:s0 tclass=dir permissive=0

03-30 10:35:48.329 25810 25810 W AppWatcher: type=1400 audit(0.0:55186058): avc: denied { getattr } for path="/proc/30" dev="proc" ino=11961950 scontext=u:r:untrusted_app:s0:c512,c768 tcontext=u:r:kernel:s0 tclass=dir permissive=0

03-30 10:35:48.329 25810 25810 W AppWatcher: type=1400 audit(0.0:55186059): avc: denied { getattr } for path="/proc/32" dev="proc" ino=11961951 scontext=u:r:untrusted_app:s0:c512,c768 tcontext=u:r:kernel:s0 tclass=dir permissive=0

03-30 10:35:48.339 25810 25810 W AppWatcher: type=1400 audit(0.0:55186060): avc: denied { getattr } for path="/proc/33" dev="proc" ino=11961952 scontext=u:r:untrusted_app:s0:c512,c768 tcontext=u:r:kernel:s0 tclass=dir permissive=0

03-30 10:35:48.339 25810 25810 W AppWatcher: type=1400 audit(0.0:55186061): avc: denied { getattr } for path="/proc/34" dev="proc" ino=11961953 scontext=u:r:untrusted_app:s0:c512,c768 tcontext=u:r:kernel:s0 tclass=dir permissive=0

03-30 10:35:48.339 25810 25810 W AppWatcher: type=1400 audit(0.0:55186062): avc: denied { getattr } for path="/proc/61" dev="proc" ino=11961954 scontext=u:r:untrusted_app:s0:c512,c768 tcontext=u:r:kernel:s0 tclass=dir permissive=0

03-30 10:35:48.339 25810 25810 W AppWatcher: type=1400 audit(0.0:55186063): avc: denied { getattr } for path="/proc/62" dev="proc" ino=11961955 scontext=u:r:untrusted_app:s0:c512,c768 tcontext=u:r:kernel:s0 tclass=dir permissive=0

03-30 10:35:48.339 25810 25810 W AppWatcher: type=1400 audit(0.0:55186064): avc: denied { getattr } for path="/proc/63" dev="proc" ino=11961956 scontext=u:r:untrusted_app:s0:c512,c768 tcontext=u:r:kernel:s0 tclass=dir permissive=0

03-30 10:35:48.550  6151  6186 I octvm_klo: read wakeups from wakealarm_fd:1

03-30 10:35:48.550  6151  6186 I octvm_klo: new timerfd interval:

03-30 10:35:48.550  6151  6186 I octvm_klo: 	itval.it_interval.tv_sec 1, itval.it_interval.tv_nsec 0

03-30 10:35:48.550  6151  6186 I octvm_klo: 	itval.it_value.tv_sec 0, itval.it_value.tv_nsec 999992604

03-30 10:35:49.136   379   493 I ThermalEngine: Sensor:batt_temp:349 mC

03-30 10:35:49.550  6151  6186 I octvm_klo: read wakeups from wakealarm_fd:1

03-30 10:35:49.551  6151  6186 I octvm_klo: new timerfd interval:

03-30 10:35:49.551  6151  6186 I octvm_klo: 	itval.it_interval.tv_sec 1, itval.it_interval.tv_nsec 0

03-30 10:35:49.551  6151  6186 I octvm_klo: 	itval.it_value.tv_sec 0, itval.it_value.tv_nsec 999991719

03-30 10:35:49.642  3745  3745 D wpa_supplicant: wlan0: Control interface command 'SIGNAL_POLL'

03-30 10:35:49.656  3745  3745 D wpa_supplicant: CTRL-DEBUG: global_ctrl_sock-sendto: sock=11 sndbuf=163840 outq=0 send_len=49

03-30 10:35:50.137   379   493 I ThermalEngine: Sensor:batt_temp:348 mC

03-30 10:35:50.551  6151  6186 I octvm_klo: read wakeups from wakealarm_fd:1

03-30 10:35:50.551  6151  6186 I octvm_klo: new timerfd interval:

03-30 10:35:50.551  6151  6186 I octvm_klo: 	itval.it_interval.tv_sec 1, itval.it_interval.tv_nsec 0

03-30 10:35:50.551  6151  6186 I octvm_klo: 	itval.it_value.tv_sec 0, itval.it_value.tv_nsec 999991198

03-30 10:35:51.138   379   493 I ThermalEngine: Sensor:batt_temp:348 mC

03-30 10:35:51.551  6151  6186 I octvm_klo: read wakeups from wakealarm_fd:1

03-30 10:35:51.551  6151  6186 I octvm_klo: new timerfd interval:

03-30 10:35:51.551  6151  6186 I octvm_klo: 	itval.it_interval.tv_sec 1, itval.it_interval.tv_nsec 0

03-30 10:35:51.551  6151  6186 I octvm_klo: 	itval.it_value.tv_sec 0, itval.it_value.tv_nsec 999991407

03-30 10:35:52.139   379   493 I ThermalEngine: Sensor:batt_temp:349 mC

03-30 10:35:52.551  6151  6186 I octvm_klo: read wakeups from wakealarm_fd:1

03-30 10:35:52.551  6151  6186 I octvm_klo: new timerfd interval:

03-30 10:35:52.551  6151  6186 I octvm_klo: 	itval.it_interval.tv_sec 1, itval.it_interval.tv_nsec 0

03-30 10:35:52.551  6151  6186 I octvm_klo: 	itval.it_value.tv_sec 0, itval.it_value.tv_nsec 999992291

03-30 10:35:52.662  3745  3745 D wpa_supplicant: wlan0: Control interface command 'SIGNAL_POLL'

03-30 10:35:52.665  3745  3745 D wpa_supplicant: CTRL-DEBUG: global_ctrl_sock-sendto: sock=11 sndbuf=163840 outq=0 send_len=49

03-30 10:35:52.797 10705 10757 D NAT     : DYNAMIC_IP

03-30 10:35:52.799 10705 10757 D NAT     : call void method before

03-30 10:35:52.799 10705 10757 D NAT     : call void method after

03-30 10:35:53.140   379   493 I ThermalEngine: Sensor:batt_temp:349 mC

03-30 10:35:53.551  6151  6186 I octvm_klo: read wakeups from wakealarm_fd:1
