03-08 12:00:56.680 26902  4187 W System.err: 	at com.android.okhttp.internal.http.SocketConnector.connectTls(SocketConnector.java:79)

03-08 12:00:56.680 26902  4187 W System.err: 	at com.android.okhttp.Connection.connect(Connection.java:143)

03-08 12:00:56.680 26902  4187 W System.err: 	at com.android.okhttp.Connection.connectAndSetOwner(Connection.java:185)

03-08 12:00:56.683 26902  4187 W System.err: 	at com.android.okhttp.OkHttpClient$1.connectAndSetOwner(OkHttpClient.java:128)

03-08 12:00:56.683 26902  4187 W System.err: 	at com.android.okhttp.internal.http.HttpEngine.nextConnection(HttpEngine.java:342)

03-08 12:00:56.683 26902  4187 W System.err: 	at com.android.okhttp.internal.http.HttpEngine.connect(HttpEngine.java:331)

03-08 12:00:56.683 26902  4187 W System.err: 	at com.android.okhttp.internal.http.HttpEngine.sendRequest(HttpEngine.java:249)

03-08 12:00:56.683 26902  4187 W System.err: 	at com.android.okhttp.internal.huc.HttpURLConnectionImpl.execute(HttpURLConnectionImpl.java:437)

03-08 12:00:56.683 26902  4187 W System.err: 	at com.android.okhttp.internal.huc.HttpURLConnectionImpl.connect(HttpURLConnectionImpl.java:114)

03-08 12:00:56.683 26902  4187 W System.err: 	at com.android.okhttp.internal.huc.DelegatingHttpsURLConnection.connect(DelegatingHttpsURLConnection.java:89)

03-08 12:00:56.683 26902  4187 W System.err: 	at com.android.okhttp.internal.huc.HttpsURLConnectionImpl.connect(HttpsURLConnectionImpl.java:25)

03-08 12:00:56.683 26902  4187 W System.err: 	at com.baidu.location.h.e$4.run(Unknown Source)

03-08 12:00:56.683 26902  4187 I baidu_location_service: https NetworkCommunicationException!

03-08 12:00:56.757  4099  5103 I XiaomiFirewall: firewall pkgName:com.baidu.BaiduMap, result:0x0

03-08 12:00:56.927  1923  1923 E JavaBinder: !!! FAILED BINDER TRANSACTION !!!  (parcel size = 104)

03-08 12:00:57.535   372   476 I ThermalEngine: Sensor:batt_temp:343 mC

03-08 12:00:58.536   372   476 I ThermalEngine: Sensor:batt_temp:343 mC

03-08 12:00:58.579  4269  4269 D wpa_supplicant: wlan0: Control interface command 'SIGNAL_POLL'

03-08 12:00:58.582  4269  4269 D wpa_supplicant: CTRL-DEBUG: global_ctrl_sock-sendto: sock=11 sndbuf=163840 outq=0 send_len=48

03-08 12:00:58.952  1923  1923 E JavaBinder: !!! FAILED BINDER TRANSACTION !!!  (parcel size = 104)

03-08 12:00:58.987  4099  5103 I XiaomiFirewall: firewall pkgName:com.orvibo.homemate, result:0x0

03-08 12:00:59.537   372   476 I ThermalEngine: Sensor:batt_temp:343 mC

03-08 12:00:59.708  4269  4269 D wpa_supplicant: wlan0: Control interface command 'SCAN TYPE=ONLY'

03-08 12:00:59.708  4269  4269 D wpa_supplicant: wlan0: Setting scan request: 0.000000 sec

03-08 12:00:59.708  4269  4269 D wpa_supplicant: CTRL-DEBUG: global_ctrl_sock-sendto: sock=11 sndbuf=163840 outq=0 send_len=3

03-08 12:00:59.708  4269  4269 D wpa_supplicant: wlan0: Starting AP scan for wildcard SSID

03-08 12:00:59.708  4269  4269 D wpa_supplicant: wlan0: Add radio work 'scan'@0xb6919398

03-08 12:00:59.708  4269  4269 D wpa_supplicant: wlan0: First radio work item in the queue - schedule start immediately

03-08 12:00:59.709  4269  4269 D wpa_supplicant: wlan0: Starting radio work 'scan'@0xb6919398 after 0.000152 second wait

03-08 12:00:59.709  4269  4269 D wpa_supplicant: wlan0: nl80211: scan request

03-08 12:00:59.709  4269  4269 D wpa_supplicant: nl80211: Scan SSID - hexdump(len=0): [NULL]

03-08 12:00:59.709  4269  4269 D wpa_supplicant: nl80211: Scan extra IEs - hexdump(len=7): 7f 05 00 00 0a 02 01

03-08 12:00:59.727  4269  4269 D wpa_supplicant: Scan requested (ret=0) - scan timeout 30 seconds

03-08 12:00:59.727  4269  4269 D wpa_supplicant: nl80211: Event message available

03-08 12:00:59.727  4269  4269 D wpa_supplicant: nl80211: Drv Event 33 (NL80211_CMD_TRIGGER_SCAN) received for wlan0

03-08 12:00:59.727  4269  4269 D wpa_supplicant: wlan0: nl80211: Scan trigger

03-08 12:00:59.727  4269  4269 D wpa_supplicant: wlan0: Event SCAN_STARTED (47) received

03-08 12:00:59.727  4269  4269 D wpa_supplicant: wlan0: Own scan request started a scan in 0.000232 seconds

03-08 12:00:59.728  4269  4269 D wpa_supplicant: CTRL-DEBUG: ctrl_sock-sendmsg: sock=11 sndbuf=163840 outq=0 send_len=24

03-08 12:00:59.728  4269  4269 D wpa_supplicant: CTRL_IFACE monitor sent successfully to /data/misc/wifi/sockets/wpa_ctrl_1923-2\x00

03-08 12:00:59.923  3670  3765 D UTAnalytics:CommitTask: pid:3670 check&commit event:65502,

03-08 12:00:59.924  3670  3765 D UTAnalytics:CommitTask: pid:3670 next:65502,

03-08 12:00:59.924  3670  3765 D UTAnalytics:CommitTask: pid:3670 check&commit event:65503,

03-08 12:00:59.924  3670  3765 D UTAnalytics:CommitTask: pid:3670 next:65503,

03-08 12:00:59.932  3670  3768 D UTAnalytics:CommitTask: pid:3670 check&commit event:65501,

03-08 12:00:59.941  3670  3768 D UTAnalytics:CommitTask: pid:3670 next:65501,

03-08 12:01:00.119  4188  4327 W WtProcessController: do not trim { PackageName :com.miui.home Pid: 4270 Uid: 10019 Start by: unknown Score:50 Old score:50 state:0 mBackgroundTimeInMillis:1488945633417 WakelockCount:0 wakelogsize:0  ActivityDestroied:false Activity size: 1 PackageInfo:{WhetstonePackageInfo#PacakgeName:com.miui.home uid:10019 uiMemoryThresold:0 nonUiMemoryThresold:0 Flag:-2147483392,0x80000100 [,APP_SYSTEM] Type:0[] } tasknum:6960}

03-08 12:01:00.162  4188  4327 W WtProcessController: do not trim { PackageName :com.orvibo.homemate Pid: 3803 Uid: 10133 Start by: service Score:50 Old score:50 state:0 mBackgroundTimeInMillis:1488945642055 WakelockCount:0 wakelogsize:0  ActivityDestroied:false Activity size: 0 PackageInfo:{WhetstonePackageInfo#PacakgeName:com.orvibo.homemate uid:10133 uiMemoryThresold:0 nonUiMemoryThresold:0 Flag:5184,0x1440 [,TRIMHEAPS,SOFT_RESET,FLAG_DEAL_SCHEDULE] Type:0[] } tasknum:-1}

03-08 12:01:00.539   372   476 I ThermalEngine: Sensor:batt_temp:343 mC

03-08 12:01:00.974  1923  1923 E JavaBinder: !!! FAILED BINDER TRANSACTION !!!  (parcel size = 104)

03-08 12:01:01.540   372   476 I ThermalEngine: Sensor:batt_temp:343 mC

03-08 12:01:01.589  4269  4269 D wpa_supplicant: wlan0: Control interface command 'SIGNAL_POLL'

03-08 12:01:01.592  4269  4269 D wpa_supplicant: CTRL-DEBUG: global_ctrl_sock-sendto: sock=11 sndbuf=163840 outq=0 send_len=48

03-08 12:01:01.938  5352  9829 D FrozenAppController: FrozenAPP, is HasProcessOOMTooLow

03-08 12:01:01.938  5352  9829 D FrozenAppController: >>> event = 22 >>> state = 0 uid 10122

03-08 12:01:01.938  5352  9829 V FrozenAppController:     >>>>  MSG_FROZEN_APP : { uid: 10122 mState:0 mEvent:22 mIsForeground:false mLocationPolicy:255}

03-08 12:01:02.542   372   476 I ThermalEngine: Sensor:batt_temp:343 mC

03-08 12:01:02.786 26902 26918 W Settings: Setting airplane_mode_on has moved from android.provider.Settings.System to android.provider.Settings.Global, returning read-only value.

03-08 12:01:02.796  4099  5103 I XiaomiFirewall: firewall pkgName:com.baidu.BaiduMap, result:0x0

03-08 12:01:03.543   372   476 I ThermalEngine: Sensor:batt_temp:343 mC

03-08 12:01:03.819  1923  3680 D WifiStateMachine: starting scan for "18.1_neiwang"-WPA_PSK with 5745,2422

03-08 12:01:03.819  4269  4269 D wpa_supplicant: wlan0: Control interface command 'SCAN TYPE=ONLY freq=5745,2422'

03-08 12:01:03.820  4269  4269 D wpa_supplicant: Pending scan scheduled - reject new request

03-08 12:01:03.820  4269  4269 D wpa_supplicant: CTRL-DEBUG: global_ctrl_sock-sendto: sock=11 sndbuf=163840 outq=0 send_len=10

03-08 12:01:03.844  4269  4269 D wpa_supplicant: nl80211: Event message available

03-08 12:01:03.844  4269  4269 D wpa_supplicant: nl80211: Drv Event 34 (NL80211_CMD_NEW_SCAN_RESULTS) received for wlan0

03-08 12:01:03.844  4269  4269 D wpa_supplicant: wlan0: nl80211: New scan results available

03-08 12:01:03.845  4269  4269 D wpa_supplicant: nl80211: Scan included frequencies: 2412 2417 2422 2427 2432 2437 2442 2447 2452 2457 2462 2467 2472 5180 5200 5220 5240 5260 5280 5300 5320 5500 5520 5540 5560 5580 5600 5620 5640 5660 5680 5700 5745 5765 5785 5805 5825

03-08 12:01:03.845  4269  4269 D wpa_supplicant: wlan0: Event SCAN_RESULTS (3) received

03-08 12:01:03.845  4269  4269 D wpa_supplicant: wlan0: Scan completed in 4.117610 seconds

03-08 12:01:03.846  4269  4269 D wpa_supplicant: nl80211: Associated on 2422 MHz

03-08 12:01:03.846  4269  4269 D wpa_supplicant: nl80211: Associated with c0:3d:46:00:1a:5a

03-08 12:01:03.847  4269  4269 D wpa_supplicant: nl80211: Received scan results (31 BSSes)

03-08 12:01:03.847  4269  4269 D wpa_supplicant: nl80211: Scan results indicate BSS status with c0:3d:46:00:1a:5a as associated

03-08 12:01:03.847  4269  4269 D wpa_supplicant: wlan0: BSS: Start scan result update 9267

03-08 12:01:03.848  4269  4269 D wpa_supplicant: wlan0: BSS: Add new id 27731 BSSID f0:b4:29:d7:7e:79 SSID '0000'

03-08 12:01:03.848  4269  4269 D wpa_supplicant: CTRL-DEBUG: ctrl_sock-sendmsg: sock=11 sndbuf=163840 outq=0 send_len=44

03-08 12:01:03.853  4269  4269 D wpa_supplicant: CTRL_IFACE monitor sent successfully to /data/misc/wifi/sockets/wpa_ctrl_1923-2\x00

03-08 12:01:03.853  4269  4269 D wpa_supplicant: wlan0: BSS: Add new id 27732 BSSID d8:15:0d:6c:70:10 SSID '@ZigbeeTeam_Ext'

03-08 12:01:03.853  4269  4269 D wpa_supplicant: CTRL-DEBUG: ctrl_sock-sendmsg: sock=11 sndbuf=163840 outq=0 send_len=44

03-08 12:01:03.855  4269  4269 D wpa_supplicant: CTRL_IFACE monitor sent successfully to /data/misc/wifi/sockets/wpa_ctrl_1923-2\x00

03-08 12:01:03.855  4269  4269 D wpa_supplicant: wlan0: BSS: Add new id 27733 BSSID 08:10:77:61:24:3e SSID 'er1'

03-08 12:01:03.855  4269  4269 D wpa_supplicant: CTRL-DEBUG: ctrl_sock-sendmsg: sock=11 sndbuf=163840 outq=0 send_len=44

03-08 12:01:03.857  4269  4269 D wpa_supplicant: CTRL_IFACE monitor sent successfully to /data/misc/wifi/sockets/wpa_ctrl_1923-2\x00

03-08 12:01:03.857  4269  4269 D wpa_supplicant: wlan0: BSS: Add new id 27734 BSSID cc:81:da:c4:ad:a8 SSID '50.1-qian'

03-08 12:01:03.857  4269  4269 D wpa_supplicant: CTRL-DEBUG: ctrl_sock-sendmsg: sock=11 sndbuf=163840 outq=0 send_len=44

03-08 12:01:03.860  4269  4269 D wpa_supplicant: CTRL_IFACE monitor sent successfully to /data/misc/wifi/sockets/wpa_ctrl_1923-2\x00

03-08 12:01:03.863  4269  4269 D wpa_supplicant: wlan0: BSS: Remove id 27675 BSSID c0:3d:46:00:4e:26 SSID '22.1_\xe5\xa4\x96\xe7\xbd\x91' due to no match in scan

03-08 12:01:03.863  4269  4269 D wpa_supplicant: CTRL-DEBUG: ctrl_sock-sendmsg: sock=11 sndbuf=163840 outq=0 send_len=46

03-08 12:01:03.864  4269  4269 D wpa_supplicant: CTRL_IFACE monitor sent successfully to /data/misc/wifi/sockets/wpa_ctrl_1923-2\x00

03-08 12:01:03.864  4269  4269 D wpa_supplicant: wlan0: BSS: Remove id 27693 BSSID 3c:df:bd:39:72:f4 SSID '55.1_neiwang' due to no match in scan

03-08 12:01:03.864  4269  4269 D wpa_supplicant: CTRL-DEBUG: ctrl_sock-sendmsg: sock=11 sndbuf=163840 outq=0 send_len=46

03-08 12:01:03.865  4269  4269 D wpa_supplicant: CTRL_IFACE monitor sent successfully to /data/misc/wifi/sockets/wpa_ctrl_1923-2\x00

03-08 12:01:03.865  4269  4269 D wpa_supplicant: wlan0: BSS: Remove id 27704 BSSID 10:bd:18:08:36:17 SSID 'cisco-3615' due to no match in scan

03-08 12:01:03.866  4269  4269 D wpa_supplicant: CTRL-DEBUG: ctrl_sock-sendmsg: sock=11 sndbuf=163840 outq=0 send_len=46

03-08 12:01:03.867  4269  4269 D wpa_supplicant: CTRL_IFACE monitor sent successfully to /data/misc/wifi/sockets/wpa_ctrl_1923-2\x00

03-08 12:01:03.867  4269  4269 D wpa_supplicant: BSS: last_scan_res_used=31/64

03-08 12:01:03.867  4269  4269 D wpa_supplicant: wlan0: Scan-only results received

03-08 12:01:03.867  4269  4269 D wpa_supplicant: CTRL-DEBUG: ctrl_sock-sendmsg: sock=11 sndbuf=163840 outq=0 send_len=24

03-08 12:01:03.868  4269  4269 D wpa_supplicant: CTRL_IFACE monitor sent successfully to /data/misc/wifi/sockets/wpa_ctrl_1923-2\x00

03-08 12:01:03.868  4269  4269 D wpa_supplicant: wlan0: Radio work 'scan'@0xb6919398 done in 4.159778 seconds

03-08 12:01:03.868  4269  4269 D wpa_supplicant: RTM_NEWLINK: ifi_index=22 ifname=wlan0 wext ifi_family=0 ifi_flags=0x11043 ([UP][RUNNING][LOWER_UP])

03-08 12:01:03.870   433   644 W XTCC-5.1.0.8: [WifiScanner] WiFi scan result : [31] AP's

03-08 12:01:03.874  4269  4269 D wpa_supplicant: CTRL-DEBUG: global_ctrl_sock-sendto: sock=11 sndbuf=163840 outq=0 send_len=3995

03-08 12:01:03.876  4269  4269 D wpa_supplicant: CTRL-DEBUG: global_ctrl_sock-sendto: sock=11 sndbuf=163840 outq=0 send_len=3821

03-08 12:01:03.879  4269  4269 D wpa_supplicant: CTRL-DEBUG: global_ctrl_sock-sendto: sock=11 sndbuf=163840 outq=0 send_len=3325

03-08 12:01:03.882  4269  4269 D wpa_supplicant: CTRL-DEBUG: global_ctrl_sock-sendto: sock=11 sndbuf=163840 outq=0 send_len=3496

03-08 12:01:03.885  4269  4269 D wpa_supplicant: CTRL-DEBUG: global_ctrl_sock-sendto: sock=11 sndbuf=163840 outq=0 send_len=3935

03-08 12:01:03.887  4269  4269 D wpa_supplicant: CTRL-DEBUG: global_ctrl_sock-sendto: sock=11 sndbuf=163840 outq=0 send_len=3580

03-08 12:01:03.890  4269  4269 D wpa_supplicant: CTRL-DEBUG: global_ctrl_sock-sendto: sock=11 sndbuf=163840 outq=0 send_len=613

03-08 12:01:03.965  4269  4269 D wpa_supplicant: EAPOL: EAP Session-Id not available

03-08 12:01:03.965  4269  4269 D wpa_supplicant: CTRL-DEBUG: global_ctrl_sock-sendto: sock=11 sndbuf=163840 outq=0 send_len=278

03-08 12:01:03.973  4188 28948 I StepsProvider: Steps Provider Query

03-08 12:01:03.995 26390 27008 E WifiDeviceFinder: start process end time - 21

03-08 12:01:04.000 26390 26435 E WifiScanHomelog: start process end time - 25

03-08 12:01:04.505  3670  3719 D NAT     : SYMMETRIC_NAT

03-08 12:01:04.511  3670  3719 D NAT     : call void method before

03-08 12:01:04.512  3670  3719 D NAT     : call void method after

03-08 12:01:04.544   372   476 I ThermalEngine: Sensor:batt_temp:343 mC

03-08 12:01:04.594  4269  4269 D wpa_supplicant: wlan0: Control interface command 'SIGNAL_POLL'

03-08 12:01:04.597  4269  4269 D wpa_supplicant: CTRL-DEBUG: global_ctrl_sock-sendto: sock=11 sndbuf=163840 outq=0 send_len=48

03-08 12:01:05.006  1923  1923 E JavaBinder: !!! FAILED BINDER TRANSACTION !!!  (parcel size = 104)

03-08 12:01:05.222  6869 24532 D MSF.C.NetConnTag: netRecv ssoSeq:-1549024665 uin:*2908 cmd:1563966628 -1549024442

03-08 12:01:05.227  2859  2922 D Q.unread.ProxyUnreadMonitor: insertOrUpdateUnread update=--ConversationInfo--,shortUin:*8141,type:3000,lastread:35220,unreadCount:1,unreadGiftCount:0,unreadRedPacketCount:0,unreadMark:0

03-08 12:01:05.239  2859  2922 D Q.msg.QQMessageFacadeUnreadMonitor: Recent Msg Unread: (0,0,44) (9980,9000,0) (9953,7230,4) (9992,7000,0) 

03-08 12:01:05.250  2859  4422 D Q.msg.QQMessageFacadeUnreadMonitor: Recent Msg Unread: (0,0,44) (9980,9000,0) (9953,7230,4) (9992,7000,0) 

03-08 12:01:05.253  2859  4422 D BadgeUtilsUnreadMonitor: setBadge limit: 999, count: 48

03-08 12:01:05.253  2859  4422 D CommonBadgeUtilImpl: setBadge count=48|forceSet=false

03-08 12:01:05.545   372   476 I ThermalEngine: Sensor:batt_temp:343 mC

03-08 12:01:06.547   372   476 I ThermalEngine: Sensor:batt_temp:343 mC

03-08 12:01:07.035  1923  1923 E JavaBinder: !!! FAILED BINDER TRANSACTION !!!  (parcel size = 104)

03-08 12:01:07.548   372   476 I ThermalEngine: Sensor:batt_temp:343 mC

03-08 12:01:07.607  4269  4269 D wpa_supplicant: wlan0: Control interface command 'SIGNAL_POLL'

03-08 12:01:07.624  4269  4269 D wpa_supplicant: CTRL-DEBUG: global_ctrl_sock-sendto: sock=11 sndbuf=163840 outq=0 send_len=48

03-08 12:01:07.855  3570  3580 I art     : Background sticky concurrent mark sweep GC freed 310727(16MB) AllocSpace objects, 0(0B) LOS objects, 95% free, 695KB/16MB, paused 500us total 105.277ms

03-08 12:01:08.549   372   476 I ThermalEngine: Sensor:batt_temp:343 mC

03-08 12:01:09.551   372   476 I ThermalEngine: Sensor:batt_temp:343 mC

03-08 12:01:10.552   372   476 I ThermalEngine: Sensor:batt_temp:343 mC

03-08 12:01:10.629  4269  4269 D wpa_supplicant: wlan0: Control interface command 'SIGNAL_POLL'

03-08 12:01:10.645  4269  4269 D wpa_supplicant: CTRL-DEBUG: global_ctrl_sock-sendto: sock=11 sndbuf=163840 outq=0 send_len=48

03-08 12:01:11.553   372   476 I ThermalEngine: Sensor:batt_temp:343 mC

03-08 12:01:11.846  5352  9829 D FrozenAppController: FrozenAPP, is HasProcessOOMTooLow

03-08 12:01:11.846  5352  9829 D FrozenAppController: >>> event = 22 >>> state = 0 uid 10122

03-08 12:01:11.846  5352  9829 V FrozenAppController:     >>>>  MSG_FROZEN_APP : { uid: 10122 mState:0 mEvent:22 mIsForeground:false mLocationPolicy:255}

03-08 12:01:12.062  1923  1923 E JavaBinder: !!! FAILED BINDER TRANSACTION !!!  (parcel size = 104)

03-08 12:01:12.554   372   476 I ThermalEngine: Sensor:batt_temp:343 mC

03-08 12:01:12.726  3570  3580 I art     : Background concurrent mark sweep GC freed 309478(16MB) AllocSpace objects, 0(0B) LOS objects, 95% free, 823KB/16MB, paused 1.453ms total 100.489ms

03-08 12:01:13.084  1923  1923 E JavaBinder: !!! FAILED BINDER TRANSACTION !!!  (parcel size = 104)

03-08 12:01:13.546  5352  9829 D FrozenAppController: FrozenAPP, is HasProcessOOMTooLow

03-08 12:01:13.546  5352  9829 D FrozenAppController: >>> event = 22 >>> state = 0 uid 10120

03-08 12:01:13.546  5352  9829 V FrozenAppController:     >>>>  MSG_FROZEN_APP : { uid: 10120 mState:0 mEvent:22 mIsForeground:false mLocationPolicy:255}

03-08 12:01:13.556   372   476 I ThermalEngine: Sensor:batt_temp:343 mC

03-08 12:01:13.650  4269  4269 D wpa_supplicant: wlan0: Control interface command 'SIGNAL_POLL'

03-08 12:01:13.666  4269  4269 D wpa_supplicant: CTRL-DEBUG: global_ctrl_sock-sendto: sock=11 sndbuf=163840 outq=0 send_len=48

03-08 12:01:14.557   372   476 I ThermalEngine: Sensor:batt_temp:343 mC

03-08 12:01:14.749  6869 24532 D MSF.C.NetConnTag: netRecv ssoSeq:-1549001435 uin:*2908 cmd:-316037937 -1549000108

03-08 12:01:14.796  2859  2922 D Q.msg.TroopMsgProxy: insertToList MessageRecord=friendUin:1835senderuin:3945,istroop:1,msgType:-1035,time:1488945674,shmsgseq:209795

03-08 12:01:14.810  2859  2922 D Q.unread.ProxyUnreadMonitor: insertOrUpdateUnread update=--ConversationInfo--,shortUin:*1835,type:1,lastread:204096,unreadCount:5691,unreadGiftCount:0,unreadRedPacketCount:0,unreadMark:0

03-08 12:01:14.835 26902  4385 W System.err: java.net.SocketTimeoutException: failed to connect to loc.map.baidu.com/14.215.177.33 (port 443) after 12000ms

03-08 12:01:14.835 26902  4385 W System.err: 	at libcore.io.IoBridge.connectErrno(IoBridge.java:169)

03-08 12:01:14.835 26902  4385 W System.err: 	at libcore.io.IoBridge.connect(IoBridge.java:122)

03-08 12:01:14.835 26902  4385 W System.err: 	at java.net.PlainSocketImpl.connect(PlainSocketImpl.java:183)

03-08 12:01:14.835 26902  4385 W System.err: 	at java.net.PlainSocketImpl.connect(PlainSocketImpl.java:452)

03-08 12:01:14.835 26902  4385 W System.err: 	at java.net.Socket.connect(Socket.java:884)

03-08 12:01:14.836 26902  4385 W System.err: 	at com.android.okhttp.internal.Platform.connectSocket(Platform.java:117)

03-08 12:01:14.836 26902  4385 W System.err: 	at com.android.okhttp.internal.http.SocketConnector.connectRawSocket(SocketConnector.java:160)

03-08 12:01:14.836 26902  4385 W System.err: 	at com.android.okhttp.internal.http.SocketConnector.connectTls(SocketConnector.java:79)

03-08 12:01:14.836 26902  4385 W System.err: 	at com.android.okhttp.Connection.connect(Connection.java:143)

03-08 12:01:14.836 26902  4385 W System.err: 	at com.android.okhttp.Connection.connectAndSetOwner(Connection.java:185)

03-08 12:01:14.836 26902  4385 W System.err: 	at com.android.okhttp.OkHttpClient$1.connectAndSetOwner(OkHttpClient.java:128)

03-08 12:01:14.836 26902  4385 W System.err: 	at com.android.okhttp.internal.http.HttpEngine.nextConnection(HttpEngine.java:342)

03-08 12:01:14.836 26902  4385 W System.err: 	at com.android.okhttp.internal.http.HttpEngine.connect(HttpEngine.java:331)

03-08 12:01:14.836 26902  4385 W System.err: 	at com.android.okhttp.internal.http.HttpEngine.sendRequest(HttpEngine.java:249)

03-08 12:01:14.836 26902  4385 W System.err: 	at com.android.okhttp.internal.huc.HttpURLConnectionImpl.execute(HttpURLConnectionImpl.java:437)

03-08 12:01:14.836 26902  4385 W System.err: 	at com.android.okhttp.internal.huc.HttpURLConnectionImpl.connect(HttpURLConnectionImpl.java:114)

03-08 12:01:14.836 26902  4385 W System.err: 	at com.android.okhttp.internal.huc.DelegatingHttpsURLConnection.connect(DelegatingHttpsURLConnection.java:89)

03-08 12:01:14.836 26902  4385 W System.err: 	at com.android.okhttp.internal.huc.HttpsURLConnectionImpl.connect(HttpsURLConnectionImpl.java:25)

03-08 12:01:14.836 26902  4385 W System.err: 	at com.baidu.location.h.e$4.run(Unknown Source)

03-08 12:01:14.836 26902  4385 I baidu_location_service: https NetworkCommunicationException!

03-08 12:01:14.868  2859  2922 D Q.msg.QQMessageFacadeUnreadMonitor: Recent Msg Unread: (0,0,44) (9980,9000,0) (9953,7230,4) (9992,7000,0) 

03-08 12:01:14.883  2859  4472 D ProxyIpManagerImpl: Load local proxy ip failed, uin:*2908 type: 3 reason: not mobile network!

03-08 12:01:14.884  4099  5103 I XiaomiFirewall: firewall pkgName:com.baidu.BaiduMap, result:0x0

03-08 12:01:14.886  2859  4472 D TicketManager: get ticket succ, stKey!

03-08 12:01:14.887  2859  4472 D TicketManager: get ticket succ, st!

03-08 12:01:14.900  4099  5103 I XiaomiFirewall: firewall pkgName:com.tencent.mobileqq, result:0x0

03-08 12:01:14.903  4269  4269 D wpa_supplicant: wlan0: Control interface command 'SCAN TYPE=ONLY'

03-08 12:01:14.903  4269  4269 D wpa_supplicant: wlan0: Setting scan request: 0.000000 sec

03-08 12:01:14.903  4269  4269 D wpa_supplicant: CTRL-DEBUG: global_ctrl_sock-sendto: sock=11 sndbuf=163840 outq=0 send_len=3

03-08 12:01:14.903  4269  4269 D wpa_supplicant: wlan0: Starting AP scan for wildcard SSID

03-08 12:01:14.903  4269  4269 D wpa_supplicant: wlan0: Add radio work 'scan'@0xb6919398

03-08 12:01:14.903  4269  4269 D wpa_supplicant: wlan0: First radio work item in the queue - schedule start immediately

03-08 12:01:14.903  4269  4269 D wpa_supplicant: wlan0: Starting radio work 'scan'@0xb6919398 after 0.000050 second wait

03-08 12:01:14.904  4269  4269 D wpa_supplicant: wlan0: nl80211: scan request

03-08 12:01:14.904  4269  4269 D wpa_supplicant: nl80211: Scan SSID - hexdump(len=0): [NULL]

03-08 12:01:14.904  4269  4269 D wpa_supplicant: nl80211: Scan extra IEs - hexdump(len=7): 7f 05 00 00 0a 02 01

03-08 12:01:14.905  4269  4269 D wpa_supplicant: Scan requested (ret=0) - scan timeout 30 seconds

03-08 12:01:14.905  4269  4269 D wpa_supplicant: nl80211: Event message available

03-08 12:01:14.905  4269  4269 D wpa_supplicant: nl80211: Drv Event 33 (NL80211_CMD_TRIGGER_SCAN) received for wlan0

03-08 12:01:14.905  4269  4269 D wpa_supplicant: wlan0: nl80211: Scan trigger

03-08 12:01:14.905  4269  4269 D wpa_supplicant: wlan0: Event SCAN_STARTED (47) received

03-08 12:01:14.906  4269  4269 D wpa_supplicant: wlan0: Own scan request started a scan in 0.000127 seconds

03-08 12:01:14.906  4269  4269 D wpa_supplicant: CTRL-DEBUG: ctrl_sock-sendmsg: sock=11 sndbuf=163840 outq=0 send_len=24

03-08 12:01:14.906  4269  4269 D wpa_supplicant: CTRL_IFACE monitor sent successfully to /data/misc/wifi/sockets/wpa_ctrl_1923-2\x00

03-08 12:01:15.107  1923  1923 E JavaBinder: !!! FAILED BINDER TRANSACTION !!!  (parcel size = 104)

03-08 12:01:15.558   372   476 I ThermalEngine: Sensor:batt_temp:343 mC

03-08 12:01:15.584  5352  9829 D FrozenAppController: FrozenAPP, is HasProcessOOMTooLow

03-08 12:01:15.585  5352  9829 D FrozenAppController: >>> event = 22 >>> state = 2 uid 10124

03-08 12:01:15.585  5352  9829 V FrozenAppController:     >>>>  MSG_FROZEN_APP : { uid: 10124 mState:2 mEvent:22 mIsForeground:false mLocationPolicy:0}

03-08 12:01:16.179  6869  6988 W Settings: Setting airplane_mode_on has moved from android.provider.Settings.System to android.provider.Settings.Global, returning read-only value.

03-08 12:01:16.180  6869  6988 W beacon  : onUserAction return false, because eventName:[MixedMsgReceived] is not allowed in server strategy!

03-08 12:01:16.182  6869  6988 W Settings: Setting airplane_mode_on has moved from android.provider.Settings.System to android.provider.Settings.Global, returning read-only value.

03-08 12:01:16.182  6869  6988 W beacon  : onUserAction return false, because eventName:[actDnsReq] is not allowed in server strategy!

03-08 12:01:16.183  6869  6988 W Settings: Setting airplane_mode_on has moved from android.provider.Settings.System to android.provider.Settings.Global, returning read-only value.

03-08 12:01:16.184  6869  6988 W beacon  : onUserAction return false, because eventName:[actGroupPicSmallDownV1] is not allowed in server strategy!

03-08 12:01:16.559   372   476 I ThermalEngine: Sensor:batt_temp:343 mC

03-08 12:01:16.672  4269  4269 D wpa_supplicant: wlan0: Control interface command 'SIGNAL_POLL'

03-08 12:01:16.675  4269  4269 D wpa_supplicant: CTRL-DEBUG: global_ctrl_sock-sendto: sock=11 sndbuf=163840 outq=0 send_len=48

03-08 12:01:17.119  1923  1923 E JavaBinder: !!! FAILED BINDER TRANSACTION !!!  (parcel size = 104)

03-08 12:01:17.560   372   476 I ThermalEngine: Sensor:batt_temp:343 mC

03-08 12:01:17.970 26902 26918 W Settings: Setting airplane_mode_on has moved from android.provider.Settings.System to android.provider.Settings.Global, returning read-only value.

03-08 12:01:17.983  4099  5103 I XiaomiFirewall: firewall pkgName:com.baidu.BaiduMap, result:0x0

03-08 12:01:18.138  1923  1923 E JavaBinder: !!! FAILED BINDER TRANSACTION !!!  (parcel size = 104)

03-08 12:01:18.562   372   476 I ThermalEngine: Sensor:batt_temp:343 mC

03-08 12:01:18.583  3670  3768 D UTAnalytics:LogStoreMgr: pid:3670 [store],

03-08 12:01:18.597  3670  3768 D UTAnalytics:UTSqliteLogStore: pid:3670 sql:SELECT * FROM log ORDER BY time ASC  LIMIT 350,

03-08 12:01:18.600  3670  3768 D UTAnalytics:LogStoreMgr: pid:3670 [get],[],

03-08 12:01:18.606  3670  3768 D UTAnalytics:UploadEngine: pid:3670 UTDC.bBackground:false,AppInfoUtil.isForeground(UTDC.getContext()) ,true,

03-08 12:01:18.609  3670  3768 D UTAnalytics:UploadTask: pid:3670 mPeriod:30000,

03-08 12:01:19.028  4269  4269 D wpa_supplicant: nl80211: Event message available

03-08 12:01:19.029  4269  4269 D wpa_supplicant: nl80211: Drv Event 34 (NL80211_CMD_NEW_SCAN_RESULTS) received for wlan0

03-08 12:01:19.029  4269  4269 D wpa_supplicant: wlan0: nl80211: New scan results available

03-08 12:01:19.029  4269  4269 D wpa_supplicant: nl80211: Scan included frequencies: 2412 2417 2422 2427 2432 2437 2442 2447 2452 2457 2462 2467 2472 5180 5200 5220 5240 5260 5280 5300 5320 5500 5520 5540 5560 5580 5600 5620 5640 5660 5680 5700 5745 5765 5785 5805 5825

03-08 12:01:19.029  4269  4269 D wpa_supplicant: wlan0: Event SCAN_RESULTS (3) received

03-08 12:01:19.029  4269  4269 D wpa_supplicant: wlan0: Scan completed in 4.123525 seconds

03-08 12:01:19.029  4269  4269 D wpa_supplicant: nl80211: Associated on 2422 MHz

03-08 12:01:19.029  4269  4269 D wpa_supplicant: nl80211: Associated with c0:3d:46:00:1a:5a

03-08 12:01:19.030  4269  4269 D wpa_supplicant: nl80211: Received scan results (30 BSSes)

03-08 12:01:19.030  4269  4269 D wpa_supplicant: nl80211: Scan results indicate BSS status with c0:3d:46:00:1a:5a as associated

03-08 12:01:19.030  4269  4269 D wpa_supplicant: wlan0: BSS: Start scan result update 9268

03-08 12:01:19.031  4269  4269 D wpa_supplicant: wlan0: BSS: Add new id 27735 BSSID 20:76:93:24:bd:72 SSID 'wukong222'

03-08 12:01:19.031  4269  4269 D wpa_supplicant: CTRL-DEBUG: ctrl_sock-sendmsg: sock=11 sndbuf=163840 outq=0 send_len=44

03-08 12:01:19.042  4269  4269 D wpa_supplicant: CTRL_IFACE monitor sent successfully to /data/misc/wifi/sockets/wpa_ctrl_1923-2\x00

03-08 12:01:19.042  4269  4269 D wpa_supplicant: wlan0: BSS: Remove id 27730 BSSID c0:3d:46:00:12:ca SSID 'rgts' due to no match in scan

03-08 12:01:19.043  4269  4269 D wpa_supplicant: CTRL-DEBUG: ctrl_sock-sendmsg: sock=11 sndbuf=163840 outq=0 send_len=46

03-08 12:01:19.047  4269  4269 D wpa_supplicant: CTRL_IFACE monitor sent successfully to /data/misc/wifi/sockets/wpa_ctrl_1923-2\x00

03-08 12:01:19.048  4269  4269 D wpa_supplicant: wlan0: BSS: Remove id 27714 BSSID 64:09:80:51:3f:74 SSID 'FuckMe' due to no match in scan

03-08 12:01:19.048  4269  4269 D wpa_supplicant: CTRL-DEBUG: ctrl_sock-sendmsg: sock=11 sndbuf=163840 outq=0 send_len=46

03-08 12:01:19.050  4269  4269 D wpa_supplicant: CTRL_IFACE monitor sent successfully to /data/misc/wifi/sockets/wpa_ctrl_1923-2\x00

03-08 12:01:19.050  4269  4269 D wpa_supplicant: BSS: last_scan_res_used=30/64

03-08 12:01:19.050  4269  4269 D wpa_supplicant: wlan0: Scan-only results received

03-08 12:01:19.050  4269  4269 D wpa_supplicant: CTRL-DEBUG: ctrl_sock-sendmsg: sock=11 sndbuf=163840 outq=0 send_len=24

03-08 12:01:19.055  4269  4269 D wpa_supplicant: CTRL_IFACE monitor sent successfully to /data/misc/wifi/sockets/wpa_ctrl_1923-2\x00

03-08 12:01:19.057  4269  4269 D wpa_supplicant: wlan0: Radio work 'scan'@0xb6919398 done in 4.153958 seconds

03-08 12:01:19.066  4269  4269 D wpa_supplicant: CTRL-DEBUG: global_ctrl_sock-sendto: sock=11 sndbuf=163840 outq=0 send_len=3995

03-08 12:01:19.068  4269  4269 D wpa_supplicant: RTM_NEWLINK: ifi_index=22 ifname=wlan0 wext ifi_family=0 ifi_flags=0x11043 ([UP][RUNNING][LOWER_UP])

03-08 12:01:19.074  4269  4269 D wpa_supplicant: CTRL-DEBUG: global_ctrl_sock-sendto: sock=11 sndbuf=163840 outq=0 send_len=3821

03-08 12:01:19.079  4269  4269 D wpa_supplicant: CTRL-DEBUG: global_ctrl_sock-sendto: sock=11 sndbuf=163840 outq=0 send_len=3325

03-08 12:01:19.083  4269  4269 D wpa_supplicant: CTRL-DEBUG: global_ctrl_sock-sendto: sock=11 sndbuf=163840 outq=0 send_len=3496

03-08 12:01:19.088  4269  4269 D wpa_supplicant: CTRL-DEBUG: global_ctrl_sock-sendto: sock=11 sndbuf=163840 outq=0 send_len=3680

03-08 12:01:19.090   433   644 W XTCC-5.1.0.8: [WifiScanner] WiFi scan result : [30] AP's

03-08 12:01:19.095  4269  4269 D wpa_supplicant: CTRL-DEBUG: global_ctrl_sock-sendto: sock=11 sndbuf=163840 outq=0 send_len=3321

03-08 12:01:19.152  1923  1923 E JavaBinder: !!! FAILED BINDER TRANSACTION !!!  (parcel size = 104)

03-08 12:01:19.153  1923  1923 E JavaBinder: !!! FAILED BINDER TRANSACTION !!!  (parcel size = 104)

03-08 12:01:19.184  4269  4269 D wpa_supplicant: EAPOL: EAP Session-Id not available

03-08 12:01:19.184  4269  4269 D wpa_supplicant: CTRL-DEBUG: global_ctrl_sock-sendto: sock=11 sndbuf=163840 outq=0 send_len=278

03-08 12:01:19.200  4188 28948 I StepsProvider: Steps Provider Query

03-08 12:01:19.216 26390 26435 E WifiScanHomelog: start process end time - 19

03-08 12:01:19.221 26390 27008 E WifiDeviceFinder: start process end time - 26

03-08 12:01:19.563   372   476 I ThermalEngine: Sensor:batt_temp:343 mC

03-08 12:01:19.683  4269  4269 D wpa_supplicant: wlan0: Control interface command 'SIGNAL_POLL'

03-08 12:01:19.699  4269  4269 D wpa_supplicant: CTRL-DEBUG: global_ctrl_sock-sendto: sock=11 sndbuf=163840 outq=0 send_len=48

03-08 12:01:20.157  1923  1923 E JavaBinder: !!! FAILED BINDER TRANSACTION !!!  (parcel size = 104)

03-08 12:01:20.158  1923  1923 E JavaBinder: !!! FAILED BINDER TRANSACTION !!!  (parcel size = 104)

03-08 12:01:20.565   372   476 I ThermalEngine: Sensor:batt_temp:343 mC

03-08 12:01:21.566   372   476 I ThermalEngine: Sensor:batt_temp:343 mC

03-08 12:01:22.190  1923  1923 E JavaBinder: !!! FAILED BINDER TRANSACTION !!!  (parcel size = 104)

03-08 12:01:22.200  1923  1923 E JavaBinder: !!! FAILED BINDER TRANSACTION !!!  (parcel size = 104)

03-08 12:01:22.567   372   476 I ThermalEngine: Sensor:batt_temp:343 mC

03-08 12:01:22.707  4269  4269 D wpa_supplicant: wlan0: Control interface command 'SIGNAL_POLL'

03-08 12:01:22.722  4269  4269 D wpa_supplicant: CTRL-DEBUG: global_ctrl_sock-sendto: sock=11 sndbuf=163840 outq=0 send_len=48

03-08 12:01:23.067 29006 29006 W AppWatcher: type=1400 audit(0.0:1030547): avc: denied { getattr } for path="/proc/opalum-temp-calib" dev="proc" ino=4026534634 scontext=u:r:untrusted_app:s0:c512,c768 tcontext=u:object_r:proc_opalum:s0 tclass=file permissive=0

03-08 12:01:23.077 29006 29006 W AppWatcher: type=1400 audit(0.0:1030548): avc: denied { getattr } for path="/proc/opalum-f0-calib" dev="proc" ino=4026534633 scontext=u:r:untrusted_app:s0:c512,c768 tcontext=u:object_r:proc_opalum:s0 tclass=file permissive=0

03-08 12:01:23.077 29006 29006 W AppWatcher: type=1400 audit(0.0:1030549): avc: denied { getattr } for path="/proc/sysrq-trigger" dev="proc" ino=4026533735 scontext=u:r:untrusted_app:s0:c512,c768 tcontext=u:object_r:proc_sysrq:s0 tclass=file permissive=0

03-08 12:01:23.087 29006 29006 W AppWatcher: type=1400 audit(0.0:1030550): avc: denied { getattr } for path="/proc/1" dev="proc" ino=907269 scontext=u:r:untrusted_app:s0:c512,c768 tcontext=u:r:init:s0 tclass=dir permissive=0

03-08 12:01:23.087 29006 29006 W AppWatcher: type=1400 audit(0.0:1030551): avc: denied { getattr } for path="/proc/2" dev="proc" ino=907270 scontext=u:r:untrusted_app:s0:c512,c768 tcontext=u:r:kernel:s0 tclass=dir permissive=0

03-08 12:01:23.087 29006 29006 W AppWatcher: type=1400 audit(0.0:1030552): avc: denied { getattr } for path="/proc/3" dev="proc" ino=907271 scontext=u:r:untrusted_app:s0:c512,c768 tcontext=u:r:kernel:s0 tclass=dir permissive=0

03-08 12:01:23.087 29006 29006 W AppWatcher: type=1400 audit(0.0:1030553): avc: denied { getattr } for path="/proc/6" dev="proc" ino=907272 scontext=u:r:untrusted_app:s0:c512,c768 tcontext=u:r:kernel:s0 tclass=dir permissive=0

03-08 12:01:23.087 29006 29006 W AppWatcher: type=1400 audit(0.0:1030554): avc: denied { getattr } for path="/proc/7" dev="proc" ino=907273 scontext=u:r:untrusted_app:s0:c512,c768 tcontext=u:r:kernel:s0 tclass=dir permissive=0

03-08 12:01:23.087 29006 29006 W AppWatcher: type=1400 audit(0.0:1030555): avc: denied { getattr } for path="/proc/8" dev="proc" ino=907274 scontext=u:r:untrusted_app:s0:c512,c768 tcontext=u:r:kernel:s0 tclass=dir permissive=0

03-08 12:01:23.087 29006 29006 W AppWatcher: type=1400 audit(0.0:1030556): avc: denied { getattr } for path="/proc/21" dev="proc" ino=907275 scontext=u:r:untrusted_app:s0:c512,c768 tcontext=u:r:kernel:s0 tclass=dir permissive=0

03-08 12:01:23.087 29006 29006 W AppWatcher: type=1400 audit(0.0:1030557): avc: denied { getattr } for path="/proc/22" dev="proc" ino=907276 scontext=u:r:untrusted_app:s0:c512,c768 tcontext=u:r:kernel:s0 tclass=dir permissive=0

03-08 12:01:23.087 29006 29006 W AppWatcher: type=1400 audit(0.0:1030558): avc: denied { getattr } for path="/proc/28" dev="proc" ino=907278 scontext=u:r:untrusted_app:s0:c512,c768 tcontext=u:r:kernel:s0 tclass=dir permissive=0

03-08 12:01:23.087 29006 29006 W AppWatcher: type=1400 audit(0.0:1030559): avc: denied { getattr } for path="/proc/29" dev="proc" ino=907279 scontext=u:r:untrusted_app:s0:c512,c768 tcontext=u:r:kernel:s0 tclass=dir permissive=0

03-08 12:01:23.087 29006 29006 W AppWatcher: type=1400 audit(0.0:1030560): avc: denied { getattr } for path="/proc/30" dev="proc" ino=907280 scontext=u:r:untrusted_app:s0:c512,c768 tcontext=u:r:kernel:s0 tclass=dir permissive=0

03-08 12:01:23.097 29006 29006 W AppWatcher: type=1400 audit(0.0:1030561): avc: denied { getattr } for path="/proc/32" dev="proc" ino=907281 scontext=u:r:untrusted_app:s0:c512,c768 tcontext=u:r:kernel:s0 tclass=dir permissive=0

03-08 12:01:23.097 29006 29006 W AppWatcher: type=1400 audit(0.0:1030562): avc: denied { getattr } for path="/proc/33" dev="proc" ino=907282 scontext=u:r:untrusted_app:s0:c512,c768 tcontext=u:r:kernel:s0 tclass=dir permissive=0

03-08 12:01:23.097 29006 29006 W AppWatcher: type=1400 audit(0.0:1030563): avc: denied { getattr } for path="/proc/34" dev="proc" ino=907283 scontext=u:r:untrusted_app:s0:c512,c768 tcontext=u:r:kernel:s0 tclass=dir permissive=0

03-08 12:01:23.097 29006 29006 W AppWatcher: type=1400 audit(0.0:1030564): avc: denied { getattr } for path="/proc/61" dev="proc" ino=907284 scontext=u:r:untrusted_app:s0:c512,c768 tcontext=u:r:kernel:s0 tclass=dir permissive=0

03-08 12:01:23.097 29006 29006 W AppWatcher: type=1400 audit(0.0:1030565): avc: denied { getattr } for path="/proc/62" dev="proc" ino=907285 scontext=u:r:untrusted_app:s0:c512,c768 tcontext=u:r:kernel:s0 tclass=dir permissive=0

03-08 12:01:23.097 29006 29006 W AppWatcher: type=1400 audit(0.0:1030566): avc: denied { getattr } for path="/proc/63" dev="proc" ino=907286 scontext=u:r:untrusted_app:s0:c512,c768 tcontext=u:r:kernel:s0 tclass=dir permissive=0

03-08 12:01:23.568   372   476 I ThermalEngine: Sensor:batt_temp:343 mC

03-08 12:01:23.820  4269  4269 D wpa_supplicant: wlan0: Control interface command 'SCAN TYPE=ONLY'

03-08 12:01:23.820  4269  4269 D wpa_supplicant: wlan0: Setting scan request: 0.000000 sec

03-08 12:01:23.820  4269  4269 D wpa_supplicant: CTRL-DEBUG: global_ctrl_sock-sendto: sock=11 sndbuf=163840 outq=0 send_len=3

03-08 12:01:23.820  4269  4269 D wpa_supplicant: wlan0: Starting AP scan for wildcard SSID

03-08 12:01:23.820  4269  4269 D wpa_supplicant: wlan0: Add radio work 'scan'@0xb6919398

03-08 12:01:23.820  4269  4269 D wpa_supplicant: wlan0: First radio work item in the queue - schedule start immediately

03-08 12:01:23.820  4269  4269 D wpa_supplicant: wlan0: Starting radio work 'scan'@0xb6919398 after 0.000074 second wait

03-08 12:01:23.820  4269  4269 D wpa_supplicant: wlan0: nl80211: scan request

03-08 12:01:23.821  4269  4269 D wpa_supplicant: nl80211: Scan SSID - hexdump(len=0): [NULL]

03-08 12:01:23.821  4269  4269 D wpa_supplicant: nl80211: Scan extra IEs - hexdump(len=7): 7f 05 00 00 0a 02 01

03-08 12:01:23.835  4269  4269 D wpa_supplicant: Scan requested (ret=0) - scan timeout 30 seconds

03-08 12:01:23.835  4269  4269 D wpa_supplicant: nl80211: Event message available

03-08 12:01:23.835  4269  4269 D wpa_supplicant: nl80211: Drv Event 33 (NL80211_CMD_TRIGGER_SCAN) received for wlan0

03-08 12:01:23.835  4269  4269 D wpa_supplicant: wlan0: nl80211: Scan trigger

03-08 12:01:23.835  4269  4269 D wpa_supplicant: wlan0: Event SCAN_STARTED (47) received

03-08 12:01:23.836  4269  4269 D wpa_supplicant: wlan0: Own scan request started a scan in 0.000307 seconds

03-08 12:01:23.836  4269  4269 D wpa_supplicant: CTRL-DEBUG: ctrl_sock-sendmsg: sock=11 sndbuf=163840 outq=0 send_len=24

03-08 12:01:23.836  4269  4269 D wpa_supplicant: CTRL_IFACE monitor sent successfully to /data/misc/wifi/sockets/wpa_ctrl_1923-2\x00

03-08 12:01:23.836  1923  4266 D WifiHAL : Read rolling over to the start of ring buffer

03-08 12:01:24.569   372   476 I ThermalEngine: Sensor:batt_temp:343 mC
