03-17 16:29:04.002 17661 17661 W AppWatcher: type=1400 audit(0.0:3034435): avc: denied { getattr } for path="/proc/34" dev="proc" ino=2557296 scontext=u:r:untrusted_app:s0:c512,c768 tcontext=u:r:kernel:s0 tclass=dir permissive=0

03-17 16:29:04.002 17661 17661 W AppWatcher: type=1400 audit(0.0:3034436): avc: denied { getattr } for path="/proc/61" dev="proc" ino=2557297 scontext=u:r:untrusted_app:s0:c512,c768 tcontext=u:r:kernel:s0 tclass=dir permissive=0

03-17 16:29:04.002 17661 17661 W AppWatcher: type=1400 audit(0.0:3034437): avc: denied { getattr } for path="/proc/62" dev="proc" ino=2557298 scontext=u:r:untrusted_app:s0:c512,c768 tcontext=u:r:kernel:s0 tclass=dir permissive=0

03-17 16:29:04.002 17661 17661 W AppWatcher: type=1400 audit(0.0:3034438): avc: denied { getattr } for path="/proc/63" dev="proc" ino=2557299 scontext=u:r:untrusted_app:s0:c512,c768 tcontext=u:r:kernel:s0 tclass=dir permissive=0

03-17 16:29:04.012 17661 17661 W AppWatcher: type=1400 audit(0.0:3034439): avc: denied { getattr } for path="/proc/64" dev="proc" ino=2557300 scontext=u:r:untrusted_app:s0:c512,c768 tcontext=u:r:kernel:s0 tclass=dir permissive=0

03-17 16:29:04.012 17661 17661 W AppWatcher: type=1400 audit(0.0:3034440): avc: denied { getattr } for path="/proc/65" dev="proc" ino=2557301 scontext=u:r:untrusted_app:s0:c512,c768 tcontext=u:r:kernel:s0 tclass=dir permissive=0

03-17 16:29:04.012 17661 17661 W AppWatcher: type=1400 audit(0.0:3034441): avc: denied { getattr } for path="/proc/66" dev="proc" ino=2557302 scontext=u:r:untrusted_app:s0:c512,c768 tcontext=u:r:kernel:s0 tclass=dir permissive=0

03-17 16:29:04.012 17661 17661 W AppWatcher: type=1400 audit(0.0:3034442): avc: denied { getattr } for path="/proc/67" dev="proc" ino=2557303 scontext=u:r:untrusted_app:s0:c512,c768 tcontext=u:r:kernel:s0 tclass=dir permissive=0

03-17 16:29:04.012 17661 17661 W AppWatcher: type=1400 audit(0.0:3034443): avc: denied { getattr } for path="/proc/68" dev="proc" ino=2557304 scontext=u:r:untrusted_app:s0:c512,c768 tcontext=u:r:kernel:s0 tclass=dir permissive=0

03-17 16:29:04.012 17661 17661 W AppWatcher: type=1400 audit(0.0:3034444): avc: denied { getattr } for path="/proc/69" dev="proc" ino=2557305 scontext=u:r:untrusted_app:s0:c512,c768 tcontext=u:r:kernel:s0 tclass=dir permissive=0

03-17 16:29:04.012 17661 17661 W AppWatcher: type=1400 audit(0.0:3034445): avc: denied { getattr } for path="/proc/70" dev="proc" ino=2557306 scontext=u:r:untrusted_app:s0:c512,c768 tcontext=u:r:kernel:s0 tclass=dir permissive=0

03-17 16:29:04.012 17661 17661 W AppWatcher: type=1400 audit(0.0:3034446): avc: denied { getattr } for path="/proc/71" dev="proc" ino=2557307 scontext=u:r:untrusted_app:s0:c512,c768 tcontext=u:r:kernel:s0 tclass=dir permissive=0

03-17 16:29:04.058 26341 26426 D UTAnalytics:LogStoreMgr: pid:26341 [store],

03-17 16:29:04.688   370   482 I ThermalEngine: Sensor:batt_temp:378 mC

03-17 16:29:05.689   370   482 I ThermalEngine: Sensor:batt_temp:378 mC

03-17 16:29:06.046 22823 22823 D wpa_supplicant: wlan0: Control interface command 'SIGNAL_POLL'

03-17 16:29:06.061 22823 22823 D wpa_supplicant: CTRL-DEBUG: global_ctrl_sock-sendto: sock=11 sndbuf=163840 outq=0 send_len=48

03-17 16:29:06.630  5869  5938 I octvm_klo: read wakeups from wakealarm_fd:1

03-17 16:29:06.630  5869  5938 I octvm_klo: new timerfd interval:

03-17 16:29:06.630  5869  5938 I octvm_klo: 	itval.it_interval.tv_sec 4, itval.it_interval.tv_nsec 0

03-17 16:29:06.630  5869  5938 I octvm_klo: 	itval.it_value.tv_sec 3, itval.it_value.tv_nsec 999996303

03-17 16:29:06.690   370   482 I ThermalEngine: Sensor:batt_temp:378 mC

03-17 16:29:06.716  1534  1534 E JavaBinder: !!! FAILED BINDER TRANSACTION !!!  (parcel size = 104)

03-17 16:29:06.726  1534  1534 E JavaBinder: !!! FAILED BINDER TRANSACTION !!!  (parcel size = 104)

03-17 16:29:06.786 26283 26291 I art     : Background sticky concurrent mark sweep GC freed 297669(15MB) AllocSpace objects, 0(0B) LOS objects, 93% free, 1127KB/16MB, paused 12.418ms total 113.617ms

03-17 16:29:07.691   370   482 I ThermalEngine: Sensor:batt_temp:378 mC

03-17 16:29:07.732  1534  1534 E JavaBinder: !!! FAILED BINDER TRANSACTION !!!  (parcel size = 104)

03-17 16:29:07.733  1534  1534 E JavaBinder: !!! FAILED BINDER TRANSACTION !!!  (parcel size = 104)

03-17 16:29:08.696   370   482 I ThermalEngine: Sensor:batt_temp:378 mC

03-17 16:29:09.064 22823 22823 D wpa_supplicant: wlan0: Control interface command 'SIGNAL_POLL'

03-17 16:29:09.078 22823 22823 D wpa_supplicant: CTRL-DEBUG: global_ctrl_sock-sendto: sock=11 sndbuf=163840 outq=0 send_len=48

03-17 16:29:09.697   370   482 I ThermalEngine: Sensor:batt_temp:378 mC

03-17 16:29:10.630  5869  5938 I octvm_klo: read wakeups from wakealarm_fd:1

03-17 16:29:10.631  5869  5938 I octvm_klo: new timerfd interval:

03-17 16:29:10.631  5869  5938 I octvm_klo: 	itval.it_interval.tv_sec 4, itval.it_interval.tv_nsec 0

03-17 16:29:10.631  5869  5938 I octvm_klo: 	itval.it_value.tv_sec 3, itval.it_value.tv_nsec 999996823

03-17 16:29:10.698   370   482 I ThermalEngine: Sensor:batt_temp:378 mC

03-17 16:29:11.183 26341 26395 W System.err: Êó†Ê≥ïËÆøÈóÆÊàñÁΩëÁªú‰∏çÁ®≥ÂÆö

03-17 16:29:11.183 26341 26395 W System.err: 	at com.danale.video.sdk.http.impl.apache.ApacheHttpClient.readDataWithRetriesAndReportDanaleError(Unknown Source)

03-17 16:29:11.188 26341 26395 W System.err: 	at com.danale.video.sdk.http.impl.apache.ApacheHttpClient.execute(Unknown Source)

03-17 16:29:11.188 26341 26395 W System.err: 	at com.danale.video.sdk.utils.DnsAnalysisUtil.dnsAnalysisByDanale(Unknown Source)

03-17 16:29:11.188 26341 26395 W System.err: 	at com.danale.video.sdk.platform.entity.Session$7.doInBackground(Unknown Source)

03-17 16:29:11.188 26341 26395 W System.err: 	at com.danale.video.sdk.platform.entity.Session$7.doInBackground(Unknown Source)

03-17 16:29:11.188 26341 26395 W System.err: 	at com.danale.video.sdk.async.AsyncTask$2.call(Unknown Source)

03-17 16:29:11.188 26341 26395 W System.err: 	at java.util.concurrent.FutureTask.run(FutureTask.java:237)

03-17 16:29:11.188 26341 26395 W System.err: 	at java.util.concurrent.ThreadPoolExecutor.runWorker(ThreadPoolExecutor.java:1113)

03-17 16:29:11.188 26341 26395 W System.err: 	at java.util.concurrent.ThreadPoolExecutor$Worker.run(ThreadPoolExecutor.java:588)

03-17 16:29:11.188 26341 26395 W System.err: 	at java.lang.Thread.run(Thread.java:818)

03-17 16:29:11.188 26341 26395 W System.err: Caused by: org.apache.http.conn.ConnectTimeoutException: Connect to /54.93.73.119:443 timed out

03-17 16:29:11.189 26341 26395 W System.err: 	at org.apache.http.conn.scheme.PlainSocketFactory.connectSocket(PlainSocketFactory.java:126)

03-17 16:29:11.189 26341 26395 W System.err: 	at org.apache.http.impl.conn.DefaultClientConnectionOperator.openConnection(DefaultClientConnectionOperator.java:149)

03-17 16:29:11.189 26341 26395 W System.err: 	at org.apache.http.impl.conn.AbstractPoolEntry.open(AbstractPoolEntry.java:169)

03-17 16:29:11.189 26341 26395 W System.err: 	at org.apache.http.impl.conn.AbstractPooledConnAdapter.open(AbstractPooledConnAdapter.java:124)

03-17 16:29:11.189 26341 26395 W System.err: 	at org.apache.http.impl.client.DefaultRequestDirector.execute(DefaultRequestDirector.java:370)

03-17 16:29:11.189 26341 26395 W System.err: 	at org.apache.http.impl.client.AbstractHttpClient.execute(AbstractHttpClient.java:560)

03-17 16:29:11.189 26341 26395 W System.err: 	at org.apache.http.impl.client.AbstractHttpClient.execute(AbstractHttpClient.java:492)

03-17 16:29:11.189 26341 26395 W System.err: 	at org.apache.http.impl.client.AbstractHttpClient.execute(AbstractHttpClient.java:470)

03-17 16:29:11.189 26341 26395 W System.err: 	at com.danale.video.sdk.http.impl.apache.ApacheHttpClient.readDataWithRetriesAndReportDanaleError(Unknown Source)

03-17 16:29:11.189 26341 26395 W System.err: 	... 9 more

03-17 16:29:11.699   370   482 I ThermalEngine: Sensor:batt_temp:378 mC

03-17 16:29:12.083 22823 22823 D wpa_supplicant: wlan0: Control interface command 'SIGNAL_POLL'

03-17 16:29:12.100 22823 22823 D wpa_supplicant: CTRL-DEBUG: global_ctrl_sock-sendto: sock=11 sndbuf=163840 outq=0 send_len=48

03-17 16:29:12.368   370   467 I ThermalEngine: Sensor:tsens_tz_sensor5:50000 mC

03-17 16:29:12.375   370   493 I ThermalEngine: Sensor:tsens_tz_sensor5:50000 mC

03-17 16:29:12.376   370   493 I ThermalEngine: TM Id 'CPU0_MONITOR' Sensor 'cpu0' - alarm cleared 1 at 50.0 degC

03-17 16:29:12.377   370   493 I ThermalEngine: ACTION: CPU - Setting CPU[0] to 2457600

03-17 16:29:12.378   370   493 I ThermalEngine: Mitigation:CPU[0]:2457600 Khz

03-17 16:29:12.378   370   493 I ThermalEngine: ACTION: CPU - Setting CPU[1] to 2457600

03-17 16:29:12.379   370   493 E ThermalEngine: Failed to set desired CPU[1] frequency limit to 2457600

03-17 16:29:12.379   370   493 I ThermalEngine: ACTION: CPU - Setting CPU[2] to 2457600

03-17 16:29:12.379   370   493 E ThermalEngine: Failed to set desired CPU[2] frequency limit to 2457600

03-17 16:29:12.379   370   493 I ThermalEngine: ACTION: CPU - Setting CPU[3] to 2457600

03-17 16:29:12.380   370   493 I ThermalEngine: Mitigation:CPU[3]:2457600 Khz

03-17 16:29:12.700   370   482 I ThermalEngine: Sensor:batt_temp:378 mC

03-17 16:29:12.742  1534  1534 E JavaBinder: !!! FAILED BINDER TRANSACTION !!!  (parcel size = 104)

03-17 16:29:12.751  1534  1534 E JavaBinder: !!! FAILED BINDER TRANSACTION !!!  (parcel size = 104)

03-17 16:29:13.702   370   482 I ThermalEngine: Sensor:batt_temp:378 mC

03-17 16:29:13.755  1534  1534 E JavaBinder: !!! FAILED BINDER TRANSACTION !!!  (parcel size = 104)

03-17 16:29:13.767  1534  1534 E JavaBinder: !!! FAILED BINDER TRANSACTION !!!  (parcel size = 104)

03-17 16:29:14.192 17661 17661 W AppWatcher: type=1400 audit(0.0:3034708): avc: denied { getattr } for path="/proc/opalum-temp-calib" dev="proc" ino=4026534627 scontext=u:r:untrusted_app:s0:c512,c768 tcontext=u:object_r:proc_opalum:s0 tclass=file permissive=0

03-17 16:29:14.202 17661 17661 W AppWatcher: type=1400 audit(0.0:3034709): avc: denied { getattr } for path="/proc/opalum-f0-calib" dev="proc" ino=4026534626 scontext=u:r:untrusted_app:s0:c512,c768 tcontext=u:object_r:proc_opalum:s0 tclass=file permissive=0

03-17 16:29:14.202 17661 17661 W AppWatcher: type=1400 audit(0.0:3034710): avc: denied { getattr } for path="/proc/sysrq-trigger" dev="proc" ino=4026533735 scontext=u:r:untrusted_app:s0:c512,c768 tcontext=u:object_r:proc_sysrq:s0 tclass=file permissive=0

03-17 16:29:14.212 17661 17661 W AppWatcher: type=1400 audit(0.0:3034711): avc: denied { getattr } for path="/proc/1" dev="proc" ino=8200 scontext=u:r:untrusted_app:s0:c512,c768 tcontext=u:r:init:s0 tclass=dir permissive=0

03-17 16:29:14.212 17661 17661 W AppWatcher: type=1400 audit(0.0:3034712): avc: denied { getattr } for path="/proc/2" dev="proc" ino=2557283 scontext=u:r:untrusted_app:s0:c512,c768 tcontext=u:r:kernel:s0 tclass=dir permissive=0

03-17 16:29:14.222 17661 17661 W AppWatcher: type=1400 audit(0.0:3034713): avc: denied { getattr } for path="/proc/3" dev="proc" ino=2557284 scontext=u:r:untrusted_app:s0:c512,c768 tcontext=u:r:kernel:s0 tclass=dir permissive=0

03-17 16:29:14.222 17661 17661 W AppWatcher: type=1400 audit(0.0:3034714): avc: denied { getattr } for path="/proc/6" dev="proc" ino=2557286 scontext=u:r:untrusted_app:s0:c512,c768 tcontext=u:r:kernel:s0 tclass=dir permissive=0

03-17 16:29:14.232 17661 17661 W AppWatcher: type=1400 audit(0.0:3034715): avc: denied { getattr } for path="/proc/7" dev="proc" ino=2557287 scontext=u:r:untrusted_app:s0:c512,c768 tcontext=u:r:kernel:s0 tclass=dir permissive=0

03-17 16:29:14.232 17661 17661 W AppWatcher: type=1400 audit(0.0:3034716): avc: denied { getattr } for path="/proc/8" dev="proc" ino=2557288 scontext=u:r:untrusted_app:s0:c512,c768 tcontext=u:r:kernel:s0 tclass=dir permissive=0

03-17 16:29:14.232 17661 17661 W AppWatcher: type=1400 audit(0.0:3034717): avc: denied { getattr } for path="/proc/21" dev="proc" ino=2557289 scontext=u:r:untrusted_app:s0:c512,c768 tcontext=u:r:kernel:s0 tclass=dir permissive=0

03-17 16:29:14.232 17661 17661 W AppWatcher: type=1400 audit(0.0:3034718): avc: denied { getattr } for path="/proc/22" dev="proc" ino=2557290 scontext=u:r:untrusted_app:s0:c512,c768 tcontext=u:r:kernel:s0 tclass=dir permissive=0

03-17 16:29:14.242 17661 17661 W AppWatcher: type=1400 audit(0.0:3034719): avc: denied { getattr } for path="/proc/28" dev="proc" ino=2557291 scontext=u:r:untrusted_app:s0:c512,c768 tcontext=u:r:kernel:s0 tclass=dir permissive=0

03-17 16:29:14.242 17661 17661 W AppWatcher: type=1400 audit(0.0:3034720): avc: denied { getattr } for path="/proc/29" dev="proc" ino=2557292 scontext=u:r:untrusted_app:s0:c512,c768 tcontext=u:r:kernel:s0 tclass=dir permissive=0

03-17 16:29:14.242 17661 17661 W AppWatcher: type=1400 audit(0.0:3034721): avc: denied { getattr } for path="/proc/30" dev="proc" ino=2557293 scontext=u:r:untrusted_app:s0:c512,c768 tcontext=u:r:kernel:s0 tclass=dir permissive=0

03-17 16:29:14.242 17661 17661 W AppWatcher: type=1400 audit(0.0:3034722): avc: denied { getattr } for path="/proc/32" dev="proc" ino=2557294 scontext=u:r:untrusted_app:s0:c512,c768 tcontext=u:r:kernel:s0 tclass=dir permissive=0

03-17 16:29:14.252 17661 17661 W AppWatcher: type=1400 audit(0.0:3034723): avc: denied { getattr } for path="/proc/33" dev="proc" ino=2557295 scontext=u:r:untrusted_app:s0:c512,c768 tcontext=u:r:kernel:s0 tclass=dir permissive=0

03-17 16:29:14.252 17661 17661 W AppWatcher: type=1400 audit(0.0:3034724): avc: denied { getattr } for path="/proc/34" dev="proc" ino=2557296 scontext=u:r:untrusted_app:s0:c512,c768 tcontext=u:r:kernel:s0 tclass=dir permissive=0

03-17 16:29:14.252 17661 17661 W AppWatcher: type=1400 audit(0.0:3034725): avc: denied { getattr } for path="/proc/61" dev="proc" ino=2557297 scontext=u:r:untrusted_app:s0:c512,c768 tcontext=u:r:kernel:s0 tclass=dir permissive=0

03-17 16:29:14.252 17661 17661 W AppWatcher: type=1400 audit(0.0:3034726): avc: denied { getattr } for path="/proc/62" dev="proc" ino=2557298 scontext=u:r:untrusted_app:s0:c512,c768 tcontext=u:r:kernel:s0 tclass=dir permissive=0

03-17 16:29:14.252 17661 17661 W AppWatcher: type=1400 audit(0.0:3034727): avc: denied { getattr } for path="/proc/63" dev="proc" ino=2557299 scontext=u:r:untrusted_app:s0:c512,c768 tcontext=u:r:kernel:s0 tclass=dir permissive=0

03-17 16:29:14.631  5869  5938 I octvm_klo: read wakeups from wakealarm_fd:1

03-17 16:29:14.631  5869  5938 I octvm_klo: new timerfd interval:

03-17 16:29:14.631  5869  5938 I octvm_klo: 	itval.it_interval.tv_sec 4, itval.it_interval.tv_nsec 0

03-17 16:29:14.631  5869  5938 I octvm_klo: 	itval.it_value.tv_sec 3, itval.it_value.tv_nsec 999996510

03-17 16:29:14.703   370   482 I ThermalEngine: Sensor:batt_temp:378 mC

03-17 16:29:14.776  1534  1534 E JavaBinder: !!! FAILED BINDER TRANSACTION !!!  (parcel size = 104)

03-17 16:29:14.777  1534  1534 E JavaBinder: !!! FAILED BINDER TRANSACTION !!!  (parcel size = 104)

03-17 16:29:15.105 22823 22823 D wpa_supplicant: wlan0: Control interface command 'SIGNAL_POLL'

03-17 16:29:15.119 22823 22823 D wpa_supplicant: CTRL-DEBUG: global_ctrl_sock-sendto: sock=11 sndbuf=163840 outq=0 send_len=48

03-17 16:29:15.322  3852  4239 I XiaomiFirewall: firewall pkgName:com.orvibo.homemate, result:0x0

03-17 16:29:15.704   370   482 I ThermalEngine: Sensor:batt_temp:378 mC

03-17 16:29:15.790  1534  1534 E JavaBinder: !!! FAILED BINDER TRANSACTION !!!  (parcel size = 104)

03-17 16:29:15.791  1534  1534 E JavaBinder: !!! FAILED BINDER TRANSACTION !!!  (parcel size = 104)

03-17 16:29:16.271 26341 26433 D UTAnalytics:CommitTask: pid:26341 check&commit event:65501,

03-17 16:29:16.274 26341 26426 D UTAnalytics:CommitTask: pid:26341 check&commit event:65502,

03-17 16:29:16.279 26341 26426 D UTAnalytics:CommitTask: pid:26341 next:65502,

03-17 16:29:16.282 26341 26426 D UTAnalytics:CommitTask: pid:26341 check&commit event:65503,

03-17 16:29:16.282 26341 26426 D UTAnalytics:CommitTask: pid:26341 next:65503,

03-17 16:29:16.286 26341 26433 D UTAnalytics:CommitTask: pid:26341 next:65501,

03-17 16:29:16.509  4326  7153 D FrozenAppController: FrozenAPP, is HasProcessOOMTooLow

03-17 16:29:16.515  4326  7153 D FrozenAppController: >>> event = 22 >>> state = 2 uid 10124

03-17 16:29:16.521  4326  7153 V FrozenAppController:     >>>>  MSG_FROZEN_APP : { uid: 10124 mState:2 mEvent:22 mIsForeground:false mLocationPolicy:0}

03-17 16:29:16.534  4326  7153 D FrozenAppController: FrozenAPP, is HasProcessOOMTooLow

03-17 16:29:16.534  4326  7153 D FrozenAppController: >>> event = 22 >>> state = 0 uid 10120

03-17 16:29:16.537  4326  7153 V FrozenAppController:     >>>>  MSG_FROZEN_APP : { uid: 10120 mState:0 mEvent:22 mIsForeground:false mLocationPolicy:255}

03-17 16:29:16.705   370   482 I ThermalEngine: Sensor:batt_temp:378 mC

03-17 16:29:17.706   370   482 I ThermalEngine: Sensor:batt_temp:378 mC

03-17 16:29:17.797  1534  1534 E JavaBinder: !!! FAILED BINDER TRANSACTION !!!  (parcel size = 104)

03-17 16:29:17.812  1534  1534 E JavaBinder: !!! FAILED BINDER TRANSACTION !!!  (parcel size = 104)

03-17 16:29:18.077   370   467 I ThermalEngine: Sensor:tsens_tz_sensor5:55000 mC

03-17 16:29:18.078   370   493 I ThermalEngine: Sensor:tsens_tz_sensor5:55000 mC

03-17 16:29:18.078   370   493 I ThermalEngine: TM Id 'CPU0_MONITOR' Sensor 'cpu0' - alarm raised 1 at 55.0 degC

03-17 16:29:18.078   370   493 I ThermalEngine: ACTION: CPU - Setting CPU[0] to 1728000

03-17 16:29:18.078   370   493 I ThermalEngine: Mitigation:CPU[0]:1728000 Khz

03-17 16:29:18.079   370   493 I ThermalEngine: ACTION: CPU - Setting CPU[1] to 1728000

03-17 16:29:18.079   370   493 E ThermalEngine: Failed to set desired CPU[1] frequency limit to 1728000

03-17 16:29:18.079   370   493 I ThermalEngine: ACTION: CPU - Setting CPU[2] to 1728000

03-17 16:29:18.079   370   493 E ThermalEngine: Failed to set desired CPU[2] frequency limit to 1728000

03-17 16:29:18.079   370   493 I ThermalEngine: ACTION: CPU - Setting CPU[3] to 1728000

03-17 16:29:18.079   370   493 I ThermalEngine: Mitigation:CPU[3]:1728000 Khz

03-17 16:29:18.124 22823 22823 D wpa_supplicant: wlan0: Control interface command 'SIGNAL_POLL'

03-17 16:29:18.126 22823 22823 D wpa_supplicant: CTRL-DEBUG: global_ctrl_sock-sendto: sock=11 sndbuf=163840 outq=0 send_len=48

03-17 16:29:18.631  5869  5938 I octvm_klo: read wakeups from wakealarm_fd:1

03-17 16:29:18.631  5869  5938 I octvm_klo: new timerfd interval:

03-17 16:29:18.631  5869  5938 I octvm_klo: 	itval.it_interval.tv_sec 4, itval.it_interval.tv_nsec 0

03-17 16:29:18.631  5869  5938 I octvm_klo: 	itval.it_value.tv_sec 3, itval.it_value.tv_nsec 999997032

03-17 16:29:18.707   370   482 I ThermalEngine: Sensor:batt_temp:378 mC

03-17 16:29:18.819  1534  1534 E JavaBinder: !!! FAILED BINDER TRANSACTION !!!  (parcel size = 104)

03-17 16:29:18.830  1534  1534 E JavaBinder: !!! FAILED BINDER TRANSACTION !!!  (parcel size = 104)

03-17 16:29:19.708   370   482 I ThermalEngine: Sensor:batt_temp:378 mC

03-17 16:29:19.842  1534  1534 E JavaBinder: !!! FAILED BINDER TRANSACTION !!!  (parcel size = 104)

03-17 16:29:19.843  1534  1534 E JavaBinder: !!! FAILED BINDER TRANSACTION !!!  (parcel size = 104)

03-17 16:29:20.131   370   467 I ThermalEngine: Sensor:tsens_tz_sensor5:50000 mC

03-17 16:29:20.132   370   493 I ThermalEngine: Sensor:tsens_tz_sensor5:50000 mC

03-17 16:29:20.133   370   493 I ThermalEngine: TM Id 'CPU0_MONITOR' Sensor 'cpu0' - alarm cleared 1 at 50.0 degC

03-17 16:29:20.134   370   493 I ThermalEngine: ACTION: CPU - Setting CPU[0] to 2457600

03-17 16:29:20.135   370   493 I ThermalEngine: Mitigation:CPU[0]:2457600 Khz

03-17 16:29:20.135   370   493 I ThermalEngine: ACTION: CPU - Setting CPU[1] to 2457600

03-17 16:29:20.135   370   493 E ThermalEngine: Failed to set desired CPU[1] frequency limit to 2457600

03-17 16:29:20.135   370   493 I ThermalEngine: ACTION: CPU - Setting CPU[2] to 2457600

03-17 16:29:20.136   370   493 E ThermalEngine: Failed to set desired CPU[2] frequency limit to 2457600

03-17 16:29:20.136   370   493 I ThermalEngine: ACTION: CPU - Setting CPU[3] to 2457600

03-17 16:29:20.136   370   493 I ThermalEngine: Mitigation:CPU[3]:2457600 Khz

03-17 16:29:20.375 26341 26404 D NAT     : SYMMETRIC_NAT

03-17 16:29:20.377 26341 26404 D NAT     : call void method before

03-17 16:29:20.377 26341 26404 D NAT     : call void method after

03-17 16:29:20.710   370   482 I ThermalEngine: Sensor:batt_temp:378 mC

03-17 16:29:20.856  1534  1534 E JavaBinder: !!! FAILED BINDER TRANSACTION !!!  (parcel size = 104)

03-17 16:29:20.857  1534  1534 E JavaBinder: !!! FAILED BINDER TRANSACTION !!!  (parcel size = 104)

03-17 16:29:21.130 22823 22823 D wpa_supplicant: wlan0: Control interface command 'SIGNAL_POLL'

03-17 16:29:21.145 22823 22823 D wpa_supplicant: CTRL-DEBUG: global_ctrl_sock-sendto: sock=11 sndbuf=163840 outq=0 send_len=48

03-17 16:29:21.157   370   467 I ThermalEngine: Sensor:tsens_tz_sensor5:56000 mC

03-17 16:29:21.157   370   493 I ThermalEngine: Sensor:tsens_tz_sensor5:56000 mC

03-17 16:29:21.157   370   493 I ThermalEngine: TM Id 'CPU0_MONITOR' Sensor 'cpu0' - alarm raised 1 at 56.0 degC

03-17 16:29:21.158   370   493 I ThermalEngine: ACTION: CPU - Setting CPU[0] to 1728000

03-17 16:29:21.158   370   493 I ThermalEngine: Mitigation:CPU[0]:1728000 Khz

03-17 16:29:21.158   370   493 I ThermalEngine: ACTION: CPU - Setting CPU[1] to 1728000

03-17 16:29:21.158   370   493 E ThermalEngine: Failed to set desired CPU[1] frequency limit to 1728000

03-17 16:29:21.158   370   493 I ThermalEngine: ACTION: CPU - Setting CPU[2] to 1728000

03-17 16:29:21.158   370   493 E ThermalEngine: Failed to set desired CPU[2] frequency limit to 1728000

03-17 16:29:21.158   370   493 I ThermalEngine: ACTION: CPU - Setting CPU[3] to 1728000

03-17 16:29:21.159   370   493 I ThermalEngine: Mitigation:CPU[3]:1728000 Khz

03-17 16:29:21.478   370   467 I ThermalEngine: Sensor:tsens_tz_sensor5:50000 mC

03-17 16:29:21.479   370   493 I ThermalEngine: Sensor:tsens_tz_sensor5:50000 mC

03-17 16:29:21.480   370   493 I ThermalEngine: TM Id 'CPU0_MONITOR' Sensor 'cpu0' - alarm cleared 1 at 50.0 degC

03-17 16:29:21.481   370   493 I ThermalEngine: ACTION: CPU - Setting CPU[0] to 2457600

03-17 16:29:21.482   370   493 I ThermalEngine: Mitigation:CPU[0]:2457600 Khz

03-17 16:29:21.482   370   493 I ThermalEngine: ACTION: CPU - Setting CPU[1] to 2457600

03-17 16:29:21.482   370   493 E ThermalEngine: Failed to set desired CPU[1] frequency limit to 2457600

03-17 16:29:21.482   370   493 I ThermalEngine: ACTION: CPU - Setting CPU[2] to 2457600

03-17 16:29:21.483   370   493 E ThermalEngine: Failed to set desired CPU[2] frequency limit to 2457600

03-17 16:29:21.483   370   493 I ThermalEngine: ACTION: CPU - Setting CPU[3] to 2457600

03-17 16:29:21.483   370   493 I ThermalEngine: Mitigation:CPU[3]:2457600 Khz

03-17 16:29:21.711   370   482 I ThermalEngine: Sensor:batt_temp:378 mC

03-17 16:29:21.874  1534  1534 E JavaBinder: !!! FAILED BINDER TRANSACTION !!!  (parcel size = 104)

03-17 16:29:21.884  1534  1534 E JavaBinder: !!! FAILED BINDER TRANSACTION !!!  (parcel size = 104)

03-17 16:29:22.631  5869  5938 I octvm_klo: read wakeups from wakealarm_fd:1
