03-30 10:33:31.513  6151  6186 I octvm_klo: new timerfd interval:

03-30 10:33:31.513  6151  6186 I octvm_klo: 	itval.it_interval.tv_sec 1, itval.it_interval.tv_nsec 0

03-30 10:33:31.513  6151  6186 I octvm_klo: 	itval.it_value.tv_sec 0, itval.it_value.tv_nsec 999995104

03-30 10:33:31.924   379   493 I ThermalEngine: Sensor:batt_temp:348 mC

03-30 10:33:32.513  6151  6186 I octvm_klo: read wakeups from wakealarm_fd:1

03-30 10:33:32.513  6151  6186 I octvm_klo: new timerfd interval:

03-30 10:33:32.513  6151  6186 I octvm_klo: 	itval.it_interval.tv_sec 1, itval.it_interval.tv_nsec 0

03-30 10:33:32.513  6151  6186 I octvm_klo: 	itval.it_value.tv_sec 0, itval.it_value.tv_nsec 999990833

03-30 10:33:32.925   379   493 I ThermalEngine: Sensor:batt_temp:349 mC

03-30 10:33:33.264  4116  4556 I XiaomiFirewall: firewall pkgName:com.qihoo.appstore, result:0x0

03-30 10:33:33.513  6151  6186 I octvm_klo: read wakeups from wakealarm_fd:1

03-30 10:33:33.513  6151  6186 I octvm_klo: new timerfd interval:

03-30 10:33:33.513  6151  6186 I octvm_klo: 	itval.it_interval.tv_sec 1, itval.it_interval.tv_nsec 0

03-30 10:33:33.513  6151  6186 I octvm_klo: 	itval.it_value.tv_sec 0, itval.it_value.tv_nsec 999985313

03-30 10:33:33.776  3745  3745 D wpa_supplicant: wlan0: Control interface command 'SIGNAL_POLL'

03-30 10:33:33.793  3745  3745 D wpa_supplicant: CTRL-DEBUG: global_ctrl_sock-sendto: sock=11 sndbuf=163840 outq=0 send_len=49

03-30 10:33:33.926   379   493 I ThermalEngine: Sensor:batt_temp:349 mC

03-30 10:33:34.516  6151  6186 I octvm_klo: read wakeups from wakealarm_fd:1

03-30 10:33:34.516  6151  6186 I octvm_klo: new timerfd interval:

03-30 10:33:34.516  6151  6186 I octvm_klo: 	itval.it_interval.tv_sec 1, itval.it_interval.tv_nsec 0

03-30 10:33:34.516  6151  6186 I octvm_klo: 	itval.it_value.tv_sec 0, itval.it_value.tv_nsec 999993802

03-30 10:33:34.928   379   493 I ThermalEngine: Sensor:batt_temp:349 mC

03-30 10:33:35.516  6151  6186 I octvm_klo: read wakeups from wakealarm_fd:1

03-30 10:33:35.516  6151  6186 I octvm_klo: new timerfd interval:

03-30 10:33:35.516  6151  6186 I octvm_klo: 	itval.it_interval.tv_sec 1, itval.it_interval.tv_nsec 0

03-30 10:33:35.516  6151  6186 I octvm_klo: 	itval.it_value.tv_sec 0, itval.it_value.tv_nsec 999994375

03-30 10:33:35.879 25810 25810 W AppWatcher: type=1400 audit(0.0:55182629): avc: denied { getattr } for path="/proc/opalum-temp-calib" dev="proc" ino=4026534631 scontext=u:r:untrusted_app:s0:c512,c768 tcontext=u:object_r:proc_opalum:s0 tclass=file permissive=0

03-30 10:33:35.889 25810 25810 W AppWatcher: type=1400 audit(0.0:55182630): avc: denied { getattr } for path="/proc/opalum-f0-calib" dev="proc" ino=4026534630 scontext=u:r:untrusted_app:s0:c512,c768 tcontext=u:object_r:proc_opalum:s0 tclass=file permissive=0

03-30 10:33:35.889 25810 25810 W AppWatcher: type=1400 audit(0.0:55182631): avc: denied { getattr } for path="/proc/sysrq-trigger" dev="proc" ino=4026533735 scontext=u:r:untrusted_app:s0:c512,c768 tcontext=u:object_r:proc_sysrq:s0 tclass=file permissive=0

03-30 10:33:35.889 25810 25810 W AppWatcher: type=1400 audit(0.0:55182632): avc: denied { getattr } for path="/proc/1" dev="proc" ino=11921139 scontext=u:r:untrusted_app:s0:c512,c768 tcontext=u:r:init:s0 tclass=dir permissive=0

03-30 10:33:35.899 25810 25810 W AppWatcher: type=1400 audit(0.0:55182633): avc: denied { getattr } for path="/proc/2" dev="proc" ino=11961941 scontext=u:r:untrusted_app:s0:c512,c768 tcontext=u:r:kernel:s0 tclass=dir permissive=0

03-30 10:33:35.899 25810 25810 W AppWatcher: type=1400 audit(0.0:55182634): avc: denied { getattr } for path="/proc/3" dev="proc" ino=11961942 scontext=u:r:untrusted_app:s0:c512,c768 tcontext=u:r:kernel:s0 tclass=dir permissive=0

03-30 10:33:35.899 25810 25810 W AppWatcher: type=1400 audit(0.0:55182635): avc: denied { getattr } for path="/proc/6" dev="proc" ino=11961943 scontext=u:r:untrusted_app:s0:c512,c768 tcontext=u:r:kernel:s0 tclass=dir permissive=0

03-30 10:33:35.899 25810 25810 W AppWatcher: type=1400 audit(0.0:55182636): avc: denied { getattr } for path="/proc/7" dev="proc" ino=11961944 scontext=u:r:untrusted_app:s0:c512,c768 tcontext=u:r:kernel:s0 tclass=dir permissive=0

03-30 10:33:35.899 25810 25810 W AppWatcher: type=1400 audit(0.0:55182637): avc: denied { getattr } for path="/proc/8" dev="proc" ino=11961945 scontext=u:r:untrusted_app:s0:c512,c768 tcontext=u:r:kernel:s0 tclass=dir permissive=0

03-30 10:33:35.899 25810 25810 W AppWatcher: type=1400 audit(0.0:55182638): avc: denied { getattr } for path="/proc/21" dev="proc" ino=11961946 scontext=u:r:untrusted_app:s0:c512,c768 tcontext=u:r:kernel:s0 tclass=dir permissive=0

03-30 10:33:35.899 25810 25810 W AppWatcher: type=1400 audit(0.0:55182639): avc: denied { getattr } for path="/proc/22" dev="proc" ino=11961947 scontext=u:r:untrusted_app:s0:c512,c768 tcontext=u:r:kernel:s0 tclass=dir permissive=0

03-30 10:33:35.899 25810 25810 W AppWatcher: type=1400 audit(0.0:55182640): avc: denied { getattr } for path="/proc/28" dev="proc" ino=11961948 scontext=u:r:untrusted_app:s0:c512,c768 tcontext=u:r:kernel:s0 tclass=dir permissive=0

03-30 10:33:35.899 25810 25810 W AppWatcher: type=1400 audit(0.0:55182641): avc: denied { getattr } for path="/proc/29" dev="proc" ino=11961949 scontext=u:r:untrusted_app:s0:c512,c768 tcontext=u:r:kernel:s0 tclass=dir permissive=0

03-30 10:33:35.909 25810 25810 W AppWatcher: type=1400 audit(0.0:55182642): avc: denied { getattr } for path="/proc/30" dev="proc" ino=11961950 scontext=u:r:untrusted_app:s0:c512,c768 tcontext=u:r:kernel:s0 tclass=dir permissive=0

03-30 10:33:35.909 25810 25810 W AppWatcher: type=1400 audit(0.0:55182643): avc: denied { getattr } for path="/proc/32" dev="proc" ino=11961951 scontext=u:r:untrusted_app:s0:c512,c768 tcontext=u:r:kernel:s0 tclass=dir permissive=0

03-30 10:33:35.909 25810 25810 W AppWatcher: type=1400 audit(0.0:55182644): avc: denied { getattr } for path="/proc/33" dev="proc" ino=11961952 scontext=u:r:untrusted_app:s0:c512,c768 tcontext=u:r:kernel:s0 tclass=dir permissive=0

03-30 10:33:35.909 25810 25810 W AppWatcher: type=1400 audit(0.0:55182645): avc: denied { getattr } for path="/proc/34" dev="proc" ino=11961953 scontext=u:r:untrusted_app:s0:c512,c768 tcontext=u:r:kernel:s0 tclass=dir permissive=0

03-30 10:33:35.909 25810 25810 W AppWatcher: type=1400 audit(0.0:55182646): avc: denied { getattr } for path="/proc/61" dev="proc" ino=11961954 scontext=u:r:untrusted_app:s0:c512,c768 tcontext=u:r:kernel:s0 tclass=dir permissive=0

03-30 10:33:35.909 25810 25810 W AppWatcher: type=1400 audit(0.0:55182647): avc: denied { getattr } for path="/proc/62" dev="proc" ino=11961955 scontext=u:r:untrusted_app:s0:c512,c768 tcontext=u:r:kernel:s0 tclass=dir permissive=0

03-30 10:33:35.909 25810 25810 W AppWatcher: type=1400 audit(0.0:55182648): avc: denied { getattr } for path="/proc/63" dev="proc" ino=11961956 scontext=u:r:untrusted_app:s0:c512,c768 tcontext=u:r:kernel:s0 tclass=dir permissive=0

03-30 10:33:35.909 25810 25810 W AppWatcher: type=1400 audit(0.0:55182649): avc: denied { getattr } for path="/proc/64" dev="proc" ino=11961957 scontext=u:r:untrusted_app:s0:c512,c768 tcontext=u:r:kernel:s0 tclass=dir permissive=0

03-30 10:33:35.909 25810 25810 W AppWatcher: type=1400 audit(0.0:55182650): avc: denied { getattr } for path="/proc/65" dev="proc" ino=11961958 scontext=u:r:untrusted_app:s0:c512,c768 tcontext=u:r:kernel:s0 tclass=dir permissive=0

03-30 10:33:35.909 25810 25810 W AppWatcher: type=1400 audit(0.0:55182651): avc: denied { getattr } for path="/proc/66" dev="proc" ino=11961959 scontext=u:r:untrusted_app:s0:c512,c768 tcontext=u:r:kernel:s0 tclass=dir permissive=0

03-30 10:33:35.909 25810 25810 W AppWatcher: type=1400 audit(0.0:55182652): avc: denied { getattr } for path="/proc/67" dev="proc" ino=11961960 scontext=u:r:untrusted_app:s0:c512,c768 tcontext=u:r:kernel:s0 tclass=dir permissive=0

03-30 10:33:35.909 25810 25810 W AppWatcher: type=1400 audit(0.0:55182653): avc: denied { getattr } for path="/proc/68" dev="proc" ino=11961961 scontext=u:r:untrusted_app:s0:c512,c768 tcontext=u:r:kernel:s0 tclass=dir permissive=0

03-30 10:33:35.909 25810 25810 W AppWatcher: type=1400 audit(0.0:55182654): avc: denied { getattr } for path="/proc/69" dev="proc" ino=11961962 scontext=u:r:untrusted_app:s0:c512,c768 tcontext=u:r:kernel:s0 tclass=dir permissive=0

03-30 10:33:35.909 25810 25810 W AppWatcher: type=1400 audit(0.0:55182655): avc: denied { getattr } for path="/proc/70" dev="proc" ino=11961963 scontext=u:r:untrusted_app:s0:c512,c768 tcontext=u:r:kernel:s0 tclass=dir permissive=0

03-30 10:33:35.909 25810 25810 W AppWatcher: type=1400 audit(0.0:55182656): avc: denied { getattr } for path="/proc/71" dev="proc" ino=11961964 scontext=u:r:untrusted_app:s0:c512,c768 tcontext=u:r:kernel:s0 tclass=dir permissive=0

03-30 10:33:35.909 25810 25810 W AppWatcher: type=1400 audit(0.0:55182657): avc: denied { getattr } for path="/proc/72" dev="proc" ino=11961965 scontext=u:r:untrusted_app:s0:c512,c768 tcontext=u:r:kernel:s0 tclass=dir permissive=0

03-30 10:33:35.919 25810 25810 W AppWatcher: type=1400 audit(0.0:55182658): avc: denied { getattr } for path="/proc/73" dev="proc" ino=11961966 scontext=u:r:untrusted_app:s0:c512,c768 tcontext=u:r:kernel:s0 tclass=dir permissive=0

03-30 10:33:35.919 25810 25810 W AppWatcher: type=1400 audit(0.0:55182659): avc: denied { getattr } for path="/proc/74" dev="proc" ino=11961967 scontext=u:r:untrusted_app:s0:c512,c768 tcontext=u:r:kernel:s0 tclass=dir permissive=0

03-30 10:33:35.919 25810 25810 W AppWatcher: type=1400 audit(0.0:55182660): avc: denied { getattr } for path="/proc/75" dev="proc" ino=11961968 scontext=u:r:untrusted_app:s0:c512,c768 tcontext=u:r:kernel:s0 tclass=dir permissive=0

03-30 10:33:35.919 25810 25810 W AppWatcher: type=1400 audit(0.0:55182661): avc: denied { getattr } for path="/proc/76" dev="proc" ino=11961969 scontext=u:r:untrusted_app:s0:c512,c768 tcontext=u:r:kernel:s0 tclass=dir permissive=0

03-30 10:33:35.919 25810 25810 W AppWatcher: type=1400 audit(0.0:55182662): avc: denied { getattr } for path="/proc/77" dev="proc" ino=11961970 scontext=u:r:untrusted_app:s0:c512,c768 tcontext=u:r:kernel:s0 tclass=dir permissive=0

03-30 10:33:35.929   379   493 I ThermalEngine: Sensor:batt_temp:350 mC

03-30 10:33:36.516  6151  6186 I octvm_klo: read wakeups from wakealarm_fd:1

03-30 10:33:36.517  6151  6186 I octvm_klo: new timerfd interval:

03-30 10:33:36.517  6151  6186 I octvm_klo: 	itval.it_interval.tv_sec 1, itval.it_interval.tv_nsec 0

03-30 10:33:36.517  6151  6186 I octvm_klo: 	itval.it_value.tv_sec 0, itval.it_value.tv_nsec 999991667

03-30 10:33:36.801  3745  3745 D wpa_supplicant: wlan0: Control interface command 'SIGNAL_POLL'

03-30 10:33:36.816  3745  3745 D wpa_supplicant: CTRL-DEBUG: global_ctrl_sock-sendto: sock=11 sndbuf=163840 outq=0 send_len=49

03-30 10:33:36.930   379   493 I ThermalEngine: Sensor:batt_temp:349 mC

03-30 10:33:37.459  9669  9723 W System.err: æ— æ³•è®¿é—®æˆ–ç½‘ç»œä¸ç¨³å®š

03-30 10:33:37.460  9669  9723 W System.err: 	at com.danale.video.sdk.http.impl.apache.ApacheHttpClient.readDataWithRetriesAndReportDanaleError(Unknown Source)

03-30 10:33:37.460  9669  9723 W System.err: 	at com.danale.video.sdk.http.impl.apache.ApacheHttpClient.execute(Unknown Source)

03-30 10:33:37.460  9669  9723 W System.err: 	at com.danale.video.sdk.utils.DnsAnalysisUtil.dnsAnalysisByDanale(Unknown Source)

03-30 10:33:37.460  9669  9723 W System.err: 	at com.danale.video.sdk.platform.entity.Session$7.doInBackground(Unknown Source)

03-30 10:33:37.460  9669  9723 W System.err: 	at com.danale.video.sdk.platform.entity.Session$7.doInBackground(Unknown Source)

03-30 10:33:37.460  9669  9723 W System.err: 	at com.danale.video.sdk.async.AsyncTask$2.call(Unknown Source)

03-30 10:33:37.460  9669  9723 W System.err: 	at java.util.concurrent.FutureTask.run(FutureTask.java:237)

03-30 10:33:37.461  9669  9723 W System.err: 	at java.util.concurrent.ThreadPoolExecutor.runWorker(ThreadPoolExecutor.java:1113)

03-30 10:33:37.461  9669  9723 W System.err: 	at java.util.concurrent.ThreadPoolExecutor$Worker.run(ThreadPoolExecutor.java:588)

03-30 10:33:37.461  9669  9723 W System.err: 	at java.lang.Thread.run(Thread.java:818)

03-30 10:33:37.461  9669  9723 W System.err: Caused by: org.apache.http.conn.ConnectTimeoutException: Connect to /54.93.73.119:443 timed out

03-30 10:33:37.461  9669  9723 W System.err: 	at org.apache.http.conn.scheme.PlainSocketFactory.connectSocket(PlainSocketFactory.java:126)

03-30 10:33:37.461  9669  9723 W System.err: 	at org.apache.http.impl.conn.DefaultClientConnectionOperator.openConnection(DefaultClientConnectionOperator.java:149)

03-30 10:33:37.462  9669  9723 W System.err: 	at org.apache.http.impl.conn.AbstractPoolEntry.open(AbstractPoolEntry.java:169)

03-30 10:33:37.462  9669  9723 W System.err: 	at org.apache.http.impl.conn.AbstractPooledConnAdapter.open(AbstractPooledConnAdapter.java:124)

03-30 10:33:37.462  9669  9723 W System.err: 	at org.apache.http.impl.client.DefaultRequestDirector.execute(DefaultRequestDirector.java:370)

03-30 10:33:37.462  9669  9723 W System.err: 	at org.apache.http.impl.client.AbstractHttpClient.execute(AbstractHttpClient.java:560)

03-30 10:33:37.462  9669  9723 W System.err: 	at org.apache.http.impl.client.AbstractHttpClient.execute(AbstractHttpClient.java:492)

03-30 10:33:37.462  9669  9723 W System.err: 	at org.apache.http.impl.client.AbstractHttpClient.execute(AbstractHttpClient.java:470)

03-30 10:33:37.462  9669  9723 W System.err: 	at com.danale.video.sdk.http.impl.apache.ApacheHttpClient.readDataWithRetriesAndReportDanaleError(Unknown Source)

03-30 10:33:37.462  9669  9723 W System.err: 	... 9 more

03-30 10:33:37.517  6151  6186 I octvm_klo: read wakeups from wakealarm_fd:1

03-30 10:33:37.517  6151  6186 I octvm_klo: new timerfd interval:

03-30 10:33:37.517  6151  6186 I octvm_klo: 	itval.it_interval.tv_sec 1, itval.it_interval.tv_nsec 0

03-30 10:33:37.517  6151  6186 I octvm_klo: 	itval.it_value.tv_sec 0, itval.it_value.tv_nsec 999996354

03-30 10:33:37.931   379   493 I ThermalEngine: Sensor:batt_temp:349 mC

03-30 10:33:38.517  6151  6186 I octvm_klo: read wakeups from wakealarm_fd:1

03-30 10:33:38.517  6151  6186 I octvm_klo: new timerfd interval:

03-30 10:33:38.517  6151  6186 I octvm_klo: 	itval.it_interval.tv_sec 1, itval.it_interval.tv_nsec 0

03-30 10:33:38.517  6151  6186 I octvm_klo: 	itval.it_value.tv_sec 0, itval.it_value.tv_nsec 999991250

03-30 10:33:38.932   379   493 I ThermalEngine: Sensor:batt_temp:349 mC

03-30 10:33:39.517  6151  6186 I octvm_klo: read wakeups from wakealarm_fd:1

03-30 10:33:39.517  6151  6186 I octvm_klo: new timerfd interval:

03-30 10:33:39.517  6151  6186 I octvm_klo: 	itval.it_interval.tv_sec 1, itval.it_interval.tv_nsec 0

03-30 10:33:39.517  6151  6186 I octvm_klo: 	itval.it_value.tv_sec 0, itval.it_value.tv_nsec 999996042

03-30 10:33:39.828  3745  3745 D wpa_supplicant: wlan0: Control interface command 'SIGNAL_POLL'

03-30 10:33:39.846  3745  3745 D wpa_supplicant: CTRL-DEBUG: global_ctrl_sock-sendto: sock=11 sndbuf=163840 outq=0 send_len=49

03-30 10:33:39.933   379   493 I ThermalEngine: Sensor:batt_temp:349 mC

03-30 10:33:39.989  2044  3620 D WifiStateMachine: starting scan for "56.1_neiwang"-WPA_PSK with 5280,2412

03-30 10:33:39.989  3745  3745 D wpa_supplicant: wlan0: Control interface command 'SCAN TYPE=ONLY freq=5280,2412'

03-30 10:33:39.990  3745  3745 D wpa_supplicant: wlan0: Setting scan request: 0.000000 sec

03-30 10:33:39.990  3745  3745 D wpa_supplicant: CTRL-DEBUG: global_ctrl_sock-sendto: sock=11 sndbuf=163840 outq=0 send_len=3

03-30 10:33:39.990  3745  3745 D wpa_supplicant: wlan0: Starting AP scan for wildcard SSID

03-30 10:33:39.990  3745  3745 D wpa_supplicant: wlan0: Limit manual scan to specified channels

03-30 10:33:39.990  3745  3745 D wpa_supplicant: wlan0: Add radio work 'scan'@0xb68d9398

03-30 10:33:39.990  3745  3745 D wpa_supplicant: wlan0: First radio work item in the queue - schedule start immediately

03-30 10:33:39.990  3745  3745 D wpa_supplicant: wlan0: Starting radio work 'scan'@0xb68d9398 after 0.000086 second wait

03-30 10:33:39.990  3745  3745 D wpa_supplicant: wlan0: nl80211: scan request

03-30 10:33:39.990  3745  3745 D wpa_supplicant: nl80211: Scan SSID - hexdump(len=0): [NULL]

03-30 10:33:39.990  3745  3745 D wpa_supplicant: nl80211: Scan extra IEs - hexdump(len=7): 7f 05 00 00 0a 02 01

03-30 10:33:39.990  3745  3745 D wpa_supplicant: nl80211: Scan frequency 2412 MHz

03-30 10:33:39.990  3745  3745 D wpa_supplicant: nl80211: Scan frequency 5280 MHz

03-30 10:33:40.004  3745  3745 D wpa_supplicant: Scan requested (ret=0) - scan timeout 30 seconds

03-30 10:33:40.005  3745  3745 D wpa_supplicant: nl80211: Event message available

03-30 10:33:40.005  3745  3745 D wpa_supplicant: nl80211: Drv Event 33 (NL80211_CMD_TRIGGER_SCAN) received for wlan0

03-30 10:33:40.005  3745  3745 D wpa_supplicant: wlan0: nl80211: Scan trigger

03-30 10:33:40.005  3745  3745 D wpa_supplicant: wlan0: Event SCAN_STARTED (47) received

03-30 10:33:40.005  3745  3745 D wpa_supplicant: wlan0: Own scan request started a scan in 0.000206 seconds

03-30 10:33:40.005  3745  3745 D wpa_supplicant: CTRL-DEBUG: ctrl_sock-sendmsg: sock=11 sndbuf=163840 outq=0 send_len=24

03-30 10:33:40.007  3745  3745 D wpa_supplicant: CTRL_IFACE monitor sent successfully to /data/misc/wifi/sockets/wpa_ctrl_2044-2\x00

03-30 10:33:40.056  9669  9762 D UTAnalytics:LogStoreMgr: pid:9669 [store],

03-30 10:33:40.084  9669  9762 D UTAnalytics:UTSqliteLogStore: pid:9669 sql:SELECT * FROM log ORDER BY time ASC  LIMIT 20,

03-30 10:33:40.086  9669  9762 D UTAnalytics:UTSqliteLogStore: pid:9669 pos,0,count,6,

03-30 10:33:40.086  9669  9762 D UTAnalytics:UTSqliteLogStore: pid:9669 pos,1,count,6,

03-30 10:33:40.086  9669  9762 D UTAnalytics:UTSqliteLogStore: pid:9669 pos,2,count,6,

03-30 10:33:40.086  9669  9762 D UTAnalytics:UTSqliteLogStore: pid:9669 pos,3,count,6,

03-30 10:33:40.087  9669  9762 D UTAnalytics:UTSqliteLogStore: pid:9669 pos,4,count,6,

03-30 10:33:40.087  9669  9762 D UTAnalytics:UTSqliteLogStore: pid:9669 pos,5,count,6,

03-30 10:33:40.089  9669  9762 D UTAnalytics:LogStoreMgr: pid:9669 [get],[Log [id=2230, eventId=19999, index=], Log [id=2231, eventId=2001, index=], Log [id=2232, eventId=2001, index=], Log [id=2233, eventId=2001, index=], Log [id=2234, eventId=2001, index=], Log [id=2235, eventId=2001, index=]],

03-30 10:33:40.101  9669  9762 D UTAnalytics:UploadTask: pid:9669 averagePackageSize:89.333336,

03-30 10:33:40.139  3745  3745 D wpa_supplicant: nl80211: Event message available

03-30 10:33:40.139  3745  3745 D wpa_supplicant: nl80211: Drv Event 34 (NL80211_CMD_NEW_SCAN_RESULTS) received for wlan0

03-30 10:33:40.141  3745  3745 D wpa_supplicant: wlan0: nl80211: New scan results available

03-30 10:33:40.141  3745  3745 D wpa_supplicant: nl80211: Scan included frequencies: 2412 5280

03-30 10:33:40.141  3745  3745 D wpa_supplicant: wlan0: Event SCAN_RESULTS (3) received

03-30 10:33:40.141  3745  3745 D wpa_supplicant: wlan0: Scan completed in 0.136066 seconds

03-30 10:33:40.142  3745  3745 D wpa_supplicant: nl80211: Associated on 5280 MHz

03-30 10:33:40.142  3745  3745 D wpa_supplicant: nl80211: Associated with cc:81:da:9c:13:28

03-30 10:33:40.143  3745  3745 D wpa_supplicant: nl80211: Received scan results (35 BSSes)

03-30 10:33:40.143  3745  3745 D wpa_supplicant: nl80211: Scan results indicate BSS status with cc:81:da:9c:13:28 as associated

03-30 10:33:40.143  3745  3745 D wpa_supplicant: wlan0: BSS: Start scan result update 5236

03-30 10:33:40.144  3745  3745 D wpa_supplicant: wlan0: BSS: Remove id 8600 BSSID 20:a6:80:6c:2d:c0 SSID 'HUAWEI' due to no match in scan

03-30 10:33:40.145  3745  3745 D wpa_supplicant: CTRL-DEBUG: ctrl_sock-sendmsg: sock=11 sndbuf=163840 outq=0 send_len=45

03-30 10:33:40.145  3745  3745 D wpa_supplicant: CTRL_IFACE monitor sent successfully to /data/misc/wifi/sockets/wpa_ctrl_2044-2\x00

03-30 10:33:40.145  3745  3745 D wpa_supplicant: BSS: last_scan_res_used=35/64

03-30 10:33:40.145  3745  3745 D wpa_supplicant: wlan0: Scan-only results received

03-30 10:33:40.146  3745  3745 D wpa_supplicant: CTRL-DEBUG: ctrl_sock-sendmsg: sock=11 sndbuf=163840 outq=0 send_len=24

03-30 10:33:40.147  3745  3745 D wpa_supplicant: CTRL_IFACE monitor sent successfully to /data/misc/wifi/sockets/wpa_ctrl_2044-2\x00

03-30 10:33:40.147  3745  3745 D wpa_supplicant: wlan0: Radio work 'scan'@0xb68d9398 done in 0.157297 seconds

03-30 10:33:40.147  3745  3745 D wpa_supplicant: RTM_NEWLINK: ifi_index=22 ifname=wlan0 wext ifi_family=0 ifi_flags=0x11043 ([UP][RUNNING][LOWER_UP])

03-30 10:33:40.153  3745  3745 D wpa_supplicant: CTRL-DEBUG: global_ctrl_sock-sendto: sock=11 sndbuf=163840 outq=0 send_len=3541

03-30 10:33:40.155  3745  3745 D wpa_supplicant: CTRL-DEBUG: global_ctrl_sock-sendto: sock=11 sndbuf=163840 outq=0 send_len=3785

03-30 10:33:40.158  3745  3745 D wpa_supplicant: CTRL-DEBUG: global_ctrl_sock-sendto: sock=11 sndbuf=163840 outq=0 send_len=4029

03-30 10:33:40.160  4116  4556 I XiaomiFirewall: firewall pkgName:com.orvibo.homemate, result:0x0

03-30 10:33:40.160  3745  3745 D wpa_supplicant: CTRL-DEBUG: global_ctrl_sock-sendto: sock=11 sndbuf=163840 outq=0 send_len=4072

03-30 10:33:40.163  3745  3745 D wpa_supplicant: CTRL-DEBUG: global_ctrl_sock-sendto: sock=11 sndbuf=163840 outq=0 send_len=3649

03-30 10:33:40.166  3745  3745 D wpa_supplicant: CTRL-DEBUG: global_ctrl_sock-sendto: sock=11 sndbuf=163840 outq=0 send_len=3183

03-30 10:33:40.190  3745  3745 D wpa_supplicant: EAPOL: EAP Session-Id not available

03-30 10:33:40.190  3745  3745 D wpa_supplicant: CTRL-DEBUG: global_ctrl_sock-sendto: sock=11 sndbuf=163840 outq=0 send_len=279

03-30 10:33:40.518  6151  6186 I octvm_klo: read wakeups from wakealarm_fd:1

03-30 10:33:40.518  6151  6186 I octvm_klo: new timerfd interval:

03-30 10:33:40.518  6151  6186 I octvm_klo: 	itval.it_interval.tv_sec 1, itval.it_interval.tv_nsec 0

03-30 10:33:40.518  6151  6186 I octvm_klo: 	itval.it_value.tv_sec 0, itval.it_value.tv_nsec 999988593

03-30 10:33:40.934   379   493 I ThermalEngine: Sensor:batt_temp:349 mC

03-30 10:33:41.518  6151  6186 I octvm_klo: read wakeups from wakealarm_fd:1

03-30 10:33:41.518  6151  6186 I octvm_klo: new timerfd interval:

03-30 10:33:41.518  6151  6186 I octvm_klo: 	itval.it_interval.tv_sec 1, itval.it_interval.tv_nsec 0

03-30 10:33:41.518  6151  6186 I octvm_klo: 	itval.it_value.tv_sec 0, itval.it_value.tv_nsec 999995990

03-30 10:33:41.936   379   493 I ThermalEngine: Sensor:batt_temp:349 mC

03-30 10:33:42.479  9669  9762 D UTAnalytics:UploadTask: pid:9669 url:http://adashbc.m.taobao.com/rest/sur?ak=23256401&av=2.3.0.300&c=null&v=3.0&s=14b42e02199258fccaa08dec173afaa9cc78d05d&d=WJfwe%2BsntC4DAAdSBLpxQDCW&sv=2.5.1_for_bc&p=a&t=1490841220112&u=&is=1&k=0,

03-30 10:33:42.479  9669  9762 D UTAnalytics:UploadTask: pid:9669 result:{"t":1490841219370,"ret":"","success":"success"}

03-30 10:33:42.479  9669  9762 D UTAnalytics:UploadTask: ,

03-30 10:33:42.479  9669  9762 D UTAnalytics:UploadTask: pid:9669 winsize:113,

03-30 10:33:42.479  9669  9762 D UTAnalytics:LogStoreMgr: pid:9669 [Log [id=2230, eventId=19999, index=], Log [id=2231, eventId=2001, index=], Log [id=2232, eventId=2001, index=], Log [id=2233, eventId=2001, index=], Log [id=2234, eventId=2001, index=], Log [id=2235, eventId=2001, index=]],

03-30 10:33:42.518  6151  6186 I octvm_klo: read wakeups from wakealarm_fd:1

03-30 10:33:42.518  6151  6186 I octvm_klo: new timerfd interval:

03-30 10:33:42.518  6151  6186 I octvm_klo: 	itval.it_interval.tv_sec 1, itval.it_interval.tv_nsec 0

03-30 10:33:42.518  6151  6186 I octvm_klo: 	itval.it_value.tv_sec 0, itval.it_value.tv_nsec 999996979

03-30 10:33:42.519  9669  9772 D UTAnalytics:CommitTask: pid:9669 check&commit event:65501,

03-30 10:33:42.523  9669  9762 D UTAnalytics:UTSqliteLogStore: pid:9669 delete ,6, isSuccess:true,

03-30 10:33:42.523  9669  9762 D UTAnalytics:CoreStatics: pid:9669 [uploadInc]:0,count:6,

03-30 10:33:42.523  9669  9762 D UTAnalytics:CoreStatics: pid:9669 [uploadInc]:6,

03-30 10:33:42.523  9669  9762 D UTAnalytics:UploadTask: pid:9669 logs.size():6, selfMonitorLogCount:0,

03-30 10:33:42.523  9669  9762 D UTAnalytics:UploadTask: pid:9669 upload isSendSuccess:true, consume:2378, delete consume:44,

03-30 10:33:42.527  9669  9772 D UTAnalytics:CommitTask: pid:9669 next:65501,

03-30 10:33:42.527  9669  9772 D UTAnalytics:CommitTask: pid:9669 check&commit event:65502,

03-30 10:33:42.527  9669  9772 D UTAnalytics:CommitTask: pid:9669 next:65502,

03-30 10:33:42.527  9669  9772 D UTAnalytics:CommitTask: pid:9669 check&commit event:65503,

03-30 10:33:42.527  9669  9772 D UTAnalytics:CommitTask: pid:9669 next:65503,

03-30 10:33:42.851  3745  3745 D wpa_supplicant: wlan0: Control interface command 'SIGNAL_POLL'

03-30 10:33:42.855  3745  3745 D wpa_supplicant: CTRL-DEBUG: global_ctrl_sock-sendto: sock=11 sndbuf=163840 outq=0 send_len=49

03-30 10:33:42.937   379   493 I ThermalEngine: Sensor:batt_temp:349 mC

03-30 10:33:43.518  6151  6186 I octvm_klo: read wakeups from wakealarm_fd:1

03-30 10:33:43.518  6151  6186 I octvm_klo: new timerfd interval:

03-30 10:33:43.518  6151  6186 I octvm_klo: 	itval.it_interval.tv_sec 1, itval.it_interval.tv_nsec 0

03-30 10:33:43.518  6151  6186 I octvm_klo: 	itval.it_value.tv_sec 0, itval.it_value.tv_nsec 999997396

03-30 10:33:43.938   379   493 I ThermalEngine: Sensor:batt_temp:349 mC

03-30 10:33:44.518  6151  6186 I octvm_klo: read wakeups from wakealarm_fd:1

03-30 10:33:44.518  6151  6186 I octvm_klo: new timerfd interval:

03-30 10:33:44.518  6151  6186 I octvm_klo: 	itval.it_interval.tv_sec 1, itval.it_interval.tv_nsec 0

03-30 10:33:44.518  6151  6186 I octvm_klo: 	itval.it_value.tv_sec 0, itval.it_value.tv_nsec 999994688

03-30 10:33:44.941   379   493 I ThermalEngine: Sensor:batt_temp:349 mC

03-30 10:33:45.519  6151  6186 I octvm_klo: read wakeups from wakealarm_fd:1

03-30 10:33:45.519  6151  6186 I octvm_klo: new timerfd interval:

03-30 10:33:45.519  6151  6186 I octvm_klo: 	itval.it_interval.tv_sec 1, itval.it_interval.tv_nsec 0

03-30 10:33:45.519  6151  6186 I octvm_klo: 	itval.it_value.tv_sec 0, itval.it_value.tv_nsec 999991563

03-30 10:33:45.861  3745  3745 D wpa_supplicant: wlan0: Control interface command 'SIGNAL_POLL'

03-30 10:33:45.878  3745  3745 D wpa_supplicant: CTRL-DEBUG: global_ctrl_sock-sendto: sock=11 sndbuf=163840 outq=0 send_len=49

03-30 10:33:45.944   379   493 I ThermalEngine: Sensor:batt_temp:349 mC

03-30 10:33:46.089 25810 25810 W AppWatcher: type=1400 audit(0.0:55182890): avc: denied { getattr } for path="/proc/opalum-temp-calib" dev="proc" ino=4026534631 scontext=u:r:untrusted_app:s0:c512,c768 tcontext=u:object_r:proc_opalum:s0 tclass=file permissive=0

03-30 10:33:46.089 25810 25810 W AppWatcher: type=1400 audit(0.0:55182891): avc: denied { getattr } for path="/proc/opalum-f0-calib" dev="proc" ino=4026534630 scontext=u:r:untrusted_app:s0:c512,c768 tcontext=u:object_r:proc_opalum:s0 tclass=file permissive=0

03-30 10:33:46.089 25810 25810 W AppWatcher: type=1400 audit(0.0:55182892): avc: denied { getattr } for path="/proc/sysrq-trigger" dev="proc" ino=4026533735 scontext=u:r:untrusted_app:s0:c512,c768 tcontext=u:object_r:proc_sysrq:s0 tclass=file permissive=0

03-30 10:33:46.099 25810 25810 W AppWatcher: type=1400 audit(0.0:55182893): avc: denied { getattr } for path="/proc/1" dev="proc" ino=11921139 scontext=u:r:untrusted_app:s0:c512,c768 tcontext=u:r:init:s0 tclass=dir permissive=0

03-30 10:33:46.099 25810 25810 W AppWatcher: type=1400 audit(0.0:55182894): avc: denied { getattr } for path="/proc/2" dev="proc" ino=11961941 scontext=u:r:untrusted_app:s0:c512,c768 tcontext=u:r:kernel:s0 tclass=dir permissive=0

03-30 10:33:46.099 25810 25810 W AppWatcher: type=1400 audit(0.0:55182895): avc: denied { getattr } for path="/proc/3" dev="proc" ino=11961942 scontext=u:r:untrusted_app:s0:c512,c768 tcontext=u:r:kernel:s0 tclass=dir permissive=0

03-30 10:33:46.099 25810 25810 W AppWatcher: type=1400 audit(0.0:55182896): avc: denied { getattr } for path="/proc/6" dev="proc" ino=11961943 scontext=u:r:untrusted_app:s0:c512,c768 tcontext=u:r:kernel:s0 tclass=dir permissive=0

03-30 10:33:46.099 25810 25810 W AppWatcher: type=1400 audit(0.0:55182897): avc: denied { getattr } for path="/proc/7" dev="proc" ino=11961944 scontext=u:r:untrusted_app:s0:c512,c768 tcontext=u:r:kernel:s0 tclass=dir permissive=0

03-30 10:33:46.099 25810 25810 W AppWatcher: type=1400 audit(0.0:55182898): avc: denied { getattr } for path="/proc/8" dev="proc" ino=11961945 scontext=u:r:untrusted_app:s0:c512,c768 tcontext=u:r:kernel:s0 tclass=dir permissive=0

03-30 10:33:46.099 25810 25810 W AppWatcher: type=1400 audit(0.0:55182899): avc: denied { getattr } for path="/proc/21" dev="proc" ino=11961946 scontext=u:r:untrusted_app:s0:c512,c768 tcontext=u:r:kernel:s0 tclass=dir permissive=0

03-30 10:33:46.099 25810 25810 W AppWatcher: type=1400 audit(0.0:55182900): avc: denied { getattr } for path="/proc/22" dev="proc" ino=11961947 scontext=u:r:untrusted_app:s0:c512,c768 tcontext=u:r:kernel:s0 tclass=dir permissive=0

03-30 10:33:46.099 25810 25810 W AppWatcher: type=1400 audit(0.0:55182901): avc: denied { getattr } for path="/proc/28" dev="proc" ino=11961948 scontext=u:r:untrusted_app:s0:c512,c768 tcontext=u:r:kernel:s0 tclass=dir permissive=0

03-30 10:33:46.099 25810 25810 W AppWatcher: type=1400 audit(0.0:55182902): avc: denied { getattr } for path="/proc/29" dev="proc" ino=11961949 scontext=u:r:untrusted_app:s0:c512,c768 tcontext=u:r:kernel:s0 tclass=dir permissive=0

03-30 10:33:46.109 25810 25810 W AppWatcher: type=1400 audit(0.0:55182903): avc: denied { getattr } for path="/proc/30" dev="proc" ino=11961950 scontext=u:r:untrusted_app:s0:c512,c768 tcontext=u:r:kernel:s0 tclass=dir permissive=0

03-30 10:33:46.109 25810 25810 W AppWatcher: type=1400 audit(0.0:55182904): avc: denied { getattr } for path="/proc/32" dev="proc" ino=11961951 scontext=u:r:untrusted_app:s0:c512,c768 tcontext=u:r:kernel:s0 tclass=dir permissive=0

03-30 10:33:46.109 25810 25810 W AppWatcher: type=1400 audit(0.0:55182905): avc: denied { getattr } for path="/proc/33" dev="proc" ino=11961952 scontext=u:r:untrusted_app:s0:c512,c768 tcontext=u:r:kernel:s0 tclass=dir permissive=0

03-30 10:33:46.109 25810 25810 W AppWatcher: type=1400 audit(0.0:55182906): avc: denied { getattr } for path="/proc/34" dev="proc" ino=11961953 scontext=u:r:untrusted_app:s0:c512,c768 tcontext=u:r:kernel:s0 tclass=dir permissive=0

03-30 10:33:46.109 25810 25810 W AppWatcher: type=1400 audit(0.0:55182907): avc: denied { getattr } for path="/proc/61" dev="proc" ino=11961954 scontext=u:r:untrusted_app:s0:c512,c768 tcontext=u:r:kernel:s0 tclass=dir permissive=0

03-30 10:33:46.109 25810 25810 W AppWatcher: type=1400 audit(0.0:55182908): avc: denied { getattr } for path="/proc/62" dev="proc" ino=11961955 scontext=u:r:untrusted_app:s0:c512,c768 tcontext=u:r:kernel:s0 tclass=dir permissive=0

03-30 10:33:46.109 25810 25810 W AppWatcher: type=1400 audit(0.0:55182909): avc: denied { getattr } for path="/proc/63" dev="proc" ino=11961956 scontext=u:r:untrusted_app:s0:c512,c768 tcontext=u:r:kernel:s0 tclass=dir permissive=0

03-30 10:33:46.491  9669  9762 D UTAnalytics:LogStoreMgr: pid:9669 [store],

03-30 10:33:46.498  9669  9762 D UTAnalytics:UTSqliteLogStore: pid:9669 sql:SELECT * FROM log ORDER BY time ASC  LIMIT 113,

03-30 10:33:46.504  9669  9762 D UTAnalytics:LogStoreMgr: pid:9669 [get],[],

03-30 10:33:46.507  9669  9762 D UTAnalytics:UploadEngine: pid:9669 UTDC.bBackground:false,AppInfoUtil.isForeground(UTDC.getContext()) ,true,

03-30 10:33:46.510  9669  9762 D UTAnalytics:UploadTask: pid:9669 mPeriod:30000,

03-30 10:33:46.519  6151  6186 I octvm_klo: read wakeups from wakealarm_fd:1

03-30 10:33:46.519  6151  6186 I octvm_klo: new timerfd interval:

03-30 10:33:46.519  6151  6186 I octvm_klo: 	itval.it_interval.tv_sec 1, itval.it_interval.tv_nsec 0

03-30 10:33:46.519  6151  6186 I octvm_klo: 	itval.it_value.tv_sec 0, itval.it_value.tv_nsec 999997240

03-30 10:33:46.753  9669  9743 D NAT     : SYMMETRIC_NAT

03-30 10:33:46.754  9669  9743 D NAT     : call void method before

03-30 10:33:46.755  9669  9743 D NAT     : call void method after

03-30 10:33:46.945   379   493 I ThermalEngine: Sensor:batt_temp:349 mC

03-30 10:33:47.520  6151  6186 I octvm_klo: read wakeups from wakealarm_fd:1

03-30 10:33:47.520  6151  6186 I octvm_klo: new timerfd interval:

03-30 10:33:47.520  6151  6186 I octvm_klo: 	itval.it_interval.tv_sec 1, itval.it_interval.tv_nsec 0

03-30 10:33:47.520  6151  6186 I octvm_klo: 	itval.it_value.tv_sec 0, itval.it_value.tv_nsec 999994687

03-30 10:33:47.946   379   493 I ThermalEngine: Sensor:batt_temp:348 mC

03-30 10:33:48.520  6151  6186 I octvm_klo: read wakeups from wakealarm_fd:1

03-30 10:33:48.520  6151  6186 I octvm_klo: new timerfd interval:

03-30 10:33:48.520  6151  6186 I octvm_klo: 	itval.it_interval.tv_sec 1, itval.it_interval.tv_nsec 0

03-30 10:33:48.520  6151  6186 I octvm_klo: 	itval.it_value.tv_sec 0, itval.it_value.tv_nsec 999992864

03-30 10:33:48.886  3745  3745 D wpa_supplicant: wlan0: Control interface command 'SIGNAL_POLL'

03-30 10:33:48.901  3745  3745 D wpa_supplicant: CTRL-DEBUG: global_ctrl_sock-sendto: sock=11 sndbuf=163840 outq=0 send_len=49

03-30 10:33:48.948   379   493 I ThermalEngine: Sensor:batt_temp:349 mC

03-30 10:33:49.259  9628  9637 I art     : Background sticky concurrent mark sweep GC freed 299741(16MB) AllocSpace objects, 0(0B) LOS objects, 91% free, 1428KB/17MB, paused 474us total 101.314ms

03-30 10:33:49.520  6151  6186 I octvm_klo: read wakeups from wakealarm_fd:1

03-30 10:33:49.521  6151  6186 I octvm_klo: new timerfd interval:

03-30 10:33:49.521  6151  6186 I octvm_klo: 	itval.it_interval.tv_sec 1, itval.it_interval.tv_nsec 0

03-30 10:33:49.521  6151  6186 I octvm_klo: 	itval.it_value.tv_sec 0, itval.it_value.tv_nsec 999990468

03-30 10:33:49.955   379   493 I ThermalEngine: Sensor:batt_temp:349 mC

03-30 10:33:50.302  4339  4403 D Analytics-Core-PollingSender: PollingTask: Remain 5 db events, 0 exceeded retry limit, retryMap size 5

03-30 10:33:50.521  6151  6186 I octvm_klo: read wakeups from wakealarm_fd:1

03-30 10:33:50.521  6151  6186 I octvm_klo: new timerfd interval:

03-30 10:33:50.521  6151  6186 I octvm_klo: 	itval.it_interval.tv_sec 1, itval.it_interval.tv_nsec 0

03-30 10:33:50.521  6151  6186 I octvm_klo: 	itval.it_value.tv_sec 0, itval.it_value.tv_nsec 999992917

03-30 10:33:50.957   379   493 I ThermalEngine: Sensor:batt_temp:349 mC

03-30 10:33:51.521  6151  6186 I octvm_klo: read wakeups from wakealarm_fd:1

03-30 10:33:51.521  6151  6186 I octvm_klo: new timerfd interval:

03-30 10:33:51.521  6151  6186 I octvm_klo: 	itval.it_interval.tv_sec 1, itval.it_interval.tv_nsec 0

03-30 10:33:51.521  6151  6186 I octvm_klo: 	itval.it_value.tv_sec 0, itval.it_value.tv_nsec 999996146

03-30 10:33:51.907  3745  3745 D wpa_supplicant: wlan0: Control interface command 'SIGNAL_POLL'

03-30 10:33:51.922  3745  3745 D wpa_supplicant: CTRL-DEBUG: global_ctrl_sock-sendto: sock=11 sndbuf=163840 outq=0 send_len=49

03-30 10:33:51.958   379   493 I ThermalEngine: Sensor:batt_temp:349 mC

03-30 10:33:52.521  6151  6186 I octvm_klo: read wakeups from wakealarm_fd:1

03-30 10:33:52.521  6151  6186 I octvm_klo: new timerfd interval:

03-30 10:33:52.521  6151  6186 I octvm_klo: 	itval.it_interval.tv_sec 1, itval.it_interval.tv_nsec 0

03-30 10:33:52.521  6151  6186 I octvm_klo: 	itval.it_value.tv_sec 0, itval.it_value.tv_nsec 999991510

03-30 10:33:52.959   379   493 I ThermalEngine: Sensor:batt_temp:349 mC

03-30 10:33:53.521  6151  6186 I octvm_klo: read wakeups from wakealarm_fd:1

03-30 10:33:53.521  6151  6186 I octvm_klo: new timerfd interval:

03-30 10:33:53.521  6151  6186 I octvm_klo: 	itval.it_interval.tv_sec 1, itval.it_interval.tv_nsec 0

03-30 10:33:53.521  6151  6186 I octvm_klo: 	itval.it_value.tv_sec 0, itval.it_value.tv_nsec 999996458

03-30 10:33:53.961   379   493 I ThermalEngine: Sensor:batt_temp:349 mC

03-30 10:33:54.522  6151  6186 I octvm_klo: read wakeups from wakealarm_fd:1

03-30 10:33:54.522  6151  6186 I octvm_klo: new timerfd interval:

03-30 10:33:54.522  6151  6186 I octvm_klo: 	itval.it_interval.tv_sec 1, itval.it_interval.tv_nsec 0

03-30 10:33:54.522  6151  6186 I octvm_klo: 	itval.it_value.tv_sec 0, itval.it_value.tv_nsec 999993542

03-30 10:33:54.932  3745  3745 D wpa_supplicant: wlan0: Control interface command 'SIGNAL_POLL'

03-30 10:33:54.948  3745  3745 D wpa_supplicant: CTRL-DEBUG: global_ctrl_sock-sendto: sock=11 sndbuf=163840 outq=0 send_len=49

03-30 10:33:54.962   379   493 I ThermalEngine: Sensor:batt_temp:348 mC

03-30 10:33:55.522  6151  6186 I octvm_klo: read wakeups from wakealarm_fd:1

03-30 10:33:55.522  6151  6186 I octvm_klo: new timerfd interval:

03-30 10:33:55.522  6151  6186 I octvm_klo: 	itval.it_interval.tv_sec 1, itval.it_interval.tv_nsec 0

03-30 10:33:55.522  6151  6186 I octvm_klo: 	itval.it_value.tv_sec 0, itval.it_value.tv_nsec 999990364

03-30 10:33:55.963   379   493 I ThermalEngine: Sensor:batt_temp:349 mC

03-30 10:33:56.289 25810 25810 W AppWatcher: type=1400 audit(0.0:55183151): avc: denied { getattr } for path="/proc/opalum-temp-calib" dev="proc" ino=4026534631 scontext=u:r:untrusted_app:s0:c512,c768 tcontext=u:object_r:proc_opalum:s0 tclass=file permissive=0

03-30 10:33:56.289 25810 25810 W AppWatcher: type=1400 audit(0.0:55183152): avc: denied { getattr } for path="/proc/opalum-f0-calib" dev="proc" ino=4026534630 scontext=u:r:untrusted_app:s0:c512,c768 tcontext=u:object_r:proc_opalum:s0 tclass=file permissive=0

03-30 10:33:56.289 25810 25810 W AppWatcher: type=1400 audit(0.0:55183153): avc: denied { getattr } for path="/proc/sysrq-trigger" dev="proc" ino=4026533735 scontext=u:r:untrusted_app:s0:c512,c768 tcontext=u:object_r:proc_sysrq:s0 tclass=file permissive=0

03-30 10:33:56.289 25810 25810 W AppWatcher: type=1400 audit(0.0:55183154): avc: denied { getattr } for path="/proc/1" dev="proc" ino=11921139 scontext=u:r:untrusted_app:s0:c512,c768 tcontext=u:r:init:s0 tclass=dir permissive=0

03-30 10:33:56.289 25810 25810 W AppWatcher: type=1400 audit(0.0:55183155): avc: denied { getattr } for path="/proc/2" dev="proc" ino=11961941 scontext=u:r:untrusted_app:s0:c512,c768 tcontext=u:r:kernel:s0 tclass=dir permissive=0

03-30 10:33:56.299 25810 25810 W AppWatcher: type=1400 audit(0.0:55183156): avc: denied { getattr } for path="/proc/3" dev="proc" ino=11961942 scontext=u:r:untrusted_app:s0:c512,c768 tcontext=u:r:kernel:s0 tclass=dir permissive=0

03-30 10:33:56.299 25810 25810 W AppWatcher: type=1400 audit(0.0:55183157): avc: denied { getattr } for path="/proc/6" dev="proc" ino=11961943 scontext=u:r:untrusted_app:s0:c512,c768 tcontext=u:r:kernel:s0 tclass=dir permissive=0

03-30 10:33:56.299 25810 25810 W AppWatcher: type=1400 audit(0.0:55183158): avc: denied { getattr } for path="/proc/7" dev="proc" ino=11961944 scontext=u:r:untrusted_app:s0:c512,c768 tcontext=u:r:kernel:s0 tclass=dir permissive=0

03-30 10:33:56.299 25810 25810 W AppWatcher: type=1400 audit(0.0:55183159): avc: denied { getattr } for path="/proc/8" dev="proc" ino=11961945 scontext=u:r:untrusted_app:s0:c512,c768 tcontext=u:r:kernel:s0 tclass=dir permissive=0

03-30 10:33:56.299 25810 25810 W AppWatcher: type=1400 audit(0.0:55183160): avc: denied { getattr } for path="/proc/21" dev="proc" ino=11961946 scontext=u:r:untrusted_app:s0:c512,c768 tcontext=u:r:kernel:s0 tclass=dir permissive=0

03-30 10:33:56.299 25810 25810 W AppWatcher: type=1400 audit(0.0:55183161): avc: denied { getattr } for path="/proc/22" dev="proc" ino=11961947 scontext=u:r:untrusted_app:s0:c512,c768 tcontext=u:r:kernel:s0 tclass=dir permissive=0

03-30 10:33:56.299 25810 25810 W AppWatcher: type=1400 audit(0.0:55183162): avc: denied { getattr } for path="/proc/28" dev="proc" ino=11961948 scontext=u:r:untrusted_app:s0:c512,c768 tcontext=u:r:kernel:s0 tclass=dir permissive=0

03-30 10:33:56.299 25810 25810 W AppWatcher: type=1400 audit(0.0:55183163): avc: denied { getattr } for path="/proc/29" dev="proc" ino=11961949 scontext=u:r:untrusted_app:s0:c512,c768 tcontext=u:r:kernel:s0 tclass=dir permissive=0

03-30 10:33:56.299 25810 25810 W AppWatcher: type=1400 audit(0.0:55183164): avc: denied { getattr } for path="/proc/30" dev="proc" ino=11961950 scontext=u:r:untrusted_app:s0:c512,c768 tcontext=u:r:kernel:s0 tclass=dir permissive=0

03-30 10:33:56.299 25810 25810 W AppWatcher: type=1400 audit(0.0:55183165): avc: denied { getattr } for path="/proc/32" dev="proc" ino=11961951 scontext=u:r:untrusted_app:s0:c512,c768 tcontext=u:r:kernel:s0 tclass=dir permissive=0

03-30 10:33:56.299 25810 25810 W AppWatcher: type=1400 audit(0.0:55183166): avc: denied { getattr } for path="/proc/33" dev="proc" ino=11961952 scontext=u:r:untrusted_app:s0:c512,c768 tcontext=u:r:kernel:s0 tclass=dir permissive=0

03-30 10:33:56.299 25810 25810 W AppWatcher: type=1400 audit(0.0:55183167): avc: denied { getattr } for path="/proc/34" dev="proc" ino=11961953 scontext=u:r:untrusted_app:s0:c512,c768 tcontext=u:r:kernel:s0 tclass=dir permissive=0

03-30 10:33:56.299 25810 25810 W AppWatcher: type=1400 audit(0.0:55183168): avc: denied { getattr } for path="/proc/61" dev="proc" ino=11961954 scontext=u:r:untrusted_app:s0:c512,c768 tcontext=u:r:kernel:s0 tclass=dir permissive=0

03-30 10:33:56.299 25810 25810 W AppWatcher: type=1400 audit(0.0:55183169): avc: denied { getattr } for path="/proc/62" dev="proc" ino=11961955 scontext=u:r:untrusted_app:s0:c512,c768 tcontext=u:r:kernel:s0 tclass=dir permissive=0

03-30 10:33:56.309 25810 25810 W AppWatcher: type=1400 audit(0.0:55183170): avc: denied { getattr } for path="/proc/63" dev="proc" ino=11961956 scontext=u:r:untrusted_app:s0:c512,c768 tcontext=u:r:kernel:s0 tclass=dir permissive=0

03-30 10:33:56.522  6151  6186 I octvm_klo: read wakeups from wakealarm_fd:1

03-30 10:33:56.522  6151  6186 I octvm_klo: new timerfd interval:

03-30 10:33:56.522  6151  6186 I octvm_klo: 	itval.it_interval.tv_sec 1, itval.it_interval.tv_nsec 0

03-30 10:33:56.522  6151  6186 I octvm_klo: 	itval.it_value.tv_sec 0, itval.it_value.tv_nsec 999995573

03-30 10:33:56.964   379   493 I ThermalEngine: Sensor:batt_temp:349 mC

03-30 10:33:57.522  6151  6186 I octvm_klo: read wakeups from wakealarm_fd:1

03-30 10:33:57.523  6151  6186 I octvm_klo: new timerfd interval:

03-30 10:33:57.523  6151  6186 I octvm_klo: 	itval.it_interval.tv_sec 1, itval.it_interval.tv_nsec 0

03-30 10:33:57.523  6151  6186 I octvm_klo: 	itval.it_value.tv_sec 0, itval.it_value.tv_nsec 999990729

03-30 10:33:57.952  3745  3745 D wpa_supplicant: wlan0: Control interface command 'SIGNAL_POLL'

03-30 10:33:57.965   379   493 I ThermalEngine: Sensor:batt_temp:349 mC

03-30 10:33:57.968  3745  3745 D wpa_supplicant: CTRL-DEBUG: global_ctrl_sock-sendto: sock=11 sndbuf=163840 outq=0 send_len=49

03-30 10:33:58.523  6151  6186 I octvm_klo: read wakeups from wakealarm_fd:1

03-30 10:33:58.523  6151  6186 I octvm_klo: new timerfd interval:

03-30 10:33:58.523  6151  6186 I octvm_klo: 	itval.it_interval.tv_sec 1, itval.it_interval.tv_nsec 0

03-30 10:33:58.523  6151  6186 I octvm_klo: 	itval.it_value.tv_sec 0, itval.it_value.tv_nsec 999994584

03-30 10:33:58.967   379   493 I ThermalEngine: Sensor:batt_temp:348 mC

03-30 10:33:59.523  6151  6186 I octvm_klo: read wakeups from wakealarm_fd:1

03-30 10:33:59.523  6151  6186 I octvm_klo: new timerfd interval:

03-30 10:33:59.523  6151  6186 I octvm_klo: 	itval.it_interval.tv_sec 1, itval.it_interval.tv_nsec 0

03-30 10:33:59.523  6151  6186 I octvm_klo: 	itval.it_value.tv_sec 0, itval.it_value.tv_nsec 999995208

03-30 10:33:59.968   379   493 I ThermalEngine: Sensor:batt_temp:348 mC

03-30 10:33:59.990  2044  3620 D WifiStateMachine: starting scan for "56.1_neiwang"-WPA_PSK with 5280,2412

03-30 10:33:59.991  3745  3745 D wpa_supplicant: wlan0: Control interface command 'SCAN TYPE=ONLY freq=5280,2412'

03-30 10:33:59.991  3745  3745 D wpa_supplicant: wlan0: Setting scan request: 0.000000 sec

03-30 10:33:59.991  3745  3745 D wpa_supplicant: CTRL-DEBUG: global_ctrl_sock-sendto: sock=11 sndbuf=163840 outq=0 send_len=3

03-30 10:33:59.991  3745  3745 D wpa_supplicant: wlan0: Starting AP scan for wildcard SSID

03-30 10:33:59.991  3745  3745 D wpa_supplicant: wlan0: Limit manual scan to specified channels

03-30 10:33:59.991  3745  3745 D wpa_supplicant: wlan0: Add radio work 'scan'@0xb68d9398

03-30 10:33:59.991  3745  3745 D wpa_supplicant: wlan0: First radio work item in the queue - schedule start immediately

03-30 10:33:59.992  3745  3745 D wpa_supplicant: wlan0: Starting radio work 'scan'@0xb68d9398 after 0.000060 second wait

03-30 10:33:59.992  3745  3745 D wpa_supplicant: wlan0: nl80211: scan request

03-30 10:33:59.992  3745  3745 D wpa_supplicant: nl80211: Scan SSID - hexdump(len=0): [NULL]

03-30 10:33:59.992  3745  3745 D wpa_supplicant: nl80211: Scan extra IEs - hexdump(len=7): 7f 05 00 00 0a 02 01

03-30 10:33:59.992  3745  3745 D wpa_supplicant: nl80211: Scan frequency 2412 MHz

03-30 10:33:59.992  3745  3745 D wpa_supplicant: nl80211: Scan frequency 5280 MHz

03-30 10:34:00.005  3745  3745 D wpa_supplicant: Scan requested (ret=0) - scan timeout 30 seconds

03-30 10:34:00.005  3745  3745 D wpa_supplicant: nl80211: Event message available

03-30 10:34:00.005  3745  3745 D wpa_supplicant: nl80211: Drv Event 33 (NL80211_CMD_TRIGGER_SCAN) received for wlan0

03-30 10:34:00.006  3745  3745 D wpa_supplicant: wlan0: nl80211: Scan trigger

03-30 10:34:00.006  3745  3745 D wpa_supplicant: wlan0: Event SCAN_STARTED (47) received

03-30 10:34:00.006  3745  3745 D wpa_supplicant: wlan0: Own scan request started a scan in 0.000215 seconds

03-30 10:34:00.006  3745  3745 D wpa_supplicant: CTRL-DEBUG: ctrl_sock-sendmsg: sock=11 sndbuf=163840 outq=0 send_len=24

03-30 10:34:00.006  3745  3745 D wpa_supplicant: CTRL_IFACE monitor sent successfully to /data/misc/wifi/sockets/wpa_ctrl_2044-2\x00

03-30 10:34:00.098  4229  4367 W WtProcessController: do not trim { PackageName :com.miui.home Pid: 4268 Uid: 10019 Start by: unknown Score:50 Old score:50 state:0 mBackgroundTimeInMillis:1490841195790 WakelockCount:0 wakelogsize:0  ActivityDestroied:false Activity size: 1 PackageInfo:{WhetstonePackageInfo#PacakgeName:com.miui.home uid:10019 uiMemoryThresold:0 nonUiMemoryThresold:0 Flag:-2147483392,0x80000100 [,APP_SYSTEM] Type:0[] } tasknum:17499}

03-30 10:34:00.128  3745  3745 D wpa_supplicant: nl80211: Event message available

03-30 10:34:00.128  3745  3745 D wpa_supplicant: nl80211: Drv Event 34 (NL80211_CMD_NEW_SCAN_RESULTS) received for wlan0

03-30 10:34:00.128  3745  3745 D wpa_supplicant: wlan0: nl80211: New scan results available

03-30 10:34:00.128  3745  3745 D wpa_supplicant: nl80211: Scan included frequencies: 2412 5280

03-30 10:34:00.128  3745  3745 D wpa_supplicant: wlan0: Event SCAN_RESULTS (3) received

03-30 10:34:00.128  3745  3745 D wpa_supplicant: wlan0: Scan completed in 0.122395 seconds

03-30 10:34:00.128  3745  3745 D wpa_supplicant: nl80211: Associated on 5280 MHz

03-30 10:34:00.128  3745  3745 D wpa_supplicant: nl80211: Associated with cc:81:da:9c:13:28

03-30 10:34:00.128  3745  3745 D wpa_supplicant: nl80211: Received scan results (35 BSSes)

03-30 10:34:00.128  3745  3745 D wpa_supplicant: nl80211: Scan results indicate BSS status with cc:81:da:9c:13:28 as associated

03-30 10:34:00.128  3745  3745 D wpa_supplicant: wlan0: BSS: Start scan result update 5237

03-30 10:34:00.129  3745  3745 D wpa_supplicant: BSS: last_scan_res_used=35/64

03-30 10:34:00.129  3745  3745 D wpa_supplicant: wlan0: Scan-only results received

03-30 10:34:00.129  3745  3745 D wpa_supplicant: CTRL-DEBUG: ctrl_sock-sendmsg: sock=11 sndbuf=163840 outq=0 send_len=24

03-30 10:34:00.129  3745  3745 D wpa_supplicant: CTRL_IFACE monitor sent successfully to /data/misc/wifi/sockets/wpa_ctrl_2044-2\x00

03-30 10:34:00.129  3745  3745 D wpa_supplicant: wlan0: Radio work 'scan'@0xb68d9398 done in 0.137286 seconds

03-30 10:34:00.130  3745  3745 D wpa_supplicant: RTM_NEWLINK: ifi_index=22 ifname=wlan0 wext ifi_family=0 ifi_flags=0x11043 ([UP][RUNNING][LOWER_UP])

03-30 10:34:00.134  3745  3745 D wpa_supplicant: CTRL-DEBUG: global_ctrl_sock-sendto: sock=11 sndbuf=163840 outq=0 send_len=3541

03-30 10:34:00.138  3745  3745 D wpa_supplicant: CTRL-DEBUG: global_ctrl_sock-sendto: sock=11 sndbuf=163840 outq=0 send_len=3785

03-30 10:34:00.142  3745  3745 D wpa_supplicant: CTRL-DEBUG: global_ctrl_sock-sendto: sock=11 sndbuf=163840 outq=0 send_len=4029

03-30 10:34:00.145  3745  3745 D wpa_supplicant: CTRL-DEBUG: global_ctrl_sock-sendto: sock=11 sndbuf=163840 outq=0 send_len=4095

03-30 10:34:00.148  3745  3745 D wpa_supplicant: CTRL-DEBUG: global_ctrl_sock-sendto: sock=11 sndbuf=163840 outq=0 send_len=3649

03-30 10:34:00.151  3745  3745 D wpa_supplicant: CTRL-DEBUG: global_ctrl_sock-sendto: sock=11 sndbuf=163840 outq=0 send_len=3183

03-30 10:34:00.152  4229  4367 W WtProcessController: do not trim { PackageName :com.orvibo.homemate Pid: 9794 Uid: 10143 Start by: service Score:50 Old score:50 state:0 mBackgroundTimeInMillis:1490841207987 WakelockCount:0 wakelogsize:0  ActivityDestroied:false Activity size: 0 PackageInfo:{WhetstonePackageInfo#PacakgeName:com.orvibo.homemate uid:10143 uiMemoryThresold:0 nonUiMemoryThresold:0 Flag:1073745984,0x40001040 [,TRIMHEAPS,FLAG_DEAL_SCHEDULE] Type:64[,AUTO_START] } tasknum:-1}

03-30 10:34:00.174  3745  3745 D wpa_supplicant: EAPOL: EAP Session-Id not available

03-30 10:34:00.174  3745  3745 D wpa_supplicant: CTRL-DEBUG: global_ctrl_sock-sendto: sock=11 sndbuf=163840 outq=0 send_len=279

