03-30 10:26:54.313  2393  2393 I QueryController: Matched selector: UiSelector[TEXT=ÊÉÖÊôØ1] <<==>> [android.view.accessibility.AccessibilityNodeInfo@8005dae3; boundsInParent: Rect(0, 0 - 100, 53); boundsInScreen: Rect(223, 549 - 323, 602); packageName: com.orvibo.homemate; className: android.widget.TextView; text: ÊÉÖÊôØ1; error: null; maxTextLength: -1; contentDescription: null; viewIdResName: com.orvibo.homemate:id/drag_grid_item_text; checkable: false; checked: false; focusable: false; focused: false; selected: false; clickable: false; longClickable: false; contextClickable: false; enabled: true; password: false; scrollable: false; actions: [AccessibilityAction: ACTION_SELECT - null, AccessibilityAction: ACTION_CLEAR_SELECTION - null, AccessibilityAction: ACTION_ACCESSIBILITY_FOCUS - null, AccessibilityAction: ACTION_NEXT_AT_MOVEMENT_GRANULARITY - null, AccessibilityAction: ACTION_PREVIOUS_AT_MOVEMENT_GRANULARITY - null, AccessibilityAction: ACTION_SET_SELECTION - null, AccessibilityAction: ACTION_UNKNOWN - null]]

03-30 10:26:54.352  2444  2808 D HomeMate: comm[ AsyncTask #1: OrviboUpdateAgent.java:259 doInBackground() ] - result =Ôªø{  "oldVersion": 90,  "day": "7",  "version": 22000302 ,  "name": "HomeMate",  "packagename":"com.orvibo.homemate",  "url": "http://firmware.orvibo.com/androidapk/homemate.apk",  "message": "‰øÆÂ§çBUGÔºåÊèêÂçáÁ®≥ÂÆöÊ?ß„??",  "message_en": "Bug fixes and overall performance improvements.",  "size": ""}

03-30 10:26:54.357  2444  2444 E HomeMate: comm[ main: OrviboUpdateAgent.java:311 onPostExecute() ] - localVersionCode=23000300

03-30 10:26:54.358  2444  2444 D HomeMate: comm[ main: MainPresenter.java:331 onUpdateReturned() ] - isCanUpdate:false,responseInfos:{packagename=com.orvibo.homemate, oldVersion=90, size=, url=http://firmware.orvibo.com/androidapk/homemate.apk, version=22000302, name=HomeMate, day=7, message=‰øÆÂ§çBUGÔºåÊèêÂçáÁ®≥ÂÆöÊ?ß„??, message_en=Bug fixes and overall performance improvements.}

03-30 10:26:54.358  2444  2444 D HomeMate: comm[ main: MainActivity.java:176 setTabReadTip() ] - showRedTip:false,position:3

03-30 10:26:54.361   379   493 I ThermalEngine: Sensor:batt_temp:336 mC

03-30 10:26:54.361  6151  6186 I octvm_klo: read wakeups from wakealarm_fd:1

03-30 10:26:54.361  6151  6186 I octvm_klo: new timerfd interval:

03-30 10:26:54.361  6151  6186 I octvm_klo: 	itval.it_interval.tv_sec 1, itval.it_interval.tv_nsec 0

03-30 10:26:54.361  6151  6186 I octvm_klo: 	itval.it_value.tv_sec 0, itval.it_value.tv_nsec 999996562

03-30 10:26:54.377  2393  2393 I QueryController: Matched selector: UiSelector[TEXT=ÊÉÖÊôØ1] <<==>> [android.view.accessibility.AccessibilityNodeInfo@8005dae3; boundsInParent: Rect(0, 0 - 100, 53); boundsInScreen: Rect(223, 549 - 323, 602); packageName: com.orvibo.homemate; className: android.widget.TextView; text: ÊÉÖÊôØ1; error: null; maxTextLength: -1; contentDescription: null; viewIdResName: com.orvibo.homemate:id/drag_grid_item_text; checkable: false; checked: false; focusable: false; focused: false; selected: false; clickable: false; longClickable: false; contextClickable: false; enabled: true; password: false; scrollable: false; actions: [AccessibilityAction: ACTION_SELECT - null, AccessibilityAction: ACTION_CLEAR_SELECTION - null, AccessibilityAction: ACTION_ACCESSIBILITY_FOCUS - null, AccessibilityAction: ACTION_NEXT_AT_MOVEMENT_GRANULARITY - null, AccessibilityAction: ACTION_PREVIOUS_AT_MOVEMENT_GRANULARITY - null, AccessibilityAction: ACTION_SET_SELECTION - null, AccessibilityAction: ACTION_UNKNOWN - null]]

03-30 10:26:54.542  2444  2527 D b.a(L:282): Content-Length = 0KB

03-30 10:26:55.006  2044  2078 I ActivityManager: Waited long enough for: ServiceRecord{ea78516 u0 com.miui.weather2/.service.UpdateService}

03-30 10:26:55.307  2444  2681 E WxException: failed to connect to bcfeedback.taobao.com/106.11.95.7 (port 443) after 5000ms

03-30 10:26:55.307  2444  2681 E WxException: java.net.SocketTimeoutException: failed to connect to bcfeedback.taobao.com/106.11.95.7 (port 443) after 5000ms

03-30 10:26:55.307  2444  2681 E WxException: 	at libcore.io.IoBridge.connectErrno(IoBridge.java:169)

03-30 10:26:55.307  2444  2681 E WxException: 	at libcore.io.IoBridge.connect(IoBridge.java:122)

03-30 10:26:55.307  2444  2681 E WxException: 	at java.net.PlainSocketImpl.connect(PlainSocketImpl.java:183)

03-30 10:26:55.307  2444  2681 E WxException: 	at java.net.PlainSocketImpl.connect(PlainSocketImpl.java:452)

03-30 10:26:55.307  2444  2681 E WxException: 	at java.net.Socket.connect(Socket.java:884)

03-30 10:26:55.307  2444  2681 E WxException: 	at com.android.okhttp.internal.Platform.connectSocket(Platform.java:117)

03-30 10:26:55.307  2444  2681 E WxException: 	at com.android.okhttp.internal.http.SocketConnector.connectRawSocket(SocketConnector.java:160)

03-30 10:26:55.307  2444  2681 E WxException: 	at com.android.okhttp.internal.http.SocketConnector.connectTls(SocketConnector.java:79)

03-30 10:26:55.307  2444  2681 E WxException: 	at com.android.okhttp.Connection.connect(Connection.java:143)

03-30 10:26:55.307  2444  2681 E WxException: 	at com.android.okhttp.Connection.connectAndSetOwner(Connection.java:185)

03-30 10:26:55.307  2444  2681 E WxException: 	at com.android.okhttp.OkHttpClient$1.connectAndSetOwner(OkHttpClient.java:128)

03-30 10:26:55.307  2444  2681 E WxException: 	at com.android.okhttp.internal.http.HttpEngine.nextConnection(HttpEngine.java:342)

03-30 10:26:55.307  2444  2681 E WxException: 	at com.android.okhttp.internal.http.HttpEngine.connect(HttpEngine.java:331)

03-30 10:26:55.307  2444  2681 E WxException: 	at com.android.okhttp.internal.http.HttpEngine.sendRequest(HttpEngine.java:249)

03-30 10:26:55.307  2444  2681 E WxException: 	at com.android.okhttp.internal.huc.HttpURLConnectionImpl.execute(HttpURLConnectionImpl.java:437)

03-30 10:26:55.307  2444  2681 E WxException: 	at com.android.okhttp.internal.huc.HttpURLConnectionImpl.connect(HttpURLConnectionImpl.java:114)

03-30 10:26:55.307  2444  2681 E WxException: 	at com.android.okhttp.internal.huc.DelegatingHttpsURLConnection.connect(DelegatingHttpsURLConnection.java:89)

03-30 10:26:55.307  2444  2681 E WxException: 	at com.android.okhttp.internal.huc.HttpsURLConnectionImpl.connect(HttpsURLConnectionImpl.java:25)

03-30 10:26:55.307  2444  2681 E WxException: 	at com.alibaba.sdk.android.feedback.util.a.b.b(Unknown Source)

03-30 10:26:55.307  2444  2681 E WxException: 	at com.alibaba.sdk.android.feedback.util.a.b.a(Unknown Source)

03-30 10:26:55.307  2444  2681 E WxException: 	at com.alibaba.sdk.android.feedback.impl.g.run(Unknown Source)

03-30 10:26:55.307  2444  2681 E WxException: 	at java.lang.Thread.run(Thread.java:818)

03-30 10:26:55.307  2444  2681 V http_time: doHttpRequestGet end, url:https://bcfeedback.taobao.com/getUnreadCount.do?appkey=23256401&deviceId=WJfwe%2BsntC4DAAdSBLpxQDCW&sign=e469344ba86f5f3f88c8fd188558071e8ce8dba2

03-30 10:26:55.314  4116  4556 I XiaomiFirewall: firewall pkgName:com.orvibo.homemate, result:0x0

03-30 10:26:55.361  6151  6186 I octvm_klo: read wakeups from wakealarm_fd:1

03-30 10:26:55.362   379   493 I ThermalEngine: Sensor:batt_temp:336 mC

03-30 10:26:55.363  6151  6186 I octvm_klo: new timerfd interval:

03-30 10:26:55.363  6151  6186 I octvm_klo: 	itval.it_interval.tv_sec 1, itval.it_interval.tv_nsec 0

03-30 10:26:55.363  6151  6186 I octvm_klo: 	itval.it_value.tv_sec 0, itval.it_value.tv_nsec 999997500

03-30 10:26:55.545  3745  3745 D wpa_supplicant: wlan0: Control interface command 'SIGNAL_POLL'

03-30 10:26:55.548  3745  3745 D wpa_supplicant: CTRL-DEBUG: global_ctrl_sock-sendto: sock=11 sndbuf=163840 outq=0 send_len=49

03-30 10:26:55.550  2044  3622 D ConnectivityService: notifyType CAP_CHANGED for NetworkAgentInfo [WIFI () - 168]

03-30 10:26:55.561  3746  3746 D StatusBar.NetworkController: slot=-10;action=android.net.wifi.RSSI_CHANGED

03-30 10:26:55.566  2444  2527 D b.a(L:367): CONTENT = [1,""]

03-30 10:26:56.362  6151  6186 I octvm_klo: read wakeups from wakealarm_fd:1

03-30 10:26:56.362  6151  6186 I octvm_klo: new timerfd interval:

03-30 10:26:56.362  6151  6186 I octvm_klo: 	itval.it_interval.tv_sec 1, itval.it_interval.tv_nsec 0

03-30 10:26:56.362  6151  6186 I octvm_klo: 	itval.it_value.tv_sec 0, itval.it_value.tv_nsec 999992344

03-30 10:26:56.363   379   493 I ThermalEngine: Sensor:batt_temp:336 mC

03-30 10:26:57.110  4116  4556 I XiaomiFirewall: firewall pkgName:com.orvibo.homemate, result:0x0

03-30 10:26:57.263  2444  2681 D HomeMate: hank[ Thread-44344: FeedBackService.java:94 onSuccess() ] - FeedbackAPI unreadCount:18

03-30 10:26:57.270  2444  2444 D HomeMate: comm[ main: MainActivity.java:176 setTabReadTip() ] - showRedTip:true,position:3

03-30 10:26:57.362  6151  6186 I octvm_klo: read wakeups from wakealarm_fd:1

03-30 10:26:57.362  6151  6186 I octvm_klo: new timerfd interval:

03-30 10:26:57.362  6151  6186 I octvm_klo: 	itval.it_interval.tv_sec 1, itval.it_interval.tv_nsec 0

03-30 10:26:57.362  6151  6186 I octvm_klo: 	itval.it_value.tv_sec 0, itval.it_value.tv_nsec 999990052

03-30 10:26:57.365   379   493 I ThermalEngine: Sensor:batt_temp:335 mC

03-30 10:26:58.362  6151  6186 I octvm_klo: read wakeups from wakealarm_fd:1

03-30 10:26:58.362  6151  6186 I octvm_klo: new timerfd interval:

03-30 10:26:58.362  6151  6186 I octvm_klo: 	itval.it_interval.tv_sec 1, itval.it_interval.tv_nsec 0

03-30 10:26:58.362  6151  6186 I octvm_klo: 	itval.it_value.tv_sec 0, itval.it_value.tv_nsec 999989219

03-30 10:26:58.366   379   493 I ThermalEngine: Sensor:batt_temp:335 mC

03-30 10:26:58.563  3745  3745 D wpa_supplicant: wlan0: Control interface command 'SIGNAL_POLL'

03-30 10:26:58.580  3745  3745 D wpa_supplicant: CTRL-DEBUG: global_ctrl_sock-sendto: sock=11 sndbuf=163840 outq=0 send_len=49

03-30 10:26:58.582  2044  3622 D ConnectivityService: notifyType CAP_CHANGED for NetworkAgentInfo [WIFI () - 168]

03-30 10:26:58.590  3746  3746 D StatusBar.NetworkController: slot=-10;action=android.net.wifi.RSSI_CHANGED

03-30 10:26:59.019 25810 25810 W AppWatcher: type=1400 audit(0.0:55139027): avc: denied { getattr } for path="/proc/opalum-temp-calib" dev="proc" ino=4026534631 scontext=u:r:untrusted_app:s0:c512,c768 tcontext=u:object_r:proc_opalum:s0 tclass=file permissive=0

03-30 10:26:59.019 25810 25810 W AppWatcher: type=1400 audit(0.0:55139028): avc: denied { getattr } for path="/proc/opalum-f0-calib" dev="proc" ino=4026534630 scontext=u:r:untrusted_app:s0:c512,c768 tcontext=u:object_r:proc_opalum:s0 tclass=file permissive=0

03-30 10:26:59.029 25810 25810 W AppWatcher: type=1400 audit(0.0:55139029): avc: denied { getattr } for path="/proc/sysrq-trigger" dev="proc" ino=4026533735 scontext=u:r:untrusted_app:s0:c512,c768 tcontext=u:object_r:proc_sysrq:s0 tclass=file permissive=0

03-30 10:26:59.029 25810 25810 W AppWatcher: type=1400 audit(0.0:55139030): avc: denied { getattr } for path="/proc/1" dev="proc" ino=11921139 scontext=u:r:untrusted_app:s0:c512,c768 tcontext=u:r:init:s0 tclass=dir permissive=0

03-30 10:26:59.029 25810 25810 W AppWatcher: type=1400 audit(0.0:55139031): avc: denied { getattr } for path="/proc/2" dev="proc" ino=11961941 scontext=u:r:untrusted_app:s0:c512,c768 tcontext=u:r:kernel:s0 tclass=dir permissive=0

03-30 10:26:59.039 25810 25810 W AppWatcher: type=1400 audit(0.0:55139032): avc: denied { getattr } for path="/proc/3" dev="proc" ino=11961942 scontext=u:r:untrusted_app:s0:c512,c768 tcontext=u:r:kernel:s0 tclass=dir permissive=0

03-30 10:26:59.039 25810 25810 W AppWatcher: type=1400 audit(0.0:55139033): avc: denied { getattr } for path="/proc/6" dev="proc" ino=11961943 scontext=u:r:untrusted_app:s0:c512,c768 tcontext=u:r:kernel:s0 tclass=dir permissive=0

03-30 10:26:59.039 25810 25810 W AppWatcher: type=1400 audit(0.0:55139034): avc: denied { getattr } for path="/proc/7" dev="proc" ino=11961944 scontext=u:r:untrusted_app:s0:c512,c768 tcontext=u:r:kernel:s0 tclass=dir permissive=0

03-30 10:26:59.039 25810 25810 W AppWatcher: type=1400 audit(0.0:55139035): avc: denied { getattr } for path="/proc/8" dev="proc" ino=11961945 scontext=u:r:untrusted_app:s0:c512,c768 tcontext=u:r:kernel:s0 tclass=dir permissive=0

03-30 10:26:59.039 25810 25810 W AppWatcher: type=1400 audit(0.0:55139036): avc: denied { getattr } for path="/proc/21" dev="proc" ino=11961946 scontext=u:r:untrusted_app:s0:c512,c768 tcontext=u:r:kernel:s0 tclass=dir permissive=0

03-30 10:26:59.039 25810 25810 W AppWatcher: type=1400 audit(0.0:55139037): avc: denied { getattr } for path="/proc/22" dev="proc" ino=11961947 scontext=u:r:untrusted_app:s0:c512,c768 tcontext=u:r:kernel:s0 tclass=dir permissive=0

03-30 10:26:59.039 25810 25810 W AppWatcher: type=1400 audit(0.0:55139038): avc: denied { getattr } for path="/proc/28" dev="proc" ino=11961948 scontext=u:r:untrusted_app:s0:c512,c768 tcontext=u:r:kernel:s0 tclass=dir permissive=0

03-30 10:26:59.039 25810 25810 W AppWatcher: type=1400 audit(0.0:55139039): avc: denied { getattr } for path="/proc/29" dev="proc" ino=11961949 scontext=u:r:untrusted_app:s0:c512,c768 tcontext=u:r:kernel:s0 tclass=dir permissive=0

03-30 10:26:59.039 25810 25810 W AppWatcher: type=1400 audit(0.0:55139040): avc: denied { getattr } for path="/proc/30" dev="proc" ino=11961950 scontext=u:r:untrusted_app:s0:c512,c768 tcontext=u:r:kernel:s0 tclass=dir permissive=0

03-30 10:26:59.039 25810 25810 W AppWatcher: type=1400 audit(0.0:55139041): avc: denied { getattr } for path="/proc/32" dev="proc" ino=11961951 scontext=u:r:untrusted_app:s0:c512,c768 tcontext=u:r:kernel:s0 tclass=dir permissive=0

03-30 10:26:59.039 25810 25810 W AppWatcher: type=1400 audit(0.0:55139042): avc: denied { getattr } for path="/proc/33" dev="proc" ino=11961952 scontext=u:r:untrusted_app:s0:c512,c768 tcontext=u:r:kernel:s0 tclass=dir permissive=0

03-30 10:26:59.039 25810 25810 W AppWatcher: type=1400 audit(0.0:55139043): avc: denied { getattr } for path="/proc/34" dev="proc" ino=11961953 scontext=u:r:untrusted_app:s0:c512,c768 tcontext=u:r:kernel:s0 tclass=dir permissive=0

03-30 10:26:59.039 25810 25810 W AppWatcher: type=1400 audit(0.0:55139044): avc: denied { getattr } for path="/proc/61" dev="proc" ino=11961954 scontext=u:r:untrusted_app:s0:c512,c768 tcontext=u:r:kernel:s0 tclass=dir permissive=0

03-30 10:26:59.039 25810 25810 W AppWatcher: type=1400 audit(0.0:55139045): avc: denied { getattr } for path="/proc/62" dev="proc" ino=11961955 scontext=u:r:untrusted_app:s0:c512,c768 tcontext=u:r:kernel:s0 tclass=dir permissive=0

03-30 10:26:59.039 25810 25810 W AppWatcher: type=1400 audit(0.0:55139046): avc: denied { getattr } for path="/proc/63" dev="proc" ino=11961956 scontext=u:r:untrusted_app:s0:c512,c768 tcontext=u:r:kernel:s0 tclass=dir permissive=0

03-30 10:26:59.039 25810 25810 W AppWatcher: type=1400 audit(0.0:55139047): avc: denied { getattr } for path="/proc/64" dev="proc" ino=11961957 scontext=u:r:untrusted_app:s0:c512,c768 tcontext=u:r:kernel:s0 tclass=dir permissive=0

03-30 10:26:59.039 25810 25810 W AppWatcher: type=1400 audit(0.0:55139048): avc: denied { getattr } for path="/proc/65" dev="proc" ino=11961958 scontext=u:r:untrusted_app:s0:c512,c768 tcontext=u:r:kernel:s0 tclass=dir permissive=0

03-30 10:26:59.039 25810 25810 W AppWatcher: type=1400 audit(0.0:55139049): avc: denied { getattr } for path="/proc/66" dev="proc" ino=11961959 scontext=u:r:untrusted_app:s0:c512,c768 tcontext=u:r:kernel:s0 tclass=dir permissive=0

03-30 10:26:59.049 25810 25810 W AppWatcher: type=1400 audit(0.0:55139050): avc: denied { getattr } for path="/proc/67" dev="proc" ino=11961960 scontext=u:r:untrusted_app:s0:c512,c768 tcontext=u:r:kernel:s0 tclass=dir permissive=0

03-30 10:26:59.049 25810 25810 W AppWatcher: type=1400 audit(0.0:55139051): avc: denied { getattr } for path="/proc/68" dev="proc" ino=11961961 scontext=u:r:untrusted_app:s0:c512,c768 tcontext=u:r:kernel:s0 tclass=dir permissive=0

03-30 10:26:59.049 25810 25810 W AppWatcher: type=1400 audit(0.0:55139052): avc: denied { getattr } for path="/proc/69" dev="proc" ino=11961962 scontext=u:r:untrusted_app:s0:c512,c768 tcontext=u:r:kernel:s0 tclass=dir permissive=0

03-30 10:26:59.049 25810 25810 W AppWatcher: type=1400 audit(0.0:55139053): avc: denied { getattr } for path="/proc/70" dev="proc" ino=11961963 scontext=u:r:untrusted_app:s0:c512,c768 tcontext=u:r:kernel:s0 tclass=dir permissive=0

03-30 10:26:59.049 25810 25810 W AppWatcher: type=1400 audit(0.0:55139054): avc: denied { getattr } for path="/proc/71" dev="proc" ino=11961964 scontext=u:r:untrusted_app:s0:c512,c768 tcontext=u:r:kernel:s0 tclass=dir permissive=0

03-30 10:26:59.049 25810 25810 W AppWatcher: type=1400 audit(0.0:55139055): avc: denied { getattr } for path="/proc/72" dev="proc" ino=11961965 scontext=u:r:untrusted_app:s0:c512,c768 tcontext=u:r:kernel:s0 tclass=dir permissive=0

03-30 10:26:59.049 25810 25810 W AppWatcher: type=1400 audit(0.0:55139056): avc: denied { getattr } for path="/proc/73" dev="proc" ino=11961966 scontext=u:r:untrusted_app:s0:c512,c768 tcontext=u:r:kernel:s0 tclass=dir permissive=0

03-30 10:26:59.049 25810 25810 W AppWatcher: type=1400 audit(0.0:55139057): avc: denied { getattr } for path="/proc/74" dev="proc" ino=11961967 scontext=u:r:untrusted_app:s0:c512,c768 tcontext=u:r:kernel:s0 tclass=dir permissive=0

03-30 10:26:59.049 25810 25810 W AppWatcher: type=1400 audit(0.0:55139058): avc: denied { getattr } for path="/proc/75" dev="proc" ino=11961968 scontext=u:r:untrusted_app:s0:c512,c768 tcontext=u:r:kernel:s0 tclass=dir permissive=0

03-30 10:26:59.049 25810 25810 W AppWatcher: type=1400 audit(0.0:55139059): avc: denied { getattr } for path="/proc/76" dev="proc" ino=11961969 scontext=u:r:untrusted_app:s0:c512,c768 tcontext=u:r:kernel:s0 tclass=dir permissive=0

03-30 10:26:59.049 25810 25810 W AppWatcher: type=1400 audit(0.0:55139060): avc: denied { getattr } for path="/proc/77" dev="proc" ino=11961970 scontext=u:r:untrusted_app:s0:c512,c768 tcontext=u:r:kernel:s0 tclass=dir permissive=0

03-30 10:26:59.049 25810 25810 W AppWatcher: type=1400 audit(0.0:55139061): avc: denied { getattr } for path="/proc/78" dev="proc" ino=11961971 scontext=u:r:untrusted_app:s0:c512,c768 tcontext=u:r:kernel:s0 tclass=dir permissive=0

03-30 10:26:59.049 25810 25810 W AppWatcher: type=1400 audit(0.0:55139062): avc: denied { getattr } for path="/proc/79" dev="proc" ino=11961972 scontext=u:r:untrusted_app:s0:c512,c768 tcontext=u:r:kernel:s0 tclass=dir permissive=0

03-30 10:26:59.364  6151  6186 I octvm_klo: read wakeups from wakealarm_fd:1

03-30 10:26:59.364  6151  6186 I octvm_klo: new timerfd interval:

03-30 10:26:59.364  6151  6186 I octvm_klo: 	itval.it_interval.tv_sec 1, itval.it_interval.tv_nsec 0

03-30 10:26:59.364  6151  6186 I octvm_klo: 	itval.it_value.tv_sec 0, itval.it_value.tv_nsec 999992604

03-30 10:26:59.367   379   493 I ThermalEngine: Sensor:batt_temp:336 mC

03-30 10:26:59.942  2044  3620 D WifiStateMachine: starting scan for "56.1_neiwang"-WPA_PSK with 5280,2412

03-30 10:26:59.942  3745  3745 D wpa_supplicant: wlan0: Control interface command 'SCAN TYPE=ONLY freq=5280,2412'

03-30 10:26:59.943  3745  3745 D wpa_supplicant: wlan0: Setting scan request: 0.000000 sec

03-30 10:26:59.943  3745  3745 D wpa_supplicant: CTRL-DEBUG: global_ctrl_sock-sendto: sock=11 sndbuf=163840 outq=0 send_len=3

03-30 10:26:59.943  3745  3745 D wpa_supplicant: wlan0: Starting AP scan for wildcard SSID

03-30 10:26:59.943  3745  3745 D wpa_supplicant: wlan0: Limit manual scan to specified channels

03-30 10:26:59.943  3745  3745 D wpa_supplicant: wlan0: Add radio work 'scan'@0xb68d9398

03-30 10:26:59.944  3745  3745 D wpa_supplicant: wlan0: First radio work item in the queue - schedule start immediately

03-30 10:26:59.944  3745  3745 D wpa_supplicant: wlan0: Starting radio work 'scan'@0xb68d9398 after 0.000254 second wait

03-30 10:26:59.944  3745  3745 D wpa_supplicant: wlan0: nl80211: scan request

03-30 10:26:59.944  3745  3745 D wpa_supplicant: nl80211: Scan SSID - hexdump(len=0): [NULL]

03-30 10:26:59.944  3745  3745 D wpa_supplicant: nl80211: Scan extra IEs - hexdump(len=7): 7f 05 00 00 0a 02 01

03-30 10:26:59.944  3745  3745 D wpa_supplicant: nl80211: Scan frequency 2412 MHz

03-30 10:26:59.944  3745  3745 D wpa_supplicant: nl80211: Scan frequency 5280 MHz

03-30 10:26:59.962  3745  3745 D wpa_supplicant: Scan requested (ret=0) - scan timeout 30 seconds

03-30 10:26:59.962  3745  3745 D wpa_supplicant: nl80211: Event message available

03-30 10:26:59.962  3745  3745 D wpa_supplicant: nl80211: Drv Event 33 (NL80211_CMD_TRIGGER_SCAN) received for wlan0

03-30 10:26:59.962  3745  3745 D wpa_supplicant: wlan0: nl80211: Scan trigger

03-30 10:26:59.963  3745  3745 D wpa_supplicant: wlan0: Event SCAN_STARTED (47) received

03-30 10:26:59.963  3745  3745 D wpa_supplicant: wlan0: Own scan request started a scan in 0.000217 seconds

03-30 10:26:59.963  3745  3745 D wpa_supplicant: CTRL-DEBUG: ctrl_sock-sendmsg: sock=11 sndbuf=163840 outq=448 send_len=24

03-30 10:26:59.963  3745  3745 D wpa_supplicant: CTRL_IFACE monitor sent successfully to /data/misc/wifi/sockets/wpa_ctrl_2044-2\x00

03-30 10:27:00.089  3745  3745 D wpa_supplicant: nl80211: Event message available

03-30 10:27:00.089  3745  3745 D wpa_supplicant: nl80211: Drv Event 34 (NL80211_CMD_NEW_SCAN_RESULTS) received for wlan0

03-30 10:27:00.089  3745  3745 D wpa_supplicant: wlan0: nl80211: New scan results available

03-30 10:27:00.089  3745  3745 D wpa_supplicant: nl80211: Scan included frequencies: 2412 5280

03-30 10:27:00.089  3745  3745 D wpa_supplicant: wlan0: Event SCAN_RESULTS (3) received

03-30 10:27:00.089  3745  3745 D wpa_supplicant: wlan0: Scan completed in 0.126261 seconds

03-30 10:27:00.089  3745  3745 D wpa_supplicant: nl80211: Associated on 5280 MHz

03-30 10:27:00.089  3745  3745 D wpa_supplicant: nl80211: Associated with cc:81:da:9c:13:28

03-30 10:27:00.089  3745  3745 D wpa_supplicant: nl80211: Received scan results (32 BSSes)

03-30 10:27:00.089  3745  3745 D wpa_supplicant: nl80211: Scan results indicate BSS status with cc:81:da:9c:13:28 as associated

03-30 10:27:00.089  3745  3745 D wpa_supplicant: wlan0: BSS: Start scan result update 5211

03-30 10:27:00.093  3745  3745 D wpa_supplicant: wlan0: BSS: Add new id 8589 BSSID 20:76:93:24:bd:70 SSID 'wukong222'

03-30 10:27:00.093  3745  3745 D wpa_supplicant: CTRL-DEBUG: ctrl_sock-sendmsg: sock=11 sndbuf=163840 outq=0 send_len=43

03-30 10:27:00.093  3745  3745 D wpa_supplicant: CTRL_IFACE monitor sent successfully to /data/misc/wifi/sockets/wpa_ctrl_2044-2\x00

03-30 10:27:00.093  3745  3745 D wpa_supplicant: BSS: last_scan_res_used=32/64

03-30 10:27:00.093  3745  3745 D wpa_supplicant: wlan0: Scan-only results received

03-30 10:27:00.093  3745  3745 D wpa_supplicant: CTRL-DEBUG: ctrl_sock-sendmsg: sock=11 sndbuf=163840 outq=448 send_len=24

03-30 10:27:00.094  3745  3745 D wpa_supplicant: CTRL_IFACE monitor sent successfully to /data/misc/wifi/sockets/wpa_ctrl_2044-2\x00

03-30 10:27:00.094  3745  3745 D wpa_supplicant: wlan0: Radio work 'scan'@0xb68d9398 done in 0.149809 seconds

03-30 10:27:00.094  3745  3745 D wpa_supplicant: RTM_NEWLINK: ifi_index=22 ifname=wlan0 wext ifi_family=0 ifi_flags=0x11043 ([UP][RUNNING][LOWER_UP])

03-30 10:27:00.099  3745  3745 D wpa_supplicant: CTRL-DEBUG: global_ctrl_sock-sendto: sock=11 sndbuf=163840 outq=0 send_len=3541

03-30 10:27:00.102  3745  3745 D wpa_supplicant: CTRL-DEBUG: global_ctrl_sock-sendto: sock=11 sndbuf=163840 outq=0 send_len=3699

03-30 10:27:00.105  3745  3745 D wpa_supplicant: CTRL-DEBUG: global_ctrl_sock-sendto: sock=11 sndbuf=163840 outq=0 send_len=3255

03-30 10:27:00.112  3745  3745 D wpa_supplicant: CTRL-DEBUG: global_ctrl_sock-sendto: sock=11 sndbuf=163840 outq=0 send_len=3891

03-30 10:27:00.115  3745  3745 D wpa_supplicant: CTRL-DEBUG: global_ctrl_sock-sendto: sock=11 sndbuf=163840 outq=0 send_len=3610

03-30 10:27:00.117  3745  3745 D wpa_supplicant: CTRL-DEBUG: global_ctrl_sock-sendto: sock=11 sndbuf=163840 outq=0 send_len=3035

03-30 10:27:00.139  4229  4367 W WtProcessController: do not trim { PackageName :com.orvibo.homemate Pid: 2444 Uid: 10143 Start by: activity Score:100 Old score:100 state:0 mBackgroundTimeInMillis:0 WakelockCount:0 wakelogsize:0  ActivityDestroied:false Activity size: 1 PackageInfo:{WhetstonePackageInfo#PacakgeName:com.orvibo.homemate uid:10143 uiMemoryThresold:0 nonUiMemoryThresold:0 Flag:1073745984,0x40001040 [,TRIMHEAPS,FLAG_DEAL_SCHEDULE] Type:64[,AUTO_START] } tasknum:17472}

03-30 10:27:00.140  3745  3745 D wpa_supplicant: EAPOL: EAP Session-Id not available

03-30 10:27:00.140  3745  3745 D wpa_supplicant: CTRL-DEBUG: global_ctrl_sock-sendto: sock=11 sndbuf=163840 outq=0 send_len=279

03-30 10:27:00.364  6151  6186 I octvm_klo: read wakeups from wakealarm_fd:1

03-30 10:27:00.364  6151  6186 I octvm_klo: new timerfd interval:

03-30 10:27:00.364  6151  6186 I octvm_klo: 	itval.it_interval.tv_sec 1, itval.it_interval.tv_nsec 0

03-30 10:27:00.364  6151  6186 I octvm_klo: 	itval.it_value.tv_sec 0, itval.it_value.tv_nsec 999992448

03-30 10:27:00.368   379   493 I ThermalEngine: Sensor:batt_temp:336 mC

03-30 10:27:01.365  6151  6186 I octvm_klo: read wakeups from wakealarm_fd:1

03-30 10:27:01.365  6151  6186 I octvm_klo: new timerfd interval:

03-30 10:27:01.365  6151  6186 I octvm_klo: 	itval.it_interval.tv_sec 1, itval.it_interval.tv_nsec 0

03-30 10:27:01.365  6151  6186 I octvm_klo: 	itval.it_value.tv_sec 0, itval.it_value.tv_nsec 999997448

03-30 10:27:01.370   379   493 I ThermalEngine: Sensor:batt_temp:336 mC

03-30 10:27:01.589  3745  3745 D wpa_supplicant: wlan0: Control interface command 'SIGNAL_POLL'

03-30 10:27:01.591  3745  3745 D wpa_supplicant: CTRL-DEBUG: global_ctrl_sock-sendto: sock=11 sndbuf=163840 outq=0 send_len=49

03-30 10:27:02.365  6151  6186 I octvm_klo: read wakeups from wakealarm_fd:1

03-30 10:27:02.365  6151  6186 I octvm_klo: new timerfd interval:

03-30 10:27:02.365  6151  6186 I octvm_klo: 	itval.it_interval.tv_sec 1, itval.it_interval.tv_nsec 0

03-30 10:27:02.365  6151  6186 I octvm_klo: 	itval.it_value.tv_sec 0, itval.it_value.tv_nsec 999996823

03-30 10:27:02.371   379   493 I ThermalEngine: Sensor:batt_temp:335 mC

03-30 10:27:03.365  6151  6186 I octvm_klo: read wakeups from wakealarm_fd:1

03-30 10:27:03.365  6151  6186 I octvm_klo: new timerfd interval:

03-30 10:27:03.365  6151  6186 I octvm_klo: 	itval.it_interval.tv_sec 1, itval.it_interval.tv_nsec 0

03-30 10:27:03.365  6151  6186 I octvm_klo: 	itval.it_value.tv_sec 0, itval.it_value.tv_nsec 999997761

03-30 10:27:03.372   379   493 I ThermalEngine: Sensor:batt_temp:337 mC

03-30 10:27:04.368  6151  6186 I octvm_klo: read wakeups from wakealarm_fd:1

03-30 10:27:04.369  6151  6186 I octvm_klo: new timerfd interval:

03-30 10:27:04.369  6151  6186 I octvm_klo: 	itval.it_interval.tv_sec 1, itval.it_interval.tv_nsec 0

03-30 10:27:04.369  6151  6186 I octvm_klo: 	itval.it_value.tv_sec 0, itval.it_value.tv_nsec 999995625

03-30 10:27:04.373   379   493 I ThermalEngine: Sensor:batt_temp:336 mC

03-30 10:27:04.597  3745  3745 D wpa_supplicant: wlan0: Control interface command 'SIGNAL_POLL'

03-30 10:27:04.614  3745  3745 D wpa_supplicant: CTRL-DEBUG: global_ctrl_sock-sendto: sock=11 sndbuf=163840 outq=0 send_len=49

03-30 10:27:05.369  6151  6186 I octvm_klo: read wakeups from wakealarm_fd:1

03-30 10:27:05.369  6151  6186 I octvm_klo: new timerfd interval:

03-30 10:27:05.369  6151  6186 I octvm_klo: 	itval.it_interval.tv_sec 1, itval.it_interval.tv_nsec 0

03-30 10:27:05.369  6151  6186 I octvm_klo: 	itval.it_value.tv_sec 0, itval.it_value.tv_nsec 999993542

03-30 10:27:05.375   379   493 I ThermalEngine: Sensor:batt_temp:335 mC

03-30 10:27:05.618  2444  2570 D UTAnalytics:LogStoreMgr: pid:2444 [store],

03-30 10:27:05.639  2444  2570 D UTAnalytics:UTSqliteLogStore: pid:2444 sql:SELECT * FROM log ORDER BY time ASC  LIMIT 20,

03-30 10:27:05.646  2444  2570 D UTAnalytics:UTSqliteLogStore: pid:2444 pos,0,count,2,

03-30 10:27:05.646  2444  2570 D UTAnalytics:UTSqliteLogStore: pid:2444 pos,1,count,2,

03-30 10:27:05.656  2444  2570 D UTAnalytics:LogStoreMgr: pid:2444 [get],[Log [id=2195, eventId=19999, index=], Log [id=2196, eventId=2001, index=]],

03-30 10:27:05.657  2444  2570 D UTAnalytics:UploadTask: pid:2444 averagePackageSize:225.0,

03-30 10:27:05.710  4116  4556 I XiaomiFirewall: firewall pkgName:com.orvibo.homemate, result:0x0

03-30 10:27:05.793  2444  2570 D UTAnalytics:UploadTask: pid:2444 url:http://adashbc.m.taobao.com/rest/sur?ak=23256401&av=2.3.0.300&c=null&v=3.0&s=7c6df3167d65b725ddd80099be8b42d25c0e87e3&d=WJfwe%2BsntC4DAAdSBLpxQDCW&sv=2.5.1_for_bc&p=a&t=1490840825688&u=&is=1&k=0,

03-30 10:27:05.793  2444  2570 D UTAnalytics:UploadTask: pid:2444 result:{"t":1490840822509,"ret":"","success":"success"}

03-30 10:27:05.793  2444  2570 D UTAnalytics:UploadTask: ,

03-30 10:27:05.794  2444  2570 D UTAnalytics:UploadTask: pid:2444 winsize:350,

03-30 10:27:05.794  2444  2570 D UTAnalytics:LogStoreMgr: pid:2444 [Log [id=2195, eventId=19999, index=], Log [id=2196, eventId=2001, index=]],

03-30 10:27:05.816  2444  2570 D UTAnalytics:UTSqliteLogStore: pid:2444 delete ,2, isSuccess:true,

03-30 10:27:05.817  2444  2570 D UTAnalytics:CoreStatics: pid:2444 [uploadInc]:0,count:2,

03-30 10:27:05.817  2444  2570 D UTAnalytics:CoreStatics: pid:2444 [uploadInc]:2,

03-30 10:27:05.817  2444  2570 D UTAnalytics:UploadTask: pid:2444 logs.size():2, selfMonitorLogCount:0,

03-30 10:27:05.817  2444  2570 D UTAnalytics:UploadTask: pid:2444 upload isSendSuccess:true, consume:137, delete consume:23,

03-30 10:27:06.369  6151  6186 I octvm_klo: read wakeups from wakealarm_fd:1

03-30 10:27:06.369  6151  6186 I octvm_klo: new timerfd interval:

03-30 10:27:06.369  6151  6186 I octvm_klo: 	itval.it_interval.tv_sec 1, itval.it_interval.tv_nsec 0

03-30 10:27:06.369  6151  6186 I octvm_klo: 	itval.it_value.tv_sec 0, itval.it_value.tv_nsec 999996979

03-30 10:27:06.376   379   493 I ThermalEngine: Sensor:batt_temp:336 mC

03-30 10:27:07.370  6151  6186 I octvm_klo: read wakeups from wakealarm_fd:1

03-30 10:27:07.370  6151  6186 I octvm_klo: new timerfd interval:

03-30 10:27:07.370  6151  6186 I octvm_klo: 	itval.it_interval.tv_sec 1, itval.it_interval.tv_nsec 0

03-30 10:27:07.370  6151  6186 I octvm_klo: 	itval.it_value.tv_sec 0, itval.it_value.tv_nsec 999993333

03-30 10:27:07.377   379   493 I ThermalEngine: Sensor:batt_temp:335 mC

03-30 10:27:07.619  3745  3745 D wpa_supplicant: wlan0: Control interface command 'SIGNAL_POLL'

03-30 10:27:07.633  3745  3745 D wpa_supplicant: CTRL-DEBUG: global_ctrl_sock-sendto: sock=11 sndbuf=163840 outq=0 send_len=49

03-30 10:27:07.824  2444  2531 W System.err: Êó†Ê≥ïËÆøÈóÆÊàñÁΩëÁªú‰∏çÁ®≥ÂÆö

03-30 10:27:07.824  2444  2531 W System.err: 	at com.danale.video.sdk.http.impl.apache.ApacheHttpClient.readDataWithRetriesAndReportDanaleError(Unknown Source)

03-30 10:27:07.824  2444  2531 W System.err: 	at com.danale.video.sdk.http.impl.apache.ApacheHttpClient.execute(Unknown Source)

03-30 10:27:07.825  2444  2531 W System.err: 	at com.danale.video.sdk.utils.DnsAnalysisUtil.dnsAnalysisByDanale(Unknown Source)

03-30 10:27:07.825  2444  2531 W System.err: 	at com.danale.video.sdk.platform.entity.Session$7.doInBackground(Unknown Source)

03-30 10:27:07.825  2444  2531 W System.err: 	at com.danale.video.sdk.platform.entity.Session$7.doInBackground(Unknown Source)

03-30 10:27:07.825  2444  2531 W System.err: 	at com.danale.video.sdk.async.AsyncTask$2.call(Unknown Source)

03-30 10:27:07.825  2444  2531 W System.err: 	at java.util.concurrent.FutureTask.run(FutureTask.java:237)

03-30 10:27:07.825  2444  2531 W System.err: 	at java.util.concurrent.ThreadPoolExecutor.runWorker(ThreadPoolExecutor.java:1113)

03-30 10:27:07.825  2444  2531 W System.err: 	at java.util.concurrent.ThreadPoolExecutor$Worker.run(ThreadPoolExecutor.java:588)

03-30 10:27:07.825  2444  2531 W System.err: 	at java.lang.Thread.run(Thread.java:818)

03-30 10:27:07.825  2444  2531 W System.err: Caused by: org.apache.http.conn.ConnectTimeoutException: Connect to /54.93.73.119:443 timed out

03-30 10:27:07.826  2444  2531 W System.err: 	at org.apache.http.conn.scheme.PlainSocketFactory.connectSocket(PlainSocketFactory.java:126)

03-30 10:27:07.826  2444  2531 W System.err: 	at org.apache.http.impl.conn.DefaultClientConnectionOperator.openConnection(DefaultClientConnectionOperator.java:149)

03-30 10:27:07.826  2444  2531 W System.err: 	at org.apache.http.impl.conn.AbstractPoolEntry.open(AbstractPoolEntry.java:169)

03-30 10:27:07.826  2444  2531 W System.err: 	at org.apache.http.impl.conn.AbstractPooledConnAdapter.open(AbstractPooledConnAdapter.java:124)

03-30 10:27:07.826  2444  2531 W System.err: 	at org.apache.http.impl.client.DefaultRequestDirector.execute(DefaultRequestDirector.java:370)

03-30 10:27:07.826  2444  2531 W System.err: 	at org.apache.http.impl.client.AbstractHttpClient.execute(AbstractHttpClient.java:560)

03-30 10:27:07.826  2444  2531 W System.err: 	at org.apache.http.impl.client.AbstractHttpClient.execute(AbstractHttpClient.java:492)

03-30 10:27:07.826  2444  2531 W System.err: 	at org.apache.http.impl.client.AbstractHttpClient.execute(AbstractHttpClient.java:470)

03-30 10:27:07.826  2444  2531 W System.err: 	at com.danale.video.sdk.http.impl.apache.ApacheHttpClient.readDataWithRetriesAndReportDanaleError(Unknown Source)

03-30 10:27:07.827  2444  2531 W System.err: 	... 9 more

03-30 10:27:07.991  2444  2570 D UTAnalytics:LogStoreMgr: pid:2444 [store],

03-30 10:27:08.012  2444  2570 D UTAnalytics:UTSqliteLogStore: pid:2444 sql:SELECT * FROM log ORDER BY time ASC  LIMIT 350,

03-30 10:27:08.016  2444  2570 D UTAnalytics:LogStoreMgr: pid:2444 [get],[],

03-30 10:27:08.019  2444  2570 D UTAnalytics:UploadEngine: pid:2444 UTDC.bBackground:false,AppInfoUtil.isForeground(UTDC.getContext()) ,true,

03-30 10:27:08.022  2444  2570 D UTAnalytics:UploadTask: pid:2444 mPeriod:30000,

03-30 10:27:08.370  6151  6186 I octvm_klo: read wakeups from wakealarm_fd:1

03-30 10:27:08.370  6151  6186 I octvm_klo: new timerfd interval:

03-30 10:27:08.370  6151  6186 I octvm_klo: 	itval.it_interval.tv_sec 1, itval.it_interval.tv_nsec 0

03-30 10:27:08.370  6151  6186 I octvm_klo: 	itval.it_value.tv_sec 0, itval.it_value.tv_nsec 999995885

03-30 10:27:08.379   379   493 I ThermalEngine: Sensor:batt_temp:336 mC

03-30 10:27:09.189 25810 25810 W AppWatcher: type=1400 audit(0.0:55139292): avc: denied { getattr } for path="/proc/opalum-temp-calib" dev="proc" ino=4026534631 scontext=u:r:untrusted_app:s0:c512,c768 tcontext=u:object_r:proc_opalum:s0 tclass=file permissive=0

03-30 10:27:09.189 25810 25810 W AppWatcher: type=1400 audit(0.0:55139293): avc: denied { getattr } for path="/proc/opalum-f0-calib" dev="proc" ino=4026534630 scontext=u:r:untrusted_app:s0:c512,c768 tcontext=u:object_r:proc_opalum:s0 tclass=file permissive=0

03-30 10:27:09.199 25810 25810 W AppWatcher: type=1400 audit(0.0:55139294): avc: denied { getattr } for path="/proc/sysrq-trigger" dev="proc" ino=4026533735 scontext=u:r:untrusted_app:s0:c512,c768 tcontext=u:object_r:proc_sysrq:s0 tclass=file permissive=0

03-30 10:27:09.199 25810 25810 W AppWatcher: type=1400 audit(0.0:55139295): avc: denied { getattr } for path="/proc/1" dev="proc" ino=11921139 scontext=u:r:untrusted_app:s0:c512,c768 tcontext=u:r:init:s0 tclass=dir permissive=0

03-30 10:27:09.199 25810 25810 W AppWatcher: type=1400 audit(0.0:55139296): avc: denied { getattr } for path="/proc/2" dev="proc" ino=11961941 scontext=u:r:untrusted_app:s0:c512,c768 tcontext=u:r:kernel:s0 tclass=dir permissive=0

03-30 10:27:09.199 25810 25810 W AppWatcher: type=1400 audit(0.0:55139297): avc: denied { getattr } for path="/proc/3" dev="proc" ino=11961942 scontext=u:r:untrusted_app:s0:c512,c768 tcontext=u:r:kernel:s0 tclass=dir permissive=0

03-30 10:27:09.199 25810 25810 W AppWatcher: type=1400 audit(0.0:55139298): avc: denied { getattr } for path="/proc/6" dev="proc" ino=11961943 scontext=u:r:untrusted_app:s0:c512,c768 tcontext=u:r:kernel:s0 tclass=dir permissive=0

03-30 10:27:09.199 25810 25810 W AppWatcher: type=1400 audit(0.0:55139299): avc: denied { getattr } for path="/proc/7" dev="proc" ino=11961944 scontext=u:r:untrusted_app:s0:c512,c768 tcontext=u:r:kernel:s0 tclass=dir permissive=0

03-30 10:27:09.199 25810 25810 W AppWatcher: type=1400 audit(0.0:55139300): avc: denied { getattr } for path="/proc/8" dev="proc" ino=11961945 scontext=u:r:untrusted_app:s0:c512,c768 tcontext=u:r:kernel:s0 tclass=dir permissive=0

03-30 10:27:09.199 25810 25810 W AppWatcher: type=1400 audit(0.0:55139301): avc: denied { getattr } for path="/proc/21" dev="proc" ino=11961946 scontext=u:r:untrusted_app:s0:c512,c768 tcontext=u:r:kernel:s0 tclass=dir permissive=0

03-30 10:27:09.199 25810 25810 W AppWatcher: type=1400 audit(0.0:55139302): avc: denied { getattr } for path="/proc/22" dev="proc" ino=11961947 scontext=u:r:untrusted_app:s0:c512,c768 tcontext=u:r:kernel:s0 tclass=dir permissive=0

03-30 10:27:09.199 25810 25810 W AppWatcher: type=1400 audit(0.0:55139303): avc: denied { getattr } for path="/proc/28" dev="proc" ino=11961948 scontext=u:r:untrusted_app:s0:c512,c768 tcontext=u:r:kernel:s0 tclass=dir permissive=0

03-30 10:27:09.199 25810 25810 W AppWatcher: type=1400 audit(0.0:55139304): avc: denied { getattr } for path="/proc/29" dev="proc" ino=11961949 scontext=u:r:untrusted_app:s0:c512,c768 tcontext=u:r:kernel:s0 tclass=dir permissive=0

03-30 10:27:09.199 25810 25810 W AppWatcher: type=1400 audit(0.0:55139305): avc: denied { getattr } for path="/proc/30" dev="proc" ino=11961950 scontext=u:r:untrusted_app:s0:c512,c768 tcontext=u:r:kernel:s0 tclass=dir permissive=0

03-30 10:27:09.209 25810 25810 W AppWatcher: type=1400 audit(0.0:55139306): avc: denied { getattr } for path="/proc/32" dev="proc" ino=11961951 scontext=u:r:untrusted_app:s0:c512,c768 tcontext=u:r:kernel:s0 tclass=dir permissive=0

03-30 10:27:09.209 25810 25810 W AppWatcher: type=1400 audit(0.0:55139307): avc: denied { getattr } for path="/proc/33" dev="proc" ino=11961952 scontext=u:r:untrusted_app:s0:c512,c768 tcontext=u:r:kernel:s0 tclass=dir permissive=0

03-30 10:27:09.209 25810 25810 W AppWatcher: type=1400 audit(0.0:55139308): avc: denied { getattr } for path="/proc/34" dev="proc" ino=11961953 scontext=u:r:untrusted_app:s0:c512,c768 tcontext=u:r:kernel:s0 tclass=dir permissive=0

03-30 10:27:09.209 25810 25810 W AppWatcher: type=1400 audit(0.0:55139309): avc: denied { getattr } for path="/proc/61" dev="proc" ino=11961954 scontext=u:r:untrusted_app:s0:c512,c768 tcontext=u:r:kernel:s0 tclass=dir permissive=0

03-30 10:27:09.209 25810 25810 W AppWatcher: type=1400 audit(0.0:55139310): avc: denied { getattr } for path="/proc/62" dev="proc" ino=11961955 scontext=u:r:untrusted_app:s0:c512,c768 tcontext=u:r:kernel:s0 tclass=dir permissive=0

03-30 10:27:09.209 25810 25810 W AppWatcher: type=1400 audit(0.0:55139311): avc: denied { getattr } for path="/proc/63" dev="proc" ino=11961956 scontext=u:r:untrusted_app:s0:c512,c768 tcontext=u:r:kernel:s0 tclass=dir permissive=0

03-30 10:27:09.370  6151  6186 I octvm_klo: read wakeups from wakealarm_fd:1

03-30 10:27:09.370  6151  6186 I octvm_klo: new timerfd interval:

03-30 10:27:09.370  6151  6186 I octvm_klo: 	itval.it_interval.tv_sec 1, itval.it_interval.tv_nsec 0

03-30 10:27:09.370  6151  6186 I octvm_klo: 	itval.it_value.tv_sec 0, itval.it_value.tv_nsec 999997813

03-30 10:27:09.380   379   493 I ThermalEngine: Sensor:batt_temp:337 mC

03-30 10:27:10.371  6151  6186 I octvm_klo: read wakeups from wakealarm_fd:1

03-30 10:27:10.371  6151  6186 I octvm_klo: new timerfd interval:

03-30 10:27:10.371  6151  6186 I octvm_klo: 	itval.it_interval.tv_sec 1, itval.it_interval.tv_nsec 0

03-30 10:27:10.371  6151  6186 I octvm_klo: 	itval.it_value.tv_sec 0, itval.it_value.tv_nsec 999997031

03-30 10:27:10.383   379   493 I ThermalEngine: Sensor:batt_temp:336 mC

03-30 10:27:10.642  3745  3745 D wpa_supplicant: wlan0: Control interface command 'SIGNAL_POLL'

03-30 10:27:10.657  3745  3745 D wpa_supplicant: CTRL-DEBUG: global_ctrl_sock-sendto: sock=11 sndbuf=163840 outq=0 send_len=49

03-30 10:27:11.030  4060  4060 W PushService: 2017-03-30 10:27:11,029 - [WARN::PushService] - [Thread:1] register timer 1490841131016

03-30 10:27:11.030  4060  4060 W PushService: 2017-03-30 10:27:11,030 - [WARN::PushService] - [Thread:1] com.xiaomi.xmsf is the package name

03-30 10:27:11.030  4060  4060 W PushService: 2017-03-30 10:27:11,030 - [WARN::PushService] - [Thread:1] Ping XMChannelService on timer

03-30 10:27:11.037  4060  4060 W PushService: 2017-03-30 10:27:11,037 - [WARN::PushService] - [Thread:1] onStart() with intent.Action = com.xiaomi.push.timer, chid = null

03-30 10:27:11.037  4060  4060 W PushService: 2017-03-30 10:27:11,037 - [WARN::PushService] - [Thread:1] Service called on timer

03-30 10:27:11.039  4060  4253 W PushService: 2017-03-30 10:27:11,039 - [WARN::PushService] - [Thread:54] [Slim] SND ping id=0

03-30 10:27:11.040  4060  4253 W PushService: 2017-03-30 10:27:11,040 - [WARN::PushService] - [Thread:54] [Slim] Wrote {cmd=PING;chid=0;len=33}

03-30 10:27:11.041  4060  4253 W PushService: 2017-03-30 10:27:11,041 - [WARN::PushService] - [Thread:54] [Slim] 10:27:11 ‰∏äÂçà Sent  Blob [PING,0,0]

03-30 10:27:11.098  4060 11102 W PushService: 2017-03-30 10:27:11,097 - [WARN::PushService] - [Thread:416] [Slim] Read {cmd=PING;chid=0;len=27}

03-30 10:27:11.098  4060 11102 W PushService: 2017-03-30 10:27:11,098 - [WARN::PushService] - [Thread:416] [Slim] RCV ping id=0

03-30 10:27:11.098  4060 11102 W PushService: 2017-03-30 10:27:11,098 - [WARN::PushService] - [Thread:416] [Slim] 10:27:11 ‰∏äÂçà RCV  Blob [PING,0,0]

03-30 10:27:11.153  4229  4367 W WtProcessController: do not trim { PackageName :com.miui.home Pid: 4268 Uid: 10019 Start by: unknown Score:50 Old score:50 state:0 mBackgroundTimeInMillis:1490840806144 WakelockCount:0 wakelogsize:0  ActivityDestroied:false Activity size: 1 PackageInfo:{WhetstonePackageInfo#PacakgeName:com.miui.home uid:10019 uiMemoryThresold:0 nonUiMemoryThresold:0 Flag:-2147483392,0x80000100 [,APP_SYSTEM] Type:0[] } tasknum:17471}

03-30 10:27:11.260  4229  4367 W WtProcessController: do not trim { PackageName :com.orvibo.homemate Pid: 2599 Uid: 10143 Start by: service Score:100 Old score:100 state:0 mBackgroundTimeInMillis:0 WakelockCount:0 wakelogsize:0  ActivityDestroied:false Activity size: 0 PackageInfo:{WhetstonePackageInfo#PacakgeName:com.orvibo.homemate uid:10143 uiMemoryThresold:0 nonUiMemoryThresold:0 Flag:1073745984,0x40001040 [,TRIMHEAPS,FLAG_DEAL_SCHEDULE] Type:64[,AUTO_START] } tasknum:-1}

03-30 10:27:11.371  6151  6186 I octvm_klo: read wakeups from wakealarm_fd:1

03-30 10:27:11.371  6151  6186 I octvm_klo: new timerfd interval:

03-30 10:27:11.371  6151  6186 I octvm_klo: 	itval.it_interval.tv_sec 1, itval.it_interval.tv_nsec 0

03-30 10:27:11.371  6151  6186 I octvm_klo: 	itval.it_value.tv_sec 0, itval.it_value.tv_nsec 999991979

03-30 10:27:11.384   379   493 I ThermalEngine: Sensor:batt_temp:336 mC

03-30 10:27:11.611  2444  2705 W System.err: java.net.SocketTimeoutException: failed to connect to restapi.amap.com/106.11.12.1 (port 443) after 20000ms

03-30 10:27:11.612  2444  2705 W System.err: 	at libcore.io.IoBridge.connectErrno(IoBridge.java:169)

03-30 10:27:11.612  2444  2705 W System.err: 	at libcore.io.IoBridge.connect(IoBridge.java:122)

03-30 10:27:11.612  2444  2705 W System.err: 	at java.net.PlainSocketImpl.connect(PlainSocketImpl.java:183)

03-30 10:27:11.612  2444  2705 W System.err: 	at java.net.PlainSocketImpl.connect(PlainSocketImpl.java:452)

03-30 10:27:11.612  2444  2705 W System.err: 	at java.net.Socket.connect(Socket.java:884)

03-30 10:27:11.612  2444  2705 W System.err: 	at com.android.okhttp.internal.Platform.connectSocket(Platform.java:117)

03-30 10:27:11.612  2444  2705 W System.err: 	at com.android.okhttp.internal.http.SocketConnector.connectRawSocket(SocketConnector.java:160)

03-30 10:27:11.612  2444  2705 W System.err: 	at com.android.okhttp.internal.http.SocketConnector.connectTls(SocketConnector.java:79)

03-30 10:27:11.612  2444  2705 W System.err: 	at com.android.okhttp.Connection.connect(Connection.java:143)

03-30 10:27:11.612  2444  2705 W System.err: 	at com.android.okhttp.Connection.connectAndSetOwner(Connection.java:185)

03-30 10:27:11.612  2444  2705 W System.err: 	at com.android.okhttp.OkHttpClient$1.connectAndSetOwner(OkHttpClient.java:128)

03-30 10:27:11.612  2444  2705 W System.err: 	at com.android.okhttp.internal.http.HttpEngine.nextConnection(HttpEngine.java:342)

03-30 10:27:11.612  2444  2705 W System.err: 	at com.android.okhttp.internal.http.HttpEngine.connect(HttpEngine.java:331)

03-30 10:27:11.612  2444  2705 W System.err: 	at com.android.okhttp.internal.http.HttpEngine.sendRequest(HttpEngine.java:249)

03-30 10:27:11.612  2444  2705 W System.err: 	at com.android.okhttp.internal.huc.HttpURLConnectionImpl.execute(HttpURLConnectionImpl.java:437)

03-30 10:27:11.612  2444  2705 W System.err: 	at com.android.okhttp.internal.huc.HttpURLConnectionImpl.connect(HttpURLConnectionImpl.java:114)

03-30 10:27:11.612  2444  2705 W System.err: 	at com.android.okhttp.internal.huc.HttpURLConnectionImpl.getOutputStream(HttpURLConnectionImpl.java:245)

03-30 10:27:11.612  2444  2705 W System.err: 	at com.android.okhttp.internal.huc.DelegatingHttpsURLConnection.getOutputStream(DelegatingHttpsURLConnection.java:218)

03-30 10:27:11.612  2444  2705 W System.err: 	at com.android.okhttp.internal.huc.HttpsURLConnectionImpl.getOutputStream(HttpsURLConnectionImpl.java:25)

03-30 10:27:11.612  2444  2705 W System.err: 	at com.loc.ar.a(HttpUrlUtil.java:372)

03-30 10:27:11.612  2444  2705 W System.err: 	at com.loc.ap.b(BaseNetManager.java:158)

03-30 10:27:11.612  2444  2705 W System.err: 	at com.loc.ap.a(BaseNetManager.java:101)

03-30 10:27:11.612  2444  2705 W System.err: 	at com.loc.p.a(ConfigManager.java:222)

03-30 10:27:11.612  2444  2705 W System.err: 	at com.loc.bu.a(AuthUtil.java:34)

03-30 10:27:11.612  2444  2705 W System.err: 	at com.loc.aw.b(APS.java:3447)

03-30 10:27:11.613  2444  2705 W System.err: 	at com.loc.d.e(APSServiceCore.java:450)

03-30 10:27:11.613  2444  2705 W System.err: 	at com.loc.d.f(APSServiceCore.java:43)

03-30 10:27:11.613  2444  2705 W System.err: 	at com.loc.d$a.run(APSServiceCore.java:319)

03-30 10:27:11.622  2444  2705 W System.err: com.loc.l: socket ËøûÊé•Ë∂ÖÊó∂ - SocketTimeoutException

03-30 10:27:11.623  2444  2705 W System.err: 	at com.loc.ar.a(HttpUrlUtil.java:393)

03-30 10:27:11.624  2444  2705 W System.err: 	at com.loc.ap.b(BaseNetManager.java:158)

03-30 10:27:11.624  2444  2705 W System.err: 	at com.loc.ap.a(BaseNetManager.java:101)

03-30 10:27:11.624  2444  2705 W System.err: 	at com.loc.p.a(ConfigManager.java:222)

03-30 10:27:11.624  2444  2705 W System.err: 	at com.loc.bu.a(AuthUtil.java:34)

03-30 10:27:11.624  2444  2705 W System.err: 	at com.loc.aw.b(APS.java:3447)

03-30 10:27:11.624  2444  2705 W System.err: 	at com.loc.d.e(APSServiceCore.java:450)

03-30 10:27:11.624  2444  2705 W System.err: 	at com.loc.d.f(APSServiceCore.java:43)

03-30 10:27:11.625  2444  2705 W System.err: 	at com.loc.d$a.run(APSServiceCore.java:319)

03-30 10:27:11.677  2044  4266 W ActivityManager: Unable to start service Intent { cmp=com.autonavi.minimap/com.amap.api.service.AMapService (has extras) } U=0: not found

03-30 10:27:11.679  2044  4104 W ActivityManager: Unable to start service Intent { cmp=com.autonavi.minimap/com.taobao.agoo.PushService (has extras) } U=0: not found

03-30 10:27:11.980  4116  4556 I XiaomiFirewall: firewall pkgName:com.orvibo.homemate, result:0x0

03-30 10:27:12.371  6151  6186 I octvm_klo: read wakeups from wakealarm_fd:1

03-30 10:27:12.371  6151  6186 I octvm_klo: new timerfd interval:

03-30 10:27:12.371  6151  6186 I octvm_klo: 	itval.it_interval.tv_sec 1, itval.it_interval.tv_nsec 0

03-30 10:27:12.371  6151  6186 I octvm_klo: 	itval.it_value.tv_sec 0, itval.it_value.tv_nsec 999993854

03-30 10:27:12.385   379   493 I ThermalEngine: Sensor:batt_temp:336 mC

03-30 10:27:12.851  6193  6284 D DatabaseTaskManager: Cleaned 0 long time unfinished task

03-30 10:27:12.853  6193  6284 D DatabaseTaskManager: get 0 task to run

03-30 10:27:12.874  2444  2570 D UTAnalytics:CommitTask: pid:2444 check&commit event:65502,

03-30 10:27:12.876  2444  2567 D UTAnalytics:CommitTask: pid:2444 check&commit event:65501,

03-30 10:27:12.877  2444  2570 D UTAnalytics:CommitTask: pid:2444 next:65502,

03-30 10:27:12.878  2444  2570 D UTAnalytics:CommitTask: pid:2444 check&commit event:65503,

03-30 10:27:12.878  2444  2570 D UTAnalytics:CommitTask: pid:2444 next:65503,

03-30 10:27:12.881  2444  2567 D UTAnalytics:CommitTask: pid:2444 next:65501,

03-30 10:27:13.371  6151  6186 I octvm_klo: read wakeups from wakealarm_fd:1

03-30 10:27:13.372  6151  6186 I octvm_klo: new timerfd interval:

03-30 10:27:13.372  6151  6186 I octvm_klo: 	itval.it_interval.tv_sec 1, itval.it_interval.tv_nsec 0

03-30 10:27:13.372  6151  6186 I octvm_klo: 	itval.it_value.tv_sec 0, itval.it_value.tv_nsec 999991198

03-30 10:27:13.387   379   493 I ThermalEngine: Sensor:batt_temp:336 mC

03-30 10:27:13.666  3745  3745 D wpa_supplicant: wlan0: Control interface command 'SIGNAL_POLL'

03-30 10:27:13.682  3745  3745 D wpa_supplicant: CTRL-DEBUG: global_ctrl_sock-sendto: sock=11 sndbuf=163840 outq=0 send_len=49

03-30 10:27:14.337  4569  7585 D FrozenAppController: FrozenAPP, is HasProcessOOMTooLow

03-30 10:27:14.338  4569  7585 D FrozenAppController: >>> event = 22 >>> state = 2 uid 10124

03-30 10:27:14.338  4569  7585 V FrozenAppController:     >>>>  MSG_FROZEN_APP : { uid: 10124 mState:2 mEvent:22 mIsForeground:false mLocationPolicy:0}

03-30 10:27:14.372  6151  6186 I octvm_klo: read wakeups from wakealarm_fd:1

