03-30 10:37:19.989 25810 25810 W AppWatcher: type=1400 audit(0.0:55196101): avc: denied { getattr } for path="/proc/63" dev="proc" ino=11961956 scontext=u:r:untrusted_app:s0:c512,c768 tcontext=u:r:kernel:s0 tclass=dir permissive=0

03-30 10:37:19.989 25810 25810 W AppWatcher: type=1400 audit(0.0:55196102): avc: denied { getattr } for path="/proc/64" dev="proc" ino=11961957 scontext=u:r:untrusted_app:s0:c512,c768 tcontext=u:r:kernel:s0 tclass=dir permissive=0

03-30 10:37:19.989 25810 25810 W AppWatcher: type=1400 audit(0.0:55196103): avc: denied { getattr } for path="/proc/65" dev="proc" ino=11961958 scontext=u:r:untrusted_app:s0:c512,c768 tcontext=u:r:kernel:s0 tclass=dir permissive=0

03-30 10:37:19.989 25810 25810 W AppWatcher: type=1400 audit(0.0:55196104): avc: denied { getattr } for path="/proc/66" dev="proc" ino=11961959 scontext=u:r:untrusted_app:s0:c512,c768 tcontext=u:r:kernel:s0 tclass=dir permissive=0

03-30 10:37:19.989 25810 25810 W AppWatcher: type=1400 audit(0.0:55196105): avc: denied { getattr } for path="/proc/67" dev="proc" ino=11961960 scontext=u:r:untrusted_app:s0:c512,c768 tcontext=u:r:kernel:s0 tclass=dir permissive=0

03-30 10:37:19.989 25810 25810 W AppWatcher: type=1400 audit(0.0:55196106): avc: denied { getattr } for path="/proc/68" dev="proc" ino=11961961 scontext=u:r:untrusted_app:s0:c512,c768 tcontext=u:r:kernel:s0 tclass=dir permissive=0

03-30 10:37:19.989 25810 25810 W AppWatcher: type=1400 audit(0.0:55196107): avc: denied { getattr } for path="/proc/69" dev="proc" ino=11961962 scontext=u:r:untrusted_app:s0:c512,c768 tcontext=u:r:kernel:s0 tclass=dir permissive=0

03-30 10:37:19.989 25810 25810 W AppWatcher: type=1400 audit(0.0:55196108): avc: denied { getattr } for path="/proc/70" dev="proc" ino=11961963 scontext=u:r:untrusted_app:s0:c512,c768 tcontext=u:r:kernel:s0 tclass=dir permissive=0

03-30 10:37:19.989 25810 25810 W AppWatcher: type=1400 audit(0.0:55196109): avc: denied { getattr } for path="/proc/71" dev="proc" ino=11961964 scontext=u:r:untrusted_app:s0:c512,c768 tcontext=u:r:kernel:s0 tclass=dir permissive=0

03-30 10:37:19.994 12852 12963 D HomeMate: comm[ Thread-44428: FileTool.java:65 deleteOldFiles() ] - deleteOldFiles()-fileName:HomeMate_20170307185615.601.txt

03-30 10:37:19.995 12852 12963 D HomeMate: comm[ Thread-44428: FileTool.java:65 deleteOldFiles() ] - deleteOldFiles()-fileName:HomeMate_20170307185528.729.txt

03-30 10:37:19.995 12852 12963 D HomeMate: comm[ Thread-44428: FileTool.java:65 deleteOldFiles() ] - deleteOldFiles()-fileName:HomeMate_20170307185441.584.txt

03-30 10:37:19.996 12852 12963 D HomeMate: comm[ Thread-44428: FileTool.java:65 deleteOldFiles() ] - deleteOldFiles()-fileName:HomeMate_20170307185330.163.txt

03-30 10:37:19.997 12852 12963 D HomeMate: comm[ Thread-44428: FileTool.java:65 deleteOldFiles() ] - deleteOldFiles()-fileName:HomeMate_20170307185229.796.txt

03-30 10:37:19.997 12852 12963 D HomeMate: comm[ Thread-44428: FileTool.java:65 deleteOldFiles() ] - deleteOldFiles()-fileName:HomeMate_20170307185130.708.txt

03-30 10:37:19.998 12852 12963 D HomeMate: comm[ Thread-44428: FileTool.java:65 deleteOldFiles() ] - deleteOldFiles()-fileName:HomeMate_20170307184753.420.txt

03-30 10:37:19.998 12852 12963 D HomeMate: comm[ Thread-44428: FileTool.java:65 deleteOldFiles() ] - deleteOldFiles()-fileName:HomeMate_20170307184646.097.txt

03-30 10:37:19.999 12852 12963 D HomeMate: comm[ Thread-44428: FileTool.java:65 deleteOldFiles() ] - deleteOldFiles()-fileName:HomeMate_20170307184547.674.txt

03-30 10:37:20.000 12852 12963 D HomeMate: comm[ Thread-44428: FileTool.java:65 deleteOldFiles() ] - deleteOldFiles()-fileName:HomeMate_20170307184449.345.txt

03-30 10:37:20.000 12852 12963 D HomeMate: comm[ Thread-44428: FileTool.java:65 deleteOldFiles() ] - deleteOldFiles()-fileName:HomeMate_20170307184351.705.txt

03-30 10:37:20.001 12852 12963 D HomeMate: comm[ Thread-44428: FileTool.java:65 deleteOldFiles() ] - deleteOldFiles()-fileName:HomeMate_20170307184246.561.txt

03-30 10:37:20.001 12852 12963 D HomeMate: comm[ Thread-44428: FileTool.java:65 deleteOldFiles() ] - deleteOldFiles()-fileName:HomeMate_20170307184209.846.txt

03-30 10:37:20.002 12852 12963 D HomeMate: comm[ Thread-44428: FileTool.java:65 deleteOldFiles() ] - deleteOldFiles()-fileName:HomeMate_20170307184059.988.txt

03-30 10:37:20.002 12852 12963 D HomeMate: comm[ Thread-44428: FileTool.java:65 deleteOldFiles() ] - deleteOldFiles()-fileName:HomeMate_20170307180448.877.txt

03-30 10:37:20.003 12852 12963 D HomeMate: comm[ Thread-44428: FileTool.java:65 deleteOldFiles() ] - deleteOldFiles()-fileName:HomeMate_20170307180412.057.txt

03-30 10:37:20.004 12852 12963 D HomeMate: comm[ Thread-44428: FileTool.java:65 deleteOldFiles() ] - deleteOldFiles()-fileName:HomeMate_20170307180335.083.txt

03-30 10:37:20.004 12852 12963 D HomeMate: comm[ Thread-44428: FileTool.java:65 deleteOldFiles() ] - deleteOldFiles()-fileName:HomeMate_20170307180257.239.txt

03-30 10:37:20.004 12852 12963 D HomeMate: comm[ Thread-44428: FileTool.java:65 deleteOldFiles() ] - deleteOldFiles()-fileName:HomeMate_20170307180212.575.txt

03-30 10:37:20.005 12852 12963 D HomeMate: comm[ Thread-44428: FileTool.java:65 deleteOldFiles() ] - deleteOldFiles()-fileName:HomeMate_20170307180136.517.txt

03-30 10:37:20.005 12852 12963 D HomeMate: comm[ Thread-44428: FileTool.java:65 deleteOldFiles() ] - deleteOldFiles()-fileName:HomeMate_20170307175614.157.txt

03-30 10:37:20.006 12852 12963 D HomeMate: comm[ Thread-44428: FileTool.java:65 deleteOldFiles() ] - deleteOldFiles()-fileName:HomeMate_20170307175509.636.txt

03-30 10:37:20.006 12852 12963 D HomeMate: comm[ Thread-44428: FileTool.java:65 deleteOldFiles() ] - deleteOldFiles()-fileName:HomeMate_20170307175415.957.txt

03-30 10:37:20.007 12852 12963 D HomeMate: comm[ Thread-44428: FileTool.java:65 deleteOldFiles() ] - deleteOldFiles()-fileName:HomeMate_20170307175320.996.txt

03-30 10:37:20.007 12852 12963 D HomeMate: comm[ Thread-44428: FileTool.java:65 deleteOldFiles() ] - deleteOldFiles()-fileName:HomeMate_20170307175217.292.txt

03-30 10:37:20.008 12852 12963 D HomeMate: comm[ Thread-44428: FileTool.java:65 deleteOldFiles() ] - deleteOldFiles()-fileName:HomeMate_20170307175141.646.txt

03-30 10:37:20.008 12852 12963 D HomeMate: comm[ Thread-44428: FileTool.java:65 deleteOldFiles() ] - deleteOldFiles()-fileName:HomeMate_20170307174848.191.txt

03-30 10:37:20.008 12852 12963 D HomeMate: comm[ Thread-44428: FileTool.java:65 deleteOldFiles() ] - deleteOldFiles()-fileName:HomeMate_20170307174753.194.txt

03-30 10:37:20.009 12852 12963 D HomeMate: comm[ Thread-44428: FileTool.java:65 deleteOldFiles() ] - deleteOldFiles()-fileName:HomeMate_20170307174658.567.txt

03-30 10:37:20.010 12852 12852 E RecyclerView: No adapter attached; skipping layout

03-30 10:37:20.014 12852 12963 D HomeMate: comm[ Thread-44428: FileTool.java:65 deleteOldFiles() ] - deleteOldFiles()-fileName:HomeMate_20170307174604.325.txt

03-30 10:37:20.015 12852 12963 D HomeMate: comm[ Thread-44428: FileTool.java:65 deleteOldFiles() ] - deleteOldFiles()-fileName:HomeMate_20170307174519.509.txt

03-30 10:37:20.015 12852 12963 D HomeMate: comm[ Thread-44428: FileTool.java:65 deleteOldFiles() ] - deleteOldFiles()-fileName:HomeMate_20170307174443.656.txt

03-30 10:37:20.016 12852 12963 D HomeMate: comm[ Thread-44428: FileTool.java:65 deleteOldFiles() ] - deleteOldFiles()-fileName:HomeMate_20170307160840.955.txt

03-30 10:37:20.016 12852 12963 D HomeMate: comm[ Thread-44428: FileTool.java:65 deleteOldFiles() ] - deleteOldFiles()-fileName:HomeMate_20170307160622.572.txt

03-30 10:37:20.017 12852 12963 D HomeMate: comm[ Thread-44428: FileTool.java:65 deleteOldFiles() ] - deleteOldFiles()-fileName:HomeMate_20170307160552.145.txt

03-30 10:37:20.017 12852 12963 D HomeMate: comm[ Thread-44428: FileTool.java:65 deleteOldFiles() ] - deleteOldFiles()-fileName:HomeMate_20170307160520.254.txt

03-30 10:37:20.020 12852 12963 D HomeMate: comm[ Thread-44428: FileTool.java:65 deleteOldFiles() ] - deleteOldFiles()-fileName:HomeMate_20170307160450.082.txt

03-30 10:37:20.021 12852 12963 D HomeMate: comm[ Thread-44428: FileTool.java:65 deleteOldFiles() ] - deleteOldFiles()-fileName:HomeMate_20170307160419.393.txt

03-30 10:37:20.022  2044  3620 D WifiStateMachine: starting scan for "56.1_neiwang"-WPA_PSK with 5280,2412

03-30 10:37:20.022  3745  3745 D wpa_supplicant: wlan0: Control interface command 'SCAN TYPE=ONLY freq=5280,2412'

03-30 10:37:20.022  3745  3745 D wpa_supplicant: wlan0: Setting scan request: 0.000000 sec

03-30 10:37:20.022  3745  3745 D wpa_supplicant: CTRL-DEBUG: global_ctrl_sock-sendto: sock=11 sndbuf=163840 outq=0 send_len=3

03-30 10:37:20.022  3745  3745 D wpa_supplicant: wlan0: Starting AP scan for wildcard SSID

03-30 10:37:20.022  3745  3745 D wpa_supplicant: wlan0: Limit manual scan to specified channels

03-30 10:37:20.022  3745  3745 D wpa_supplicant: wlan0: Add radio work 'scan'@0xb68d9398

03-30 10:37:20.022  3745  3745 D wpa_supplicant: wlan0: First radio work item in the queue - schedule start immediately

03-30 10:37:20.022  3745  3745 D wpa_supplicant: wlan0: Starting radio work 'scan'@0xb68d9398 after 0.000052 second wait

03-30 10:37:20.022  3745  3745 D wpa_supplicant: wlan0: nl80211: scan request

03-30 10:37:20.022  3745  3745 D wpa_supplicant: nl80211: Scan SSID - hexdump(len=0): [NULL]

03-30 10:37:20.022  3745  3745 D wpa_supplicant: nl80211: Scan extra IEs - hexdump(len=7): 7f 05 00 00 0a 02 01

03-30 10:37:20.022  3745  3745 D wpa_supplicant: nl80211: Scan frequency 2412 MHz

03-30 10:37:20.022  3745  3745 D wpa_supplicant: nl80211: Scan frequency 5280 MHz

03-30 10:37:20.022 12852 12963 D HomeMate: comm[ Thread-44428: FileTool.java:65 deleteOldFiles() ] - deleteOldFiles()-fileName:HomeMate_20170307160308.046.txt

03-30 10:37:20.025 12852 12963 D HomeMate: comm[ Thread-44428: FileTool.java:65 deleteOldFiles() ] - deleteOldFiles()-fileName:HomeMate_20170307160158.041.txt

03-30 10:37:20.025  3745  3745 D wpa_supplicant: Scan requested (ret=0) - scan timeout 30 seconds

03-30 10:37:20.026  3745  3745 D wpa_supplicant: nl80211: Event message available

03-30 10:37:20.026  3745  3745 D wpa_supplicant: nl80211: Drv Event 33 (NL80211_CMD_TRIGGER_SCAN) received for wlan0

03-30 10:37:20.026  3745  3745 D wpa_supplicant: wlan0: nl80211: Scan trigger

03-30 10:37:20.026  3745  3745 D wpa_supplicant: wlan0: Event SCAN_STARTED (47) received

03-30 10:37:20.026  3745  3745 D wpa_supplicant: wlan0: Own scan request started a scan in 0.000146 seconds

03-30 10:37:20.026 12852 12963 D HomeMate: comm[ Thread-44428: FileTool.java:65 deleteOldFiles() ] - deleteOldFiles()-fileName:HomeMate_20170307160114.503.txt

03-30 10:37:20.026  3745  3745 D wpa_supplicant: CTRL-DEBUG: ctrl_sock-sendmsg: sock=11 sndbuf=163840 outq=0 send_len=24

03-30 10:37:20.026  3745  3745 D wpa_supplicant: CTRL_IFACE monitor sent successfully to /data/misc/wifi/sockets/wpa_ctrl_2044-2\x00

03-30 10:37:20.026 12852 12963 D HomeMate: comm[ Thread-44428: FileTool.java:65 deleteOldFiles() ] - deleteOldFiles()-fileName:HomeMate_20170307160057.988.txt

03-30 10:37:20.027 12852 12963 D HomeMate: comm[ Thread-44428: FileTool.java:65 deleteOldFiles() ] - deleteOldFiles()-fileName:HomeMate_20170307155401.765.txt

03-30 10:37:20.027 12852 12963 D HomeMate: comm[ Thread-44428: FileTool.java:65 deleteOldFiles() ] - deleteOldFiles()-fileName:HomeMate_20170307153056.237.txt

03-30 10:37:20.028 12852 12963 D HomeMate: comm[ Thread-44428: FileTool.java:65 deleteOldFiles() ] - deleteOldFiles()-fileName:HomeMate_20170307152847.805.txt

03-30 10:37:20.028 12852 12963 D HomeMate: comm[ Thread-44428: FileTool.java:65 deleteOldFiles() ] - deleteOldFiles()-fileName:HomeMate_20170307152711.987.txt

03-30 10:37:20.028 12852 12963 D HomeMate: comm[ Thread-44428: FileTool.java:65 deleteOldFiles() ] - deleteOldFiles()-fileName:HomeMate_20170307152650.733.txt

03-30 10:37:20.029 12852 12963 D HomeMate: comm[ Thread-44428: FileTool.java:65 deleteOldFiles() ] - deleteOldFiles()-fileName:HomeMate_20170307152301.745.txt

03-30 10:37:20.029 12852 12963 D HomeMate: comm[ Thread-44428: FileTool.java:65 deleteOldFiles() ] - deleteOldFiles()-fileName:HomeMate_20170307152130.843.txt

03-30 10:37:20.030 12852 12963 D HomeMate: comm[ Thread-44428: FileTool.java:65 deleteOldFiles() ] - deleteOldFiles()-fileName:HomeMate_20170307113839.231.txt

03-30 10:37:20.030 12852 12963 D HomeMate: comm[ Thread-44428: FileTool.java:65 deleteOldFiles() ] - deleteOldFiles()-fileName:HomeMate_20170307100249.289.txt

03-30 10:37:20.031 12852 12963 D HomeMate: comm[ Thread-44428: FileTool.java:65 deleteOldFiles() ] - deleteOldFiles()-fileName:HomeMate_20170307085935.168.txt

03-30 10:37:20.031 12852 12963 D HomeMate: comm[ Thread-44428: FileTool.java:65 deleteOldFiles() ] - deleteOldFiles()-fileName:HomeMate_20170307085713.888.txt

03-30 10:37:20.032 12852 12963 D HomeMate: comm[ Thread-44428: FileTool.java:65 deleteOldFiles() ] - deleteOldFiles()-fileName:HomeMate_20170307085638.047.txt

03-30 10:37:20.032 12852 12963 D HomeMate: comm[ Thread-44428: FileTool.java:65 deleteOldFiles() ] - deleteOldFiles()-fileName:HomeMate_20170306193822.181.txt

03-30 10:37:20.032 12852 12963 D HomeMate: comm[ Thread-44428: FileTool.java:65 deleteOldFiles() ] - deleteOldFiles()-fileName:HomeMate_20170306193752.383.txt

03-30 10:37:20.033 12852 12963 D HomeMate: comm[ Thread-44428: FileTool.java:65 deleteOldFiles() ] - deleteOldFiles()-fileName:HomeMate_20170306193721.876.txt

03-30 10:37:20.033 12852 12963 D HomeMate: comm[ Thread-44428: FileTool.java:65 deleteOldFiles() ] - deleteOldFiles()-fileName:HomeMate_20170306193651.094.txt

03-30 10:37:20.034 12852 12963 D HomeMate: comm[ Thread-44428: FileTool.java:65 deleteOldFiles() ] - deleteOldFiles()-fileName:HomeMate_20170306193621.066.txt

03-30 10:37:20.034 12852 12963 D HomeMate: comm[ Thread-44428: FileTool.java:65 deleteOldFiles() ] - deleteOldFiles()-fileName:HomeMate_20170306193551.480.txt

03-30 10:37:20.035 12852 12963 D HomeMate: comm[ Thread-44428: FileTool.java:65 deleteOldFiles() ] - deleteOldFiles()-fileName:HomeMate_20170306193521.173.txt

03-30 10:37:20.035 12852 12963 D HomeMate: comm[ Thread-44428: FileTool.java:65 deleteOldFiles() ] - deleteOldFiles()-fileName:HomeMate_20170306184835.689.txt

03-30 10:37:20.036 12852 12963 D HomeMate: comm[ Thread-44428: FileTool.java:65 deleteOldFiles() ] - deleteOldFiles()-fileName:HomeMate_20170306184534.204.txt

03-30 10:37:20.036 12852 12963 D HomeMate: comm[ Thread-44428: FileTool.java:65 deleteOldFiles() ] - deleteOldFiles()-fileName:HomeMate_20170306184424.892.txt

03-30 10:37:20.062 12852 12852 D SearchGateway: onUdpSearch()-gatewayInfo:GatewayInfo{uid='007e5608c69c', model='VIH001', hubName='null', ip='192.168.56.166', port=8088}

03-30 10:37:20.063 12852 12852 D SearchGateway: onUdpSearch()-gatewayInfo:GatewayInfo{uid='007e56121201', model='Hub002', hubName='null', ip='192.168.56.245', port=8088}

03-30 10:37:20.065 12852 12852 D SearchGateway: onUdpSearch()-gatewayInfo:GatewayInfo{uid='5cffffe20086', model='Hub100', hubName='null', ip='192.168.56.228', port=8088}

03-30 10:37:20.066 12852 12852 D SearchGateway: onUdpSearch()-gatewayInfo:GatewayInfo{uid='5cffff43d6b4', model='Hub002', hubName='null', ip='192.168.56.121', port=8088}

03-30 10:37:20.087 12852 12852 D HomeMate: comm[ main: BaseRequest.java:498 stopRequest() ] - Stop request which serial is 1674132871 on com.orvibo.homemate.device.home.HomeRoomPresenter$1@b7f9ada

03-30 10:37:20.087 12852 12852 D HomeMate: comm[ main: HomeRoomPresenter.java:58 init() ] - HomeRefresh

03-30 10:37:20.097  3745  3745 D wpa_supplicant: wlan0: Control interface command 'SCAN TYPE=ONLY'

03-30 10:37:20.097  3745  3745 D wpa_supplicant: Pending scan scheduled - reject new request

03-30 10:37:20.097  3745  3745 D wpa_supplicant: CTRL-DEBUG: global_ctrl_sock-sendto: sock=11 sndbuf=163840 outq=0 send_len=10

03-30 10:37:20.099 12852 12852 D HomeMate: comm[ main: HomeFragment.java:279 onInit() ] - HomeRefresh

03-30 10:37:20.099 12852 12852 D HomeMate: allen[ main: HomeFragment.java:291 onRefreshFamilies() ] - families:[Family{familyId='ea4205a93f1c46b4a6df9bb391513dd9', pic='null', creator='91a31ba24648493aad89636922662c04', familyName='ojrtx', nickname_in_family='null', email='15079034630@126.com', phone='', showIndex=1, isAdmin=1, userid='91a31ba24648493aad89636922662c04', userName=ahdhhddhhd, updateTimeSec=1490841108000} , Family{familyId='7c9d5013119f46a2a89fe662794afe17', pic='null', creator='91a31ba24648493aad89636922662c04', familyName='gggy', nickname_in_family='null', email='15079034630@126.com', phone='', showIndex=2, isAdmin=1, userid='91a31ba24648493aad89636922662c04', userName=ahdhhddhhd, updateTimeSec=1490702078000} , Family{familyId='2f2e636022b94e218b3c2f9756c65cc5', pic='http://homemate.orvibo.com/images/family/decd605137a041d3943517d8943621bf.png', creator='91a31ba24648493aad89636922662c04', familyName='f30ow', nickname_in_family='null', email='15079034630@126.com', phone='', showIndex=3, isAdmin=1, userid='91a31ba24648493aad89636922662c04', userName=ahdhhddhhd, updateTimeSec=1490702078000} , Family{familyId='8a1ceb7b78034a539fbebe64efd979fc', pic='http://homemate.orvibo.com/images/family/5d1549631bde4bba877fa28498755239.png', creator='91a31ba24648493aad89636922662c04', familyName='2fa1b', nickname_in_family='null', email='15079034630@126.com', phone='', showIndex=4, isAdmin=1, userid='91a31ba24648493aad89636922662c04', userName=ahdhhddhhd, updateTimeSec=1490702078000} , Family{familyId='dbc10e32ebe547cc932bce19fe63d2c1', pic='http://homemate.orvibo.com/images/family/783967619a144ff182042bce99002bb1.png', creator='91a31ba24648493aad89636922662c04', familyName='iu299', nickname_in_family='null', email='15079034630@126.com', phone='', showIndex=5, isAdmin=1, userid='91a31ba24648493aad89636922662c04', userName=ahdhhddhhd, updateTimeSec=1490702078000} ] selectFamilyPosition:0

03-30 10:37:20.119  3745  3745 D wpa_supplicant: wlan0: Control interface command 'SIGNAL_POLL'

03-30 10:37:20.122  3745  3745 D wpa_supplicant: CTRL-DEBUG: global_ctrl_sock-sendto: sock=11 sndbuf=163840 outq=0 send_len=49

03-30 10:37:20.130 12852 12852 D HomeMate: comm[ main: HomeFragment.java:382 doRefreshRooms() ] - HomeRefresh-do refresh

03-30 10:37:20.131 12852 12852 D HomeMate: allen[ main: HomeFragment.java:385 doRefreshRooms() ] - rooms:[Room{roomId='ea4205a93f1c46b4a6df9bb391513dd9', roomName='é»˜è®¤æˆ¿é—´', floorId='714c9032b3ef488bbfe77bff438d53a4', roomType=0, sequence=0, isDefaultRoom=false, imgUrl='/storage/emulated/0/HomeMate/room/6_thumb'} BaseBo{delFlag=0, updateTime='0', createTime='0', updateTimeSec=0, uid='null', userName='null'}] selectRoomPosition:0

03-30 10:37:20.140 12852 12852 D HomeMate: comm[ main: BaseFragment.java:74 onAttach() ] - HomePagerFragment

03-30 10:37:20.141 12852 12852 D HomeMate: allen[ main: HomePagerFragment.java:120 onCreateView() ] - onCreateView()

03-30 10:37:20.143 12852 12852 V BoostFramework: BoostFramework() : mPerf = com.qualcomm.qti.Performance@b423f58

03-30 10:37:20.143 12852 12852 V BoostFramework: BoostFramework() : mPerf = com.qualcomm.qti.Performance@91f8b1

03-30 10:37:20.145 12852 12852 V BoostFramework: BoostFramework() : mPerf = com.qualcomm.qti.Performance@1579117

03-30 10:37:20.145 12852 12852 V BoostFramework: BoostFramework() : mPerf = com.qualcomm.qti.Performance@f47f904

03-30 10:37:20.146 12852 12852 D HomeMate: allen[ main: HomePagerFragment.java:186 onActivityCreated() ] - onActivityCreated()

03-30 10:37:20.148  3745  3745 D wpa_supplicant: nl80211: Event message available

03-30 10:37:20.148  3745  3745 D wpa_supplicant: nl80211: Drv Event 34 (NL80211_CMD_NEW_SCAN_RESULTS) received for wlan0

03-30 10:37:20.148  3745  3745 D wpa_supplicant: wlan0: nl80211: New scan results available

03-30 10:37:20.148  3745  3745 D wpa_supplicant: nl80211: Scan included frequencies: 2412 5280

03-30 10:37:20.148  3745  3745 D wpa_supplicant: wlan0: Event SCAN_RESULTS (3) received

03-30 10:37:20.148  3745  3745 D wpa_supplicant: wlan0: Scan completed in 0.122617 seconds

03-30 10:37:20.148  3745  3745 D wpa_supplicant: nl80211: Associated on 5280 MHz

03-30 10:37:20.148  3745  3745 D wpa_supplicant: nl80211: Associated with cc:81:da:9c:13:28

03-30 10:37:20.149  3745  3745 D wpa_supplicant: nl80211: Received scan results (31 BSSes)

03-30 10:37:20.149  3745  3745 D wpa_supplicant: nl80211: Scan results indicate BSS status with cc:81:da:9c:13:28 as associated

03-30 10:37:20.149  3745  3745 D wpa_supplicant: wlan0: BSS: Start scan result update 5248

03-30 10:37:20.149  3745  3745 D wpa_supplicant: BSS: last_scan_res_used=31/64

03-30 10:37:20.149  3745  3745 D wpa_supplicant: wlan0: Scan-only results received

03-30 10:37:20.149  3745  3745 D wpa_supplicant: CTRL-DEBUG: ctrl_sock-sendmsg: sock=11 sndbuf=163840 outq=0 send_len=24

03-30 10:37:20.149  3745  3745 D wpa_supplicant: CTRL_IFACE monitor sent successfully to /data/misc/wifi/sockets/wpa_ctrl_2044-2\x00

03-30 10:37:20.149  3745  3745 D wpa_supplicant: wlan0: Radio work 'scan'@0xb68d9398 done in 0.127066 seconds

03-30 10:37:20.154  3745  3745 D wpa_supplicant: CTRL-DEBUG: global_ctrl_sock-sendto: sock=11 sndbuf=163840 outq=0 send_len=3541

03-30 10:37:20.154  3745  3745 D wpa_supplicant: RTM_NEWLINK: ifi_index=22 ifname=wlan0 wext ifi_family=0 ifi_flags=0x11043 ([UP][RUNNING][LOWER_UP])

03-30 10:37:20.157  3745  3745 D wpa_supplicant: CTRL-DEBUG: global_ctrl_sock-sendto: sock=11 sndbuf=163840 outq=0 send_len=3797

03-30 10:37:20.158 12852 12852 D HomeMate: comm[ main: PropertyReport.java:94 registerNewPropertyReport() ] - registerNewPropertyReport()-listener:com.orvibo.homemate.device.home.HomeDevicePresenter@6ba27b3

03-30 10:37:20.159 12852 12852 D HomeMate: allen[ main: HomeDevicePresenter.java:110 refresh() ] - Start to init devices.

03-30 10:37:20.159 12852 12852 D HomeMate: allen[ main: HomeDevicePresenter.java:114 refresh() ] - Show devices from Room{roomId='ea4205a93f1c46b4a6df9bb391513dd9', roomName='é»˜è®¤æˆ¿é—´', floorId='714c9032b3ef488bbfe77bff438d53a4', roomType=0, sequence=0, isDefaultRoom=false, imgUrl='/storage/emulated/0/HomeMate/room/6_thumb'} BaseBo{delFlag=0, updateTime='0', createTime='0', updateTimeSec=0, uid='null', userName='null'}

03-30 10:37:20.160  3745  3745 D wpa_supplicant: CTRL-DEBUG: global_ctrl_sock-sendto: sock=11 sndbuf=163840 outq=0 send_len=3966

03-30 10:37:20.163  3745  3745 D wpa_supplicant: CTRL-DEBUG: global_ctrl_sock-sendto: sock=11 sndbuf=163840 outq=0 send_len=3592

03-30 10:37:20.165  3745  3745 D wpa_supplicant: CTRL-DEBUG: global_ctrl_sock-sendto: sock=11 sndbuf=163840 outq=0 send_len=3466

03-30 10:37:20.166 12852 12852 D HomeMate: allen[ main: HomeDevicePresenter.java:116 refresh() ] - devices [Device{uid=5ccf7fda9b5e, deviceName=S30æ™ºèƒ½æ’åº§, deviceId=040c8e12fd4d4f3192d9a5378cf8b149, appDeviceId=65533, deviceType=29, roomId=, company='', delFlag=0, extAddr='', endpoint=-1, irDeviceId=, sequence=0, model='62f1da0474434509923b2dc947a0f14c', updateTime=1490840335000(2017-03-30 10:18:55), userName=null} ]

03-30 10:37:20.167  3745  3745 D wpa_supplicant: CTRL-DEBUG: global_ctrl_sock-sendto: sock=11 sndbuf=163840 outq=0 send_len=1640

03-30 10:37:20.170 12852 12852 D HomeMate: allen[ main: HomeDevicePresenter.java:121 refresh() ] - other devices []

03-30 10:37:20.172 12852 12852 D HomeMate: allen[ main: HomeDevicePresenter.java:155 refreshDeviceStatus() ] - deviceStatusMap {040c8e12fd4d4f3192d9a5378cf8b149=Action{uid=5ccf7fda9b5e, deviceId=040c8e12fd4d4f3192d9a5378cf8b149, command='null', value1=0, value2=0, value3=0, value4=0, alarmType=1, delayTime=0, keyName='null', freq=0, name=, pluseNum=0, pluseData=null} }

03-30 10:37:20.174 12852 12852 D HomeMate: allen[ main: HomePagerFragment.java:229 onDeviceInit() ] - devices:[Device{uid=5ccf7fda9b5e, deviceName=S30æ™ºèƒ½æ’åº§, deviceId=040c8e12fd4d4f3192d9a5378cf8b149, appDeviceId=65533, deviceType=29, roomId=, company='', delFlag=0, extAddr='', endpoint=-1, irDeviceId=, sequence=0, model='62f1da0474434509923b2dc947a0f14c', updateTime=1490840335000(2017-03-30 10:18:55), userName=null} ],otherDevices:[]

03-30 10:37:20.178 12852 12852 D HomeMate: allen[ main: HomePagerFragment.java:279 onDeviceInit() ] - Show devices

03-30 10:37:20.178 12852 12852 D HomeMate: allen[ main: HomeDevicePresenter.java:129 refresh() ] - Finish to init device. cost 19ms

03-30 10:37:20.178 12852 12852 D HomeMate: comm[ main: DeviceUtil.java:953 getEnergyDevices() ] - familyId:ea4205a93f1c46b4a6df9bb391513dd9

03-30 10:37:20.184 12852 12852 D HomeMate: comm[ main: DeviceUtil.java:989 getEnergyDevices() ] - energyRemindDevices:[]

03-30 10:37:20.186 12852 12852 I HomeMate: wei[ main: RoomCommonSceneDao.java:46 selRoomCommonScene() ] - select * from scene inner join roomcommonscene on scene.sceneNo = roomcommonscene.sceneNo where roomcommonscene.userId = ? and roomcommonscene.roomId = ? order by roomcommonscene.sceneSequence ASC

03-30 10:37:20.189  3745  3745 D wpa_supplicant: EAPOL: EAP Session-Id not available

03-30 10:37:20.189  3745  3745 D wpa_supplicant: CTRL-DEBUG: global_ctrl_sock-sendto: sock=11 sndbuf=163840 outq=0 send_len=279

03-30 10:37:20.193  3745  3745 D wpa_supplicant: wlan0: Control interface command 'SCAN TYPE=ONLY'

03-30 10:37:20.193  3745  3745 D wpa_supplicant: wlan0: Setting scan request: 0.000000 sec

03-30 10:37:20.193  3745  3745 D wpa_supplicant: CTRL-DEBUG: global_ctrl_sock-sendto: sock=11 sndbuf=163840 outq=0 send_len=3

03-30 10:37:20.193  3745  3745 D wpa_supplicant: wlan0: Starting AP scan for wildcard SSID

03-30 10:37:20.193  3745  3745 D wpa_supplicant: wlan0: Add radio work 'scan'@0xb68d9398

03-30 10:37:20.193  3745  3745 D wpa_supplicant: wlan0: First radio work item in the queue - schedule start immediately

03-30 10:37:20.193  3745  3745 D wpa_supplicant: wlan0: Starting radio work 'scan'@0xb68d9398 after 0.000055 second wait

03-30 10:37:20.193  3745  3745 D wpa_supplicant: wlan0: nl80211: scan request

03-30 10:37:20.193  3745  3745 D wpa_supplicant: nl80211: Scan SSID - hexdump(len=0): [NULL]

03-30 10:37:20.193  3745  3745 D wpa_supplicant: nl80211: Scan extra IEs - hexdump(len=7): 7f 05 00 00 0a 02 01

03-30 10:37:20.198 12852 12852 D HomeMate: comm[ main: RoomImageUtil.java:275 getRoomImagePathByName() ] - RoomImageUtil: getRoomImagePathByName(file.exists == false !)

03-30 10:37:20.199 12852 12852 D HomeMate: comm[ main: HomePagerFragment.java:349 setRoomImage() ] - room:Room{roomId='ea4205a93f1c46b4a6df9bb391513dd9', roomName='é»˜è®¤æˆ¿é—´', floorId='714c9032b3ef488bbfe77bff438d53a4', roomType=0, sequence=0, isDefaultRoom=false, imgUrl='/storage/emulated/0/HomeMate/room/6_thumb'} BaseBo{delFlag=0, updateTime='0', createTime='0', updateTimeSec=0, uid='null', userName='null'}   file.exists()->true

03-30 10:37:20.200 12852 12852 D HomeMate: allen[ main: HomePagerFragment.java:202 onStart() ] - onStart()

03-30 10:37:20.201 12852 12852 D HomeMate: allen[ main: HomePagerFragment.java:208 onResume() ] - onResume()

03-30 10:37:20.202 12852 12852 I a       : handleMessage()-packet:Packet [src=/192.168.56.166, srcPort=5353, dst=/::, dstPort=5353, domain=orvibo_gateway._smarthome._tcp.local, txt=uid=007e5608c69c // model=VIH001 // sys_version=1.4.4, description=AAAA /fe80::27e:56ff:fe08:c69c

03-30 10:37:20.202 12852 12852 I a       :   A /192.168.56.166

03-30 10:37:20.202 12852 12852 I a       : _smarthome._tcp.local

03-30 10:37:20.202 12852 12852 I a       :   PTR orvibo_gateway._smarthome._tcp.local

03-30 10:37:20.202 12852 12852 I a       : orvibo_gateway._smarthome._tcp.local

03-30 10:37:20.202 12852 12852 I a       :   TXT uid=007e5608c69c // model=VIH001 // sys_version=1.4.4

03-30 10:37:20.202 12852 12852 I a       :   OTHER data[23]]

03-30 10:37:20.206 28253 28253 I AppiumUnicodeIME: onFinishInput

03-30 10:37:20.206 28253 28253 I AppiumUnicodeIME: onStartInput

03-30 10:37:20.207  3745  3745 D wpa_supplicant: Scan requested (ret=0) - scan timeout 30 seconds

03-30 10:37:20.207  3745  3745 D wpa_supplicant: nl80211: Event message available

03-30 10:37:20.207  3745  3745 D wpa_supplicant: nl80211: Drv Event 33 (NL80211_CMD_TRIGGER_SCAN) received for wlan0

03-30 10:37:20.207  3745  3745 D wpa_supplicant: wlan0: nl80211: Scan trigger

03-30 10:37:20.207  3745  3745 D wpa_supplicant: wlan0: Event SCAN_STARTED (47) received

03-30 10:37:20.208  3745  3745 D wpa_supplicant: wlan0: Own scan request started a scan in 0.000151 seconds

03-30 10:37:20.208  3745  3745 D wpa_supplicant: CTRL-DEBUG: ctrl_sock-sendmsg: sock=11 sndbuf=163840 outq=0 send_len=24

03-30 10:37:20.208  3745  3745 D wpa_supplicant: CTRL_IFACE monitor sent successfully to /data/misc/wifi/sockets/wpa_ctrl_2044-2\x00

03-30 10:37:20.222 12852 12852 E RecyclerView: No adapter attached; skipping layout

03-30 10:37:20.273   379   493 I ThermalEngine: Sensor:batt_temp:352 mC

03-30 10:37:20.300  2044  2115 I Timeline: Timeline: App_transition_ready time:337531080

03-30 10:37:20.300  2044  2115 I Timeline: Timeline: App_transition_stopped time:337531080

03-30 10:37:20.304  3746  3746 D PhoneStatusBar: disable: 0x00000100 -> 0x00000000 (diff: 0x00000100)

03-30 10:37:20.304  3746  3746 D PhoneStatusBar: disable: < expand icons alerts ticker system_info back home recent clock full hide* keyguard none float >

03-30 10:37:20.304  3746  3746 D PhoneStatusBar: showStatusBar isshow=true;delay=false

03-30 10:37:20.305  2044  2115 I ActivityManager: Displayed com.orvibo.homemate/.common.main.MainActivity: +1s112ms

03-30 10:37:20.305  2044  2115 I Timeline: Timeline: Activity_windows_visible id: ActivityRecord{f707533 u0 com.orvibo.homemate/.common.main.MainActivity t17512} time:337531085

03-30 10:37:20.306  6151 28208 I octvm_power: handle event trigger full_screen_exit

03-30 10:37:20.318  3746  3746 V PhoneStatusBarPolicy: updateManagedProfile mManagedProfileFocused: false mKeyguardVisible: false mCurrentUserId:0 mCurrentProfileId:0 mSecondSpaceStatusIconVisible: true showIcon:false

03-30 10:37:20.343 12852 12852 D HomeMate: comm[ main: QueryWifiDeviceData.java:44 onEventMainThread() ] - onEventMainThread()-QueryWifiDeviceDataEvent-eventDataListener:com.orvibo.homemate.core.load.loadserver.LoadServer@53fe7cd

03-30 10:37:20.344 12852 12852 D HomeMate: comm[ main: LoadServer.java:215 processReadData() ] - processReadData()-event:QueryWifiDeviceDataEvent{userId='91a31ba24648493aad89636922662c04', pageIndex=0, tPage=0, lastUpdateTime=0, tableNames=[]} cmd=147 result=0 serial=1763625693 uid=null

03-30 10:37:20.344 12852 12852 E HomeMate: comm[ main: LoadServer.java:226 processReadData() ] - processReadData()-tPage:0

03-30 10:37:20.344 12852 12852 D HomeMate: comm[ main: BaseRequest.java:511 stopRequest() ] -  Stop request com.orvibo.homemate.model.QueryWifiDeviceData@6e4149d

03-30 10:37:20.344 12852 12852 D SearchGateway: onMDNSFound()-gatewayInfo:GatewayInfo{uid='007e5608c69c', model='VIH001', hubName='null', ip='192.168.56.166', port=5353}

03-30 10:37:20.349 12852 12852 D HomeMate: comm[ main: LoadServer.java:267 handleMsg() ] - handleMsg()-Ready to callback.result:0

03-30 10:37:20.349 12852 12852 D HomeMate: comm[ main: BaseRequest.java:511 stopRequest() ] -  Stop request com.orvibo.homemate.model.QueryWifiDeviceData@6e4149d

03-30 10:37:20.350 12852 12852 E HomeMate: comm[ main: LoadServer.java:461 callback() ] - Load wifi devices cost 882 ms.tableNames:[]

03-30 10:37:20.350 12852 12852 D HomeMate: comm[ main: LoadServer.java:467 callback() ] - [com.orvibo.homemate.model.login.LoginServer@ff36389]

03-30 10:37:20.350 12852 12852 I HomeMate: comm[ main: LoginServer.java:168 showLoginServerCostTimtLog() ] - Login server cost 2796ms

03-30 10:37:20.350 12852 12852 D HomeMate: comm[ main: LoginHub.java:282 isLoginFinish() ] - hubLoginStatues:{007e56121206=LOADING}

03-30 10:37:20.350 12852 12852 D HomeMate: comm[ main: Login.java:174 onLoadServerResult() ] - Waitting for login hub finish.

03-30 10:37:20.405 12852 12852 E RecyclerView: No adapter attached; skipping layout

03-30 10:37:20.432 12852 12852 D HomeMate: comm[ main: LocationCity.java:163 onLocationChanged() ] - onLocationChanged(amap)-location:latitude=22.593926longitude=114.004836province=å¹¿ä¸œçœ?#city=æ·±åœ³å¸?#district=å—å±±åŒ?#cityCode=0755#adCode=440305#address=å¹¿ä¸œçœæ·±åœ³å¸‚å—å±±åŒºå¡˜æœ—ä¸œè·¯é è¿‘å—å±±æ™ºå›?#country=ä¸­å›½#road=å¡˜æœ—ä¸œè·¯#poiName=å—å±±æ™ºå›­#street=å­¦è‹‘å¤§é“#streetNum=1001å?#errorCode=0#errorInfo=success#locationDetail=-1#locationType=4

03-30 10:37:20.440  4229  4367 D WtProcessController: onAMDestroyActivity callback

03-30 10:37:20.445  4116  4556 I XiaomiFirewall: firewall pkgName:com.orvibo.homemate, result:0x0

03-30 10:37:20.447 12852 12852 D HomeMate: comm[ main: LaunchActivity.java:384 onDestroy() ] - 

03-30 10:37:20.462  4774 13063 D ANLP    : rgeo susscess[c]

03-30 10:37:20.464 12852 13062 I HomeMate: comm[ Thread-44477: LocationCity.java:302 run() ] - processPosition()-addresses:[Address[addressLines=[0:"NO. No.75 Changlingpi Road, Nanshan, Shenzhen, Guangdong"],feature=NO. No.75 Changlingpi Road,admin=Guangdong,sub-admin=null,locality=Shenzhen,thoroughfare=Changlingpi Road,postalCode=null,countryCode=CN,countryName=China,hasLatitude=true,latitude=22.593786,hasLongitude=true,longitude=114.004978,phone=null,url=null,extras=null]]

03-30 10:37:20.464 12852 13062 D HomeMate: comm[ Thread-44477: LocationCity.java:454 callback() ] - callback()- isCallbacked = [false], + country = [cn], state = [guangdong], city = [shenzhen]

03-30 10:37:20.465 12852 13062 D HomeMate: comm[ Thread-44477: LocationCity.java:420 setCallback() ] - setCallback()- isCallbacked = [true]

03-30 10:37:20.465 12852 13062 D HomeMate: comm[ Thread-44477: LocationService.java:38 onLocation() ] - onLocation()-country:cn,state:guangdong,city:shenzhen,result:0

03-30 10:37:20.470 12852 12852 D HomeMate: comm[ main: LocationPresenter.java:93 onEventMainThread() ] - LocationResultEvent{country='cn', state='guangdong', city='shenzhen', latitude=22.593926, longitude=114.004836, result=0}

03-30 10:37:20.474 12852 12852 D HomeMate: comm[ main: DateUtil.java:245 getTimeOffset() ] - timeOffset = 28800000

03-30 10:37:20.475 12852 12852 D HomeMate: comm[ main: DateUtil.java:265 getZoneOffset() ] - getTimeOffset() - zoneOffset = 28800000

03-30 10:37:20.475 12852 12852 D HomeMate: comm[ main: UploadLocation.java:47 startUploadLoaction() ] - startUploadLoaction() - longitude=114.004836 latotide=22.593926 country=cn city=shenzhen state=guangdong timeOffset=28800 zoneOffset=28800

03-30 10:37:20.541 12852 12963 D HomeMate: comm[ Thread-44428: LogcatHelper.java:162 setStream() ] - setStream()-Save log to /storage/emulated/0/HomeMate/HomeMate_20170330103720.539.txt

03-30 10:37:20.567 12852 13067 W HomeMate: comm[ Thread-44479: LogcatHelper.java:202 run() ] - Start to save homemate log

03-30 10:37:20.575  6151  6186 I octvm_klo: read wakeups from wakealarm_fd:1

03-30 10:37:20.575  6151  6186 I octvm_klo: new timerfd interval:

03-30 10:37:20.575  6151  6186 I octvm_klo: 	itval.it_interval.tv_sec 1, itval.it_interval.tv_nsec 0

03-30 10:37:20.575  6151  6186 I octvm_klo: 	itval.it_value.tv_sec 0, itval.it_value.tv_nsec 999997083

03-30 10:37:20.702 12852 12852 D HomeMate: comm[ main: LocationPresenter.java:138 onUploadLoactionResult() ] - errorCode:0,errorMessage:

03-30 10:37:20.725 12852 13027 D a       : stopMDNSSocket()-Stop mDns

03-30 10:37:20.726 12852 13026 E b       : run()-error:Socket closed

03-30 10:37:20.729 12852 13026 V b       : stopping network thread

03-30 10:37:20.729  3745  3745 D wpa_supplicant: wlan0: Control interface command 'DRIVER RXFILTER-STOP'

03-30 10:37:20.730  3745  3745 D wpa_supplicant: wpa_driver_nl80211_driver_cmd RXFILTER-STOP len = 0, 4096

03-30 10:37:20.730  3745  3745 D wpa_supplicant: CTRL-DEBUG: global_ctrl_sock-sendto: sock=11 sndbuf=163840 outq=0 send_len=3

03-30 10:37:20.730  3745  3745 D wpa_supplicant: wlan0: Control interface command 'DRIVER RXFILTER-REMOVE 2'

03-30 10:37:20.730  3745  3745 D wpa_supplicant: wpa_driver_nl80211_driver_cmd RXFILTER-REMOVE 2 len = 0, 4096

03-30 10:37:20.730  3745  3745 D wpa_supplicant: CTRL-DEBUG: global_ctrl_sock-sendto: sock=11 sndbuf=163840 outq=0 send_len=3

03-30 10:37:20.731  3745  3745 D wpa_supplicant: wlan0: Control interface command 'DRIVER RXFILTER-START'

03-30 10:37:20.731  3745  3745 D wpa_supplicant: wpa_driver_nl80211_driver_cmd RXFILTER-START len = 0, 4096

03-30 10:37:20.731  3745  3745 D wpa_supplicant: CTRL-DEBUG: global_ctrl_sock-sendto: sock=11 sndbuf=163840 outq=0 send_len=3

03-30 10:37:20.731 12852 12852 I a       : onMDNSFinish(phone)-gatewayInfos:[GatewayInfo{uid='007e5608c69c', model='VIH001', hubName='null', ip='192.168.56.166', port=5353}],isMDNSSearching:true

03-30 10:37:20.731 12852 12852 I a       : callBacks()-MDNS finish.onMDNSListeners:{com.orvibo.homemate.model.login.loginhub.LoginHub$2@a63c72=com.orvibo.homemate.model.login.loginhub.LoginHub$2@a63c72}

03-30 10:37:20.731 12852 12852 I SearchGateway: onMDNSFinish()-gatewayInfos:[GatewayInfo{uid='007e5608c69c', model='VIH001', hubName='null', ip='192.168.56.166', port=5353}]

03-30 10:37:20.786 12852 12852 I SearchGateway: onUdpSearchGatewayResult()-gatewayInfos:[GatewayInfo{uid='007e5608c69c', model='VIH001', hubName='null', ip='192.168.56.166', port=8088}, GatewayInfo{uid='007e56121201', model='Hub002', hubName='null', ip='192.168.56.245', port=8088}, GatewayInfo{uid='5cffffe20086', model='Hub100', hubName='null', ip='192.168.56.228', port=8088}, GatewayInfo{uid='5cffff43d6b4', model='Hub002', hubName='null', ip='192.168.56.121', port=8088}]

03-30 10:37:20.787 12852 12852 I HomeMate: comm[ main: LoginHub.java:170 onSearch() ] - gatewayInfos:[GatewayInfo{uid='007e5608c69c', model='VIH001', hubName='null', ip='192.168.56.166', port=8088}, GatewayInfo{uid='007e56121201', model='Hub002', hubName='null', ip='192.168.56.245', port=8088}, GatewayInfo{uid='5cffffe20086', model='Hub100', hubName='null', ip='192.168.56.228', port=8088}, GatewayInfo{uid='5cffff43d6b4', model='Hub002', hubName='null', ip='192.168.56.121', port=8088}]

03-30 10:37:20.788 12852 12852 W HomeMate: comm[ main: LoginHub.java:212 checkNeedProcessHub() ] - æ­¤ä¸»æœºä¸éœ?è¦å¤„ç†GatewayInfo{uid='007e5608c69c', model='VIH001', hubName='null', ip='192.168.56.166', port=8088}

03-30 10:37:20.792 12852 12852 W HomeMate: comm[ main: LoginHub.java:212 checkNeedProcessHub() ] - æ­¤ä¸»æœºä¸éœ?è¦å¤„ç†GatewayInfo{uid='007e56121201', model='Hub002', hubName='null', ip='192.168.56.245', port=8088}

03-30 10:37:20.793 12852 12852 W HomeMate: comm[ main: LoginHub.java:212 checkNeedProcessHub() ] - æ­¤ä¸»æœºä¸éœ?è¦å¤„ç†GatewayInfo{uid='5cffffe20086', model='Hub100', hubName='null', ip='192.168.56.228', port=8088}

03-30 10:37:20.793 12852 12852 W HomeMate: comm[ main: LoginHub.java:212 checkNeedProcessHub() ] - æ­¤ä¸»æœºä¸éœ?è¦å¤„ç†GatewayInfo{uid='5cffff43d6b4', model='Hub002', hubName='null', ip='192.168.56.121', port=8088}

03-30 10:37:20.794 12852 12852 D HomeMate: comm[ main: LoginHub.java:176 onSearch() ] - localLoginHubUids:[007e56121206],æœç´¢è¿”å›žçš„uids:[],isLoginAllLocalHub:false

03-30 10:37:20.795 12852 12852 E HomeMate: comm[ main: LoginHub.java:180 onSearch() ] - æœ¬åœ°æœç´¢ä¸åˆ°æŒ‡å®šçš„ä¸»æœ?.localLoginHubUids:[007e56121206]

03-30 10:37:20.796 12852 12852 D HomeMate: comm[ main: LoginHub.java:282 isLoginFinish() ] - hubLoginStatues:{007e56121206=DONE}

03-30 10:37:20.798 12852 12852 I HomeMate: comm[ main: LoginHub.java:322 callback() ] - Login hub cost 1380ms

03-30 10:37:20.798 12852 12852 W HomeMate: comm[ main: Login.java:189 onLoginHubFail() ] - Fail to login hub.result:314

03-30 10:37:20.799 12852 12852 D HomeMate: comm[ main: LoginServer.java:181 isLoginServerFinish() ] - loginServerState:DONE

03-30 10:37:20.799 12852 12852 D SearchGateway: stopSearch()-Stop search gateways.

03-30 10:37:20.800 12852 13024 W NioReceiveThread: run()-NioReceiveThread has been stop.

03-30 10:37:20.802 12852 12852 D NioReceiveThread: stopReceive()

03-30 10:37:20.804 12852 12852 D NioReceiveThread: stopReceive()

03-30 10:37:20.805 12852 12852 I HomeMate: comm[ main: Login.java:248 callback() ] - Login cost 3254ms

03-30 10:37:20.807 12852 12852 D HomeMate: comm[ main: InfoPushService.java:58 onEventMainThread() ] - onEventMainThread()-PullEvent:PullEvent{type=1, logined=true}

03-30 10:37:20.807 12852 12852 D HomeMate: comm[ main: InfoPushManager.java:430 pushInfos() ] - []

03-30 10:37:20.811 12852 12852 D HomeMate: comm[ main: MainPresenter.java:565 onEventMainThread() ] - MainEvent{mainActionType=0, bottomTabType=0, showFirstTab=false, toLoginActivity=false, login365Event=Login365Event{gateways=null, cocos=null, result=0, serverLoginResult=0}, mLoadDataEvent=null, mHubUpgradeEvent=null, mLocationResultEvent=null, mLatestMessages=null, loadImportantDataUid='null'}

03-30 10:37:20.814 12852 12852 D HomeMate: comm[ main: MainPresenter.java:582 onEventMainThread() ] - Start to process login result.

03-30 10:37:20.814 12852 12852 D HomeMate: comm[ main: MainActivity.java:382 setLoadingProgress() ] - show:false

03-30 10:37:20.815 12852 12852 D HomeMate: comm[ main: MainPresenter.java:523 processLogin() ] - Login365Event{gateways=null, cocos=null, result=0, serverLoginResult=0}

03-30 10:37:20.816 12852 12852 D HomeMate: comm[ main: MainActivity.java:382 setLoadingProgress() ] - show:false

03-30 10:37:20.817 12852 12852 I HomeMate: comm[ main: MainPresenter.java:539 processLogin() ] - Finish login homemate,start to refresh data.

03-30 10:37:20.820 12852 12852 D HomeMate: comm[ main: MainPresenter.java:258 checkSearchUnbindDevice() ] - 

03-30 10:37:20.821 12852 12852 I HomeMate: comm[ main: MainPresenter.java:667 onLoginFinish() ] - 

03-30 10:37:20.821 12852 12852 D HomeMate: comm[ main: MainActivity.java:457 onCheckHubUpgrade() ] - æ£?æŸ¥ä¸»æœºæ˜¯å¦å‡çº?

03-30 10:37:20.823 12852 12852 D HomeMate: comm[ main: BaseActivityPresenter.java:39 onCheckHubUpgrade() ] - uids:[007e56121206]

03-30 10:37:20.824 12852 12852 D HomeMate: comm[ main: CheckHubUpgrade.java:45 checkFamilyHubUpgrade() ] - familyId:ea4205a93f1c46b4a6df9bb391513dd9

03-30 10:37:20.826 12852 12852 I HomeMate: comm[ main: BaseRequest.java:118 doRequestAsync() ] - registerEvent: com.orvibo.homemate.common.BaseActivityPresenter$1@d8560fc

03-30 10:37:20.829 12852 12852 D HomeMate: comm[ main: BaseRequest.java:978 saveSerial() ] - Record serial 261035084 on com.orvibo.homemate.common.BaseActivityPresenter$1@d8560fc

03-30 10:37:20.830 12852 12971 D HomeMate: comm[ pool-4-thread-1: MinaSocket.java:139 send() ] - target:server,position:server start request.requestConfig:RequestConfig{state=2, type=0, target=1, requestConf=RequestConf{totalCount=2, intervalTime=3500, lastTimeoutTime=5000}},messageLength:138

03-30 10:37:20.830 12852 12971 D HomeMate: sConnectFutures:{server=org.apache.mina.core.polling.AbstractPollingIoConnector$ConnectionRequest@f063a20}

03-30 10:37:20.831 12852 12852 D HomeMate: comm[ main: ViCenterService.java:494 sendTVLoginFinishBroadcast() ] - result:0 serverLoginResult:0

03-30 10:37:20.831 12852 12971 I HomeMate: comm[ pool-4-thread-1: CodecEncoder.java:44 encode() ] - encode()-ç¼–ç å®Œæˆ,å‘IP:/192.168.2.242:10001å†™æ•°æ?(138):68,64,00,8a,64,6b,e4,53,77,ea,64,32,37,33,33,31,36,31,37,66,31,37,34,61,63,64,61,36,37,66,64,64,33,37,30,34,35,65,33,65,38,32,a9,24,42,02,3d,9b,f9,d5,ac,e1,0a,ce,15,62,09,29,ba,a7,e7,5e,5d,a6,c8,27,59,31,2e,8a,c5,cb,1a,ec,f8,7f,61,62,4b,6d,c2,a3,fe,ab,3f,61,2b,44,c6,34,6c,da,7f,3f,07,5a,ad,8f,91,10,82,5b,62,c1,fb,6c,a5,df,b0,be,ee,4a,0d,d3,98,12,7f,d7,b7,f4,20,1b,e2,1c,37,33,67,e1,4f,2a,bf,08,83,50,08,dc,e7,e7

03-30 10:37:20.832 12852 12971 D HomeMate: comm[ pool-4-thread-1: MinaSocket.java:157 send() ] - isWritten:true,ioSession:(0x00000001: nio socket, client, /192.168.56.181:46850 => /192.168.2.242:10001)

03-30 10:37:20.833 12852 12971 V HomeMate: comm[ pool-4-thread-1: BaseRequest.java:180 onAsyncTick() ] - Send command:Command{

03-30 10:37:20.833 12852 12971 V HomeMate: uid='server'

03-30 10:37:20.833 12852 12971 V HomeMate: serial=261035084

03-30 10:37:20.833 12852 12971 V HomeMate: cmd=208

03-30 10:37:20.833 12852 12971 V HomeMate: crc='E45377EA'

03-30 10:37:20.833 12852 12971 V HomeMate: requestConfig=RequestConfig{state=2, type=0, target=1, requestConf=RequestConf{totalCount=2, intervalTime=3500, lastTimeoutTime=5000}}

03-30 10:37:20.833 12852 12971 V HomeMate: jsonObject={"familyId":"ea4205a93f1c46b4a6df9bb391513dd9","cmd":208,"serial":261035084,"ver":"2.3.0"}}

03-30 10:37:20.834 12852 12852 E HomeMate: comm[ main: Login.java:116 cancelLogin() ] - Cancel login

03-30 10:37:20.834 12852 12852 W HomeMate: comm[ main: BaseRequest.java:538 stopProcessResult() ] -  stop request and stop process result

03-30 10:37:20.834 12852 12852 D HomeMate: comm[ main: BaseRequest.java:511 stopRequest() ] -  Stop request com.orvibo.homemate.model.login.LoginServer$1@4a12d9e

03-30 10:37:20.834 12852 12852 D HomeMate: comm[ main: LoadServer.java:188 cancelQueryData() ] - cancelQueryData()-Cancel load LoadTableStatistics{, totalPage=-1, updateTime=1490841024, latestUpdateTime=0, checkedDataLoseCount=0, msgWhat=2, msgTimeoutWhat=3, readPages=[]}

03-30 10:37:20.835 12852 12852 D HomeMate: comm[ main: BaseRequest.java:511 stopRequest() ] -  Stop request com.orvibo.homemate.model.QueryWifiDeviceData@6e4149d

03-30 10:37:20.835 12852 12852 E HomeMate: comm[ main: LoginHub.java:297 cancalLoginHub() ] - Cancel login hub.

03-30 10:37:20.835 12852 12852 W HomeMate: comm[ main: BaseRequest.java:538 stopProcessResult() ] -  stop request and stop process result

03-30 10:37:20.835 12852 12852 D HomeMate: comm[ main: BaseRequest.java:511 stopRequest() ] -  Stop request com.orvibo.homemate.model.login.loginhub.LoginHub$1@74253af

03-30 10:37:20.835 12852 12852 E HomeMate: comm[ main: MultiLoad.java:563 cancel() ] - Cancel load 

03-30 10:37:20.836 12852 12852 E HomeMate: comm[ main: ReadData.java:117 stopRead() ] - Stop to load data.com.orvibo.homemate.core.load.MultiLoad$2@51723bc

03-30 10:37:20.836 12852 12852 D HomeMate: comm[ main: BaseRequest.java:511 stopRequest() ] -  Stop request com.orvibo.homemate.core.load.MultiLoad$2@51723bc

03-30 10:37:20.836 12852 12852 D HomeMate: comm[ main: ViCenterService.java:312 onReceive() ] - action:viCenter_action,receiver:com.orvibo.homemate.service.ViCenterService$3@c67311d,service:com.orvibo.homemate.service.ViCenterService@254ef92

03-30 10:37:20.837 12852 12852 D HomeMate: comm[ main: BaseRequest.java:511 stopRequest() ] -  Stop request com.orvibo.homemate.model.QueryUserMessageRequest@36075da

03-30 10:37:20.839 12852 12852 D HomeMate: allen[ main: QueryUserMessage.java:87 queryLatestMessageCommon() ] - userId:91a31ba24648493aad89636922662c04,sequence:-1

03-30 10:37:20.839 12852 12852 I HomeMate: comm[ main: QueryUserMessageRequest.java:42 queryUserMessageRequest() ] - startStatusRecordRequest():maxSequence=-1,minSequence-1

03-30 10:37:20.841 12852 12852 I HomeMate: comm[ main: BaseRequest.java:118 doRequestAsync() ] - registerEvent: com.orvibo.homemate.model.QueryUserMessageRequest@36075da

03-30 10:37:20.843 12852 12852 D HomeMate: comm[ main: BaseRequest.java:978 saveSerial() ] - Record serial 834825743 on com.orvibo.homemate.model.QueryUserMessageRequest@36075da

03-30 10:37:20.844 12852 12999 D HomeMate: comm[ pool-4-thread-2: MinaSocket.java:139 send() ] - target:server,position:server start request.requestConfig:RequestConfig{state=2, type=0, target=1, requestConf=RequestConf{totalCount=2, intervalTime=3500, lastTimeoutTime=5000}},messageLength:218

03-30 10:37:20.844 12852 12999 D HomeMate: sConnectFutures:{server=org.apache.mina.core.polling.AbstractPollingIoConnector$ConnectionRequest@f063a20}

03-30 10:37:20.845 12852 12999 I HomeMate: comm[ pool-4-thread-2: CodecEncoder.java:44 encode() ] - encode()-ç¼–ç å®Œæˆ,å‘IP:/192.168.2.242:10001å†™æ•°æ?(218):68,64,00,da,64,6b,1f,1d,e7,14,64,32,37,33,33,31,36,31,37,66,31,37,34,61,63,64,61,36,37,66,64,64,33,37,30,34,35,65,33,65,38,32,a9,24,42,02,3d,9b,f9,d5,ac,e1,0a,ce,15,62,09,29,ba,a7,e7,5e,5d,a6,c8,27,59,31,2e,8a,c5,cb,1a,ec,f8,7f,61,62,4b,6d,c2,a3,fe,ab,3f,61,2b,44,c6,34,c3,ba,29,d6,8a,67,79,85,cc,ff,8f,bc,f3,1e,ba,9e,f3,0a,56,ec,32,96,c9,1b,d9,a4,94,89,3b,9d,f7,ee,12,90,1e,86,05,9a,d8,cc,62,17,71,11,99,a7,0a,a9,a4,dd,76,6f,e1,4d,83,68,95,70,5d,8a,92,a2,2d,ce,3e,9f,b1,a4,d9,02,bd,fb,b0,ae,d4,b9,09,07,b5,76,1c,43,38,6a,bf,47,1a,e8,47,aa,c1,5b,45,ff,4a,7b,b2,93,67,24,ea,ca,8a,7a,bd,6f,2f,e4,35,b3,ba,ef,d6,0b,82,b7,78,fa,59,e4,b1,e2,62,51,dd,e7,64,49

03-30 10:37:20.846 12852 12999 D HomeMate: comm[ pool-4-thread-2: MinaSocket.java:157 send() ] - isWritten:true,ioSession:(0x00000001: nio socket, client, /192.168.56.181:46850 => /192.168.2.242:10001)

03-30 10:37:20.846 12852 12999 V HomeMate: comm[ pool-4-thread-2: BaseRequest.java:180 onAsyncTick() ] - Send command:Command{

03-30 10:37:20.846 12852 12999 V HomeMate: uid='server'

03-30 10:37:20.846 12852 12999 V HomeMate: serial=834825743

03-30 10:37:20.846 12852 12999 V HomeMate: cmd=172

03-30 10:37:20.846 12852 12999 V HomeMate: crc='1F1DE714'

03-30 10:37:20.846 12852 12999 V HomeMate: requestConfig=RequestConfig{state=2, type=0, target=1, requestConf=RequestConf{totalCount=2, intervalTime=3500, lastTimeoutTime=5000}}

03-30 10:37:20.846 12852 12999 V HomeMate: jsonObject={"familyId":"ea4205a93f1c46b4a6df9bb391513dd9","tableName":"messageCommon","maxSequence":-1,"minSequence":-1,"readCount":100,"cmd":172,"serial":834825743,"ver":"2.3.0"}}

03-30 10:37:20.943 12852 13001 D HomeMate: comm[ NioProcessor-7: CodecDecoder.java:44 doDecode() ] - hd:6864,actualLen:218

