--------- beginning of system

03-17 16:49:43.464  1534  4166 D SystemSettings: Want to modify SystemSettings? See MiuiSettings.System.PUBLIC_SETTINGS

03-17 16:49:43.464  1534  4166 W SettingsProvider: You shouldn't keep your settings in the secure settings. This will soon become an error.

03-17 16:49:43.787  1534  1669 V ActivityManager: Attempted to start a foreground service (ComponentInfo{com.orvibo.homemate/com.orvibo.homemate.service.MoonService}) with a broken notification (no icon: Notification(pri=0 contentView=null vibrate=null sound=null defaults=0x0 flags=0x40 color=0x00000000 vis=PRIVATE))

03-17 16:49:43.832  1534  1669 V ActivityManager: Attempted to start a foreground service (ComponentInfo{com.orvibo.homemate/com.orvibo.homemate.service.TempService}) with a broken notification (no icon: Notification(pri=0 contentView=null vibrate=null sound=null defaults=0x0 flags=0x40 color=0x00000000 vis=PRIVATE))

03-17 16:49:43.989  3580  3697 W ContextImpl: Calling a method in the system process without a qualified user: android.app.ContextImpl.bindService:1295 android.content.ContextWrapper.bindService:614 com.xiaomi.mistatistic.sdk.controller.LocalEventRecorder.a:90 com.xiaomi.mistatistic.sdk.controller.LocalEventRecorder.b:70 com.xiaomi.mistatistic.sdk.controller.LocalEventRecorder.a:25 

03-17 16:49:45.128  1534  1669 V BroadcastQueueInjector: Skipping BroadcastRecord{7316622 u-1 android.net.wifi.SCAN_RESULTS} to ProcessRecord{d279ccd 16082:com.sina.weibo:remote/u0a98}

03-17 16:49:45.128  1534  1669 D Whetstone-FW: MiuiLog-Whetstone-BroadcastControl BroadcastRecord{7316622 u-1 android.net.wifi.SCAN_RESULTS} is discarded

03-17 16:49:50.239  1534  1906 D AutomaticBrightnessController: drop the lightsensor event ,time=200414281 ,lux=7.347539

03-17 16:49:50.409  1534  1906 D AutomaticBrightnessController: drop the lightsensor event ,time=200414450 ,lux=5.1432776

03-17 16:49:50.578  1534  1906 D AutomaticBrightnessController: drop the lightsensor event ,time=200414620 ,lux=1.4695078

03-17 16:49:50.748  1534  1906 D AutomaticBrightnessController: drop the lightsensor event ,time=200414790 ,lux=5.8780313

03-17 16:49:50.920  1534  1906 D AutomaticBrightnessController: drop the lightsensor event ,time=200414961 ,lux=3.6737695

03-17 16:49:51.088  1534  1906 D AutomaticBrightnessController: drop the lightsensor event ,time=200415130 ,lux=3.6737695

03-17 16:49:51.258  1534  1906 D AutomaticBrightnessController: drop the lightsensor event ,time=200415300 ,lux=5.1432776

03-17 16:49:51.428  1534  1906 D AutomaticBrightnessController: drop the lightsensor event ,time=200415470 ,lux=3.6737695

03-17 16:49:51.599  1534  1906 D AutomaticBrightnessController: drop the lightsensor event ,time=200415640 ,lux=5.1432776

03-17 16:49:51.769  1534  1906 D AutomaticBrightnessController: drop the lightsensor event ,time=200415811 ,lux=7.347539

03-17 16:49:51.939  1534  1906 D AutomaticBrightnessController: drop the lightsensor event ,time=200415980 ,lux=8.0822935

03-17 16:49:52.109  1534  1906 D AutomaticBrightnessController: drop the lightsensor event ,time=200416150 ,lux=8.0822935

03-17 16:49:52.278  1534  1906 D AutomaticBrightnessController: drop the lightsensor event ,time=200416320 ,lux=5.1432776

03-17 16:49:52.449  1534  1906 D AutomaticBrightnessController: drop the lightsensor event ,time=200416491 ,lux=6.6127853

03-17 16:49:52.619  1534  1906 D AutomaticBrightnessController: drop the lightsensor event ,time=200416660 ,lux=6.6127853

03-17 16:49:52.788  1534  1906 D AutomaticBrightnessController: drop the lightsensor event ,time=200416830 ,lux=2.2042618

03-17 16:49:52.959  1534  1906 D AutomaticBrightnessController: drop the lightsensor event ,time=200417000 ,lux=5.1432776

03-17 16:49:53.129  1534  1906 D AutomaticBrightnessController: drop the lightsensor event ,time=200417171 ,lux=2.2042618

03-17 16:49:53.299  1534  1906 D AutomaticBrightnessController: drop the lightsensor event ,time=200417340 ,lux=5.1432776

03-17 16:49:53.469  1534  1906 D AutomaticBrightnessController: drop the lightsensor event ,time=200417511 ,lux=8.0822935

03-17 16:49:53.639  1534  1906 D AutomaticBrightnessController: drop the lightsensor event ,time=200417680 ,lux=2.2042618

03-17 16:49:53.810  1534  1906 D AutomaticBrightnessController: drop the lightsensor event ,time=200417851 ,lux=5.1432776

03-17 16:49:53.979  1534  1906 D AutomaticBrightnessController: drop the lightsensor event ,time=200418021 ,lux=2.2042618

03-17 16:49:54.148  1534  1906 D AutomaticBrightnessController: drop the lightsensor event ,time=200418190 ,lux=2.2042618

03-17 16:49:54.318  1534  1906 D AutomaticBrightnessController: drop the lightsensor event ,time=200418360 ,lux=3.6737695

03-17 16:49:54.489  1534  1906 D AutomaticBrightnessController: drop the lightsensor event ,time=200418531 ,lux=5.1432776

03-17 16:49:54.659  1534  1906 D AutomaticBrightnessController: drop the lightsensor event ,time=200418700 ,lux=2.2042618

03-17 16:49:54.829  1534  1906 D AutomaticBrightnessController: drop the lightsensor event ,time=200418871 ,lux=5.1432776

03-17 16:49:54.998  1534  1906 D AutomaticBrightnessController: drop the lightsensor event ,time=200419040 ,lux=2.2042618

03-17 16:49:55.169  1534  1906 D AutomaticBrightnessController: drop the lightsensor event ,time=200419211 ,lux=5.1432776

03-17 16:49:55.339  1534  1906 D AutomaticBrightnessController: drop the lightsensor event ,time=200419381 ,lux=5.1432776

03-17 16:49:55.508  1534  1906 D AutomaticBrightnessController: drop the lightsensor event ,time=200419550 ,lux=2.2042618

03-17 16:49:55.680  1534  1906 D AutomaticBrightnessController: drop the lightsensor event ,time=200419721 ,lux=4.4085236

03-17 16:49:59.484  1534  4008 I ActivityManager: START u0 {cmp=com.orvibo.homemate/.user.UserActivity (has extras)} from uid 10136 on display 0

03-17 16:50:01.235  1534  3621 I ActivityManager: START u0 {cmp=com.orvibo.homemate/.user.UserPhoneBindActivity (has extras)} from uid 10136 on display 0

03-17 16:50:04.959  1534  4094 D BaseMiuiPhoneWindowManager: keyCode:67 down:true 200429000 200429000 policyFlags=2b000000 deviceId:-1 isScreenOn:true

03-17 16:50:04.959  1534  4094 D WindowManager: keyguardActive=false

03-17 16:50:04.976  1534  1595 D BaseMiuiPhoneWindowManager: keyCode:67 down:false 200429000 200429000 policyFlags=2b000000 deviceId:-1 isScreenOn:true

03-17 16:50:04.977  1534  1595 D WindowManager: keyguardActive=false

03-17 16:50:05.064  1534  4022 D BaseMiuiPhoneWindowManager: keyCode:67 down:true 200429105 200429105 policyFlags=2b000000 deviceId:-1 isScreenOn:true

03-17 16:50:05.064  1534  4022 D WindowManager: keyguardActive=false

03-17 16:50:05.071  1534  4094 D BaseMiuiPhoneWindowManager: keyCode:67 down:false 200429105 200429105 policyFlags=2b000000 deviceId:-1 isScreenOn:true

03-17 16:50:05.071  1534  4094 D WindowManager: keyguardActive=false

03-17 16:50:05.091  1534  4024 D BaseMiuiPhoneWindowManager: keyCode:112 down:true 200429132 200429132 policyFlags=2b000000 deviceId:-1 isScreenOn:true

03-17 16:50:05.091  1534  4024 D WindowManager: keyguardActive=false

03-17 16:50:05.108  1534  1595 D BaseMiuiPhoneWindowManager: keyCode:112 down:false 200429132 200429132 policyFlags=2b000000 deviceId:-1 isScreenOn:true

03-17 16:50:05.108  1534  1595 D WindowManager: keyguardActive=false

03-17 16:50:07.521  1534  3633 D BaseMiuiPhoneWindowManager: keyCode:67 down:true 200431562 200431562 policyFlags=2b000000 deviceId:-1 isScreenOn:true

03-17 16:50:07.521  1534  3633 D WindowManager: keyguardActive=false

03-17 16:50:07.536  1534  3796 D BaseMiuiPhoneWindowManager: keyCode:67 down:false 200431562 200431562 policyFlags=2b000000 deviceId:-1 isScreenOn:true

03-17 16:50:07.536  1534  3796 D WindowManager: keyguardActive=false

03-17 16:50:07.553  1534  4022 D BaseMiuiPhoneWindowManager: keyCode:8 down:true 200431594 200431594 policyFlags=2b000000 deviceId:-1 isScreenOn:true

03-17 16:50:07.556  1534  4022 D WindowManager: keyguardActive=false

03-17 16:50:07.568  1534  3621 D BaseMiuiPhoneWindowManager: keyCode:8 down:false 200431608 200431594 policyFlags=2b000000 deviceId:-1 isScreenOn:true

03-17 16:50:07.568  1534  3621 D WindowManager: keyguardActive=false

03-17 16:50:07.597  1534  4188 D BaseMiuiPhoneWindowManager: keyCode:10 down:true 200431638 200431594 policyFlags=2b000000 deviceId:-1 isScreenOn:true

03-17 16:50:07.597  1534  4188 D WindowManager: keyguardActive=false

03-17 16:50:07.616  1534  3973 D BaseMiuiPhoneWindowManager: keyCode:10 down:false 200431657 200431594 policyFlags=2b000000 deviceId:-1 isScreenOn:true

03-17 16:50:07.616  1534  3973 D WindowManager: keyguardActive=false

03-17 16:50:07.629  1534  1597 D BaseMiuiPhoneWindowManager: keyCode:7 down:true 200431671 200431594 policyFlags=2b000000 deviceId:-1 isScreenOn:true

03-17 16:50:07.630  1534  1597 D WindowManager: keyguardActive=false

03-17 16:50:07.645  1534  4041 D BaseMiuiPhoneWindowManager: keyCode:7 down:false 200431686 200431594 policyFlags=2b000000 deviceId:-1 isScreenOn:true

03-17 16:50:07.645  1534  4041 D WindowManager: keyguardActive=false

03-17 16:50:07.660  1534  4093 D BaseMiuiPhoneWindowManager: keyCode:15 down:true 200431701 200431594 policyFlags=2b000000 deviceId:-1 isScreenOn:true

03-17 16:50:07.660  1534  4093 D WindowManager: keyguardActive=false

03-17 16:50:07.672  1534  3796 D BaseMiuiPhoneWindowManager: keyCode:15 down:false 200431714 200431594 policyFlags=2b000000 deviceId:-1 isScreenOn:true

03-17 16:50:07.672  1534  3796 D WindowManager: keyguardActive=false

03-17 16:50:07.687  1534  4022 D BaseMiuiPhoneWindowManager: keyCode:15 down:true 200431729 200431594 policyFlags=2b000000 deviceId:-1 isScreenOn:true

03-17 16:50:07.687  1534  4022 D WindowManager: keyguardActive=false

03-17 16:50:07.696  1534  3633 D BaseMiuiPhoneWindowManager: keyCode:15 down:false 200431738 200431594 policyFlags=2b000000 deviceId:-1 isScreenOn:true

03-17 16:50:07.697  1534  3633 D WindowManager: keyguardActive=false

03-17 16:50:07.709  1534  4166 D BaseMiuiPhoneWindowManager: keyCode:15 down:true 200431749 200431594 policyFlags=2b000000 deviceId:-1 isScreenOn:true

03-17 16:50:07.709  1534  4166 D WindowManager: keyguardActive=false

03-17 16:50:07.722  1534  4188 D BaseMiuiPhoneWindowManager: keyCode:15 down:false 200431763 200431594 policyFlags=2b000000 deviceId:-1 isScreenOn:true

03-17 16:50:07.722  1534  4188 D WindowManager: keyguardActive=false

03-17 16:50:07.728  1534  3631 D BaseMiuiPhoneWindowManager: keyCode:15 down:true 200431769 200431594 policyFlags=2b000000 deviceId:-1 isScreenOn:true

03-17 16:50:07.728  1534  3631 D WindowManager: keyguardActive=false

03-17 16:50:07.741  1534  3973 D BaseMiuiPhoneWindowManager: keyCode:15 down:false 200431782 200431594 policyFlags=2b000000 deviceId:-1 isScreenOn:true

03-17 16:50:07.741  1534  3973 D WindowManager: keyguardActive=false

03-17 16:50:07.754  1534  4008 D BaseMiuiPhoneWindowManager: keyCode:11 down:true 200431795 200431594 policyFlags=2b000000 deviceId:-1 isScreenOn:true

03-17 16:50:07.754  1534  4008 D WindowManager: keyguardActive=false

03-17 16:50:07.769  1534  4188 D BaseMiuiPhoneWindowManager: keyCode:11 down:false 200431810 200431594 policyFlags=2b000000 deviceId:-1 isScreenOn:true

03-17 16:50:07.769  1534  4188 D WindowManager: keyguardActive=false

03-17 16:50:07.793  1534  4024 D BaseMiuiPhoneWindowManager: keyCode:14 down:true 200431835 200431594 policyFlags=2b000000 deviceId:-1 isScreenOn:true

03-17 16:50:07.793  1534  4024 D WindowManager: keyguardActive=false

03-17 16:50:07.808  1534  4094 D BaseMiuiPhoneWindowManager: keyCode:14 down:false 200431848 200431594 policyFlags=2b000000 deviceId:-1 isScreenOn:true

03-17 16:50:07.808  1534  4094 D WindowManager: keyguardActive=false

03-17 16:50:07.816  1534  4008 D BaseMiuiPhoneWindowManager: keyCode:13 down:true 200431858 200431594 policyFlags=2b000000 deviceId:-1 isScreenOn:true

03-17 16:50:07.817  1534  4008 D WindowManager: keyguardActive=false

03-17 16:50:07.824  1534  3631 D BaseMiuiPhoneWindowManager: keyCode:13 down:false 200431865 200431594 policyFlags=2b000000 deviceId:-1 isScreenOn:true

03-17 16:50:07.824  1534  3631 D WindowManager: keyguardActive=false

03-17 16:50:07.837  1534  1595 D BaseMiuiPhoneWindowManager: keyCode:9 down:true 200431879 200431594 policyFlags=2b000000 deviceId:-1 isScreenOn:true

03-17 16:50:07.838  1534  1595 D WindowManager: keyguardActive=false

03-17 16:50:07.852  1534  4008 D BaseMiuiPhoneWindowManager: keyCode:9 down:false 200431893 200431594 policyFlags=2b000000 deviceId:-1 isScreenOn:true

03-17 16:50:07.852  1534  4008 D WindowManager: keyguardActive=false

03-17 16:50:08.788  1534  4041 W ActivityManager: Duplicate finish request for ActivityRecord{d0cdb2b u0 com.orvibo.homemate/.user.UserPhoneBindActivity t10247 f}

03-17 16:50:17.257  1534  3621 I ActivityManager: Force stopping com.orvibo.homemate appid=10136 user=0: from pid 15982

03-17 16:50:17.257  1534  3621 I ActivityManager: Killing 15377:com.orvibo.homemate/u0a136 (adj 0): stop com.orvibo.homemate

03-17 16:50:17.258  1534  3621 D ActivityManager: cleanUpApplicationRecord -- 15377

03-17 16:50:17.259  1534  3621 I AutoStartManagerService: MIUILOG- Reject RestartService packageName :com.orvibo.homemate uid : 10136

03-17 16:50:17.259  1534  3621 I AutoStartManagerService: MIUILOG- Reject RestartService packageName :com.orvibo.homemate uid : 10136

03-17 16:50:17.259  1534  3621 I AutoStartManagerService: MIUILOG- Reject RestartService packageName :com.orvibo.homemate uid : 10136

03-17 16:50:17.259  1534  3621 I AutoStartManagerService: MIUILOG- Reject RestartService packageName :com.orvibo.homemate uid : 10136

03-17 16:50:17.259  1534  3621 I AutoStartManagerService: MIUILOG- Reject RestartService packageName :com.orvibo.homemate uid : 10136

03-17 16:50:17.272  1534  3621 W ActivityManager: Force removing ActivityRecord{4136e70 u0 com.orvibo.homemate/.user.UserActivity t10247}: app died, no saved state

03-17 16:50:17.283  1534  1672 I libprocessgroup: Killing pid 15550 in uid 10136 as part of process group 15377

03-17 16:50:17.312  1534  3621 I ActivityManager: Start proc 16000:com.orvibo.homemate/u0a136 for activity com.orvibo.homemate/.common.main.MainActivity

03-17 16:50:17.312  1534  3621 I ActivityManager: Killing 15492:com.orvibo.homemate:moon/u0a136 (adj 2): stop com.orvibo.homemate

03-17 16:50:17.312  1534  3621 D ActivityManager: cleanUpApplicationRecord -- 15492

03-17 16:50:17.313  1534  3621 I AutoStartManagerService: MIUILOG- Reject RestartService packageName :com.orvibo.homemate uid : 10136

03-17 16:50:17.315  1534  3621 I ActivityManager:   Force finishing activity ActivityRecord{f4a1f0d u0 com.orvibo.homemate/.common.main.MainActivity t10247}

03-17 16:50:17.366  1534  3621 I ActivityManager:   Force finishing activity ActivityRecord{f4a1f0d u0 com.orvibo.homemate/.common.main.MainActivity t10247 f}

03-17 16:50:17.369  1534  3621 W ActivityManager: Duplicate finish request for ActivityRecord{f4a1f0d u0 com.orvibo.homemate/.common.main.MainActivity t10247 f}

03-17 16:50:17.403  1534  1904 W WindowManager: Attempted to add application window with unknown token Token{9135ec2 ActivityRecord{f4a1f0d u0 com.orvibo.homemate/.common.main.MainActivity t10247 f}}.  Aborting.

03-17 16:50:17.404  1534  1904 W WindowManager: Exception when adding starting window

03-17 16:50:17.404  1534  1904 W WindowManager: java.lang.IllegalArgumentException: View=com.android.internal.policy.PhoneWindow$DecorView{47ad32a V.E...... R.....ID 0,0-0,0} not attached to window manager

03-17 16:50:17.404  1534  1904 W WindowManager: 	at android.view.WindowManagerGlobal.findViewLocked(WindowManagerGlobal.java:430)

03-17 16:50:17.404  1534  1904 W WindowManager: 	at android.view.WindowManagerGlobal.removeView(WindowManagerGlobal.java:356)

03-17 16:50:17.404  1534  1904 W WindowManager: 	at android.view.WindowManagerImpl.removeViewImmediate(WindowManagerImpl.java:118)

03-17 16:50:17.404  1534  1904 W WindowManager: 	at com.android.server.policy.PhoneWindowManager.addStartingWindow(PhoneWindowManager.java:2423)

03-17 16:50:17.404  1534  1904 W WindowManager: 	at com.android.server.wm.WindowManagerService$H.handleMessage(WindowManagerService.java:7906)

03-17 16:50:17.404  1534  1904 W WindowManager: 	at android.os.Handler.dispatchMessage(Handler.java:102)

03-17 16:50:17.404  1534  1904 W WindowManager: 	at android.os.Looper.loop(Looper.java:148)

03-17 16:50:17.404  1534  1904 W WindowManager: 	at android.os.HandlerThread.run(HandlerThread.java:61)

03-17 16:50:17.404  1534  1904 W WindowManager: 	at com.android.server.ServiceThread.run(ServiceThread.java:46)

03-17 16:50:17.442  1534  3631 I WindowState: WIN DEATH: Window{13ca50e u0 com.orvibo.homemate/com.orvibo.homemate.common.main.MainActivity}

03-17 16:50:17.443  1534  3436 D WifiService: Client connection lost with reason: 4

03-17 16:50:17.444  1534  3621 E WifiService: Multicaster binderDied

03-17 16:50:17.556  1534  3633 W InputMethodManagerService: Got RemoteException sending setActive(false) notification to pid 15377 uid 10136

03-17 16:50:19.320  1534  4008 D BaseMiuiPhoneWindowManager: keyCode:3 down:true 200443356 200443356 policyFlags=2b000000 deviceId:-1 isScreenOn:true

03-17 16:50:19.320  1534  4008 D WindowManager: keyguardActive=false

03-17 16:50:19.326  1534  3796 D BaseMiuiPhoneWindowManager: keyCode:3 down:false 200443356 200443356 policyFlags=2b000000 deviceId:-1 isScreenOn:true

03-17 16:50:19.326  1534  3796 D WindowManager: keyguardActive=false

03-17 16:50:19.339  1534  3373 I ActivityManager: START u0 {act=android.intent.action.MAIN cat=[android.intent.category.HOME] flg=0x10200000 cmp=com.miui.home/.launcher.Launcher (has extras)} from uid 1000 on display 0

03-17 16:50:19.629  1534  3633 W WindowManager: Attempted to remove non-existing token: android.os.Binder@1332cac

03-17 16:50:20.389  1534  3436 D WifiService: New client listening to asynchronous messages

03-17 16:50:21.761  1534  4008 I ActivityManager: Force stopping io.appium.unlock appid=10126 user=0: from pid 16079

03-17 16:50:25.823  1534  4041 D SystemSettings: Want to modify SystemSettings? See MiuiSettings.System.PUBLIC_SETTINGS

03-17 16:50:25.823  1534  4041 W SettingsProvider: You shouldn't keep your settings in the secure settings. This will soon become an error.

03-17 16:50:26.581  1534  4022 I ActivityManager: START u0 {act=android.intent.action.VIEW dat=file:///data/local/tmp/UnicodeIME-debug.apk typ=application/vnd.android.package-archive flg=0x18000000 cmp=com.miui.securitycenter/com.miui.permcenter.install.AdbInstallActivity (has extras)} from uid 2000 on display 0

03-17 16:50:26.708  1534  3621 E ActivityManager: Invalid thumbnail dimensions: 0x0

03-17 16:50:26.722  1534  4008 W InputMethodManagerService: Window already focused, ignoring focus gain of: com.android.internal.view.IInputMethodClient$Stub$Proxy@4244e3a attribute=null, token = android.os.BinderProxy@7518464

03-17 16:50:26.819  1534  3796 D com.android.server.pm.PackageManagerServiceInjector: check if need preinstall apps

03-17 16:50:26.843  5837  5854 D DefContainer: Copying /data/local/tmp/UnicodeIME-debug.apk to base.apk

03-17 16:50:26.904  1534  2058 W PackageManager: Package io.appium.android.ime signatures do not match the previously installed version; ignoring!

03-17 16:50:27.251  1534  2058 I com.android.server.pm.PackageManagerServiceInjector: MIUILOG-onPackageInstalled: PackageEvent { mTimeStamp=2017-03-17 16:50:27 mAction=Install mPackageName=io.appium.android.ime mReturnCode=-7 mVersionCode=0 mVersionName=mInstallerPkgName=

03-17 16:50:33.769  1534  1906 D AutomaticBrightnessController: drop the lightsensor event ,time=200457810 ,lux=2.9390156

03-17 16:50:34.108  1534  1906 D AutomaticBrightnessController: drop the lightsensor event ,time=200458150 ,lux=2.2042618

03-17 16:50:34.279  1534  1906 D AutomaticBrightnessController: drop the lightsensor event ,time=200458320 ,lux=2.2042618

03-17 16:50:34.449  1534  1906 D AutomaticBrightnessController: drop the lightsensor event ,time=200458490 ,lux=1.4695078

03-17 16:50:34.618  1534  1906 D AutomaticBrightnessController: drop the lightsensor event ,time=200458660 ,lux=1.4695078

03-17 16:50:34.760  1534  1597 I ActivityManager: START u0 {act=android.intent.action.VIEW dat=file:///data/local/tmp/settings_apk-debug.apk typ=application/vnd.android.package-archive flg=0x18000000 cmp=com.miui.securitycenter/com.miui.permcenter.install.AdbInstallActivity (has extras)} from uid 2000 on display 0

03-17 16:50:34.790  1534  1906 D AutomaticBrightnessController: drop the lightsensor event ,time=200458832 ,lux=5.8780313

03-17 16:50:34.846 29488 29488 I PackageParser: io.appium.settings: compat added android.permission.WRITE_EXTERNAL_STORAGE

03-17 16:50:34.870  1534  3631 E ActivityManager: Invalid thumbnail dimensions: 0x0

03-17 16:50:34.941  1534  4094 W InputMethodManagerService: Window already focused, ignoring focus gain of: com.android.internal.view.IInputMethodClient$Stub$Proxy@de5e28d attribute=null, token = android.os.BinderProxy@7518464

03-17 16:50:34.959  1534  1906 D AutomaticBrightnessController: drop the lightsensor event ,time=200459001 ,lux=5.1432776

03-17 16:50:35.009  1534  3633 D com.android.server.pm.PackageManagerServiceInjector: check if need preinstall apps

03-17 16:50:35.085  5837  5852 D DefContainer: Copying /data/local/tmp/settings_apk-debug.apk to base.apk

03-17 16:50:35.129  1534  1906 D AutomaticBrightnessController: drop the lightsensor event ,time=200459170 ,lux=2.9390156

03-17 16:50:35.153  1534  2058 I PackageParser: io.appium.settings: compat added android.permission.WRITE_EXTERNAL_STORAGE

03-17 16:50:35.190  1534  2058 W PackageManager: Package io.appium.settings signatures do not match the previously installed version; ignoring!

03-17 16:50:35.449  1534  2058 I com.android.server.pm.PackageManagerServiceInjector: MIUILOG-onPackageInstalled: PackageEvent { mTimeStamp=2017-03-17 16:50:35 mAction=Install mPackageName=io.appium.settings mReturnCode=-7 mVersionCode=0 mVersionName=mInstallerPkgName=

03-17 16:50:35.468  1534  1906 D AutomaticBrightnessController: drop the lightsensor event ,time=200459510 ,lux=6.6127853

03-17 16:50:35.638  1534  1906 D AutomaticBrightnessController: drop the lightsensor event ,time=200459680 ,lux=10.286555

03-17 16:50:35.911  1534  1669 I ActivityManager: Waited long enough for: ServiceRecord{fcb6771 u0 com.orvibo.homemate/com.qihoo.ls.SoService}

03-17 16:50:37.381  1534  4008 I ActivityManager: START u0 {act=android.intent.action.VIEW dat=file:///data/local/tmp/unlock_apk-debug.apk typ=application/vnd.android.package-archive flg=0x18000000 cmp=com.miui.securitycenter/com.miui.permcenter.install.AdbInstallActivity (has extras)} from uid 2000 on display 0

03-17 16:50:37.475  1534  1597 E ActivityManager: Invalid thumbnail dimensions: 0x0

03-17 16:50:37.547  1534  3826 W InputMethodManagerService: Window already focused, ignoring focus gain of: com.android.internal.view.IInputMethodClient$Stub$Proxy@65f7843 attribute=null, token = android.os.BinderProxy@7518464

03-17 16:50:37.602  1534  4008 D com.android.server.pm.PackageManagerServiceInjector: check if need preinstall apps

03-17 16:50:37.631  5837  7662 D DefContainer: Copying /data/local/tmp/unlock_apk-debug.apk to base.apk

03-17 16:50:37.678  1534  1906 D AutomaticBrightnessController: drop the lightsensor event ,time=200461720 ,lux=2.2042618

03-17 16:50:37.685  1534  2058 W PackageManager: Package io.appium.unlock signatures do not match the previously installed version; ignoring!

03-17 16:50:37.848  1534  1906 D AutomaticBrightnessController: drop the lightsensor event ,time=200461890 ,lux=2.2042618

03-17 16:50:38.018  1534  1906 D AutomaticBrightnessController: drop the lightsensor event ,time=200462060 ,lux=2.2042618

03-17 16:50:38.063  1534  2058 I com.android.server.pm.PackageManagerServiceInjector: MIUILOG-onPackageInstalled: PackageEvent { mTimeStamp=2017-03-17 16:50:38 mAction=Install mPackageName=io.appium.unlock mReturnCode=-7 mVersionCode=0 mVersionName=mInstallerPkgName=

03-17 16:50:38.188  1534  1906 D AutomaticBrightnessController: drop the lightsensor event ,time=200462230 ,lux=2.2042618

03-17 16:50:38.359  1534  1906 D AutomaticBrightnessController: drop the lightsensor event ,time=200462400 ,lux=4.4085236

03-17 16:50:38.529  1534  1906 D AutomaticBrightnessController: drop the lightsensor event ,time=200462570 ,lux=4.4085236

03-17 16:50:38.699  1534  1906 D AutomaticBrightnessController: drop the lightsensor event ,time=200462740 ,lux=3.6737695

03-17 16:50:38.869  1534  1906 D AutomaticBrightnessController: drop the lightsensor event ,time=200462911 ,lux=1.4695078

03-17 16:50:39.039  1534  1906 D AutomaticBrightnessController: drop the lightsensor event ,time=200463081 ,lux=1.4695078

03-17 16:50:39.209  1534  1906 D AutomaticBrightnessController: drop the lightsensor event ,time=200463251 ,lux=1.4695078

03-17 16:50:39.378  1534  1906 D AutomaticBrightnessController: drop the lightsensor event ,time=200463420 ,lux=2.2042618

03-17 16:50:39.548  1534  1906 D AutomaticBrightnessController: drop the lightsensor event ,time=200463590 ,lux=3.6737695

03-17 16:50:39.718  1534  1906 D AutomaticBrightnessController: drop the lightsensor event ,time=200463760 ,lux=2.2042618

03-17 16:50:39.889  1534  1906 D AutomaticBrightnessController: drop the lightsensor event ,time=200463930 ,lux=2.2042618

03-17 16:50:40.059  1534  1906 D AutomaticBrightnessController: drop the lightsensor event ,time=200464100 ,lux=2.2042618

03-17 16:50:40.229  1534  1906 D AutomaticBrightnessController: drop the lightsensor event ,time=200464271 ,lux=4.4085236

03-17 16:50:40.400  1534  1906 D AutomaticBrightnessController: drop the lightsensor event ,time=200464442 ,lux=3.6737695

03-17 16:50:40.568  1534  1906 D AutomaticBrightnessController: drop the lightsensor event ,time=200464610 ,lux=3.6737695

03-17 16:50:40.738  1534  1906 D AutomaticBrightnessController: drop the lightsensor event ,time=200464780 ,lux=2.2042618

03-17 16:50:40.909  1534  1906 D AutomaticBrightnessController: drop the lightsensor event ,time=200464950 ,lux=2.2042618

03-17 16:50:41.078  1534  1906 D AutomaticBrightnessController: drop the lightsensor event ,time=200465120 ,lux=3.6737695

03-17 16:50:41.248  1534  1906 D AutomaticBrightnessController: drop the lightsensor event ,time=200465290 ,lux=3.6737695

03-17 16:50:41.419  1534  1906 D AutomaticBrightnessController: drop the lightsensor event ,time=200465460 ,lux=2.9390156

03-17 16:50:41.588  1534  1906 D AutomaticBrightnessController: drop the lightsensor event ,time=200465630 ,lux=3.6737695

03-17 16:50:41.759  1534  1906 D AutomaticBrightnessController: drop the lightsensor event ,time=200465800 ,lux=2.2042618

03-17 16:50:41.929  1534  1906 D AutomaticBrightnessController: drop the lightsensor event ,time=200465971 ,lux=3.6737695

03-17 16:50:42.100  1534  1906 D AutomaticBrightnessController: drop the lightsensor event ,time=200466141 ,lux=5.1432776

03-17 16:50:42.269  1534  1906 D AutomaticBrightnessController: drop the lightsensor event ,time=200466311 ,lux=2.9390156

03-17 16:50:42.439  1534  1906 D AutomaticBrightnessController: drop the lightsensor event ,time=200466481 ,lux=2.9390156

03-17 16:50:42.610  1534  1906 D AutomaticBrightnessController: drop the lightsensor event ,time=200466651 ,lux=2.9390156

03-17 16:50:42.780  1534  1906 D AutomaticBrightnessController: drop the lightsensor event ,time=200466822 ,lux=4.4085236

03-17 16:50:42.950  1534  1906 D AutomaticBrightnessController: drop the lightsensor event ,time=200466991 ,lux=2.2042618

03-17 16:50:43.119  1534  1906 D AutomaticBrightnessController: drop the lightsensor event ,time=200467161 ,lux=2.9390156

03-17 16:50:43.289  1534  1906 D AutomaticBrightnessController: drop the lightsensor event ,time=200467330 ,lux=3.6737695

03-17 16:50:43.459  1534  1906 D AutomaticBrightnessController: drop the lightsensor event ,time=200467501 ,lux=3.6737695

03-17 16:50:43.629  1534  1906 D AutomaticBrightnessController: drop the lightsensor event ,time=200467670 ,lux=4.4085236

03-17 16:50:43.798  1534  1906 D AutomaticBrightnessController: drop the lightsensor event ,time=200467840 ,lux=2.2042618

03-17 16:50:43.969  1534  1906 D AutomaticBrightnessController: drop the lightsensor event ,time=200468010 ,lux=3.6737695

03-17 16:50:44.138  1534  1906 D AutomaticBrightnessController: drop the lightsensor event ,time=200468180 ,lux=2.2042618

03-17 16:50:46.929  1534  4166 I ActivityManager: Force stopping com.orvibo.homemate appid=10136 user=0: from pid 16548

03-17 16:50:46.930  1534  4166 I ActivityManager: Killing 16000:com.orvibo.homemate/u0a136 (adj 5): stop com.orvibo.homemate

03-17 16:50:46.930  1534  4166 D ActivityManager: cleanUpApplicationRecord -- 16000

03-17 16:50:46.931  1534  4166 I AutoStartManagerService: MIUILOG- Reject RestartService packageName :com.orvibo.homemate uid : 10136

03-17 16:50:47.008  1534  3796 E WifiService: Multicaster binderDied

03-17 16:50:47.008  1534  3436 D WifiService: Client connection lost with reason: 4

03-17 16:50:47.201  1534  3621 I ActivityManager: START u0 {act=android.intent.action.MAIN cat=[android.intent.category.LAUNCHER] flg=0x10200000 cmp=com.orvibo.homemate/.common.launch.LaunchActivity} from uid 2000 on display 0

03-17 16:50:47.279  1534  1597 I ActivityManager: Start proc 16585:com.orvibo.homemate/u0a136 for activity com.orvibo.homemate/.common.launch.LaunchActivity

03-17 16:50:50.075  1534  3436 D WifiService: New client listening to asynchronous messages

03-17 16:50:51.328  1534  4024 I ActivityManager: Start proc 16708:com.orvibo.homemate:moon/u0a136 for service com.orvibo.homemate/.service.MoonService

03-17 16:50:52.809  1534  1906 D AutomaticBrightnessController: drop the lightsensor event ,time=200476851 ,lux=56.576054

03-17 16:50:52.813  1534  3631 I ActivityManager: START u0 {cmp=com.orvibo.homemate/.common.main.MainActivity (has extras)} from uid 10136 on display 0

03-17 16:50:52.980  1534  1906 D AutomaticBrightnessController: drop the lightsensor event ,time=200477022 ,lux=2.9390156

03-17 16:50:53.149  1534  1906 D AutomaticBrightnessController: drop the lightsensor event ,time=200477191 ,lux=7.347539

03-17 16:50:53.318  1534  1906 D AutomaticBrightnessController: drop the lightsensor event ,time=200477360 ,lux=2.9390156

03-17 16:50:53.489  1534  1906 D AutomaticBrightnessController: drop the lightsensor event ,time=200477530 ,lux=7.347539

03-17 16:50:53.658  1534  1906 D AutomaticBrightnessController: drop the lightsensor event ,time=200477700 ,lux=8.0822935

03-17 16:50:53.828  1534  1906 D AutomaticBrightnessController: drop the lightsensor event ,time=200477870 ,lux=5.8780313

03-17 16:50:54.000  1534  1906 D AutomaticBrightnessController: drop the lightsensor event ,time=200478041 ,lux=7.347539

03-17 16:50:54.168  1534  1906 D AutomaticBrightnessController: drop the lightsensor event ,time=200478210 ,lux=5.1432776

03-17 16:50:54.339  1534  1906 D AutomaticBrightnessController: drop the lightsensor event ,time=200478380 ,lux=5.1432776

03-17 16:50:54.508  1534  1906 D AutomaticBrightnessController: drop the lightsensor event ,time=200478550 ,lux=4.4085236

03-17 16:50:54.679  1534  1906 D AutomaticBrightnessController: drop the lightsensor event ,time=200478721 ,lux=8.0822935

03-17 16:50:54.851  1534  1906 D AutomaticBrightnessController: drop the lightsensor event ,time=200478893 ,lux=8.0822935

03-17 16:50:55.018  1534  1906 D AutomaticBrightnessController: drop the lightsensor event ,time=200479060 ,lux=3.6737695

03-17 16:50:55.189  1534  1906 D AutomaticBrightnessController: drop the lightsensor event ,time=200479230 ,lux=5.8780313

03-17 16:50:55.360  1534  1906 D AutomaticBrightnessController: drop the lightsensor event ,time=200479402 ,lux=12.490817

03-17 16:50:55.511  1534  4093 D SystemSettings: Want to modify SystemSettings? See MiuiSettings.System.PUBLIC_SETTINGS

03-17 16:50:55.511  1534  4093 W SettingsProvider: You shouldn't keep your settings in the secure settings. This will soon become an error.

03-17 16:50:55.528  1534  1906 D AutomaticBrightnessController: drop the lightsensor event ,time=200479570 ,lux=11.021309

03-17 16:50:55.698  1534  1906 D AutomaticBrightnessController: drop the lightsensor event ,time=200479740 ,lux=6.6127853

03-17 16:50:55.868  1534  1906 D AutomaticBrightnessController: drop the lightsensor event ,time=200479910 ,lux=13.960325

03-17 16:50:56.038  1534  1906 D AutomaticBrightnessController: drop the lightsensor event ,time=200480080 ,lux=2.9390156

03-17 16:50:56.124  1534  1669 V ActivityManager: Attempted to start a foreground service (ComponentInfo{com.orvibo.homemate/com.orvibo.homemate.service.MoonService}) with a broken notification (no icon: Notification(pri=0 contentView=null vibrate=null sound=null defaults=0x0 flags=0x40 color=0x00000000 vis=PRIVATE))

03-17 16:50:56.154  1534  1669 V ActivityManager: Attempted to start a foreground service (ComponentInfo{com.orvibo.homemate/com.orvibo.homemate.service.TempService}) with a broken notification (no icon: Notification(pri=0 contentView=null vibrate=null sound=null defaults=0x0 flags=0x40 color=0x00000000 vis=PRIVATE))

03-17 16:50:56.208  1534  1906 D AutomaticBrightnessController: drop the lightsensor event ,time=200480250 ,lux=6.6127853

03-17 16:50:56.222  3580  3697 W ContextImpl: Calling a method in the system process without a qualified user: android.app.ContextImpl.bindService:1295 android.content.ContextWrapper.bindService:614 com.xiaomi.mistatistic.sdk.controller.LocalEventRecorder.a:90 com.xiaomi.mistatistic.sdk.controller.LocalEventRecorder.b:70 com.xiaomi.mistatistic.sdk.controller.LocalEventRecorder.a:25 

03-17 16:50:56.378  1534  1906 D AutomaticBrightnessController: drop the lightsensor event ,time=200480420 ,lux=4.4085236

03-17 16:50:56.552  1534  1906 D AutomaticBrightnessController: drop the lightsensor event ,time=200480594 ,lux=7.347539

03-17 16:50:56.718  1534  1906 D AutomaticBrightnessController: drop the lightsensor event ,time=200480760 ,lux=5.8780313

03-17 16:50:57.081  1534  1669 V BroadcastQueueInjector: Skipping BroadcastRecord{5ccf557 u-1 android.net.wifi.SCAN_RESULTS} to ProcessRecord{d279ccd 16082:com.sina.weibo:remote/u0a98}

03-17 16:50:57.081  1534  1669 D Whetstone-FW: MiuiLog-Whetstone-BroadcastControl BroadcastRecord{5ccf557 u-1 android.net.wifi.SCAN_RESULTS} is discarded

--------- beginning of main

03-17 16:50:57.457   370   482 I ThermalEngine: Sensor:batt_temp:371 mC

03-17 16:50:57.689  4242  4392 W Metok_Tag: < metok_app > invalid network operator 

03-17 16:50:57.752  4242  4392 W Metok_Tag: < metok_app > invalid network operator 

03-17 16:50:58.458   370   482 I ThermalEngine: Sensor:batt_temp:371 mC

03-17 16:50:58.727  5869  5938 I octvm_klo: read wakeups from wakealarm_fd:1

03-17 16:50:58.728  5869  5938 I octvm_klo: new timerfd interval:

03-17 16:50:58.728  5869  5938 I octvm_klo: 	itval.it_interval.tv_sec 4, itval.it_interval.tv_nsec 0

03-17 16:50:58.728  5869  5938 I octvm_klo: 	itval.it_value.tv_sec 3, itval.it_value.tv_nsec 999996615

03-17 16:50:58.789 22823 22823 D wpa_supplicant: wlan0: Control interface command 'SIGNAL_POLL'

03-17 16:50:58.805 22823 22823 D wpa_supplicant: CTRL-DEBUG: global_ctrl_sock-sendto: sock=11 sndbuf=163840 outq=0 send_len=48

03-17 16:50:59.141  1534  1534 E JavaBinder: !!! FAILED BINDER TRANSACTION !!!  (parcel size = 104)

03-17 16:50:59.160  1534  1534 E JavaBinder: !!! FAILED BINDER TRANSACTION !!!  (parcel size = 104)

03-17 16:50:59.166  1534  1534 E JavaBinder: !!! FAILED BINDER TRANSACTION !!!  (parcel size = 104)

03-17 16:50:59.166  1534  1534 E JavaBinder: !!! FAILED BINDER TRANSACTION !!!  (parcel size = 104)

03-17 16:50:59.459   370   482 I ThermalEngine: Sensor:batt_temp:371 mC

03-17 16:51:00.105  3962  4066 W WtProcessController: do not trim { PackageName :com.orvibo.homemate Pid: 16585 Uid: 10136 Start by: activity Score:100 Old score:100 state:0 mBackgroundTimeInMillis:0 WakelockCount:0 wakelogsize:0  ActivityDestroied:false Activity size: 1 PackageInfo:{WhetstonePackageInfo#PacakgeName:com.orvibo.homemate uid:10136 uiMemoryThresold:0 nonUiMemoryThresold:0 Flag:5184,0x1440 [,TRIMHEAPS,SOFT_RESET,FLAG_DEAL_SCHEDULE] Type:0[] } tasknum:10251}

03-17 16:51:00.460   370   482 I ThermalEngine: Sensor:batt_temp:371 mC

03-17 16:51:01.461   370   482 I ThermalEngine: Sensor:batt_temp:371 mC

03-17 16:51:01.811 22823 22823 D wpa_supplicant: wlan0: Control interface command 'SIGNAL_POLL'

03-17 16:51:01.826 22823 22823 D wpa_supplicant: CTRL-DEBUG: global_ctrl_sock-sendto: sock=11 sndbuf=163840 outq=0 send_len=48

03-17 16:51:02.195 16585 16676 D UTAnalytics:LogStoreMgr: pid:16585 [store],

03-17 16:51:02.210 16585 16676 D UTAnalytics:UTSqliteLogStore: pid:16585 sql:SELECT * FROM log ORDER BY time ASC  LIMIT 20,

03-17 16:51:02.211 16585 16676 D UTAnalytics:UTSqliteLogStore: pid:16585 pos,0,count,4,

03-17 16:51:02.217 16585 16676 D UTAnalytics:UTSqliteLogStore: pid:16585 pos,1,count,4,

03-17 16:51:02.220 16585 16676 D UTAnalytics:UTSqliteLogStore: pid:16585 pos,2,count,4,

03-17 16:51:02.220 16585 16676 D UTAnalytics:UTSqliteLogStore: pid:16585 pos,3,count,4,

03-17 16:51:02.221 16585 16676 D UTAnalytics:LogStoreMgr: pid:16585 [get],[Log [id=2334, eventId=2001, index=], Log [id=2335, eventId=19999, index=], Log [id=2336, eventId=19999, index=], Log [id=2337, eventId=2001, index=]],

03-17 16:51:02.228 16585 16676 D UTAnalytics:UploadTask: pid:16585 averagePackageSize:127.75,

03-17 16:51:02.462   370   482 I ThermalEngine: Sensor:batt_temp:371 mC

03-17 16:51:02.556 16585 16676 W System.err: java.lang.reflect.InvocationTargetException

03-17 16:51:02.556 16585 16676 W System.err: 	at java.lang.reflect.Method.invoke(Native Method)

03-17 16:51:02.556 16585 16676 W System.err: 	at com.alibaba.mtl.log.sign.SecurityRequestAuth.getSign(SecurityRequestAuth.java:135)

03-17 16:51:02.556 16585 16676 W System.err: 	at com.alibaba.mtl.log.e.t.a(UrlWrapper.java:204)

03-17 16:51:02.556 16585 16676 W System.err: 	at com.alibaba.mtl.log.e.t.a(UrlWrapper.java:58)

03-17 16:51:02.556 16585 16676 W System.err: 	at com.alibaba.mtl.log.d.b.M(UploadTask.java:136)

03-17 16:51:02.556 16585 16676 W System.err: 	at com.alibaba.mtl.log.d.b.run(UploadTask.java:52)

03-17 16:51:02.556 16585 16676 W System.err: 	at java.util.concurrent.Executors$RunnableAdapter.call(Executors.java:423)

03-17 16:51:02.556 16585 16676 W System.err: 	at java.util.concurrent.FutureTask.run(FutureTask.java:237)

03-17 16:51:02.556 16585 16676 W System.err: 	at java.util.concurrent.ThreadPoolExecutor.runWorker(ThreadPoolExecutor.java:1113)

03-17 16:51:02.556 16585 16676 W System.err: 	at java.util.concurrent.ThreadPoolExecutor$Worker.run(ThreadPoolExecutor.java:588)

03-17 16:51:02.556 16585 16676 W System.err: 	at java.lang.Thread.run(Thread.java:818)

03-17 16:51:02.556 16585 16676 W System.err: Caused by: com.alibaba.wireless.security.open.SecException: 

03-17 16:51:02.557 16585 16676 W System.err: 	at com.taobao.wireless.security.adapter.JNICLibrary.doCommandNative(Native Method)

03-17 16:51:02.557 16585 16676 W System.err: 	at com.alibaba.wireless.security.mainplugin.a.doCommandNative(Unknown Source)

03-17 16:51:02.557 16585 16676 W System.err: 	at com.taobao.wireless.security.adapter.b.b.b(Unknown Source)

03-17 16:51:02.557 16585 16676 W System.err: 	at com.taobao.wireless.security.adapter.b.b.a(Unknown Source)

03-17 16:51:02.557 16585 16676 W System.err: 	at com.taobao.wireless.security.adapter.b.b.a(Unknown Source)

03-17 16:51:02.562 16585 16676 W System.err: 	at com.alibaba.wireless.security.a.h.a.signRequest(Unknown Source)

03-17 16:51:02.562 16585 16676 W System.err: 	... 11 more

03-17 16:51:02.599  3852  4239 I XiaomiFirewall: firewall pkgName:com.orvibo.homemate, result:0x0

03-17 16:51:02.699 16585 16676 D UTAnalytics:UploadTask: pid:16585 url:http://adashbc.m.taobao.com/rest/sur?ak=23256401&av=2.3.0.201&c=null&v=3.0&s=&d=WJfwe%2BsntC4DAAdSBLpxQDCW&sv=2.5.1_for_bc&p=a&t=1489740662247&u=&is=1&k=0,

03-17 16:51:02.704 16585 16676 D UTAnalytics:UploadTask: pid:16585 result:{"t":1489740661795,"ret":"","success":"success"}

03-17 16:51:02.704 16585 16676 D UTAnalytics:UploadTask: ,

03-17 16:51:02.711 16585 16676 D UTAnalytics:UploadTask: pid:16585 winsize:350,

03-17 16:51:02.711 16585 16676 D UTAnalytics:LogStoreMgr: pid:16585 [Log [id=2334, eventId=2001, index=], Log [id=2335, eventId=19999, index=], Log [id=2336, eventId=19999, index=], Log [id=2337, eventId=2001, index=]],

03-17 16:51:02.728  5869  5938 I octvm_klo: read wakeups from wakealarm_fd:1

03-17 16:51:02.728  5869  5938 I octvm_klo: new timerfd interval:

03-17 16:51:02.728  5869  5938 I octvm_klo: 	itval.it_interval.tv_sec 4, itval.it_interval.tv_nsec 0

03-17 16:51:02.728  5869  5938 I octvm_klo: 	itval.it_value.tv_sec 3, itval.it_value.tv_nsec 999982916

03-17 16:51:02.762 16585 16676 D UTAnalytics:UTSqliteLogStore: pid:16585 delete ,4, isSuccess:true,

03-17 16:51:02.762 16585 16676 D UTAnalytics:CoreStatics: pid:16585 [uploadInc]:0,count:4,

03-17 16:51:02.762 16585 16676 D UTAnalytics:CoreStatics: pid:16585 [uploadInc]:4,

03-17 16:51:02.762 16585 16676 D UTAnalytics:UploadTask: pid:16585 logs.size():4, selfMonitorLogCount:0,

03-17 16:51:02.769 16585 16676 D UTAnalytics:UploadTask: pid:16585 upload isSendSuccess:true, consume:480, delete consume:52,

03-17 16:51:03.182  1534  1534 E JavaBinder: !!! FAILED BINDER TRANSACTION !!!  (parcel size = 104)

03-17 16:51:03.192  1534  1534 E JavaBinder: !!! FAILED BINDER TRANSACTION !!!  (parcel size = 104)

03-17 16:51:03.197  1534  1534 E JavaBinder: !!! FAILED BINDER TRANSACTION !!!  (parcel size = 104)

03-17 16:51:03.198  1534  1534 E JavaBinder: !!! FAILED BINDER TRANSACTION !!!  (parcel size = 104)

03-17 16:51:03.463   370   482 I ThermalEngine: Sensor:batt_temp:371 mC

03-17 16:51:03.859  1534  1906 D AutomaticBrightnessController: drop the lightsensor event ,time=200487901 ,lux=8.817047

03-17 16:51:04.030  1534  1906 D AutomaticBrightnessController: drop the lightsensor event ,time=200488071 ,lux=11.021309

03-17 16:51:04.199  1534  1906 D AutomaticBrightnessController: drop the lightsensor event ,time=200488240 ,lux=3.6737695

03-17 16:51:04.203  1534  1534 E JavaBinder: !!! FAILED BINDER TRANSACTION !!!  (parcel size = 104)

03-17 16:51:04.204  1534  1534 E JavaBinder: !!! FAILED BINDER TRANSACTION !!!  (parcel size = 104)

03-17 16:51:04.215  1534  1534 E JavaBinder: !!! FAILED BINDER TRANSACTION !!!  (parcel size = 104)

03-17 16:51:04.220  1534  1534 E JavaBinder: !!! FAILED BINDER TRANSACTION !!!  (parcel size = 104)

03-17 16:51:04.369  1534  1906 D AutomaticBrightnessController: drop the lightsensor event ,time=200488411 ,lux=3.6737695

03-17 16:51:04.465   370   482 I ThermalEngine: Sensor:batt_temp:371 mC

03-17 16:51:04.539  1534  1906 D AutomaticBrightnessController: drop the lightsensor event ,time=200488580 ,lux=5.1432776

03-17 16:51:04.708  1534  1906 D AutomaticBrightnessController: drop the lightsensor event ,time=200488750 ,lux=3.6737695

03-17 16:51:04.831 22823 22823 D wpa_supplicant: wlan0: Control interface command 'SIGNAL_POLL'

03-17 16:51:04.847 22823 22823 D wpa_supplicant: CTRL-DEBUG: global_ctrl_sock-sendto: sock=11 sndbuf=163840 outq=0 send_len=48

03-17 16:51:04.879  1534  1906 D AutomaticBrightnessController: drop the lightsensor event ,time=200488920 ,lux=1.4695078

03-17 16:51:05.048  1534  1906 D AutomaticBrightnessController: drop the lightsensor event ,time=200489090 ,lux=1.4695078

03-17 16:51:05.219  1534  1906 D AutomaticBrightnessController: drop the lightsensor event ,time=200489260 ,lux=3.6737695

03-17 16:51:05.229  1534  1534 E JavaBinder: !!! FAILED BINDER TRANSACTION !!!  (parcel size = 104)

03-17 16:51:05.242  1534  1534 E JavaBinder: !!! FAILED BINDER TRANSACTION !!!  (parcel size = 104)

03-17 16:51:05.243  1534  1534 E JavaBinder: !!! FAILED BINDER TRANSACTION !!!  (parcel size = 104)

03-17 16:51:05.249  1534  1534 E JavaBinder: !!! FAILED BINDER TRANSACTION !!!  (parcel size = 104)

03-17 16:51:05.388  1534  1906 D AutomaticBrightnessController: drop the lightsensor event ,time=200489430 ,lux=2.2042618

03-17 16:51:05.466   370   482 I ThermalEngine: Sensor:batt_temp:371 mC

03-17 16:51:05.559  1534  1906 D AutomaticBrightnessController: drop the lightsensor event ,time=200489601 ,lux=1.4695078

03-17 16:51:05.729  1534  1906 D AutomaticBrightnessController: drop the lightsensor event ,time=200489771 ,lux=2.2042618

03-17 16:51:06.068  1534  1906 D AutomaticBrightnessController: drop the lightsensor event ,time=200490110 ,lux=38.941956

03-17 16:51:06.240  1534  1906 D AutomaticBrightnessController: drop the lightsensor event ,time=200490281 ,lux=6.6127853

03-17 16:51:06.409  1534  1906 D AutomaticBrightnessController: drop the lightsensor event ,time=200490450 ,lux=1.4695078

03-17 16:51:06.467   370   482 I ThermalEngine: Sensor:batt_temp:371 mC

03-17 16:51:06.579  1534  1906 D AutomaticBrightnessController: drop the lightsensor event ,time=200490621 ,lux=2.2042618

03-17 16:51:06.672 17661 17661 W AppWatcher: type=1400 audit(0.0:3071067): avc: denied { getattr } for path="/proc/opalum-temp-calib" dev="proc" ino=4026534627 scontext=u:r:untrusted_app:s0:c512,c768 tcontext=u:object_r:proc_opalum:s0 tclass=file permissive=0

03-17 16:51:06.672 17661 17661 W AppWatcher: type=1400 audit(0.0:3071068): avc: denied { getattr } for path="/proc/opalum-f0-calib" dev="proc" ino=4026534626 scontext=u:r:untrusted_app:s0:c512,c768 tcontext=u:object_r:proc_opalum:s0 tclass=file permissive=0

03-17 16:51:06.672 17661 17661 W AppWatcher: type=1400 audit(0.0:3071069): avc: denied { getattr } for path="/proc/sysrq-trigger" dev="proc" ino=4026533735 scontext=u:r:untrusted_app:s0:c512,c768 tcontext=u:object_r:proc_sysrq:s0 tclass=file permissive=0

03-17 16:51:06.682 17661 17661 W AppWatcher: type=1400 audit(0.0:3071070): avc: denied { getattr } for path="/proc/1" dev="proc" ino=8200 scontext=u:r:untrusted_app:s0:c512,c768 tcontext=u:r:init:s0 tclass=dir permissive=0

03-17 16:51:06.692 17661 17661 W AppWatcher: type=1400 audit(0.0:3071071): avc: denied { getattr } for path="/proc/2" dev="proc" ino=2557283 scontext=u:r:untrusted_app:s0:c512,c768 tcontext=u:r:kernel:s0 tclass=dir permissive=0

03-17 16:51:06.692 17661 17661 W AppWatcher: type=1400 audit(0.0:3071072): avc: denied { getattr } for path="/proc/3" dev="proc" ino=2557284 scontext=u:r:untrusted_app:s0:c512,c768 tcontext=u:r:kernel:s0 tclass=dir permissive=0

03-17 16:51:06.692 17661 17661 W AppWatcher: type=1400 audit(0.0:3071073): avc: denied { getattr } for path="/proc/6" dev="proc" ino=2557286 scontext=u:r:untrusted_app:s0:c512,c768 tcontext=u:r:kernel:s0 tclass=dir permissive=0

03-17 16:51:06.702 17661 17661 W AppWatcher: type=1400 audit(0.0:3071074): avc: denied { getattr } for path="/proc/7" dev="proc" ino=2557287 scontext=u:r:untrusted_app:s0:c512,c768 tcontext=u:r:kernel:s0 tclass=dir permissive=0

03-17 16:51:06.702 17661 17661 W AppWatcher: type=1400 audit(0.0:3071075): avc: denied { getattr } for path="/proc/8" dev="proc" ino=2557288 scontext=u:r:untrusted_app:s0:c512,c768 tcontext=u:r:kernel:s0 tclass=dir permissive=0

03-17 16:51:06.702 17661 17661 W AppWatcher: type=1400 audit(0.0:3071076): avc: denied { getattr } for path="/proc/21" dev="proc" ino=2557289 scontext=u:r:untrusted_app:s0:c512,c768 tcontext=u:r:kernel:s0 tclass=dir permissive=0

03-17 16:51:06.712 17661 17661 W AppWatcher: type=1400 audit(0.0:3071077): avc: denied { getattr } for path="/proc/22" dev="proc" ino=2557290 scontext=u:r:untrusted_app:s0:c512,c768 tcontext=u:r:kernel:s0 tclass=dir permissive=0

03-17 16:51:06.712 17661 17661 W AppWatcher: type=1400 audit(0.0:3071078): avc: denied { getattr } for path="/proc/28" dev="proc" ino=2557291 scontext=u:r:untrusted_app:s0:c512,c768 tcontext=u:r:kernel:s0 tclass=dir permissive=0

03-17 16:51:06.712 17661 17661 W AppWatcher: type=1400 audit(0.0:3071079): avc: denied { getattr } for path="/proc/29" dev="proc" ino=2557292 scontext=u:r:untrusted_app:s0:c512,c768 tcontext=u:r:kernel:s0 tclass=dir permissive=0

03-17 16:51:06.728  5869  5938 I octvm_klo: read wakeups from wakealarm_fd:1

03-17 16:51:06.729  5869  5938 I octvm_klo: new timerfd interval:

03-17 16:51:06.729  5869  5938 I octvm_klo: 	itval.it_interval.tv_sec 4, itval.it_interval.tv_nsec 0

03-17 16:51:06.729  5869  5938 I octvm_klo: 	itval.it_value.tv_sec 3, itval.it_value.tv_nsec 999996406

03-17 16:51:06.722 17661 17661 W AppWatcher: type=1400 audit(0.0:3071080): avc: denied { getattr } for path="/proc/30" dev="proc" ino=2557293 scontext=u:r:untrusted_app:s0:c512,c768 tcontext=u:r:kernel:s0 tclass=dir permissive=0

03-17 16:51:06.732 17661 17661 W AppWatcher: type=1400 audit(0.0:3071081): avc: denied { getattr } for path="/proc/32" dev="proc" ino=2557294 scontext=u:r:untrusted_app:s0:c512,c768 tcontext=u:r:kernel:s0 tclass=dir permissive=0

03-17 16:51:06.732 17661 17661 W AppWatcher: type=1400 audit(0.0:3071082): avc: denied { getattr } for path="/proc/33" dev="proc" ino=2557295 scontext=u:r:untrusted_app:s0:c512,c768 tcontext=u:r:kernel:s0 tclass=dir permissive=0

03-17 16:51:06.732 17661 17661 W AppWatcher: type=1400 audit(0.0:3071083): avc: denied { getattr } for path="/proc/34" dev="proc" ino=2557296 scontext=u:r:untrusted_app:s0:c512,c768 tcontext=u:r:kernel:s0 tclass=dir permissive=0

03-17 16:51:06.750  1534  1906 D AutomaticBrightnessController: drop the lightsensor event ,time=200490792 ,lux=12.490817

