03-08 10:53:30.527 29006 29006 W AppWatcher: type=1400 audit(0.0:947923): avc: denied { getattr } for path="/proc/29" dev="proc" ino=907279 scontext=u:r:untrusted_app:s0:c512,c768 tcontext=u:r:kernel:s0 tclass=dir permissive=0

03-08 10:53:30.537 29006 29006 W AppWatcher: type=1400 audit(0.0:947924): avc: denied { getattr } for path="/proc/30" dev="proc" ino=907280 scontext=u:r:untrusted_app:s0:c512,c768 tcontext=u:r:kernel:s0 tclass=dir permissive=0

03-08 10:53:30.537 29006 29006 W AppWatcher: type=1400 audit(0.0:947925): avc: denied { getattr } for path="/proc/32" dev="proc" ino=907281 scontext=u:r:untrusted_app:s0:c512,c768 tcontext=u:r:kernel:s0 tclass=dir permissive=0

03-08 10:53:30.537 29006 29006 W AppWatcher: type=1400 audit(0.0:947926): avc: denied { getattr } for path="/proc/33" dev="proc" ino=907282 scontext=u:r:untrusted_app:s0:c512,c768 tcontext=u:r:kernel:s0 tclass=dir permissive=0

03-08 10:53:30.537 29006 29006 W AppWatcher: type=1400 audit(0.0:947927): avc: denied { getattr } for path="/proc/34" dev="proc" ino=907283 scontext=u:r:untrusted_app:s0:c512,c768 tcontext=u:r:kernel:s0 tclass=dir permissive=0

03-08 10:53:30.537 29006 29006 W AppWatcher: type=1400 audit(0.0:947928): avc: denied { getattr } for path="/proc/61" dev="proc" ino=907284 scontext=u:r:untrusted_app:s0:c512,c768 tcontext=u:r:kernel:s0 tclass=dir permissive=0

03-08 10:53:30.537 29006 29006 W AppWatcher: type=1400 audit(0.0:947929): avc: denied { getattr } for path="/proc/62" dev="proc" ino=907285 scontext=u:r:untrusted_app:s0:c512,c768 tcontext=u:r:kernel:s0 tclass=dir permissive=0

03-08 10:53:30.537 29006 29006 W AppWatcher: type=1400 audit(0.0:947930): avc: denied { getattr } for path="/proc/63" dev="proc" ino=907286 scontext=u:r:untrusted_app:s0:c512,c768 tcontext=u:r:kernel:s0 tclass=dir permissive=0

03-08 10:53:30.964  4269  4269 D wpa_supplicant: wlan0: Control interface command 'SIGNAL_POLL'

03-08 10:53:30.978  4269  4269 D wpa_supplicant: CTRL-DEBUG: global_ctrl_sock-sendto: sock=11 sndbuf=163840 outq=0 send_len=48

03-08 10:53:31.128   372   476 I ThermalEngine: Sensor:batt_temp:321 mC

03-08 10:53:31.704 18065 18132 D UTAnalytics:LogStoreMgr: pid:18065 [store],

03-08 10:53:31.722 18065 18132 D UTAnalytics:UTSqliteLogStore: pid:18065 sql:SELECT * FROM log ORDER BY time ASC  LIMIT 115,

03-08 10:53:31.727 18065 18132 D UTAnalytics:UTSqliteLogStore: pid:18065 pos,0,count,3,

03-08 10:53:31.727 18065 18132 D UTAnalytics:UTSqliteLogStore: pid:18065 pos,1,count,3,

03-08 10:53:31.727 18065 18132 D UTAnalytics:UTSqliteLogStore: pid:18065 pos,2,count,3,

03-08 10:53:31.728 18065 18132 D UTAnalytics:LogStoreMgr: pid:18065 [get],[Log [id=1330, eventId=2001, index=], Log [id=1331, eventId=2001, index=], Log [id=1332, eventId=65502, index=]],

03-08 10:53:31.747 18065 18132 D UTAnalytics:UploadTask: pid:18065 averagePackageSize:200.0,

03-08 10:53:31.911  1923  1923 E JavaBinder: !!! FAILED BINDER TRANSACTION !!!  (parcel size = 104)

03-08 10:53:31.962 18065 18132 W System.err: java.lang.reflect.InvocationTargetException

03-08 10:53:31.962 18065 18132 W System.err: 	at java.lang.reflect.Method.invoke(Native Method)

03-08 10:53:31.962 18065 18132 W System.err: 	at com.alibaba.mtl.log.sign.SecurityRequestAuth.getSign(SecurityRequestAuth.java:135)

03-08 10:53:31.962 18065 18132 W System.err: 	at com.alibaba.mtl.log.e.t.a(UrlWrapper.java:204)

03-08 10:53:31.962 18065 18132 W System.err: 	at com.alibaba.mtl.log.e.t.a(UrlWrapper.java:58)

03-08 10:53:31.962 18065 18132 W System.err: 	at com.alibaba.mtl.log.d.b.M(UploadTask.java:136)

03-08 10:53:31.962 18065 18132 W System.err: 	at com.alibaba.mtl.log.d.b.run(UploadTask.java:52)

03-08 10:53:31.962 18065 18132 W System.err: 	at java.util.concurrent.Executors$RunnableAdapter.call(Executors.java:423)

03-08 10:53:31.967 18065 18132 W System.err: 	at java.util.concurrent.FutureTask.run(FutureTask.java:237)

03-08 10:53:31.967 18065 18132 W System.err: 	at java.util.concurrent.ThreadPoolExecutor.runWorker(ThreadPoolExecutor.java:1113)

03-08 10:53:31.967 18065 18132 W System.err: 	at java.util.concurrent.ThreadPoolExecutor$Worker.run(ThreadPoolExecutor.java:588)

03-08 10:53:31.968 18065 18132 W System.err: 	at java.lang.Thread.run(Thread.java:818)

03-08 10:53:31.968 18065 18132 W System.err: Caused by: com.alibaba.wireless.security.open.SecException: 

03-08 10:53:31.969 18065 18132 W System.err: 	at com.taobao.wireless.security.adapter.JNICLibrary.doCommandNative(Native Method)

03-08 10:53:31.969 18065 18132 W System.err: 	at com.alibaba.wireless.security.mainplugin.a.doCommandNative(Unknown Source)

03-08 10:53:31.969 18065 18132 W System.err: 	at com.taobao.wireless.security.adapter.b.b.b(Unknown Source)

03-08 10:53:31.969 18065 18132 W System.err: 	at com.taobao.wireless.security.adapter.b.b.a(Unknown Source)

03-08 10:53:31.969 18065 18132 W System.err: 	at com.taobao.wireless.security.adapter.b.b.a(Unknown Source)

03-08 10:53:31.969 18065 18132 W System.err: 	at com.alibaba.wireless.security.a.h.a.signRequest(Unknown Source)

03-08 10:53:31.969 18065 18132 W System.err: 	... 11 more

03-08 10:53:31.978  4099  5103 I XiaomiFirewall: firewall pkgName:com.orvibo.homemate, result:0x0

03-08 10:53:32.055 18065 18132 D UTAnalytics:UploadTask: pid:18065 url:http://adashbc.m.taobao.com/rest/sur?ak=23256401&av=2.3.0.200&c=null&v=3.0&s=&d=WJfwe%2BsntC4DAAdSBLpxQDCW&sv=2.5.1_for_bc&p=a&t=1488941611757&u=&is=1&k=0,

03-08 10:53:32.055 18065 18132 D UTAnalytics:UploadTask: pid:18065 result:{"t":1488941611892,"ret":"","success":"success"}

03-08 10:53:32.055 18065 18132 D UTAnalytics:UploadTask: ,

03-08 10:53:32.055 18065 18132 D UTAnalytics:UploadTask: pid:18065 winsize:350,

03-08 10:53:32.056 18065 18132 D UTAnalytics:LogStoreMgr: pid:18065 [Log [id=1330, eventId=2001, index=], Log [id=1331, eventId=2001, index=], Log [id=1332, eventId=65502, index=]],

03-08 10:53:32.076 18065 18132 D UTAnalytics:UTSqliteLogStore: pid:18065 delete ,3, isSuccess:true,

03-08 10:53:32.076 18065 18132 D UTAnalytics:CoreStatics: pid:18065 [uploadInc]:6,count:3,

03-08 10:53:32.076 18065 18132 D UTAnalytics:CoreStatics: pid:18065 [uploadInc]:9,

03-08 10:53:32.076 18065 18132 D UTAnalytics:UploadTask: pid:18065 logs.size():3, selfMonitorLogCount:0,

03-08 10:53:32.076 18065 18132 D UTAnalytics:UploadTask: pid:18065 upload isSendSuccess:true, consume:308, delete consume:21,

03-08 10:53:32.129   372   476 I ThermalEngine: Sensor:batt_temp:321 mC

03-08 10:53:33.131   372   476 I ThermalEngine: Sensor:batt_temp:321 mC

03-08 10:53:33.921  1923  1923 E JavaBinder: !!! FAILED BINDER TRANSACTION !!!  (parcel size = 104)

03-08 10:53:33.984  4269  4269 D wpa_supplicant: wlan0: Control interface command 'SIGNAL_POLL'

03-08 10:53:33.998  4269  4269 D wpa_supplicant: CTRL-DEBUG: global_ctrl_sock-sendto: sock=11 sndbuf=163840 outq=0 send_len=48

03-08 10:53:34.132   372   476 I ThermalEngine: Sensor:batt_temp:321 mC

03-08 10:53:34.932  1923  1923 E JavaBinder: !!! FAILED BINDER TRANSACTION !!!  (parcel size = 104)

03-08 10:53:35.134   372   476 I ThermalEngine: Sensor:batt_temp:321 mC

03-08 10:53:35.951  1923  1923 E JavaBinder: !!! FAILED BINDER TRANSACTION !!!  (parcel size = 104)

03-08 10:53:36.135   372   476 I ThermalEngine: Sensor:batt_temp:321 mC

03-08 10:53:37.006  4269  4269 D wpa_supplicant: wlan0: Control interface command 'SIGNAL_POLL'

03-08 10:53:37.010  4269  4269 D wpa_supplicant: CTRL-DEBUG: global_ctrl_sock-sendto: sock=11 sndbuf=163840 outq=0 send_len=48

03-08 10:53:37.029 18065 18132 D UTAnalytics:LogStoreMgr: pid:18065 [store],

03-08 10:53:37.038 18065 18132 D UTAnalytics:UTSqliteLogStore: pid:18065 sql:SELECT * FROM log ORDER BY time ASC  LIMIT 350,

03-08 10:53:37.043 18065 18132 D UTAnalytics:LogStoreMgr: pid:18065 [get],[],

03-08 10:53:37.045 18065 18132 D UTAnalytics:UploadEngine: pid:18065 UTDC.bBackground:false,AppInfoUtil.isForeground(UTDC.getContext()) ,true,

03-08 10:53:37.047 18065 18132 D UTAnalytics:UploadTask: pid:18065 mPeriod:30000,

03-08 10:53:37.136   372   476 I ThermalEngine: Sensor:batt_temp:321 mC

03-08 10:53:37.516 18065 18135 D UTAnalytics:CommitTask: pid:18065 check&commit event:65502,

03-08 10:53:37.516 18065 18135 D UTAnalytics:CommitTask: pid:18065 next:65502,

03-08 10:53:37.516 18065 18135 D UTAnalytics:CommitTask: pid:18065 check&commit event:65503,

03-08 10:53:37.517 18065 18135 D UTAnalytics:CommitTask: pid:18065 next:65503,

03-08 10:53:37.528 18065 18132 D UTAnalytics:CommitTask: pid:18065 check&commit event:65501,

03-08 10:53:37.529 18065 18132 D UTAnalytics:CommitTask: pid:18065 next:65501,

03-08 10:53:38.137   372   476 I ThermalEngine: Sensor:batt_temp:321 mC

03-08 10:53:38.458  5352  5352 I PowerKeeperBackgroundService: onStartCommand()

03-08 10:53:38.458  5352  5352 I PowerKeeperService: onAlarm

03-08 10:53:38.516  4823  4823 V SettingsCollector: start service

03-08 10:53:38.517  4823  5782 I CloudSettingsProvider: uriMatch : 2

03-08 10:53:38.518  4823  5782 I CloudSettingsProvider: uriMatch : 2

03-08 10:53:38.519  4823  5782 E SettingsCollector: analyze JSON failed.

03-08 10:53:38.519  4823  5782 I CloudSettingsProvider: uriMatch : 2

03-08 10:53:38.520  4823  5782 I CloudSettingsProvider: uriMatch : 2

03-08 10:53:38.521  4823  5782 I CloudSettingsProvider: uriMatch : 2

03-08 10:53:38.522  4823  5782 E SettingsCollector: analyze JSON failed.

03-08 10:53:38.522  4823  5782 I CloudSettingsProvider: uriMatch : 2

03-08 10:53:38.530  4823  5782 E SettingsCollector: analyze JSON failed.

03-08 10:53:38.545 17995 18010 I art     : Background concurrent mark sweep GC freed 302546(16MB) AllocSpace objects, 0(0B) LOS objects, 96% free, 655KB/16MB, paused 2.029ms total 104.728ms

03-08 10:53:38.950  4099  5103 I XiaomiFirewall: firewall pkgName:com.miui.analytics, result:0x0

03-08 10:53:38.967  1923  1923 E JavaBinder: !!! FAILED BINDER TRANSACTION !!!  (parcel size = 104)

03-08 10:53:39.138   372   476 I ThermalEngine: Sensor:batt_temp:321 mC

03-08 10:53:39.189 26902 18640 W System.err: java.net.SocketTimeoutException: failed to connect to loc.map.baidu.com/14.215.177.33 (port 443) after 12000ms

03-08 10:53:39.189 26902 18640 W System.err: 	at libcore.io.IoBridge.connectErrno(IoBridge.java:169)

03-08 10:53:39.189 26902 18640 W System.err: 	at libcore.io.IoBridge.connect(IoBridge.java:122)

03-08 10:53:39.190 26902 18640 W System.err: 	at java.net.PlainSocketImpl.connect(PlainSocketImpl.java:183)

03-08 10:53:39.190 26902 18640 W System.err: 	at java.net.PlainSocketImpl.connect(PlainSocketImpl.java:452)

03-08 10:53:39.190 26902 18640 W System.err: 	at java.net.Socket.connect(Socket.java:884)

03-08 10:53:39.190 26902 18640 W System.err: 	at com.android.okhttp.internal.Platform.connectSocket(Platform.java:117)

03-08 10:53:39.190 26902 18640 W System.err: 	at com.android.okhttp.internal.http.SocketConnector.connectRawSocket(SocketConnector.java:160)

03-08 10:53:39.190 26902 18640 W System.err: 	at com.android.okhttp.internal.http.SocketConnector.connectTls(SocketConnector.java:79)

03-08 10:53:39.190 26902 18640 W System.err: 	at com.android.okhttp.Connection.connect(Connection.java:143)

03-08 10:53:39.190 26902 18640 W System.err: 	at com.android.okhttp.Connection.connectAndSetOwner(Connection.java:185)

03-08 10:53:39.190 26902 18640 W System.err: 	at com.android.okhttp.OkHttpClient$1.connectAndSetOwner(OkHttpClient.java:128)

03-08 10:53:39.190 26902 18640 W System.err: 	at com.android.okhttp.internal.http.HttpEngine.nextConnection(HttpEngine.java:342)

03-08 10:53:39.190 26902 18640 W System.err: 	at com.android.okhttp.internal.http.HttpEngine.connect(HttpEngine.java:331)

03-08 10:53:39.191 26902 18640 W System.err: 	at com.android.okhttp.internal.http.HttpEngine.sendRequest(HttpEngine.java:249)

03-08 10:53:39.191 26902 18640 W System.err: 	at com.android.okhttp.internal.huc.HttpURLConnectionImpl.execute(HttpURLConnectionImpl.java:437)

03-08 10:53:39.191 26902 18640 W System.err: 	at com.android.okhttp.internal.huc.HttpURLConnectionImpl.connect(HttpURLConnectionImpl.java:114)

03-08 10:53:39.191 26902 18640 W System.err: 	at com.android.okhttp.internal.huc.DelegatingHttpsURLConnection.connect(DelegatingHttpsURLConnection.java:89)

03-08 10:53:39.191 26902 18640 W System.err: 	at com.android.okhttp.internal.huc.HttpsURLConnectionImpl.connect(HttpsURLConnectionImpl.java:25)

03-08 10:53:39.191 26902 18640 W System.err: 	at com.baidu.location.h.e$4.run(Unknown Source)

03-08 10:53:39.191 26902 18640 I baidu_location_service: https NetworkCommunicationException!

03-08 10:53:39.209  1923  3654 D NtpTrustedTime: currentTimeMillis() cache hit

03-08 10:53:39.224  1923  3654 I TetherStatsReporting: getTetherStats() called NetworkStats: elapsedRealtime=89523628

03-08 10:53:39.224  1923  3654 I TetherStatsReporting:   [0] iface=wlan0 uid=0 set=DEFAULT tag=0x0 rxBytes=1028303 rxPackets=12892 txBytes=2020031 txPackets=12776 operations=0

03-08 10:53:39.224  1923  3654 I TetherStatsReporting:   [1] iface=wlan0 uid=0 set=FOREGROUND tag=0x0 rxBytes=0 rxPackets=0 txBytes=0 txPackets=0 operations=0

03-08 10:53:39.224  1923  3654 I TetherStatsReporting:   [2] iface=wlan0 uid=1000 set=DEFAULT tag=0x0 rxBytes=269912 rxPackets=619 txBytes=146487 txPackets=884 operations=0

03-08 10:53:39.224  1923  3654 I TetherStatsReporting:   [3] iface=wlan0 uid=1000 set=FOREGROUND tag=0x0 rxBytes=0 rxPackets=0 txBytes=0 txPackets=0 operations=0

03-08 10:53:39.224  1923  3654 I TetherStatsReporting:   [4] iface=wlan0 uid=9802 set=DEFAULT tag=0x0 rxBytes=21564 rxPackets=39 txBytes=6041 txPackets=42 operations=0

03-08 10:53:39.224  1923  3654 I TetherStatsReporting:   [5] iface=wlan0 uid=9802 set=FOREGROUND tag=0x0 rxBytes=0 rxPackets=0 txBytes=0 txPackets=0 operations=0

03-08 10:53:39.224  1923  3654 I TetherStatsReporting:   [6] iface=wlan0 uid=9810 set=DEFAULT tag=0x0 rxBytes=103857 rxPackets=177 txBytes=27839 txPackets=225 operations=0

03-08 10:53:39.224  1923  3654 I TetherStatsReporting:   [7] iface=wlan0 uid=9810 set=FOREGROUND tag=0x0 rxBytes=0 rxPackets=0 txBytes=0 txPackets=0 operations=0

03-08 10:53:39.224  1923  3654 I TetherStatsReporting:   [8] iface=wlan0 uid=10002 set=DEFAULT tag=0x0 rxBytes=22843 rxPackets=140 txBytes=25628 txPackets=157 operations=0

03-08 10:53:39.224  1923  3654 I TetherStatsReporting:   [9] iface=wlan0 uid=10002 set=FOREGROUND tag=0x0 rxBytes=780169 rxPackets=761 txBytes=96434 txPackets=854 operations=0

03-08 10:53:39.224  1923  3654 I TetherStatsReporting:   [10] iface=wlan0 uid=10005 set=DEFAULT tag=0x0 rxBytes=720 rxPackets=8 txBytes=10504 txPackets=18 operations=0

03-08 10:53:39.224  1923  3654 I TetherStatsReporting:   [11] iface=wlan0 uid=10005 set=FOREGROUND tag=0x0 rxBytes=0 rxPackets=0 txBytes=0 txPackets=0 operations=0

03-08 10:53:39.224  1923  3654 I TetherStatsReporting:   [12] iface=wlan0 uid=10008 set=DEFAULT tag=0x0 rxBytes=172846 rxPackets=797 txBytes=329149 txPackets=1191 operations=0

03-08 10:53:39.224  1923  3654 I TetherStatsReporting:   [13] iface=wlan0 uid=10008 set=FOREGROUND tag=0x0 rxBytes=0 rxPackets=0 txBytes=0 txPackets=0 operations=0

03-08 10:53:39.224  1923  3654 I TetherStatsReporting:   [14] iface=wlan0 uid=10015 set=DEFAULT tag=0x0 rxBytes=18718 rxPackets=37 txBytes=7760 txPackets=48 operations=0

03-08 10:53:39.224  1923  3654 I TetherStatsReporting:   [15] iface=wlan0 uid=10015 set=FOREGROUND tag=0x0 rxBytes=0 rxPackets=0 txBytes=0 txPackets=0 operations=0

03-08 10:53:39.224  1923  3654 I TetherStatsReporting:   [16] iface=wlan0 uid=10016 set=DEFAULT tag=0x0 rxBytes=3515 rxPackets=33 txBytes=8072 txPackets=43 operations=0

03-08 10:53:39.224  1923  3654 I TetherStatsReporting:   [17] iface=wlan0 uid=10016 set=FOREGROUND tag=0x0 rxBytes=0 rxPackets=0 txBytes=0 txPackets=0 operations=0

03-08 10:53:39.224  1923  3654 I TetherStatsReporting:   [18] iface=wlan0 uid=10018 set=DEFAULT tag=0x0 rxBytes=60442 rxPackets=77 txBytes=7058 txPackets=68 operations=0

03-08 10:53:39.224  1923  3654 I TetherStatsReporting:   [19] iface=wlan0 uid=10018 set=FOREGROUND tag=0x0 rxBytes=0 rxPackets=0 txBytes=0 txPackets=0 operations=0

03-08 10:53:39.224  1923  3654 I TetherStatsReporting:   [20] iface=wlan0 uid=10026 set=DEFAULT tag=0x0 rxBytes=4295 rxPackets=78 txBytes=6362 txPackets=80 operations=0

03-08 10:53:39.224  1923  3654 I TetherStatsReporting:   [21] iface=wlan0 uid=10026 set=FOREGROUND tag=0x0 rxBytes=98820 rxPackets=188 txBytes=28456 txPackets=218 operations=0

03-08 10:53:39.224  1923  3654 I TetherStatsReporting:   [22] iface=wlan0 uid=10034 set=DEFAULT tag=0x0 rxBytes=63548 rxPackets=181 txBytes=104630 txPackets=261 operations=0

03-08 10:53:39.224  1923  3654 I TetherStatsReporting:   [23] iface=wlan0 uid=10034 set=FOREGROUND tag=0x0 rxBytes=874 rxPackets=9 txBytes=6628 txPackets=11 operations=0

03-08 10:53:39.224  1923  3654 I TetherStatsReporting:   [24] iface=wlan0 uid=10041 set=DEFAULT tag=0x0 rxBytes=8676 rxPackets=62 txBytes=25913 txPackets=102 operations=0

03-08 10:53:39.224  1923  3654 I TetherStatsReporting:   [25] iface=wlan0 uid=10041 set=FOREGROUND tag=0x0 rxBytes=0 rxPackets=0 txBytes=0 txPackets=0 operations=0

03-08 10:53:39.224  1923  3654 I TetherStatsReporting:   [26] iface=wlan0 uid=10047 set=DEFAULT tag=0x0 rxBytes=32522 rxPackets=120 txBytes=62596 txPackets=185 operations=0

03-08 10:53:39.224  1923  3654 I TetherStatsReporting:   [27] iface=wlan0 uid=10047 set=FOREGROUND tag=0x0 rxBytes=1273938 rxPackets=1357 txBytes=189759 txPackets=1508 operations=0

03-08 10:53:39.224  1923  3654 I TetherStatsReporting:   [28] iface=wlan0 uid=10048 set=DEFAULT tag=0x0 rxBytes=2972 rxPackets=26 txBytes=4530 txPackets=33 operations=0

03-08 10:53:39.224  1923  3654 I TetherStatsReporting:   [29] iface=wlan0 uid=10048 set=FOREGROUND tag=0x0 rxBytes=2313636 rxPackets=1651 txBytes=73179 txPackets=1663 operations=0

03-08 10:53:39.224  1923  3654 I TetherStatsReporting:   [30] iface=wlan0 uid=10057 set=DEFAULT tag=0x0 rxBytes=514 rxPackets=5 txBytes=9880 txPackets=15 operations=0

03-08 10:53:39.224  1923  3654 I TetherStatsReporting:   [31] iface=wlan0 uid=10057 set=FOREGROUND tag=0x0 rxBytes=1987 rxPackets=23 txBytes=6687 txPackets=29 operations=0

03-08 10:53:39.224  1923  3654 I TetherStatsReporting:   [32] iface=wlan0 uid=10063 set=DEFAULT tag=0x0 rxBytes=839064 rxPackets=919 txBytes=86113 txPackets=801 operations=0

03-08 10:53:39.224  1923  3654 I TetherStatsReporting:   [33] iface=wlan0 uid=10063 set=FOREGROUND tag=0x0 rxBytes=0 rxPackets=0 txBytes=0 txPackets=0 operations=0

03-08 10:53:39.224  1923  3654 I TetherStatsReporting:   [34] iface=wlan0 uid=10076 set=DEFAULT tag=0x0 rxBytes=2947819 rxPackets=2446 txBytes=208432 txPack

03-08 10:53:39.224  1923  3654 I TetherStatsReporting: binding to service

03-08 10:53:39.227  1923  3654 D NtpTrustedTime: currentTimeMillis() cache hit

03-08 10:53:39.231  1923  3655 D NtpTrustedTime: currentTimeMillis() cache hit

03-08 10:53:39.232  4099  5155 I TrafficManageService: mina mTrafficStatsReceiver onReceive

03-08 10:53:39.233  4099  5155 W ContextImpl: Calling a method in the system process without a qualified user: android.app.ContextImpl.sendBroadcast:773 android.content.ContextWrapper.sendBroadcast:406 com.miui.networkassistant.service.tm.TrafficManageService.broadCastDataUsageUpdated:-1 com.miui.networkassistant.service.tm.TrafficManageService$8.onReceive:-1 android.app.LoadedApk$ReceiverDispatcher$Args.run:883 

03-08 10:53:39.252  4099  5103 I XiaomiFirewall: firewall pkgName:com.baidu.BaiduMap, result:0x0

03-08 10:53:39.268  4269  4269 D wpa_supplicant: wlan0: Control interface command 'SCAN TYPE=ONLY'

03-08 10:53:39.268  4269  4269 D wpa_supplicant: wlan0: Setting scan request: 0.000000 sec

03-08 10:53:39.268  4269  4269 D wpa_supplicant: CTRL-DEBUG: global_ctrl_sock-sendto: sock=11 sndbuf=163840 outq=0 send_len=3

03-08 10:53:39.268  4269  4269 D wpa_supplicant: wlan0: Starting AP scan for wildcard SSID

03-08 10:53:39.268  4269  4269 D wpa_supplicant: wlan0: Add radio work 'scan'@0xb6919398

03-08 10:53:39.268  4269  4269 D wpa_supplicant: wlan0: First radio work item in the queue - schedule start immediately

03-08 10:53:39.268  4269  4269 D wpa_supplicant: wlan0: Starting radio work 'scan'@0xb6919398 after 0.000062 second wait

03-08 10:53:39.268  4269  4269 D wpa_supplicant: wlan0: nl80211: scan request

03-08 10:53:39.268  4269  4269 D wpa_supplicant: nl80211: Scan SSID - hexdump(len=0): [NULL]

03-08 10:53:39.268  4269  4269 D wpa_supplicant: nl80211: Scan extra IEs - hexdump(len=7): 7f 05 00 00 0a 02 01

03-08 10:53:39.270  4269  4269 D wpa_supplicant: Scan requested (ret=0) - scan timeout 30 seconds

03-08 10:53:39.270  4269  4269 D wpa_supplicant: nl80211: Event message available

03-08 10:53:39.270  4269  4269 D wpa_supplicant: nl80211: Drv Event 33 (NL80211_CMD_TRIGGER_SCAN) received for wlan0

03-08 10:53:39.270  4269  4269 D wpa_supplicant: wlan0: nl80211: Scan trigger

03-08 10:53:39.270  4269  4269 D wpa_supplicant: wlan0: Event SCAN_STARTED (47) received

03-08 10:53:39.270  4269  4269 D wpa_supplicant: wlan0: Own scan request started a scan in 0.000157 seconds

03-08 10:53:39.270  4269  4269 D wpa_supplicant: CTRL-DEBUG: ctrl_sock-sendmsg: sock=11 sndbuf=163840 outq=0 send_len=24

03-08 10:53:39.270  4269  4269 D wpa_supplicant: CTRL_IFACE monitor sent successfully to /data/misc/wifi/sockets/wpa_ctrl_1923-2\x00

03-08 10:53:40.026  4269  4269 D wpa_supplicant: wlan0: Control interface command 'SIGNAL_POLL'

03-08 10:53:40.032  4269  4269 D wpa_supplicant: CTRL-DEBUG: global_ctrl_sock-sendto: sock=11 sndbuf=163840 outq=0 send_len=48

03-08 10:53:40.140   372   476 I ThermalEngine: Sensor:batt_temp:321 mC

03-08 10:53:40.797 29006 29006 W AppWatcher: type=1400 audit(0.0:948179): avc: denied { getattr } for path="/proc/opalum-temp-calib" dev="proc" ino=4026534634 scontext=u:r:untrusted_app:s0:c512,c768 tcontext=u:object_r:proc_opalum:s0 tclass=file permissive=0

03-08 10:53:40.797 29006 29006 W AppWatcher: type=1400 audit(0.0:948180): avc: denied { getattr } for path="/proc/opalum-f0-calib" dev="proc" ino=4026534633 scontext=u:r:untrusted_app:s0:c512,c768 tcontext=u:object_r:proc_opalum:s0 tclass=file permissive=0

03-08 10:53:40.807 29006 29006 W AppWatcher: type=1400 audit(0.0:948181): avc: denied { getattr } for path="/proc/sysrq-trigger" dev="proc" ino=4026533735 scontext=u:r:untrusted_app:s0:c512,c768 tcontext=u:object_r:proc_sysrq:s0 tclass=file permissive=0

03-08 10:53:40.817 29006 29006 W AppWatcher: type=1400 audit(0.0:948182): avc: denied { getattr } for path="/proc/1" dev="proc" ino=907269 scontext=u:r:untrusted_app:s0:c512,c768 tcontext=u:r:init:s0 tclass=dir permissive=0

03-08 10:53:40.817 29006 29006 W AppWatcher: type=1400 audit(0.0:948183): avc: denied { getattr } for path="/proc/2" dev="proc" ino=907270 scontext=u:r:untrusted_app:s0:c512,c768 tcontext=u:r:kernel:s0 tclass=dir permissive=0

03-08 10:53:40.817 29006 29006 W AppWatcher: type=1400 audit(0.0:948184): avc: denied { getattr } for path="/proc/3" dev="proc" ino=907271 scontext=u:r:untrusted_app:s0:c512,c768 tcontext=u:r:kernel:s0 tclass=dir permissive=0

03-08 10:53:40.817 29006 29006 W AppWatcher: type=1400 audit(0.0:948185): avc: denied { getattr } for path="/proc/6" dev="proc" ino=907272 scontext=u:r:untrusted_app:s0:c512,c768 tcontext=u:r:kernel:s0 tclass=dir permissive=0

03-08 10:53:40.817 29006 29006 W AppWatcher: type=1400 audit(0.0:948186): avc: denied { getattr } for path="/proc/7" dev="proc" ino=907273 scontext=u:r:untrusted_app:s0:c512,c768 tcontext=u:r:kernel:s0 tclass=dir permissive=0

03-08 10:53:40.817 29006 29006 W AppWatcher: type=1400 audit(0.0:948187): avc: denied { getattr } for path="/proc/8" dev="proc" ino=907274 scontext=u:r:untrusted_app:s0:c512,c768 tcontext=u:r:kernel:s0 tclass=dir permissive=0

03-08 10:53:40.817 29006 29006 W AppWatcher: type=1400 audit(0.0:948188): avc: denied { getattr } for path="/proc/21" dev="proc" ino=907275 scontext=u:r:untrusted_app:s0:c512,c768 tcontext=u:r:kernel:s0 tclass=dir permissive=0

03-08 10:53:40.817 29006 29006 W AppWatcher: type=1400 audit(0.0:948189): avc: denied { getattr } for path="/proc/22" dev="proc" ino=907276 scontext=u:r:untrusted_app:s0:c512,c768 tcontext=u:r:kernel:s0 tclass=dir permissive=0

03-08 10:53:40.817 29006 29006 W AppWatcher: type=1400 audit(0.0:948190): avc: denied { getattr } for path="/proc/28" dev="proc" ino=907278 scontext=u:r:untrusted_app:s0:c512,c768 tcontext=u:r:kernel:s0 tclass=dir permissive=0

03-08 10:53:40.817 29006 29006 W AppWatcher: type=1400 audit(0.0:948191): avc: denied { getattr } for path="/proc/29" dev="proc" ino=907279 scontext=u:r:untrusted_app:s0:c512,c768 tcontext=u:r:kernel:s0 tclass=dir permissive=0

03-08 10:53:40.817 29006 29006 W AppWatcher: type=1400 audit(0.0:948192): avc: denied { getattr } for path="/proc/30" dev="proc" ino=907280 scontext=u:r:untrusted_app:s0:c512,c768 tcontext=u:r:kernel:s0 tclass=dir permissive=0

03-08 10:53:40.817 29006 29006 W AppWatcher: type=1400 audit(0.0:948193): avc: denied { getattr } for path="/proc/32" dev="proc" ino=907281 scontext=u:r:untrusted_app:s0:c512,c768 tcontext=u:r:kernel:s0 tclass=dir permissive=0

03-08 10:53:40.817 29006 29006 W AppWatcher: type=1400 audit(0.0:948194): avc: denied { getattr } for path="/proc/33" dev="proc" ino=907282 scontext=u:r:untrusted_app:s0:c512,c768 tcontext=u:r:kernel:s0 tclass=dir permissive=0

03-08 10:53:40.827 29006 29006 W AppWatcher: type=1400 audit(0.0:948195): avc: denied { getattr } for path="/proc/34" dev="proc" ino=907283 scontext=u:r:untrusted_app:s0:c512,c768 tcontext=u:r:kernel:s0 tclass=dir permissive=0

03-08 10:53:40.827 29006 29006 W AppWatcher: type=1400 audit(0.0:948196): avc: denied { getattr } for path="/proc/61" dev="proc" ino=907284 scontext=u:r:untrusted_app:s0:c512,c768 tcontext=u:r:kernel:s0 tclass=dir permissive=0

03-08 10:53:40.827 29006 29006 W AppWatcher: type=1400 audit(0.0:948197): avc: denied { getattr } for path="/proc/62" dev="proc" ino=907285 scontext=u:r:untrusted_app:s0:c512,c768 tcontext=u:r:kernel:s0 tclass=dir permissive=0

03-08 10:53:40.827 29006 29006 W AppWatcher: type=1400 audit(0.0:948198): avc: denied { getattr } for path="/proc/63" dev="proc" ino=907286 scontext=u:r:untrusted_app:s0:c512,c768 tcontext=u:r:kernel:s0 tclass=dir permissive=0

03-08 10:53:40.975  1923  1923 E JavaBinder: !!! FAILED BINDER TRANSACTION !!!  (parcel size = 104)

03-08 10:53:41.141   372   476 I ThermalEngine: Sensor:batt_temp:321 mC

03-08 10:53:42.142   372   476 I ThermalEngine: Sensor:batt_temp:321 mC

03-08 10:53:42.298 26902 26918 W Settings: Setting airplane_mode_on has moved from android.provider.Settings.System to android.provider.Settings.Global, returning read-only value.

03-08 10:53:42.314  4099  5103 I XiaomiFirewall: firewall pkgName:com.baidu.BaiduMap, result:0x0

03-08 10:53:42.988  1923  1923 E JavaBinder: !!! FAILED BINDER TRANSACTION !!!  (parcel size = 104)

03-08 10:53:43.039  4269  4269 D wpa_supplicant: wlan0: Control interface command 'SIGNAL_POLL'

03-08 10:53:43.044  4269  4269 D wpa_supplicant: CTRL-DEBUG: global_ctrl_sock-sendto: sock=11 sndbuf=163840 outq=0 send_len=48

03-08 10:53:43.143   372   476 I ThermalEngine: Sensor:batt_temp:321 mC

03-08 10:53:43.166  1923  3680 D WifiStateMachine: starting scan for "18.1_neiwang"-WPA_PSK with 5745,2422

03-08 10:53:43.166  4269  4269 D wpa_supplicant: wlan0: Control interface command 'SCAN TYPE=ONLY freq=5745,2422'

03-08 10:53:43.166  4269  4269 D wpa_supplicant: Pending scan scheduled - reject new request

03-08 10:53:43.166  4269  4269 D wpa_supplicant: CTRL-DEBUG: global_ctrl_sock-sendto: sock=11 sndbuf=163840 outq=0 send_len=10

03-08 10:53:43.280  4269  4269 D wpa_supplicant: nl80211: Event message available

03-08 10:53:43.280  4269  4269 D wpa_supplicant: nl80211: Drv Event 34 (NL80211_CMD_NEW_SCAN_RESULTS) received for wlan0

03-08 10:53:43.280  4269  4269 D wpa_supplicant: wlan0: nl80211: New scan results available

03-08 10:53:43.281  4269  4269 D wpa_supplicant: nl80211: Scan included frequencies: 2412 2417 2422 2427 2432 2437 2442 2447 2452 2457 2462 2467 2472 5180 5200 5220 5240 5260 5280 5300 5320 5500 5520 5540 5560 5580 5600 5620 5640 5660 5680 5700 5745 5765 5785 5805 5825

03-08 10:53:43.281  4269  4269 D wpa_supplicant: wlan0: Event SCAN_RESULTS (3) received

03-08 10:53:43.281  4269  4269 D wpa_supplicant: wlan0: Scan completed in 4.010540 seconds

03-08 10:53:43.281  4269  4269 D wpa_supplicant: nl80211: Associated on 2422 MHz

03-08 10:53:43.281  4269  4269 D wpa_supplicant: nl80211: Associated with c0:3d:46:00:1a:5a

03-08 10:53:43.282  4269  4269 D wpa_supplicant: nl80211: Received scan results (28 BSSes)

03-08 10:53:43.282  4269  4269 D wpa_supplicant: nl80211: Scan results indicate BSS status with c0:3d:46:00:1a:5a as associated

03-08 10:53:43.298  4269  4269 D wpa_supplicant: wlan0: BSS: Start scan result update 8876

03-08 10:53:43.298  4269  4269 D wpa_supplicant: wlan0: BSS: Add new id 26643 BSSID 9c:21:6a:9e:48:f8 SSID 'FAST_9E48F8'

03-08 10:53:43.299  4269  4269 D wpa_supplicant: CTRL-DEBUG: ctrl_sock-sendmsg: sock=11 sndbuf=163840 outq=0 send_len=44

03-08 10:53:43.302  4269  4269 D wpa_supplicant: CTRL_IFACE monitor sent successfully to /data/misc/wifi/sockets/wpa_ctrl_1923-2\x00

03-08 10:53:43.303  4269  4269 D wpa_supplicant: wlan0: BSS: Add new id 26644 BSSID 30:fc:68:f2:85:0f SSID 'Android'

03-08 10:53:43.303  4269  4269 D wpa_supplicant: CTRL-DEBUG: ctrl_sock-sendmsg: sock=11 sndbuf=163840 outq=0 send_len=44

03-08 10:53:43.304  4269  4269 D wpa_supplicant: CTRL_IFACE monitor sent successfully to /data/misc/wifi/sockets/wpa_ctrl_1923-2\x00

03-08 10:53:43.304  4269  4269 D wpa_supplicant: wlan0: BSS: Add new id 26645 BSSID 3c:df:bd:39:72:f4 SSID '55.1_neiwang'

03-08 10:53:43.304  4269  4269 D wpa_supplicant: CTRL-DEBUG: ctrl_sock-sendmsg: sock=11 sndbuf=163840 outq=0 send_len=44

03-08 10:53:43.305  4269  4269 D wpa_supplicant: CTRL_IFACE monitor sent successfully to /data/misc/wifi/sockets/wpa_ctrl_1923-2\x00

03-08 10:53:43.305  4269  4269 D wpa_supplicant: wlan0: BSS: Add new id 26646 BSSID 08:10:77:61:24:3e SSID 'er1'

03-08 10:53:43.305  4269  4269 D wpa_supplicant: CTRL-DEBUG: ctrl_sock-sendmsg: sock=11 sndbuf=163840 outq=0 send_len=44

03-08 10:53:43.306  4269  4269 D wpa_supplicant: CTRL_IFACE monitor sent successfully to /data/misc/wifi/sockets/wpa_ctrl_1923-2\x00

03-08 10:53:43.306  4269  4269 D wpa_supplicant: wlan0: BSS: Remove id 26534 BSSID c0:3d:46:00:4e:26 SSID '22.1_\xe5\xa4\x96\xe7\xbd\x91' due to no match in scan

03-08 10:53:43.306  4269  4269 D wpa_supplicant: CTRL-DEBUG: ctrl_sock-sendmsg: sock=11 sndbuf=163840 outq=0 send_len=46

03-08 10:53:43.307  4269  4269 D wpa_supplicant: CTRL_IFACE monitor sent successfully to /data/misc/wifi/sockets/wpa_ctrl_1923-2\x00

03-08 10:53:43.307  4269  4269 D wpa_supplicant: wlan0: BSS: Remove id 26634 BSSID b8:f8:83:ee:be:7b SSID 'HostGroup-InnerNet' due to no match in scan

03-08 10:53:43.308  4269  4269 D wpa_supplicant: CTRL-DEBUG: ctrl_sock-sendmsg: sock=11 sndbuf=163840 outq=0 send_len=46

03-08 10:53:43.309  4269  4269 D wpa_supplicant: CTRL_IFACE monitor sent successfully to /data/misc/wifi/sockets/wpa_ctrl_1923-2\x00

03-08 10:53:43.309  4269  4269 D wpa_supplicant: wlan0: BSS: Remove id 26629 BSSID 00:6b:8e:f0:3c:50 SSID '@ZigbeeTeam_5G' due to no match in scan

03-08 10:53:43.309  4269  4269 D wpa_supplicant: CTRL-DEBUG: ctrl_sock-sendmsg: sock=11 sndbuf=163840 outq=0 send_len=46

03-08 10:53:43.310  4269  4269 D wpa_supplicant: CTRL_IFACE monitor sent successfully to /data/misc/wifi/sockets/wpa_ctrl_1923-2\x00

03-08 10:53:43.310  4269  4269 D wpa_supplicant: wlan0: BSS: Remove id 26622 BSSID cc:81:da:9c:13:20 SSID '56.1_neiwang' due to no match in scan

03-08 10:53:43.310  4269  4269 D wpa_supplicant: CTRL-DEBUG: ctrl_sock-sendmsg: sock=11 sndbuf=163840 outq=0 send_len=46

03-08 10:53:43.311  4269  4269 D wpa_supplicant: CTRL_IFACE monitor sent successfully to /data/misc/wifi/sockets/wpa_ctrl_1923-2\x00

03-08 10:53:43.311  4269  4269 D wpa_supplicant: wlan0: BSS: Remove id 26627 BSSID e0:10:7f:0b:f3:68 SSID 'ORVIBO' due to no match in scan

03-08 10:53:43.311  4269  4269 D wpa_supplicant: CTRL-DEBUG: ctrl_sock-sendmsg: sock=11 sndbuf=163840 outq=0 send_len=46

03-08 10:53:43.312  4269  4269 D wpa_supplicant: CTRL_IFACE monitor sent successfully to /data/misc/wifi/sockets/wpa_ctrl_1923-2\x00

03-08 10:53:43.312  4269  4269 D wpa_supplicant: wlan0: BSS: Remove id 26628 BSSID e0:10:7f:4b:f3:68 SSID 'WX-ORVIBO-Guest' due to no match in scan

03-08 10:53:43.312  4269  4269 D wpa_supplicant: CTRL-DEBUG: ctrl_sock-sendmsg: sock=11 sndbuf=163840 outq=0 send_len=46

03-08 10:53:43.314  4269  4269 D wpa_supplicant: CTRL_IFACE monitor sent successfully to /data/misc/wifi/sockets/wpa_ctrl_1923-2\x00

03-08 10:53:43.314  4269  4269 D wpa_supplicant: wlan0: BSS: Remove id 26636 BSSID e0:10:7f:0c:0b:98 SSID 'ORVIBO' due to no match in scan

03-08 10:53:43.314  4269  4269 D wpa_supplicant: CTRL-DEBUG: ctrl_sock-sendmsg: sock=11 sndbuf=163840 outq=0 send_len=46

03-08 10:53:43.315  4269  4269 D wpa_supplicant: CTRL_IFACE monitor sent successfully to /data/misc/wifi/sockets/wpa_ctrl_1923-2\x00

03-08 10:53:43.315  4269  4269 D wpa_supplicant: wlan0: BSS: Remove id 26630 BSSID d0:ee:07:3f:27:1c SSID 'zhanting_5G' due to no match in scan

03-08 10:53:43.315  4269  4269 D wpa_supplicant: CTRL-DEBUG: ctrl_sock-sendmsg: sock=11 sndbuf=163840 outq=0 send_len=46

03-08 10:53:43.316  4269  4269 D wpa_supplicant: CTRL_IFACE monitor sent successfully to /data/misc/wifi/sockets/wpa_ctrl_1923-2\x00

03-08 10:53:43.316  4269  4269 D wpa_supplicant: wlan0: BSS: Remove id 26638 BSSID 64:09:80:51:3f:75 SSID 'FuckMe_5G' due to no match in scan

03-08 10:53:43.317  4269  4269 D wpa_supplicant: CTRL-DEBUG: ctrl_sock-sendmsg: sock=11 sndbuf=163840 outq=0 send_len=46

03-08 10:53:43.318  4269  4269 D wpa_supplicant: CTRL_IFACE monitor sent successfully to /data/misc/wifi/sockets/wpa_ctrl_1923-2\x00

03-08 10:53:43.318  4269  4269 D wpa_supplicant: wlan0: BSS: Remove id 26639 BSSID e0:10:7f:4b:e9:f8 SSID 'WX-ORVIBO-Guest' due to no match in scan

03-08 10:53:43.318  4269  4269 D wpa_supplicant: CTRL-DEBUG: ctrl_sock-sendmsg: sock=11 sndbuf=163840 outq=0 send_len=46

03-08 10:53:43.324  4269  4269 D wpa_supplicant: CTRL_IFACE monitor sent successfully to /data/misc/wifi/sockets/wpa_ctrl_1923-2\x00

03-08 10:53:43.324  4269  4269 D wpa_supplicant: BSS: last_scan_res_used=28/64

03-08 10:53:43.324  4269  4269 D wpa_supplicant: wlan0: Scan-only results received

03-08 10:53:43.325  4269  4269 D wpa_supplicant: CTRL-DEBUG: ctrl_sock-sendmsg: sock=11 sndbuf=163840 outq=0 send_len=24

03-08 10:53:43.326  4269  4269 D wpa_supplicant: CTRL_IFACE monitor sent successfully to /data/misc/wifi/sockets/wpa_ctrl_1923-2\x00

03-08 10:53:43.327  4269  4269 D wpa_supplicant: wlan0: Radio work 'scan'@0xb6919398 done in 4.058317 seconds

03-08 10:53:43.328  4269  4269 D wpa_supplicant: CTRL-DEBUG: global_ctrl_sock-sendto: sock=11 sndbuf=163840 outq=0 send_len=3995

03-08 10:53:43.328  4269  4269 D wpa_supplicant: RTM_NEWLINK: ifi_index=22 ifname=wlan0 wext ifi_family=0 ifi_flags=0x11043 ([UP][RUNNING][LOWER_UP])

03-08 10:53:43.339   433   644 W XTCC-5.1.0.8: [WifiScanner] WiFi scan result : [25] AP's

03-08 10:53:43.341  4269  4269 D wpa_supplicant: CTRL-DEBUG: global_ctrl_sock-sendto: sock=11 sndbuf=163840 outq=0 send_len=3849

03-08 10:53:43.344  4269  4269 D wpa_supplicant: CTRL-DEBUG: global_ctrl_sock-sendto: sock=11 sndbuf=163840 outq=0 send_len=3634

03-08 10:53:43.346  4269  4269 D wpa_supplicant: CTRL-DEBUG: global_ctrl_sock-sendto: sock=11 sndbuf=163840 outq=0 send_len=3592

03-08 10:53:43.349  4269  4269 D wpa_supplicant: CTRL-DEBUG: global_ctrl_sock-sendto: sock=11 sndbuf=163840 outq=0 send_len=3909

03-08 10:53:43.352  4269  4269 D wpa_supplicant: CTRL-DEBUG: global_ctrl_sock-sendto: sock=11 sndbuf=163840 outq=0 send_len=4010

03-08 10:53:43.354  4269  4269 D wpa_supplicant: CTRL-DEBUG: global_ctrl_sock-sendto: sock=11 sndbuf=163840 outq=0 send_len=429

03-08 10:53:43.415  4269  4269 D wpa_supplicant: EAPOL: EAP Session-Id not available

03-08 10:53:43.415  4269  4269 D wpa_supplicant: CTRL-DEBUG: global_ctrl_sock-sendto: sock=11 sndbuf=163840 outq=0 send_len=278

03-08 10:53:43.426  4188  5395 I StepsProvider: Steps Provider Query

03-08 10:53:43.439 26390 27008 E WifiDeviceFinder: start process end time - 16

03-08 10:53:43.443 26390 26435 E WifiScanHomelog: start process end time - 18

03-08 10:53:44.144   372   476 I ThermalEngine: Sensor:batt_temp:321 mC

03-08 10:53:44.998  1923  1923 E JavaBinder: !!! FAILED BINDER TRANSACTION !!!  (parcel size = 104)

03-08 10:53:45.146   372   476 I ThermalEngine: Sensor:batt_temp:321 mC

03-08 10:53:46.048  4269  4269 D wpa_supplicant: wlan0: Control interface command 'SIGNAL_POLL'

03-08 10:53:46.063  4269  4269 D wpa_supplicant: CTRL-DEBUG: global_ctrl_sock-sendto: sock=11 sndbuf=163840 outq=0 send_len=48

03-08 10:53:46.147   372   476 I ThermalEngine: Sensor:batt_temp:321 mC

03-08 10:53:47.149   372   476 I ThermalEngine: Sensor:batt_temp:321 mC
