03-08 10:53:00.630 17995 17995 I QueryController: Matched selector: UiSelector[INSTANCE=0, RESOURCE_ID=com.orvibo.homemate:id/room_name_et] <<==>> [android.view.accessibility.AccessibilityNodeInfo@80041300; boundsInParent: Rect(0, 0 - 816, 132); boundsInScreen: Rect(264, 189 - 1080, 321); packageName: com.orvibo.homemate; className: android.widget.EditText; text: ËØ∑ËæìÂÖ•ÊàøÈó¥ÂêçÁß?; error: null; maxTextLength: 32; contentDescription: null; viewIdResName: com.orvibo.homemate:id/room_name_et; checkable: false; checked: false; focusable: true; focused: true; selected: false; clickable: true; longClickable: true; contextClickable: false; enabled: true; password: false; scrollable: false; actions: [AccessibilityAction: ACTION_CLEAR_FOCUS - null, AccessibilityAction: ACTION_SELECT - null, AccessibilityAction: ACTION_CLEAR_SELECTION - null, AccessibilityAction: ACTION_CLICK - null, AccessibilityAction: ACTION_LONG_CLICK - null, AccessibilityAction: ACTION_ACCESSIBILITY_FOCUS - null, AccessibilityAction: ACTION_PASTE - null, AccessibilityAction: ACTION_UNKNOWN - null]]

03-08 10:53:00.630 17995 17995 D UiObject: getText() = ËØ∑ËæìÂÖ•ÊàøÈó¥ÂêçÁß?

03-08 10:53:00.677 17995 17995 I QueryController: Matched selector: UiSelector[INSTANCE=0, RESOURCE_ID=com.orvibo.homemate:id/room_name_et] <<==>> [android.view.accessibility.AccessibilityNodeInfo@80041300; boundsInParent: Rect(0, 0 - 816, 132); boundsInScreen: Rect(264, 189 - 1080, 321); packageName: com.orvibo.homemate; className: android.widget.EditText; text: ËØ∑ËæìÂÖ•ÊàøÈó¥ÂêçÁß?; error: null; maxTextLength: 32; contentDescription: null; viewIdResName: com.orvibo.homemate:id/room_name_et; checkable: false; checked: false; focusable: true; focused: true; selected: false; clickable: true; longClickable: true; contextClickable: false; enabled: true; password: false; scrollable: false; actions: [AccessibilityAction: ACTION_CLEAR_FOCUS - null, AccessibilityAction: ACTION_SELECT - null, AccessibilityAction: ACTION_CLEAR_SELECTION - null, AccessibilityAction: ACTION_CLICK - null, AccessibilityAction: ACTION_LONG_CLICK - null, AccessibilityAction: ACTION_ACCESSIBILITY_FOCUS - null, AccessibilityAction: ACTION_PASTE - null, AccessibilityAction: ACTION_UNKNOWN - null]]

03-08 10:53:00.684  1923  4130 D BaseMiuiPhoneWindowManager: keyCode:67 down:true 84473619 84473619 policyFlags=2b000000 deviceId:-1 isScreenOn:true

03-08 10:53:00.684  1923  4130 D WindowManager: keyguardActive=false

03-08 10:53:00.689 14596 14596 I AppiumUnicodeIME: onKeyDown (keyCode='67', event.keyCode='67', metaState='0')

03-08 10:53:00.702  1923  3920 D BaseMiuiPhoneWindowManager: keyCode:67 down:false 84473619 84473619 policyFlags=2b000000 deviceId:-1 isScreenOn:true

03-08 10:53:00.702  1923  3920 D WindowManager: keyguardActive=false

03-08 10:53:00.704 14596 14596 I AppiumUnicodeIME: onKeyUp (keyCode='67', event.keyCode='67', metaState='0')

03-08 10:53:00.712  1923  4106 D BaseMiuiPhoneWindowManager: keyCode:112 down:true 84473649 84473649 policyFlags=2b000000 deviceId:-1 isScreenOn:true

03-08 10:53:00.712  1923  4106 D WindowManager: keyguardActive=false

03-08 10:53:00.719 14596 14596 I AppiumUnicodeIME: onKeyDown (keyCode='112', event.keyCode='112', metaState='0')

03-08 10:53:00.721  1923  4416 D BaseMiuiPhoneWindowManager: keyCode:112 down:false 84473649 84473649 policyFlags=2b000000 deviceId:-1 isScreenOn:true

03-08 10:53:00.721  1923  4416 D WindowManager: keyguardActive=false

03-08 10:53:00.722 14596 14596 I AppiumUnicodeIME: onKeyUp (keyCode='112', event.keyCode='112', metaState='0')

03-08 10:53:00.736 17995 17995 I QueryController: Matched selector: UiSelector[INSTANCE=0, RESOURCE_ID=com.orvibo.homemate:id/room_name_et] <<==>> [android.view.accessibility.AccessibilityNodeInfo@80041300; boundsInParent: Rect(0, 0 - 816, 132); boundsInScreen: Rect(264, 189 - 1080, 321); packageName: com.orvibo.homemate; className: android.widget.EditText; text: ËØ∑ËæìÂÖ•ÊàøÈó¥ÂêçÁß?; error: null; maxTextLength: 32; contentDescription: null; viewIdResName: com.orvibo.homemate:id/room_name_et; checkable: false; checked: false; focusable: true; focused: true; selected: false; clickable: true; longClickable: true; contextClickable: false; enabled: true; password: false; scrollable: false; actions: [AccessibilityAction: ACTION_CLEAR_FOCUS - null, AccessibilityAction: ACTION_SELECT - null, AccessibilityAction: ACTION_CLEAR_SELECTION - null, AccessibilityAction: ACTION_CLICK - null, AccessibilityAction: ACTION_LONG_CLICK - null, AccessibilityAction: ACTION_ACCESSIBILITY_FOCUS - null, AccessibilityAction: ACTION_PASTE - null, AccessibilityAction: ACTION_UNKNOWN - null]]

03-08 10:53:00.736 17995 17995 D UiObject: getText() = ËØ∑ËæìÂÖ•ÊàøÈó¥ÂêçÁß?

03-08 10:53:00.748 17995 17995 I QueryController: Matched selector: UiSelector[INSTANCE=0, RESOURCE_ID=com.orvibo.homemate:id/room_name_et] <<==>> [android.view.accessibility.AccessibilityNodeInfo@80041300; boundsInParent: Rect(0, 0 - 816, 132); boundsInScreen: Rect(264, 189 - 1080, 321); packageName: com.orvibo.homemate; className: android.widget.EditText; text: ËØ∑ËæìÂÖ•ÊàøÈó¥ÂêçÁß?; error: null; maxTextLength: 32; contentDescription: null; viewIdResName: com.orvibo.homemate:id/room_name_et; checkable: false; checked: false; focusable: true; focused: true; selected: false; clickable: true; longClickable: true; contextClickable: false; enabled: true; password: false; scrollable: false; actions: [AccessibilityAction: ACTION_CLEAR_FOCUS - null, AccessibilityAction: ACTION_SELECT - null, AccessibilityAction: ACTION_CLEAR_SELECTION - null, AccessibilityAction: ACTION_CLICK - null, AccessibilityAction: ACTION_LONG_CLICK - null, AccessibilityAction: ACTION_ACCESSIBILITY_FOCUS - null, AccessibilityAction: ACTION_PASTE - null, AccessibilityAction: ACTION_UNKNOWN - null]]

03-08 10:53:00.748 17995 17995 D UiObject: getText() = ËØ∑ËæìÂÖ•ÊàøÈó¥ÂêçÁß?

03-08 10:53:00.762 17995 17995 I QueryController: Matched selector: UiSelector[INSTANCE=0, RESOURCE_ID=com.orvibo.homemate:id/room_name_et] <<==>> [android.view.accessibility.AccessibilityNodeInfo@80041300; boundsInParent: Rect(0, 0 - 816, 132); boundsInScreen: Rect(264, 189 - 1080, 321); packageName: com.orvibo.homemate; className: android.widget.EditText; text: ËØ∑ËæìÂÖ•ÊàøÈó¥ÂêçÁß?; error: null; maxTextLength: 32; contentDescription: null; viewIdResName: com.orvibo.homemate:id/room_name_et; checkable: false; checked: false; focusable: true; focused: true; selected: false; clickable: true; longClickable: true; contextClickable: false; enabled: true; password: false; scrollable: false; actions: [AccessibilityAction: ACTION_CLEAR_FOCUS - null, AccessibilityAction: ACTION_SELECT - null, AccessibilityAction: ACTION_CLEAR_SELECTION - null, AccessibilityAction: ACTION_CLICK - null, AccessibilityAction: ACTION_LONG_CLICK - null, AccessibilityAction: ACTION_ACCESSIBILITY_FOCUS - null, AccessibilityAction: ACTION_PASTE - null, AccessibilityAction: ACTION_UNKNOWN - null]]

03-08 10:53:00.814  4269  4269 D wpa_supplicant: wlan0: Control interface command 'SIGNAL_POLL'

03-08 10:53:00.828  4269  4269 D wpa_supplicant: CTRL-DEBUG: global_ctrl_sock-sendto: sock=11 sndbuf=163840 outq=0 send_len=48

03-08 10:53:01.025 18065 18135 D UTAnalytics:LogStoreMgr: pid:18065 [store],

03-08 10:53:01.045 18065 18135 D UTAnalytics:UTSqliteLogStore: pid:18065 sql:SELECT * FROM log ORDER BY time ASC  LIMIT 128,

03-08 10:53:01.046 18065 18135 D UTAnalytics:UTSqliteLogStore: pid:18065 pos,0,count,1,

03-08 10:53:01.047 18065 18135 D UTAnalytics:LogStoreMgr: pid:18065 [get],[Log [id=1329, eventId=2001, index=]],

03-08 10:53:01.048 18065 18135 D UTAnalytics:UploadTask: pid:18065 averagePackageSize:241.0,

03-08 10:53:01.088   372   476 I ThermalEngine: Sensor:batt_temp:319 mC

03-08 10:53:01.279 18065 18065 W Settings: Setting device_provisioned has moved from android.provider.Settings.Secure to android.provider.Settings.Global.

03-08 10:53:01.350 18065 18135 W System.err: java.lang.reflect.InvocationTargetException

03-08 10:53:01.350 18065 18135 W System.err: 	at java.lang.reflect.Method.invoke(Native Method)

03-08 10:53:01.350 18065 18135 W System.err: 	at com.alibaba.mtl.log.sign.SecurityRequestAuth.getSign(SecurityRequestAuth.java:135)

03-08 10:53:01.350 18065 18135 W System.err: 	at com.alibaba.mtl.log.e.t.a(UrlWrapper.java:204)

03-08 10:53:01.350 18065 18135 W System.err: 	at com.alibaba.mtl.log.e.t.a(UrlWrapper.java:58)

03-08 10:53:01.350 18065 18135 W System.err: 	at com.alibaba.mtl.log.d.b.M(UploadTask.java:136)

03-08 10:53:01.350 18065 18135 W System.err: 	at com.alibaba.mtl.log.d.b.run(UploadTask.java:52)

03-08 10:53:01.350 18065 18135 W System.err: 	at java.util.concurrent.Executors$RunnableAdapter.call(Executors.java:423)

03-08 10:53:01.350 18065 18135 W System.err: 	at java.util.concurrent.FutureTask.run(FutureTask.java:237)

03-08 10:53:01.350 18065 18135 W System.err: 	at java.util.concurrent.ThreadPoolExecutor.runWorker(ThreadPoolExecutor.java:1113)

03-08 10:53:01.350 18065 18135 W System.err: 	at java.util.concurrent.ThreadPoolExecutor$Worker.run(ThreadPoolExecutor.java:588)

03-08 10:53:01.350 18065 18135 W System.err: 	at java.lang.Thread.run(Thread.java:818)

03-08 10:53:01.350 18065 18135 W System.err: Caused by: com.alibaba.wireless.security.open.SecException: 

03-08 10:53:01.350 18065 18135 W System.err: 	at com.taobao.wireless.security.adapter.JNICLibrary.doCommandNative(Native Method)

03-08 10:53:01.350 18065 18135 W System.err: 	at com.alibaba.wireless.security.mainplugin.a.doCommandNative(Unknown Source)

03-08 10:53:01.350 18065 18135 W System.err: 	at com.taobao.wireless.security.adapter.b.b.b(Unknown Source)

03-08 10:53:01.350 18065 18135 W System.err: 	at com.taobao.wireless.security.adapter.b.b.a(Unknown Source)

03-08 10:53:01.350 18065 18135 W System.err: 	at com.taobao.wireless.security.adapter.b.b.a(Unknown Source)

03-08 10:53:01.350 18065 18135 W System.err: 	at com.alibaba.wireless.security.a.h.a.signRequest(Unknown Source)

03-08 10:53:01.350 18065 18135 W System.err: 	... 11 more

03-08 10:53:01.353  4099  5103 I XiaomiFirewall: firewall pkgName:com.orvibo.homemate, result:0x0

03-08 10:53:01.437 18065 18135 D UTAnalytics:UploadTask: pid:18065 url:http://adashbc.m.taobao.com/rest/sur?ak=23256401&av=2.3.0.200&c=null&v=3.0&s=&d=WJfwe%2BsntC4DAAdSBLpxQDCW&sv=2.5.1_for_bc&p=a&t=1488941581069&u=&is=1&k=0,

03-08 10:53:01.438 18065 18135 D UTAnalytics:UploadTask: pid:18065 result:{"t":1488941580799,"ret":"","success":"success"}

03-08 10:53:01.438 18065 18135 D UTAnalytics:UploadTask: ,

03-08 10:53:01.438 18065 18135 D UTAnalytics:UploadTask: pid:18065 winsize:115,

03-08 10:53:01.443 18065 18135 D UTAnalytics:LogStoreMgr: pid:18065 [Log [id=1329, eventId=2001, index=]],

03-08 10:53:01.478 18065 18135 D UTAnalytics:UTSqliteLogStore: pid:18065 delete ,1, isSuccess:true,

03-08 10:53:01.478 18065 18135 D UTAnalytics:CoreStatics: pid:18065 [uploadInc]:5,count:1,

03-08 10:53:01.478 18065 18135 D UTAnalytics:CoreStatics: pid:18065 [uploadInc]:6,

03-08 10:53:01.478 18065 18135 D UTAnalytics:UploadTask: pid:18065 logs.size():1, selfMonitorLogCount:0,

03-08 10:53:01.478 18065 18135 D UTAnalytics:UploadTask: pid:18065 upload isSendSuccess:true, consume:390, delete consume:40,

03-08 10:53:01.685 18065 18135 D UTAnalytics:UploadEngine: pid:18065 UTDC.bBackground:false,AppInfoUtil.isForeground(UTDC.getContext()) ,true,

03-08 10:53:01.692 18065 18135 D UTAnalytics:UploadTask: pid:18065 mPeriod:30000,

03-08 10:53:01.709  1923  1923 E JavaBinder: !!! FAILED BINDER TRANSACTION !!!  (parcel size = 104)

03-08 10:53:02.089   372   476 I ThermalEngine: Sensor:batt_temp:319 mC

03-08 10:53:03.046  1923  4238 D BaseMiuiPhoneWindowManager: keyCode:67 down:true 84475982 84475982 policyFlags=2b000000 deviceId:-1 isScreenOn:true

03-08 10:53:03.046  1923  4238 D WindowManager: keyguardActive=false

03-08 10:53:03.057 14596 14596 I AppiumUnicodeIME: onKeyDown (keyCode='67', event.keyCode='67', metaState='0')

03-08 10:53:03.059  1923  1987 D BaseMiuiPhoneWindowManager: keyCode:67 down:false 84475982 84475982 policyFlags=2b000000 deviceId:-1 isScreenOn:true

03-08 10:53:03.059  1923  1987 D WindowManager: keyguardActive=false

03-08 10:53:03.062 14596 14596 I AppiumUnicodeIME: onKeyUp (keyCode='67', event.keyCode='67', metaState='0')

03-08 10:53:03.071  1923  1980 D BaseMiuiPhoneWindowManager: keyCode:16 down:true 84476008 84476008 policyFlags=2b000000 deviceId:-1 isScreenOn:true

03-08 10:53:03.072  1923  1980 D WindowManager: keyguardActive=false

03-08 10:53:03.077 14596 14596 I AppiumUnicodeIME: onKeyDown (keyCode='16', event.keyCode='16', metaState='0')

03-08 10:53:03.090   372   476 I ThermalEngine: Sensor:batt_temp:320 mC

03-08 10:53:03.108  1923  4325 D BaseMiuiPhoneWindowManager: keyCode:16 down:false 84476045 84476008 policyFlags=2b000000 deviceId:-1 isScreenOn:true

03-08 10:53:03.109  1923  4325 D WindowManager: keyguardActive=false

03-08 10:53:03.111 14596 14596 I AppiumUnicodeIME: onKeyUp (keyCode='16', event.keyCode='16', metaState='0')

03-08 10:53:03.118  1923  4106 D BaseMiuiPhoneWindowManager: keyCode:10 down:true 84476055 84476008 policyFlags=2b000000 deviceId:-1 isScreenOn:true

03-08 10:53:03.119  1923  4106 D WindowManager: keyguardActive=false

03-08 10:53:03.121 14596 14596 I AppiumUnicodeIME: onKeyDown (keyCode='10', event.keyCode='10', metaState='0')

03-08 10:53:03.129  1923  1987 D BaseMiuiPhoneWindowManager: keyCode:10 down:false 84476066 84476008 policyFlags=2b000000 deviceId:-1 isScreenOn:true

03-08 10:53:03.130  1923  1987 D WindowManager: keyguardActive=false

03-08 10:53:03.131 14596 14596 I AppiumUnicodeIME: onKeyUp (keyCode='10', event.keyCode='10', metaState='0')

03-08 10:53:03.132  1923  4122 D BaseMiuiPhoneWindowManager: keyCode:41 down:true 84476068 84476008 policyFlags=2b000000 deviceId:-1 isScreenOn:true

03-08 10:53:03.132  1923  4122 D WindowManager: keyguardActive=false

03-08 10:53:03.133 14596 14596 I AppiumUnicodeIME: onKeyDown (keyCode='41', event.keyCode='41', metaState='0')

03-08 10:53:03.134  1923  4237 D BaseMiuiPhoneWindowManager: keyCode:41 down:false 84476071 84476008 policyFlags=2b000000 deviceId:-1 isScreenOn:true

03-08 10:53:03.134  1923  4237 D WindowManager: keyguardActive=false

03-08 10:53:03.135 14596 14596 I AppiumUnicodeIME: onKeyUp (keyCode='41', event.keyCode='41', metaState='0')

03-08 10:53:03.136  1923  4130 D BaseMiuiPhoneWindowManager: keyCode:37 down:true 84476073 84476008 policyFlags=2b000000 deviceId:-1 isScreenOn:true

03-08 10:53:03.136  1923  4130 D WindowManager: keyguardActive=false

03-08 10:53:03.137 14596 14596 I AppiumUnicodeIME: onKeyDown (keyCode='37', event.keyCode='37', metaState='0')

03-08 10:53:03.138  1923  3920 D BaseMiuiPhoneWindowManager: keyCode:37 down:false 84476074 84476008 policyFlags=2b000000 deviceId:-1 isScreenOn:true

03-08 10:53:03.138  1923  3920 D WindowManager: keyguardActive=false

03-08 10:53:03.139 14596 14596 I AppiumUnicodeIME: onKeyUp (keyCode='37', event.keyCode='37', metaState='0')

03-08 10:53:03.162  1923  3680 D WifiStateMachine: starting scan for "18.1_neiwang"-WPA_PSK with 5745,2422

03-08 10:53:03.162  4269  4269 D wpa_supplicant: wlan0: Control interface command 'SCAN TYPE=ONLY freq=5745,2422'

03-08 10:53:03.162  4269  4269 D wpa_supplicant: wlan0: Setting scan request: 0.000000 sec

03-08 10:53:03.162  4269  4269 D wpa_supplicant: CTRL-DEBUG: global_ctrl_sock-sendto: sock=11 sndbuf=163840 outq=0 send_len=3

03-08 10:53:03.163  4269  4269 D wpa_supplicant: wlan0: Starting AP scan for wildcard SSID

03-08 10:53:03.163  4269  4269 D wpa_supplicant: wlan0: Limit manual scan to specified channels

03-08 10:53:03.163  4269  4269 D wpa_supplicant: wlan0: Add radio work 'scan'@0xb6919398

03-08 10:53:03.163  4269  4269 D wpa_supplicant: wlan0: First radio work item in the queue - schedule start immediately

03-08 10:53:03.163  4269  4269 D wpa_supplicant: wlan0: Starting radio work 'scan'@0xb6919398 after 0.000114 second wait

03-08 10:53:03.163  4269  4269 D wpa_supplicant: wlan0: nl80211: scan request

03-08 10:53:03.163  4269  4269 D wpa_supplicant: nl80211: Scan SSID - hexdump(len=0): [NULL]

03-08 10:53:03.163  4269  4269 D wpa_supplicant: nl80211: Scan extra IEs - hexdump(len=7): 7f 05 00 00 0a 02 01

03-08 10:53:03.163  4269  4269 D wpa_supplicant: nl80211: Scan frequency 2422 MHz

03-08 10:53:03.163  4269  4269 D wpa_supplicant: nl80211: Scan frequency 5745 MHz

03-08 10:53:03.177  4269  4269 D wpa_supplicant: Scan requested (ret=0) - scan timeout 30 seconds

03-08 10:53:03.178  4269  4269 D wpa_supplicant: nl80211: Event message available

03-08 10:53:03.178  4269  4269 D wpa_supplicant: nl80211: Drv Event 33 (NL80211_CMD_TRIGGER_SCAN) received for wlan0

03-08 10:53:03.178  4269  4269 D wpa_supplicant: wlan0: nl80211: Scan trigger

03-08 10:53:03.178  4269  4269 D wpa_supplicant: wlan0: Event SCAN_STARTED (47) received

03-08 10:53:03.178  4269  4269 D wpa_supplicant: wlan0: Own scan request started a scan in 0.000296 seconds

03-08 10:53:03.178  4269  4269 D wpa_supplicant: CTRL-DEBUG: ctrl_sock-sendmsg: sock=11 sndbuf=163840 outq=0 send_len=24

03-08 10:53:03.179  4269  4269 D wpa_supplicant: CTRL_IFACE monitor sent successfully to /data/misc/wifi/sockets/wpa_ctrl_1923-2\x00

03-08 10:53:03.299  4269  4269 D wpa_supplicant: nl80211: Event message available

03-08 10:53:03.299  4269  4269 D wpa_supplicant: nl80211: Drv Event 34 (NL80211_CMD_NEW_SCAN_RESULTS) received for wlan0

03-08 10:53:03.299  4269  4269 D wpa_supplicant: wlan0: nl80211: New scan results available

03-08 10:53:03.299  4269  4269 D wpa_supplicant: nl80211: Scan included frequencies: 2422 5745

03-08 10:53:03.299  4269  4269 D wpa_supplicant: wlan0: Event SCAN_RESULTS (3) received

03-08 10:53:03.299  4269  4269 D wpa_supplicant: wlan0: Scan completed in 0.121184 seconds

03-08 10:53:03.299  4269  4269 D wpa_supplicant: nl80211: Associated on 2422 MHz

03-08 10:53:03.299  4269  4269 D wpa_supplicant: nl80211: Associated with c0:3d:46:00:1a:5a

03-08 10:53:03.299  4269  4269 D wpa_supplicant: nl80211: Received scan results (33 BSSes)

03-08 10:53:03.299  4269  4269 D wpa_supplicant: nl80211: Scan results indicate BSS status with c0:3d:46:00:1a:5a as associated

03-08 10:53:03.300  4269  4269 D wpa_supplicant: wlan0: BSS: Start scan result update 8872

03-08 10:53:03.300  4269  4269 D wpa_supplicant: BSS: last_scan_res_used=33/64

03-08 10:53:03.300  4269  4269 D wpa_supplicant: wlan0: Scan-only results received

03-08 10:53:03.300  4269  4269 D wpa_supplicant: CTRL-DEBUG: ctrl_sock-sendmsg: sock=11 sndbuf=163840 outq=0 send_len=24

03-08 10:53:03.300  4269  4269 D wpa_supplicant: CTRL_IFACE monitor sent successfully to /data/misc/wifi/sockets/wpa_ctrl_1923-2\x00

03-08 10:53:03.300  4269  4269 D wpa_supplicant: wlan0: Radio work 'scan'@0xb6919398 done in 0.136971 seconds

03-08 10:53:03.300  4269  4269 D wpa_supplicant: RTM_NEWLINK: ifi_index=22 ifname=wlan0 wext ifi_family=0 ifi_flags=0x11043 ([UP][RUNNING][LOWER_UP])

03-08 10:53:03.304  4269  4269 D wpa_supplicant: CTRL-DEBUG: global_ctrl_sock-sendto: sock=11 sndbuf=163840 outq=0 send_len=3995

03-08 10:53:03.307  4269  4269 D wpa_supplicant: CTRL-DEBUG: global_ctrl_sock-sendto: sock=11 sndbuf=163840 outq=0 send_len=3849

03-08 10:53:03.309  4269  4269 D wpa_supplicant: CTRL-DEBUG: global_ctrl_sock-sendto: sock=11 sndbuf=163840 outq=0 send_len=3837

03-08 10:53:03.311  4269  4269 D wpa_supplicant: CTRL-DEBUG: global_ctrl_sock-sendto: sock=11 sndbuf=163840 outq=0 send_len=3806

03-08 10:53:03.314  4269  4269 D wpa_supplicant: CTRL-DEBUG: global_ctrl_sock-sendto: sock=11 sndbuf=163840 outq=0 send_len=3845

03-08 10:53:03.315  4269  4269 D wpa_supplicant: CTRL-DEBUG: global_ctrl_sock-sendto: sock=11 sndbuf=163840 outq=0 send_len=3791

03-08 10:53:03.317  4269  4269 D wpa_supplicant: CTRL-DEBUG: global_ctrl_sock-sendto: sock=11 sndbuf=163840 outq=0 send_len=1275

03-08 10:53:03.339   433   644 W XTCC-5.1.0.8: [WifiScanner] WiFi scan result : [7] AP's

03-08 10:53:03.373  4269  4269 D wpa_supplicant: EAPOL: EAP Session-Id not available

03-08 10:53:03.373  4269  4269 D wpa_supplicant: CTRL-DEBUG: global_ctrl_sock-sendto: sock=11 sndbuf=163840 outq=0 send_len=278

03-08 10:53:03.719 17995 17995 I QueryController: Matched selector: UiSelector[INSTANCE=0, RESOURCE_ID=com.orvibo.homemate:id/save_tv] <<==>> [android.view.accessibility.AccessibilityNodeInfo@80040b7e; boundsInParent: Rect(0, 0 - 1080, 132); boundsInScreen: Rect(0, 1248 - 1080, 1380); packageName: com.orvibo.homemate; className: android.widget.TextView; text: ‰øùÂ≠ò; error: null; maxTextLength: -1; contentDescription: null; viewIdResName: com.orvibo.homemate:id/save_tv; checkable: false; checked: false; focusable: false; focused: false; selected: false; clickable: true; longClickable: false; contextClickable: false; enabled: true; password: false; scrollable: false; actions: [AccessibilityAction: ACTION_SELECT - null, AccessibilityAction: ACTION_CLEAR_SELECTION - null, AccessibilityAction: ACTION_CLICK - null, AccessibilityAction: ACTION_ACCESSIBILITY_FOCUS - null, AccessibilityAction: ACTION_NEXT_AT_MOVEMENT_GRANULARITY - null, AccessibilityAction: ACTION_PREVIOUS_AT_MOVEMENT_GRANULARITY - null, AccessibilityAction: ACTION_SET_SELECTION - null, AccessibilityAction: ACTION_UNKNOWN - null]]

03-08 10:53:03.793 17995 17995 I QueryController: Matched selector: UiSelector[INSTANCE=0, RESOURCE_ID=com.orvibo.homemate:id/save_tv] <<==>> [android.view.accessibility.AccessibilityNodeInfo@80040b7e; boundsInParent: Rect(0, 0 - 1080, 132); boundsInScreen: Rect(0, 1248 - 1080, 1380); packageName: com.orvibo.homemate; className: android.widget.TextView; text: ‰øùÂ≠ò; error: null; maxTextLength: -1; contentDescription: null; viewIdResName: com.orvibo.homemate:id/save_tv; checkable: false; checked: false; focusable: false; focused: false; selected: false; clickable: true; longClickable: false; contextClickable: false; enabled: true; password: false; scrollable: false; actions: [AccessibilityAction: ACTION_SELECT - null, AccessibilityAction: ACTION_CLEAR_SELECTION - null, AccessibilityAction: ACTION_CLICK - null, AccessibilityAction: ACTION_ACCESSIBILITY_FOCUS - null, AccessibilityAction: ACTION_NEXT_AT_MOVEMENT_GRANULARITY - null, AccessibilityAction: ACTION_PREVIOUS_AT_MOVEMENT_GRANULARITY - null, AccessibilityAction: ACTION_SET_SELECTION - null, AccessibilityAction: ACTION_UNKNOWN - null]]

03-08 10:53:03.798 17995 17995 D InteractionController: clickAndSync(540, 1314)

03-08 10:53:03.830  4269  4269 D wpa_supplicant: wlan0: Control interface command 'SIGNAL_POLL'

03-08 10:53:03.846  4269  4269 D wpa_supplicant: CTRL-DEBUG: global_ctrl_sock-sendto: sock=11 sndbuf=163840 outq=0 send_len=48

03-08 10:53:03.923 18065 18065 D HomeMate: comm[ main: AddOrModifyRoomPresenter.java:50 addRoom() ] - room:Room{roomId='null', roomName='93mi', floorId='cc31dbafe6d74ca495041e0c085b6f68', roomType=14, sequence=5, isDefaultRoom=false, imgUrl='null'} BaseBo{delFlag=0, updateTime='null', createTime='null', updateTimeSec=0, uid='null', userName='840432908@qq.com'}

03-08 10:53:03.924 18065 18065 I HomeMate: comm[ main: AbstractBaseDao.java:263 getListData() ] - select * from floor where floor.delFlag= 0 and familyId=? order by sequence asc

03-08 10:53:03.928 18065 18065 D HomeMate: comm[ main: UpdateTimeCache.java:89 getUpdateTime() ] - get 657e5607dc0d4a679b6c08743f8792e9's latest time is 1488941517000[2017-03-08 10:51:57],minTime:0

03-08 10:53:03.929 18065 18065 D HomeMate: comm[ main: CmdManage.java:4936 getCommand() ] - getCommand()-cmd:8,len:234,crc:E2E83EEE,sessionId:f832a867b4b542fda4234c8314874892,key:i95paF7WDkIpMbL5,uid:null,socketModel:SERVER,serial:1205434973

03-08 10:53:03.929 18065 18065 D HomeMate: requestConfig:RequestConfig{state=2, type=0, target=1, requestConf=null}

03-08 10:53:03.929 18065 18065 D HomeMate: json(before encrypt):{"userName":"840432908@qq.com","roomName":"93mi","floorId":"cc31dbafe6d74ca495041e0c085b6f68","roomType":14,"cmd":8,"serial":1205434973,"ver":"2.3.0","lastUpdateTime":1488941517}(178)

03-08 10:53:03.930 18065 18065 I HomeMate: comm[ main: BaseRequest.java:126 doRequestAsync() ] - registerEvent: com.orvibo.homemate.roomfloor.room.AddOrModifyRoomPresenter$2@14c9692

03-08 10:53:03.931 18065 18065 D HomeMate: comm[ main: BaseRequest.java:934 saveSerial() ] - Record serial 1205434973 on com.orvibo.homemate.roomfloor.room.AddOrModifyRoomPresenter$2@14c9692

03-08 10:53:03.933 18065 18174 D HomeMate: comm[ pool-4-thread-1: BaseRequest.java:160 run() ] - Start command:Command{uid='server', serial=1205434973, cmd=8, jsonObject={"userName":"840432908@qq.com","roomName":"93mi","floorId":"cc31dbafe6d74ca495041e0c085b6f68","roomType":14,"cmd":8,"serial":1205434973,"ver":"2.3.0","lastUpdateTime":1488941517}, crc='E2E83EEE', requestConfig=RequestConfig{state=2, type=0, target=1, requestConf=RequestConf{totalCount=2, intervalTime=3500}}}

03-08 10:53:03.937 18065 18174 D HomeMate: comm[ pool-4-thread-1: BaseRequest.java:176 run() ] - current count is 0,serial:1205434973

03-08 10:53:03.938 18065 18174 D HomeMate: comm[ pool-4-thread-1: MinaSocket.java:139 send() ] - target:server,position:server start request.requestConfig:RequestConfig{state=2, type=0, target=1, requestConf=RequestConf{totalCount=2, intervalTime=3500}},messageLength:234

03-08 10:53:03.938 18065 18174 D HomeMate: sConnectFutures:{server=org.apache.mina.core.polling.AbstractPollingIoConnector$ConnectionRequest@2df3bba, 007e5671f027=org.apache.mina.core.polling.AbstractPollingIoConnector$ConnectionRequest@6f338cb}

03-08 10:53:03.943 18065 18174 I HomeMate: comm[ pool-4-thread-1: CodecEncoder.java:44 encode() ] - encode()-ÁºñÁ†ÅÂÆåÊàê,ÂêëIP:/192.168.2.242:10001ÂÜôÊï∞Êç?(234):68,64,00,ea,64,6b,e2,e8,3e,ee,66,38,33,32,61,38,36,37,62,34,62,35,34,32,66,64,61,34,32,33,34,63,38,33,31,34,38,37,34,38,39,32,ec,af,d7,e7,4b,8d,96,79,54,2b,6d,91,b8,9a,34,1f,05,97,9f,0f,3a,f8,0c,6e,18,47,f8,34,6d,c6,1a,f6,ae,74,88,b1,20,49,e3,55,31,a1,21,7d,45,9f,aa,17,94,73,37,e7,b5,33,4d,81,f1,f2,79,82,78,03,4a,48,35,47,fb,54,39,b0,d4,1f,0f,cb,88,9f,f1,21,0a,cf,ff,66,fa,e2,65,cb,60,f3,3e,b6,69,f8,f5,13,89,7f,bf,ba,7d,33,26,45,15,74,94,0e,3e,46,f2,59,86,f0,82,56,95,4a,1c,62,3c,85,6f,5e,c6,0c,c6,02,10,cf,ad,d7,d0,37,a2,89,54,f2,1e,30,82,04,13,45,d7,37,02,c5,21,41,da,7b,2a,fd,28,47,f7,06,14,66,4b,af,b5,dc,ad,de,d9,df,b5,51,72,31,c8,b3,41,54,81,04,37,19,7e,27,c2,89,60,53,1b,f8,c3,79,20,5f,a2,1d

03-08 10:53:03.945 18065 18174 D HomeMate: comm[ pool-4-thread-1: MinaSocket.java:157 send() ] - isWritten:true,ioSession:(0x00000001: nio socket, client, /192.168.18.181:52122 => /192.168.2.242:10001)

03-08 10:53:03.957  4416  4416 W Binder_F: type=1400 audit(0.0:947367): avc: denied { ioctl } for path="socket:[3079177]" dev="sockfs" ino=3079177 ioctlcmd=7704 scontext=u:r:system_server:s0 tcontext=u:r:system_server:s0 tclass=unix_stream_socket permissive=0

03-08 10:53:03.957  4416  4416 W Binder_F: type=1400 audit(0.0:947368): avc: denied { ioctl } for path="socket:[3079177]" dev="sockfs" ino=3079177 ioctlcmd=7704 scontext=u:r:system_server:s0 tcontext=u:r:system_server:s0 tclass=unix_stream_socket permissive=0

03-08 10:53:03.997  1980  1980 W Binder_1: type=1400 audit(0.0:947369): avc: denied { ioctl } for path="socket:[3074352]" dev="sockfs" ino=3074352 ioctlcmd=7704 scontext=u:r:system_server:s0 tcontext=u:r:system_server:s0 tclass=unix_stream_socket permissive=0

03-08 10:53:04.005 14596 14596 I AppiumUnicodeIME: onFinishInput

03-08 10:53:03.997  1980  1980 W Binder_1: type=1400 audit(0.0:947370): avc: denied { ioctl } for path="socket:[3074352]" dev="sockfs" ino=3074352 ioctlcmd=7704 scontext=u:r:system_server:s0 tcontext=u:r:system_server:s0 tclass=unix_stream_socket permissive=0

03-08 10:53:04.006 14596 14596 I AppiumUnicodeIME: onStartInput

03-08 10:53:04.015 18065 18192 D HomeMate: comm[ NioProcessor-7: CodecDecoder.java:44 doDecode() ] - hd:6864,actualLen:266

03-08 10:53:04.017 18065 18192 I HomeMate: comm[ NioProcessor-7: CodecDecoder.java:76 doDecode() ] - Êé•Êî∂Âà∞IP:192.168.2.242ÁöÑÊï∞ÊçÆÔºö68,64,1,a,64,6b,d7,27,f7,7e,66,38,33,32,61,38,36,37,62,34,62,35,34,32,66,64,61,34,32,33,34,63,38,33,31,34,38,37,34,38,39,32,89,e0,71,a7,de,0,d7,e3,ed,e2,15,a4,e8,a9,9f,80,35,47,fb,54,39,b0,d4,1f,f,cb,88,9f,f1,21,a,cf,57,2d,3c,b2,4b,5c,24,4c,50,f9,ce,53,4d,d1,3d,a9,8e,da,64,ee,d7,6d,95,49,2e,8b,63,c3,2c,cf,9,f4,b,7b,ea,18,36,26,89,de,13,5d,72,df,83,8,a9,bf,a5,5d,3a,49,11,12,59,54,d9,bf,9f,ee,dc,fa,48,64,10,49,8,9c,a,da,fa,f5,dc,8f,17,7c,65,2b,17,ad,46,62,79,7b,2d,f8,d7,2c,1b,4e,88,3,89,ca,6b,a0,61,8,1,9d,55,47,1b,20,1f,43,7c,b2,2,e2,af,c0,ea,d6,e4,30,e9,af,bc,d6,71,eb,da,69,7,b,69,90,12,2e,af,77,27,0,c3,1,41,89,b2,7,21,26,f1,78,46,4a,78,41,8e,1c,92,be,dc,82,fe,f1,92,de,18,47,36,90,dc,bd,7c,28,23,80,e9,fa,a7,84,71,49,ea,17,66,56,e4,fc,f5,3a,c8,9a,36,ce,f8,9d,4d,87,bd,b7

03-08 10:53:04.017 18065 18193 I HomeMate: comm[ pool-5-thread-1: SocketUtil.java:70 progressMessage() ] - protocolType[dk],crc:D727F77E,sessionId:f832a867b4b542fda4234c8314874892,jsonLen:224,ip:192.168.2.242,port:10001

03-08 10:53:04.018 18065 18193 I HomeMate: comm[ pool-5-thread-1: SocketUtil.java:108 progressMessage() ] - After decrypt json[{"floorId":"cc31dbafe6d74ca495041e0c085b6f68","serial":1205434973,"updateTime":"2017-03-08 10:53:04","cmd":8,"delFlag":0,"roomId":"950fc1fb8f244aae8b144ab8e7baa7ae","roomName":"93mi","roomType":14,"status":0}]

03-08 10:53:04.030 18065 18065 D HomeMate: comm[ main: BaseRequest.java:433 stopRequest() ] - Stop request which serial is 1205434973 on com.orvibo.homemate.roomfloor.room.AddOrModifyRoomPresenter$2@14c9692

03-08 10:53:04.030 18065 18065 D HomeMate: comm[ main: AbstractBaseDao.java:328 getListDataByMultiTable() ] - sql:SELECT * FROM room INNER JOIN floor ON room.floorId = floor.floorId WHERE room.delFlag = 0 AND floor.delFlag = 0 AND floor.familyId=?

03-08 10:53:04.079 18065 18065 D HomeMate: comm[ main: AddOrModifyRoomPresenter.java:164 onAddRoomResult() ] - room:Room{roomId='950fc1fb8f244aae8b144ab8e7baa7ae', roomName='93mi', floorId='cc31dbafe6d74ca495041e0c085b6f68', roomType=14, sequence=7, isDefaultRoom=false, imgUrl='null'} BaseBo{delFlag=0, updateTime='2017-03-08 10:53:04', createTime='0', updateTimeSec=0, uid='null', userName='null'},result:0

03-08 10:53:04.079 18065 18065 D HomeMate: comm[ main: BaseRequest.java:460 stopRequest() ] -  Stop request com.orvibo.homemate.roomfloor.room.AddOrModifyRoomPresenter$2@14c9692

03-08 10:53:04.086  4188  4327 D WtProcessController: onAMPauseActivity callback

03-08 10:53:04.092   372   476 I ThermalEngine: Sensor:batt_temp:320 mC

03-08 10:53:04.094 18065 18065 W HomeMate: comm[ main: BaseActivity.java:227 finish() ] - AddOrModifyRoomActivity

03-08 10:53:04.117 18065 18065 D UTAnalytics:UTDC: pid:18065 [commit] page:AddOrModifyRoom,eventId:2001,arg1:RoomManager,arg2:arg3:7400,args:{SDKTYPE=mini},

03-08 10:53:04.129 18065 18065 D UTAnalytics:UTLog: pid:18065 Log [id=0, eventId=2001, index=],867451020054497||WL4Uxp3/0mBYvRluo5uk/g==||Xiaomi||MI NOTE LTE||1920*1080||Unknown||Wi-Fi||Unknown||null||23256401||2.3.0.200||-||-||-||-||zh||a||6.0.1||2.5.1_for_bc||1488941567492||WJfwe+sntC4DAAdSBLpxQDCW||mini||-||-||-||-||_ap=1_mac=02:00:00:00:00:00||1488941584117||AddOrModifyRoom||2001||RoomManager||-||7400||-,

03-08 10:53:04.129 18065 18065 D UTAnalytics:LogStoreMgr: pid:18065 [add] :,

03-08 10:53:04.132 18065 18065 D HomeMate: comm[ main: BaseActivity.java:198 onPause() ] - AddOrModifyRoomActivity

03-08 10:53:04.136  1923  4106 I Timeline: Timeline: App_transition_ready time:84477073

03-08 10:53:04.138  4188  4327 D WtProcessController: onAMResumeActivity callback

03-08 10:53:04.144 18065 18065 D HomeMate: comm[ main: BaseActivity.java:155 onResume() ] - RoomManagerActivity

03-08 10:53:04.145 18065 18157 I HomeMate: comm[ pool-6-thread-2: AbstractBaseDao.java:263 getListData() ] - select * from floor where floor.delFlag= 0 and familyId=? or floorId=? order by sequence asc

03-08 10:53:04.146 18065 18157 I HomeMate: comm[ pool-6-thread-2: AbstractBaseDao.java:263 getListData() ] - select * from room where room.delFlag= 0 and floorId=? order by sequence asc

03-08 10:53:04.149 18065 18157 I HomeMate: comm[ pool-6-thread-2: AbstractBaseDao.java:263 getListData() ] - select * from room where room.delFlag= 0 and floorId=? order by sequence asc

03-08 10:53:04.149 18065 18157 D HomeMate: comm[ pool-6-thread-2: AbstractBaseDao.java:328 getListDataByMultiTable() ] - sql:SELECT * FROM room INNER JOIN floor ON room.floorId = floor.floorId WHERE room.delFlag = 0 AND floor.delFlag = 0 AND floor.familyId=?

03-08 10:53:04.152 18065 18157 D HomeMate: comm[ pool-6-thread-2: AbstractBaseDao.java:328 getListDataByMultiTable() ] - sql:SELECT * FROM device INNER JOIN userGatewayBind ON device.uid = userGatewayBind.uid WHERE device.delFlag = 0 AND userGatewayBind.delFlag = 0 AND familyId = ? AND roomId IN ('','0','657e5607dc0d4a679b6c08743f8792e9') AND deviceType IN (22,23,65,66,18,14,1,0,38,19,43,2,29,67,30,11,8,52,5,58,7,32,6,59,60,33,36,34,42,35,4,37,3,39,57,64,9,10,17,20)  ORDER BY createTime DESC

03-08 10:53:04.155 18065 18157 I HomeMate: comm[ pool-6-thread-2: AbstractBaseDao.java:263 getListData() ] - select * from userGatewayBind where userGatewayBind.delFlag= 0 and familyId=? 

03-08 10:53:04.158  1923  4130 I Timeline: Timeline: App_transition_ready time:84477095

03-08 10:53:04.157  3995  3995 W Binder_5: type=1400 audit(0.0:947371): avc: denied { ioctl } for path="socket:[3074352]" dev="sockfs" ino=3074352 ioctlcmd=7704 scontext=u:r:system_server:s0 tcontext=u:r:system_server:s0 tclass=unix_stream_socket permissive=0

03-08 10:53:04.157  3995  3995 W Binder_5: type=1400 audit(0.0:947372): avc: denied { ioctl } for path="socket:[3074352]" dev="sockfs" ino=3074352 ioctlcmd=7704 scontext=u:r:system_server:s0 tcontext=u:r:system_server:s0 tclass=unix_stream_socket permissive=0

03-08 10:53:04.164 14596 14596 I AppiumUnicodeIME: onFinishInput

03-08 10:53:04.164 14596 14596 I AppiumUnicodeIME: onStartInput

03-08 10:53:04.177 18065 18065 V BoostFramework: BoostFramework() : mPerf = com.qualcomm.qti.Performance@caa268e

03-08 10:53:04.177 18065 18065 V BoostFramework: BoostFramework() : mPerf = com.qualcomm.qti.Performance@c05deaf

03-08 10:53:04.201 18065 18065 V BoostFramework: BoostFramework() : mPerf = com.qualcomm.qti.Performance@58e474c

03-08 10:53:04.201 18065 18065 V BoostFramework: BoostFramework() : mPerf = com.qualcomm.qti.Performance@815b395

03-08 10:53:04.232  1923  2113 I Timeline: Timeline: App_transition_ready time:84477169

03-08 10:53:04.235  3887  3887 V PhoneStatusBarPolicy: updateManagedProfile mManagedProfileFocused: false mKeyguardVisible: false mCurrentUserId:0 mCurrentProfileId:0 mSecondSpaceStatusIconVisible: true showIcon:false

03-08 10:53:04.277 18065 18152 D OpenGLRenderer: endAllStagingAnimators on 0x9fd90200 (RippleDrawable) with handle 0x9fb8cc70

03-08 10:53:04.510  1923  2113 I Timeline: Timeline: Activity_windows_visible id: ActivityRecord{bb93af u0 com.orvibo.homemate/.roomfloor.manager.RoomManagerActivity t6826} time:84477447

03-08 10:53:04.512  1923  2113 I Timeline: Timeline: App_transition_stopped time:84477449

03-08 10:53:04.512  4188  4327 D WtProcessController: onAMDestroyActivity callback

03-08 10:53:04.521 18065 18065 D HomeMate: comm[ main: BaseActivity.java:214 onStop() ] - AddOrModifyRoomActivity

03-08 10:53:04.523 18065 18065 D HomeMate: comm[ main: BaseRequest.java:460 stopRequest() ] -  Stop request com.orvibo.homemate.roomfloor.room.AddOrModifyRoomPresenter$2@14c9692

03-08 10:53:04.523 18065 18065 D HomeMate: comm[ main: BaseActivity.java:409 onDestroy() ] - AddOrModifyRoomActivity

03-08 10:53:04.524 18065 18065 D HomeMate: allen[ main: ActivityManager.java:55 popActivity() ] - popActivity:com.orvibo.homemate.roomfloor.room.AddOrModifyRoomActivity@a7b7126

03-08 10:53:05.093   372   476 I ThermalEngine: Sensor:batt_temp:320 mC

03-08 10:53:05.383 17995 17995 I QueryController: Matched selector: UiSelector[TEXT=+Ê∑ªÂä†ÊàøÈó¥] <<==>> [android.view.accessibility.AccessibilityNodeInfo@80055214; boundsInParent: Rect(524147, 0 - 524429, 124); boundsInScreen: Rect(49, 752 - 331, 876); packageName: com.orvibo.homemate; className: android.widget.TextView; text: +Ê∑ªÂä†ÊàøÈó¥; error: null; maxTextLength: -1; contentDescription: null; viewIdResName: com.orvibo.homemate:id/tag_tv; checkable: false; checked: false; focusable: false; focused: false; selected: false; clickable: true; longClickable: false; contextClickable: false; enabled: true; password: false; scrollable: false; actions: [AccessibilityAction: ACTION_SELECT - null, AccessibilityAction: ACTION_CLEAR_SELECTION - null, AccessibilityAction: ACTION_CLICK - null, AccessibilityAction: ACTION_ACCESSIBILITY_FOCUS - null, AccessibilityAction: ACTION_NEXT_AT_MOVEMENT_GRANULARITY - null, AccessibilityAction: ACTION_PREVIOUS_AT_MOVEMENT_GRANULARITY - null, AccessibilityAction: ACTION_SET_SELECTION - null, AccessibilityAction: ACTION_UNKNOWN - null]]

03-08 10:53:05.466 17995 17995 I QueryController: Matched selector: UiSelector[TEXT=+Ê∑ªÂä†ÊàøÈó¥] <<==>> [android.view.accessibility.AccessibilityNodeInfo@80055214; boundsInParent: Rect(524147, 0 - 524429, 124); boundsInScreen: Rect(49, 752 - 331, 876); packageName: com.orvibo.homemate; className: android.widget.TextView; text: +Ê∑ªÂä†ÊàøÈó¥; error: null; maxTextLength: -1; contentDescription: null; viewIdResName: com.orvibo.homemate:id/tag_tv; checkable: false; checked: false; focusable: false; focused: false; selected: false; clickable: true; longClickable: false; contextClickable: false; enabled: true; password: false; scrollable: false; actions: [AccessibilityAction: ACTION_SELECT - null, AccessibilityAction: ACTION_CLEAR_SELECTION - null, AccessibilityAction: ACTION_CLICK - null, AccessibilityAction: ACTION_ACCESSIBILITY_FOCUS - null, AccessibilityAction: ACTION_NEXT_AT_MOVEMENT_GRANULARITY - null, AccessibilityAction: ACTION_PREVIOUS_AT_MOVEMENT_GRANULARITY - null, AccessibilityAction: ACTION_SET_SELECTION - null, AccessibilityAction: ACTION_UNKNOWN - null]]

03-08 10:53:05.469 17995 17995 D InteractionController: clickAndSync(190, 814)

03-08 10:53:05.591 18065 18065 I Timeline: Timeline: Activity_launch_request time:84478528

03-08 10:53:05.595  1923  4416 I ActivityManager: START u0 {cmp=com.orvibo.homemate/.roomfloor.room.AddOrModifyRoomActivity (has extras)} from uid 10133 on display 0

03-08 10:53:05.603  4188  4327 D WtProcessController: onAMCreateActivity callback

03-08 10:53:05.604  4188  4327 D WtProcessController: onAMPauseActivity callback

03-08 10:53:05.623 18065 18065 D UTAnalytics:UTDC: pid:18065 [commit] page:RoomManager,eventId:2001,arg1:AddOrModifyRoom,arg2:arg3:1479,args:{SDKTYPE=mini},

03-08 10:53:05.627 18065 18065 D UTAnalytics:UTLog: pid:18065 Log [id=0, eventId=2001, index=],867451020054497||WL4Uxp3/0mBYvRluo5uk/g==||Xiaomi||MI NOTE LTE||1920*1080||Unknown||Wi-Fi||Unknown||null||23256401||2.3.0.200||-||-||-||-||zh||a||6.0.1||2.5.1_for_bc||1488941567492||WJfwe+sntC4DAAdSBLpxQDCW||mini||-||-||-||-||_ap=1_mac=02:00:00:00:00:00||1488941585623||RoomManager||2001||AddOrModifyRoom||-||1479||-,

03-08 10:53:05.628 18065 18065 D UTAnalytics:LogStoreMgr: pid:18065 [add] :,

03-08 10:53:05.630 18065 18065 D HomeMate: comm[ main: BaseActivity.java:198 onPause() ] - RoomManagerActivity

03-08 10:53:05.634  4188  4327 D WtProcessController: onAMRestartActivity callback

03-08 10:53:05.635  1923  4237 I Timeline: Timeline: App_transition_ready time:84478572

03-08 10:53:05.643 18065 18065 D HomeMate: comm[ main: BaseActivity.java:128 onCreate() ] - onCreate:AddOrModifyRoomActivity

03-08 10:53:05.643 18065 18065 D HomeMate: allen[ main: ActivityManager.java:43 pushActivity() ] - pushActivity:com.orvibo.homemate.roomfloor.room.AddOrModifyRoomActivity@6f65e14

03-08 10:53:05.649  5352  9829 D FrozenAppController: FrozenAPP, is HasProcessOOMTooLow

03-08 10:53:05.649  5352  9829 D FrozenAppController: >>> event = 22 >>> state = 2 uid 10124

03-08 10:53:05.649  5352  9829 V FrozenAppController:     >>>>  MSG_FROZEN_APP : { uid: 10124 mState:2 mEvent:22 mIsForeground:false mLocationPolicy:0}

03-08 10:53:05.660 18065 18065 D HomeMate: comm[ main: AddOrModifyRoomActivity.java:238 initData() ] - room:null,mEditType:10,mSequence:6,cameraImageUrl:null

03-08 10:53:05.724  1923  1923 E JavaBinder: !!! FAILED BINDER TRANSACTION !!!  (parcel size = 104)

03-08 10:53:05.739 18065 18065 D HomeMate: comm[ main: BaseActivity.java:155 onResume() ] - AddOrModifyRoomActivity

03-08 10:53:05.737  4237  4237 W Binder_A: type=1400 audit(0.0:947373): avc: denied { ioctl } for path="socket:[3078358]" dev="sockfs" ino=3078358 ioctlcmd=7704 scontext=u:r:system_server:s0 tcontext=u:r:system_server:s0 tclass=unix_stream_socket permissive=0

03-08 10:53:05.737  4237  4237 W Binder_A: type=1400 audit(0.0:947374): avc: denied { ioctl } for path="socket:[3078358]" dev="sockfs" ino=3078358 ioctlcmd=7704 scontext=u:r:system_server:s0 tcontext=u:r:system_server:s0 tclass=unix_stream_socket permissive=0

03-08 10:53:05.749 18065 18065 D ActivityThreadInjector: clearCachedDrawables.

03-08 10:53:05.763  1923  3723 I Timeline: Timeline: App_transition_ready time:84478700

03-08 10:53:05.765  1923  3723 I Timeline: Timeline: App_transition_ready time:84478702

03-08 10:53:05.757  1987  1987 W Binder_2: type=1400 audit(0.0:947375): avc: denied { ioctl } for path="socket:[3074352]" dev="sockfs" ino=3074352 ioctlcmd=7704 scontext=u:r:system_server:s0 tcontext=u:r:system_server:s0 tclass=unix_stream_socket permissive=0

03-08 10:53:05.772 14596 14596 I AppiumUnicodeIME: onFinishInput

03-08 10:53:05.757  1987  1987 W Binder_2: type=1400 audit(0.0:947376): avc: denied { ioctl } for path="socket:[3074352]" dev="sockfs" ino=3074352 ioctlcmd=7704 scontext=u:r:system_server:s0 tcontext=u:r:system_server:s0 tclass=unix_stream_socket permissive=0

03-08 10:53:05.773 14596 14596 I AppiumUnicodeIME: onStartInput

03-08 10:53:05.792  1923  2113 I Timeline: Timeline: App_transition_ready time:84478729

03-08 10:53:05.795  1923  2113 I ActivityManager: Displayed com.orvibo.homemate/.roomfloor.room.AddOrModifyRoomActivity: +163ms

03-08 10:53:05.795  3887  3887 V PhoneStatusBarPolicy: updateManagedProfile mManagedProfileFocused: false mKeyguardVisible: false mCurrentUserId:0 mCurrentProfileId:0 mSecondSpaceStatusIconVisible: true showIcon:false

03-08 10:53:06.064  1923  2113 I Timeline: Timeline: Activity_windows_visible id: ActivityRecord{f341484 u0 com.orvibo.homemate/.roomfloor.room.AddOrModifyRoomActivity t6826} time:84479001

03-08 10:53:06.067 18065 18065 D HomeMate: comm[ main: BaseActivity.java:214 onStop() ] - RoomManagerActivity

03-08 10:53:06.067  1923  2113 I Timeline: Timeline: App_transition_stopped time:84479004

03-08 10:53:06.094   372   476 I ThermalEngine: Sensor:batt_temp:320 mC

03-08 10:53:06.852  4269  4269 D wpa_supplicant: wlan0: Control interface command 'SIGNAL_POLL'

03-08 10:53:06.854  4269  4269 D wpa_supplicant: CTRL-DEBUG: global_ctrl_sock-sendto: sock=11 sndbuf=163840 outq=0 send_len=48

03-08 10:53:07.096   372   476 I ThermalEngine: Sensor:batt_temp:320 mC

03-08 10:53:07.435 18065 18104 W System.err: Êó†Ê≥ïËÆøÈóÆÊàñÁΩëÁªú‰∏çÁ®≥ÂÆö

03-08 10:53:07.435 18065 18104 W System.err: 	at com.danale.video.sdk.http.impl.apache.ApacheHttpClient.readDataWithRetriesAndReportDanaleError(Unknown Source)

03-08 10:53:07.435 18065 18104 W System.err: 	at com.danale.video.sdk.http.impl.apache.ApacheHttpClient.execute(Unknown Source)

03-08 10:53:07.435 18065 18104 W System.err: 	at com.danale.video.sdk.utils.DnsAnalysisUtil.dnsAnalysisByDanale(Unknown Source)

03-08 10:53:07.435 18065 18104 W System.err: 	at com.danale.video.sdk.platform.entity.Session$7.doInBackground(Unknown Source)

03-08 10:53:07.435 18065 18104 W System.err: 	at com.danale.video.sdk.platform.entity.Session$7.doInBackground(Unknown Source)

03-08 10:53:07.435 18065 18104 W System.err: 	at com.danale.video.sdk.async.AsyncTask$2.call(Unknown Source)

03-08 10:53:07.435 18065 18104 W System.err: 	at java.util.concurrent.FutureTask.run(FutureTask.java:237)

03-08 10:53:07.435 18065 18104 W System.err: 	at java.util.concurrent.ThreadPoolExecutor.runWorker(ThreadPoolExecutor.java:1113)

03-08 10:53:07.435 18065 18104 W System.err: 	at java.util.concurrent.ThreadPoolExecutor$Worker.run(ThreadPoolExecutor.java:588)

03-08 10:53:07.435 18065 18104 W System.err: 	at java.lang.Thread.run(Thread.java:818)

03-08 10:53:07.435 18065 18104 W System.err: Caused by: org.apache.http.conn.ConnectTimeoutException: Connect to /54.93.73.119:443 timed out

03-08 10:53:07.436 18065 18104 W System.err: 	at org.apache.http.conn.scheme.PlainSocketFactory.connectSocket(PlainSocketFactory.java:126)

03-08 10:53:07.436 18065 18104 W System.err: 	at org.apache.http.impl.conn.DefaultClientConnectionOperator.openConnection(DefaultClientConnectionOperator.java:149)

03-08 10:53:07.436 18065 18104 W System.err: 	at org.apache.http.impl.conn.AbstractPoolEntry.open(AbstractPoolEntry.java:169)

03-08 10:53:07.436 18065 18104 W System.err: 	at org.apache.http.impl.conn.AbstractPooledConnAdapter.open(AbstractPooledConnAdapter.java:124)

03-08 10:53:07.436 18065 18104 W System.err: 	at org.apache.http.impl.client.DefaultRequestDirector.execute(DefaultRequestDirector.java:370)

03-08 10:53:07.436 18065 18104 W System.err: 	at org.apache.http.impl.client.AbstractHttpClient.execute(AbstractHttpClient.java:560)

03-08 10:53:07.436 18065 18104 W System.err: 	at org.apache.http.impl.client.AbstractHttpClient.execute(AbstractHttpClient.java:492)

03-08 10:53:07.436 18065 18104 W System.err: 	at org.apache.http.impl.client.AbstractHttpClient.execute(AbstractHttpClient.java:470)

03-08 10:53:07.436 18065 18104 W System.err: 	at com.danale.video.sdk.http.impl.apache.ApacheHttpClient.readDataWithRetriesAndReportDanaleError(Unknown Source)

03-08 10:53:07.436 18065 18104 W System.err: 	... 9 more

03-08 10:53:07.531  5352  9829 D FrozenAppController: FrozenAPP, is HasProcessOOMTooLow

03-08 10:53:07.531  5352  9829 D FrozenAppController: >>> event = 22 >>> state = 0 uid 10122

03-08 10:53:07.531  5352  9829 V FrozenAppController:     >>>>  MSG_FROZEN_APP : { uid: 10122 mState:0 mEvent:22 mIsForeground:false mLocationPolicy:255}

03-08 10:53:08.098   372   476 I ThermalEngine: Sensor:batt_temp:320 mC

03-08 10:53:08.774 26902 18393 W System.err: java.net.SocketTimeoutException: failed to connect to loc.map.baidu.com/14.215.177.33 (port 443) after 12000ms

03-08 10:53:08.775 26902 18393 W System.err: 	at libcore.io.IoBridge.connectErrno(IoBridge.java:169)

03-08 10:53:08.775 26902 18393 W System.err: 	at libcore.io.IoBridge.connect(IoBridge.java:122)

03-08 10:53:08.775 26902 18393 W System.err: 	at java.net.PlainSocketImpl.connect(PlainSocketImpl.java:183)

03-08 10:53:08.775 26902 18393 W System.err: 	at java.net.PlainSocketImpl.connect(PlainSocketImpl.java:452)

03-08 10:53:08.775 26902 18393 W System.err: 	at java.net.Socket.connect(Socket.java:884)

03-08 10:53:08.775 26902 18393 W System.err: 	at com.android.okhttp.internal.Platform.connectSocket(Platform.java:117)

03-08 10:53:08.776 26902 18393 W System.err: 	at com.android.okhttp.internal.http.SocketConnector.connectRawSocket(SocketConnector.java:160)

03-08 10:53:08.776 26902 18393 W System.err: 	at com.android.okhttp.internal.http.SocketConnector.connectTls(SocketConnector.java:79)

03-08 10:53:08.776 26902 18393 W System.err: 	at com.android.okhttp.Connection.connect(Connection.java:143)

03-08 10:53:08.776 26902 18393 W System.err: 	at com.android.okhttp.Connection.connectAndSetOwner(Connection.java:185)

03-08 10:53:08.777 26902 18393 W System.err: 	at com.android.okhttp.OkHttpClient$1.connectAndSetOwner(OkHttpClient.java:128)

03-08 10:53:08.777 26902 18393 W System.err: 	at com.android.okhttp.internal.http.HttpEngine.nextConnection(HttpEngine.java:342)

03-08 10:53:08.777 26902 18393 W System.err: 	at com.android.okhttp.internal.http.HttpEngine.connect(HttpEngine.java:331)

03-08 10:53:08.778 26902 18393 W System.err: 	at com.android.okhttp.internal.http.HttpEngine.sendRequest(HttpEngine.java:249)

03-08 10:53:08.778 26902 18393 W System.err: 	at com.android.okhttp.internal.huc.HttpURLConnectionImpl.execute(HttpURLConnectionImpl.java:437)

03-08 10:53:08.780 26902 18393 W System.err: 	at com.android.okhttp.internal.huc.HttpURLConnectionImpl.connect(HttpURLConnectionImpl.java:114)

03-08 10:53:08.780 26902 18393 W System.err: 	at com.android.okhttp.internal.huc.DelegatingHttpsURLConnection.connect(DelegatingHttpsURLConnection.java:89)

03-08 10:53:08.780 26902 18393 W System.err: 	at com.android.okhttp.internal.huc.HttpsURLConnectionImpl.connect(HttpsURLConnectionImpl.java:25)

03-08 10:53:08.781 26902 18393 W System.err: 	at com.baidu.location.h.e$4.run(Unknown Source)

03-08 10:53:08.781 26902 18393 I baidu_location_service: https NetworkCommunicationException!

03-08 10:53:08.845  4099  5103 I XiaomiFirewall: firewall pkgName:com.baidu.BaiduMap, result:0x0

03-08 10:53:08.863  4269  4269 D wpa_supplicant: wlan0: Control interface command 'SCAN TYPE=ONLY'

03-08 10:53:08.863  4269  4269 D wpa_supplicant: wlan0: Setting scan request: 0.000000 sec

03-08 10:53:08.864  4269  4269 D wpa_supplicant: CTRL-DEBUG: global_ctrl_sock-sendto: sock=11 sndbuf=163840 outq=0 send_len=3

03-08 10:53:08.864  4269  4269 D wpa_supplicant: wlan0: Starting AP scan for wildcard SSID

03-08 10:53:08.864  4269  4269 D wpa_supplicant: wlan0: Add radio work 'scan'@0xb6919398

03-08 10:53:08.864  4269  4269 D wpa_supplicant: wlan0: First radio work item in the queue - schedule start immediately

03-08 10:53:08.864  4269  4269 D wpa_supplicant: wlan0: Starting radio work 'scan'@0xb6919398 after 0.000060 second wait

