--------- beginning of main

03-01 15:06:08.628   367   490 I ThermalEngine: Sensor:batt_temp:380 mC

03-01 15:06:08.795  4135  4135 D wpa_supplicant: nl80211: Event message available

03-01 15:06:08.795  4135  4135 D wpa_supplicant: nl80211: Drv Event 34 (NL80211_CMD_NEW_SCAN_RESULTS) received for wlan0

03-01 15:06:08.795  4135  4135 D wpa_supplicant: wlan0: nl80211: New scan results available

03-01 15:06:08.795  4135  4135 D wpa_supplicant: nl80211: Scan included frequencies: 2412 2417 2422 2427 2432 2437 2442 2447 2452 2457 2462 2467 2472 5180 5200 5220 5240 5260 5280 5300 5320 5500 5520 5540 5560 5580 5600 5620 5640 5660 5680 5700 5745 5765 5785 5805 5825

03-01 15:06:08.795  4135  4135 D wpa_supplicant: wlan0: Event SCAN_RESULTS (3) received

03-01 15:06:08.795  4135  4135 D wpa_supplicant: wlan0: Scan completed in 4.121078 seconds

03-01 15:06:08.795  4135  4135 D wpa_supplicant: nl80211: Associated on 2422 MHz

03-01 15:06:08.795  4135  4135 D wpa_supplicant: nl80211: Associated with c0:3d:46:00:1a:5a

03-01 15:06:08.796  4135  4135 D wpa_supplicant: nl80211: Received scan results (29 BSSes)

03-01 15:06:08.796  4135  4135 D wpa_supplicant: nl80211: Scan results indicate BSS status with c0:3d:46:00:1a:5a as associated

03-01 15:06:08.796  4135  4135 D wpa_supplicant: wlan0: BSS: Start scan result update 7067

03-01 15:06:08.796  4135  4135 D wpa_supplicant: wlan0: BSS: Add new id 20659 BSSID 10:bd:18:08:36:17 SSID 'cisco-3615'

03-01 15:06:08.796  4135  4135 D wpa_supplicant: CTRL-DEBUG: ctrl_sock-sendmsg: sock=11 sndbuf=163840 outq=0 send_len=44

03-01 15:06:08.796  4135  4135 D wpa_supplicant: CTRL_IFACE monitor sent successfully to /data/misc/wifi/sockets/wpa_ctrl_1973-2\x00

03-01 15:06:08.796  4135  4135 D wpa_supplicant: wlan0: BSS: Remove id 20646 BSSID 62:01:94:0a:68:a2 SSID 'HomeMate_AP' due to no match in scan

03-01 15:06:08.796  4135  4135 D wpa_supplicant: CTRL-DEBUG: ctrl_sock-sendmsg: sock=11 sndbuf=163840 outq=448 send_len=46

03-01 15:06:08.796  4135  4135 D wpa_supplicant: CTRL_IFACE monitor sent successfully to /data/misc/wifi/sockets/wpa_ctrl_1973-2\x00

03-01 15:06:08.797  4135  4135 D wpa_supplicant: BSS: last_scan_res_used=29/128

03-01 15:06:08.797  4135  4135 D wpa_supplicant: wlan0: Scan-only results received

03-01 15:06:08.797  4135  4135 D wpa_supplicant: CTRL-DEBUG: ctrl_sock-sendmsg: sock=11 sndbuf=163840 outq=896 send_len=24

03-01 15:06:08.797  4135  4135 D wpa_supplicant: CTRL_IFACE monitor sent successfully to /data/misc/wifi/sockets/wpa_ctrl_1973-2\x00

03-01 15:06:08.797  4135  4135 D wpa_supplicant: wlan0: Radio work 'scan'@0xb68d9398 done in 4.125597 seconds

03-01 15:06:08.822  4135  4135 D wpa_supplicant: CTRL-DEBUG: global_ctrl_sock-sendto: sock=11 sndbuf=163840 outq=0 send_len=3544

03-01 15:06:08.822  4135  4135 D wpa_supplicant: RTM_NEWLINK: ifi_index=22 ifname=wlan0 wext ifi_family=0 ifi_flags=0x11043 ([UP][RUNNING][LOWER_UP])

03-01 15:06:08.833  4135  4135 D wpa_supplicant: CTRL-DEBUG: global_ctrl_sock-sendto: sock=11 sndbuf=163840 outq=0 send_len=4071

03-01 15:06:08.840  4135  4135 D wpa_supplicant: CTRL-DEBUG: global_ctrl_sock-sendto: sock=11 sndbuf=163840 outq=0 send_len=4003

03-01 15:06:08.852  4135  4135 D wpa_supplicant: CTRL-DEBUG: global_ctrl_sock-sendto: sock=11 sndbuf=163840 outq=0 send_len=3795

03-01 15:06:08.873  4135  4135 D wpa_supplicant: CTRL-DEBUG: global_ctrl_sock-sendto: sock=11 sndbuf=163840 outq=0 send_len=4094

03-01 15:06:08.888  4135  4135 D wpa_supplicant: CTRL-DEBUG: global_ctrl_sock-sendto: sock=11 sndbuf=163840 outq=0 send_len=4035

03-01 15:06:08.897  4135  4135 D wpa_supplicant: CTRL-DEBUG: global_ctrl_sock-sendto: sock=11 sndbuf=163840 outq=0 send_len=2849

03-01 15:06:09.178  4135  4135 D wpa_supplicant: EAPOL: EAP Session-Id not available

03-01 15:06:09.178  4135  4135 D wpa_supplicant: CTRL-DEBUG: global_ctrl_sock-sendto: sock=11 sndbuf=163840 outq=0 send_len=278

03-01 15:06:09.207  3834 12511 I StepsProvider: Steps Provider Query

03-01 15:06:09.629   367   490 I ThermalEngine: Sensor:batt_temp:380 mC

03-01 15:06:09.825  3765  4095 I XiaomiFirewall: firewall pkgName:com.qihoo.permmgr, result:0x0

03-01 15:06:09.869 14472 14488 I art     : Background sticky concurrent mark sweep GC freed 296146(15MB) AllocSpace objects, 0(0B) LOS objects, 94% free, 984KB/16MB, paused 322us total 180.391ms

03-01 15:06:10.630   367   490 I ThermalEngine: Sensor:batt_temp:380 mC

03-01 15:06:11.302  4135  4135 D wpa_supplicant: wlan0: Control interface command 'SIGNAL_POLL'

03-01 15:06:11.315  4135  4135 D wpa_supplicant: CTRL-DEBUG: global_ctrl_sock-sendto: sock=11 sndbuf=163840 outq=0 send_len=48

03-01 15:06:11.526  9738  9749 W art     : Suspending all threads took: 6.097ms

03-01 15:06:11.631   367   490 I ThermalEngine: Sensor:batt_temp:380 mC

03-01 15:06:11.809  9738  9749 I art     : Background partial concurrent mark sweep GC freed 366845(15MB) AllocSpace objects, 0(0B) LOS objects, 43% free, 20MB/36MB, paused 8.960ms total 560.175ms

03-01 15:06:11.939  3765  4095 I XiaomiFirewall: firewall pkgName:com.orvibo.homemate, result:0x0

03-01 15:06:12.633   367   490 I ThermalEngine: Sensor:batt_temp:380 mC

03-01 15:06:13.162  1973  3476 D WifiStateMachine: starting scan for "18.1_neiwang"-WPA_PSK with 5745,2422

03-01 15:06:13.162  4135  4135 D wpa_supplicant: wlan0: Control interface command 'SCAN TYPE=ONLY freq=5745,2422'

03-01 15:06:13.163  4135  4135 D wpa_supplicant: wlan0: Setting scan request: 0.000000 sec

03-01 15:06:13.163  4135  4135 D wpa_supplicant: CTRL-DEBUG: global_ctrl_sock-sendto: sock=11 sndbuf=163840 outq=0 send_len=3

03-01 15:06:13.163  4135  4135 D wpa_supplicant: wlan0: Starting AP scan for wildcard SSID

03-01 15:06:13.163  4135  4135 D wpa_supplicant: wlan0: Limit manual scan to specified channels

03-01 15:06:13.163  4135  4135 D wpa_supplicant: wlan0: Add radio work 'scan'@0xb68d9398

03-01 15:06:13.163  4135  4135 D wpa_supplicant: wlan0: First radio work item in the queue - schedule start immediately

03-01 15:06:13.163  4135  4135 D wpa_supplicant: wlan0: Starting radio work 'scan'@0xb68d9398 after 0.000071 second wait

03-01 15:06:13.163  4135  4135 D wpa_supplicant: wlan0: nl80211: scan request

03-01 15:06:13.163  4135  4135 D wpa_supplicant: nl80211: Scan SSID - hexdump(len=0): [NULL]

03-01 15:06:13.163  4135  4135 D wpa_supplicant: nl80211: Scan extra IEs - hexdump(len=7): 7f 05 00 00 0a 02 01

03-01 15:06:13.163  4135  4135 D wpa_supplicant: nl80211: Scan frequency 2422 MHz

03-01 15:06:13.163  4135  4135 D wpa_supplicant: nl80211: Scan frequency 5745 MHz

03-01 15:06:13.178  4135  4135 D wpa_supplicant: Scan requested (ret=0) - scan timeout 30 seconds

03-01 15:06:13.178  4135  4135 D wpa_supplicant: nl80211: Event message available

03-01 15:06:13.178  4135  4135 D wpa_supplicant: nl80211: Drv Event 33 (NL80211_CMD_TRIGGER_SCAN) received for wlan0

03-01 15:06:13.178  4135  4135 D wpa_supplicant: wlan0: nl80211: Scan trigger

03-01 15:06:13.178  4135  4135 D wpa_supplicant: wlan0: Event SCAN_STARTED (47) received

03-01 15:06:13.178  4135  4135 D wpa_supplicant: wlan0: Own scan request started a scan in 0.000231 seconds

03-01 15:06:13.178  4135  4135 D wpa_supplicant: CTRL-DEBUG: ctrl_sock-sendmsg: sock=11 sndbuf=163840 outq=0 send_len=24

03-01 15:06:13.178  4135  4135 D wpa_supplicant: CTRL_IFACE monitor sent successfully to /data/misc/wifi/sockets/wpa_ctrl_1973-2\x00

03-01 15:06:13.295  4135  4135 D wpa_supplicant: nl80211: Event message available

03-01 15:06:13.295  4135  4135 D wpa_supplicant: nl80211: Drv Event 34 (NL80211_CMD_NEW_SCAN_RESULTS) received for wlan0

03-01 15:06:13.295  4135  4135 D wpa_supplicant: wlan0: nl80211: New scan results available

03-01 15:06:13.295  4135  4135 D wpa_supplicant: nl80211: Scan included frequencies: 2422 5745

03-01 15:06:13.295  4135  4135 D wpa_supplicant: wlan0: Event SCAN_RESULTS (3) received

03-01 15:06:13.295  4135  4135 D wpa_supplicant: wlan0: Scan completed in 0.117347 seconds

03-01 15:06:13.295  4135  4135 D wpa_supplicant: nl80211: Associated on 2422 MHz

03-01 15:06:13.295  4135  4135 D wpa_supplicant: nl80211: Associated with c0:3d:46:00:1a:5a

03-01 15:06:13.296  4135  4135 D wpa_supplicant: nl80211: Received scan results (29 BSSes)

03-01 15:06:13.296  4135  4135 D wpa_supplicant: nl80211: Scan results indicate BSS status with c0:3d:46:00:1a:5a as associated

03-01 15:06:13.296  4135  4135 D wpa_supplicant: wlan0: BSS: Start scan result update 7068

03-01 15:06:13.296  4135  4135 D wpa_supplicant: wlan0: BSS: Remove id 20658 BSSID 00:6b:8e:f0:3c:50 SSID '@ZigbeeTeam_5G' due to no match in scan

03-01 15:06:13.296  4135  4135 D wpa_supplicant: CTRL-DEBUG: ctrl_sock-sendmsg: sock=11 sndbuf=163840 outq=0 send_len=46

03-01 15:06:13.296  4135  4135 D wpa_supplicant: CTRL_IFACE monitor sent successfully to /data/misc/wifi/sockets/wpa_ctrl_1973-2\x00

03-01 15:06:13.296  4135  4135 D wpa_supplicant: wlan0: BSS: Remove id 20655 BSSID d0:ee:07:3f:27:1c SSID 'zhanting_5G' due to no match in scan

03-01 15:06:13.296  4135  4135 D wpa_supplicant: CTRL-DEBUG: ctrl_sock-sendmsg: sock=11 sndbuf=163840 outq=448 send_len=46

03-01 15:06:13.296  4135  4135 D wpa_supplicant: CTRL_IFACE monitor sent successfully to /data/misc/wifi/sockets/wpa_ctrl_1973-2\x00

03-01 15:06:13.296  4135  4135 D wpa_supplicant: BSS: last_scan_res_used=29/128

03-01 15:06:13.297  4135  4135 D wpa_supplicant: wlan0: Scan-only results received

03-01 15:06:13.297  4135  4135 D wpa_supplicant: CTRL-DEBUG: ctrl_sock-sendmsg: sock=11 sndbuf=163840 outq=896 send_len=24

03-01 15:06:13.297  4135  4135 D wpa_supplicant: CTRL_IFACE monitor sent successfully to /data/misc/wifi/sockets/wpa_ctrl_1973-2\x00

03-01 15:06:13.297  4135  4135 D wpa_supplicant: wlan0: Radio work 'scan'@0xb68d9398 done in 0.133696 seconds

03-01 15:06:13.315  4135  4135 D wpa_supplicant: CTRL-DEBUG: global_ctrl_sock-sendto: sock=11 sndbuf=163840 outq=0 send_len=3544

03-01 15:06:13.319  4135  4135 D wpa_supplicant: RTM_NEWLINK: ifi_index=22 ifname=wlan0 wext ifi_family=0 ifi_flags=0x11043 ([UP][RUNNING][LOWER_UP])

03-01 15:06:13.326  4135  4135 D wpa_supplicant: CTRL-DEBUG: global_ctrl_sock-sendto: sock=11 sndbuf=163840 outq=0 send_len=4071

03-01 15:06:13.341  4135  4135 D wpa_supplicant: CTRL-DEBUG: global_ctrl_sock-sendto: sock=11 sndbuf=163840 outq=0 send_len=4003

03-01 15:06:13.353  4135  4135 D wpa_supplicant: CTRL-DEBUG: global_ctrl_sock-sendto: sock=11 sndbuf=163840 outq=0 send_len=3795

03-01 15:06:13.368  4135  4135 D wpa_supplicant: CTRL-DEBUG: global_ctrl_sock-sendto: sock=11 sndbuf=163840 outq=0 send_len=4094

03-01 15:06:13.389  4135  4135 D wpa_supplicant: CTRL-DEBUG: global_ctrl_sock-sendto: sock=11 sndbuf=163840 outq=0 send_len=4035

03-01 15:06:13.393  4135  4135 D wpa_supplicant: CTRL-DEBUG: global_ctrl_sock-sendto: sock=11 sndbuf=163840 outq=0 send_len=1716

03-01 15:06:13.399  9738 10911 D filemap : FileMap File size: 34543283 bytes

03-01 15:06:13.399  9738 10911 D filemap : FileMap mmap /storage/emulated/0/Android/data/com.android.browser/files/update/Browser_20170116.apk

03-01 15:06:13.399  9738 10911 D filemap : FileMap mDataPtr: 0x9a515421, mDataLength: 287356 mDataOffset: 34255905

03-01 15:06:13.513  9738 10911 D FileMap : #00 pc 0000d119  /system/lib/libutils.so (_ZN7android7FileMap6createEPKcixjb+340)

03-01 15:06:13.513  9738 10911 D FileMap : #01 pc 0001e38d  /system/lib/libandroidfw.so

03-01 15:06:13.513  9738 10911 D FileMap : #02 pc 0001ea23  /system/lib/libandroidfw.so (OpenArchive+102)

03-01 15:06:13.513  9738 10911 D FileMap : #03 pc 0001bdfb  /system/lib/libandroidfw.so (_ZN7android9ZipFileRO4openEPKc+6)

03-01 15:06:13.513  9738 10911 D FileMap : #04 pc 000118f9  /system/lib/libandroidfw.so (_ZN7android12AssetManager9SharedZipC2ERKNS_7String8El+64)

03-01 15:06:13.513  9738 10911 D FileMap : #05 pc 0001244f  /system/lib/libandroidfw.so (_ZN7android12AssetManager9SharedZip3getERKNS_7String8Eb+170)

03-01 15:06:13.513  9738 10911 D FileMap : #06 pc 0001257d  /system/lib/libandroidfw.so (_ZN7android12AssetManager6ZipSet6getZipERKNS_7String8E+40)

03-01 15:06:13.513  9738 10911 D FileMap : #07 pc 00012627  /system/lib/libandroidfw.so (_ZN7android12AssetManager24openNonAssetInPathLockedEPKcNS_5Asset10AccessModeERKNS0_10asset_pathE+106)

03-01 15:06:13.513  9738 10911 D FileMap : #08 pc 000138bf  /system/lib/libandroidfw.so (_ZN7android12AssetManager12addAssetPathERKNS_7String8EPi+158)

03-01 15:06:13.513  9738 10911 D FileMap : #09 pc 00089d39  /system/lib/libandroid_runtime.so

03-01 15:06:13.513  9738 10911 D FileMap : #10 pc 0001ba25  /data/dalvik-cache/arm/system@framework@boot.oat (offset 0x244a000)

03-01 15:06:13.537  9738 10911 D filemap : FileMap File size: 34543283 bytes

03-01 15:06:13.537  9738 10911 D filemap : FileMap mmap /storage/emulated/0/Android/data/com.android.browser/files/update/Browser_20170116.apk

03-01 15:06:13.537  9738 10911 D filemap : FileMap mDataPtr: 0x9e2594cd, mDataLength: 7353 mDataOffset: 8512717

03-01 15:06:13.609  4135  4135 D wpa_supplicant: EAPOL: EAP Session-Id not available

03-01 15:06:13.609  4135  4135 D wpa_supplicant: CTRL-DEBUG: global_ctrl_sock-sendto: sock=11 sndbuf=163840 outq=0 send_len=278

03-01 15:06:13.620  9738 10911 D FileMap : #00 pc 0000d119  /system/lib/libutils.so (_ZN7android7FileMap6createEPKcixjb+340)

03-01 15:06:13.620  9738 10911 D FileMap : #01 pc 0001c049  /system/lib/libandroidfw.so (_ZNK7android9ZipFileRO18createEntryFileMapEPv+60)

03-01 15:06:13.620  9738 10911 D FileMap : #02 pc 000116b7  /system/lib/libandroidfw.so (_ZN7android12AssetManager22openAssetFromZipLockedEPKNS_9ZipFileROEPvNS_5Asset10AccessModeERKNS_7String8E+54)

03-01 15:06:13.620  9738 10911 D FileMap : #03 pc 00012649  /system/lib/libandroidfw.so (_ZN7android12AssetManager24openNonAssetInPathLockedEPKcNS_5Asset10AccessModeERKNS0_10asset_pathE+140)

03-01 15:06:13.620  9738 10911 D FileMap : #04 pc 000138bf  /system/lib/libandroidfw.so (_ZN7android12AssetManager12addAssetPathERKNS_7String8EPi+158)

03-01 15:06:13.620  9738 10911 D FileMap : #05 pc 00089d39  /system/lib/libandroid_runtime.so

03-01 15:06:13.620  9738 10911 D FileMap : #06 pc 0001ba25  /data/dalvik-cache/arm/system@framework@boot.oat (offset 0x244a000)

03-01 15:06:13.620  9738 10911 D filemap : ~FileMap File size: 34543283 bytes

03-01 15:06:13.620  9738 10911 D filemap : ~FileMap ummap /storage/emulated/0/Android/data/com.android.browser/files/update/Browser_20170116.apk

03-01 15:06:13.620  9738 10911 D filemap : ~FileMap mDataPtr: 0x9e2594cd, mDataLength: 7353 mDataOffset: 8512717

03-01 15:06:13.634   367   490 I ThermalEngine: Sensor:batt_temp:380 mC

03-01 15:06:13.641 19772  8029 D UTAnalytics:CommitTask: pid:19772 check&commit event:65501,

03-01 15:06:13.641 19772  8029 D UTAnalytics:CommitTask: pid:19772 next:65501,

03-01 15:06:13.641 19772  8029 D UTAnalytics:CommitTask: pid:19772 check&commit event:65502,

03-01 15:06:13.641 19772  8029 D UTAnalytics:CommitTask: pid:19772 next:65502,

03-01 15:06:13.681  9738 10911 D ~FileMap: #00 pc 0000cf63  /system/lib/libutils.so (_ZN7android7FileMapD1Ev+146)

03-01 15:06:13.681  9738 10911 D ~FileMap: #01 pc 000106d3  /system/lib/libandroidfw.so (_ZN7android16_CompressedAsset5closeEv+20)

03-01 15:06:13.681  9738 10911 D ~FileMap: #02 pc 000109cf  /system/lib/libandroidfw.so (_ZN7android16_CompressedAssetD1Ev+18)

03-01 15:06:13.681  9738 10911 D ~FileMap: #03 pc 000109ed  /system/lib/libandroidfw.so (_ZN7android16_CompressedAssetD0Ev+4)

03-01 15:06:13.681  9738 10911 D ~FileMap: #04 pc 000138d1  /system/lib/libandroidfw.so (_ZN7android12AssetManager12addAssetPathERKNS_7String8EPi+176)

03-01 15:06:13.681  9738 10911 D ~FileMap: #05 pc 00089d39  /system/lib/libandroid_runtime.so

03-01 15:06:13.681  9738 10911 D ~FileMap: #06 pc 0001ba25  /data/dalvik-cache/arm/system@framework@boot.oat (offset 0x244a000)

03-01 15:06:13.682  9738 10911 D filemap : FileMap File size: 34543283 bytes

03-01 15:06:13.682  9738 10911 D filemap : FileMap mmap /storage/emulated/0/Android/data/com.android.browser/files/update/Browser_20170116.apk

03-01 15:06:13.682  9738 10911 D filemap : FileMap mDataPtr: 0x950d26d8, mDataLength: 3329476 mDataOffset: 5183192

03-01 15:06:13.738  9738 10911 D FileMap : #00 pc 0000d119  /system/lib/libutils.so (_ZN7android7FileMap6createEPKcixjb+340)

03-01 15:06:13.738  9738 10911 D FileMap : #01 pc 0001c049  /system/lib/libandroidfw.so (_ZNK7android9ZipFileRO18createEntryFileMapEPv+60)

03-01 15:06:13.738  9738 10911 D FileMap : #02 pc 000116b7  /system/lib/libandroidfw.so (_ZN7android12AssetManager22openAssetFromZipLockedEPKNS_9ZipFileROEPvNS_5Asset10AccessModeERKNS_7String8E+54)

03-01 15:06:13.738  9738 10911 D FileMap : #03 pc 00012649  /system/lib/libandroidfw.so (_ZN7android12AssetManager24openNonAssetInPathLockedEPKcNS_5Asset10AccessModeERKNS0_10asset_pathE+140)

03-01 15:06:13.738  9738 10911 D FileMap : #04 pc 0001331f  /system/lib/libandroidfw.so (_ZNK7android12AssetManager20appendPathToResTableERKNS0_10asset_pathEPj+174)

03-01 15:06:13.738  9738 10911 D FileMap : #05 pc 000137c3  /system/lib/libandroidfw.so (_ZNK7android12AssetManager11getResTableEb+98)

03-01 15:06:13.738  9738 10911 D FileMap : #06 pc 00089761  /system/lib/libandroid_runtime.so

03-01 15:06:13.738  9738 10911 D FileMap : #07 pc 0001c581  /data/dalvik-cache/arm/system@framework@boot.oat (offset 0x244a000)

03-01 15:06:13.769 19772  8172 D UTAnalytics:CommitTask: pid:19772 check&commit event:65503,

03-01 15:06:13.769 19772  8172 D UTAnalytics:CommitTask: pid:19772 next:65503,

03-01 15:06:13.815  9738 10911 D filemap : FileMap File size: 34543283 bytes

03-01 15:06:13.815  9738 10911 D filemap : FileMap mmap /storage/emulated/0/Android/data/com.android.browser/files/update/Browser_20170116.apk

03-01 15:06:13.815  9738 10911 D filemap : FileMap mDataPtr: 0x9e2594cd, mDataLength: 7353 mDataOffset: 8512717

03-01 15:06:13.846  9738 10911 D FileMap : #00 pc 0000d119  /system/lib/libutils.so (_ZN7android7FileMap6createEPKcixjb+340)

03-01 15:06:13.846  9738 10911 D FileMap : #01 pc 0001c049  /system/lib/libandroidfw.so (_ZNK7android9ZipFileRO18createEntryFileMapEPv+60)

03-01 15:06:13.846  9738 10911 D FileMap : #02 pc 000116b7  /system/lib/libandroidfw.so (_ZN7android12AssetManager22openAssetFromZipLockedEPKNS_9ZipFileROEPvNS_5Asset10AccessModeERKNS_7String8E+54)

03-01 15:06:13.846  9738 10911 D FileMap : #03 pc 00012649  /system/lib/libandroidfw.so (_ZN7android12AssetManager24openNonAssetInPathLockedEPKcNS_5Asset10AccessModeERKNS0_10asset_pathE+140)

03-01 15:06:13.846  9738 10911 D FileMap : #04 pc 00012915  /system/lib/libandroidfw.so (_ZN7android12AssetManager12openNonAssetEiPKcNS_5Asset10AccessModeE+60)

03-01 15:06:13.846  9738 10911 D FileMap : #05 pc 00089173  /system/lib/libandroid_runtime.so

03-01 15:06:13.847  9738 10911 D FileMap : #06 pc 009a0e8d  /data/dalvik-cache/arm/system@framework@boot.oat (offset 0x244a000)

03-01 15:06:13.847  9738 10911 D filemap : ~FileMap File size: 34543283 bytes

03-01 15:06:13.847  9738 10911 D filemap : ~FileMap ummap /storage/emulated/0/Android/data/com.android.browser/files/update/Browser_20170116.apk

03-01 15:06:13.847  9738 10911 D filemap : ~FileMap mDataPtr: 0x9e2594cd, mDataLength: 7353 mDataOffset: 8512717

03-01 15:06:13.880  9738 10911 D ~FileMap: #00 pc 0000cf63  /system/lib/libutils.so (_ZN7android7FileMapD1Ev+146)

03-01 15:06:13.880  9738 10911 D ~FileMap: #01 pc 000106d3  /system/lib/libandroidfw.so (_ZN7android16_CompressedAsset5closeEv+20)

03-01 15:06:13.880  9738 10911 D ~FileMap: #02 pc 000891d7  /system/lib/libandroid_runtime.so

03-01 15:06:13.880  9738 10911 D ~FileMap: #03 pc 009a0e8d  /data/dalvik-cache/arm/system@framework@boot.oat (offset 0x244a000)

03-01 15:06:13.927  9738 10911 D filemap : ~FileMap File size: 34543283 bytes

03-01 15:06:13.927  9738 10911 D filemap : ~FileMap ummap /storage/emulated/0/Android/data/com.android.browser/files/update/Browser_20170116.apk

03-01 15:06:13.927  9738 10911 D filemap : ~FileMap mDataPtr: 0x950d26d8, mDataLength: 3329476 mDataOffset: 5183192

03-01 15:06:13.969  9738 10911 D ~FileMap: #00 pc 0000cf63  /system/lib/libutils.so (_ZN7android7FileMapD1Ev+146)

03-01 15:06:13.969  9738 10911 D ~FileMap: #01 pc 000105d3  /system/lib/libandroidfw.so (_ZN7android10_FileAsset5closeEv+10)

03-01 15:06:13.969  9738 10911 D ~FileMap: #02 pc 00010997  /system/lib/libandroidfw.so (_ZN7android10_FileAssetD1Ev+14)

03-01 15:06:13.969  9738 10911 D ~FileMap: #03 pc 000109ad  /system/lib/libandroidfw.so (_ZN7android10_FileAssetD0Ev+4)

03-01 15:06:13.969  9738 10911 D ~FileMap: #04 pc 00011213  /system/lib/libandroidfw.so (_ZN7android12AssetManager9SharedZipD1Ev+38)

03-01 15:06:13.969  9738 10911 D ~FileMap: #05 pc 00011249  /system/lib/libandroidfw.so (_ZN7android12AssetManager9SharedZipD0Ev+4)

03-01 15:06:13.969  9738 10911 D ~FileMap: #06 pc 0000e8cf  /system/lib/libutils.so (_ZNK7android7RefBase9decStrongEPKv+50)

03-01 15:06:13.969  9738 10911 D ~FileMap: #07 pc 00011a59  /system/lib/libandroidfw.so (_ZN7android12AssetManager6ZipSet8closeZipEi+16)

03-01 15:06:13.969  9738 10911 D ~FileMap: #08 pc 00011a73  /system/lib/libandroidfw.so (_ZN7android12AssetManager6ZipSetD1Ev+16)

03-01 15:06:13.969  9738 10911 D ~FileMap: #09 pc 00011aeb  /system/lib/libandroidfw.so (_ZN7android12AssetManagerD1Ev+94)

03-01 15:06:13.969  9738 10911 D ~FileMap: #10 pc 00011b05  /system/lib/libandroidfw.so (_ZN7android12AssetManagerD0Ev+4)

03-01 15:06:13.969  9738 10911 D ~FileMap: #11 pc 000888c7  /system/lib/libandroid_runtime.so

03-01 15:06:13.969  9738 10911 D ~FileMap: #12 pc 0000036f  /data/dalvik-cache/arm/system@framework@boot.oat (offset 0x244a000)

03-01 15:06:13.971  9738 10911 D filemap : ~FileMap File size: 34543283 bytes

03-01 15:06:13.971  9738 10911 D filemap : ~FileMap ummap /storage/emulated/0/Android/data/com.android.browser/files/update/Browser_20170116.apk

03-01 15:06:13.971  9738 10911 D filemap : ~FileMap mDataPtr: 0x9a515421, mDataLength: 287356 mDataOffset: 34255905

03-01 15:06:14.006  9738 10911 D ~FileMap: #00 pc 0000cf63  /system/lib/libutils.so (_ZN7android7FileMapD1Ev+146)

03-01 15:06:14.006  9738 10911 D ~FileMap: #01 pc 0001ea5f  /system/lib/libandroidfw.so (CloseArchive+30)

03-01 15:06:14.006  9738 10911 D ~FileMap: #02 pc 0001bde5  /system/lib/libandroidfw.so (_ZN7android9ZipFileROD2Ev+6)

03-01 15:06:14.006  9738 10911 D ~FileMap: #03 pc 0001121b  /system/lib/libandroidfw.so (_ZN7android12AssetManager9SharedZipD1Ev+46)

03-01 15:06:14.006  9738 10911 D ~FileMap: #04 pc 00011249  /system/lib/libandroidfw.so (_ZN7android12AssetManager9SharedZipD0Ev+4)

03-01 15:06:14.006  9738 10911 D ~FileMap: #05 pc 0000e8cf  /system/lib/libutils.so (_ZNK7android7RefBase9decStrongEPKv+50)

03-01 15:06:14.006  9738 10911 D ~FileMap: #06 pc 00011a59  /system/lib/libandroidfw.so (_ZN7android12AssetManager6ZipSet8closeZipEi+16)

03-01 15:06:14.006  9738 10911 D ~FileMap: #07 pc 00011a73  /system/lib/libandroidfw.so (_ZN7android12AssetManager6ZipSetD1Ev+16)

03-01 15:06:14.006  9738 10911 D ~FileMap: #08 pc 00011aeb  /system/lib/libandroidfw.so (_ZN7android12AssetManagerD1Ev+94)

03-01 15:06:14.006  9738 10911 D ~FileMap: #09 pc 00011b05  /system/lib/libandroidfw.so (_ZN7android12AssetManagerD0Ev+4)

03-01 15:06:14.006  9738 10911 D ~FileMap: #10 pc 000888c7  /system/lib/libandroid_runtime.so

03-01 15:06:14.006  9738 10911 D ~FileMap: #11 pc 0000036f  /data/dalvik-cache/arm/system@framework@boot.oat (offset 0x244a000)

03-01 15:06:14.028  9738 10911 D filemap : FileMap File size: 7770608 bytes

03-01 15:06:14.028  9738 10911 D filemap : FileMap mmap /storage/emulated/0/Download/com.qihoo.appstore_300070021.apk

03-01 15:06:14.028  9738 10911 D filemap : FileMap mDataPtr: 0x9a525ffe, mDataLength: 217564 mDataOffset: 7553022

03-01 15:06:14.055  9738 10911 D FileMap : #00 pc 0000d119  /system/lib/libutils.so (_ZN7android7FileMap6createEPKcixjb+340)

03-01 15:06:14.055  9738 10911 D FileMap : #01 pc 0001e38d  /system/lib/libandroidfw.so

03-01 15:06:14.055  9738 10911 D FileMap : #02 pc 0001ea23  /system/lib/libandroidfw.so (OpenArchive+102)

03-01 15:06:14.055  9738 10911 D FileMap : #03 pc 0001bdfb  /system/lib/libandroidfw.so (_ZN7android9ZipFileRO4openEPKc+6)

03-01 15:06:14.055  9738 10911 D FileMap : #04 pc 000118f9  /system/lib/libandroidfw.so (_ZN7android12AssetManager9SharedZipC2ERKNS_7String8El+64)

03-01 15:06:14.055  9738 10911 D FileMap : #05 pc 0001244f  /system/lib/libandroidfw.so (_ZN7android12AssetManager9SharedZip3getERKNS_7String8Eb+170)

03-01 15:06:14.055  9738 10911 D FileMap : #06 pc 0001257d  /system/lib/libandroidfw.so (_ZN7android12AssetManager6ZipSet6getZipERKNS_7String8E+40)

03-01 15:06:14.055  9738 10911 D FileMap : #07 pc 00012627  /system/lib/libandroidfw.so (_ZN7android12AssetManager24openNonAssetInPathLockedEPKcNS_5Asset10AccessModeERKNS0_10asset_pathE+106)

03-01 15:06:14.055  9738 10911 D FileMap : #08 pc 000138bf  /system/lib/libandroidfw.so (_ZN7android12AssetManager12addAssetPathERKNS_7String8EPi+158)

03-01 15:06:14.055  9738 10911 D FileMap : #09 pc 00089d39  /system/lib/libandroid_runtime.so

03-01 15:06:14.055  9738 10911 D FileMap : #10 pc 0001ba25  /data/dalvik-cache/arm/system@framework@boot.oat (offset 0x244a000)

03-01 15:06:14.058 14537 14612 D UTAnalytics:UTSqliteLogStore: pid:14537 [insert] ,, isSuccess:true,ret,8070,

03-01 15:06:14.058 14537 14612 D UTAnalytics:UTSqliteLogStore: pid:14537 [insert] ,, isSuccess:true,ret,8071,

03-01 15:06:14.070  9738 10911 D filemap : FileMap File size: 7770608 bytes

03-01 15:06:14.070  9738 10911 D filemap : FileMap mmap /storage/emulated/0/Download/com.qihoo.appstore_300070021.apk

03-01 15:06:14.070  9738 10911 D filemap : FileMap mDataPtr: 0x9de5d107, mDataLength: 38653 mDataOffset: 160007

03-01 15:06:14.082 30103 30103 W AppWatcher: type=1400 audit(0.0:4181893): avc: denied { getattr } for path="/proc/30028" dev="proc" ino=15821316 scontext=u:r:untrusted_app:s0:c512,c768 tcontext=u:r:shell:s0 tclass=dir permissive=0

03-01 15:06:14.082 30103 30103 W AppWatcher: type=1400 audit(0.0:4181894): avc: denied { getattr } for path="/proc/31384" dev="proc" ino=15821318 scontext=u:r:untrusted_app:s0:c512,c768 tcontext=u:r:shell:s0 tclass=dir permissive=0

03-01 15:06:14.092 30103 30103 W AppWatcher: type=1400 audit(0.0:4181895): avc: denied { getattr } for path="/proc/31743" dev="proc" ino=15821319 scontext=u:r:untrusted_app:s0:c512,c768 tcontext=u:r:platform_app:s0:c512,c768 tclass=dir permissive=0

03-01 15:06:14.092 30103 30103 W AppWatcher: type=1400 audit(0.0:4181896): avc: denied { getattr } for path="/proc/31808" dev="proc" ino=15893659 scontext=u:r:untrusted_app:s0:c512,c768 tcontext=u:r:kernel:s0 tclass=dir permissive=0

03-01 15:06:14.102 30103 30103 W AppWatcher: type=1400 audit(0.0:4181897): avc: denied { getattr } for path="/proc/32408" dev="proc" ino=15821321 scontext=u:r:untrusted_app:s0:c512,c768 tcontext=u:r:shell:s0 tclass=dir permissive=0

03-01 15:06:14.102 30103 30103 W AppWatcher: type=1400 audit(0.0:4181898): avc: denied { getattr } for path="/proc/32676" dev="proc" ino=15821322 scontext=u:r:untrusted_app:s0:c512,c768 tcontext=u:r:platform_app:s0:c512,c768 tclass=dir permissive=0

03-01 15:06:14.110  9738 10911 D FileMap : #00 pc 0000d119  /system/lib/libutils.so (_ZN7android7FileMap6createEPKcixjb+340)

03-01 15:06:14.110  9738 10911 D FileMap : #01 pc 0001c049  /system/lib/libandroidfw.so (_ZNK7android9ZipFileRO18createEntryFileMapEPv+60)

03-01 15:06:14.110  9738 10911 D FileMap : #02 pc 000116b7  /system/lib/libandroidfw.so (_ZN7android12AssetManager22openAssetFromZipLockedEPKNS_9ZipFileROEPvNS_5Asset10AccessModeERKNS_7String8E+54)

03-01 15:06:14.110  9738 10911 D FileMap : #03 pc 00012649  /system/lib/libandroidfw.so (_ZN7android12AssetManager24openNonAssetInPathLockedEPKcNS_5Asset10AccessModeERKNS0_10asset_pathE+140)

03-01 15:06:14.110  9738 10911 D FileMap : #04 pc 000138bf  /system/lib/libandroidfw.so (_ZN7android12AssetManager12addAssetPathERKNS_7String8EPi+158)

03-01 15:06:14.110  9738 10911 D FileMap : #05 pc 00089d39  /system/lib/libandroid_runtime.so

03-01 15:06:14.110  9738 10911 D FileMap : #06 pc 0001ba25  /data/dalvik-cache/arm/system@framework@boot.oat (offset 0x244a000)

03-01 15:06:14.110  9738 10911 D filemap : ~FileMap File size: 7770608 bytes

03-01 15:06:14.110  9738 10911 D filemap : ~FileMap ummap /storage/emulated/0/Download/com.qihoo.appstore_300070021.apk

03-01 15:06:14.110  9738 10911 D filemap : ~FileMap mDataPtr: 0x9de5d107, mDataLength: 38653 mDataOffset: 160007

03-01 15:06:14.170  9738 10911 D ~FileMap: #00 pc 0000cf63  /system/lib/libutils.so (_ZN7android7FileMapD1Ev+146)

03-01 15:06:14.170  9738 10911 D ~FileMap: #01 pc 000106d3  /system/lib/libandroidfw.so (_ZN7android16_CompressedAsset5closeEv+20)

03-01 15:06:14.170  9738 10911 D ~FileMap: #02 pc 000109cf  /system/lib/libandroidfw.so (_ZN7android16_CompressedAssetD1Ev+18)

03-01 15:06:14.170  9738 10911 D ~FileMap: #03 pc 000109ed  /system/lib/libandroidfw.so (_ZN7android16_CompressedAssetD0Ev+4)

03-01 15:06:14.170  9738 10911 D ~FileMap: #04 pc 000138d1  /system/lib/libandroidfw.so (_ZN7android12AssetManager12addAssetPathERKNS_7String8EPi+176)

03-01 15:06:14.170  9738 10911 D ~FileMap: #05 pc 00089d39  /system/lib/libandroid_runtime.so

03-01 15:06:14.171  9738 10911 D ~FileMap: #06 pc 0001ba25  /data/dalvik-cache/arm/system@framework@boot.oat (offset 0x244a000)

03-01 15:06:14.173  9738 10911 D filemap : FileMap File size: 7770608 bytes

03-01 15:06:14.173  9738 10911 D filemap : FileMap mmap /storage/emulated/0/Download/com.qihoo.appstore_300070021.apk

03-01 15:06:14.173  9738 10911 D filemap : FileMap mDataPtr: 0x994ba720, mDataLength: 260742 mDataOffset: 2926368

03-01 15:06:14.236  9738 10911 D FileMap : #00 pc 0000d119  /system/lib/libutils.so (_ZN7android7FileMap6createEPKcixjb+340)

03-01 15:06:14.236  9738 10911 D FileMap : #01 pc 0001c049  /system/lib/libandroidfw.so (_ZNK7android9ZipFileRO18createEntryFileMapEPv+60)

03-01 15:06:14.236  9738 10911 D FileMap : #02 pc 000116b7  /system/lib/libandroidfw.so (_ZN7android12AssetManager22openAssetFromZipLockedEPKNS_9ZipFileROEPvNS_5Asset10AccessModeERKNS_7String8E+54)

03-01 15:06:14.236  9738 10911 D FileMap : #03 pc 00012649  /system/lib/libandroidfw.so (_ZN7android12AssetManager24openNonAssetInPathLockedEPKcNS_5Asset10AccessModeERKNS0_10asset_pathE+140)

03-01 15:06:14.236  9738 10911 D FileMap : #04 pc 0001331f  /system/lib/libandroidfw.so (_ZNK7android12AssetManager20appendPathToResTableERKNS0_10asset_pathEPj+174)

03-01 15:06:14.236  9738 10911 D FileMap : #05 pc 000137c3  /system/lib/libandroidfw.so (_ZNK7android12AssetManager11getResTableEb+98)

03-01 15:06:14.236  9738 10911 D FileMap : #06 pc 00089761  /system/lib/libandroid_runtime.so

03-01 15:06:14.236  9738 10911 D FileMap : #07 pc 0001c581  /data/dalvik-cache/arm/system@framework@boot.oat (offset 0x244a000)

03-01 15:06:14.277  9738 10911 D filemap : FileMap File size: 7770608 bytes

03-01 15:06:14.277  9738 10911 D filemap : FileMap mmap /storage/emulated/0/Download/com.qihoo.appstore_300070021.apk

03-01 15:06:14.277  9738 10911 D filemap : FileMap mDataPtr: 0x9de5d107, mDataLength: 38653 mDataOffset: 160007

03-01 15:06:14.320  4135  4135 D wpa_supplicant: wlan0: Control interface command 'SIGNAL_POLL'

03-01 15:06:14.328  9738 10911 D FileMap : #00 pc 0000d119  /system/lib/libutils.so (_ZN7android7FileMap6createEPKcixjb+340)

03-01 15:06:14.328  9738 10911 D FileMap : #01 pc 0001c049  /system/lib/libandroidfw.so (_ZNK7android9ZipFileRO18createEntryFileMapEPv+60)

03-01 15:06:14.328  9738 10911 D FileMap : #02 pc 000116b7  /system/lib/libandroidfw.so (_ZN7android12AssetManager22openAssetFromZipLockedEPKNS_9ZipFileROEPvNS_5Asset10AccessModeERKNS_7String8E+54)

03-01 15:06:14.328  9738 10911 D FileMap : #03 pc 00012649  /system/lib/libandroidfw.so (_ZN7android12AssetManager24openNonAssetInPathLockedEPKcNS_5Asset10AccessModeERKNS0_10asset_pathE+140)

03-01 15:06:14.328  9738 10911 D FileMap : #04 pc 00012915  /system/lib/libandroidfw.so (_ZN7android12AssetManager12openNonAssetEiPKcNS_5Asset10AccessModeE+60)

03-01 15:06:14.328  9738 10911 D FileMap : #05 pc 00089173  /system/lib/libandroid_runtime.so

03-01 15:06:14.328  9738 10911 D FileMap : #06 pc 009a0e8d  /data/dalvik-cache/arm/system@framework@boot.oat (offset 0x244a000)

03-01 15:06:14.332  4135  4135 D wpa_supplicant: CTRL-DEBUG: global_ctrl_sock-sendto: sock=11 sndbuf=163840 outq=0 send_len=48

03-01 15:06:14.350  9738 10911 D filemap : ~FileMap File size: 7770608 bytes

03-01 15:06:14.350  9738 10911 D filemap : ~FileMap ummap /storage/emulated/0/Download/com.qihoo.appstore_300070021.apk

03-01 15:06:14.350  9738 10911 D filemap : ~FileMap mDataPtr: 0x9de5d107, mDataLength: 38653 mDataOffset: 160007

03-01 15:06:14.387  9738 10911 D ~FileMap: #00 pc 0000cf63  /system/lib/libutils.so (_ZN7android7FileMapD1Ev+146)

03-01 15:06:14.387  9738 10911 D ~FileMap: #01 pc 000106d3  /system/lib/libandroidfw.so (_ZN7android16_CompressedAsset5closeEv+20)

03-01 15:06:14.387  9738 10911 D ~FileMap: #02 pc 000891d7  /system/lib/libandroid_runtime.so

03-01 15:06:14.387  9738 10911 D ~FileMap: #03 pc 009a0e8d  /data/dalvik-cache/arm/system@framework@boot.oat (offset 0x244a000)

--------- beginning of system

03-01 15:06:14.406  9738 10911 W PackageParser: Ignoring duplicate uses-permissions/uses-permissions-sdk-m: android.permission.READ_EXTERNAL_STORAGE in package: com.qihoo.appstore at: Binary XML file line #218

03-01 15:06:14.547  9738 10911 D filemap : ~FileMap File size: 7770608 bytes

03-01 15:06:14.547  9738 10911 D filemap : ~FileMap ummap /storage/emulated/0/Download/com.qihoo.appstore_300070021.apk

03-01 15:06:14.547  9738 10911 D filemap : ~FileMap mDataPtr: 0x994ba720, mDataLength: 260742 mDataOffset: 2926368

03-01 15:06:14.595  9738 10911 D ~FileMap: #00 pc 0000cf63  /system/lib/libutils.so (_ZN7android7FileMapD1Ev+146)

03-01 15:06:14.595  9738 10911 D ~FileMap: #01 pc 000106d3  /system/lib/libandroidfw.so (_ZN7android16_CompressedAsset5closeEv+20)

03-01 15:06:14.595  9738 10911 D ~FileMap: #02 pc 000109cf  /system/lib/libandroidfw.so (_ZN7android16_CompressedAssetD1Ev+18)

03-01 15:06:14.595  9738 10911 D ~FileMap: #03 pc 000109ed  /system/lib/libandroidfw.so (_ZN7android16_CompressedAssetD0Ev+4)

03-01 15:06:14.595  9738 10911 D ~FileMap: #04 pc 00011213  /system/lib/libandroidfw.so (_ZN7android12AssetManager9SharedZipD1Ev+38)

03-01 15:06:14.595  9738 10911 D ~FileMap: #05 pc 00011249  /system/lib/libandroidfw.so (_ZN7android12AssetManager9SharedZipD0Ev+4)

03-01 15:06:14.596  9738 10911 D ~FileMap: #06 pc 0000e8cf  /system/lib/libutils.so (_ZNK7android7RefBase9decStrongEPKv+50)

03-01 15:06:14.596  9738 10911 D ~FileMap: #07 pc 00011a59  /system/lib/libandroidfw.so (_ZN7android12AssetManager6ZipSet8closeZipEi+16)

03-01 15:06:14.596  9738 10911 D ~FileMap: #08 pc 00011a73  /system/lib/libandroidfw.so (_ZN7android12AssetManager6ZipSetD1Ev+16)

03-01 15:06:14.596  9738 10911 D ~FileMap: #09 pc 00011aeb  /system/lib/libandroidfw.so (_ZN7android12AssetManagerD1Ev+94)

03-01 15:06:14.596  9738 10911 D ~FileMap: #10 pc 00011b05  /system/lib/libandroidfw.so (_ZN7android12AssetManagerD0Ev+4)

03-01 15:06:14.596  9738 10911 D ~FileMap: #11 pc 000888c7  /system/lib/libandroid_runtime.so

03-01 15:06:14.596  9738 10911 D ~FileMap: #12 pc 0000036f  /data/dalvik-cache/arm/system@framework@boot.oat (offset 0x244a000)

03-01 15:06:14.611  9738 10911 D filemap : ~FileMap File size: 7770608 bytes

03-01 15:06:14.612  9738 10911 D filemap : ~FileMap ummap /storage/emulated/0/Download/com.qihoo.appstore_300070021.apk

03-01 15:06:14.612  9738 10911 D filemap : ~FileMap mDataPtr: 0x9a525ffe, mDataLength: 217564 mDataOffset: 7553022

03-01 15:06:14.636   367   490 I ThermalEngine: Sensor:batt_temp:380 mC

03-01 15:06:14.640  9738 10911 D ~FileMap: #00 pc 0000cf63  /system/lib/libutils.so (_ZN7android7FileMapD1Ev+146)

03-01 15:06:14.640  9738 10911 D ~FileMap: #01 pc 0001ea5f  /system/lib/libandroidfw.so (CloseArchive+30)

03-01 15:06:14.640  9738 10911 D ~FileMap: #02 pc 0001bde5  /system/lib/libandroidfw.so (_ZN7android9ZipFileROD2Ev+6)

03-01 15:06:14.640  9738 10911 D ~FileMap: #03 pc 0001121b  /system/lib/libandroidfw.so (_ZN7android12AssetManager9SharedZipD1Ev+46)

03-01 15:06:14.640  9738 10911 D ~FileMap: #04 pc 00011249  /system/lib/libandroidfw.so (_ZN7android12AssetManager9SharedZipD0Ev+4)

03-01 15:06:14.640  9738 10911 D ~FileMap: #05 pc 0000e8cf  /system/lib/libutils.so (_ZNK7android7RefBase9decStrongEPKv+50)

03-01 15:06:14.640  9738 10911 D ~FileMap: #06 pc 00011a59  /system/lib/libandroidfw.so (_ZN7android12AssetManager6ZipSet8closeZipEi+16)

03-01 15:06:14.640  9738 10911 D ~FileMap: #07 pc 00011a73  /system/lib/libandroidfw.so (_ZN7android12AssetManager6ZipSetD1Ev+16)

03-01 15:06:14.640  9738 10911 D ~FileMap: #08 pc 00011aeb  /system/lib/libandroidfw.so (_ZN7android12AssetManagerD1Ev+94)

03-01 15:06:14.640  9738 10911 D ~FileMap: #09 pc 00011b05  /system/lib/libandroidfw.so (_ZN7android12AssetManagerD0Ev+4)

03-01 15:06:14.640  9738 10911 D ~FileMap: #10 pc 000888c7  /system/lib/libandroid_runtime.so

03-01 15:06:14.640  9738 10911 D ~FileMap: #11 pc 0000036f  /data/dalvik-cache/arm/system@framework@boot.oat (offset 0x244a000)

03-01 15:06:14.665  9738 10911 D filemap : FileMap File size: 5931313 bytes

03-01 15:06:14.665  9738 10911 D filemap : FileMap mmap /storage/emulated/0/Download/PermRoot.apk

03-01 15:06:14.665  9738 10911 D filemap : FileMap mDataPtr: 0x9de42bc4, mDataLength: 83287 mDataOffset: 5848004

03-01 15:06:14.763  9738 10911 D FileMap : #00 pc 0000d119  /system/lib/libutils.so (_ZN7android7FileMap6createEPKcixjb+340)

03-01 15:06:14.763  9738 10911 D FileMap : #01 pc 0001e38d  /system/lib/libandroidfw.so

03-01 15:06:14.763  9738 10911 D FileMap : #02 pc 0001ea23  /system/lib/libandroidfw.so (OpenArchive+102)

03-01 15:06:14.763  9738 10911 D FileMap : #03 pc 0001bdfb  /system/lib/libandroidfw.so (_ZN7android9ZipFileRO4openEPKc+6)

03-01 15:06:14.763  9738 10911 D FileMap : #04 pc 000118f9  /system/lib/libandroidfw.so (_ZN7android12AssetManager9SharedZipC2ERKNS_7String8El+64)

03-01 15:06:14.763  9738 10911 D FileMap : #05 pc 0001244f  /system/lib/libandroidfw.so (_ZN7android12AssetManager9SharedZip3getERKNS_7String8Eb+170)

03-01 15:06:14.763  9738 10911 D FileMap : #06 pc 0001257d  /system/lib/libandroidfw.so (_ZN7android12AssetManager6ZipSet6getZipERKNS_7String8E+40)

03-01 15:06:14.763  9738 10911 D FileMap : #07 pc 00012627  /system/lib/libandroidfw.so (_ZN7android12AssetManager24openNonAssetInPathLockedEPKcNS_5Asset10AccessModeERKNS0_10asset_pathE+106)

03-01 15:06:14.763  9738 10911 D FileMap : #08 pc 000138bf  /system/lib/libandroidfw.so (_ZN7android12AssetManager12addAssetPathERKNS_7String8EPi+158)

03-01 15:06:14.763  9738 10911 D FileMap : #09 pc 00089d39  /system/lib/libandroid_runtime.so

03-01 15:06:14.763  9738 10911 D FileMap : #10 pc 0001ba25  /data/dalvik-cache/arm/system@framework@boot.oat (offset 0x244a000)

03-01 15:06:14.778  9738 10911 D filemap : FileMap File size: 5931313 bytes

03-01 15:06:14.778  9738 10911 D filemap : FileMap mmap /storage/emulated/0/Download/PermRoot.apk

03-01 15:06:14.778  9738 10911 D filemap : FileMap mDataPtr: 0x9e176fa9, mDataLength: 16574 mDataOffset: 57257

03-01 15:06:14.877  9738 10911 D FileMap : #00 pc 0000d119  /system/lib/libutils.so (_ZN7android7FileMap6createEPKcixjb+340)

03-01 15:06:14.877  9738 10911 D FileMap : #01 pc 0001c049  /system/lib/libandroidfw.so (_ZNK7android9ZipFileRO18createEntryFileMapEPv+60)

03-01 15:06:14.877  9738 10911 D FileMap : #02 pc 000116b7  /system/lib/libandroidfw.so (_ZN7android12AssetManager22openAssetFromZipLockedEPKNS_9ZipFileROEPvNS_5Asset10AccessModeERKNS_7String8E+54)

03-01 15:06:14.877  9738 10911 D FileMap : #03 pc 00012649  /system/lib/libandroidfw.so (_ZN7android12AssetManager24openNonAssetInPathLockedEPKcNS_5Asset10AccessModeERKNS0_10asset_pathE+140)

03-01 15:06:14.877  9738 10911 D FileMap : #04 pc 000138bf  /system/lib/libandroidfw.so (_ZN7android12AssetManager12addAssetPathERKNS_7String8EPi+158)

03-01 15:06:14.877  9738 10911 D FileMap : #05 pc 00089d39  /system/lib/libandroid_runtime.so

03-01 15:06:14.877  9738 10911 D FileMap : #06 pc 0001ba25  /data/dalvik-cache/arm/system@framework@boot.oat (offset 0x244a000)

03-01 15:06:14.877  9738 10911 D filemap : ~FileMap File size: 5931313 bytes

03-01 15:06:14.877  9738 10911 D filemap : ~FileMap ummap /storage/emulated/0/Download/PermRoot.apk

03-01 15:06:14.877  9738 10911 D filemap : ~FileMap mDataPtr: 0x9e176fa9, mDataLength: 16574 mDataOffset: 57257

03-01 15:06:14.926  9738 10911 D ~FileMap: #00 pc 0000cf63  /system/lib/libutils.so (_ZN7android7FileMapD1Ev+146)

03-01 15:06:14.926  9738 10911 D ~FileMap: #01 pc 000106d3  /system/lib/libandroidfw.so (_ZN7android16_CompressedAsset5closeEv+20)

03-01 15:06:14.926  9738 10911 D ~FileMap: #02 pc 000109cf  /system/lib/libandroidfw.so (_ZN7android16_CompressedAssetD1Ev+18)

03-01 15:06:14.926  9738 10911 D ~FileMap: #03 pc 000109ed  /system/lib/libandroidfw.so (_ZN7android16_CompressedAssetD0Ev+4)

03-01 15:06:14.926  9738 10911 D ~FileMap: #04 pc 000138d1  /system/lib/libandroidfw.so (_ZN7android12AssetManager12addAssetPathERKNS_7String8EPi+176)

03-01 15:06:14.926  9738 10911 D ~FileMap: #05 pc 00089d39  /system/lib/libandroid_runtime.so

03-01 15:06:14.926  9738 10911 D ~FileMap: #06 pc 0001ba25  /data/dalvik-cache/arm/system@framework@boot.oat (offset 0x244a000)

03-01 15:06:14.927  9738 10911 D filemap : FileMap File size: 5931313 bytes

03-01 15:06:14.927  9738 10911 D filemap : FileMap mmap /storage/emulated/0/Download/PermRoot.apk

03-01 15:06:14.927  9738 10911 D filemap : FileMap mDataPtr: 0x9a507208, mDataLength: 346556 mDataOffset: 5501448

03-01 15:06:14.976  9738 10911 D FileMap : #00 pc 0000d119  /system/lib/libutils.so (_ZN7android7FileMap6createEPKcixjb+340)

03-01 15:06:14.976  9738 10911 D FileMap : #01 pc 0001c049  /system/lib/libandroidfw.so (_ZNK7android9ZipFileRO18createEntryFileMapEPv+60)

03-01 15:06:14.976  9738 10911 D FileMap : #02 pc 000116b7  /system/lib/libandroidfw.so (_ZN7android12AssetManager22openAssetFromZipLockedEPKNS_9ZipFileROEPvNS_5Asset10AccessModeERKNS_7String8E+54)

03-01 15:06:14.976  9738 10911 D FileMap : #03 pc 00012649  /system/lib/libandroidfw.so (_ZN7android12AssetManager24openNonAssetInPathLockedEPKcNS_5Asset10AccessModeERKNS0_10asset_pathE+140)

03-01 15:06:14.976  9738 10911 D FileMap : #04 pc 0001331f  /system/lib/libandroidfw.so (_ZNK7android12AssetManager20appendPathToResTableERKNS0_10asset_pathEPj+174)

03-01 15:06:14.976  9738 10911 D FileMap : #05 pc 000137c3  /system/lib/libandroidfw.so (_ZNK7android12AssetManager11getResTableEb+98)

03-01 15:06:14.977  9738 10911 D FileMap : #06 pc 00089761  /system/lib/libandroid_runtime.so

03-01 15:06:14.977  9738 10911 D FileMap : #07 pc 0001c581  /data/dalvik-cache/arm/system@framework@boot.oat (offset 0x244a000)

03-01 15:06:14.991  9738 10911 D filemap : FileMap File size: 5931313 bytes

03-01 15:06:14.991  9738 10911 D filemap : FileMap mmap /storage/emulated/0/Download/PermRoot.apk

03-01 15:06:14.991  9738 10911 D filemap : FileMap mDataPtr: 0x9e176fa9, mDataLength: 16574 mDataOffset: 57257

03-01 15:06:15.039  9738 10911 D FileMap : #00 pc 0000d119  /system/lib/libutils.so (_ZN7android7FileMap6createEPKcixjb+340)

03-01 15:06:15.039  9738 10911 D FileMap : #01 pc 0001c049  /system/lib/libandroidfw.so (_ZNK7android9ZipFileRO18createEntryFileMapEPv+60)

03-01 15:06:15.039  9738 10911 D FileMap : #02 pc 000116b7  /system/lib/libandroidfw.so (_ZN7android12AssetManager22openAssetFromZipLockedEPKNS_9ZipFileROEPvNS_5Asset10AccessModeERKNS_7String8E+54)

03-01 15:06:15.039  9738 10911 D FileMap : #03 pc 00012649  /system/lib/libandroidfw.so (_ZN7android12AssetManager24openNonAssetInPathLockedEPKcNS_5Asset10AccessModeERKNS0_10asset_pathE+140)

03-01 15:06:15.039  9738 10911 D FileMap : #04 pc 00012915  /system/lib/libandroidfw.so (_ZN7android12AssetManager12openNonAssetEiPKcNS_5Asset10AccessModeE+60)

03-01 15:06:15.039  9738 10911 D FileMap : #05 pc 00089173  /system/lib/libandroid_runtime.so

03-01 15:06:15.039  9738 10911 D FileMap : #06 pc 009a0e8d  /data/dalvik-cache/arm/system@framework@boot.oat (offset 0x244a000)

03-01 15:06:15.053  9738 10911 D filemap : ~FileMap File size: 5931313 bytes

03-01 15:06:15.053  9738 10911 D filemap : ~FileMap ummap /storage/emulated/0/Download/PermRoot.apk

03-01 15:06:15.053  9738 10911 D filemap : ~FileMap mDataPtr: 0x9e176fa9, mDataLength: 16574 mDataOffset: 57257

03-01 15:06:15.109 14472 14488 I art     : Background concurrent mark sweep GC freed 290946(16MB) AllocSpace objects, 0(0B) LOS objects, 95% free, 810KB/16MB, paused 1.514ms total 139.014ms

03-01 15:06:15.139  9738 10911 D ~FileMap: #00 pc 0000cf63  /system/lib/libutils.so (_ZN7android7FileMapD1Ev+146)

03-01 15:06:15.143  9738 10911 D ~FileMap: #01 pc 000106d3  /system/lib/libandroidfw.so (_ZN7android16_CompressedAsset5closeEv+20)

03-01 15:06:15.143  9738 10911 D ~FileMap: #02 pc 000891d7  /system/lib/libandroid_runtime.so

03-01 15:06:15.143  9738 10911 D ~FileMap: #03 pc 009a0e8d  /data/dalvik-cache/arm/system@framework@boot.oat (offset 0x244a000)

03-01 15:06:15.237  9738 10911 D filemap : ~FileMap File size: 5931313 bytes

03-01 15:06:15.237  9738 10911 D filemap : ~FileMap ummap /storage/emulated/0/Download/PermRoot.apk

03-01 15:06:15.237  9738 10911 D filemap : ~FileMap mDataPtr: 0x9a507208, mDataLength: 346556 mDataOffset: 5501448

03-01 15:06:15.254  4218  6612 D FrozenAppController: FrozenAPP, is HasProcessOOMTooLow

03-01 15:06:15.254  4218  6612 D FrozenAppController: >>> event = 22 >>> state = 2 uid 10098

03-01 15:06:15.254  4218  6612 V FrozenAppController:     >>>>  MSG_FROZEN_APP : { uid: 10098 mState:2 mEvent:22 mIsForeground:false mLocationPolicy:255}

03-01 15:06:15.340  9738 10911 D ~FileMap: #00 pc 0000cf63  /system/lib/libutils.so (_ZN7android7FileMapD1Ev+146)

03-01 15:06:15.340  9738 10911 D ~FileMap: #01 pc 000105d3  /system/lib/libandroidfw.so (_ZN7android10_FileAsset5closeEv+10)

03-01 15:06:15.340  9738 10911 D ~FileMap: #02 pc 00010997  /system/lib/libandroidfw.so (_ZN7android10_FileAssetD1Ev+14)

03-01 15:06:15.340  9738 10911 D ~FileMap: #03 pc 000109ad  /system/lib/libandroidfw.so (_ZN7android10_FileAssetD0Ev+4)

03-01 15:06:15.340  9738 10911 D ~FileMap: #04 pc 00011213  /system/lib/libandroidfw.so (_ZN7android12AssetManager9SharedZipD1Ev+38)

03-01 15:06:15.340  9738 10911 D ~FileMap: #05 pc 00011249  /system/lib/libandroidfw.so (_ZN7android12AssetManager9SharedZipD0Ev+4)

03-01 15:06:15.340  9738 10911 D ~FileMap: #06 pc 0000e8cf  /system/lib/libutils.so (_ZNK7android7RefBase9decStrongEPKv+50)

03-01 15:06:15.340  9738 10911 D ~FileMap: #07 pc 00011a59  /system/lib/libandroidfw.so (_ZN7android12AssetManager6ZipSet8closeZipEi+16)

03-01 15:06:15.340  9738 10911 D ~FileMap: #08 pc 00011a73  /system/lib/libandroidfw.so (_ZN7android12AssetManager6ZipSetD1Ev+16)

03-01 15:06:15.340  9738 10911 D ~FileMap: #09 pc 00011aeb  /system/lib/libandroidfw.so (_ZN7android12AssetManagerD1Ev+94)

03-01 15:06:15.340  9738 10911 D ~FileMap: #10 pc 00011b05  /system/lib/libandroidfw.so (_ZN7android12AssetManagerD0Ev+4)

03-01 15:06:15.340  9738 10911 D ~FileMap: #11 pc 000888c7  /system/lib/libandroid_runtime.so

03-01 15:06:15.340  9738 10911 D ~FileMap: #12 pc 0000036f  /data/dalvik-cache/arm/system@framework@boot.oat (offset 0x244a000)

03-01 15:06:15.347  9738 10911 D filemap : ~FileMap File size: 5931313 bytes

03-01 15:06:15.347  9738 10911 D filemap : ~FileMap ummap /storage/emulated/0/Download/PermRoot.apk

03-01 15:06:15.347  9738 10911 D filemap : ~FileMap mDataPtr: 0x9de42bc4, mDataLength: 83287 mDataOffset: 5848004

03-01 15:06:15.432  9738 10911 D ~FileMap: #00 pc 0000cf63  /system/lib/libutils.so (_ZN7android7FileMapD1Ev+146)

03-01 15:06:15.432  9738 10911 D ~FileMap: #01 pc 0001ea5f  /system/lib/libandroidfw.so (CloseArchive+30)

03-01 15:06:15.432  9738 10911 D ~FileMap: #02 pc 0001bde5  /system/lib/libandroidfw.so (_ZN7android9ZipFileROD2Ev+6)

03-01 15:06:15.432  9738 10911 D ~FileMap: #03 pc 0001121b  /system/lib/libandroidfw.so (_ZN7android12AssetManager9SharedZipD1Ev+46)

03-01 15:06:15.432  9738 10911 D ~FileMap: #04 pc 00011249  /system/lib/libandroidfw.so (_ZN7android12AssetManager9SharedZipD0Ev+4)

03-01 15:06:15.432  9738 10911 D ~FileMap: #05 pc 0000e8cf  /system/lib/libutils.so (_ZNK7android7RefBase9decStrongEPKv+50)

03-01 15:06:15.432  9738 10911 D ~FileMap: #06 pc 00011a59  /system/lib/libandroidfw.so (_ZN7android12AssetManager6ZipSet8closeZipEi+16)

03-01 15:06:15.432  9738 10911 D ~FileMap: #07 pc 00011a73  /system/lib/libandroidfw.so (_ZN7android12AssetManager6ZipSetD1Ev+16)

03-01 15:06:15.432  9738 10911 D ~FileMap: #08 pc 00011aeb  /system/lib/libandroidfw.so (_ZN7android12AssetManagerD1Ev+94)

03-01 15:06:15.432  9738 10911 D ~FileMap: #09 pc 00011b05  /system/lib/libandroidfw.so (_ZN7android12AssetManagerD0Ev+4)

03-01 15:06:15.432  9738 10911 D ~FileMap: #10 pc 000888c7  /system/lib/libandroid_runtime.so

03-01 15:06:15.432  9738 10911 D ~FileMap: #11 pc 0000036f  /data/dalvik-cache/arm/system@framework@boot.oat (offset 0x244a000)

03-01 15:06:15.451  9738 10911 D filemap : FileMap File size: 43280112 bytes

03-01 15:06:15.451  9738 10911 D filemap : FileMap mmap /storage/emulated/0/Tencent/QQfile_recv/HomeMate 2.2.0.201.apk

03-01 15:06:15.452  9738 10911 D filemap : FileMap mDataPtr: 0x99496e00, mDataLength: 407770 mDataOffset: 42872320

