03-30 10:37:21.472 12852 12852 D HomeMate: allen[ main: HomeFragment.java:291 onRefreshFamilies() ] - families:[Family{familyId='ea4205a93f1c46b4a6df9bb391513dd9', pic='null', creator='91a31ba24648493aad89636922662c04', familyName='ojrtx', nickname_in_family='null', email='15079034630@126.com', phone='', showIndex=1, isAdmin=1, userid='91a31ba24648493aad89636922662c04', userName=ahdhhddhhd, updateTimeSec=1490841108000} , Family{familyId='7c9d5013119f46a2a89fe662794afe17', pic='null', creator='91a31ba24648493aad89636922662c04', familyName='gggy', nickname_in_family='null', email='15079034630@126.com', phone='', showIndex=2, isAdmin=1, userid='91a31ba24648493aad89636922662c04', userName=ahdhhddhhd, updateTimeSec=1490702078000} , Family{familyId='2f2e636022b94e218b3c2f9756c65cc5', pic='http://homemate.orvibo.com/images/family/decd605137a041d3943517d8943621bf.png', creator='91a31ba24648493aad89636922662c04', familyName='f30ow', nickname_in_family='null', email='15079034630@126.com', phone='', showIndex=3, isAdmin=1, userid='91a31ba24648493aad89636922662c04', userName=ahdhhddhhd, updateTimeSec=1490702078000} , Family{familyId='8a1ceb7b78034a539fbebe64efd979fc', pic='http://homemate.orvibo.com/images/family/5d1549631bde4bba877fa28498755239.png', creator='91a31ba24648493aad89636922662c04', familyName='2fa1b', nickname_in_family='null', email='15079034630@126.com', phone='', showIndex=4, isAdmin=1, userid='91a31ba24648493aad89636922662c04', userName=ahdhhddhhd, updateTimeSec=1490702078000} , Family{familyId='dbc10e32ebe547cc932bce19fe63d2c1', pic='http://homemate.orvibo.com/images/family/783967619a144ff182042bce99002bb1.png', creator='91a31ba24648493aad89636922662c04', familyName='iu299', nickname_in_family='null', email='15079034630@126.com', phone='', showIndex=5, isAdmin=1, userid='91a31ba24648493aad89636922662c04', userName=ahdhhddhhd, updateTimeSec=1490702078000} ] selectFamilyPosition:0

03-30 10:37:21.488 12852 12852 D HomeMate: comm[ main: HomeFragment.java:382 doRefreshRooms() ] - HomeRefresh-do refresh

03-30 10:37:21.489 12852 12852 D HomeMate: allen[ main: HomeFragment.java:385 doRefreshRooms() ] - rooms:[Room{roomId='ea4205a93f1c46b4a6df9bb391513dd9', roomName='é»˜è®¤æˆ¿é—´', floorId='714c9032b3ef488bbfe77bff438d53a4', roomType=0, sequence=0, isDefaultRoom=false, imgUrl='/storage/emulated/0/HomeMate/room/6_thumb'} BaseBo{delFlag=0, updateTime='0', createTime='0', updateTimeSec=0, uid='null', userName='null'}] selectRoomPosition:0

03-30 10:37:21.492 12852 12852 D HomeMate: comm[ main: BaseFragment.java:74 onAttach() ] - HomePagerFragment

03-30 10:37:21.493 12852 12852 D HomeMate: allen[ main: HomePagerFragment.java:120 onCreateView() ] - onCreateView()

03-30 10:37:21.494 12852 12852 V BoostFramework: BoostFramework() : mPerf = com.qualcomm.qti.Performance@aaebe95

03-30 10:37:21.495 12852 12852 V BoostFramework: BoostFramework() : mPerf = com.qualcomm.qti.Performance@6b6bbaa

03-30 10:37:21.497 12852 12852 V BoostFramework: BoostFramework() : mPerf = com.qualcomm.qti.Performance@7475338

03-30 10:37:21.497 12852 12852 V BoostFramework: BoostFramework() : mPerf = com.qualcomm.qti.Performance@a09af11

03-30 10:37:21.498 12852 12852 D HomeMate: allen[ main: HomePagerFragment.java:186 onActivityCreated() ] - onActivityCreated()

03-30 10:37:21.500 12852 12852 D HomeMate: comm[ main: PropertyReport.java:94 registerNewPropertyReport() ] - registerNewPropertyReport()-listener:com.orvibo.homemate.device.home.HomeDevicePresenter@19ce876

03-30 10:37:21.501 12852 12852 D HomeMate: allen[ main: HomeDevicePresenter.java:110 refresh() ] - Start to init devices.

03-30 10:37:21.502 12852 12852 D HomeMate: allen[ main: HomeDevicePresenter.java:114 refresh() ] - Show devices from Room{roomId='ea4205a93f1c46b4a6df9bb391513dd9', roomName='é»˜è®¤æˆ¿é—´', floorId='714c9032b3ef488bbfe77bff438d53a4', roomType=0, sequence=0, isDefaultRoom=false, imgUrl='/storage/emulated/0/HomeMate/room/6_thumb'} BaseBo{delFlag=0, updateTime='0', createTime='0', updateTimeSec=0, uid='null', userName='null'}

03-30 10:37:21.506 12852 12852 D HomeMate: allen[ main: HomeDevicePresenter.java:116 refresh() ] - devices [Device{uid=5ccf7fda9b5e, deviceName=S30æ™ºèƒ½æ’åº§, deviceId=040c8e12fd4d4f3192d9a5378cf8b149, appDeviceId=65533, deviceType=29, roomId=, company='', delFlag=0, extAddr='', endpoint=-1, irDeviceId=, sequence=0, model='62f1da0474434509923b2dc947a0f14c', updateTime=1490840335000(2017-03-30 10:18:55), userName=null} ]

03-30 10:37:21.508 12852 12852 D HomeMate: allen[ main: HomeDevicePresenter.java:121 refresh() ] - other devices []

03-30 10:37:21.511 12852 12852 D HomeMate: allen[ main: HomeDevicePresenter.java:155 refreshDeviceStatus() ] - deviceStatusMap {040c8e12fd4d4f3192d9a5378cf8b149=Action{uid=5ccf7fda9b5e, deviceId=040c8e12fd4d4f3192d9a5378cf8b149, command='null', value1=0, value2=0, value3=0, value4=0, alarmType=1, delayTime=0, keyName='null', freq=0, name=, pluseNum=0, pluseData=null} }

03-30 10:37:21.512 12852 12852 D HomeMate: allen[ main: HomePagerFragment.java:229 onDeviceInit() ] - devices:[Device{uid=5ccf7fda9b5e, deviceName=S30æ™ºèƒ½æ’åº§, deviceId=040c8e12fd4d4f3192d9a5378cf8b149, appDeviceId=65533, deviceType=29, roomId=, company='', delFlag=0, extAddr='', endpoint=-1, irDeviceId=, sequence=0, model='62f1da0474434509923b2dc947a0f14c', updateTime=1490840335000(2017-03-30 10:18:55), userName=null} ],otherDevices:[]

03-30 10:37:21.516 12852 12852 D HomeMate: allen[ main: HomePagerFragment.java:279 onDeviceInit() ] - Show devices

03-30 10:37:21.517 12852 12852 D HomeMate: allen[ main: HomeDevicePresenter.java:129 refresh() ] - Finish to init device. cost 15ms

03-30 10:37:21.517 12852 12852 D HomeMate: comm[ main: DeviceUtil.java:953 getEnergyDevices() ] - familyId:ea4205a93f1c46b4a6df9bb391513dd9

03-30 10:37:21.520 12852 12852 D HomeMate: comm[ main: DeviceUtil.java:989 getEnergyDevices() ] - energyRemindDevices:[]

03-30 10:37:21.520 12852 12852 I HomeMate: wei[ main: RoomCommonSceneDao.java:46 selRoomCommonScene() ] - select * from scene inner join roomcommonscene on scene.sceneNo = roomcommonscene.sceneNo where roomcommonscene.userId = ? and roomcommonscene.roomId = ? order by roomcommonscene.sceneSequence ASC

03-30 10:37:21.529 12852 12852 D HomeMate: comm[ main: RoomImageUtil.java:275 getRoomImagePathByName() ] - RoomImageUtil: getRoomImagePathByName(file.exists == false !)

03-30 10:37:21.529 12852 12852 D HomeMate: comm[ main: HomePagerFragment.java:349 setRoomImage() ] - room:Room{roomId='ea4205a93f1c46b4a6df9bb391513dd9', roomName='é»˜è®¤æˆ¿é—´', floorId='714c9032b3ef488bbfe77bff438d53a4', roomType=0, sequence=0, isDefaultRoom=false, imgUrl='/storage/emulated/0/HomeMate/room/6_thumb'} BaseBo{delFlag=0, updateTime='0', createTime='0', updateTimeSec=0, uid='null', userName='null'}   file.exists()->true

03-30 10:37:21.530 12852 12852 D HomeMate: allen[ main: HomePagerFragment.java:202 onStart() ] - onStart()

03-30 10:37:21.531 12852 12852 D HomeMate: allen[ main: HomePagerFragment.java:208 onResume() ] - onResume()

03-30 10:37:21.535 12852 12852 E RecyclerView: No adapter attached; skipping layout

03-30 10:37:21.575  6151  6186 I octvm_klo: read wakeups from wakealarm_fd:1

03-30 10:37:21.575  6151  6186 I octvm_klo: new timerfd interval:

03-30 10:37:21.575  6151  6186 I octvm_klo: 	itval.it_interval.tv_sec 1, itval.it_interval.tv_nsec 0

03-30 10:37:21.575  6151  6186 I octvm_klo: 	itval.it_value.tv_sec 0, itval.it_value.tv_nsec 999992135

03-30 10:37:21.621 12852 12852 D HomeMate: comm[ main: MainPresenter.java:804 handleMessage() ] - Start to check unbind device

03-30 10:37:21.630 12852 12954 D HomeMate: comm[ pool-6-thread-1: SearchDevice.java:136 searchWifiDevice() ] - searchWifiDevice()

03-30 10:37:21.634 12852 12852 D HomeMate: comm[ main: QueryUnbinds.java:69 queryAllWifiDevices() ] - QueryUnbinds.queryWifiSockets

03-30 10:37:21.637 12852 12965 I HomeMate: comm[ pool-6-thread-2: BaseRequest.java:118 doRequestAsync() ] - registerEvent: com.orvibo.homemate.device.searchdevice.SearchDevice$2@2e32b75

03-30 10:37:21.639 12852 12965 D HomeMate: comm[ pool-6-thread-2: BaseRequest.java:978 saveSerial() ] - Record serial 2025381701 on com.orvibo.homemate.device.searchdevice.SearchDevice$2@2e32b75

03-30 10:37:21.640 12852 12971 D HomeMate: comm[ pool-4-thread-1: MinaSocket.java:139 send() ] - target:server,position:server start request.requestConfig:RequestConfig{state=2, type=0, target=1, requestConf=RequestConf{totalCount=2, intervalTime=3500, lastTimeoutTime=5000}},messageLength:90

03-30 10:37:21.640 12852 12971 D HomeMate: sConnectFutures:{server=org.apache.mina.core.polling.AbstractPollingIoConnector$ConnectionRequest@f063a20}

03-30 10:37:21.641 12852 12971 I HomeMate: comm[ pool-4-thread-1: CodecEncoder.java:44 encode() ] - encode()-ç¼–ç å®Œæˆ,å‘IP:/192.168.2.242:10001å†™æ•°æ?(90):68,64,00,5a,64,6b,ed,72,c5,93,64,32,37,33,33,31,36,31,37,66,31,37,34,61,63,64,61,36,37,66,64,64,33,37,30,34,35,65,33,65,38,32,16,07,bd,eb,1d,5b,39,77,51,0e,81,6d,b8,86,40,45,87,fb,bc,ee,fd,64,c7,d3,61,1f,37,1e,2e,71,31,c8,23,50,9d,e6,85,d1,27,73,f7,42,a6,02,2d,4d,4c,1d

03-30 10:37:21.643 12852 12971 D HomeMate: comm[ pool-4-thread-1: MinaSocket.java:157 send() ] - isWritten:true,ioSession:(0x00000001: nio socket, client, /192.168.56.181:46850 => /192.168.2.242:10001)

03-30 10:37:21.644 12852 12971 V HomeMate: comm[ pool-4-thread-1: BaseRequest.java:180 onAsyncTick() ] - Send command:Command{

03-30 10:37:21.644 12852 12971 V HomeMate: uid='server'

03-30 10:37:21.644 12852 12971 V HomeMate: serial=2025381701

03-30 10:37:21.644 12852 12971 V HomeMate: cmd=66

03-30 10:37:21.644 12852 12971 V HomeMate: crc='ED72C593'

03-30 10:37:21.644 12852 12971 V HomeMate: requestConfig=RequestConfig{state=2, type=0, target=1, requestConf=RequestConf{totalCount=2, intervalTime=3500, lastTimeoutTime=5000}}

03-30 10:37:21.644 12852 12971 V HomeMate: jsonObject={"cmd":66,"serial":2025381701,"ver":"2.3.0"}}

03-30 10:37:21.908 12852 12940 D UTAnalytics:LogStoreMgr: pid:12852 [store],

03-30 10:37:21.918   379   472 I ThermalEngine: Sensor:tsens_tz_sensor5:50000 mC

03-30 10:37:21.921   379   516 I ThermalEngine: Sensor:tsens_tz_sensor5:50000 mC

03-30 10:37:21.921   379   516 I ThermalEngine: TM Id 'CPU0_MONITOR' Sensor 'cpu0' - alarm cleared 1 at 50.0 degC

03-30 10:37:21.922   379   516 I ThermalEngine: ACTION: CPU - Setting CPU[0] to 2457600

03-30 10:37:21.923   379   516 I ThermalEngine: Mitigation:CPU[0]:2457600 Khz

03-30 10:37:21.923   379   516 I ThermalEngine: ACTION: CPU - Setting CPU[1] to 2457600

03-30 10:37:21.924   379   516 E ThermalEngine: Failed to set desired CPU[1] frequency limit to 2457600

03-30 10:37:21.924   379   516 I ThermalEngine: ACTION: CPU - Setting CPU[2] to 2457600

03-30 10:37:21.924   379   516 E ThermalEngine: Failed to set desired CPU[2] frequency limit to 2457600

03-30 10:37:21.924   379   516 I ThermalEngine: ACTION: CPU - Setting CPU[3] to 2457600

03-30 10:37:21.925   379   516 I ThermalEngine: Mitigation:CPU[3]:2457600 Khz

03-30 10:37:21.977 12852 12940 D UTAnalytics:UTSqliteLogStore: pid:12852 [insert] ,, isSuccess:true,ret,2246,

03-30 10:37:21.978 12852 12940 D UTAnalytics:UTSqliteLogStore: pid:12852 [insert] ,, isSuccess:true,ret,2247,

--------- beginning of system

03-30 10:37:21.981  2044  2057 D SystemSettings: Want to modify SystemSettings? See MiuiSettings.System.PUBLIC_SETTINGS

03-30 10:37:21.981  2044  2057 W SettingsProvider: You shouldn't keep your settings in the secure settings. This will soon become an error.

03-30 10:37:22.113 12852 13001 D HomeMate: comm[ NioProcessor-7: CodecDecoder.java:44 doDecode() ] - hd:6864,actualLen:106

03-30 10:37:22.118 12852 13001 I HomeMate: comm[ NioProcessor-7: CodecDecoder.java:76 doDecode() ] - æŽ¥æ”¶åˆ°IP:192.168.2.242çš„æ•°æ®ï¼š68,64,0,6a,64,6b,2,57,c0,58,64,32,37,33,33,31,36,31,37,66,31,37,34,61,63,64,61,36,37,66,64,64,33,37,30,34,35,65,33,65,38,32,83,ee,3c,f7,8,35,c2,81,51,1e,4b,78,46,b,a7,f9,a0,e4,68,44,a8,78,c0,75,db,bd,d6,c7,fe,9d,ad,33,fc,46,15,45,9,16,6c,21,ad,6c,b,3a,da,3e,2a,94,4,c6,e6,11,b9,bd,34,58,a,36,33,cc,5b,62,8f,51

03-30 10:37:22.119 12852 13002 I HomeMate: comm[ pool-5-thread-1: SocketUtil.java:70 progressMessage() ] - protocolType[dk],crc:0257C058,sessionId:d27331617f174acda67fdd37045e3e82,jsonLen:64,ip:192.168.2.242,port:10001

03-30 10:37:22.121 12852 13002 I HomeMate: comm[ pool-5-thread-1: SocketUtil.java:108 progressMessage() ] - After decrypt json[{"serial":2025381701,"deviceList":"[]","cmd":66,"status":0}]

03-30 10:37:22.124 12852 13002 D HomeMate: comm[ pool-5-thread-1: ProcessPayload.java:3044 parseJson2DeviceList() ] - count = 0

03-30 10:37:22.125 12852 12852 D HomeMate: comm[ main: QueryUnbinds.java:98 onEventMainThread() ] - QueryUnbinds.onEventMainThread event.getDeviceUnbindList() = []

03-30 10:37:22.125 12852 12852 D HomeMate: comm[ main: QueryUnbinds.java:99 onEventMainThread() ] - QueryUnbinds onEventMainThread configAp:false

03-30 10:37:22.125 12852 12852 D HomeMate: comm[ main: BaseRequest.java:511 stopRequest() ] -  Stop request com.orvibo.homemate.device.searchdevice.SearchDevice$2@2e32b75

03-30 10:37:22.275   379   493 I ThermalEngine: Sensor:batt_temp:351 mC

03-30 10:37:22.501  3745  3745 D wpa_supplicant: nl80211: Event message available

03-30 10:37:22.501  3745  3745 D wpa_supplicant: nl80211: Drv Event 34 (NL80211_CMD_NEW_SCAN_RESULTS) received for wlan0

03-30 10:37:22.501  3745  3745 D wpa_supplicant: wlan0: nl80211: New scan results available

03-30 10:37:22.501  3745  3745 D wpa_supplicant: nl80211: Scan included frequencies: 2412 2417 2422 2427 2432 2437 2442 2447 2452 2457 2462 2467 2472 5180 5200 5220 5240 5260 5280 5300 5320 5745 5765 5785 5805 5825

03-30 10:37:22.501  3745  3745 D wpa_supplicant: wlan0: Event SCAN_RESULTS (3) received

03-30 10:37:22.501  3745  3745 D wpa_supplicant: wlan0: Scan completed in 2.293970 seconds

03-30 10:37:22.502  3745  3745 D wpa_supplicant: nl80211: Associated on 5280 MHz

03-30 10:37:22.502  3745  3745 D wpa_supplicant: nl80211: Associated with cc:81:da:9c:13:28

03-30 10:37:22.502  3745  3745 D wpa_supplicant: nl80211: Received scan results (34 BSSes)

03-30 10:37:22.502  3745  3745 D wpa_supplicant: nl80211: Scan results indicate BSS status with cc:81:da:9c:13:28 as associated

03-30 10:37:22.502  3745  3745 D wpa_supplicant: wlan0: BSS: Start scan result update 5249

03-30 10:37:22.502  3745  3745 D wpa_supplicant: wlan0: BSS: Add new id 8608 BSSID e0:10:7f:0b:eb:b8 SSID 'ORVIBO'

03-30 10:37:22.502  3745  3745 D wpa_supplicant: CTRL-DEBUG: ctrl_sock-sendmsg: sock=11 sndbuf=163840 outq=0 send_len=43

03-30 10:37:22.502  3745  3745 D wpa_supplicant: CTRL_IFACE monitor sent successfully to /data/misc/wifi/sockets/wpa_ctrl_2044-2\x00

03-30 10:37:22.502  3745  3745 D wpa_supplicant: wlan0: BSS: Add new id 8609 BSSID 30:b4:9e:41:40:68 SSID 'LieBaoWiFi740'

03-30 10:37:22.502  3745  3745 D wpa_supplicant: CTRL-DEBUG: ctrl_sock-sendmsg: sock=11 sndbuf=163840 outq=448 send_len=43

03-30 10:37:22.502  3745  3745 D wpa_supplicant: CTRL_IFACE monitor sent successfully to /data/misc/wifi/sockets/wpa_ctrl_2044-2\x00

03-30 10:37:22.502  3745  3745 D wpa_supplicant: wlan0: BSS: Add new id 8610 BSSID e0:10:7f:4b:eb:b8 SSID 'WX-ORVIBO-Guest'

03-30 10:37:22.503  3745  3745 D wpa_supplicant: CTRL-DEBUG: ctrl_sock-sendmsg: sock=11 sndbuf=163840 outq=896 send_len=43

03-30 10:37:22.503  3745  3745 D wpa_supplicant: CTRL_IFACE monitor sent successfully to /data/misc/wifi/sockets/wpa_ctrl_2044-2\x00

03-30 10:37:22.503  3745  3745 D wpa_supplicant: BSS: last_scan_res_used=34/64

03-30 10:37:22.503  3745  3745 D wpa_supplicant: wlan0: Scan-only results received

03-30 10:37:22.503  3745  3745 D wpa_supplicant: CTRL-DEBUG: ctrl_sock-sendmsg: sock=11 sndbuf=163840 outq=1344 send_len=24

03-30 10:37:22.503  3745  3745 D wpa_supplicant: CTRL_IFACE monitor sent successfully to /data/misc/wifi/sockets/wpa_ctrl_2044-2\x00

03-30 10:37:22.503  3745  3745 D wpa_supplicant: wlan0: Radio work 'scan'@0xb68d9398 done in 2.309383 seconds

03-30 10:37:22.511  3745  3745 D wpa_supplicant: RTM_NEWLINK: ifi_index=22 ifname=wlan0 wext ifi_family=0 ifi_flags=0x11043 ([UP][RUNNING][LOWER_UP])

03-30 10:37:22.516  3745  3745 D wpa_supplicant: CTRL-DEBUG: global_ctrl_sock-sendto: sock=11 sndbuf=163840 outq=0 send_len=3541

03-30 10:37:22.520  3745  3745 D wpa_supplicant: CTRL-DEBUG: global_ctrl_sock-sendto: sock=11 sndbuf=163840 outq=0 send_len=3797

03-30 10:37:22.523  3745  3745 D wpa_supplicant: CTRL-DEBUG: global_ctrl_sock-sendto: sock=11 sndbuf=163840 outq=0 send_len=3966

03-30 10:37:22.528  3745  3745 D wpa_supplicant: CTRL-DEBUG: global_ctrl_sock-sendto: sock=11 sndbuf=163840 outq=0 send_len=3592

03-30 10:37:22.531  3745  3745 D wpa_supplicant: CTRL-DEBUG: global_ctrl_sock-sendto: sock=11 sndbuf=163840 outq=0 send_len=3466

03-30 10:37:22.533  3745  3745 D wpa_supplicant: CTRL-DEBUG: global_ctrl_sock-sendto: sock=11 sndbuf=163840 outq=0 send_len=3237

03-30 10:37:22.561  3745  3745 D wpa_supplicant: EAPOL: EAP Session-Id not available

03-30 10:37:22.561  3745  3745 D wpa_supplicant: CTRL-DEBUG: global_ctrl_sock-sendto: sock=11 sndbuf=163840 outq=0 send_len=279

03-30 10:37:22.570  2044  2078 I WhetstoneClientManager: pid = 2465, uid = 10144 is frozen, not allowed Broadcast

03-30 10:37:22.570  2044  2078 V BroadcastQueueInjector: Skipping BroadcastRecord{ae59e76 u-1 android.net.wifi.SCAN_RESULTS} to ProcessRecord{8fb4531 2465:com.tencent.android.qqdownloader:daemon/u0a144}

03-30 10:37:22.570  2044  2078 D Whetstone-FW: MiuiLog-Whetstone-BroadcastControl BroadcastRecord{ae59e76 u-1 android.net.wifi.SCAN_RESULTS} is discarded

03-30 10:37:22.574  4229 28411 I StepsProvider: Steps Provider Query

03-30 10:37:22.578  6151  6186 I octvm_klo: read wakeups from wakealarm_fd:1

03-30 10:37:22.578  6151  6186 I octvm_klo: new timerfd interval:

03-30 10:37:22.578  6151  6186 I octvm_klo: 	itval.it_interval.tv_sec 1, itval.it_interval.tv_nsec 0

03-30 10:37:22.578  6151  6186 I octvm_klo: 	itval.it_value.tv_sec 0, itval.it_value.tv_nsec 999997500

03-30 10:37:23.112  4513  4642 W Metok_Tag: < metok_app > invalid network operator 

03-30 10:37:23.126  3745  3745 D wpa_supplicant: wlan0: Control interface command 'SIGNAL_POLL'

03-30 10:37:23.129  3745  3745 D wpa_supplicant: CTRL-DEBUG: global_ctrl_sock-sendto: sock=11 sndbuf=163840 outq=0 send_len=49

03-30 10:37:23.132  2044  3622 D ConnectivityService: notifyType CAP_CHANGED for NetworkAgentInfo [WIFI () - 168]

03-30 10:37:23.134  3746  3746 D StatusBar.NetworkController: slot=-10;action=android.net.wifi.RSSI_CHANGED

03-30 10:37:23.150  4513  4642 W Metok_Tag: < metok_app > invalid network operator 

03-30 10:37:23.276   379   493 I ThermalEngine: Sensor:batt_temp:351 mC

03-30 10:37:23.332  4116  4556 I XiaomiFirewall: firewall pkgName:com.orvibo.homemate, result:0x0

03-30 10:37:23.375 12852 13110 D HomeMate: comm[ AsyncTask #1: OrviboUpdateAgent.java:259 doInBackground() ] - result =ï»¿{  "oldVersion": 90,  "day": "7",  "version": 22000302 ,  "name": "HomeMate",  "packagename":"com.orvibo.homemate",  "url": "http://firmware.orvibo.com/androidapk/homemate.apk",  "message": "ä¿®å¤BUGï¼Œæå‡ç¨³å®šæ?§ã??",  "message_en": "Bug fixes and overall performance improvements.",  "size": ""}

03-30 10:37:23.384 12852 12852 E HomeMate: comm[ main: OrviboUpdateAgent.java:311 onPostExecute() ] - localVersionCode=23000300

03-30 10:37:23.385 12852 12852 D HomeMate: comm[ main: MainPresenter.java:331 onUpdateReturned() ] - isCanUpdate:false,responseInfos:{packagename=com.orvibo.homemate, oldVersion=90, size=, url=http://firmware.orvibo.com/androidapk/homemate.apk, version=22000302, name=HomeMate, day=7, message=ä¿®å¤BUGï¼Œæå‡ç¨³å®šæ?§ã??, message_en=Bug fixes and overall performance improvements.}

03-30 10:37:23.385 12852 12852 D HomeMate: comm[ main: MainActivity.java:176 setTabReadTip() ] - showRedTip:false,position:3

03-30 10:37:23.579  6151  6186 I octvm_klo: read wakeups from wakealarm_fd:1

03-30 10:37:23.579  6151  6186 I octvm_klo: new timerfd interval:

03-30 10:37:23.579  6151  6186 I octvm_klo: 	itval.it_interval.tv_sec 1, itval.it_interval.tv_nsec 0

03-30 10:37:23.579  6151  6186 I octvm_klo: 	itval.it_value.tv_sec 0, itval.it_value.tv_nsec 999995312

03-30 10:37:24.277   379   493 I ThermalEngine: Sensor:batt_temp:351 mC

03-30 10:37:24.579  6151  6186 I octvm_klo: read wakeups from wakealarm_fd:1

03-30 10:37:24.579  6151  6186 I octvm_klo: new timerfd interval:

03-30 10:37:24.579  6151  6186 I octvm_klo: 	itval.it_interval.tv_sec 1, itval.it_interval.tv_nsec 0

03-30 10:37:24.579  6151  6186 I octvm_klo: 	itval.it_value.tv_sec 0, itval.it_value.tv_nsec 999997031

03-30 10:37:25.044  2044  4266 D LocationPolicy: [uid = 10098, op = 2] is blocked by location policy

03-30 10:37:25.044  2044  4266 D WifiService: uid=10098 wifi scan blocked

03-30 10:37:25.279   379   493 I ThermalEngine: Sensor:batt_temp:351 mC

03-30 10:37:25.579  6151  6186 I octvm_klo: read wakeups from wakealarm_fd:1

03-30 10:37:25.579  6151  6186 I octvm_klo: new timerfd interval:

03-30 10:37:25.579  6151  6186 I octvm_klo: 	itval.it_interval.tv_sec 1, itval.it_interval.tv_nsec 0

03-30 10:37:25.579  6151  6186 I octvm_klo: 	itval.it_value.tv_sec 0, itval.it_value.tv_nsec 999997552

03-30 10:37:26.136  3745  3745 D wpa_supplicant: wlan0: Control interface command 'SIGNAL_POLL'

03-30 10:37:26.151  3745  3745 D wpa_supplicant: CTRL-DEBUG: global_ctrl_sock-sendto: sock=11 sndbuf=163840 outq=0 send_len=49

03-30 10:37:26.153  2044  3622 D ConnectivityService: notifyType CAP_CHANGED for NetworkAgentInfo [WIFI () - 168]

03-30 10:37:26.157  3746  3746 D StatusBar.NetworkController: slot=-10;action=android.net.wifi.RSSI_CHANGED

03-30 10:37:26.280   379   493 I ThermalEngine: Sensor:batt_temp:351 mC

03-30 10:37:26.579  6151  6186 I octvm_klo: read wakeups from wakealarm_fd:1

03-30 10:37:26.579  6151  6186 I octvm_klo: new timerfd interval:

03-30 10:37:26.579  6151  6186 I octvm_klo: 	itval.it_interval.tv_sec 1, itval.it_interval.tv_nsec 0

03-30 10:37:26.579  6151  6186 I octvm_klo: 	itval.it_value.tv_sec 0, itval.it_value.tv_nsec 999994114

03-30 10:37:27.281   379   493 I ThermalEngine: Sensor:batt_temp:351 mC

03-30 10:37:27.580  6151  6186 I octvm_klo: read wakeups from wakealarm_fd:1

03-30 10:37:27.580  6151  6186 I octvm_klo: new timerfd interval:

03-30 10:37:27.580  6151  6186 I octvm_klo: 	itval.it_interval.tv_sec 1, itval.it_interval.tv_nsec 0

03-30 10:37:27.580  6151  6186 I octvm_klo: 	itval.it_value.tv_sec 0, itval.it_value.tv_nsec 999993386

03-30 10:37:28.282   379   493 I ThermalEngine: Sensor:batt_temp:351 mC

03-30 10:37:28.580  6151  6186 I octvm_klo: read wakeups from wakealarm_fd:1

03-30 10:37:28.580  6151  6186 I octvm_klo: new timerfd interval:

03-30 10:37:28.580  6151  6186 I octvm_klo: 	itval.it_interval.tv_sec 1, itval.it_interval.tv_nsec 0

03-30 10:37:28.580  6151  6186 I octvm_klo: 	itval.it_value.tv_sec 0, itval.it_value.tv_nsec 999994896

03-30 10:37:29.156  3745  3745 D wpa_supplicant: wlan0: Control interface command 'SIGNAL_POLL'

03-30 10:37:29.173  3745  3745 D wpa_supplicant: CTRL-DEBUG: global_ctrl_sock-sendto: sock=11 sndbuf=163840 outq=0 send_len=49

03-30 10:37:29.177  2044  3622 D ConnectivityService: notifyType CAP_CHANGED for NetworkAgentInfo [WIFI () - 168]

03-30 10:37:29.185  3746  3746 D StatusBar.NetworkController: slot=-10;action=android.net.wifi.RSSI_CHANGED

03-30 10:37:29.284   379   493 I ThermalEngine: Sensor:batt_temp:351 mC

03-30 10:37:29.580  6151  6186 I octvm_klo: read wakeups from wakealarm_fd:1

03-30 10:37:29.580  6151  6186 I octvm_klo: new timerfd interval:

03-30 10:37:29.580  6151  6186 I octvm_klo: 	itval.it_interval.tv_sec 1, itval.it_interval.tv_nsec 0

03-30 10:37:29.580  6151  6186 I octvm_klo: 	itval.it_value.tv_sec 0, itval.it_value.tv_nsec 999996250

03-30 10:37:30.239 25810 25810 W AppWatcher: type=1400 audit(0.0:55196359): avc: denied { getattr } for path="/proc/opalum-temp-calib" dev="proc" ino=4026534631 scontext=u:r:untrusted_app:s0:c512,c768 tcontext=u:object_r:proc_opalum:s0 tclass=file permissive=0

03-30 10:37:30.239 25810 25810 W AppWatcher: type=1400 audit(0.0:55196360): avc: denied { getattr } for path="/proc/opalum-f0-calib" dev="proc" ino=4026534630 scontext=u:r:untrusted_app:s0:c512,c768 tcontext=u:object_r:proc_opalum:s0 tclass=file permissive=0

03-30 10:37:30.239 25810 25810 W AppWatcher: type=1400 audit(0.0:55196361): avc: denied { getattr } for path="/proc/sysrq-trigger" dev="proc" ino=4026533735 scontext=u:r:untrusted_app:s0:c512,c768 tcontext=u:object_r:proc_sysrq:s0 tclass=file permissive=0

03-30 10:37:30.249 25810 25810 W AppWatcher: type=1400 audit(0.0:55196362): avc: denied { getattr } for path="/proc/1" dev="proc" ino=11921139 scontext=u:r:untrusted_app:s0:c512,c768 tcontext=u:r:init:s0 tclass=dir permissive=0

03-30 10:37:30.259 25810 25810 W AppWatcher: type=1400 audit(0.0:55196363): avc: denied { getattr } for path="/proc/2" dev="proc" ino=11961941 scontext=u:r:untrusted_app:s0:c512,c768 tcontext=u:r:kernel:s0 tclass=dir permissive=0

03-30 10:37:30.259 25810 25810 W AppWatcher: type=1400 audit(0.0:55196364): avc: denied { getattr } for path="/proc/3" dev="proc" ino=11961942 scontext=u:r:untrusted_app:s0:c512,c768 tcontext=u:r:kernel:s0 tclass=dir permissive=0

03-30 10:37:30.259 25810 25810 W AppWatcher: type=1400 audit(0.0:55196365): avc: denied { getattr } for path="/proc/6" dev="proc" ino=11961943 scontext=u:r:untrusted_app:s0:c512,c768 tcontext=u:r:kernel:s0 tclass=dir permissive=0

03-30 10:37:30.269 25810 25810 W AppWatcher: type=1400 audit(0.0:55196366): avc: denied { getattr } for path="/proc/7" dev="proc" ino=11961944 scontext=u:r:untrusted_app:s0:c512,c768 tcontext=u:r:kernel:s0 tclass=dir permissive=0

03-30 10:37:30.269 25810 25810 W AppWatcher: type=1400 audit(0.0:55196367): avc: denied { getattr } for path="/proc/8" dev="proc" ino=11961945 scontext=u:r:untrusted_app:s0:c512,c768 tcontext=u:r:kernel:s0 tclass=dir permissive=0

03-30 10:37:30.269 25810 25810 W AppWatcher: type=1400 audit(0.0:55196368): avc: denied { getattr } for path="/proc/21" dev="proc" ino=11961946 scontext=u:r:untrusted_app:s0:c512,c768 tcontext=u:r:kernel:s0 tclass=dir permissive=0

03-30 10:37:30.269 25810 25810 W AppWatcher: type=1400 audit(0.0:55196369): avc: denied { getattr } for path="/proc/22" dev="proc" ino=11961947 scontext=u:r:untrusted_app:s0:c512,c768 tcontext=u:r:kernel:s0 tclass=dir permissive=0

03-30 10:37:30.269 25810 25810 W AppWatcher: type=1400 audit(0.0:55196370): avc: denied { getattr } for path="/proc/28" dev="proc" ino=11961948 scontext=u:r:untrusted_app:s0:c512,c768 tcontext=u:r:kernel:s0 tclass=dir permissive=0

03-30 10:37:30.269 25810 25810 W AppWatcher: type=1400 audit(0.0:55196371): avc: denied { getattr } for path="/proc/29" dev="proc" ino=11961949 scontext=u:r:untrusted_app:s0:c512,c768 tcontext=u:r:kernel:s0 tclass=dir permissive=0

03-30 10:37:30.269 25810 25810 W AppWatcher: type=1400 audit(0.0:55196372): avc: denied { getattr } for path="/proc/30" dev="proc" ino=11961950 scontext=u:r:untrusted_app:s0:c512,c768 tcontext=u:r:kernel:s0 tclass=dir permissive=0

03-30 10:37:30.269 25810 25810 W AppWatcher: type=1400 audit(0.0:55196373): avc: denied { getattr } for path="/proc/32" dev="proc" ino=11961951 scontext=u:r:untrusted_app:s0:c512,c768 tcontext=u:r:kernel:s0 tclass=dir permissive=0

03-30 10:37:30.279 25810 25810 W AppWatcher: type=1400 audit(0.0:55196374): avc: denied { getattr } for path="/proc/33" dev="proc" ino=11961952 scontext=u:r:untrusted_app:s0:c512,c768 tcontext=u:r:kernel:s0 tclass=dir permissive=0

03-30 10:37:30.279 25810 25810 W AppWatcher: type=1400 audit(0.0:55196375): avc: denied { getattr } for path="/proc/34" dev="proc" ino=11961953 scontext=u:r:untrusted_app:s0:c512,c768 tcontext=u:r:kernel:s0 tclass=dir permissive=0

03-30 10:37:30.279 25810 25810 W AppWatcher: type=1400 audit(0.0:55196376): avc: denied { getattr } for path="/proc/61" dev="proc" ino=11961954 scontext=u:r:untrusted_app:s0:c512,c768 tcontext=u:r:kernel:s0 tclass=dir permissive=0

03-30 10:37:30.279 25810 25810 W AppWatcher: type=1400 audit(0.0:55196377): avc: denied { getattr } for path="/proc/62" dev="proc" ino=11961955 scontext=u:r:untrusted_app:s0:c512,c768 tcontext=u:r:kernel:s0 tclass=dir permissive=0

03-30 10:37:30.279 25810 25810 W AppWatcher: type=1400 audit(0.0:55196378): avc: denied { getattr } for path="/proc/63" dev="proc" ino=11961956 scontext=u:r:untrusted_app:s0:c512,c768 tcontext=u:r:kernel:s0 tclass=dir permissive=0

03-30 10:37:30.285   379   493 I ThermalEngine: Sensor:batt_temp:351 mC

03-30 10:37:30.580  6151  6186 I octvm_klo: read wakeups from wakealarm_fd:1

03-30 10:37:30.580  6151  6186 I octvm_klo: new timerfd interval:

03-30 10:37:30.580  6151  6186 I octvm_klo: 	itval.it_interval.tv_sec 1, itval.it_interval.tv_nsec 0

03-30 10:37:30.580  6151  6186 I octvm_klo: 	itval.it_value.tv_sec 0, itval.it_value.tv_nsec 999996042

03-30 10:37:31.287   379   493 I ThermalEngine: Sensor:batt_temp:351 mC

03-30 10:37:31.580  6151  6186 I octvm_klo: read wakeups from wakealarm_fd:1

03-30 10:37:31.580  6151  6186 I octvm_klo: new timerfd interval:

03-30 10:37:31.580  6151  6186 I octvm_klo: 	itval.it_interval.tv_sec 1, itval.it_interval.tv_nsec 0

03-30 10:37:31.580  6151  6186 I octvm_klo: 	itval.it_value.tv_sec 0, itval.it_value.tv_nsec 999993646

03-30 10:37:32.027  4116  4556 I XiaomiFirewall: firewall pkgName:com.orvibo.homemate, result:0x0

03-30 10:37:32.182  3745  3745 D wpa_supplicant: wlan0: Control interface command 'SIGNAL_POLL'

03-30 10:37:32.186  3745  3745 D wpa_supplicant: CTRL-DEBUG: global_ctrl_sock-sendto: sock=11 sndbuf=163840 outq=0 send_len=49

03-30 10:37:32.288   379   493 I ThermalEngine: Sensor:batt_temp:351 mC

03-30 10:37:32.581  6151  6186 I octvm_klo: read wakeups from wakealarm_fd:1

03-30 10:37:32.581  6151  6186 I octvm_klo: new timerfd interval:

03-30 10:37:32.581  6151  6186 I octvm_klo: 	itval.it_interval.tv_sec 1, itval.it_interval.tv_nsec 0

03-30 10:37:32.581  6151  6186 I octvm_klo: 	itval.it_value.tv_sec 0, itval.it_value.tv_nsec 999991458

03-30 10:37:32.643 12852 13015 D HomeMate: hank[ Thread-44451: FeedBackService.java:94 onSuccess() ] - FeedbackAPI unreadCount:18

03-30 10:37:32.661 12852 12852 D HomeMate: comm[ main: MainActivity.java:176 setTabReadTip() ] - showRedTip:true,position:3

03-30 10:37:33.289   379   493 I ThermalEngine: Sensor:batt_temp:351 mC

03-30 10:37:33.581  6151  6186 I octvm_klo: read wakeups from wakealarm_fd:1

03-30 10:37:33.581  6151  6186 I octvm_klo: new timerfd interval:

03-30 10:37:33.581  6151  6186 I octvm_klo: 	itval.it_interval.tv_sec 1, itval.it_interval.tv_nsec 0

03-30 10:37:33.581  6151  6186 I octvm_klo: 	itval.it_value.tv_sec 0, itval.it_value.tv_nsec 999996354

03-30 10:37:34.290   379   493 I ThermalEngine: Sensor:batt_temp:351 mC

03-30 10:37:34.581  6151  6186 I octvm_klo: read wakeups from wakealarm_fd:1

03-30 10:37:34.581  6151  6186 I octvm_klo: new timerfd interval:

03-30 10:37:34.581  6151  6186 I octvm_klo: 	itval.it_interval.tv_sec 1, itval.it_interval.tv_nsec 0

03-30 10:37:34.581  6151  6186 I octvm_klo: 	itval.it_value.tv_sec 0, itval.it_value.tv_nsec 999996510

03-30 10:37:35.195  3745  3745 D wpa_supplicant: wlan0: Control interface command 'SIGNAL_POLL'

03-30 10:37:35.209  3745  3745 D wpa_supplicant: CTRL-DEBUG: global_ctrl_sock-sendto: sock=11 sndbuf=163840 outq=0 send_len=49

03-30 10:37:35.293   379   493 I ThermalEngine: Sensor:batt_temp:351 mC

03-30 10:37:35.581  6151  6186 I octvm_klo: read wakeups from wakealarm_fd:1

03-30 10:37:35.581  6151  6186 I octvm_klo: new timerfd interval:

03-30 10:37:35.581  6151  6186 I octvm_klo: 	itval.it_interval.tv_sec 1, itval.it_interval.tv_nsec 0

03-30 10:37:35.581  6151  6186 I octvm_klo: 	itval.it_value.tv_sec 0, itval.it_value.tv_nsec 999990260

03-30 10:37:36.294   379   493 I ThermalEngine: Sensor:batt_temp:351 mC

03-30 10:37:36.581  6151  6186 I octvm_klo: read wakeups from wakealarm_fd:1

03-30 10:37:36.581  6151  6186 I octvm_klo: new timerfd interval:

03-30 10:37:36.581  6151  6186 I octvm_klo: 	itval.it_interval.tv_sec 1, itval.it_interval.tv_nsec 0

03-30 10:37:36.581  6151  6186 I octvm_klo: 	itval.it_value.tv_sec 0, itval.it_value.tv_nsec 999994635

03-30 10:37:36.804 12852 12908 W System.err: æ— æ³•è®¿é—®æˆ–ç½‘ç»œä¸ç¨³å®š

03-30 10:37:36.805 12852 12908 W System.err: 	at com.danale.video.sdk.http.impl.apache.ApacheHttpClient.readDataWithRetriesAndReportDanaleError(Unknown Source)

03-30 10:37:36.805 12852 12908 W System.err: 	at com.danale.video.sdk.http.impl.apache.ApacheHttpClient.execute(Unknown Source)

03-30 10:37:36.805 12852 12908 W System.err: 	at com.danale.video.sdk.utils.DnsAnalysisUtil.dnsAnalysisByDanale(Unknown Source)

03-30 10:37:36.805 12852 12908 W System.err: 	at com.danale.video.sdk.platform.entity.Session$7.doInBackground(Unknown Source)

03-30 10:37:36.805 12852 12908 W System.err: 	at com.danale.video.sdk.platform.entity.Session$7.doInBackground(Unknown Source)

03-30 10:37:36.805 12852 12908 W System.err: 	at com.danale.video.sdk.async.AsyncTask$2.call(Unknown Source)

03-30 10:37:36.805 12852 12908 W System.err: 	at java.util.concurrent.FutureTask.run(FutureTask.java:237)

03-30 10:37:36.805 12852 12908 W System.err: 	at java.util.concurrent.ThreadPoolExecutor.runWorker(ThreadPoolExecutor.java:1113)

03-30 10:37:36.805 12852 12908 W System.err: 	at java.util.concurrent.ThreadPoolExecutor$Worker.run(ThreadPoolExecutor.java:588)

03-30 10:37:36.805 12852 12908 W System.err: 	at java.lang.Thread.run(Thread.java:818)

03-30 10:37:36.806 12852 12908 W System.err: Caused by: org.apache.http.conn.ConnectTimeoutException: Connect to /54.93.73.119:443 timed out

03-30 10:37:36.806 12852 12908 W System.err: 	at org.apache.http.conn.scheme.PlainSocketFactory.connectSocket(PlainSocketFactory.java:126)

03-30 10:37:36.806 12852 12908 W System.err: 	at org.apache.http.impl.conn.DefaultClientConnectionOperator.openConnection(DefaultClientConnectionOperator.java:149)

03-30 10:37:36.806 12852 12908 W System.err: 	at org.apache.http.impl.conn.AbstractPoolEntry.open(AbstractPoolEntry.java:169)

03-30 10:37:36.806 12852 12908 W System.err: 	at org.apache.http.impl.conn.AbstractPooledConnAdapter.open(AbstractPooledConnAdapter.java:124)

03-30 10:37:36.807 12852 12908 W System.err: 	at org.apache.http.impl.client.DefaultRequestDirector.execute(DefaultRequestDirector.java:370)

03-30 10:37:36.807 12852 12908 W System.err: 	at org.apache.http.impl.client.AbstractHttpClient.execute(AbstractHttpClient.java:560)

03-30 10:37:36.807 12852 12908 W System.err: 	at org.apache.http.impl.client.AbstractHttpClient.execute(AbstractHttpClient.java:492)

03-30 10:37:36.807 12852 12908 W System.err: 	at org.apache.http.impl.client.AbstractHttpClient.execute(AbstractHttpClient.java:470)

03-30 10:37:36.807 12852 12908 W System.err: 	at com.danale.video.sdk.http.impl.apache.ApacheHttpClient.readDataWithRetriesAndReportDanaleError(Unknown Source)

03-30 10:37:36.807 12852 12908 W System.err: 	... 9 more

03-30 10:37:37.296   379   493 I ThermalEngine: Sensor:batt_temp:351 mC

03-30 10:37:37.582  6151  6186 I octvm_klo: read wakeups from wakealarm_fd:1

03-30 10:37:37.582  6151  6186 I octvm_klo: new timerfd interval:

03-30 10:37:37.582  6151  6186 I octvm_klo: 	itval.it_interval.tv_sec 1, itval.it_interval.tv_nsec 0

03-30 10:37:37.582  6151  6186 I octvm_klo: 	itval.it_value.tv_sec 0, itval.it_value.tv_nsec 999992135

03-30 10:37:38.212  3745  3745 D wpa_supplicant: wlan0: Control interface command 'SIGNAL_POLL'

03-30 10:37:38.227  3745  3745 D wpa_supplicant: CTRL-DEBUG: global_ctrl_sock-sendto: sock=11 sndbuf=163840 outq=0 send_len=49

03-30 10:37:38.298   379   493 I ThermalEngine: Sensor:batt_temp:351 mC

03-30 10:37:38.582  6151  6186 I octvm_klo: read wakeups from wakealarm_fd:1

03-30 10:37:38.582  6151  6186 I octvm_klo: new timerfd interval:

03-30 10:37:38.582  6151  6186 I octvm_klo: 	itval.it_interval.tv_sec 1, itval.it_interval.tv_nsec 0

03-30 10:37:38.582  6151  6186 I octvm_klo: 	itval.it_value.tv_sec 0, itval.it_value.tv_nsec 999996980

03-30 10:37:39.299   379   493 I ThermalEngine: Sensor:batt_temp:351 mC

03-30 10:37:39.582  6151  6186 I octvm_klo: read wakeups from wakealarm_fd:1

03-30 10:37:39.582  6151  6186 I octvm_klo: new timerfd interval:

03-30 10:37:39.582  6151  6186 I octvm_klo: 	itval.it_interval.tv_sec 1, itval.it_interval.tv_nsec 0

03-30 10:37:39.582  6151  6186 I octvm_klo: 	itval.it_value.tv_sec 0, itval.it_value.tv_nsec 999997396

03-30 10:37:40.025  2044  3620 D WifiStateMachine: starting scan for "56.1_neiwang"-WPA_PSK with 5280,2412

03-30 10:37:40.026  3745  3745 D wpa_supplicant: wlan0: Control interface command 'SCAN TYPE=ONLY freq=5280,2412'

03-30 10:37:40.026  3745  3745 D wpa_supplicant: wlan0: Setting scan request: 0.000000 sec

03-30 10:37:40.026  3745  3745 D wpa_supplicant: CTRL-DEBUG: global_ctrl_sock-sendto: sock=11 sndbuf=163840 outq=0 send_len=3

03-30 10:37:40.026  3745  3745 D wpa_supplicant: wlan0: Starting AP scan for wildcard SSID

03-30 10:37:40.026  3745  3745 D wpa_supplicant: wlan0: Limit manual scan to specified channels

03-30 10:37:40.026  3745  3745 D wpa_supplicant: wlan0: Add radio work 'scan'@0xb68d9398

03-30 10:37:40.026  3745  3745 D wpa_supplicant: wlan0: First radio work item in the queue - schedule start immediately

03-30 10:37:40.027  3745  3745 D wpa_supplicant: wlan0: Starting radio work 'scan'@0xb68d9398 after 0.000145 second wait

03-30 10:37:40.027  3745  3745 D wpa_supplicant: wlan0: nl80211: scan request

03-30 10:37:40.027  3745  3745 D wpa_supplicant: nl80211: Scan SSID - hexdump(len=0): [NULL]

03-30 10:37:40.027  3745  3745 D wpa_supplicant: nl80211: Scan extra IEs - hexdump(len=7): 7f 05 00 00 0a 02 01

03-30 10:37:40.027  3745  3745 D wpa_supplicant: nl80211: Scan frequency 2412 MHz

03-30 10:37:40.027  3745  3745 D wpa_supplicant: nl80211: Scan frequency 5280 MHz

03-30 10:37:40.042  3745  3745 D wpa_supplicant: Scan requested (ret=0) - scan timeout 30 seconds

03-30 10:37:40.042  3745  3745 D wpa_supplicant: nl80211: Event message available

03-30 10:37:40.042  3745  3745 D wpa_supplicant: nl80211: Drv Event 33 (NL80211_CMD_TRIGGER_SCAN) received for wlan0

03-30 10:37:40.042  3745  3745 D wpa_supplicant: wlan0: nl80211: Scan trigger

03-30 10:37:40.042  3745  3745 D wpa_supplicant: wlan0: Event SCAN_STARTED (47) received

03-30 10:37:40.042  3745  3745 D wpa_supplicant: wlan0: Own scan request started a scan in 0.000381 seconds

03-30 10:37:40.042  3745  3745 D wpa_supplicant: CTRL-DEBUG: ctrl_sock-sendmsg: sock=11 sndbuf=163840 outq=0 send_len=24

03-30 10:37:40.048  3745  3745 D wpa_supplicant: CTRL_IFACE monitor sent successfully to /data/misc/wifi/sockets/wpa_ctrl_2044-2\x00

03-30 10:37:40.151  3745  3745 D wpa_supplicant: nl80211: Event message available

03-30 10:37:40.151  3745  3745 D wpa_supplicant: nl80211: Drv Event 34 (NL80211_CMD_NEW_SCAN_RESULTS) received for wlan0

03-30 10:37:40.151  3745  3745 D wpa_supplicant: wlan0: nl80211: New scan results available

03-30 10:37:40.151  3745  3745 D wpa_supplicant: nl80211: Scan included frequencies: 2412 5280

03-30 10:37:40.151  3745  3745 D wpa_supplicant: wlan0: Event SCAN_RESULTS (3) received

03-30 10:37:40.151  3745  3745 D wpa_supplicant: wlan0: Scan completed in 0.109333 seconds

03-30 10:37:40.152  3745  3745 D wpa_supplicant: nl80211: Associated on 5280 MHz

03-30 10:37:40.152  3745  3745 D wpa_supplicant: nl80211: Associated with cc:81:da:9c:13:28

03-30 10:37:40.152  3745  3745 D wpa_supplicant: nl80211: Received scan results (32 BSSes)

03-30 10:37:40.152  3745  3745 D wpa_supplicant: nl80211: Scan results indicate BSS status with cc:81:da:9c:13:28 as associated

03-30 10:37:40.153  3745  3745 D wpa_supplicant: wlan0: BSS: Start scan result update 5250

03-30 10:37:40.153  3745  3745 D wpa_supplicant: wlan0: BSS: Add new id 8611 BSSID 20:a6:80:6c:2d:c0 SSID 'HUAWEI'

03-30 10:37:40.153  3745  3745 D wpa_supplicant: CTRL-DEBUG: ctrl_sock-sendmsg: sock=11 sndbuf=163840 outq=0 send_len=43

03-30 10:37:40.155  3745  3745 D wpa_supplicant: CTRL_IFACE monitor sent successfully to /data/misc/wifi/sockets/wpa_ctrl_2044-2\x00

03-30 10:37:40.155  3745  3745 D wpa_supplicant: BSS: last_scan_res_used=32/64

03-30 10:37:40.155  3745  3745 D wpa_supplicant: wlan0: Scan-only results received

03-30 10:37:40.156  3745  3745 D wpa_supplicant: CTRL-DEBUG: ctrl_sock-sendmsg: sock=11 sndbuf=163840 outq=0 send_len=24

03-30 10:37:40.158  3745  3745 D wpa_supplicant: CTRL_IFACE monitor sent successfully to /data/misc/wifi/sockets/wpa_ctrl_2044-2\x00

03-30 10:37:40.158  3745  3745 D wpa_supplicant: wlan0: Radio work 'scan'@0xb68d9398 done in 0.131573 seconds

03-30 10:37:40.165  3745  3745 D wpa_supplicant: CTRL-DEBUG: global_ctrl_sock-sendto: sock=11 sndbuf=163840 outq=0 send_len=3541

03-30 10:37:40.168  3745  3745 D wpa_supplicant: RTM_NEWLINK: ifi_index=22 ifname=wlan0 wext ifi_family=0 ifi_flags=0x11043 ([UP][RUNNING][LOWER_UP])

03-30 10:37:40.171  3745  3745 D wpa_supplicant: CTRL-DEBUG: global_ctrl_sock-sendto: sock=11 sndbuf=163840 outq=0 send_len=3797

03-30 10:37:40.175  3745  3745 D wpa_supplicant: CTRL-DEBUG: global_ctrl_sock-sendto: sock=11 sndbuf=163840 outq=0 send_len=3966

03-30 10:37:40.177  3745  3745 D wpa_supplicant: CTRL-DEBUG: global_ctrl_sock-sendto: sock=11 sndbuf=163840 outq=0 send_len=3592

03-30 10:37:40.180  3745  3745 D wpa_supplicant: CTRL-DEBUG: global_ctrl_sock-sendto: sock=11 sndbuf=163840 outq=0 send_len=3466

03-30 10:37:40.186  3745  3745 D wpa_supplicant: CTRL-DEBUG: global_ctrl_sock-sendto: sock=11 sndbuf=163840 outq=0 send_len=4076

03-30 10:37:40.212  3745  3745 D wpa_supplicant: EAPOL: EAP Session-Id not available

03-30 10:37:40.212  3745  3745 D wpa_supplicant: CTRL-DEBUG: global_ctrl_sock-sendto: sock=11 sndbuf=163840 outq=0 send_len=279

03-30 10:37:40.281 12852 12937 D UTAnalytics:LogStoreMgr: pid:12852 [store],

03-30 10:37:40.291 12852 12937 D UTAnalytics:UTSqliteLogStore: pid:12852 sql:SELECT * FROM log ORDER BY time ASC  LIMIT 20,

03-30 10:37:40.292 12852 12937 D UTAnalytics:UTSqliteLogStore: pid:12852 pos,0,count,3,

03-30 10:37:40.292 12852 12937 D UTAnalytics:UTSqliteLogStore: pid:12852 pos,1,count,3,

03-30 10:37:40.292 12852 12937 D UTAnalytics:UTSqliteLogStore: pid:12852 pos,2,count,3,

03-30 10:37:40.294 12852 12937 D UTAnalytics:LogStoreMgr: pid:12852 [get],[Log [id=2245, eventId=19999, index=], Log [id=2246, eventId=19999, index=], Log [id=2247, eventId=2001, index=]],

03-30 10:37:40.295 12852 12937 D UTAnalytics:UploadTask: pid:12852 averagePackageSize:157.0,

03-30 10:37:40.300   379   493 I ThermalEngine: Sensor:batt_temp:352 mC

03-30 10:37:40.310  4116  4556 I XiaomiFirewall: firewall pkgName:com.orvibo.homemate, result:0x0

03-30 10:37:40.388 12852 12937 D UTAnalytics:UploadTask: pid:12852 url:http://adashbc.m.taobao.com/rest/sur?ak=23256401&av=2.3.0.300&c=null&v=3.0&s=212a736309664916b6f580166410d9bbe717adc9&d=WJfwe%2BsntC4DAAdSBLpxQDCW&sv=2.5.1_for_bc&p=a&t=1490841460303&u=&is=1&k=0,

03-30 10:37:40.388 12852 12937 D UTAnalytics:UploadTask: pid:12852 result:{"t":1490841457507,"ret":"","success":"success"}

03-30 10:37:40.388 12852 12937 D UTAnalytics:UploadTask: ,

03-30 10:37:40.389 12852 12937 D UTAnalytics:UploadTask: pid:12852 winsize:350,

03-30 10:37:40.389 12852 12937 D UTAnalytics:LogStoreMgr: pid:12852 [Log [id=2245, eventId=19999, index=], Log [id=2246, eventId=19999, index=], Log [id=2247, eventId=2001, index=]],

03-30 10:37:40.408 12852 12937 D UTAnalytics:UTSqliteLogStore: pid:12852 delete ,3, isSuccess:true,

03-30 10:37:40.408 12852 12937 D UTAnalytics:CoreStatics: pid:12852 [uploadInc]:0,count:3,

03-30 10:37:40.408 12852 12937 D UTAnalytics:CoreStatics: pid:12852 [uploadInc]:3,

03-30 10:37:40.408 12852 12937 D UTAnalytics:UploadTask: pid:12852 logs.size():3, selfMonitorLogCount:0,

03-30 10:37:40.408 12852 12937 D UTAnalytics:UploadTask: pid:12852 upload isSendSuccess:true, consume:94, delete consume:19,

03-30 10:37:40.441 12852 13042 W System.err: java.net.SocketTimeoutException

03-30 10:37:40.441 12852 13042 W System.err: 	at java.net.PlainSocketImpl.read(PlainSocketImpl.java:484)

03-30 10:37:40.441 12852 13042 W System.err: 	at java.net.PlainSocketImpl.access$000(PlainSocketImpl.java:37)

03-30 10:37:40.441 12852 13042 W System.err: 	at java.net.PlainSocketImpl$PlainSocketInputStream.read(PlainSocketImpl.java:237)

03-30 10:37:40.442 12852 13042 W System.err: 	at com.android.okhttp.okio.Okio$2.read(Okio.java:135)

03-30 10:37:40.442 12852 13042 W System.err: 	at com.android.okhttp.okio.AsyncTimeout$2.read(AsyncTimeout.java:211)

03-30 10:37:40.442 12852 13042 W System.err: 	at com.android.okhttp.okio.RealBufferedSource.indexOf(RealBufferedSource.java:306)

03-30 10:37:40.442 12852 13042 W System.err: 	at com.android.okhttp.okio.RealBufferedSource.indexOf(RealBufferedSource.java:300)

03-30 10:37:40.442 12852 13042 W System.err: 	at com.android.okhttp.okio.RealBufferedSource.readUtf8LineStrict(RealBufferedSource.java:196)

03-30 10:37:40.442 12852 13042 W System.err: 	at com.android.okhttp.internal.http.HttpConnection.readResponse(HttpConnection.java:191)

03-30 10:37:40.442 12852 13042 W System.err: 	at com.android.okhttp.internal.http.HttpTransport.readResponseHeaders(HttpTransport.java:80)

03-30 10:37:40.442 12852 13042 W System.err: 	at com.android.okhttp.internal.http.HttpEngine.readNetworkResponse(HttpEngine.java:905)

03-30 10:37:40.442 12852 13042 W System.err: 	at com.android.okhttp.internal.http.HttpEngine.readResponse(HttpEngine.java:789)

03-30 10:37:40.442 12852 13042 W System.err: 	at com.android.okhttp.internal.huc.HttpURLConnectionImpl.execute(HttpURLConnectionImpl.java:443)

03-30 10:37:40.442 12852 13042 W System.err: 	at com.android.okhttp.internal.huc.HttpURLConnectionImpl.getResponse(HttpURLConnectionImpl.java:388)

03-30 10:37:40.442 12852 13042 W System.err: 	at com.android.okhttp.internal.huc.HttpURLConnectionImpl.getHeaders(HttpURLConnectionImpl.java:150)

03-30 10:37:40.442 12852 13042 W System.err: 	at com.android.okhttp.internal.huc.HttpURLConnectionImpl.getHeaderFields(HttpURLConnectionImpl.java:210)

03-30 10:37:40.442 12852 13042 W System.err: 	at com.loc.ar.a(HttpUrlUtil.java:451)

03-30 10:37:40.442 12852 13042 W System.err: 	at com.loc.ar.a(HttpUrlUtil.java:378)

03-30 10:37:40.442 12852 13042 W System.err: 	at com.loc.ap.b(BaseNetManager.java:158)

03-30 10:37:40.442 12852 13042 W System.err: 	at com.loc.ap.b(BaseNetManager.java:117)

03-30 10:37:40.442 12852 13042 W System.err: 	at com.loc.n.a(AuthManager.java:96)

03-30 10:37:40.442 12852 13042 W System.err: 	at com.loc.n.b(AuthManager.java:118)

03-30 10:37:40.442 12852 13042 W System.err: 	at com.loc.aw.b(APS.java:3446)

03-30 10:37:40.442 12852 13042 W System.err: 	at com.loc.d.e(APSServiceCore.java:450)

03-30 10:37:40.442 12852 13042 W System.err: 	at com.loc.d.f(APSServiceCore.java:43)

03-30 10:37:40.442 12852 13042 W System.err: 	at com.loc.d$a.run(APSServiceCore.java:319)

03-30 10:37:40.443 12852 13042 W System.err: com.loc.l: socket è¿žæŽ¥è¶…æ—¶ - SocketTimeoutException

03-30 10:37:40.443 12852 13042 W System.err: 	at com.loc.ar.a(HttpUrlUtil.java:393)

03-30 10:37:40.443 12852 13042 W System.err: 	at com.loc.ap.b(BaseNetManager.java:158)

03-30 10:37:40.443 12852 13042 W System.err: 	at com.loc.ap.b(BaseNetManager.java:117)

03-30 10:37:40.443 12852 13042 W System.err: 	at com.loc.n.a(AuthManager.java:96)

03-30 10:37:40.443 12852 13042 W System.err: 	at com.loc.n.b(AuthManager.java:118)

03-30 10:37:40.443 12852 13042 W System.err: 	at com.loc.aw.b(APS.java:3446)

03-30 10:37:40.443 12852 13042 W System.err: 	at com.loc.d.e(APSServiceCore.java:450)

03-30 10:37:40.443 12852 13042 W System.err: 	at com.loc.d.f(APSServiceCore.java:43)

03-30 10:37:40.443 12852 13042 W System.err: 	at com.loc.d$a.run(APSServiceCore.java:319)

03-30 10:37:40.499 25810 25810 W AppWatcher: type=1400 audit(0.0:55196622): avc: denied { getattr } for path="/proc/opalum-temp-calib" dev="proc" ino=4026534631 scontext=u:r:untrusted_app:s0:c512,c768 tcontext=u:object_r:proc_opalum:s0 tclass=file permissive=0

03-30 10:37:40.499 25810 25810 W AppWatcher: type=1400 audit(0.0:55196623): avc: denied { getattr } for path="/proc/opalum-f0-calib" dev="proc" ino=4026534630 scontext=u:r:untrusted_app:s0:c512,c768 tcontext=u:object_r:proc_opalum:s0 tclass=file permissive=0

03-30 10:37:40.499 25810 25810 W AppWatcher: type=1400 audit(0.0:55196624): avc: denied { getattr } for path="/proc/sysrq-trigger" dev="proc" ino=4026533735 scontext=u:r:untrusted_app:s0:c512,c768 tcontext=u:object_r:proc_sysrq:s0 tclass=file permissive=0

03-30 10:37:40.509 25810 25810 W AppWatcher: type=1400 audit(0.0:55196625): avc: denied { getattr } for path="/proc/1" dev="proc" ino=11921139 scontext=u:r:untrusted_app:s0:c512,c768 tcontext=u:r:init:s0 tclass=dir permissive=0

03-30 10:37:40.509 25810 25810 W AppWatcher: type=1400 audit(0.0:55196626): avc: denied { getattr } for path="/proc/2" dev="proc" ino=11961941 scontext=u:r:untrusted_app:s0:c512,c768 tcontext=u:r:kernel:s0 tclass=dir permissive=0

03-30 10:37:40.509 25810 25810 W AppWatcher: type=1400 audit(0.0:55196627): avc: denied { getattr } for path="/proc/3" dev="proc" ino=11961942 scontext=u:r:untrusted_app:s0:c512,c768 tcontext=u:r:kernel:s0 tclass=dir permissive=0

03-30 10:37:40.509 25810 25810 W AppWatcher: type=1400 audit(0.0:55196628): avc: denied { getattr } for path="/proc/6" dev="proc" ino=11961943 scontext=u:r:untrusted_app:s0:c512,c768 tcontext=u:r:kernel:s0 tclass=dir permissive=0

