03-30 10:23:44.841 31659 31757 D HomeMate: comm[ Thread-44284: FileTool.java:65 deleteOldFiles() ] - deleteOldFiles()-fileName:HomeMate_20170315105735.086.txt

03-30 10:23:44.841 31659 31757 D HomeMate: comm[ Thread-44284: FileTool.java:65 deleteOldFiles() ] - deleteOldFiles()-fileName:HomeMate_20170315105331.858.txt

03-30 10:23:44.841 31659 31757 D HomeMate: comm[ Thread-44284: FileTool.java:65 deleteOldFiles() ] - deleteOldFiles()-fileName:HomeMate_20170315102638.310.txt

03-30 10:23:44.842 31659 31757 D HomeMate: comm[ Thread-44284: FileTool.java:65 deleteOldFiles() ] - deleteOldFiles()-fileName:HomeMate_20170315102553.301.txt

03-30 10:23:44.842 31659 31810 D a       : stopMDNSSocket()-Stop mDns

03-30 10:23:44.842 31659 31757 D HomeMate: comm[ Thread-44284: FileTool.java:65 deleteOldFiles() ] - deleteOldFiles()-fileName:HomeMate_20170315102506.333.txt

03-30 10:23:44.843 31659 31757 D HomeMate: comm[ Thread-44284: FileTool.java:65 deleteOldFiles() ] - deleteOldFiles()-fileName:HomeMate_20170315102420.784.txt

03-30 10:23:44.843 31659 31809 E b       : run()-error:Socket closed

03-30 10:23:44.843 31659 31757 D HomeMate: comm[ Thread-44284: FileTool.java:65 deleteOldFiles() ] - deleteOldFiles()-fileName:HomeMate_20170315091708.070.txt

03-30 10:23:44.844 31659 31809 V b       : stopping network thread

03-30 10:23:44.844 31659 31757 D HomeMate: comm[ Thread-44284: FileTool.java:65 deleteOldFiles() ] - deleteOldFiles()-fileName:HomeMate_20170315091636.400.txt

03-30 10:23:44.844  3745  3745 D wpa_supplicant: wlan0: Control interface command 'DRIVER RXFILTER-STOP'

03-30 10:23:44.844  3745  3745 D wpa_supplicant: wpa_driver_nl80211_driver_cmd RXFILTER-STOP len = 0, 4096

03-30 10:23:44.844  3745  3745 D wpa_supplicant: CTRL-DEBUG: global_ctrl_sock-sendto: sock=11 sndbuf=163840 outq=0 send_len=3

03-30 10:23:44.844 31659 31757 D HomeMate: comm[ Thread-44284: FileTool.java:65 deleteOldFiles() ] - deleteOldFiles()-fileName:HomeMate_20170315091531.864.txt

03-30 10:23:44.845 31659 31757 D HomeMate: comm[ Thread-44284: FileTool.java:65 deleteOldFiles() ] - deleteOldFiles()-fileName:HomeMate_20170315091450.189.txt

03-30 10:23:44.845  3745  3745 D wpa_supplicant: wlan0: Control interface command 'DRIVER RXFILTER-REMOVE 2'

03-30 10:23:44.845 31659 31794 D HomeMate: comm[ NioProcessor-7: CodecDecoder.java:44 doDecode() ] - hd:6864,actualLen:1024

03-30 10:23:44.845  3745  3745 D wpa_supplicant: wpa_driver_nl80211_driver_cmd RXFILTER-REMOVE 2 len = 0, 4096

03-30 10:23:44.845  3745  3745 D wpa_supplicant: CTRL-DEBUG: global_ctrl_sock-sendto: sock=11 sndbuf=163840 outq=0 send_len=3

03-30 10:23:44.845 31659 31794 W HomeMate: comm[ NioProcessor-7: CodecDecoder.java:57 doDecode() ] - length is wrong.Êï∞ÊçÆÁöÑÊ?ªÈïøÂ∫¶Len[2618]ÔºåÂÆûÈôÖÊé•Êî∂Âà∞ÁöÑÈïøÂ∫¶actualLenÔº?1024

03-30 10:23:44.845 31659 31757 D HomeMate: comm[ Thread-44284: FileTool.java:65 deleteOldFiles() ] - deleteOldFiles()-fileName:HomeMate_20170315090727.357.txt

03-30 10:23:44.845  3745  3745 D wpa_supplicant: wlan0: Control interface command 'DRIVER RXFILTER-START'

03-30 10:23:44.845  3745  3745 D wpa_supplicant: wpa_driver_nl80211_driver_cmd RXFILTER-START len = 0, 4096

03-30 10:23:44.845  3745  3745 D wpa_supplicant: CTRL-DEBUG: global_ctrl_sock-sendto: sock=11 sndbuf=163840 outq=0 send_len=3

03-30 10:23:44.846 31659 31794 D HomeMate: comm[ NioProcessor-7: CodecDecoder.java:44 doDecode() ] - hd:6864,actualLen:2618

03-30 10:23:44.846 31659 31757 D HomeMate: comm[ Thread-44284: FileTool.java:65 deleteOldFiles() ] - deleteOldFiles()-fileName:HomeMate_20170314194309.602.txt

03-30 10:23:44.847 31659 31757 D HomeMate: comm[ Thread-44284: FileTool.java:65 deleteOldFiles() ] - deleteOldFiles()-fileName:HomeMate_20170314194528.432vicenter.db

03-30 10:23:44.847 31659 31757 D HomeMate: comm[ Thread-44284: FileTool.java:65 deleteOldFiles() ] - deleteOldFiles()-fileName:HomeMate_20170314194528.471device_desc.db

03-30 10:23:44.847 31659 31757 D HomeMate: comm[ Thread-44284: FileTool.java:65 deleteOldFiles() ] - deleteOldFiles()-fileName:HomeMate_20170314191435.952.txt

03-30 10:23:44.848 31659 31757 D HomeMate: comm[ Thread-44284: FileTool.java:65 deleteOldFiles() ] - deleteOldFiles()-fileName:HomeMate_20170314191342.186.txt

03-30 10:23:44.848 31659 31757 D HomeMate: comm[ Thread-44284: FileTool.java:65 deleteOldFiles() ] - deleteOldFiles()-fileName:HomeMate_20170314190407.728.txt

03-30 10:23:44.848 31659 31757 D HomeMate: comm[ Thread-44284: FileTool.java:65 deleteOldFiles() ] - deleteOldFiles()-fileName:HomeMate_20170314190302.766.txt

03-30 10:23:44.849 31659 31757 D HomeMate: comm[ Thread-44284: FileTool.java:65 deleteOldFiles() ] - deleteOldFiles()-fileName:HomeMate_20170314190225.130.txt

03-30 10:23:44.849 31659 31757 D HomeMate: comm[ Thread-44284: FileTool.java:65 deleteOldFiles() ] - deleteOldFiles()-fileName:HomeMate_20170314190133.082.txt

03-30 10:23:44.850 31659 31757 D HomeMate: comm[ Thread-44284: FileTool.java:65 deleteOldFiles() ] - deleteOldFiles()-fileName:HomeMate_20170314190122.738.txt

03-30 10:23:44.850 31659 31757 D HomeMate: comm[ Thread-44284: FileTool.java:65 deleteOldFiles() ] - deleteOldFiles()-fileName:HomeMate_20170314190113.571.txt

03-30 10:23:44.851 31659 31757 D HomeMate: comm[ Thread-44284: FileTool.java:65 deleteOldFiles() ] - deleteOldFiles()-fileName:HomeMate_20170314190036.218.txt

03-30 10:23:44.851 31659 31757 D HomeMate: comm[ Thread-44284: FileTool.java:65 deleteOldFiles() ] - deleteOldFiles()-fileName:HomeMate_20170314185958.974.txt

03-30 10:23:44.852 31659 31757 D HomeMate: comm[ Thread-44284: FileTool.java:65 deleteOldFiles() ] - deleteOldFiles()-fileName:HomeMate_20170314180421.293.txt

03-30 10:23:44.852 31659 31757 D HomeMate: comm[ Thread-44284: FileTool.java:65 deleteOldFiles() ] - deleteOldFiles()-fileName:HomeMate_20170314175634.752.txt

03-30 10:23:44.852 31659 31757 D HomeMate: comm[ Thread-44284: FileTool.java:65 deleteOldFiles() ] - deleteOldFiles()-fileName:HomeMate_20170314174531.915.txt

03-30 10:23:44.853 31659 31757 D HomeMate: comm[ Thread-44284: FileTool.java:65 deleteOldFiles() ] - deleteOldFiles()-fileName:HomeMate_20170314174242.283.txt

03-30 10:23:44.853 31659 31757 D HomeMate: comm[ Thread-44284: FileTool.java:65 deleteOldFiles() ] - deleteOldFiles()-fileName:HomeMate_20170314173009.987.txt

03-30 10:23:44.854 31659 31757 D HomeMate: comm[ Thread-44284: FileTool.java:65 deleteOldFiles() ] - deleteOldFiles()-fileName:HomeMate_20170314171124.633.txt

03-30 10:23:44.854 31659 31757 D HomeMate: comm[ Thread-44284: FileTool.java:65 deleteOldFiles() ] - deleteOldFiles()-fileName:HomeMate_20170314170148.988.txt

03-30 10:23:44.854 31659 31757 D HomeMate: comm[ Thread-44284: FileTool.java:65 deleteOldFiles() ] - deleteOldFiles()-fileName:HomeMate_20170314170103.140.txt

03-30 10:23:44.855 31659 31757 D HomeMate: comm[ Thread-44284: FileTool.java:65 deleteOldFiles() ] - deleteOldFiles()-fileName:HomeMate_20170314170048.079.txt

03-30 10:23:44.855 31659 31757 D HomeMate: comm[ Thread-44284: FileTool.java:65 deleteOldFiles() ] - deleteOldFiles()-fileName:HomeMate_20170314165946.316.txt

03-30 10:23:44.855 31659 31757 D HomeMate: comm[ Thread-44284: FileTool.java:65 deleteOldFiles() ] - deleteOldFiles()-fileName:HomeMate_20170314165800.825.txt

03-30 10:23:44.856 31659 31757 D HomeMate: comm[ Thread-44284: FileTool.java:65 deleteOldFiles() ] - deleteOldFiles()-fileName:HomeMate_20170314164742.923.txt

03-30 10:23:44.856 31659 31757 D HomeMate: comm[ Thread-44284: FileTool.java:65 deleteOldFiles() ] - deleteOldFiles()-fileName:HomeMate_20170314164639.933.txt

03-30 10:23:44.857 31659 31757 D HomeMate: comm[ Thread-44284: FileTool.java:65 deleteOldFiles() ] - deleteOldFiles()-fileName:HomeMate_20170314164533.729.txt

03-30 10:23:44.857 31659 31757 D HomeMate: comm[ Thread-44284: FileTool.java:65 deleteOldFiles() ] - deleteOldFiles()-fileName:HomeMate_20170314164406.231.txt

03-30 10:23:44.858 31659 31757 D HomeMate: comm[ Thread-44284: FileTool.java:65 deleteOldFiles() ] - deleteOldFiles()-fileName:HomeMate_20170314163059.622.txt

03-30 10:23:44.858 31659 31794 I HomeMate: comm[ NioProcessor-7: CodecDecoder.java:76 doDecode() ] - Êé•Êî∂Âà∞IP:192.168.2.242ÁöÑÊï∞ÊçÆÔºö68,64,a,3a,64,6b,ea,8e,d8,fa,64,38,62,33,65,61,32,33,64,61,66,35,34,66,37,37,61,35,62,65,64,33,66,31,33,36,63,61,66,64,31,31,7,2b,a,f1,9e,bf,ef,a5,70,60,23,41,54,33,13,45,3e,e,da,57,5d,6,85,1d,50,4e,cd,8c,9f,4b,5a,ac,ff,85,0,7f,4e,d0,59,a7,f5,7e,ed,6e,f6,38,57,6b,96,b3,ef,25,d3,fc,e5,2a,d7,c3,d0,84,2a,7c,da,20,14,41,4f,d4,f3,c4,5c,93,c2,f4,97,87,16,6,c0,ce,a0,16,43,60,32,ea,a9,b4,70,b1,91,c6,67,43,56,aa,3,cb,71,73,ea,5e,73,d3,a0,54,ce,89,6b,30,70,8f,27,e5,c,3e,1b,d3,ec,6e,e3,ca,42,68,bc,24,7f,50,2e,2a,43,1,52,33,b4,87,b8,94,1d,d6,f,8c,a9,e4,a9,e2,38,d4,ec,72,e6,e7,68,dd,b8,c8,ee,d5,8c,1,7d,23,b5,f5,42,9e,eb,c1,d5,14,3b,36,2a,1,e4,f5,1,73,2c,3a,9f,a0,60,31,1,45,68,d6,79,be,97,6a,1c,53,26,6d,ec,22,c,27,54,81,f6,c1,20,d1,f,fc,9a,38,ed,ae,5d,9f,2f,a8,14,ad,b9,13,e6,34,ee,56,31,3b,9e,99,64,1,13,d4,7,7b,f8,16,c3,fe,a5,bc,23,d8,7c,7f,fa,cf,e3,b1,92,6,73,2e,1a,bb,f2,d8,f7,2d,f8,53,cb,3d,11,b0,c3,9e,7c,66,73,a4,95,54,c9,3c,69,33,f1,fc,bd,7e,5e,53,b9,34,59,b5,9,e9,ff,52,55,47,cb,dc,2,9b,58,d9,73,c8,4b,ab,b9,db,a0,e5,c,58,8,fe,74,e5,24,ac,a3,7c,6f,e0,8c,47,1,79,4f,93,12,3e,9,f4,6,f0,cc,d1,87,c5,2a,a7,99,fa,f5,6c,67,c1,13,1a,9d,b6,eb,8f,d7,9f,7d,c7,a9,d4,9f,b3,48,f3,cd,ad,3d,43,71,65,3f,19,e,8a,ff,2a,d7,b5,75,61,a2,be,2d,c8,d6,a9,62,6a,9a,be,d5,19,3,b4,4f,d0,cf,77,6c,be,35,b1,d0,b3,a1,28,b5,d6,ae,37,c5,c2,20,a0,37,ac,8d,c1,ef,cd,6a,22,f,23,a4,33,29,3e,6f,ad,8a,68,2a,bd,f6,b8,e6,4f,b8,88,b4,4a,ef,1f,51,7f,38,4e,e9,ff,5f,fc,d5,56,47,32,6f,8b,4,5a,54,e1,a3,30,83,c1,51,68,dd,53,fa,6a,2d,d1,f5,50,89,13,9e,81,19,40,3,6,75,e2,4c,e9,cb,18,a9,e7,0,81,8f,59,98,9e,3f,13,1d,f,25,35,8f,2f,91,fd,9e,bc,89,1f,42,fe,9b,a3,5d,98,8,3b,75,61,8,d6,d1,2c,34,12,b,b6,ec,83,25,c6,da,9e,5c,7b,28,1e,c5,f1,41,4d,be,99,ac,9d,b4,45,43,ce,8,f5,f0,94,75,c2,fe,8f,a3,f,36,91,cd,76,e6,e7,ae,a5,95,f1,d2,c4,f4,2f,63,bd,a7,62,a3,e7,9c,4b,2a,fc,9c,84,16,c4,2f,df,4c,16,46,6c,b,21,49,4,6,c1,a4,4b,7,80,9b,fa,24,d0,37,be,47,8a,54,8e,3c,de,82,2a,20,18,25,79,37,e8,39,94,e8,12,17,24,e8,87,7d,1e,ca,d7,cb,22,a5,b8,5a,96,3b,50,b3,3f,ac,13,4d,58,4e,ce,21,64,da,85,6f,35,5c,99,1,78,f6,a,4b,e1,35,46,95,94,80,17,61,c3,47,cf,77,3f,f4,a,c8,7f,f6,b4,50,6a,39,4b,33,89,79,6e,fc,4,9a,8a,67,f8,e6,df,4d,25,8c,b8,5c,11,f0,86,95,d3,d3,e8,58,cc,62,1b,72,5c,34,d8,20,a7,9f,c5,69,41,64,26,47,a6,1f,13,bd,4d,9f,ae,2e,80,bf,f3,7,34,bf,9c,d5,d9,ae,94,be,ea,cb,7,59,76,3,78,b3,ea,b9,47,e5,3d,1f,67,35,b5,80,9c,61,ba,f1,70,81,67,27,23,dd,bd,90,cf,af,c4,3f,3e,3,f8,f9,60,38,24,17,28,fa,1b,40,b4,76,b7,bb,35,97,4e,62,e4,15,94,6d,55,57,d,a3,ad,fc,3e,c9,d5,91,29,2,bd,35,9d,67,29,2f,e5,21,fb,73,52,38,56,65,b,a4,11,70,7b,90,d8,ee,6d,5c,17,e3,f7,62,7a,2f,7e,3a,49,21,17,90,27,f4,33,65,76,9f,b4,57,1e,c0,be,a9,2e,bf,b3,42,1e,c4,fb,58,a8,60,8b,ce,2a,59,d7,62,36,dd,ae,82,c8,6f,67,da,24,aa,8d,8f,14,20,41,5a,33,db,ca,9,bf,80,23,9b,d1,6c,b0,ad,a3,fc,37,17,b1,da,d5,8d,62,31,c3,66,4e,e6,87,ef,c4,ed,e3,3f,48,58,ba,de,4f,1e,4e,38,d8,f6,36,b7,47,65,b5,7c,8a,3b,57,8f,94,58,f0,82,4f,aa,ce,6,28,48,a2,cd,56,2a,ad,da,ff,31,e0,e0,2f,d3,49,de,75,4d,e6,f5,bd,97,d8,4e,5c,e,7b,a9,dd,b5,a3,c6,ea,5d,8e,bc,ef,2a,12,91,68,c0,ff,85,d7,cb,10,8f,4f,56,98,90,af,b8,d7,d4,33,86,1b,79,d4,3,86,a8,d2,1e,9d,5f,45,85,17,5e,46,c4,40,8,c6,15,c2,f3,d,a8,17,b6,db,c6,bc,7a,47,a6,9d,c2,b8,f4,9e,e5,5c,97,61,44,64,18,75,e4,75,b,3f,31,3e,9b,9d,25,a0,7f,9f,98,3b,23,ca,71,ea,d3,2e,7f,5f,4b,5d,81,e2,63,57,d1,4b,90,ec,36,55,bd,59,2e,c4,5c,53,66,68,ef,8b,1,7f,78,77,a4,62,86,54,58,b7,42,c9,8c,5f,2,55,d4,51,b4,be,1f,57,ba,ec,92,7c,2f,26,88,50,b,40,85,27,ef,c9,a1,3,19,c3,f3,b,1c,6c,d,43,47,9d,ec,d2,70,c1,55,29,c4,3b,3e,28,ab,2e,79,13,6,a2,eb,72,23,e2,8d,5b,ca,a6,7e,40,13,1c,a8,a8,54,7,a7,a3,bf,88,7e,16,40,99,eb,e4,99,e,2e,26,60,34,bf,30,7f,ce,f3,e6,4c,6e,80,b3,b4,90,de,9b,f6,17,ce,6,fc,4,9a,8a,67,f8,e6,df,4d,25,8c,b8,5c,11,f0,86,95,d3,d3,e8,58,cc,62,1b,72,5c,34,d8,20,a7,9f,c5,69,41,64,26,47,a6,1f,13,bd,4d,9f,ae,2e,80,bf,f3,50,12,61,72,33,34,f8,23,68,5f,50,9c,ab,12,3c,51,b3,ea,b9,47,e5,3d,1f,67,35,b5,80,9c,61,ba,f1,70,47,7f,c9,14,a3,d0,30,98,43,14

03-30 10:23:44.858 31659 31757 D HomeMate: comm[ Thread-44284: FileTool.java:65 deleteOldFiles() ] - deleteOldFiles()-fileName:HomeMate_20170314163002.900.txt

03-30 10:23:44.858 31659 31795 I HomeMate: comm[ pool-5-thread-1: SocketUtil.java:70 progressMessage() ] - protocolType[dk],crc:EA8ED8FA,sessionId:d8b3ea23daf54f77a5bed3f136cafd11,jsonLen:2576,ip:192.168.2.242,port:10001

03-30 10:23:44.859 31659 31757 D HomeMate: comm[ Thread-44284: FileTool.java:65 deleteOldFiles() ] - deleteOldFiles()-fileName:HomeMate_20170314162904.677.txt

03-30 10:23:44.859 31659 31795 I HomeMate: comm[ pool-5-thread-1: SocketUtil.java:108 progressMessage() ] - After decrypt json[{"cmd":201,"userId":"91a31ba24648493aad89636922662c04","ver":"2.3.0","serial":2083711425,"status":0,"familyList":[{"email":"15079034630@126.com","phone":"","userName":"ahdhhddhhd","isAdmin":1,"familyId":"ea4205a93f1c46b4a6df9bb391513dd9","familyName":"smjsn","creator":"91a31ba24648493aad89636922662c04","showIndex":1,"createTime":"2017-03-27 16:38:09","updateTime":"2017-03-27 19:15:02","longitude":"114.004849","latotide":"22.593931","country":"cn","city":"shenzhen","state":"guangdong","timeOffset":28800,"zoneOffset":28800,"delFlag":0},{"email":"15079034630@126.com","phone":"","userName":"ahdhhddhhd","isAdmin":1,"familyId":"7c9d5013119f46a2a89fe662794afe17","familyName":"gggy","creator":"91a31ba24648493aad89636922662c04","showIndex":2,"createTime":"2017-03-27 16:42:12","updateTime":"2017-03-28 19:54:38","longitude":"113.9997694882676","latotide":"22.59673235708171","country":"cn","city":"Ê∑±Âú≥Â∏?","state":"Âπø‰∏úÁú?","timeOffset":28800,"zoneOffset":28800,"delFlag":0},{"email":"15079034630@126.com","phone":"","userName":"ahdhhddhhd","isAdmin":1,"familyId":"2f2e636022b94e218b3c2f9756c65cc5","familyName":"f30ow","pic":"http://homemate.orvibo.com/images/family/decd605137a041d3943517d8943621bf.png","creator":"91a31ba24648493aad89636922662c04","showIndex":3,"createTime":"2017-03-27 17:37:58","updateTime":"2017-03-28 19:54:38","longitude":"113.9997694882676","latotide":"22.59673235708171","country":"cn","city":"Ê∑±Âú≥Â∏?","state":"Âπø‰∏úÁú?","timeOffset":28800,"zoneOffset":28800,"delFlag":0},{"email":"15079034630@126.com","phone":"","userName":"ahdhhddhhd","isAdmin":1,"familyId":"8a1ceb7b78034a539fbebe64efd979fc","familyName":"2fa1b","pic":"http://homemate.orvibo.com/images/family/5d1549631bde4bba877fa28498755239.png","creator":"91a31ba24648493aad89636922662c04","showIndex":4,"createTime":"2017-03-27 18:42:00","updateTime":"2017-03-28 19:54:38","longitude":"113.9997694882676","latotide":"22.59673235708171","country":"cn","city":"Ê∑±Âú≥Â∏?","state":"Âπø‰∏úÁú?","timeOffset":28800,"zoneOffset":28800,"delFlag":0},{"email":"15079034630@126.com","phone":"","userName":"ahdhhddhhd","isAdmin":1,"familyId":"dbc10e32ebe547cc932bce19fe63d2c1","familyName":"iu299","pic":"http://homemate.orvibo.com/images/family/783967619a144ff182042bce99002bb1.png","creator":"91a31ba24648493aad89636922662c04","showIndex":5,"createTime":"2017-03-27 19:02:47","updateTime":"2017-03-28 19:54:38","longitude":"113.9997694882676","latotide":"22.59673235708171","country":"cn","city":"Ê∑±Âú≥Â∏?","state":"Âπø‰∏úÁú?","timeOffset":28800,"zoneOffset":28800,"delFlag":0}]}]

03-30 10:23:44.859 31659 31757 D HomeMate: comm[ Thread-44284: FileTool.java:65 deleteOldFiles() ] - deleteOldFiles()-fileName:HomeMate_20170314162814.496.txt

03-30 10:23:44.860 31659 31757 D HomeMate: comm[ Thread-44284: FileTool.java:65 deleteOldFiles() ] - deleteOldFiles()-fileName:HomeMate_20170314162733.632.txt

03-30 10:23:44.860 31659 31757 D HomeMate: comm[ Thread-44284: FileTool.java:65 deleteOldFiles() ] - deleteOldFiles()-fileName:HomeMate_20170314162523.215.txt

03-30 10:23:44.862 31659 31757 D HomeMate: comm[ Thread-44284: FileTool.java:65 deleteOldFiles() ] - deleteOldFiles()-fileName:HomeMate_20170314162433.431.txt

03-30 10:23:44.863 31659 31757 D HomeMate: comm[ Thread-44284: FileTool.java:65 deleteOldFiles() ] - deleteOldFiles()-fileName:HomeMate_20170314162353.877.txt

03-30 10:23:44.864 31659 31757 D HomeMate: comm[ Thread-44284: FileTool.java:65 deleteOldFiles() ] - deleteOldFiles()-fileName:HomeMate_20170314162305.668.txt

03-30 10:23:44.877 31659 31757 D HomeMate: comm[ Thread-44284: FileTool.java:65 deleteOldFiles() ] - deleteOldFiles()-fileName:HomeMate_20170314162204.038.txt

03-30 10:23:44.877 31659 31757 D HomeMate: comm[ Thread-44284: FileTool.java:65 deleteOldFiles() ] - deleteOldFiles()-fileName:HomeMate_20170314162120.687.txt

03-30 10:23:44.878 31659 31757 D HomeMate: comm[ Thread-44284: FileTool.java:65 deleteOldFiles() ] - deleteOldFiles()-fileName:HomeMate_20170314162018.423.txt

03-30 10:23:44.878 31659 31757 D HomeMate: comm[ Thread-44284: FileTool.java:65 deleteOldFiles() ] - deleteOldFiles()-fileName:HomeMate_20170314161918.849.txt

03-30 10:23:44.878 31659 31757 D HomeMate: comm[ Thread-44284: FileTool.java:65 deleteOldFiles() ] - deleteOldFiles()-fileName:HomeMate_20170314161838.102.txt

03-30 10:23:44.879 31659 31757 D HomeMate: comm[ Thread-44284: FileTool.java:65 deleteOldFiles() ] - deleteOldFiles()-fileName:HomeMate_20170314161728.020.txt

03-30 10:23:44.879 31659 31757 D HomeMate: comm[ Thread-44284: FileTool.java:65 deleteOldFiles() ] - deleteOldFiles()-fileName:HomeMate_20170314161628.224.txt

03-30 10:23:44.880 31659 31757 D HomeMate: comm[ Thread-44284: FileTool.java:65 deleteOldFiles() ] - deleteOldFiles()-fileName:HomeMate_20170314161537.656.txt

03-30 10:23:44.880 31659 31757 D HomeMate: comm[ Thread-44284: FileTool.java:65 deleteOldFiles() ] - deleteOldFiles()-fileName:HomeMate_20170314161100.376.txt

03-30 10:23:44.881 31659 31757 D HomeMate: comm[ Thread-44284: FileTool.java:65 deleteOldFiles() ] - deleteOldFiles()-fileName:HomeMate_20170314160937.059.txt

03-30 10:23:44.881 31659 31757 D HomeMate: comm[ Thread-44284: FileTool.java:65 deleteOldFiles() ] - deleteOldFiles()-fileName:HomeMate_20170314160835.186.txt

03-30 10:23:44.882 31659 31757 D HomeMate: comm[ Thread-44284: FileTool.java:65 deleteOldFiles() ] - deleteOldFiles()-fileName:HomeMate_20170314160615.884.txt

03-30 10:23:44.882 31659 31757 D HomeMate: comm[ Thread-44284: FileTool.java:65 deleteOldFiles() ] - deleteOldFiles()-fileName:HomeMate_20170314160514.313.txt

03-30 10:23:44.883 31659 31757 D HomeMate: comm[ Thread-44284: FileTool.java:65 deleteOldFiles() ] - deleteOldFiles()-fileName:HomeMate_20170314160348.585.txt

03-30 10:23:44.883 31659 31757 D HomeMate: comm[ Thread-44284: FileTool.java:65 deleteOldFiles() ] - deleteOldFiles()-fileName:HomeMate_20170314155619.147.txt

03-30 10:23:44.883 31659 31757 D HomeMate: comm[ Thread-44284: FileTool.java:65 deleteOldFiles() ] - deleteOldFiles()-fileName:HomeMate_20170314155543.147.txt

03-30 10:23:44.884 31659 31757 D HomeMate: comm[ Thread-44284: FileTool.java:65 deleteOldFiles() ] - deleteOldFiles()-fileName:HomeMate_20170314155504.932.txt

03-30 10:23:44.884 31659 31757 D HomeMate: comm[ Thread-44284: FileTool.java:65 deleteOldFiles() ] - deleteOldFiles()-fileName:HomeMate_20170314155339.027.txt

03-30 10:23:44.885 31659 31757 D HomeMate: comm[ Thread-44284: FileTool.java:65 deleteOldFiles() ] - deleteOldFiles()-fileName:HomeMate_20170314155241.180.txt

03-30 10:23:44.885 31659 31757 D HomeMate: comm[ Thread-44284: FileTool.java:65 deleteOldFiles() ] - deleteOldFiles()-fileName:HomeMate_20170314155142.147.txt

03-30 10:23:44.886 31659 31757 D HomeMate: comm[ Thread-44284: FileTool.java:65 deleteOldFiles() ] - deleteOldFiles()-fileName:HomeMate_20170314095711.806.txt

03-30 10:23:44.886 31659 31757 D HomeMate: comm[ Thread-44284: FileTool.java:65 deleteOldFiles() ] - deleteOldFiles()-fileName:HomeMate_20170314095648.946.txt

03-30 10:23:44.888 31659 31757 D HomeMate: comm[ Thread-44284: FileTool.java:65 deleteOldFiles() ] - deleteOldFiles()-fileName:HomeMate_20170314095628.648.txt

03-30 10:23:44.889 31659 31757 D HomeMate: comm[ Thread-44284: FileTool.java:65 deleteOldFiles() ] - deleteOldFiles()-fileName:HomeMate_20170314095537.218.txt

03-30 10:23:44.889 31659 31757 D HomeMate: comm[ Thread-44284: FileTool.java:65 deleteOldFiles() ] - deleteOldFiles()-fileName:HomeMate_20170314095520.094.txt

03-30 10:23:44.890 31659 31757 D HomeMate: comm[ Thread-44284: FileTool.java:65 deleteOldFiles() ] - deleteOldFiles()-fileName:HomeMate_20170314095356.804.txt

03-30 10:23:44.890 31659 31757 D HomeMate: comm[ Thread-44284: FileTool.java:65 deleteOldFiles() ] - deleteOldFiles()-fileName:HomeMate_20170314095103.179.txt

03-30 10:23:44.891 31659 31757 D HomeMate: comm[ Thread-44284: FileTool.java:65 deleteOldFiles() ] - deleteOldFiles()-fileName:HomeMate_20170314094908.569.txt

03-30 10:23:44.891 31659 31757 D HomeMate: comm[ Thread-44284: FileTool.java:65 deleteOldFiles() ] - deleteOldFiles()-fileName:HomeMate_20170314094827.887.txt

03-30 10:23:44.891 31659 31757 D HomeMate: comm[ Thread-44284: FileTool.java:65 deleteOldFiles() ] - deleteOldFiles()-fileName:HomeMate_20170314093539.753.txt

03-30 10:23:44.892 31659 31757 D HomeMate: comm[ Thread-44284: FileTool.java:65 deleteOldFiles() ] - deleteOldFiles()-fileName:HomeMate_20170314093520.381.txt

03-30 10:23:44.892 31659 31757 D HomeMate: comm[ Thread-44284: FileTool.java:65 deleteOldFiles() ] - deleteOldFiles()-fileName:HomeMate_20170314092043.278.txt

03-30 10:23:44.892 31659 31757 D HomeMate: comm[ Thread-44284: FileTool.java:65 deleteOldFiles() ] - deleteOldFiles()-fileName:HomeMate_20170314092006.815.txt

03-30 10:23:44.893 31659 31757 D HomeMate: comm[ Thread-44284: FileTool.java:65 deleteOldFiles() ] - deleteOldFiles()-fileName:HomeMate_20170314091624.631.txt

03-30 10:23:44.893 31659 31757 D HomeMate: comm[ Thread-44284: FileTool.java:65 deleteOldFiles() ] - deleteOldFiles()-fileName:HomeMate_20170314091545.648.txt

03-30 10:23:44.893 31659 31757 D HomeMate: comm[ Thread-44284: FileTool.java:65 deleteOldFiles() ] - deleteOldFiles()-fileName:HomeMate_20170314091341.874.txt

03-30 10:23:44.894 31659 31757 D HomeMate: comm[ Thread-44284: FileTool.java:65 deleteOldFiles() ] - deleteOldFiles()-fileName:HomeMate_20170314091231.302.txt

03-30 10:23:44.894 31659 31757 D HomeMate: comm[ Thread-44284: FileTool.java:65 deleteOldFiles() ] - deleteOldFiles()-fileName:HomeMate_20170314091151.430.txt

03-30 10:23:44.895 31659 31757 D HomeMate: comm[ Thread-44284: FileTool.java:65 deleteOldFiles() ] - deleteOldFiles()-fileName:HomeMate_20170313191816.407.txt

03-30 10:23:44.895 31659 31757 D HomeMate: comm[ Thread-44284: FileTool.java:65 deleteOldFiles() ] - deleteOldFiles()-fileName:HomeMate_20170313191739.265.txt

03-30 10:23:44.895 31659 31757 D HomeMate: comm[ Thread-44284: FileTool.java:65 deleteOldFiles() ] - deleteOldFiles()-fileName:HomeMate_20170313191601.277.txt

03-30 10:23:44.896 31659 31757 D HomeMate: comm[ Thread-44284: FileTool.java:65 deleteOldFiles() ] - deleteOldFiles()-fileName:HomeMate_20170313191524.488.txt

03-30 10:23:44.896 31659 31757 D HomeMate: comm[ Thread-44284: FileTool.java:65 deleteOldFiles() ] - deleteOldFiles()-fileName:HomeMate_20170313191321.780.txt

03-30 10:23:44.896 31659 31757 D HomeMate: comm[ Thread-44284: FileTool.java:65 deleteOldFiles() ] - deleteOldFiles()-fileName:HomeMate_20170313191246.144.txt

03-30 10:23:44.897 31659 31757 D HomeMate: comm[ Thread-44284: FileTool.java:65 deleteOldFiles() ] - deleteOldFiles()-fileName:HomeMate_20170313191141.026.txt

03-30 10:23:44.897 31659 31757 D HomeMate: comm[ Thread-44284: FileTool.java:65 deleteOldFiles() ] - deleteOldFiles()-fileName:HomeMate_20170313191050.606.txt

03-30 10:23:44.898 31659 31757 D HomeMate: comm[ Thread-44284: FileTool.java:65 deleteOldFiles() ] - deleteOldFiles()-fileName:HomeMate_20170313191012.345.txt

03-30 10:23:44.898 31659 31757 D HomeMate: comm[ Thread-44284: FileTool.java:65 deleteOldFiles() ] - deleteOldFiles()-fileName:HomeMate_20170313190741.732.txt

03-30 10:23:44.898 31659 31757 D HomeMate: comm[ Thread-44284: FileTool.java:65 deleteOldFiles() ] - deleteOldFiles()-fileName:HomeMate_20170313190703.828.txt

03-30 10:23:44.899 31659 31757 D HomeMate: comm[ Thread-44284: FileTool.java:65 deleteOldFiles() ] - deleteOldFiles()-fileName:HomeMate_20170313190456.707.txt

03-30 10:23:44.899 31659 31757 D HomeMate: comm[ Thread-44284: FileTool.java:65 deleteOldFiles() ] - deleteOldFiles()-fileName:HomeMate_20170313190426.578.txt

03-30 10:23:44.900 31659 31757 D HomeMate: comm[ Thread-44284: FileTool.java:65 deleteOldFiles() ] - deleteOldFiles()-fileName:HomeMate_20170313190410.585.txt

03-30 10:23:44.901 31659 31757 D HomeMate: comm[ Thread-44284: FileTool.java:65 deleteOldFiles() ] - deleteOldFiles()-fileName:HomeMate_20170313190332.633.txt

03-30 10:23:44.902 31659 31757 D HomeMate: comm[ Thread-44284: FileTool.java:65 deleteOldFiles() ] - deleteOldFiles()-fileName:HomeMate_20170313190212.735.txt

03-30 10:23:44.904 31659 31757 D HomeMate: comm[ Thread-44284: FileTool.java:65 deleteOldFiles() ] - deleteOldFiles()-fileName:HomeMate_20170313190112.636.txt

03-30 10:23:44.904 31659 31757 D HomeMate: comm[ Thread-44284: FileTool.java:65 deleteOldFiles() ] - deleteOldFiles()-fileName:HomeMate_20170313190036.425.txt

03-30 10:23:44.905 31659 31757 D HomeMate: comm[ Thread-44284: FileTool.java:65 deleteOldFiles() ] - deleteOldFiles()-fileName:HomeMate_20170313185111.315.txt

03-30 10:23:44.905 31659 31757 D HomeMate: comm[ Thread-44284: FileTool.java:65 deleteOldFiles() ] - deleteOldFiles()-fileName:HomeMate_20170313184906.175.txt

03-30 10:23:44.905 31659 31757 D HomeMate: comm[ Thread-44284: FileTool.java:65 deleteOldFiles() ] - deleteOldFiles()-fileName:HomeMate_20170313184525.970.txt

03-30 10:23:44.906 31659 31757 D HomeMate: comm[ Thread-44284: FileTool.java:65 deleteOldFiles() ] - deleteOldFiles()-fileName:HomeMate_20170313184439.797.txt

03-30 10:23:44.907 31659 31757 D HomeMate: comm[ Thread-44284: FileTool.java:65 deleteOldFiles() ] - deleteOldFiles()-fileName:HomeMate_20170313184354.382.txt

03-30 10:23:44.908 31659 31757 D HomeMate: comm[ Thread-44284: FileTool.java:65 deleteOldFiles() ] - deleteOldFiles()-fileName:HomeMate_20170313184134.785.txt

03-30 10:23:44.908 31659 31757 D HomeMate: comm[ Thread-44284: FileTool.java:65 deleteOldFiles() ] - deleteOldFiles()-fileName:HomeMate_20170313184019.923.txt

03-30 10:23:44.908 31659 31757 D HomeMate: comm[ Thread-44284: FileTool.java:65 deleteOldFiles() ] - deleteOldFiles()-fileName:HomeMate_20170313183931.347.txt

03-30 10:23:44.909 31659 31757 D HomeMate: comm[ Thread-44284: FileTool.java:65 deleteOldFiles() ] - deleteOldFiles()-fileName:HomeMate_20170313180326.788.txt

03-30 10:23:44.909 31659 31757 D HomeMate: comm[ Thread-44284: FileTool.java:65 deleteOldFiles() ] - deleteOldFiles()-fileName:HomeMate_20170313173614.684.txt

03-30 10:23:44.910 31659 31757 D HomeMate: comm[ Thread-44284: FileTool.java:65 deleteOldFiles() ] - deleteOldFiles()-fileName:HomeMate_20170313170821.794.txt

03-30 10:23:44.911 31659 31757 D HomeMate: comm[ Thread-44284: FileTool.java:65 deleteOldFiles() ] - deleteOldFiles()-fileName:HomeMate_20170313161144.300.txt

03-30 10:23:44.911 31659 31757 D HomeMate: comm[ Thread-44284: FileTool.java:65 deleteOldFiles() ] - deleteOldFiles()-fileName:HomeMate_20170313155950.353.txt

03-30 10:23:44.911 31659 31757 D HomeMate: comm[ Thread-44284: FileTool.java:65 deleteOldFiles() ] - deleteOldFiles()-fileName:HomeMate_20170313150904.353.txt

03-30 10:23:44.912 31659 31757 D HomeMate: comm[ Thread-44284: FileTool.java:65 deleteOldFiles() ] - deleteOldFiles()-fileName:HomeMate_20170313145012.757.txt

03-30 10:23:44.912 31659 31757 D HomeMate: comm[ Thread-44284: FileTool.java:65 deleteOldFiles() ] - deleteOldFiles()-fileName:HomeMate_20170313144808.463.txt

03-30 10:23:44.913 31659 31757 D HomeMate: comm[ Thread-44284: FileTool.java:65 deleteOldFiles() ] - deleteOldFiles()-fileName:HomeMate_20170313144648.137.txt

03-30 10:23:44.913 31659 31757 D HomeMate: comm[ Thread-44284: FileTool.java:65 deleteOldFiles() ] - deleteOldFiles()-fileName:HomeMate_20170313144537.568.txt

03-30 10:23:44.914 31659 31757 D HomeMate: comm[ Thread-44284: FileTool.java:65 deleteOldFiles() ] - deleteOldFiles()-fileName:HomeMate_20170313144501.915.txt

03-30 10:23:44.914 31659 31757 D HomeMate: comm[ Thread-44284: FileTool.java:65 deleteOldFiles() ] - deleteOldFiles()-fileName:HomeMate_20170313144446.344.txt

03-30 10:23:44.926 31659 31757 D HomeMate: comm[ Thread-44284: FileTool.java:65 deleteOldFiles() ] - deleteOldFiles()-fileName:HomeMate_20170313144242.420.txt

03-30 10:23:44.928 31659 31757 D HomeMate: comm[ Thread-44284: FileTool.java:65 deleteOldFiles() ] - deleteOldFiles()-fileName:HomeMate_20170313144022.408.txt

03-30 10:23:44.928 31659 31757 D HomeMate: comm[ Thread-44284: FileTool.java:65 deleteOldFiles() ] - deleteOldFiles()-fileName:HomeMate_20170313143839.125.txt

03-30 10:23:44.930 31659 31757 D HomeMate: comm[ Thread-44284: FileTool.java:65 deleteOldFiles() ] - deleteOldFiles()-fileName:HomeMate_20170313143133.553.txt

03-30 10:23:44.930 31659 31757 D HomeMate: comm[ Thread-44284: FileTool.java:65 deleteOldFiles() ] - deleteOldFiles()-fileName:HomeMate_20170313142423.653.txt

03-30 10:23:44.931 31659 31757 D HomeMate: comm[ Thread-44284: FileTool.java:65 deleteOldFiles() ] - deleteOldFiles()-fileName:HomeMate_20170313142340.561.txt

03-30 10:23:44.931 31659 31757 D HomeMate: comm[ Thread-44284: FileTool.java:65 deleteOldFiles() ] - deleteOldFiles()-fileName:HomeMate_20170313142227.518.txt

03-30 10:23:44.932 31659 31757 D HomeMate: comm[ Thread-44284: FileTool.java:65 deleteOldFiles() ] - deleteOldFiles()-fileName:HomeMate_20170313142101.227.txt

03-30 10:23:44.932 31659 31757 D HomeMate: comm[ Thread-44284: FileTool.java:65 deleteOldFiles() ] - deleteOldFiles()-fileName:HomeMate_20170313142040.891.txt

03-30 10:23:44.932 31659 31757 D HomeMate: comm[ Thread-44284: FileTool.java:65 deleteOldFiles() ] - deleteOldFiles()-fileName:HomeMate_20170313141947.844.txt

03-30 10:23:44.933 31659 31757 D HomeMate: comm[ Thread-44284: FileTool.java:65 deleteOldFiles() ] - deleteOldFiles()-fileName:HomeMate_20170313141844.056.txt

03-30 10:23:44.935 31659 31757 D HomeMate: comm[ Thread-44284: FileTool.java:65 deleteOldFiles() ] - deleteOldFiles()-fileName:HomeMate_20170313141656.565.txt

03-30 10:23:44.935 31659 31757 D HomeMate: comm[ Thread-44284: FileTool.java:65 deleteOldFiles() ] - deleteOldFiles()-fileName:HomeMate_20170313141508.476.txt

03-30 10:23:44.936 31659 31757 D HomeMate: comm[ Thread-44284: FileTool.java:65 deleteOldFiles() ] - deleteOldFiles()-fileName:HomeMate_20170313141406.313.txt

03-30 10:23:44.936 31659 31757 D HomeMate: comm[ Thread-44284: FileTool.java:65 deleteOldFiles() ] - deleteOldFiles()-fileName:HomeMate_20170313141332.523.txt

03-30 10:23:44.937 31659 31757 D HomeMate: comm[ Thread-44284: FileTool.java:65 deleteOldFiles() ] - deleteOldFiles()-fileName:HomeMate_20170313141126.506.txt

03-30 10:23:44.937 31659 31757 D HomeMate: comm[ Thread-44284: FileTool.java:65 deleteOldFiles() ] - deleteOldFiles()-fileName:HomeMate_20170313135958.678.txt

03-30 10:23:44.938 31659 31757 D HomeMate: comm[ Thread-44284: FileTool.java:65 deleteOldFiles() ] - deleteOldFiles()-fileName:HomeMate_20170313134329.793.txt

03-30 10:23:44.938 31659 31757 D HomeMate: comm[ Thread-44284: FileTool.java:65 deleteOldFiles() ] - deleteOldFiles()-fileName:HomeMate_20170313134228.658.txt

03-30 10:23:44.938 31659 31757 D HomeMate: comm[ Thread-44284: FileTool.java:65 deleteOldFiles() ] - deleteOldFiles()-fileName:HomeMate_20170313120320.073.txt

03-30 10:23:44.939 31659 31757 D HomeMate: comm[ Thread-44284: FileTool.java:65 deleteOldFiles() ] - deleteOldFiles()-fileName:HomeMate_20170313120126.784.txt

03-30 10:23:44.939 31659 31757 D HomeMate: comm[ Thread-44284: FileTool.java:65 deleteOldFiles() ] - deleteOldFiles()-fileName:HomeMate_20170313120122.163.txt

03-30 10:23:44.940 31659 31757 D HomeMate: comm[ Thread-44284: FileTool.java:65 deleteOldFiles() ] - deleteOldFiles()-fileName:HomeMate_20170313120041.244.txt

03-30 10:23:44.941 31659 31757 D HomeMate: comm[ Thread-44284: FileTool.java:65 deleteOldFiles() ] - deleteOldFiles()-fileName:HomeMate_20170313115959.070.txt

03-30 10:23:44.941 31659 31757 D HomeMate: comm[ Thread-44284: FileTool.java:65 deleteOldFiles() ] - deleteOldFiles()-fileName:HomeMate_20170313115836.504.txt

03-30 10:23:44.942 31659 31757 D HomeMate: comm[ Thread-44284: FileTool.java:65 deleteOldFiles() ] - deleteOldFiles()-fileName:HomeMate_20170313115715.189.txt

03-30 10:23:44.943 31659 31757 D HomeMate: comm[ Thread-44284: FileTool.java:65 deleteOldFiles() ] - deleteOldFiles()-fileName:HomeMate_20170313115632.227.txt

03-30 10:23:44.943 31659 31757 D HomeMate: comm[ Thread-44284: FileTool.java:65 deleteOldFiles() ] - deleteOldFiles()-fileName:HomeMate_20170313115543.996.txt

03-30 10:23:44.944 31659 31757 D HomeMate: comm[ Thread-44284: FileTool.java:65 deleteOldFiles() ] - deleteOldFiles()-fileName:HomeMate_20170313115506.724.txt

03-30 10:23:44.944 31659 31757 D HomeMate: comm[ Thread-44284: FileTool.java:65 deleteOldFiles() ] - deleteOldFiles()-fileName:HomeMate_20170313115042.494.txt

03-30 10:23:44.944 31659 31757 D HomeMate: comm[ Thread-44284: FileTool.java:65 deleteOldFiles() ] - deleteOldFiles()-fileName:HomeMate_20170313113853.370.txt

03-30 10:23:44.945 31659 31757 D HomeMate: comm[ Thread-44284: FileTool.java:65 deleteOldFiles() ] - deleteOldFiles()-fileName:HomeMate_20170313113744.236.txt

03-30 10:23:44.945 31659 31757 D HomeMate: comm[ Thread-44284: FileTool.java:65 deleteOldFiles() ] - deleteOldFiles()-fileName:HomeMate_20170313113654.626.txt

03-30 10:23:44.946 31659 31757 D HomeMate: comm[ Thread-44284: FileTool.java:65 deleteOldFiles() ] - deleteOldFiles()-fileName:HomeMate_20170313113529.790.txt

03-30 10:23:44.946 31659 31757 D HomeMate: comm[ Thread-44284: FileTool.java:65 deleteOldFiles() ] - deleteOldFiles()-fileName:HomeMate_20170313113402.777.txt

03-30 10:23:44.947 31659 31757 D HomeMate: comm[ Thread-44284: FileTool.java:65 deleteOldFiles() ] - deleteOldFiles()-fileName:HomeMate_20170313113323.284.txt

03-30 10:23:44.947 31659 31757 D HomeMate: comm[ Thread-44284: FileTool.java:65 deleteOldFiles() ] - deleteOldFiles()-fileName:HomeMate_20170313113233.425.txt

03-30 10:23:44.948 31659 31757 D HomeMate: comm[ Thread-44284: FileTool.java:65 deleteOldFiles() ] - deleteOldFiles()-fileName:HomeMate_20170313113109.656.txt

03-30 10:23:44.948 31659 31757 D HomeMate: comm[ Thread-44284: FileTool.java:65 deleteOldFiles() ] - deleteOldFiles()-fileName:HomeMate_20170313112901.965.txt

03-30 10:23:44.948 31659 31757 D HomeMate: comm[ Thread-44284: FileTool.java:65 deleteOldFiles() ] - deleteOldFiles()-fileName:HomeMate_20170313112757.896.txt

03-30 10:23:44.949 31659 31757 D HomeMate: comm[ Thread-44284: FileTool.java:65 deleteOldFiles() ] - deleteOldFiles()-fileName:HomeMate_20170313112652.468.txt

03-30 10:23:44.951 31659 31757 D HomeMate: comm[ Thread-44284: FileTool.java:65 deleteOldFiles() ] - deleteOldFiles()-fileName:HomeMate_20170313112607.485.txt

03-30 10:23:44.952 31659 31757 D HomeMate: comm[ Thread-44284: FileTool.java:65 deleteOldFiles() ] - deleteOldFiles()-fileName:HomeMate_20170313112505.812.txt

03-30 10:23:44.952 31659 31757 D HomeMate: comm[ Thread-44284: FileTool.java:65 deleteOldFiles() ] - deleteOldFiles()-fileName:HomeMate_20170313112353.309.txt

03-30 10:23:44.953 31659 31757 D HomeMate: comm[ Thread-44284: FileTool.java:65 deleteOldFiles() ] - deleteOldFiles()-fileName:HomeMate_20170313112312.457.txt

03-30 10:23:44.953 31659 31757 D HomeMate: comm[ Thread-44284: FileTool.java:65 deleteOldFiles() ] - deleteOldFiles()-fileName:HomeMate_20170313112229.776.txt

03-30 10:23:44.953 31659 31757 D HomeMate: comm[ Thread-44284: FileTool.java:65 deleteOldFiles() ] - deleteOldFiles()-fileName:HomeMate_20170313112139.678.txt

03-30 10:23:44.954 31659 31757 D HomeMate: comm[ Thread-44284: FileTool.java:65 deleteOldFiles() ] - deleteOldFiles()-fileName:HomeMate_20170313112015.182.txt

03-30 10:23:44.954 31659 31757 D HomeMate: comm[ Thread-44284: FileTool.java:65 deleteOldFiles() ] - deleteOldFiles()-fileName:HomeMate_20170313111851.110.txt

03-30 10:23:44.955 31659 31757 D HomeMate: comm[ Thread-44284: FileTool.java:65 deleteOldFiles() ] - deleteOldFiles()-fileName:HomeMate_20170313111811.925.txt

03-30 10:23:44.955 31659 31757 D HomeMate: comm[ Thread-44284: FileTool.java:65 deleteOldFiles() ] - deleteOldFiles()-fileName:HomeMate_20170313111722.188.txt

03-30 10:23:44.955 31659 31757 D HomeMate: comm[ Thread-44284: FileTool.java:65 deleteOldFiles() ] - deleteOldFiles()-fileName:HomeMate_20170313111540.349.txt

03-30 10:23:44.956 31659 31757 D HomeMate: comm[ Thread-44284: FileTool.java:65 deleteOldFiles() ] - deleteOldFiles()-fileName:HomeMate_20170313111352.317.txt

03-30 10:23:44.956 31659 31757 D HomeMate: comm[ Thread-44284: FileTool.java:65 deleteOldFiles() ] - deleteOldFiles()-fileName:HomeMate_20170313111237.992.txt

03-30 10:23:44.957 31659 31757 D HomeMate: comm[ Thread-44284: FileTool.java:65 deleteOldFiles() ] - deleteOldFiles()-fileName:HomeMate_20170313111120.912.txt

03-30 10:23:44.957 31659 31757 D HomeMate: comm[ Thread-44284: FileTool.java:65 deleteOldFiles() ] - deleteOldFiles()-fileName:HomeMate_20170313111026.600.txt

03-30 10:23:44.957 31659 31757 D HomeMate: comm[ Thread-44284: FileTool.java:65 deleteOldFiles() ] - deleteOldFiles()-fileName:HomeMate_20170313110939.992.txt

03-30 10:23:44.958 31659 31757 D HomeMate: comm[ Thread-44284: FileTool.java:65 deleteOldFiles() ] - deleteOldFiles()-fileName:HomeMate_20170313110852.332.txt

03-30 10:23:44.958 31659 31757 D HomeMate: comm[ Thread-44284: FileTool.java:65 deleteOldFiles() ] - deleteOldFiles()-fileName:HomeMate_20170313110805.949.txt

03-30 10:23:44.959 31659 31757 D HomeMate: comm[ Thread-44284: FileTool.java:65 deleteOldFiles() ] - deleteOldFiles()-fileName:HomeMate_20170313110719.438.txt

03-30 10:23:44.959 31659 31757 D HomeMate: comm[ Thread-44284: FileTool.java:65 deleteOldFiles() ] - deleteOldFiles()-fileName:HomeMate_20170313110618.582.txt

03-30 10:23:44.959 31659 31757 D HomeMate: comm[ Thread-44284: FileTool.java:65 deleteOldFiles() ] - deleteOldFiles()-fileName:HomeMate_20170313110525.664.txt

03-30 10:23:44.961 31659 31757 D HomeMate: comm[ Thread-44284: FileTool.java:65 deleteOldFiles() ] - deleteOldFiles()-fileName:HomeMate_20170313110443.810.txt

03-30 10:23:44.961 31659 31757 D HomeMate: comm[ Thread-44284: FileTool.java:65 deleteOldFiles() ] - deleteOldFiles()-fileName:HomeMate_20170313110359.147.txt

03-30 10:23:44.961 31659 31757 D HomeMate: comm[ Thread-44284: FileTool.java:65 deleteOldFiles() ] - deleteOldFiles()-fileName:HomeMate_20170313110157.945.txt

03-30 10:23:44.962 31659 31757 D HomeMate: comm[ Thread-44284: FileTool.java:65 deleteOldFiles() ] - deleteOldFiles()-fileName:HomeMate_20170313110110.173.txt

03-30 10:23:44.962 31659 31757 D HomeMate: comm[ Thread-44284: FileTool.java:65 deleteOldFiles() ] - deleteOldFiles()-fileName:HomeMate_20170313105915.313.txt

03-30 10:23:44.963 31659 31757 D HomeMate: comm[ Thread-44284: FileTool.java:65 deleteOldFiles() ] - deleteOldFiles()-fileName:HomeMate_20170313105745.224.txt

03-30 10:23:44.963 31659 31757 D HomeMate: comm[ Thread-44284: FileTool.java:65 deleteOldFiles() ] - deleteOldFiles()-fileName:HomeMate_20170313105703.761.txt

03-30 10:23:44.964 31659 31757 D HomeMate: comm[ Thread-44284: FileTool.java:65 deleteOldFiles() ] - deleteOldFiles()-fileName:HomeMate_20170313105622.148.txt

03-30 10:23:44.964 31659 31757 D HomeMate: comm[ Thread-44284: FileTool.java:65 deleteOldFiles() ] - deleteOldFiles()-fileName:HomeMate_20170313105538.857.txt

03-30 10:23:44.964 31659 31757 D HomeMate: comm[ Thread-44284: FileTool.java:65 deleteOldFiles() ] - deleteOldFiles()-fileName:HomeMate_20170313105458.341.txt

03-30 10:23:44.965 31659 31757 D HomeMate: comm[ Thread-44284: FileTool.java:65 deleteOldFiles() ] - deleteOldFiles()-fileName:HomeMate_20170313104748.469.txt

03-30 10:23:44.965 31659 31757 D HomeMate: comm[ Thread-44284: FileTool.java:65 deleteOldFiles() ] - deleteOldFiles()-fileName:HomeMate_20170313104649.931.txt

03-30 10:23:44.966 31659 31757 D HomeMate: comm[ Thread-44284: FileTool.java:65 deleteOldFiles() ] - deleteOldFiles()-fileName:HomeMate_20170313104607.643.txt

03-30 10:23:44.966 31659 31757 D HomeMate: comm[ Thread-44284: FileTool.java:65 deleteOldFiles() ] - deleteOldFiles()-fileName:HomeMate_20170313104526.450.txt

03-30 10:23:44.967 31659 31757 D HomeMate: comm[ Thread-44284: FileTool.java:65 deleteOldFiles() ] - deleteOldFiles()-fileName:HomeMate_20170313104109.701.txt

03-30 10:23:44.967 31659 31757 D HomeMate: comm[ Thread-44284: FileTool.java:65 deleteOldFiles() ] - deleteOldFiles()-fileName:HomeMate_20170313103819.287.txt

03-30 10:23:44.968 31659 31757 D HomeMate: comm[ Thread-44284: FileTool.java:65 deleteOldFiles() ] - deleteOldFiles()-fileName:HomeMate_20170313103739.238.txt

03-30 10:23:44.968 31659 31659 D HomeMate: allen[ main: HomeFragment.java:209 onResume() ] - onResume()

03-30 10:23:44.968 31659 31757 D HomeMate: comm[ Thread-44284: FileTool.java:65 deleteOldFiles() ] - deleteOldFiles()-fileName:HomeMate_20170313103655.730.txt

03-30 10:23:44.969 31659 31757 D HomeMate: comm[ Thread-44284: FileTool.java:65 deleteOldFiles() ] - deleteOldFiles()-fileName:HomeMate_20170313103611.367.txt

03-30 10:23:44.969 31659 31757 D HomeMate: comm[ Thread-44284: FileTool.java:65 deleteOldFiles() ] - deleteOldFiles()-fileName:HomeMate_20170313103531.328.txt

03-30 10:23:44.970 31659 31757 D HomeMate: comm[ Thread-44284: FileTool.java:65 deleteOldFiles() ] - deleteOldFiles()-fileName:HomeMate_20170313103302.705.txt

03-30 10:23:44.971 31659 31757 D HomeMate: comm[ Thread-44284: FileTool.java:65 deleteOldFiles() ] - deleteOldFiles()-fileName:HomeMate_20170313103037.350.txt

03-30 10:23:44.971 31659 31757 D HomeMate: comm[ Thread-44284: FileTool.java:65 deleteOldFiles() ] - deleteOldFiles()-fileName:HomeMate_20170313102957.249.txt

03-30 10:23:44.972 31659 31757 D HomeMate: comm[ Thread-44284: FileTool.java:65 deleteOldFiles() ] - deleteOldFiles()-fileName:HomeMate_20170313102411.740.txt

03-30 10:23:44.972 31659 31757 D HomeMate: comm[ Thread-44284: FileTool.java:65 deleteOldFiles() ] - deleteOldFiles()-fileName:HomeMate_20170313093011.958.txt

03-30 10:23:44.973 31659 31757 D HomeMate: comm[ Thread-44284: FileTool.java:65 deleteOldFiles() ] - deleteOldFiles()-fileName:HomeMate_20170313092835.208.txt

03-30 10:23:44.973 31659 31757 D HomeMate: comm[ Thread-44284: FileTool.java:65 deleteOldFiles() ] - deleteOldFiles()-fileName:HomeMate_20170313092721.460.txt

03-30 10:23:44.973 31659 31757 D HomeMate: comm[ Thread-44284: FileTool.java:65 deleteOldFiles() ] - deleteOldFiles()-fileName:HomeMate_20170313092505.131.txt

03-30 10:23:44.974 31659 31757 D HomeMate: comm[ Thread-44284: FileTool.java:65 deleteOldFiles() ] - deleteOldFiles()-fileName:HomeMate_20170313091432.540.txt

03-30 10:23:44.974 31659 31757 D HomeMate: comm[ Thread-44284: FileTool.java:65 deleteOldFiles() ] - deleteOldFiles()-fileName:HomeMate_20170313091359.257.txt

03-30 10:23:44.975 31659 31757 D HomeMate: comm[ Thread-44284: FileTool.java:65 deleteOldFiles() ] - deleteOldFiles()-fileName:HomeMate_20170313091325.107.txt

03-30 10:23:44.975 31659 31757 D HomeMate: comm[ Thread-44284: FileTool.java:65 deleteOldFiles() ] - deleteOldFiles()-fileName:HomeMate_20170313091217.909.txt

03-30 10:23:44.975 31659 31757 D HomeMate: comm[ Thread-44284: FileTool.java:65 deleteOldFiles() ] - deleteOldFiles()-fileName:HomeMate_20170313091137.193.txt

03-30 10:23:44.976 31659 31757 D HomeMate: comm[ Thread-44284: FileTool.java:65 deleteOldFiles() ] - deleteOldFiles()-fileName:HomeMate_20170313090514.887.txt

03-30 10:23:44.976 31659 31757 D HomeMate: comm[ Thread-44284: FileTool.java:65 deleteOldFiles() ] - deleteOldFiles()-fileName:HomeMate_20170312174702.677.txt

03-30 10:23:44.977 31659 31757 D HomeMate: comm[ Thread-44284: FileTool.java:65 deleteOldFiles() ] - deleteOldFiles()-fileName:HomeMate_20170312175915.242vicenter.db

03-30 10:23:44.977 31659 31757 D HomeMate: comm[ Thread-44284: FileTool.java:65 deleteOldFiles() ] - deleteOldFiles()-fileName:HomeMate_20170312175915.278device_desc.db

03-30 10:23:44.978 31659 31829 W System  : ClassLoader referenced unknown path: /system/framework/tcmclient.jar

03-30 10:23:44.979 31659 31757 D HomeMate: comm[ Thread-44284: FileTool.java:65 deleteOldFiles() ] - deleteOldFiles()-fileName:HomeMate_20170312174043.093.txt

03-30 10:23:44.980 31659 31757 D HomeMate: comm[ Thread-44284: FileTool.java:65 deleteOldFiles() ] - deleteOldFiles()-fileName:HomeMate_20170312173333.515.txt

03-30 10:23:44.980 31659 31757 D HomeMate: comm[ Thread-44284: FileTool.java:65 deleteOldFiles() ] - deleteOldFiles()-fileName:HomeMate_20170312173635.786vicenter.db

03-30 10:23:44.980 31659 31757 D HomeMate: comm[ Thread-44284: FileTool.java:65 deleteOldFiles() ] - deleteOldFiles()-fileName:HomeMate_20170312173635.828device_desc.db

03-30 10:23:44.981 31659 31757 D HomeMate: comm[ Thread-44284: FileTool.java:65 deleteOldFiles() ] - deleteOldFiles()-fileName:HomeMate_20170312172050.439.txt

03-30 10:23:44.981 31659 31757 D HomeMate: comm[ Thread-44284: FileTool.java:65 deleteOldFiles() ] - deleteOldFiles()-fileName:HomeMate_20170312172002.570.txt

03-30 10:23:44.981 31659 31757 D HomeMate: comm[ Thread-44284: FileTool.java:65 deleteOldFiles() ] - deleteOldFiles()-fileName:HomeMate_20170312171820.017.txt

03-30 10:23:44.982 31659 31757 D HomeMate: comm[ Thread-44284: FileTool.java:65 deleteOldFiles() ] - deleteOldFiles()-fileName:HomeMate_20170312171339.019.txt

03-30 10:23:44.982 31659 31659 D HomeMate: comm[ main: BaseFragment.java:74 onAttach() ] - HomePagerFragment

03-30 10:23:44.982 31659 31757 D HomeMate: comm[ Thread-44284: FileTool.java:65 deleteOldFiles() ] - deleteOldFiles()-fileName:HomeMate_20170312165648.344.txt

03-30 10:23:44.983 31659 31757 D HomeMate: comm[ Thread-44284: FileTool.java:65 deleteOldFiles() ] - deleteOldFiles()-fileName:HomeMate_20170312163934.262.txt

03-30 10:23:44.983 31659 31757 D HomeMate: comm[ Thread-44284: FileTool.java:65 deleteOldFiles() ] - deleteOldFiles()-fileName:HomeMate_20170312163127.103.txt

03-30 10:23:44.984 31659 31757 D HomeMate: comm[ Thread-44284: FileTool.java:65 deleteOldFiles() ] - deleteOldFiles()-fileName:HomeMate_20170312163120.512.txt

03-30 10:23:44.984 31659 31757 D HomeMate: comm[ Thread-44284: FileTool.java:65 deleteOldFiles() ] - deleteOldFiles()-fileName:HomeMate_20170312160640.256.txt

03-30 10:23:44.985 31659 31757 D HomeMate: comm[ Thread-44284: FileTool.java:65 deleteOldFiles() ] - deleteOldFiles()-fileName:HomeMate_20170312161759.153vicenter.db

03-30 10:23:44.985 31659 31757 D HomeMate: comm[ Thread-44284: FileTool.java:65 deleteOldFiles() ] - deleteOldFiles()-fileName:HomeMate_20170312161759.188device_desc.db

03-30 10:23:44.985 31659 31757 D HomeMate: comm[ Thread-44284: FileTool.java:65 deleteOldFiles() ] - deleteOldFiles()-fileName:HomeMate_20170312160611.137.txt

03-30 10:23:44.986 31659 31757 D HomeMate: comm[ Thread-44284: FileTool.java:65 deleteOldFiles() ] - deleteOldFiles()-fileName:HomeMate_20170312153509.466.txt

03-30 10:23:44.986 31659 31757 D HomeMate: comm[ Thread-44284: FileTool.java:65 deleteOldFiles() ] - deleteOldFiles()-fileName:HomeMate_20170312152938.729.txt

03-30 10:23:44.987 31659 31659 D HomeMate: allen[ main: HomePagerFragment.java:120 onCreateView() ] - onCreateView()

03-30 10:23:44.987 31659 31757 D HomeMate: comm[ Thread-44284: FileTool.java:65 deleteOldFiles() ] - deleteOldFiles()-fileName:HomeMate_20170312151433.278.txt

03-30 10:23:44.987 31659 31757 D HomeMate: comm[ Thread-44284: FileTool.java:65 deleteOldFiles() ] - deleteOldFiles()-fileName:HomeMate_20170312151214.427.txt

03-30 10:23:44.987 31659 31757 D HomeMate: comm[ Thread-44284: FileTool.java:65 deleteOldFiles() ] - deleteOldFiles()-fileName:HomeMate_20170312151039.771.txt

03-30 10:23:44.988 31659 31757 D HomeMate: comm[ Thread-44284: FileTool.java:65 deleteOldFiles() ] - deleteOldFiles()-fileName:HomeMate_20170312150631.722.txt

03-30 10:23:44.988 31659 31757 D HomeMate: comm[ Thread-44284: FileTool.java:65 deleteOldFiles() ] - deleteOldFiles()-fileName:HomeMate_20170312143619.574.txt

03-30 10:23:44.989 31659 31757 D HomeMate: comm[ Thread-44284: FileTool.java:65 deleteOldFiles() ] - deleteOldFiles()-fileName:HomeMate_20170312142744.236.txt

03-30 10:23:44.989 31659 31757 D HomeMate: comm[ Thread-44284: FileTool.java:65 deleteOldFiles() ] - deleteOldFiles()-fileName:HomeMate_20170312135955.137.txt

03-30 10:23:44.989 31659 31757 D HomeMate: comm[ Thread-44284: FileTool.java:65 deleteOldFiles() ] - deleteOldFiles()-fileName:HomeMate_20170312112047.380.txt

03-30 10:23:44.990 31659 31757 D HomeMate: comm[ Thread-44284: FileTool.java:65 deleteOldFiles() ] - deleteOldFiles()-fileName:HomeMate_20170312111346.819.txt

03-30 10:23:44.990 31659 31757 D HomeMate: comm[ Thread-44284: FileTool.java:65 deleteOldFiles() ] - deleteOldFiles()-fileName:HomeMate_20170312111201.239.txt

03-30 10:23:44.991 31659 31757 D HomeMate: comm[ Thread-44284: FileTool.java:65 deleteOldFiles() ] - deleteOldFiles()-fileName:HomeMate_20170312111140.828.txt

03-30 10:23:44.991 31659 31757 D HomeMate: comm[ Thread-44284: FileTool.java:65 deleteOldFiles() ] - deleteOldFiles()-fileName:HomeMate_20170310181009.195.txt

03-30 10:23:44.992 31659 31757 D HomeMate: comm[ Thread-44284: FileTool.java:65 deleteOldFiles() ] - deleteOldFiles()-fileName:HomeMate_20170310180947.914.txt

