03-30 10:28:18.488   379   493 I ThermalEngine: Sensor:batt_temp:336 mC

03-30 10:28:19.397  6151  6186 I octvm_klo: read wakeups from wakealarm_fd:1

03-30 10:28:19.397  6151  6186 I octvm_klo: new timerfd interval:

03-30 10:28:19.397  6151  6186 I octvm_klo: 	itval.it_interval.tv_sec 1, itval.it_interval.tv_nsec 0

03-30 10:28:19.397  6151  6186 I octvm_klo: 	itval.it_value.tv_sec 0, itval.it_value.tv_nsec 999992448

03-30 10:28:19.489   379   493 I ThermalEngine: Sensor:batt_temp:337 mC

03-30 10:28:19.950  2044  3620 D WifiStateMachine: starting scan for "56.1_neiwang"-WPA_PSK with 5280,2412

03-30 10:28:19.950  3745  3745 D wpa_supplicant: wlan0: Control interface command 'SCAN TYPE=ONLY freq=5280,2412'

03-30 10:28:19.950  3745  3745 D wpa_supplicant: wlan0: Setting scan request: 0.000000 sec

03-30 10:28:19.951  3745  3745 D wpa_supplicant: CTRL-DEBUG: global_ctrl_sock-sendto: sock=11 sndbuf=163840 outq=0 send_len=3

03-30 10:28:19.951  3745  3745 D wpa_supplicant: wlan0: Starting AP scan for wildcard SSID

03-30 10:28:19.951  3745  3745 D wpa_supplicant: wlan0: Limit manual scan to specified channels

03-30 10:28:19.951  3745  3745 D wpa_supplicant: wlan0: Add radio work 'scan'@0xb68d9398

03-30 10:28:19.951  3745  3745 D wpa_supplicant: wlan0: First radio work item in the queue - schedule start immediately

03-30 10:28:19.951  3745  3745 D wpa_supplicant: wlan0: Starting radio work 'scan'@0xb68d9398 after 0.000087 second wait

03-30 10:28:19.951  3745  3745 D wpa_supplicant: wlan0: nl80211: scan request

03-30 10:28:19.951  3745  3745 D wpa_supplicant: nl80211: Scan SSID - hexdump(len=0): [NULL]

03-30 10:28:19.951  3745  3745 D wpa_supplicant: nl80211: Scan extra IEs - hexdump(len=7): 7f 05 00 00 0a 02 01

03-30 10:28:19.951  3745  3745 D wpa_supplicant: nl80211: Scan frequency 2412 MHz

03-30 10:28:19.951  3745  3745 D wpa_supplicant: nl80211: Scan frequency 5280 MHz

03-30 10:28:19.965  3745  3745 D wpa_supplicant: Scan requested (ret=0) - scan timeout 30 seconds

03-30 10:28:19.965  3745  3745 D wpa_supplicant: nl80211: Event message available

03-30 10:28:19.965  3745  3745 D wpa_supplicant: nl80211: Drv Event 33 (NL80211_CMD_TRIGGER_SCAN) received for wlan0

03-30 10:28:19.965  3745  3745 D wpa_supplicant: wlan0: nl80211: Scan trigger

03-30 10:28:19.965  3745  3745 D wpa_supplicant: wlan0: Event SCAN_STARTED (47) received

03-30 10:28:19.966  3745  3745 D wpa_supplicant: wlan0: Own scan request started a scan in 0.000201 seconds

03-30 10:28:19.966  3745  3745 D wpa_supplicant: CTRL-DEBUG: ctrl_sock-sendmsg: sock=11 sndbuf=163840 outq=0 send_len=24

03-30 10:28:19.966  3745  3745 D wpa_supplicant: CTRL_IFACE monitor sent successfully to /data/misc/wifi/sockets/wpa_ctrl_2044-2\x00

03-30 10:28:20.089  3745  3745 D wpa_supplicant: nl80211: Event message available

03-30 10:28:20.089  3745  3745 D wpa_supplicant: nl80211: Drv Event 34 (NL80211_CMD_NEW_SCAN_RESULTS) received for wlan0

03-30 10:28:20.089  3745  3745 D wpa_supplicant: wlan0: nl80211: New scan results available

03-30 10:28:20.089  3745  3745 D wpa_supplicant: nl80211: Scan included frequencies: 2412 5280

03-30 10:28:20.089  3745  3745 D wpa_supplicant: wlan0: Event SCAN_RESULTS (3) received

03-30 10:28:20.089  3745  3745 D wpa_supplicant: wlan0: Scan completed in 0.123392 seconds

03-30 10:28:20.089  3745  3745 D wpa_supplicant: nl80211: Associated on 5280 MHz

03-30 10:28:20.089  3745  3745 D wpa_supplicant: nl80211: Associated with cc:81:da:9c:13:28

03-30 10:28:20.089  3745  3745 D wpa_supplicant: nl80211: Received scan results (6 BSSes)

03-30 10:28:20.089  3745  3745 D wpa_supplicant: nl80211: Scan results indicate BSS status with cc:81:da:9c:13:28 as associated

03-30 10:28:20.089  3745  3745 D wpa_supplicant: wlan0: BSS: Start scan result update 5215

03-30 10:28:20.090  3745  3745 D wpa_supplicant: BSS: last_scan_res_used=6/64

03-30 10:28:20.090  3745  3745 D wpa_supplicant: wlan0: Scan-only results received

03-30 10:28:20.090  3745  3745 D wpa_supplicant: CTRL-DEBUG: ctrl_sock-sendmsg: sock=11 sndbuf=163840 outq=0 send_len=24

03-30 10:28:20.090  3745  3745 D wpa_supplicant: CTRL_IFACE monitor sent successfully to /data/misc/wifi/sockets/wpa_ctrl_2044-2\x00

03-30 10:28:20.090  3745  3745 D wpa_supplicant: wlan0: Radio work 'scan'@0xb68d9398 done in 0.139163 seconds

03-30 10:28:20.105  3745  3745 D wpa_supplicant: CTRL-DEBUG: global_ctrl_sock-sendto: sock=11 sndbuf=163840 outq=0 send_len=3541

03-30 10:28:20.108  3745  3745 D wpa_supplicant: RTM_NEWLINK: ifi_index=22 ifname=wlan0 wext ifi_family=0 ifi_flags=0x11043 ([UP][RUNNING][LOWER_UP])

03-30 10:28:20.112  3745  3745 D wpa_supplicant: CTRL-DEBUG: global_ctrl_sock-sendto: sock=11 sndbuf=163840 outq=0 send_len=3699

03-30 10:28:20.116  3745  3745 D wpa_supplicant: CTRL-DEBUG: global_ctrl_sock-sendto: sock=11 sndbuf=163840 outq=0 send_len=3243

03-30 10:28:20.119  3745  3745 D wpa_supplicant: CTRL-DEBUG: global_ctrl_sock-sendto: sock=11 sndbuf=163840 outq=0 send_len=3891

03-30 10:28:20.125  3745  3745 D wpa_supplicant: CTRL-DEBUG: global_ctrl_sock-sendto: sock=11 sndbuf=163840 outq=0 send_len=3610

03-30 10:28:20.132  3745  3745 D wpa_supplicant: CTRL-DEBUG: global_ctrl_sock-sendto: sock=11 sndbuf=163840 outq=0 send_len=3035

03-30 10:28:20.158  3745  3745 D wpa_supplicant: EAPOL: EAP Session-Id not available

03-30 10:28:20.158  3745  3745 D wpa_supplicant: CTRL-DEBUG: global_ctrl_sock-sendto: sock=11 sndbuf=163840 outq=0 send_len=279

03-30 10:28:20.161  3745  3745 D wpa_supplicant: wlan0: Control interface command 'SIGNAL_POLL'

03-30 10:28:20.162  3745  3745 D wpa_supplicant: CTRL-DEBUG: global_ctrl_sock-sendto: sock=11 sndbuf=163840 outq=0 send_len=49

03-30 10:28:20.397  6151  6186 I octvm_klo: read wakeups from wakealarm_fd:1

03-30 10:28:20.397  6151  6186 I octvm_klo: new timerfd interval:

03-30 10:28:20.397  6151  6186 I octvm_klo: 	itval.it_interval.tv_sec 1, itval.it_interval.tv_nsec 0

03-30 10:28:20.397  6151  6186 I octvm_klo: 	itval.it_value.tv_sec 0, itval.it_value.tv_nsec 999992657

03-30 10:28:20.491   379   493 I ThermalEngine: Sensor:batt_temp:337 mC

03-30 10:28:20.579 25810 25810 W AppWatcher: type=1400 audit(0.0:55141127): avc: denied { getattr } for path="/proc/opalum-temp-calib" dev="proc" ino=4026534631 scontext=u:r:untrusted_app:s0:c512,c768 tcontext=u:object_r:proc_opalum:s0 tclass=file permissive=0

03-30 10:28:20.579 25810 25810 W AppWatcher: type=1400 audit(0.0:55141128): avc: denied { getattr } for path="/proc/opalum-f0-calib" dev="proc" ino=4026534630 scontext=u:r:untrusted_app:s0:c512,c768 tcontext=u:object_r:proc_opalum:s0 tclass=file permissive=0

03-30 10:28:20.579 25810 25810 W AppWatcher: type=1400 audit(0.0:55141129): avc: denied { getattr } for path="/proc/sysrq-trigger" dev="proc" ino=4026533735 scontext=u:r:untrusted_app:s0:c512,c768 tcontext=u:object_r:proc_sysrq:s0 tclass=file permissive=0

03-30 10:28:20.589 25810 25810 W AppWatcher: type=1400 audit(0.0:55141130): avc: denied { getattr } for path="/proc/1" dev="proc" ino=11921139 scontext=u:r:untrusted_app:s0:c512,c768 tcontext=u:r:init:s0 tclass=dir permissive=0

03-30 10:28:20.589 25810 25810 W AppWatcher: type=1400 audit(0.0:55141131): avc: denied { getattr } for path="/proc/2" dev="proc" ino=11961941 scontext=u:r:untrusted_app:s0:c512,c768 tcontext=u:r:kernel:s0 tclass=dir permissive=0

03-30 10:28:20.589 25810 25810 W AppWatcher: type=1400 audit(0.0:55141132): avc: denied { getattr } for path="/proc/3" dev="proc" ino=11961942 scontext=u:r:untrusted_app:s0:c512,c768 tcontext=u:r:kernel:s0 tclass=dir permissive=0

03-30 10:28:20.589 25810 25810 W AppWatcher: type=1400 audit(0.0:55141133): avc: denied { getattr } for path="/proc/6" dev="proc" ino=11961943 scontext=u:r:untrusted_app:s0:c512,c768 tcontext=u:r:kernel:s0 tclass=dir permissive=0

03-30 10:28:20.589 25810 25810 W AppWatcher: type=1400 audit(0.0:55141134): avc: denied { getattr } for path="/proc/7" dev="proc" ino=11961944 scontext=u:r:untrusted_app:s0:c512,c768 tcontext=u:r:kernel:s0 tclass=dir permissive=0

03-30 10:28:20.589 25810 25810 W AppWatcher: type=1400 audit(0.0:55141135): avc: denied { getattr } for path="/proc/8" dev="proc" ino=11961945 scontext=u:r:untrusted_app:s0:c512,c768 tcontext=u:r:kernel:s0 tclass=dir permissive=0

03-30 10:28:20.589 25810 25810 W AppWatcher: type=1400 audit(0.0:55141136): avc: denied { getattr } for path="/proc/21" dev="proc" ino=11961946 scontext=u:r:untrusted_app:s0:c512,c768 tcontext=u:r:kernel:s0 tclass=dir permissive=0

03-30 10:28:20.589 25810 25810 W AppWatcher: type=1400 audit(0.0:55141137): avc: denied { getattr } for path="/proc/22" dev="proc" ino=11961947 scontext=u:r:untrusted_app:s0:c512,c768 tcontext=u:r:kernel:s0 tclass=dir permissive=0

03-30 10:28:20.589 25810 25810 W AppWatcher: type=1400 audit(0.0:55141138): avc: denied { getattr } for path="/proc/28" dev="proc" ino=11961948 scontext=u:r:untrusted_app:s0:c512,c768 tcontext=u:r:kernel:s0 tclass=dir permissive=0

03-30 10:28:20.589 25810 25810 W AppWatcher: type=1400 audit(0.0:55141139): avc: denied { getattr } for path="/proc/29" dev="proc" ino=11961949 scontext=u:r:untrusted_app:s0:c512,c768 tcontext=u:r:kernel:s0 tclass=dir permissive=0

03-30 10:28:20.589 25810 25810 W AppWatcher: type=1400 audit(0.0:55141140): avc: denied { getattr } for path="/proc/30" dev="proc" ino=11961950 scontext=u:r:untrusted_app:s0:c512,c768 tcontext=u:r:kernel:s0 tclass=dir permissive=0

03-30 10:28:20.599 25810 25810 W AppWatcher: type=1400 audit(0.0:55141141): avc: denied { getattr } for path="/proc/32" dev="proc" ino=11961951 scontext=u:r:untrusted_app:s0:c512,c768 tcontext=u:r:kernel:s0 tclass=dir permissive=0

03-30 10:28:20.599 25810 25810 W AppWatcher: type=1400 audit(0.0:55141142): avc: denied { getattr } for path="/proc/33" dev="proc" ino=11961952 scontext=u:r:untrusted_app:s0:c512,c768 tcontext=u:r:kernel:s0 tclass=dir permissive=0

03-30 10:28:20.599 25810 25810 W AppWatcher: type=1400 audit(0.0:55141143): avc: denied { getattr } for path="/proc/34" dev="proc" ino=11961953 scontext=u:r:untrusted_app:s0:c512,c768 tcontext=u:r:kernel:s0 tclass=dir permissive=0

03-30 10:28:20.599 25810 25810 W AppWatcher: type=1400 audit(0.0:55141144): avc: denied { getattr } for path="/proc/61" dev="proc" ino=11961954 scontext=u:r:untrusted_app:s0:c512,c768 tcontext=u:r:kernel:s0 tclass=dir permissive=0

03-30 10:28:20.599 25810 25810 W AppWatcher: type=1400 audit(0.0:55141145): avc: denied { getattr } for path="/proc/62" dev="proc" ino=11961955 scontext=u:r:untrusted_app:s0:c512,c768 tcontext=u:r:kernel:s0 tclass=dir permissive=0

03-30 10:28:20.599 25810 25810 W AppWatcher: type=1400 audit(0.0:55141146): avc: denied { getattr } for path="/proc/63" dev="proc" ino=11961956 scontext=u:r:untrusted_app:s0:c512,c768 tcontext=u:r:kernel:s0 tclass=dir permissive=0

03-30 10:28:21.397  6151  6186 I octvm_klo: read wakeups from wakealarm_fd:1

03-30 10:28:21.398  6151  6186 I octvm_klo: new timerfd interval:

03-30 10:28:21.398  6151  6186 I octvm_klo: 	itval.it_interval.tv_sec 1, itval.it_interval.tv_nsec 0

03-30 10:28:21.398  6151  6186 I octvm_klo: 	itval.it_value.tv_sec 0, itval.it_value.tv_nsec 999990990

03-30 10:28:21.492   379   493 I ThermalEngine: Sensor:batt_temp:337 mC

03-30 10:28:22.222  4116  4556 I XiaomiFirewall: firewall pkgName:com.qihoo.appstore, result:0x0

03-30 10:28:22.398  6151  6186 I octvm_klo: read wakeups from wakealarm_fd:1

03-30 10:28:22.398  6151  6186 I octvm_klo: new timerfd interval:

03-30 10:28:22.398  6151  6186 I octvm_klo: 	itval.it_interval.tv_sec 1, itval.it_interval.tv_nsec 0

03-30 10:28:22.398  6151  6186 I octvm_klo: 	itval.it_value.tv_sec 0, itval.it_value.tv_nsec 999992917

03-30 10:28:22.493   379   493 I ThermalEngine: Sensor:batt_temp:336 mC

03-30 10:28:23.168  3745  3745 D wpa_supplicant: wlan0: Control interface command 'SIGNAL_POLL'

03-30 10:28:23.180  3745  3745 D wpa_supplicant: CTRL-DEBUG: global_ctrl_sock-sendto: sock=11 sndbuf=163840 outq=0 send_len=49

03-30 10:28:23.398  6151  6186 I octvm_klo: read wakeups from wakealarm_fd:1

03-30 10:28:23.398  6151  6186 I octvm_klo: new timerfd interval:

03-30 10:28:23.398  6151  6186 I octvm_klo: 	itval.it_interval.tv_sec 1, itval.it_interval.tv_nsec 0

03-30 10:28:23.398  6151  6186 I octvm_klo: 	itval.it_value.tv_sec 0, itval.it_value.tv_nsec 999990886

03-30 10:28:23.494   379   493 I ThermalEngine: Sensor:batt_temp:336 mC

03-30 10:28:24.398  6151  6186 I octvm_klo: read wakeups from wakealarm_fd:1

03-30 10:28:24.398  6151  6186 I octvm_klo: new timerfd interval:

03-30 10:28:24.398  6151  6186 I octvm_klo: 	itval.it_interval.tv_sec 1, itval.it_interval.tv_nsec 0

03-30 10:28:24.398  6151  6186 I octvm_klo: 	itval.it_value.tv_sec 0, itval.it_value.tv_nsec 999996250

03-30 10:28:24.510   379   493 I ThermalEngine: Sensor:batt_temp:336 mC

03-30 10:28:25.398  6151  6186 I octvm_klo: read wakeups from wakealarm_fd:1

03-30 10:28:25.398  6151  6186 I octvm_klo: new timerfd interval:

03-30 10:28:25.398  6151  6186 I octvm_klo: 	itval.it_interval.tv_sec 1, itval.it_interval.tv_nsec 0

03-30 10:28:25.398  6151  6186 I octvm_klo: 	itval.it_value.tv_sec 0, itval.it_value.tv_nsec 999997292

03-30 10:28:25.511   379   493 I ThermalEngine: Sensor:batt_temp:336 mC

03-30 10:28:26.187  3745  3745 D wpa_supplicant: wlan0: Control interface command 'SIGNAL_POLL'

03-30 10:28:26.203  3745  3745 D wpa_supplicant: CTRL-DEBUG: global_ctrl_sock-sendto: sock=11 sndbuf=163840 outq=0 send_len=49

03-30 10:28:26.399  6151  6186 I octvm_klo: read wakeups from wakealarm_fd:1

03-30 10:28:26.399  6151  6186 I octvm_klo: new timerfd interval:

03-30 10:28:26.399  6151  6186 I octvm_klo: 	itval.it_interval.tv_sec 1, itval.it_interval.tv_nsec 0

03-30 10:28:26.399  6151  6186 I octvm_klo: 	itval.it_value.tv_sec 0, itval.it_value.tv_nsec 999993073

03-30 10:28:26.512   379   493 I ThermalEngine: Sensor:batt_temp:336 mC

03-30 10:28:27.399  6151  6186 I octvm_klo: read wakeups from wakealarm_fd:1

03-30 10:28:27.399  6151  6186 I octvm_klo: new timerfd interval:

03-30 10:28:27.399  6151  6186 I octvm_klo: 	itval.it_interval.tv_sec 1, itval.it_interval.tv_nsec 0

03-30 10:28:27.399  6151  6186 I octvm_klo: 	itval.it_value.tv_sec 0, itval.it_value.tv_nsec 999997760

03-30 10:28:27.513   379   493 I ThermalEngine: Sensor:batt_temp:337 mC

03-30 10:28:27.884   379   472 I ThermalEngine: Sensor:tsens_tz_sensor5:56000 mC

03-30 10:28:27.884   379   516 I ThermalEngine: Sensor:tsens_tz_sensor5:56000 mC

03-30 10:28:27.884   379   516 I ThermalEngine: TM Id 'CPU0_MONITOR' Sensor 'cpu0' - alarm raised 1 at 56.0 degC

03-30 10:28:27.886   379   516 I ThermalEngine: ACTION: CPU - Setting CPU[0] to 1728000

03-30 10:28:27.887   379   516 I ThermalEngine: Mitigation:CPU[0]:1728000 Khz

03-30 10:28:27.887   379   516 I ThermalEngine: ACTION: CPU - Setting CPU[1] to 1728000

03-30 10:28:27.887   379   516 E ThermalEngine: Failed to set desired CPU[1] frequency limit to 1728000

03-30 10:28:27.887   379   516 I ThermalEngine: ACTION: CPU - Setting CPU[2] to 1728000

03-30 10:28:27.888   379   516 E ThermalEngine: Failed to set desired CPU[2] frequency limit to 1728000

03-30 10:28:27.888   379   516 I ThermalEngine: ACTION: CPU - Setting CPU[3] to 1728000

03-30 10:28:27.888   379   516 I ThermalEngine: Mitigation:CPU[3]:1728000 Khz

03-30 10:28:27.912  3340  3340 D AndroidRuntime: >>>>>> START com.android.internal.os.RuntimeInit uid 2000 <<<<<<

03-30 10:28:27.918  3340  3340 D AndroidRuntime: CheckJNI is OFF

03-30 10:28:27.920  2444  2567 D UTAnalytics:CommitTask: pid:2444 check&commit event:65503,

03-30 10:28:27.920  2444  2567 D UTAnalytics:CommitTask: pid:2444 next:65503,

03-30 10:28:27.921  2444  2570 D UTAnalytics:CommitTask: pid:2444 check&commit event:65502,

03-30 10:28:27.921  2444  2570 D UTAnalytics:CommitTask: pid:2444 next:65502,

03-30 10:28:27.923  2444  2567 D UTAnalytics:CommitTask: pid:2444 check&commit event:65501,

03-30 10:28:27.924  2444  2567 D UTAnalytics:CommitTask: pid:2444 next:65501,

03-30 10:28:27.976  3340  3340 D ICU     : No timezone override file found: /data/misc/zoneinfo/current/icu/icu_tzdata.dat

03-30 10:28:28.012   379   472 I ThermalEngine: Sensor:tsens_tz_sensor5:49000 mC

03-30 10:28:28.013   379   516 I ThermalEngine: Sensor:tsens_tz_sensor5:49000 mC

03-30 10:28:28.013   379   516 I ThermalEngine: TM Id 'CPU0_MONITOR' Sensor 'cpu0' - alarm cleared 1 at 49.0 degC

03-30 10:28:28.013   379   516 I ThermalEngine: ACTION: CPU - Setting CPU[0] to 2457600

03-30 10:28:28.013   379   516 I ThermalEngine: Mitigation:CPU[0]:2457600 Khz

03-30 10:28:28.014   379   516 I ThermalEngine: ACTION: CPU - Setting CPU[1] to 2457600

03-30 10:28:28.014   379   516 E ThermalEngine: Failed to set desired CPU[1] frequency limit to 2457600

03-30 10:28:28.014   379   516 I ThermalEngine: ACTION: CPU - Setting CPU[2] to 2457600

03-30 10:28:28.014   379   516 E ThermalEngine: Failed to set desired CPU[2] frequency limit to 2457600

03-30 10:28:28.014   379   516 I ThermalEngine: ACTION: CPU - Setting CPU[3] to 2457600

03-30 10:28:28.014   379   516 I ThermalEngine: Mitigation:CPU[3]:2457600 Khz

03-30 10:28:28.042  3340  3340 I Radio-JNI: register_android_hardware_Radio DONE

03-30 10:28:28.071  3340  3340 D AndroidRuntime: Calling main entry com.android.commands.input.Input

03-30 10:28:28.072  3340  3340 I Input   : injectMotionEvent: MotionEvent { action=ACTION_DOWN, actionButton=0, id[0]=0, x[0]=540.0, y[0]=1440.0, toolType[0]=TOOL_TYPE_UNKNOWN, buttonState=0, metaState=0, flags=0x0, edgeFlags=0x0, pointerCount=1, historySize=0, eventTime=336998851, downTime=336998851, deviceId=0, source=0x1002 }

03-30 10:28:28.076  3340  3340 I Input   : injectMotionEvent: MotionEvent { action=ACTION_MOVE, actionButton=0, id[0]=0, x[0]=540.0, y[0]=1440.0, toolType[0]=TOOL_TYPE_UNKNOWN, buttonState=0, metaState=0, flags=0x0, edgeFlags=0x0, pointerCount=1, historySize=0, eventTime=336998851, downTime=336998851, deviceId=0, source=0x1002 }

03-30 10:28:28.093  3340  3340 I Input   : injectMotionEvent: MotionEvent { action=ACTION_MOVE, actionButton=0, id[0]=0, x[0]=540.0, y[0]=1369.6, toolType[0]=TOOL_TYPE_UNKNOWN, buttonState=0, metaState=0, flags=0x0, edgeFlags=0x0, pointerCount=1, historySize=0, eventTime=336998873, downTime=336998873, deviceId=0, source=0x1002 }

03-30 10:28:28.115  3340  3340 I Input   : injectMotionEvent: MotionEvent { action=ACTION_MOVE, actionButton=0, id[0]=0, x[0]=540.0, y[0]=1299.2, toolType[0]=TOOL_TYPE_UNKNOWN, buttonState=0, metaState=0, flags=0x0, edgeFlags=0x0, pointerCount=1, historySize=0, eventTime=336998895, downTime=336998895, deviceId=0, source=0x1002 }

03-30 10:28:28.128  3340  3340 I Input   : injectMotionEvent: MotionEvent { action=ACTION_MOVE, actionButton=0, id[0]=0, x[0]=540.0, y[0]=1257.6, toolType[0]=TOOL_TYPE_UNKNOWN, buttonState=0, metaState=0, flags=0x0, edgeFlags=0x0, pointerCount=1, historySize=0, eventTime=336998908, downTime=336998908, deviceId=0, source=0x1002 }

03-30 10:28:28.152  3340  3340 I Input   : injectMotionEvent: MotionEvent { action=ACTION_MOVE, actionButton=0, id[0]=0, x[0]=540.0, y[0]=1180.8, toolType[0]=TOOL_TYPE_UNKNOWN, buttonState=0, metaState=0, flags=0x0, edgeFlags=0x0, pointerCount=1, historySize=0, eventTime=336998932, downTime=336998932, deviceId=0, source=0x1002 }

03-30 10:28:28.177  3340  3340 I Input   : injectMotionEvent: MotionEvent { action=ACTION_MOVE, actionButton=0, id[0]=0, x[0]=540.0, y[0]=1100.8, toolType[0]=TOOL_TYPE_UNKNOWN, buttonState=0, metaState=0, flags=0x0, edgeFlags=0x0, pointerCount=1, historySize=0, eventTime=336998957, downTime=336998957, deviceId=0, source=0x1002 }

03-30 10:28:28.201  3340  3340 I Input   : injectMotionEvent: MotionEvent { action=ACTION_MOVE, actionButton=0, id[0]=0, x[0]=540.0, y[0]=1027.2, toolType[0]=TOOL_TYPE_UNKNOWN, buttonState=0, metaState=0, flags=0x0, edgeFlags=0x0, pointerCount=1, historySize=0, eventTime=336998980, downTime=336998980, deviceId=0, source=0x1002 }

03-30 10:28:28.216  3340  3340 I Input   : injectMotionEvent: MotionEvent { action=ACTION_MOVE, actionButton=0, id[0]=0, x[0]=540.0, y[0]=976.0, toolType[0]=TOOL_TYPE_UNKNOWN, buttonState=0, metaState=0, flags=0x0, edgeFlags=0x0, pointerCount=1, historySize=0, eventTime=336998996, downTime=336998996, deviceId=0, source=0x1002 }

03-30 10:28:28.243  3340  3340 I Input   : injectMotionEvent: MotionEvent { action=ACTION_MOVE, actionButton=0, id[0]=0, x[0]=540.0, y[0]=892.8, toolType[0]=TOOL_TYPE_UNKNOWN, buttonState=0, metaState=0, flags=0x0, edgeFlags=0x0, pointerCount=1, historySize=0, eventTime=336999022, downTime=336999022, deviceId=0, source=0x1002 }

03-30 10:28:28.258  3340  3340 I Input   : injectMotionEvent: MotionEvent { action=ACTION_MOVE, actionButton=0, id[0]=0, x[0]=540.0, y[0]=841.6, toolType[0]=TOOL_TYPE_UNKNOWN, buttonState=0, metaState=0, flags=0x0, edgeFlags=0x0, pointerCount=1, historySize=0, eventTime=336999038, downTime=336999038, deviceId=0, source=0x1002 }

03-30 10:28:28.275  3340  3340 I Input   : injectMotionEvent: MotionEvent { action=ACTION_MOVE, actionButton=0, id[0]=0, x[0]=540.0, y[0]=787.2, toolType[0]=TOOL_TYPE_UNKNOWN, buttonState=0, metaState=0, flags=0x0, edgeFlags=0x0, pointerCount=1, historySize=0, eventTime=336999055, downTime=336999055, deviceId=0, source=0x1002 }

03-30 10:28:28.290  3340  3340 I Input   : injectMotionEvent: MotionEvent { action=ACTION_MOVE, actionButton=0, id[0]=0, x[0]=540.0, y[0]=742.39996, toolType[0]=TOOL_TYPE_UNKNOWN, buttonState=0, metaState=0, flags=0x0, edgeFlags=0x0, pointerCount=1, historySize=0, eventTime=336999069, downTime=336999069, deviceId=0, source=0x1002 }

03-30 10:28:28.310  3340  3340 I Input   : injectMotionEvent: MotionEvent { action=ACTION_MOVE, actionButton=0, id[0]=0, x[0]=540.0, y[0]=678.39996, toolType[0]=TOOL_TYPE_UNKNOWN, buttonState=0, metaState=0, flags=0x0, edgeFlags=0x0, pointerCount=1, historySize=0, eventTime=336999089, downTime=336999089, deviceId=0, source=0x1002 }

03-30 10:28:28.323  3340  3340 I Input   : injectMotionEvent: MotionEvent { action=ACTION_MOVE, actionButton=0, id[0]=0, x[0]=540.0, y[0]=633.60004, toolType[0]=TOOL_TYPE_UNKNOWN, buttonState=0, metaState=0, flags=0x0, edgeFlags=0x0, pointerCount=1, historySize=0, eventTime=336999103, downTime=336999103, deviceId=0, source=0x1002 }

03-30 10:28:28.341  3340  3340 I Input   : injectMotionEvent: MotionEvent { action=ACTION_MOVE, actionButton=0, id[0]=0, x[0]=540.0, y[0]=576.0, toolType[0]=TOOL_TYPE_UNKNOWN, buttonState=0, metaState=0, flags=0x0, edgeFlags=0x0, pointerCount=1, historySize=0, eventTime=336999121, downTime=336999121, deviceId=0, source=0x1002 }

03-30 10:28:28.357  3340  3340 I Input   : injectMotionEvent: MotionEvent { action=ACTION_MOVE, actionButton=0, id[0]=0, x[0]=540.0, y[0]=524.8, toolType[0]=TOOL_TYPE_UNKNOWN, buttonState=0, metaState=0, flags=0x0, edgeFlags=0x0, pointerCount=1, historySize=0, eventTime=336999137, downTime=336999137, deviceId=0, source=0x1002 }

03-30 10:28:28.378  3340  3340 I Input   : injectMotionEvent: MotionEvent { action=ACTION_UP, actionButton=0, id[0]=0, x[0]=540.0, y[0]=480.0, toolType[0]=TOOL_TYPE_UNKNOWN, buttonState=0, metaState=0, flags=0x0, edgeFlags=0x0, pointerCount=1, historySize=0, eventTime=336999158, downTime=336999158, deviceId=0, source=0x1002 }

03-30 10:28:28.382  3340  3340 D AndroidRuntime: Shutting down VM

03-30 10:28:28.399  6151  6186 I octvm_klo: read wakeups from wakealarm_fd:1

03-30 10:28:28.399  6151  6186 I octvm_klo: new timerfd interval:

03-30 10:28:28.399  6151  6186 I octvm_klo: 	itval.it_interval.tv_sec 1, itval.it_interval.tv_nsec 0

03-30 10:28:28.399  6151  6186 I octvm_klo: 	itval.it_value.tv_sec 0, itval.it_value.tv_nsec 999993594

03-30 10:28:28.514   379   493 I ThermalEngine: Sensor:batt_temp:338 mC

03-30 10:28:29.209  3745  3745 D wpa_supplicant: wlan0: Control interface command 'SIGNAL_POLL'

03-30 10:28:29.224  3745  3745 D wpa_supplicant: CTRL-DEBUG: global_ctrl_sock-sendto: sock=11 sndbuf=163840 outq=0 send_len=49

03-30 10:28:29.399  6151  6186 I octvm_klo: read wakeups from wakealarm_fd:1

03-30 10:28:29.399  6151  6186 I octvm_klo: new timerfd interval:

03-30 10:28:29.399  6151  6186 I octvm_klo: 	itval.it_interval.tv_sec 1, itval.it_interval.tv_nsec 0

03-30 10:28:29.399  6151  6186 I octvm_klo: 	itval.it_value.tv_sec 0, itval.it_value.tv_nsec 999996302

03-30 10:28:29.516   379   493 I ThermalEngine: Sensor:batt_temp:336 mC

03-30 10:28:30.400  6151  6186 I octvm_klo: read wakeups from wakealarm_fd:1

03-30 10:28:30.400  6151  6186 I octvm_klo: new timerfd interval:

03-30 10:28:30.400  6151  6186 I octvm_klo: 	itval.it_interval.tv_sec 1, itval.it_interval.tv_nsec 0

03-30 10:28:30.400  6151  6186 I octvm_klo: 	itval.it_value.tv_sec 0, itval.it_value.tv_nsec 999990260

03-30 10:28:30.517   379   493 I ThermalEngine: Sensor:batt_temp:336 mC

03-30 10:28:30.779 25810 25810 W AppWatcher: type=1400 audit(0.0:55141387): avc: denied { getattr } for path="/proc/opalum-temp-calib" dev="proc" ino=4026534631 scontext=u:r:untrusted_app:s0:c512,c768 tcontext=u:object_r:proc_opalum:s0 tclass=file permissive=0

03-30 10:28:30.789 25810 25810 W AppWatcher: type=1400 audit(0.0:55141388): avc: denied { getattr } for path="/proc/opalum-f0-calib" dev="proc" ino=4026534630 scontext=u:r:untrusted_app:s0:c512,c768 tcontext=u:object_r:proc_opalum:s0 tclass=file permissive=0

03-30 10:28:30.789 25810 25810 W AppWatcher: type=1400 audit(0.0:55141389): avc: denied { getattr } for path="/proc/sysrq-trigger" dev="proc" ino=4026533735 scontext=u:r:untrusted_app:s0:c512,c768 tcontext=u:object_r:proc_sysrq:s0 tclass=file permissive=0

03-30 10:28:30.799 25810 25810 W AppWatcher: type=1400 audit(0.0:55141390): avc: denied { getattr } for path="/proc/1" dev="proc" ino=11921139 scontext=u:r:untrusted_app:s0:c512,c768 tcontext=u:r:init:s0 tclass=dir permissive=0

03-30 10:28:30.799 25810 25810 W AppWatcher: type=1400 audit(0.0:55141391): avc: denied { getattr } for path="/proc/2" dev="proc" ino=11961941 scontext=u:r:untrusted_app:s0:c512,c768 tcontext=u:r:kernel:s0 tclass=dir permissive=0

03-30 10:28:30.799 25810 25810 W AppWatcher: type=1400 audit(0.0:55141392): avc: denied { getattr } for path="/proc/3" dev="proc" ino=11961942 scontext=u:r:untrusted_app:s0:c512,c768 tcontext=u:r:kernel:s0 tclass=dir permissive=0

03-30 10:28:30.799 25810 25810 W AppWatcher: type=1400 audit(0.0:55141393): avc: denied { getattr } for path="/proc/6" dev="proc" ino=11961943 scontext=u:r:untrusted_app:s0:c512,c768 tcontext=u:r:kernel:s0 tclass=dir permissive=0

03-30 10:28:30.799 25810 25810 W AppWatcher: type=1400 audit(0.0:55141394): avc: denied { getattr } for path="/proc/7" dev="proc" ino=11961944 scontext=u:r:untrusted_app:s0:c512,c768 tcontext=u:r:kernel:s0 tclass=dir permissive=0

03-30 10:28:30.809 25810 25810 W AppWatcher: type=1400 audit(0.0:55141395): avc: denied { getattr } for path="/proc/8" dev="proc" ino=11961945 scontext=u:r:untrusted_app:s0:c512,c768 tcontext=u:r:kernel:s0 tclass=dir permissive=0

03-30 10:28:30.809 25810 25810 W AppWatcher: type=1400 audit(0.0:55141396): avc: denied { getattr } for path="/proc/21" dev="proc" ino=11961946 scontext=u:r:untrusted_app:s0:c512,c768 tcontext=u:r:kernel:s0 tclass=dir permissive=0

03-30 10:28:30.809 25810 25810 W AppWatcher: type=1400 audit(0.0:55141397): avc: denied { getattr } for path="/proc/22" dev="proc" ino=11961947 scontext=u:r:untrusted_app:s0:c512,c768 tcontext=u:r:kernel:s0 tclass=dir permissive=0

03-30 10:28:30.809 25810 25810 W AppWatcher: type=1400 audit(0.0:55141398): avc: denied { getattr } for path="/proc/28" dev="proc" ino=11961948 scontext=u:r:untrusted_app:s0:c512,c768 tcontext=u:r:kernel:s0 tclass=dir permissive=0

03-30 10:28:30.809 25810 25810 W AppWatcher: type=1400 audit(0.0:55141399): avc: denied { getattr } for path="/proc/29" dev="proc" ino=11961949 scontext=u:r:untrusted_app:s0:c512,c768 tcontext=u:r:kernel:s0 tclass=dir permissive=0

03-30 10:28:30.809 25810 25810 W AppWatcher: type=1400 audit(0.0:55141400): avc: denied { getattr } for path="/proc/30" dev="proc" ino=11961950 scontext=u:r:untrusted_app:s0:c512,c768 tcontext=u:r:kernel:s0 tclass=dir permissive=0

03-30 10:28:30.809 25810 25810 W AppWatcher: type=1400 audit(0.0:55141401): avc: denied { getattr } for path="/proc/32" dev="proc" ino=11961951 scontext=u:r:untrusted_app:s0:c512,c768 tcontext=u:r:kernel:s0 tclass=dir permissive=0

03-30 10:28:30.809 25810 25810 W AppWatcher: type=1400 audit(0.0:55141402): avc: denied { getattr } for path="/proc/33" dev="proc" ino=11961952 scontext=u:r:untrusted_app:s0:c512,c768 tcontext=u:r:kernel:s0 tclass=dir permissive=0

03-30 10:28:30.819 25810 25810 W AppWatcher: type=1400 audit(0.0:55141403): avc: denied { getattr } for path="/proc/34" dev="proc" ino=11961953 scontext=u:r:untrusted_app:s0:c512,c768 tcontext=u:r:kernel:s0 tclass=dir permissive=0

03-30 10:28:30.819 25810 25810 W AppWatcher: type=1400 audit(0.0:55141404): avc: denied { getattr } for path="/proc/61" dev="proc" ino=11961954 scontext=u:r:untrusted_app:s0:c512,c768 tcontext=u:r:kernel:s0 tclass=dir permissive=0

03-30 10:28:30.819 25810 25810 W AppWatcher: type=1400 audit(0.0:55141405): avc: denied { getattr } for path="/proc/62" dev="proc" ino=11961955 scontext=u:r:untrusted_app:s0:c512,c768 tcontext=u:r:kernel:s0 tclass=dir permissive=0

03-30 10:28:30.819 25810 25810 W AppWatcher: type=1400 audit(0.0:55141406): avc: denied { getattr } for path="/proc/63" dev="proc" ino=11961956 scontext=u:r:untrusted_app:s0:c512,c768 tcontext=u:r:kernel:s0 tclass=dir permissive=0

03-30 10:28:31.400  6151  6186 I octvm_klo: read wakeups from wakealarm_fd:1

03-30 10:28:31.400  6151  6186 I octvm_klo: new timerfd interval:

03-30 10:28:31.400  6151  6186 I octvm_klo: 	itval.it_interval.tv_sec 1, itval.it_interval.tv_nsec 0

03-30 10:28:31.400  6151  6186 I octvm_klo: 	itval.it_value.tv_sec 0, itval.it_value.tv_nsec 999993177

03-30 10:28:31.519   379   493 I ThermalEngine: Sensor:batt_temp:336 mC

03-30 10:28:32.231  3745  3745 D wpa_supplicant: wlan0: Control interface command 'SIGNAL_POLL'

03-30 10:28:32.247  3745  3745 D wpa_supplicant: CTRL-DEBUG: global_ctrl_sock-sendto: sock=11 sndbuf=163840 outq=0 send_len=49

03-30 10:28:32.400  6151  6186 I octvm_klo: read wakeups from wakealarm_fd:1

03-30 10:28:32.400  6151  6186 I octvm_klo: new timerfd interval:

03-30 10:28:32.400  6151  6186 I octvm_klo: 	itval.it_interval.tv_sec 1, itval.it_interval.tv_nsec 0

03-30 10:28:32.400  6151  6186 I octvm_klo: 	itval.it_value.tv_sec 0, itval.it_value.tv_nsec 999997396

03-30 10:28:32.521   379   493 I ThermalEngine: Sensor:batt_temp:336 mC

03-30 10:28:33.400  6151  6186 I octvm_klo: read wakeups from wakealarm_fd:1

03-30 10:28:33.400  6151  6186 I octvm_klo: new timerfd interval:

03-30 10:28:33.400  6151  6186 I octvm_klo: 	itval.it_interval.tv_sec 1, itval.it_interval.tv_nsec 0

03-30 10:28:33.400  6151  6186 I octvm_klo: 	itval.it_value.tv_sec 0, itval.it_value.tv_nsec 999995105

03-30 10:28:33.523   379   493 I ThermalEngine: Sensor:batt_temp:336 mC

03-30 10:28:34.400  6151  6186 I octvm_klo: read wakeups from wakealarm_fd:1

03-30 10:28:34.400  6151  6186 I octvm_klo: new timerfd interval:

03-30 10:28:34.400  6151  6186 I octvm_klo: 	itval.it_interval.tv_sec 1, itval.it_interval.tv_nsec 0

03-30 10:28:34.400  6151  6186 I octvm_klo: 	itval.it_value.tv_sec 0, itval.it_value.tv_nsec 999996406

03-30 10:28:34.524   379   493 I ThermalEngine: Sensor:batt_temp:337 mC

03-30 10:28:35.253  3745  3745 D wpa_supplicant: wlan0: Control interface command 'SIGNAL_POLL'

03-30 10:28:35.269  3745  3745 D wpa_supplicant: CTRL-DEBUG: global_ctrl_sock-sendto: sock=11 sndbuf=163840 outq=0 send_len=49

03-30 10:28:35.407  6151  6186 I octvm_klo: read wakeups from wakealarm_fd:1

03-30 10:28:35.407  6151  6186 I octvm_klo: new timerfd interval:

03-30 10:28:35.407  6151  6186 I octvm_klo: 	itval.it_interval.tv_sec 1, itval.it_interval.tv_nsec 0

03-30 10:28:35.407  6151  6186 I octvm_klo: 	itval.it_value.tv_sec 0, itval.it_value.tv_nsec 999995885

03-30 10:28:35.527   379   493 I ThermalEngine: Sensor:batt_temp:336 mC

03-30 10:28:36.407  6151  6186 I octvm_klo: read wakeups from wakealarm_fd:1

03-30 10:28:36.407  6151  6186 I octvm_klo: new timerfd interval:

03-30 10:28:36.407  6151  6186 I octvm_klo: 	itval.it_interval.tv_sec 1, itval.it_interval.tv_nsec 0

03-30 10:28:36.407  6151  6186 I octvm_klo: 	itval.it_value.tv_sec 0, itval.it_value.tv_nsec 999996719

03-30 10:28:36.531   379   493 I ThermalEngine: Sensor:batt_temp:336 mC

03-30 10:28:37.410  6151  6186 I octvm_klo: read wakeups from wakealarm_fd:1

03-30 10:28:37.410  6151  6186 I octvm_klo: new timerfd interval:

03-30 10:28:37.410  6151  6186 I octvm_klo: 	itval.it_interval.tv_sec 1, itval.it_interval.tv_nsec 0

03-30 10:28:37.410  6151  6186 I octvm_klo: 	itval.it_value.tv_sec 0, itval.it_value.tv_nsec 999995572

03-30 10:28:37.532   379   493 I ThermalEngine: Sensor:batt_temp:336 mC

03-30 10:28:38.091  2444  2567 D UTAnalytics:LogStoreMgr: pid:2444 [store],

03-30 10:28:38.102  2444  2567 D UTAnalytics:UTSqliteLogStore: pid:2444 sql:SELECT * FROM log ORDER BY time ASC  LIMIT 350,

03-30 10:28:38.104  2444  2567 D UTAnalytics:LogStoreMgr: pid:2444 [get],[],

03-30 10:28:38.108  2444  2567 D UTAnalytics:UploadEngine: pid:2444 UTDC.bBackground:false,AppInfoUtil.isForeground(UTDC.getContext()) ,true,

03-30 10:28:38.111  2444  2567 D UTAnalytics:UploadTask: pid:2444 mPeriod:30000,

03-30 10:28:38.276  3745  3745 D wpa_supplicant: wlan0: Control interface command 'SIGNAL_POLL'

03-30 10:28:38.292  3745  3745 D wpa_supplicant: CTRL-DEBUG: global_ctrl_sock-sendto: sock=11 sndbuf=163840 outq=0 send_len=49

03-30 10:28:38.410  6151  6186 I octvm_klo: read wakeups from wakealarm_fd:1

03-30 10:28:38.410  6151  6186 I octvm_klo: new timerfd interval:

03-30 10:28:38.410  6151  6186 I octvm_klo: 	itval.it_interval.tv_sec 1, itval.it_interval.tv_nsec 0

03-30 10:28:38.410  6151  6186 I octvm_klo: 	itval.it_value.tv_sec 0, itval.it_value.tv_nsec 999995937

03-30 10:28:38.533   379   493 I ThermalEngine: Sensor:batt_temp:336 mC

03-30 10:28:39.410  6151  6186 I octvm_klo: read wakeups from wakealarm_fd:1

03-30 10:28:39.410  6151  6186 I octvm_klo: new timerfd interval:

03-30 10:28:39.410  6151  6186 I octvm_klo: 	itval.it_interval.tv_sec 1, itval.it_interval.tv_nsec 0

03-30 10:28:39.410  6151  6186 I octvm_klo: 	itval.it_value.tv_sec 0, itval.it_value.tv_nsec 999990416

03-30 10:28:39.535   379   493 I ThermalEngine: Sensor:batt_temp:336 mC

03-30 10:28:39.953  2044  3620 D WifiStateMachine: starting scan for "56.1_neiwang"-WPA_PSK with 5280,2412

03-30 10:28:39.953  3745  3745 D wpa_supplicant: wlan0: Control interface command 'SCAN TYPE=ONLY freq=5280,2412'

03-30 10:28:39.953  3745  3745 D wpa_supplicant: wlan0: Setting scan request: 0.000000 sec

03-30 10:28:39.953  3745  3745 D wpa_supplicant: CTRL-DEBUG: global_ctrl_sock-sendto: sock=11 sndbuf=163840 outq=0 send_len=3

03-30 10:28:39.953  3745  3745 D wpa_supplicant: wlan0: Starting AP scan for wildcard SSID

03-30 10:28:39.953  3745  3745 D wpa_supplicant: wlan0: Limit manual scan to specified channels

03-30 10:28:39.953  3745  3745 D wpa_supplicant: wlan0: Add radio work 'scan'@0xb68d9398

03-30 10:28:39.954  3745  3745 D wpa_supplicant: wlan0: First radio work item in the queue - schedule start immediately

03-30 10:28:39.954  3745  3745 D wpa_supplicant: wlan0: Starting radio work 'scan'@0xb68d9398 after 0.000061 second wait

03-30 10:28:39.954  3745  3745 D wpa_supplicant: wlan0: nl80211: scan request

03-30 10:28:39.954  3745  3745 D wpa_supplicant: nl80211: Scan SSID - hexdump(len=0): [NULL]

03-30 10:28:39.954  3745  3745 D wpa_supplicant: nl80211: Scan extra IEs - hexdump(len=7): 7f 05 00 00 0a 02 01

03-30 10:28:39.954  3745  3745 D wpa_supplicant: nl80211: Scan frequency 2412 MHz

03-30 10:28:39.954  3745  3745 D wpa_supplicant: nl80211: Scan frequency 5280 MHz

03-30 10:28:39.967  3745  3745 D wpa_supplicant: Scan requested (ret=0) - scan timeout 30 seconds

03-30 10:28:39.967  3745  3745 D wpa_supplicant: nl80211: Event message available

03-30 10:28:39.967  3745  3745 D wpa_supplicant: nl80211: Drv Event 33 (NL80211_CMD_TRIGGER_SCAN) received for wlan0

03-30 10:28:39.968  3745  3745 D wpa_supplicant: wlan0: nl80211: Scan trigger

03-30 10:28:39.968  3745  3745 D wpa_supplicant: wlan0: Event SCAN_STARTED (47) received

03-30 10:28:39.968  3745  3745 D wpa_supplicant: wlan0: Own scan request started a scan in 0.000176 seconds

03-30 10:28:39.968  3745  3745 D wpa_supplicant: CTRL-DEBUG: ctrl_sock-sendmsg: sock=11 sndbuf=163840 outq=0 send_len=24

03-30 10:28:39.968  3745  3745 D wpa_supplicant: CTRL_IFACE monitor sent successfully to /data/misc/wifi/sockets/wpa_ctrl_2044-2\x00

03-30 10:28:40.089  3745  3745 D wpa_supplicant: nl80211: Event message available

03-30 10:28:40.089  3745  3745 D wpa_supplicant: nl80211: Drv Event 34 (NL80211_CMD_NEW_SCAN_RESULTS) received for wlan0

03-30 10:28:40.089  3745  3745 D wpa_supplicant: wlan0: nl80211: New scan results available

03-30 10:28:40.089  3745  3745 D wpa_supplicant: nl80211: Scan included frequencies: 2412 5280

03-30 10:28:40.089  3745  3745 D wpa_supplicant: wlan0: Event SCAN_RESULTS (3) received

03-30 10:28:40.090  3745  3745 D wpa_supplicant: wlan0: Scan completed in 0.121795 seconds

03-30 10:28:40.090  3745  3745 D wpa_supplicant: nl80211: Associated on 5280 MHz

03-30 10:28:40.090  3745  3745 D wpa_supplicant: nl80211: Associated with cc:81:da:9c:13:28

03-30 10:28:40.090  3745  3745 D wpa_supplicant: nl80211: Received scan results (5 BSSes)

03-30 10:28:40.090  3745  3745 D wpa_supplicant: nl80211: Scan results indicate BSS status with cc:81:da:9c:13:28 as associated

03-30 10:28:40.090  3745  3745 D wpa_supplicant: wlan0: BSS: Start scan result update 5216

03-30 10:28:40.090  3745  3745 D wpa_supplicant: BSS: last_scan_res_used=5/64

03-30 10:28:40.090  3745  3745 D wpa_supplicant: wlan0: Scan-only results received

03-30 10:28:40.090  3745  3745 D wpa_supplicant: CTRL-DEBUG: ctrl_sock-sendmsg: sock=11 sndbuf=163840 outq=0 send_len=24

03-30 10:28:40.091  3745  3745 D wpa_supplicant: CTRL_IFACE monitor sent successfully to /data/misc/wifi/sockets/wpa_ctrl_2044-2\x00

03-30 10:28:40.091  3745  3745 D wpa_supplicant: wlan0: Radio work 'scan'@0xb68d9398 done in 0.137022 seconds

03-30 10:28:40.098  3745  3745 D wpa_supplicant: RTM_NEWLINK: ifi_index=22 ifname=wlan0 wext ifi_family=0 ifi_flags=0x11043 ([UP][RUNNING][LOWER_UP])

03-30 10:28:40.105  3745  3745 D wpa_supplicant: CTRL-DEBUG: global_ctrl_sock-sendto: sock=11 sndbuf=163840 outq=0 send_len=3541

03-30 10:28:40.109  3745  3745 D wpa_supplicant: CTRL-DEBUG: global_ctrl_sock-sendto: sock=11 sndbuf=163840 outq=0 send_len=3699

03-30 10:28:40.122  3745  3745 D wpa_supplicant: CTRL-DEBUG: global_ctrl_sock-sendto: sock=11 sndbuf=163840 outq=0 send_len=3243

03-30 10:28:40.125  3745  3745 D wpa_supplicant: CTRL-DEBUG: global_ctrl_sock-sendto: sock=11 sndbuf=163840 outq=0 send_len=3891

03-30 10:28:40.130  3745  3745 D wpa_supplicant: CTRL-DEBUG: global_ctrl_sock-sendto: sock=11 sndbuf=163840 outq=0 send_len=3610

03-30 10:28:40.134  3745  3745 D wpa_supplicant: CTRL-DEBUG: global_ctrl_sock-sendto: sock=11 sndbuf=163840 outq=0 send_len=3035

03-30 10:28:40.159  3745  3745 D wpa_supplicant: EAPOL: EAP Session-Id not available

03-30 10:28:40.159  3745  3745 D wpa_supplicant: CTRL-DEBUG: global_ctrl_sock-sendto: sock=11 sndbuf=163840 outq=0 send_len=279

03-30 10:28:40.410  6151  6186 I octvm_klo: read wakeups from wakealarm_fd:1

03-30 10:28:40.410  6151  6186 I octvm_klo: new timerfd interval:

03-30 10:28:40.410  6151  6186 I octvm_klo: 	itval.it_interval.tv_sec 1, itval.it_interval.tv_nsec 0

03-30 10:28:40.410  6151  6186 I octvm_klo: 	itval.it_value.tv_sec 0, itval.it_value.tv_nsec 999995573

03-30 10:28:40.536   379   493 I ThermalEngine: Sensor:batt_temp:336 mC

03-30 10:28:40.969 25810 25810 W AppWatcher: type=1400 audit(0.0:55141648): avc: denied { getattr } for path="/proc/opalum-temp-calib" dev="proc" ino=4026534631 scontext=u:r:untrusted_app:s0:c512,c768 tcontext=u:object_r:proc_opalum:s0 tclass=file permissive=0

03-30 10:28:40.979 25810 25810 W AppWatcher: type=1400 audit(0.0:55141649): avc: denied { getattr } for path="/proc/opalum-f0-calib" dev="proc" ino=4026534630 scontext=u:r:untrusted_app:s0:c512,c768 tcontext=u:object_r:proc_opalum:s0 tclass=file permissive=0

03-30 10:28:40.999 25810 25810 W AppWatcher: type=1400 audit(0.0:55141650): avc: denied { getattr } for path="/proc/sysrq-trigger" dev="proc" ino=4026533735 scontext=u:r:untrusted_app:s0:c512,c768 tcontext=u:object_r:proc_sysrq:s0 tclass=file permissive=0

03-30 10:28:41.049 25810 25810 W AppWatcher: type=1400 audit(0.0:55141651): avc: denied { getattr } for path="/proc/1" dev="proc" ino=11921139 scontext=u:r:untrusted_app:s0:c512,c768 tcontext=u:r:init:s0 tclass=dir permissive=0

03-30 10:28:41.049 25810 25810 W AppWatcher: type=1400 audit(0.0:55141652): avc: denied { getattr } for path="/proc/2" dev="proc" ino=11961941 scontext=u:r:untrusted_app:s0:c512,c768 tcontext=u:r:kernel:s0 tclass=dir permissive=0

03-30 10:28:41.049 25810 25810 W AppWatcher: type=1400 audit(0.0:55141653): avc: denied { getattr } for path="/proc/3" dev="proc" ino=11961942 scontext=u:r:untrusted_app:s0:c512,c768 tcontext=u:r:kernel:s0 tclass=dir permissive=0

03-30 10:28:41.049 25810 25810 W AppWatcher: type=1400 audit(0.0:55141654): avc: denied { getattr } for path="/proc/6" dev="proc" ino=11961943 scontext=u:r:untrusted_app:s0:c512,c768 tcontext=u:r:kernel:s0 tclass=dir permissive=0

03-30 10:28:41.049 25810 25810 W AppWatcher: type=1400 audit(0.0:55141655): avc: denied { getattr } for path="/proc/7" dev="proc" ino=11961944 scontext=u:r:untrusted_app:s0:c512,c768 tcontext=u:r:kernel:s0 tclass=dir permissive=0

03-30 10:28:41.049 25810 25810 W AppWatcher: type=1400 audit(0.0:55141656): avc: denied { getattr } for path="/proc/8" dev="proc" ino=11961945 scontext=u:r:untrusted_app:s0:c512,c768 tcontext=u:r:kernel:s0 tclass=dir permissive=0

03-30 10:28:41.049 25810 25810 W AppWatcher: type=1400 audit(0.0:55141657): avc: denied { getattr } for path="/proc/21" dev="proc" ino=11961946 scontext=u:r:untrusted_app:s0:c512,c768 tcontext=u:r:kernel:s0 tclass=dir permissive=0

03-30 10:28:41.049 25810 25810 W AppWatcher: type=1400 audit(0.0:55141658): avc: denied { getattr } for path="/proc/22" dev="proc" ino=11961947 scontext=u:r:untrusted_app:s0:c512,c768 tcontext=u:r:kernel:s0 tclass=dir permissive=0

03-30 10:28:41.049 25810 25810 W AppWatcher: type=1400 audit(0.0:55141659): avc: denied { getattr } for path="/proc/28" dev="proc" ino=11961948 scontext=u:r:untrusted_app:s0:c512,c768 tcontext=u:r:kernel:s0 tclass=dir permissive=0

03-30 10:28:41.049 25810 25810 W AppWatcher: type=1400 audit(0.0:55141660): avc: denied { getattr } for path="/proc/29" dev="proc" ino=11961949 scontext=u:r:untrusted_app:s0:c512,c768 tcontext=u:r:kernel:s0 tclass=dir permissive=0

03-30 10:28:41.049 25810 25810 W AppWatcher: type=1400 audit(0.0:55141661): avc: denied { getattr } for path="/proc/30" dev="proc" ino=11961950 scontext=u:r:untrusted_app:s0:c512,c768 tcontext=u:r:kernel:s0 tclass=dir permissive=0

03-30 10:28:41.049 25810 25810 W AppWatcher: type=1400 audit(0.0:55141662): avc: denied { getattr } for path="/proc/32" dev="proc" ino=11961951 scontext=u:r:untrusted_app:s0:c512,c768 tcontext=u:r:kernel:s0 tclass=dir permissive=0

03-30 10:28:41.049 25810 25810 W AppWatcher: type=1400 audit(0.0:55141663): avc: denied { getattr } for path="/proc/33" dev="proc" ino=11961952 scontext=u:r:untrusted_app:s0:c512,c768 tcontext=u:r:kernel:s0 tclass=dir permissive=0

03-30 10:28:41.049 25810 25810 W AppWatcher: type=1400 audit(0.0:55141664): avc: denied { getattr } for path="/proc/34" dev="proc" ino=11961953 scontext=u:r:untrusted_app:s0:c512,c768 tcontext=u:r:kernel:s0 tclass=dir permissive=0

03-30 10:28:41.049 25810 25810 W AppWatcher: type=1400 audit(0.0:55141665): avc: denied { getattr } for path="/proc/61" dev="proc" ino=11961954 scontext=u:r:untrusted_app:s0:c512,c768 tcontext=u:r:kernel:s0 tclass=dir permissive=0

03-30 10:28:41.049 25810 25810 W AppWatcher: type=1400 audit(0.0:55141666): avc: denied { getattr } for path="/proc/62" dev="proc" ino=11961955 scontext=u:r:untrusted_app:s0:c512,c768 tcontext=u:r:kernel:s0 tclass=dir permissive=0

03-30 10:28:41.049 25810 25810 W AppWatcher: type=1400 audit(0.0:55141667): avc: denied { getattr } for path="/proc/63" dev="proc" ino=11961956 scontext=u:r:untrusted_app:s0:c512,c768 tcontext=u:r:kernel:s0 tclass=dir permissive=0

03-30 10:28:41.298  3745  3745 D wpa_supplicant: wlan0: Control interface command 'SIGNAL_POLL'

03-30 10:28:41.316  3745  3745 D wpa_supplicant: CTRL-DEBUG: global_ctrl_sock-sendto: sock=11 sndbuf=163840 outq=0 send_len=49

03-30 10:28:41.411  6151  6186 I octvm_klo: read wakeups from wakealarm_fd:1

03-30 10:28:41.411  6151  6186 I octvm_klo: new timerfd interval:

03-30 10:28:41.411  6151  6186 I octvm_klo: 	itval.it_interval.tv_sec 1, itval.it_interval.tv_nsec 0

03-30 10:28:41.411  6151  6186 I octvm_klo: 	itval.it_value.tv_sec 0, itval.it_value.tv_nsec 999990677

03-30 10:28:41.537   379   493 I ThermalEngine: Sensor:batt_temp:336 mC

03-30 10:28:42.411  6151  6186 I octvm_klo: read wakeups from wakealarm_fd:1

03-30 10:28:42.411  6151  6186 I octvm_klo: new timerfd interval:

03-30 10:28:42.411  6151  6186 I octvm_klo: 	itval.it_interval.tv_sec 1, itval.it_interval.tv_nsec 0

03-30 10:28:42.411  6151  6186 I octvm_klo: 	itval.it_value.tv_sec 0, itval.it_value.tv_nsec 999993282

03-30 10:28:42.538   379   493 I ThermalEngine: Sensor:batt_temp:336 mC

03-30 10:28:43.411  6151  6186 I octvm_klo: read wakeups from wakealarm_fd:1

03-30 10:28:43.411  6151  6186 I octvm_klo: new timerfd interval:

03-30 10:28:43.411  6151  6186 I octvm_klo: 	itval.it_interval.tv_sec 1, itval.it_interval.tv_nsec 0

03-30 10:28:43.411  6151  6186 I octvm_klo: 	itval.it_value.tv_sec 0, itval.it_value.tv_nsec 999994167

03-30 10:28:43.540   379   493 I ThermalEngine: Sensor:batt_temp:336 mC

03-30 10:28:44.325  3745  3745 D wpa_supplicant: wlan0: Control interface command 'SIGNAL_POLL'

03-30 10:28:44.341  3745  3745 D wpa_supplicant: CTRL-DEBUG: global_ctrl_sock-sendto: sock=11 sndbuf=163840 outq=0 send_len=49

03-30 10:28:44.411  6151  6186 I octvm_klo: read wakeups from wakealarm_fd:1

03-30 10:28:44.411  6151  6186 I octvm_klo: new timerfd interval:

03-30 10:28:44.411  6151  6186 I octvm_klo: 	itval.it_interval.tv_sec 1, itval.it_interval.tv_nsec 0

03-30 10:28:44.411  6151  6186 I octvm_klo: 	itval.it_value.tv_sec 0, itval.it_value.tv_nsec 999997448

03-30 10:28:44.541   379   493 I ThermalEngine: Sensor:batt_temp:337 mC

03-30 10:28:45.411  6151  6186 I octvm_klo: read wakeups from wakealarm_fd:1

03-30 10:28:45.411  6151  6186 I octvm_klo: new timerfd interval:

03-30 10:28:45.411  6151  6186 I octvm_klo: 	itval.it_interval.tv_sec 1, itval.it_interval.tv_nsec 0

03-30 10:28:45.411  6151  6186 I octvm_klo: 	itval.it_value.tv_sec 0, itval.it_value.tv_nsec 999996771

03-30 10:28:45.542   379   493 I ThermalEngine: Sensor:batt_temp:337 mC

03-30 10:28:46.413  6151  6186 I octvm_klo: read wakeups from wakealarm_fd:1

03-30 10:28:46.413  6151  6186 I octvm_klo: new timerfd interval:

03-30 10:28:46.413  6151  6186 I octvm_klo: 	itval.it_interval.tv_sec 1, itval.it_interval.tv_nsec 0

03-30 10:28:46.413  6151  6186 I octvm_klo: 	itval.it_value.tv_sec 0, itval.it_value.tv_nsec 999996458

03-30 10:28:46.545   379   493 I ThermalEngine: Sensor:batt_temp:336 mC

03-30 10:28:47.347  3745  3745 D wpa_supplicant: wlan0: Control interface command 'SIGNAL_POLL'

03-30 10:28:47.362  3745  3745 D wpa_supplicant: CTRL-DEBUG: global_ctrl_sock-sendto: sock=11 sndbuf=163840 outq=0 send_len=49

03-30 10:28:47.413  6151  6186 I octvm_klo: read wakeups from wakealarm_fd:1

03-30 10:28:47.413  6151  6186 I octvm_klo: new timerfd interval:

03-30 10:28:47.413  6151  6186 I octvm_klo: 	itval.it_interval.tv_sec 1, itval.it_interval.tv_nsec 0

03-30 10:28:47.413  6151  6186 I octvm_klo: 	itval.it_value.tv_sec 0, itval.it_value.tv_nsec 999994011

03-30 10:28:47.546   379   493 I ThermalEngine: Sensor:batt_temp:337 mC

03-30 10:28:47.814  4116  4556 I XiaomiFirewall: firewall pkgName:com.orvibo.homemate, result:0x0

03-30 10:28:48.413  6151  6186 I octvm_klo: read wakeups from wakealarm_fd:1
