--------- beginning of system

03-08 11:59:45.000  1923  4097 I ActivityManager: START u0 {cmp=com.orvibo.homemate/.roomfloor.manager.RoomManagerActivity} from uid 10133 on display 0

03-08 12:00:05.269  3887  3996 W ContextImpl: Calling a method in the system process without a qualified user: android.app.ContextImpl.bindService:1295 android.content.ContextWrapper.bindService:614 com.xiaomi.mistatistic.sdk.controller.LocalEventRecorder.a:90 com.xiaomi.mistatistic.sdk.controller.LocalEventRecorder.b:70 com.xiaomi.mistatistic.sdk.controller.LocalEventRecorder.a:25 

03-08 12:00:09.707  1923  3723 I ActivityManager: Force stopping com.orvibo.homemate appid=10133 user=0: from pid 3121

03-08 12:00:09.708  1923  3723 I ActivityManager: Killing 2484:com.orvibo.homemate/u0a133 (adj 0): stop com.orvibo.homemate

03-08 12:00:09.708  1923  3723 D ActivityManager: cleanUpApplicationRecord -- 2484

03-08 12:00:09.709  1923  3723 I AutoStartManagerService: MIUILOG- Reject RestartService packageName :com.orvibo.homemate uid : 10133

03-08 12:00:09.709  1923  3723 I AutoStartManagerService: MIUILOG- Reject RestartService packageName :com.orvibo.homemate uid : 10133

03-08 12:00:09.709  1923  3723 I AutoStartManagerService: MIUILOG- Reject RestartService packageName :com.orvibo.homemate uid : 10133

03-08 12:00:09.709  1923  3723 I AutoStartManagerService: MIUILOG- Reject RestartService packageName :com.orvibo.homemate uid : 10133

03-08 12:00:09.709  1923  3723 I AutoStartManagerService: MIUILOG- Reject RestartService packageName :com.orvibo.homemate uid : 10133

03-08 12:00:09.709  1923  2089 I libprocessgroup: Killing pid 2641 in uid 10133 as part of process group 2484

03-08 12:00:09.711  1923  3723 W ActivityManager: Force removing ActivityRecord{7ec4446 u0 com.orvibo.homemate/.roomfloor.manager.RoomManagerActivity t6957}: app died, no saved state

03-08 12:00:09.730  1923  3723 I ActivityManager: Start proc 3145:com.orvibo.homemate/u0a133 for activity com.orvibo.homemate/.common.main.MainActivity

03-08 12:00:09.730  1923  3723 I ActivityManager: Killing 2601:com.orvibo.homemate:moon/u0a133 (adj 2): stop com.orvibo.homemate

03-08 12:00:09.731  1923  3723 D ActivityManager: cleanUpApplicationRecord -- 2601

03-08 12:00:09.731  1923  3723 I AutoStartManagerService: MIUILOG- Reject RestartService packageName :com.orvibo.homemate uid : 10133

03-08 12:00:09.735  1923  3723 I ActivityManager:   Force finishing activity ActivityRecord{cdc3f72 u0 com.orvibo.homemate/.common.main.MainActivity t6957}

03-08 12:00:09.753  1923  3699 D WifiService: Client connection lost with reason: 4

03-08 12:00:09.755  1923  4237 I WindowState: WIN DEATH: Window{cafc51f u0 com.orvibo.homemate/com.orvibo.homemate.common.main.MainActivity}

03-08 12:00:09.767  1923  3723 I ActivityManager:   Force finishing activity ActivityRecord{cdc3f72 u0 com.orvibo.homemate/.common.main.MainActivity t6957 f}

03-08 12:00:09.767  1923  3723 W ActivityManager: Duplicate finish request for ActivityRecord{cdc3f72 u0 com.orvibo.homemate/.common.main.MainActivity t6957 f}

03-08 12:00:09.812  1923  3995 W InputMethodManagerService: Got RemoteException sending setActive(false) notification to pid 2484 uid 10133

03-08 12:00:11.237  1923  4238 D BaseMiuiPhoneWindowManager: keyCode:3 down:true 88504171 88504171 policyFlags=2b000000 deviceId:-1 isScreenOn:true

03-08 12:00:11.237  1923  4238 D WindowManager: keyguardActive=false

03-08 12:00:11.240  1923  3995 D BaseMiuiPhoneWindowManager: keyCode:3 down:false 88504171 88504171 policyFlags=2b000000 deviceId:-1 isScreenOn:true

03-08 12:00:11.240  1923  3995 D WindowManager: keyguardActive=false

03-08 12:00:11.253  1923  3617 I ActivityManager: START u0 {act=android.intent.action.MAIN cat=[android.intent.category.HOME] flg=0x10200000 cmp=com.miui.home/.launcher.Launcher (has extras)} from uid 1000 on display 0

03-08 12:00:11.277  1923  3699 D WifiService: New client listening to asynchronous messages

03-08 12:00:11.509  1923  4377 W WindowManager: Attempted to remove non-existing token: android.os.Binder@e9403dc

03-08 12:00:13.835  1923  4419 I ActivityManager: Force stopping io.appium.unlock appid=10126 user=0: from pid 3249

03-08 12:00:17.819  1923  4130 I ActivityManager: START u0 {act=android.intent.action.VIEW dat=file:///data/local/tmp/UnicodeIME-debug.apk typ=application/vnd.android.package-archive flg=0x18000000 cmp=com.miui.securitycenter/com.miui.permcenter.install.AdbInstallActivity (has extras)} from uid 2000 on display 0

03-08 12:00:17.898  1923  1987 E ActivityManager: Invalid thumbnail dimensions: 0x0

03-08 12:00:17.898  1923  4416 W InputMethodManagerService: Window already focused, ignoring focus gain of: com.android.internal.view.IInputMethodClient$Stub$Proxy@69773fb attribute=null, token = android.os.BinderProxy@93ccc3d

03-08 12:00:17.965  1923  4122 D com.android.server.pm.PackageManagerServiceInjector: check if need preinstall apps

03-08 12:00:17.979  6503  9509 D DefContainer: Copying /data/local/tmp/UnicodeIME-debug.apk to base.apk

03-08 12:00:18.003  1923  2130 W PackageManager: Package io.appium.android.ime signatures do not match the previously installed version; ignoring!

03-08 12:00:18.127  1923  2130 I com.android.server.pm.PackageManagerServiceInjector: MIUILOG-onPackageInstalled: PackageEvent { mTimeStamp=2017-03-08 12:00:18 mAction=Install mPackageName=io.appium.android.ime mReturnCode=-7 mVersionCode=0 mVersionName=mInstallerPkgName=

03-08 12:00:23.856  1923  4325 I ActivityManager: START u0 {act=android.intent.action.VIEW dat=file:///data/local/tmp/settings_apk-debug.apk typ=application/vnd.android.package-archive flg=0x18000000 cmp=com.miui.securitycenter/com.miui.permcenter.install.AdbInstallActivity (has extras)} from uid 2000 on display 0

03-08 12:00:23.898  3631  3631 I PackageParser: io.appium.settings: compat added android.permission.WRITE_EXTERNAL_STORAGE

03-08 12:00:23.913  1923  3723 E ActivityManager: Invalid thumbnail dimensions: 0x0

03-08 12:00:23.915  1923  3920 W InputMethodManagerService: Window already focused, ignoring focus gain of: com.android.internal.view.IInputMethodClient$Stub$Proxy@1cc0de1 attribute=null, token = android.os.BinderProxy@93ccc3d

03-08 12:00:23.984  1923  4238 D com.android.server.pm.PackageManagerServiceInjector: check if need preinstall apps

03-08 12:00:23.995  6503  6527 D DefContainer: Copying /data/local/tmp/settings_apk-debug.apk to base.apk

03-08 12:00:24.009  1923  2130 I PackageParser: io.appium.settings: compat added android.permission.WRITE_EXTERNAL_STORAGE

03-08 12:00:24.027  1923  2130 W PackageManager: Package io.appium.settings signatures do not match the previously installed version; ignoring!

03-08 12:00:24.183  1923  2130 I com.android.server.pm.PackageManagerServiceInjector: MIUILOG-onPackageInstalled: PackageEvent { mTimeStamp=2017-03-08 12:00:24 mAction=Install mPackageName=io.appium.settings mReturnCode=-7 mVersionCode=0 mVersionName=mInstallerPkgName=

03-08 12:00:25.599  1923  4106 I ActivityManager: START u0 {act=android.intent.action.VIEW dat=file:///data/local/tmp/unlock_apk-debug.apk typ=application/vnd.android.package-archive flg=0x18000000 cmp=com.miui.securitycenter/com.miui.permcenter.install.AdbInstallActivity (has extras)} from uid 2000 on display 0

03-08 12:00:25.663  1923  4122 E ActivityManager: Invalid thumbnail dimensions: 0x0

03-08 12:00:25.675  1923  4416 W InputMethodManagerService: Window already focused, ignoring focus gain of: com.android.internal.view.IInputMethodClient$Stub$Proxy@c68ddb6 attribute=null, token = android.os.BinderProxy@93ccc3d

03-08 12:00:25.726  1923  4106 D com.android.server.pm.PackageManagerServiceInjector: check if need preinstall apps

03-08 12:00:25.738  6503  9509 D DefContainer: Copying /data/local/tmp/unlock_apk-debug.apk to base.apk

03-08 12:00:25.769  1923  2130 W PackageManager: Package io.appium.unlock signatures do not match the previously installed version; ignoring!

03-08 12:00:25.870  1923  2130 I com.android.server.pm.PackageManagerServiceInjector: MIUILOG-onPackageInstalled: PackageEvent { mTimeStamp=2017-03-08 12:00:25 mAction=Install mPackageName=io.appium.unlock mReturnCode=-7 mVersionCode=0 mVersionName=mInstallerPkgName=

03-08 12:00:26.536  1923  2086 I ActivityManager: Waited long enough for: ServiceRecord{7b598e8 u0 com.orvibo.homemate/com.qihoo.ls.SoService}

03-08 12:00:33.133  1923  4097 I ActivityManager: Force stopping com.orvibo.homemate appid=10133 user=0: from pid 3609

03-08 12:00:33.134  1923  4097 I ActivityManager: Killing 3145:com.orvibo.homemate/u0a133 (adj 5): stop com.orvibo.homemate

03-08 12:00:33.134  1923  4097 D ActivityManager: cleanUpApplicationRecord -- 3145

03-08 12:00:33.134  1923  4097 I AutoStartManagerService: MIUILOG- Reject RestartService packageName :com.orvibo.homemate uid : 10133

03-08 12:00:33.167  1923  4130 E WifiService: Multicaster binderDied

03-08 12:00:33.167  1923  3699 D WifiService: Client connection lost with reason: 4

03-08 12:00:33.406  1923  4122 I ActivityManager: START u0 {act=android.intent.action.MAIN cat=[android.intent.category.LAUNCHER] flg=0x10200000 cmp=com.orvibo.homemate/.common.launch.LaunchActivity} from uid 2000 on display 0

03-08 12:00:33.445  1923  4130 I ActivityManager: Start proc 3670:com.orvibo.homemate/u0a133 for activity com.orvibo.homemate/.common.launch.LaunchActivity

03-08 12:00:34.825  1923  3699 D WifiService: New client listening to asynchronous messages

03-08 12:00:35.430  1923  4238 I ActivityManager: Start proc 3803:com.orvibo.homemate:moon/u0a133 for service com.orvibo.homemate/.service.MoonService

03-08 12:00:36.767  1923  2086 V ActivityManager: Attempted to start a foreground service (ComponentInfo{com.orvibo.homemate/com.orvibo.homemate.service.MoonService}) with a broken notification (no icon: Notification(pri=0 contentView=null vibrate=null sound=null defaults=0x0 flags=0x40 color=0x00000000 vis=PRIVATE))

03-08 12:00:36.786  1923  2086 V ActivityManager: Attempted to start a foreground service (ComponentInfo{com.orvibo.homemate/com.orvibo.homemate.service.TempService}) with a broken notification (no icon: Notification(pri=0 contentView=null vibrate=null sound=null defaults=0x0 flags=0x40 color=0x00000000 vis=PRIVATE))

03-08 12:00:36.815  3887  3996 W ContextImpl: Calling a method in the system process without a qualified user: android.app.ContextImpl.bindService:1295 android.content.ContextWrapper.bindService:614 com.xiaomi.mistatistic.sdk.controller.LocalEventRecorder.a:90 com.xiaomi.mistatistic.sdk.controller.LocalEventRecorder.b:70 com.xiaomi.mistatistic.sdk.controller.LocalEventRecorder.a:25 

03-08 12:00:37.155  1923  4130 I ActivityManager: START u0 {cmp=com.orvibo.homemate/.common.main.MainActivity (has extras)} from uid 10133 on display 0

03-08 12:00:37.869  1923  4130 D LocationPolicy: [uid = 10133, op = 2] is blocked by location policy

03-08 12:00:37.869  1923  4130 D WifiService: uid=10133 wifi scan blocked

03-08 12:00:42.044  1923  3723 I ActivityManager: START u0 {cmp=com.orvibo.homemate/.roomfloor.manager.RoomManagerActivity} from uid 10133 on display 0

--------- beginning of main

03-08 12:00:42.514   372   476 I ThermalEngine: Sensor:batt_temp:343 mC

03-08 12:00:42.727 29006 29006 W AppWatcher: type=1400 audit(0.0:1030276): avc: denied { getattr } for path="/proc/opalum-temp-calib" dev="proc" ino=4026534634 scontext=u:r:untrusted_app:s0:c512,c768 tcontext=u:object_r:proc_opalum:s0 tclass=file permissive=0

03-08 12:00:42.727 29006 29006 W AppWatcher: type=1400 audit(0.0:1030277): avc: denied { getattr } for path="/proc/opalum-f0-calib" dev="proc" ino=4026534633 scontext=u:r:untrusted_app:s0:c512,c768 tcontext=u:object_r:proc_opalum:s0 tclass=file permissive=0

03-08 12:00:42.727 29006 29006 W AppWatcher: type=1400 audit(0.0:1030278): avc: denied { getattr } for path="/proc/sysrq-trigger" dev="proc" ino=4026533735 scontext=u:r:untrusted_app:s0:c512,c768 tcontext=u:object_r:proc_sysrq:s0 tclass=file permissive=0

03-08 12:00:42.737 29006 29006 W AppWatcher: type=1400 audit(0.0:1030279): avc: denied { getattr } for path="/proc/1" dev="proc" ino=907269 scontext=u:r:untrusted_app:s0:c512,c768 tcontext=u:r:init:s0 tclass=dir permissive=0

03-08 12:00:42.737 29006 29006 W AppWatcher: type=1400 audit(0.0:1030280): avc: denied { getattr } for path="/proc/2" dev="proc" ino=907270 scontext=u:r:untrusted_app:s0:c512,c768 tcontext=u:r:kernel:s0 tclass=dir permissive=0

03-08 12:00:42.737 29006 29006 W AppWatcher: type=1400 audit(0.0:1030281): avc: denied { getattr } for path="/proc/3" dev="proc" ino=907271 scontext=u:r:untrusted_app:s0:c512,c768 tcontext=u:r:kernel:s0 tclass=dir permissive=0

03-08 12:00:42.737 29006 29006 W AppWatcher: type=1400 audit(0.0:1030282): avc: denied { getattr } for path="/proc/6" dev="proc" ino=907272 scontext=u:r:untrusted_app:s0:c512,c768 tcontext=u:r:kernel:s0 tclass=dir permissive=0

03-08 12:00:42.737 29006 29006 W AppWatcher: type=1400 audit(0.0:1030283): avc: denied { getattr } for path="/proc/7" dev="proc" ino=907273 scontext=u:r:untrusted_app:s0:c512,c768 tcontext=u:r:kernel:s0 tclass=dir permissive=0

03-08 12:00:42.737 29006 29006 W AppWatcher: type=1400 audit(0.0:1030284): avc: denied { getattr } for path="/proc/8" dev="proc" ino=907274 scontext=u:r:untrusted_app:s0:c512,c768 tcontext=u:r:kernel:s0 tclass=dir permissive=0

03-08 12:00:42.737 29006 29006 W AppWatcher: type=1400 audit(0.0:1030285): avc: denied { getattr } for path="/proc/21" dev="proc" ino=907275 scontext=u:r:untrusted_app:s0:c512,c768 tcontext=u:r:kernel:s0 tclass=dir permissive=0

03-08 12:00:42.737 29006 29006 W AppWatcher: type=1400 audit(0.0:1030286): avc: denied { getattr } for path="/proc/22" dev="proc" ino=907276 scontext=u:r:untrusted_app:s0:c512,c768 tcontext=u:r:kernel:s0 tclass=dir permissive=0

03-08 12:00:42.737 29006 29006 W AppWatcher: type=1400 audit(0.0:1030287): avc: denied { getattr } for path="/proc/28" dev="proc" ino=907278 scontext=u:r:untrusted_app:s0:c512,c768 tcontext=u:r:kernel:s0 tclass=dir permissive=0

03-08 12:00:42.737 29006 29006 W AppWatcher: type=1400 audit(0.0:1030288): avc: denied { getattr } for path="/proc/29" dev="proc" ino=907279 scontext=u:r:untrusted_app:s0:c512,c768 tcontext=u:r:kernel:s0 tclass=dir permissive=0

03-08 12:00:42.737 29006 29006 W AppWatcher: type=1400 audit(0.0:1030289): avc: denied { getattr } for path="/proc/30" dev="proc" ino=907280 scontext=u:r:untrusted_app:s0:c512,c768 tcontext=u:r:kernel:s0 tclass=dir permissive=0

03-08 12:00:42.737 29006 29006 W AppWatcher: type=1400 audit(0.0:1030290): avc: denied { getattr } for path="/proc/32" dev="proc" ino=907281 scontext=u:r:untrusted_app:s0:c512,c768 tcontext=u:r:kernel:s0 tclass=dir permissive=0

03-08 12:00:42.737 29006 29006 W AppWatcher: type=1400 audit(0.0:1030291): avc: denied { getattr } for path="/proc/33" dev="proc" ino=907282 scontext=u:r:untrusted_app:s0:c512,c768 tcontext=u:r:kernel:s0 tclass=dir permissive=0

03-08 12:00:42.737 29006 29006 W AppWatcher: type=1400 audit(0.0:1030292): avc: denied { getattr } for path="/proc/34" dev="proc" ino=907283 scontext=u:r:untrusted_app:s0:c512,c768 tcontext=u:r:kernel:s0 tclass=dir permissive=0

03-08 12:00:42.737 29006 29006 W AppWatcher: type=1400 audit(0.0:1030293): avc: denied { getattr } for path="/proc/61" dev="proc" ino=907284 scontext=u:r:untrusted_app:s0:c512,c768 tcontext=u:r:kernel:s0 tclass=dir permissive=0

03-08 12:00:42.737 29006 29006 W AppWatcher: type=1400 audit(0.0:1030294): avc: denied { getattr } for path="/proc/62" dev="proc" ino=907285 scontext=u:r:untrusted_app:s0:c512,c768 tcontext=u:r:kernel:s0 tclass=dir permissive=0

03-08 12:00:42.737 29006 29006 W AppWatcher: type=1400 audit(0.0:1030295): avc: denied { getattr } for path="/proc/63" dev="proc" ino=907286 scontext=u:r:untrusted_app:s0:c512,c768 tcontext=u:r:kernel:s0 tclass=dir permissive=0

03-08 12:00:42.737 29006 29006 W AppWatcher: type=1400 audit(0.0:1030296): avc: denied { getattr } for path="/proc/64" dev="proc" ino=907287 scontext=u:r:untrusted_app:s0:c512,c768 tcontext=u:r:kernel:s0 tclass=dir permissive=0

03-08 12:00:42.737 29006 29006 W AppWatcher: type=1400 audit(0.0:1030297): avc: denied { getattr } for path="/proc/65" dev="proc" ino=907288 scontext=u:r:untrusted_app:s0:c512,c768 tcontext=u:r:kernel:s0 tclass=dir permissive=0

03-08 12:00:42.986  6869 24532 D MSF.C.NetConnTag: netRecv ssoSeq:-1549079244 uin:*2908 cmd:-316037937 -1549078909

03-08 12:00:42.989  2859  2922 D Q.msg.TroopMsgProxy: insertToList MessageRecord=friendUin:7087senderuin:6084,istroop:1,msgType:-1000,time:1488945642,shmsgseq:119042

03-08 12:00:42.990  2859  2922 D Q.unread.ProxyUnreadMonitor: insertOrUpdateUnread update=--ConversationInfo--,shortUin:*7087,type:1,lastread:118998,unreadCount:44,unreadGiftCount:0,unreadRedPacketCount:0,unreadMark:0

03-08 12:00:43.028  2859  2922 D Q.msg.QQMessageFacadeUnreadMonitor: Recent Msg Unread: (0,0,46) (9980,9000,0) (9953,7230,4) (9992,7000,0) 

03-08 12:00:43.084  1923  4266 D WifiHAL : Read rolling over to the start of ring buffer

03-08 12:00:43.357  4269  4269 D wpa_supplicant: nl80211: Event message available

03-08 12:00:43.357  4269  4269 D wpa_supplicant: nl80211: Drv Event 34 (NL80211_CMD_NEW_SCAN_RESULTS) received for wlan0

03-08 12:00:43.357  4269  4269 D wpa_supplicant: wlan0: nl80211: New scan results available

03-08 12:00:43.357  4269  4269 D wpa_supplicant: nl80211: Scan included frequencies: 2412 2417 2422 2427 2432 2437 2442 2447 2452 2457 2462 2467 2472 5180 5200 5220 5240 5260 5280 5300 5320 5500 5520 5540 5560 5580 5600 5620 5640 5660 5680 5700 5745 5765 5785 5805 5825

03-08 12:00:43.357  4269  4269 D wpa_supplicant: wlan0: Event SCAN_RESULTS (3) received

03-08 12:00:43.357  4269  4269 D wpa_supplicant: wlan0: Scan completed in 4.034374 seconds

03-08 12:00:43.357  4269  4269 D wpa_supplicant: nl80211: Associated on 2422 MHz

03-08 12:00:43.357  4269  4269 D wpa_supplicant: nl80211: Associated with c0:3d:46:00:1a:5a

03-08 12:00:43.358  4269  4269 D wpa_supplicant: nl80211: Received scan results (29 BSSes)

03-08 12:00:43.358  4269  4269 D wpa_supplicant: nl80211: Scan results indicate BSS status with c0:3d:46:00:1a:5a as associated

03-08 12:00:43.358  4269  4269 D wpa_supplicant: wlan0: BSS: Start scan result update 9265

03-08 12:00:43.358  4269  4269 D wpa_supplicant: wlan0: BSS: Add new id 27727 BSSID 24:69:68:b1:36:12 SSID 'bin'

03-08 12:00:43.358  4269  4269 D wpa_supplicant: CTRL-DEBUG: ctrl_sock-sendmsg: sock=11 sndbuf=163840 outq=0 send_len=44

03-08 12:00:43.358  4269  4269 D wpa_supplicant: CTRL_IFACE monitor sent successfully to /data/misc/wifi/sockets/wpa_ctrl_1923-2\x00

03-08 12:00:43.358  4269  4269 D wpa_supplicant: wlan0: BSS: Add new id 27728 BSSID 10:bd:18:09:51:6d SSID 'iOS-NW'

03-08 12:00:43.359  4269  4269 D wpa_supplicant: CTRL-DEBUG: ctrl_sock-sendmsg: sock=11 sndbuf=163840 outq=448 send_len=44

03-08 12:00:43.359  4269  4269 D wpa_supplicant: CTRL_IFACE monitor sent successfully to /data/misc/wifi/sockets/wpa_ctrl_1923-2\x00

03-08 12:00:43.359  4269  4269 D wpa_supplicant: wlan0: BSS: Add new id 27729 BSSID 00:0c:43:43:6f:f7 SSID 'MWIFI-GLUO'

03-08 12:00:43.359  4269  4269 D wpa_supplicant: CTRL-DEBUG: ctrl_sock-sendmsg: sock=11 sndbuf=163840 outq=896 send_len=44

03-08 12:00:43.359  4269  4269 D wpa_supplicant: CTRL_IFACE monitor sent successfully to /data/misc/wifi/sockets/wpa_ctrl_1923-2\x00

03-08 12:00:43.359  4269  4269 D wpa_supplicant: wlan0: BSS: Remove id 27708 BSSID b8:f8:83:ee:be:7b SSID 'HostGroup-InnerNet' due to no match in scan

03-08 12:00:43.359  4269  4269 D wpa_supplicant: CTRL-DEBUG: ctrl_sock-sendmsg: sock=11 sndbuf=163840 outq=1344 send_len=46

03-08 12:00:43.359  4269  4269 D wpa_supplicant: CTRL_IFACE monitor sent successfully to /data/misc/wifi/sockets/wpa_ctrl_1923-2\x00

03-08 12:00:43.359  4269  4269 D wpa_supplicant: wlan0: BSS: Remove id 27723 BSSID cc:81:da:c4:ad:a8 SSID '50.1-qian' due to no match in scan

03-08 12:00:43.359  4269  4269 D wpa_supplicant: CTRL-DEBUG: ctrl_sock-sendmsg: sock=11 sndbuf=163840 outq=1792 send_len=46

03-08 12:00:43.359  4269  4269 D wpa_supplicant: CTRL_IFACE monitor sent successfully to /data/misc/wifi/sockets/wpa_ctrl_1923-2\x00

03-08 12:00:43.359  4269  4269 D wpa_supplicant: wlan0: BSS: Remove id 27713 BSSID e0:10:7f:4c:0b:98 SSID 'WX-ORVIBO-Guest' due to no match in scan

03-08 12:00:43.359  4269  4269 D wpa_supplicant: CTRL-DEBUG: ctrl_sock-sendmsg: sock=11 sndbuf=163840 outq=2240 send_len=46

03-08 12:00:43.359  4269  4269 D wpa_supplicant: CTRL_IFACE monitor sent successfully to /data/misc/wifi/sockets/wpa_ctrl_1923-2\x00

03-08 12:00:43.359  4269  4269 D wpa_supplicant: wlan0: BSS: Remove id 27719 BSSID e0:10:7f:0c:0b:98 SSID 'ORVIBO' due to no match in scan

03-08 12:00:43.360  4269  4269 D wpa_supplicant: CTRL-DEBUG: ctrl_sock-sendmsg: sock=11 sndbuf=163840 outq=2688 send_len=46

03-08 12:00:43.360  4269  4269 D wpa_supplicant: CTRL_IFACE monitor sent successfully to /data/misc/wifi/sockets/wpa_ctrl_1923-2\x00

03-08 12:00:43.360  4269  4269 D wpa_supplicant: wlan0: BSS: Remove id 27726 BSSID 04:f0:21:26:f9:27 SSID 'yunji-tele' due to no match in scan

03-08 12:00:43.360  4269  4269 D wpa_supplicant: CTRL-DEBUG: ctrl_sock-sendmsg: sock=11 sndbuf=163840 outq=3136 send_len=46

03-08 12:00:43.360  4269  4269 D wpa_supplicant: CTRL_IFACE monitor sent successfully to /data/misc/wifi/sockets/wpa_ctrl_1923-2\x00

03-08 12:00:43.360  4269  4269 D wpa_supplicant: BSS: last_scan_res_used=29/64

03-08 12:00:43.360  4269  4269 D wpa_supplicant: wlan0: Scan-only results received

03-08 12:00:43.360  4269  4269 D wpa_supplicant: CTRL-DEBUG: ctrl_sock-sendmsg: sock=11 sndbuf=163840 outq=3584 send_len=24

03-08 12:00:43.360  4269  4269 D wpa_supplicant: CTRL_IFACE monitor sent successfully to /data/misc/wifi/sockets/wpa_ctrl_1923-2\x00

03-08 12:00:43.360  4269  4269 D wpa_supplicant: wlan0: Radio work 'scan'@0xb6919398 done in 4.042864 seconds

03-08 12:00:43.362  4269  4269 D wpa_supplicant: RTM_NEWLINK: ifi_index=22 ifname=wlan0 wext ifi_family=0 ifi_flags=0x11043 ([UP][RUNNING][LOWER_UP])

03-08 12:00:43.372  4269  4269 D wpa_supplicant: CTRL-DEBUG: global_ctrl_sock-sendto: sock=11 sndbuf=163840 outq=0 send_len=3995

03-08 12:00:43.376  4269  4269 D wpa_supplicant: CTRL-DEBUG: global_ctrl_sock-sendto: sock=11 sndbuf=163840 outq=0 send_len=3821

03-08 12:00:43.379  4269  4269 D wpa_supplicant: CTRL-DEBUG: global_ctrl_sock-sendto: sock=11 sndbuf=163840 outq=0 send_len=3325

03-08 12:00:43.382  4269  4269 D wpa_supplicant: CTRL-DEBUG: global_ctrl_sock-sendto: sock=11 sndbuf=163840 outq=0 send_len=3903

03-08 12:00:43.385  4269  4269 D wpa_supplicant: CTRL-DEBUG: global_ctrl_sock-sendto: sock=11 sndbuf=163840 outq=0 send_len=3648

03-08 12:00:43.390  4269  4269 D wpa_supplicant: CTRL-DEBUG: global_ctrl_sock-sendto: sock=11 sndbuf=163840 outq=0 send_len=3589

03-08 12:00:43.392   433   644 W XTCC-5.1.0.8: [WifiScanner] WiFi scan result : [29] AP's

03-08 12:00:43.473  4269  4269 D wpa_supplicant: EAPOL: EAP Session-Id not available

03-08 12:00:43.473  4269  4269 D wpa_supplicant: CTRL-DEBUG: global_ctrl_sock-sendto: sock=11 sndbuf=163840 outq=0 send_len=278

03-08 12:00:43.475  4269  4269 D wpa_supplicant: wlan0: Control interface command 'SIGNAL_POLL'

03-08 12:00:43.489  4269  4269 D wpa_supplicant: CTRL-DEBUG: global_ctrl_sock-sendto: sock=11 sndbuf=163840 outq=0 send_len=48

03-08 12:00:43.506  6869 24532 D MSF.C.NetConnTag: netRecv ssoSeq:-1549077938 uin:*2908 cmd:1563966628 -1549077715

03-08 12:00:43.508  2859  2922 D Q.unread.ProxyUnreadMonitor: insertOrUpdateUnread update=--ConversationInfo--,shortUin:*3860,type:1004,lastread:1488945637,unreadCount:0,unreadGiftCount:0,unreadRedPacketCount:0,unreadMark:0

03-08 12:00:43.512  2859  2922 D Q.msg.QQMessageFacadeUnreadMonitor: Recent Msg Unread: (0,0,45) (9980,9000,0) (9953,7230,4) (9992,7000,0) 

03-08 12:00:43.515   372   476 I ThermalEngine: Sensor:batt_temp:344 mC

03-08 12:00:43.517 26390 26435 E WifiScanHomelog: start process end time - 22

03-08 12:00:43.522  2859  4128 D Q.msg.QQMessageFacadeUnreadMonitor: Recent Msg Unread: (0,0,45) (9980,9000,0) (9953,7230,4) (9992,7000,0) 

03-08 12:00:43.522  2859  4128 D BadgeUtilsUnreadMonitor: setBadge limit: 999, count: 49

03-08 12:00:43.522  2859  4128 D CommonBadgeUtilImpl: setBadge count=49|forceSet=false

03-08 12:00:43.523 26390 27008 E WifiDeviceFinder: start process end time - 34

03-08 12:00:43.583  4188  4327 W WtProcessController: do not trim { PackageName :com.orvibo.homemate Pid: 3670 Uid: 10133 Start by: activity Score:50 Old score:50 state:0 mBackgroundTimeInMillis:1488945642055 WakelockCount:0 wakelogsize:0  ActivityDestroied:false Activity size: 2 PackageInfo:{WhetstonePackageInfo#PacakgeName:com.orvibo.homemate uid:10133 uiMemoryThresold:0 nonUiMemoryThresold:0 Flag:5184,0x1440 [,TRIMHEAPS,SOFT_RESET,FLAG_DEAL_SCHEDULE] Type:0[] } tasknum:6961}

03-08 12:00:43.677  3670  3765 D UTAnalytics:LogStoreMgr: pid:3670 [store],

03-08 12:00:43.681  3670  3765 D UTAnalytics:UTSqliteLogStore: pid:3670 [insert] ,, isSuccess:true,ret,1535,

03-08 12:00:43.705  3670  3765 D UTAnalytics:UTSqliteLogStore: pid:3670 sql:SELECT * FROM log ORDER BY time ASC  LIMIT 20,

03-08 12:00:43.706  3670  3765 D UTAnalytics:UTSqliteLogStore: pid:3670 pos,0,count,4,

03-08 12:00:43.706  3670  3765 D UTAnalytics:UTSqliteLogStore: pid:3670 pos,1,count,4,

03-08 12:00:43.706  3670  3765 D UTAnalytics:UTSqliteLogStore: pid:3670 pos,2,count,4,

03-08 12:00:43.706  3670  3765 D UTAnalytics:UTSqliteLogStore: pid:3670 pos,3,count,4,

03-08 12:00:43.707  3670  3765 D UTAnalytics:LogStoreMgr: pid:3670 [get],[Log [id=1532, eventId=19999, index=], Log [id=1533, eventId=19999, index=], Log [id=1534, eventId=2001, index=], Log [id=1535, eventId=2001, index=]],

03-08 12:00:43.708  3670  3765 D UTAnalytics:UploadTask: pid:3670 averagePackageSize:129.75,

03-08 12:00:43.815  1923  3680 D WifiStateMachine: starting scan for "18.1_neiwang"-WPA_PSK with 5745,2422

03-08 12:00:43.816  4269  4269 D wpa_supplicant: wlan0: Control interface command 'SCAN TYPE=ONLY freq=5745,2422'

03-08 12:00:43.816  4269  4269 D wpa_supplicant: wlan0: Setting scan request: 0.000000 sec

03-08 12:00:43.816  4269  4269 D wpa_supplicant: CTRL-DEBUG: global_ctrl_sock-sendto: sock=11 sndbuf=163840 outq=0 send_len=3

03-08 12:00:43.816  4269  4269 D wpa_supplicant: wlan0: Starting AP scan for wildcard SSID

03-08 12:00:43.816  4269  4269 D wpa_supplicant: wlan0: Limit manual scan to specified channels

03-08 12:00:43.816  4269  4269 D wpa_supplicant: wlan0: Add radio work 'scan'@0xb6919398

03-08 12:00:43.816  4269  4269 D wpa_supplicant: wlan0: First radio work item in the queue - schedule start immediately

03-08 12:00:43.816  4269  4269 D wpa_supplicant: wlan0: Starting radio work 'scan'@0xb6919398 after 0.000051 second wait

03-08 12:00:43.816  4269  4269 D wpa_supplicant: wlan0: nl80211: scan request

03-08 12:00:43.816  4269  4269 D wpa_supplicant: nl80211: Scan SSID - hexdump(len=0): [NULL]

03-08 12:00:43.816  4269  4269 D wpa_supplicant: nl80211: Scan extra IEs - hexdump(len=7): 7f 05 00 00 0a 02 01

03-08 12:00:43.816  4269  4269 D wpa_supplicant: nl80211: Scan frequency 2422 MHz

03-08 12:00:43.816  4269  4269 D wpa_supplicant: nl80211: Scan frequency 5745 MHz

03-08 12:00:43.818  4269  4269 D wpa_supplicant: Scan requested (ret=0) - scan timeout 30 seconds

03-08 12:00:43.818  4269  4269 D wpa_supplicant: nl80211: Event message available

03-08 12:00:43.819  4269  4269 D wpa_supplicant: nl80211: Drv Event 33 (NL80211_CMD_TRIGGER_SCAN) received for wlan0

03-08 12:00:43.819  4269  4269 D wpa_supplicant: wlan0: nl80211: Scan trigger

03-08 12:00:43.819  4269  4269 D wpa_supplicant: wlan0: Event SCAN_STARTED (47) received

03-08 12:00:43.819  4269  4269 D wpa_supplicant: wlan0: Own scan request started a scan in 0.000346 seconds

03-08 12:00:43.819  4269  4269 D wpa_supplicant: CTRL-DEBUG: ctrl_sock-sendmsg: sock=11 sndbuf=163840 outq=0 send_len=24

03-08 12:00:43.821  4269  4269 D wpa_supplicant: CTRL_IFACE monitor sent successfully to /data/misc/wifi/sockets/wpa_ctrl_1923-2\x00

03-08 12:00:43.924  4269  4269 D wpa_supplicant: nl80211: Event message available

03-08 12:00:43.924  4269  4269 D wpa_supplicant: nl80211: Drv Event 34 (NL80211_CMD_NEW_SCAN_RESULTS) received for wlan0

03-08 12:00:43.924  4269  4269 D wpa_supplicant: wlan0: nl80211: New scan results available

03-08 12:00:43.924  4269  4269 D wpa_supplicant: nl80211: Scan included frequencies: 2422 5745

03-08 12:00:43.924  4269  4269 D wpa_supplicant: wlan0: Event SCAN_RESULTS (3) received

03-08 12:00:43.924  4269  4269 D wpa_supplicant: wlan0: Scan completed in 0.105116 seconds

03-08 12:00:43.924  4269  4269 D wpa_supplicant: nl80211: Associated on 2422 MHz

03-08 12:00:43.924  4269  4269 D wpa_supplicant: nl80211: Associated with c0:3d:46:00:1a:5a

03-08 12:00:43.924  4269  4269 D wpa_supplicant: nl80211: Received scan results (30 BSSes)

03-08 12:00:43.924  4269  4269 D wpa_supplicant: nl80211: Scan results indicate BSS status with c0:3d:46:00:1a:5a as associated

03-08 12:00:43.924  4269  4269 D wpa_supplicant: wlan0: BSS: Start scan result update 9266

03-08 12:00:43.924  4269  4269 D wpa_supplicant: wlan0: BSS: Add new id 27730 BSSID c0:3d:46:00:12:ca SSID 'rgts'

03-08 12:00:43.924  4269  4269 D wpa_supplicant: CTRL-DEBUG: ctrl_sock-sendmsg: sock=11 sndbuf=163840 outq=0 send_len=44

03-08 12:00:43.924  4269  4269 D wpa_supplicant: CTRL_IFACE monitor sent successfully to /data/misc/wifi/sockets/wpa_ctrl_1923-2\x00

03-08 12:00:43.924  4269  4269 D wpa_supplicant: BSS: last_scan_res_used=30/64

03-08 12:00:43.924  4269  4269 D wpa_supplicant: wlan0: Scan-only results received

03-08 12:00:43.925  4269  4269 D wpa_supplicant: CTRL-DEBUG: ctrl_sock-sendmsg: sock=11 sndbuf=163840 outq=448 send_len=24

03-08 12:00:43.925  4269  4269 D wpa_supplicant: CTRL_IFACE monitor sent successfully to /data/misc/wifi/sockets/wpa_ctrl_1923-2\x00

03-08 12:00:43.925  4269  4269 D wpa_supplicant: wlan0: Radio work 'scan'@0xb6919398 done in 0.108471 seconds

03-08 12:00:43.926  4269  4269 D wpa_supplicant: RTM_NEWLINK: ifi_index=22 ifname=wlan0 wext ifi_family=0 ifi_flags=0x11043 ([UP][RUNNING][LOWER_UP])

03-08 12:00:43.929  4269  4269 D wpa_supplicant: CTRL-DEBUG: global_ctrl_sock-sendto: sock=11 sndbuf=163840 outq=0 send_len=3995

03-08 12:00:43.932  4269  4269 D wpa_supplicant: CTRL-DEBUG: global_ctrl_sock-sendto: sock=11 sndbuf=163840 outq=0 send_len=3821

03-08 12:00:43.935  4269  4269 D wpa_supplicant: CTRL-DEBUG: global_ctrl_sock-sendto: sock=11 sndbuf=163840 outq=0 send_len=3325

03-08 12:00:43.937  4269  4269 D wpa_supplicant: CTRL-DEBUG: global_ctrl_sock-sendto: sock=11 sndbuf=163840 outq=0 send_len=3903

03-08 12:00:43.938  4269  4269 D wpa_supplicant: CTRL-DEBUG: global_ctrl_sock-sendto: sock=11 sndbuf=163840 outq=0 send_len=3648

03-08 12:00:43.939  3670  3765 W System.err: java.lang.reflect.InvocationTargetException

03-08 12:00:43.939  3670  3765 W System.err: 	at java.lang.reflect.Method.invoke(Native Method)

03-08 12:00:43.939  3670  3765 W System.err: 	at com.alibaba.mtl.log.sign.SecurityRequestAuth.getSign(SecurityRequestAuth.java:135)

03-08 12:00:43.939  3670  3765 W System.err: 	at com.alibaba.mtl.log.e.t.a(UrlWrapper.java:204)

03-08 12:00:43.939  3670  3765 W System.err: 	at com.alibaba.mtl.log.e.t.a(UrlWrapper.java:58)

03-08 12:00:43.939  3670  3765 W System.err: 	at com.alibaba.mtl.log.d.b.M(UploadTask.java:136)

03-08 12:00:43.939  3670  3765 W System.err: 	at com.alibaba.mtl.log.d.b.run(UploadTask.java:52)

03-08 12:00:43.939  3670  3765 W System.err: 	at java.util.concurrent.Executors$RunnableAdapter.call(Executors.java:423)

03-08 12:00:43.939  3670  3765 W System.err: 	at java.util.concurrent.FutureTask.run(FutureTask.java:237)

03-08 12:00:43.939  3670  3765 W System.err: 	at java.util.concurrent.ThreadPoolExecutor.runWorker(ThreadPoolExecutor.java:1113)

03-08 12:00:43.939  3670  3765 W System.err: 	at java.util.concurrent.ThreadPoolExecutor$Worker.run(ThreadPoolExecutor.java:588)

03-08 12:00:43.939  3670  3765 W System.err: 	at java.lang.Thread.run(Thread.java:818)

03-08 12:00:43.940  3670  3765 W System.err: Caused by: com.alibaba.wireless.security.open.SecException: 

03-08 12:00:43.940  3670  3765 W System.err: 	at com.taobao.wireless.security.adapter.JNICLibrary.doCommandNative(Native Method)

03-08 12:00:43.940  3670  3765 W System.err: 	at com.alibaba.wireless.security.mainplugin.a.doCommandNative(Unknown Source)

03-08 12:00:43.940  3670  3765 W System.err: 	at com.taobao.wireless.security.adapter.b.b.b(Unknown Source)

03-08 12:00:43.940  3670  3765 W System.err: 	at com.taobao.wireless.security.adapter.b.b.a(Unknown Source)

03-08 12:00:43.940  3670  3765 W System.err: 	at com.taobao.wireless.security.adapter.b.b.a(Unknown Source)

03-08 12:00:43.940  3670  3765 W System.err: 	at com.alibaba.wireless.security.a.h.a.signRequest(Unknown Source)

03-08 12:00:43.940  3670  3765 W System.err: 	... 11 more

03-08 12:00:43.940  4269  4269 D wpa_supplicant: CTRL-DEBUG: global_ctrl_sock-sendto: sock=11 sndbuf=163840 outq=0 send_len=3589

03-08 12:00:43.941  4269  4269 D wpa_supplicant: CTRL-DEBUG: global_ctrl_sock-sendto: sock=11 sndbuf=163840 outq=0 send_len=576

03-08 12:00:43.942   433   644 W XTCC-5.1.0.8: [WifiScanner] WiFi scan result : [30] AP's

03-08 12:00:43.964  4099  5103 I XiaomiFirewall: firewall pkgName:com.orvibo.homemate, result:0x0

03-08 12:00:43.988  4269  4269 D wpa_supplicant: EAPOL: EAP Session-Id not available

03-08 12:00:43.988  4269  4269 D wpa_supplicant: CTRL-DEBUG: global_ctrl_sock-sendto: sock=11 sndbuf=163840 outq=0 send_len=278

03-08 12:00:44.042  3670  3765 D UTAnalytics:UploadTask: pid:3670 url:http://adashbc.m.taobao.com/rest/sur?ak=23256401&av=2.3.0.200&c=null&v=3.0&s=&d=WJfwe%2BsntC4DAAdSBLpxQDCW&sv=2.5.1_for_bc&p=a&t=1488945643719&u=&is=1&k=0,

03-08 12:00:44.042  3670  3765 D UTAnalytics:UploadTask: pid:3670 result:{"t":1488945643799,"ret":"","success":"success"}

03-08 12:00:44.042  3670  3765 D UTAnalytics:UploadTask: ,

03-08 12:00:44.043  3670  3765 D UTAnalytics:UploadTask: pid:3670 winsize:350,

03-08 12:00:44.043  3670  3765 D UTAnalytics:LogStoreMgr: pid:3670 [Log [id=1532, eventId=19999, index=], Log [id=1533, eventId=19999, index=], Log [id=1534, eventId=2001, index=], Log [id=1535, eventId=2001, index=]],

03-08 12:00:44.068  3670  3765 D UTAnalytics:UTSqliteLogStore: pid:3670 delete ,4, isSuccess:true,

03-08 12:00:44.068  3670  3765 D UTAnalytics:CoreStatics: pid:3670 [uploadInc]:0,count:4,

03-08 12:00:44.068  3670  3765 D UTAnalytics:CoreStatics: pid:3670 [uploadInc]:4,

03-08 12:00:44.068  3670  3765 D UTAnalytics:UploadTask: pid:3670 logs.size():4, selfMonitorLogCount:0,

03-08 12:00:44.068  3670  3765 D UTAnalytics:UploadTask: pid:3670 upload isSendSuccess:true, consume:334, delete consume:25,

03-08 12:00:44.106   372   460 I ThermalEngine: Sensor:tsens_tz_sensor5:55000 mC

03-08 12:00:44.107   372   509 I ThermalEngine: Sensor:tsens_tz_sensor5:55000 mC

03-08 12:00:44.107   372   509 I ThermalEngine: TM Id 'CPU0_MONITOR' Sensor 'cpu0' - alarm raised 1 at 55.0 degC

03-08 12:00:44.107   372   509 I ThermalEngine: ACTION: CPU - Setting CPU[0] to 1728000

03-08 12:00:44.108   372   509 I ThermalEngine: Mitigation:CPU[0]:1728000 Khz

03-08 12:00:44.108   372   509 I ThermalEngine: ACTION: CPU - Setting CPU[1] to 1728000

03-08 12:00:44.108   372   509 E ThermalEngine: Failed to set desired CPU[1] frequency limit to 1728000

03-08 12:00:44.108   372   509 I ThermalEngine: ACTION: CPU - Setting CPU[2] to 1728000

03-08 12:00:44.108   372   509 E ThermalEngine: Failed to set desired CPU[2] frequency limit to 1728000

03-08 12:00:44.108   372   509 I ThermalEngine: ACTION: CPU - Setting CPU[3] to 1728000

03-08 12:00:44.108   372   509 I ThermalEngine: Mitigation:CPU[3]:1728000 Khz

03-08 12:00:44.363   372   460 I ThermalEngine: Sensor:tsens_tz_sensor5:50000 mC

03-08 12:00:44.365   372   509 I ThermalEngine: Sensor:tsens_tz_sensor5:50000 mC

03-08 12:00:44.365   372   509 I ThermalEngine: TM Id 'CPU0_MONITOR' Sensor 'cpu0' - alarm cleared 1 at 50.0 degC

03-08 12:00:44.365   372   509 I ThermalEngine: ACTION: CPU - Setting CPU[0] to 2457600

03-08 12:00:44.365   372   509 I ThermalEngine: Mitigation:CPU[0]:2457600 Khz

03-08 12:00:44.365   372   509 I ThermalEngine: ACTION: CPU - Setting CPU[1] to 2457600

03-08 12:00:44.365   372   509 E ThermalEngine: Failed to set desired CPU[1] frequency limit to 2457600

03-08 12:00:44.365   372   509 I ThermalEngine: ACTION: CPU - Setting CPU[2] to 2457600

03-08 12:00:44.365   372   509 E ThermalEngine: Failed to set desired CPU[2] frequency limit to 2457600

03-08 12:00:44.365   372   509 I ThermalEngine: ACTION: CPU - Setting CPU[3] to 2457600

03-08 12:00:44.366   372   509 I ThermalEngine: Mitigation:CPU[3]:2457600 Khz

03-08 12:00:44.475 26902  3624 W System.err: java.net.SocketTimeoutException: failed to connect to loc.map.baidu.com/14.215.177.33 (port 443) after 12000ms

03-08 12:00:44.476 26902  3624 W System.err: 	at libcore.io.IoBridge.connectErrno(IoBridge.java:169)

03-08 12:00:44.476 26902  3624 W System.err: 	at libcore.io.IoBridge.connect(IoBridge.java:122)

03-08 12:00:44.476 26902  3624 W System.err: 	at java.net.PlainSocketImpl.connect(PlainSocketImpl.java:183)

03-08 12:00:44.476 26902  3624 W System.err: 	at java.net.PlainSocketImpl.connect(PlainSocketImpl.java:452)

03-08 12:00:44.476 26902  3624 W System.err: 	at java.net.Socket.connect(Socket.java:884)

03-08 12:00:44.476 26902  3624 W System.err: 	at com.android.okhttp.internal.Platform.connectSocket(Platform.java:117)

03-08 12:00:44.477 26902  3624 W System.err: 	at com.android.okhttp.internal.http.SocketConnector.connectRawSocket(SocketConnector.java:160)

03-08 12:00:44.477 26902  3624 W System.err: 	at com.android.okhttp.internal.http.SocketConnector.connectTls(SocketConnector.java:79)

03-08 12:00:44.477 26902  3624 W System.err: 	at com.android.okhttp.Connection.connect(Connection.java:143)

03-08 12:00:44.477 26902  3624 W System.err: 	at com.android.okhttp.Connection.connectAndSetOwner(Connection.java:185)

03-08 12:00:44.477 26902  3624 W System.err: 	at com.android.okhttp.OkHttpClient$1.connectAndSetOwner(OkHttpClient.java:128)

03-08 12:00:44.477 26902  3624 W System.err: 	at com.android.okhttp.internal.http.HttpEngine.nextConnection(HttpEngine.java:342)

03-08 12:00:44.477 26902  3624 W System.err: 	at com.android.okhttp.internal.http.HttpEngine.connect(HttpEngine.java:331)

03-08 12:00:44.478 26902  3624 W System.err: 	at com.android.okhttp.internal.http.HttpEngine.sendRequest(HttpEngine.java:249)

03-08 12:00:44.478 26902  3624 W System.err: 	at com.android.okhttp.internal.huc.HttpURLConnectionImpl.execute(HttpURLConnectionImpl.java:437)

03-08 12:00:44.478 26902  3624 W System.err: 	at com.android.okhttp.internal.huc.HttpURLConnectionImpl.connect(HttpURLConnectionImpl.java:114)

03-08 12:00:44.478 26902  3624 W System.err: 	at com.android.okhttp.internal.huc.DelegatingHttpsURLConnection.connect(DelegatingHttpsURLConnection.java:89)

03-08 12:00:44.478 26902  3624 W System.err: 	at com.android.okhttp.internal.huc.HttpsURLConnectionImpl.connect(HttpsURLConnectionImpl.java:25)

03-08 12:00:44.478 26902  3624 W System.err: 	at com.baidu.location.h.e$4.run(Unknown Source)

03-08 12:00:44.478 26902  3624 I baidu_location_service: https NetworkCommunicationException!

03-08 12:00:44.516   372   476 I ThermalEngine: Sensor:batt_temp:343 mC

03-08 12:00:44.582  4099  5103 I XiaomiFirewall: firewall pkgName:com.baidu.BaiduMap, result:0x0

03-08 12:00:44.646 26902 26918 W Settings: Setting airplane_mode_on has moved from android.provider.Settings.System to android.provider.Settings.Global, returning read-only value.

03-08 12:00:45.326   372   460 I ThermalEngine: Sensor:tsens_tz_sensor5:56000 mC

03-08 12:00:45.326   372   509 I ThermalEngine: Sensor:tsens_tz_sensor5:56000 mC

03-08 12:00:45.326   372   509 I ThermalEngine: TM Id 'CPU0_MONITOR' Sensor 'cpu0' - alarm raised 1 at 56.0 degC

03-08 12:00:45.326   372   509 I ThermalEngine: ACTION: CPU - Setting CPU[0] to 1728000

03-08 12:00:45.327   372   509 I ThermalEngine: Mitigation:CPU[0]:1728000 Khz

03-08 12:00:45.327   372   509 I ThermalEngine: ACTION: CPU - Setting CPU[1] to 1728000

03-08 12:00:45.327   372   509 E ThermalEngine: Failed to set desired CPU[1] frequency limit to 1728000

03-08 12:00:45.327   372   509 I ThermalEngine: ACTION: CPU - Setting CPU[2] to 1728000

03-08 12:00:45.327   372   509 E ThermalEngine: Failed to set desired CPU[2] frequency limit to 1728000

03-08 12:00:45.327   372   509 I ThermalEngine: ACTION: CPU - Setting CPU[3] to 1728000

03-08 12:00:45.327   372   509 I ThermalEngine: Mitigation:CPU[3]:1728000 Khz

03-08 12:00:45.517   372   476 I ThermalEngine: Sensor:batt_temp:343 mC

03-08 12:00:45.518   372   460 I ThermalEngine: Sensor:tsens_tz_sensor5:49000 mC

03-08 12:00:45.520   372   509 I ThermalEngine: Sensor:tsens_tz_sensor5:49000 mC

03-08 12:00:45.520   372   509 I ThermalEngine: TM Id 'CPU0_MONITOR' Sensor 'cpu0' - alarm cleared 1 at 49.0 degC

03-08 12:00:45.521   372   509 I ThermalEngine: ACTION: CPU - Setting CPU[0] to 2457600

03-08 12:00:45.522   372   509 I ThermalEngine: Mitigation:CPU[0]:2457600 Khz

03-08 12:00:45.522   372   509 I ThermalEngine: ACTION: CPU - Setting CPU[1] to 2457600

03-08 12:00:45.522   372   509 E ThermalEngine: Failed to set desired CPU[1] frequency limit to 2457600

03-08 12:00:45.522   372   509 I ThermalEngine: ACTION: CPU - Setting CPU[2] to 2457600

03-08 12:00:45.522   372   509 E ThermalEngine: Failed to set desired CPU[2] frequency limit to 2457600

03-08 12:00:45.522   372   509 I ThermalEngine: ACTION: CPU - Setting CPU[3] to 2457600

03-08 12:00:45.523   372   509 I ThermalEngine: Mitigation:CPU[3]:2457600 Khz

03-08 12:00:45.754  1923  1923 E JavaBinder: !!! FAILED BINDER TRANSACTION !!!  (parcel size = 104)

03-08 12:00:46.170  6869  6988 W Settings: Setting airplane_mode_on has moved from android.provider.Settings.System to android.provider.Settings.Global, returning read-only value.

03-08 12:00:46.176  6869  6988 W beacon  : onUserAction return false, because eventName:[actGroupPicSmallDownV1] is not allowed in server strategy!

03-08 12:00:46.494  4269  4269 D wpa_supplicant: wlan0: Control interface command 'SIGNAL_POLL'

03-08 12:00:46.508  4269  4269 D wpa_supplicant: CTRL-DEBUG: global_ctrl_sock-sendto: sock=11 sndbuf=163840 outq=0 send_len=48

03-08 12:00:46.519   372   476 I ThermalEngine: Sensor:batt_temp:343 mC

03-08 12:00:46.790  6869 24532 D MSF.C.NetConnTag: netRecv ssoSeq:-1549070117 uin:*2908 cmd:1749815547 -1549069822

03-08 12:00:46.794  2859  2922 D Q.unread.ProxyUnreadMonitor: insertOrUpdateUnread update=--ConversationInfo--,shortUin:*3860,type:1004,lastread:1488945645,unreadCount:0,unreadGiftCount:0,unreadRedPacketCount:0,unreadMark:0

03-08 12:00:46.794  2859  2922 D Q.msg.MsgProxy: insertToList MessageRecord=friendUin:3860senderuin:8141,istroop:1004,msgType:-1000,time:1488945645,shmsgseq:17832

03-08 12:00:46.799  2859  2922 D Q.msg.QQMessageFacadeUnreadMonitor: Recent Msg Unread: (0,0,45) (9980,9000,0) (9953,7230,4) (9992,7000,0) 

03-08 12:00:46.802  6869  7033 D MSF.C.NetConnTag: pa ok: 77997

03-08 12:00:46.803  6869  7033 D MSF.C.NetConnTag: netSend ssoSeq:77997 uin:*2908 cmd:-183665717 78168

03-08 12:00:47.103  3670  3768 D UTAnalytics:LogStoreMgr: pid:3670 [store],

03-08 12:00:47.522   372   476 I ThermalEngine: Sensor:batt_temp:343 mC

03-08 12:00:47.777  1923  1923 E JavaBinder: !!! FAILED BINDER TRANSACTION !!!  (parcel size = 104)

03-08 12:00:48.523   372   476 I ThermalEngine: Sensor:batt_temp:343 mC

03-08 12:00:48.538  3670  3765 D UTAnalytics:LogStoreMgr: pid:3670 [store],

03-08 12:00:48.550  3670  3765 D UTAnalytics:UTSqliteLogStore: pid:3670 sql:SELECT * FROM log ORDER BY time ASC  LIMIT 350,

03-08 12:00:48.556  3670  3765 D UTAnalytics:LogStoreMgr: pid:3670 [get],[],

03-08 12:00:48.561  3670  3765 D UTAnalytics:UploadEngine: pid:3670 UTDC.bBackground:false,AppInfoUtil.isForeground(UTDC.getContext()) ,true,

03-08 12:00:48.562  3670  3765 D UTAnalytics:UploadTask: pid:3670 mPeriod:30000,

03-08 12:00:48.813  1923  1923 E JavaBinder: !!! FAILED BINDER TRANSACTION !!!  (parcel size = 104)

03-08 12:00:49.515  4269  4269 D wpa_supplicant: wlan0: Control interface command 'SIGNAL_POLL'

03-08 12:00:49.524   372   476 I ThermalEngine: Sensor:batt_temp:343 mC

03-08 12:00:49.531  4269  4269 D wpa_supplicant: CTRL-DEBUG: global_ctrl_sock-sendto: sock=11 sndbuf=163840 outq=0 send_len=48

03-08 12:00:49.837  1923  1923 E JavaBinder: !!! FAILED BINDER TRANSACTION !!!  (parcel size = 104)

03-08 12:00:50.526   372   476 I ThermalEngine: Sensor:batt_temp:343 mC

03-08 12:00:50.851  1923  1923 E JavaBinder: !!! FAILED BINDER TRANSACTION !!!  (parcel size = 104)

03-08 12:00:51.527   372   476 I ThermalEngine: Sensor:batt_temp:343 mC

03-08 12:00:51.872  1923  1923 E JavaBinder: !!! FAILED BINDER TRANSACTION !!!  (parcel size = 104)

03-08 12:00:52.528   372   476 I ThermalEngine: Sensor:batt_temp:343 mC

03-08 12:00:52.535  4269  4269 D wpa_supplicant: wlan0: Control interface command 'SIGNAL_POLL'

03-08 12:00:52.550  4269  4269 D wpa_supplicant: CTRL-DEBUG: global_ctrl_sock-sendto: sock=11 sndbuf=163840 outq=0 send_len=48

03-08 12:00:53.530   372   476 I ThermalEngine: Sensor:batt_temp:343 mC

03-08 12:00:54.531   372   476 I ThermalEngine: Sensor:batt_temp:343 mC

03-08 12:00:54.831  3670  3709 W System.err: 无法访问或网络不稳定

03-08 12:00:54.831  3670  3709 W System.err: 	at com.danale.video.sdk.http.impl.apache.ApacheHttpClient.readDataWithRetriesAndReportDanaleError(Unknown Source)

03-08 12:00:54.831  3670  3709 W System.err: 	at com.danale.video.sdk.http.impl.apache.ApacheHttpClient.execute(Unknown Source)

03-08 12:00:54.831  3670  3709 W System.err: 	at com.danale.video.sdk.utils.DnsAnalysisUtil.dnsAnalysisByDanale(Unknown Source)

03-08 12:00:54.831  3670  3709 W System.err: 	at com.danale.video.sdk.platform.entity.Session$7.doInBackground(Unknown Source)

03-08 12:00:54.831  3670  3709 W System.err: 	at com.danale.video.sdk.platform.entity.Session$7.doInBackground(Unknown Source)

03-08 12:00:54.831  3670  3709 W System.err: 	at com.danale.video.sdk.async.AsyncTask$2.call(Unknown Source)

03-08 12:00:54.831  3670  3709 W System.err: 	at java.util.concurrent.FutureTask.run(FutureTask.java:237)

03-08 12:00:54.832  3670  3709 W System.err: 	at java.util.concurrent.ThreadPoolExecutor.runWorker(ThreadPoolExecutor.java:1113)

03-08 12:00:54.832  3670  3709 W System.err: 	at java.util.concurrent.ThreadPoolExecutor$Worker.run(ThreadPoolExecutor.java:588)

03-08 12:00:54.832  3670  3709 W System.err: 	at java.lang.Thread.run(Thread.java:818)

03-08 12:00:54.832  3670  3709 W System.err: Caused by: org.apache.http.conn.ConnectTimeoutException: Connect to /54.93.73.119:443 timed out

03-08 12:00:54.832  3670  3709 W System.err: 	at org.apache.http.conn.scheme.PlainSocketFactory.connectSocket(PlainSocketFactory.java:126)

03-08 12:00:54.832  3670  3709 W System.err: 	at org.apache.http.impl.conn.DefaultClientConnectionOperator.openConnection(DefaultClientConnectionOperator.java:149)

03-08 12:00:54.832  3670  3709 W System.err: 	at org.apache.http.impl.conn.AbstractPoolEntry.open(AbstractPoolEntry.java:169)

03-08 12:00:54.833  3670  3709 W System.err: 	at org.apache.http.impl.conn.AbstractPooledConnAdapter.open(AbstractPooledConnAdapter.java:124)

03-08 12:00:54.833  3670  3709 W System.err: 	at org.apache.http.impl.client.DefaultRequestDirector.execute(DefaultRequestDirector.java:370)

03-08 12:00:54.833  3670  3709 W System.err: 	at org.apache.http.impl.client.AbstractHttpClient.execute(AbstractHttpClient.java:560)

03-08 12:00:54.833  3670  3709 W System.err: 	at org.apache.http.impl.client.AbstractHttpClient.execute(AbstractHttpClient.java:492)

03-08 12:00:54.833  3670  3709 W System.err: 	at org.apache.http.impl.client.AbstractHttpClient.execute(AbstractHttpClient.java:470)

03-08 12:00:54.833  3670  3709 W System.err: 	at com.danale.video.sdk.http.impl.apache.ApacheHttpClient.readDataWithRetriesAndReportDanaleError(Unknown Source)

03-08 12:00:54.833  3670  3709 W System.err: 	... 9 more

03-08 12:00:55.533   372   476 I ThermalEngine: Sensor:batt_temp:343 mC

03-08 12:00:55.555  4269  4269 D wpa_supplicant: wlan0: Control interface command 'SIGNAL_POLL'

03-08 12:00:55.571  4269  4269 D wpa_supplicant: CTRL-DEBUG: global_ctrl_sock-sendto: sock=11 sndbuf=163840 outq=0 send_len=48

03-08 12:00:55.911  1923  1923 E JavaBinder: !!! FAILED BINDER TRANSACTION !!!  (parcel size = 104)

03-08 12:00:56.534   372   476 I ThermalEngine: Sensor:batt_temp:343 mC

03-08 12:00:56.678 26902  4187 W System.err: java.net.SocketTimeoutException: failed to connect to loc.map.baidu.com/14.215.177.33 (port 443) after 12000ms

03-08 12:00:56.679 26902  4187 W System.err: 	at libcore.io.IoBridge.connectErrno(IoBridge.java:169)

03-08 12:00:56.679 26902  4187 W System.err: 	at libcore.io.IoBridge.connect(IoBridge.java:122)

03-08 12:00:56.679 26902  4187 W System.err: 	at java.net.PlainSocketImpl.connect(PlainSocketImpl.java:183)

03-08 12:00:56.679 26902  4187 W System.err: 	at java.net.PlainSocketImpl.connect(PlainSocketImpl.java:452)

03-08 12:00:56.679 26902  4187 W System.err: 	at java.net.Socket.connect(Socket.java:884)

03-08 12:00:56.679 26902  4187 W System.err: 	at com.android.okhttp.internal.Platform.connectSocket(Platform.java:117)

03-08 12:00:56.679 26902  4187 W System.err: 	at com.android.okhttp.internal.http.SocketConnector.connectRawSocket(SocketConnector.java:160)

