--------- beginning of main

03-30 10:34:49.955 10705 10797 D HomeMate: comm[ Thread-44404: FileTool.java:65 deleteOldFiles() ] - deleteOldFiles()-fileName:HomeMate_20170316174154.956.txt

03-30 10:34:49.955 10705 10705 D HomeMate: allen[ main: HomeFragment.java:291 onRefreshFamilies() ] - families:[Family{familyId='ea4205a93f1c46b4a6df9bb391513dd9', pic='', creator='91a31ba24648493aad89636922662c04', familyName='ojrtx', nickname_in_family='null', email='15079034630@126.com', phone='', showIndex=1, isAdmin=1, userid='91a31ba24648493aad89636922662c04', userName=ahdhhddhhd, updateTimeSec=1490841108000} , Family{familyId='7c9d5013119f46a2a89fe662794afe17', pic='', creator='91a31ba24648493aad89636922662c04', familyName='gggy', nickname_in_family='null', email='15079034630@126.com', phone='', showIndex=2, isAdmin=1, userid='91a31ba24648493aad89636922662c04', userName=ahdhhddhhd, updateTimeSec=1490702078000} , Family{familyId='2f2e636022b94e218b3c2f9756c65cc5', pic='http://homemate.orvibo.com/images/family/decd605137a041d3943517d8943621bf.png', creator='91a31ba24648493aad89636922662c04', familyName='f30ow', nickname_in_family='null', email='15079034630@126.com', phone='', showIndex=3, isAdmin=1, userid='91a31ba24648493aad89636922662c04', userName=ahdhhddhhd, updateTimeSec=1490702078000} , Family{familyId='8a1ceb7b78034a539fbebe64efd979fc', pic='http://homemate.orvibo.com/images/family/5d1549631bde4bba877fa28498755239.png', creator='91a31ba24648493aad89636922662c04', familyName='2fa1b', nickname_in_family='null', email='15079034630@126.com', phone='', showIndex=4, isAdmin=1, userid='91a31ba24648493aad89636922662c04', userName=ahdhhddhhd, updateTimeSec=1490702078000} , Family{familyId='dbc10e32ebe547cc932bce19fe63d2c1', pic='http://homemate.orvibo.com/images/family/783967619a144ff182042bce99002bb1.png', creator='91a31ba24648493aad89636922662c04', familyName='iu299', nickname_in_family='null', email='15079034630@126.com', phone='', showIndex=5, isAdmin=1, userid='91a31ba24648493aad89636922662c04', userName=ahdhhddhhd, updateTimeSec=1490702078000} ] selectFamilyPosition:0

03-30 10:34:49.955 10705 10797 D HomeMate: comm[ Thread-44404: FileTool.java:65 deleteOldFiles() ] - deleteOldFiles()-fileName:HomeMate_20170316175327.242vicenter.db

03-30 10:34:49.955 10705 10797 D HomeMate: comm[ Thread-44404: FileTool.java:65 deleteOldFiles() ] - deleteOldFiles()-fileName:HomeMate_20170316175327.274device_desc.db

03-30 10:34:49.955 10705 10797 D HomeMate: comm[ Thread-44404: FileTool.java:65 deleteOldFiles() ] - deleteOldFiles()-fileName:HomeMate_20170316174012.435.txt

03-30 10:34:49.956 10705 10797 D HomeMate: comm[ Thread-44404: FileTool.java:65 deleteOldFiles() ] - deleteOldFiles()-fileName:HomeMate_20170316173928.832.txt

03-30 10:34:49.956 10705 10797 D HomeMate: comm[ Thread-44404: FileTool.java:65 deleteOldFiles() ] - deleteOldFiles()-fileName:HomeMate_20170316173848.786.txt

03-30 10:34:49.956 10705 10797 D HomeMate: comm[ Thread-44404: FileTool.java:65 deleteOldFiles() ] - deleteOldFiles()-fileName:HomeMate_20170316173651.633.txt

03-30 10:34:49.957 10705 10797 D HomeMate: comm[ Thread-44404: FileTool.java:65 deleteOldFiles() ] - deleteOldFiles()-fileName:HomeMate_20170316173522.917.txt

03-30 10:34:49.958 10705 10797 D HomeMate: comm[ Thread-44404: FileTool.java:65 deleteOldFiles() ] - deleteOldFiles()-fileName:HomeMate_20170316173426.856.txt

03-30 10:34:49.958 10705 10797 D HomeMate: comm[ Thread-44404: FileTool.java:65 deleteOldFiles() ] - deleteOldFiles()-fileName:HomeMate_20170316173335.291.txt

03-30 10:34:49.958 10705 10797 D HomeMate: comm[ Thread-44404: FileTool.java:65 deleteOldFiles() ] - deleteOldFiles()-fileName:HomeMate_20170316173253.316.txt

03-30 10:34:49.959 10705 10797 D HomeMate: comm[ Thread-44404: FileTool.java:65 deleteOldFiles() ] - deleteOldFiles()-fileName:HomeMate_20170316173125.326.txt

03-30 10:34:49.959 10705 10797 D HomeMate: comm[ Thread-44404: FileTool.java:65 deleteOldFiles() ] - deleteOldFiles()-fileName:HomeMate_20170316173037.569.txt

03-30 10:34:49.959 10705 10797 D HomeMate: comm[ Thread-44404: FileTool.java:65 deleteOldFiles() ] - deleteOldFiles()-fileName:HomeMate_20170316172955.231.txt

03-30 10:34:49.960 10705 10797 D HomeMate: comm[ Thread-44404: FileTool.java:65 deleteOldFiles() ] - deleteOldFiles()-fileName:HomeMate_20170316172912.233.txt

03-30 10:34:49.960 10705 10797 D HomeMate: comm[ Thread-44404: FileTool.java:65 deleteOldFiles() ] - deleteOldFiles()-fileName:HomeMate_20170316172827.125.txt

03-30 10:34:49.960 10705 10797 D HomeMate: comm[ Thread-44404: FileTool.java:65 deleteOldFiles() ] - deleteOldFiles()-fileName:HomeMate_20170316172742.544.txt

03-30 10:34:49.961 10705 10797 D HomeMate: comm[ Thread-44404: FileTool.java:65 deleteOldFiles() ] - deleteOldFiles()-fileName:HomeMate_20170316172615.201.txt

03-30 10:34:49.961 10705 10797 D HomeMate: comm[ Thread-44404: FileTool.java:65 deleteOldFiles() ] - deleteOldFiles()-fileName:HomeMate_20170316172501.591.txt

03-30 10:34:49.961 10705 10797 D HomeMate: comm[ Thread-44404: FileTool.java:65 deleteOldFiles() ] - deleteOldFiles()-fileName:HomeMate_20170316172356.830.txt

03-30 10:34:49.962 10705 10797 D HomeMate: comm[ Thread-44404: FileTool.java:65 deleteOldFiles() ] - deleteOldFiles()-fileName:HomeMate_20170316172303.953.txt

03-30 10:34:49.962 10705 10797 D HomeMate: comm[ Thread-44404: FileTool.java:65 deleteOldFiles() ] - deleteOldFiles()-fileName:HomeMate_20170316172212.586.txt

03-30 10:34:49.962 10705 10797 D HomeMate: comm[ Thread-44404: FileTool.java:65 deleteOldFiles() ] - deleteOldFiles()-fileName:HomeMate_20170316172126.980.txt

03-30 10:34:49.963 10705 10797 D HomeMate: comm[ Thread-44404: FileTool.java:65 deleteOldFiles() ] - deleteOldFiles()-fileName:HomeMate_20170316172035.944.txt

03-30 10:34:49.963 10705 10797 D HomeMate: comm[ Thread-44404: FileTool.java:65 deleteOldFiles() ] - deleteOldFiles()-fileName:HomeMate_20170316171919.463.txt

03-30 10:34:49.963 10705 10797 D HomeMate: comm[ Thread-44404: FileTool.java:65 deleteOldFiles() ] - deleteOldFiles()-fileName:HomeMate_20170316171813.541.txt

03-30 10:34:49.964 10705 10797 D HomeMate: comm[ Thread-44404: FileTool.java:65 deleteOldFiles() ] - deleteOldFiles()-fileName:HomeMate_20170316171726.614.txt

03-30 10:34:49.964 10705 10797 D HomeMate: comm[ Thread-44404: FileTool.java:65 deleteOldFiles() ] - deleteOldFiles()-fileName:HomeMate_20170316171634.679.txt

03-30 10:34:49.964 10705 10797 D HomeMate: comm[ Thread-44404: FileTool.java:65 deleteOldFiles() ] - deleteOldFiles()-fileName:HomeMate_20170316171520.543.txt

03-30 10:34:49.965 10705 10797 D HomeMate: comm[ Thread-44404: FileTool.java:65 deleteOldFiles() ] - deleteOldFiles()-fileName:HomeMate_20170316171443.800.txt

03-30 10:34:49.965 10705 10797 D HomeMate: comm[ Thread-44404: FileTool.java:65 deleteOldFiles() ] - deleteOldFiles()-fileName:HomeMate_20170316171410.991.txt

03-30 10:34:49.965 10705 10797 D HomeMate: comm[ Thread-44404: FileTool.java:65 deleteOldFiles() ] - deleteOldFiles()-fileName:HomeMate_20170316171231.739.txt

03-30 10:34:49.965 10705 10797 D HomeMate: comm[ Thread-44404: FileTool.java:65 deleteOldFiles() ] - deleteOldFiles()-fileName:HomeMate_20170316171104.886.txt

03-30 10:34:49.966 10705 10797 D HomeMate: comm[ Thread-44404: FileTool.java:65 deleteOldFiles() ] - deleteOldFiles()-fileName:HomeMate_20170316171010.935.txt

03-30 10:34:49.966 10705 10797 D HomeMate: comm[ Thread-44404: FileTool.java:65 deleteOldFiles() ] - deleteOldFiles()-fileName:HomeMate_20170316170856.935.txt

03-30 10:34:49.966 10705 10797 D HomeMate: comm[ Thread-44404: FileTool.java:65 deleteOldFiles() ] - deleteOldFiles()-fileName:HomeMate_20170316170620.582.txt

03-30 10:34:49.967 10705 10797 D HomeMate: comm[ Thread-44404: FileTool.java:65 deleteOldFiles() ] - deleteOldFiles()-fileName:HomeMate_20170316170327.907.txt

03-30 10:34:49.967 10705 10797 D HomeMate: comm[ Thread-44404: FileTool.java:65 deleteOldFiles() ] - deleteOldFiles()-fileName:HomeMate_20170316170207.185.txt

03-30 10:34:49.967 10705 10797 D HomeMate: comm[ Thread-44404: FileTool.java:65 deleteOldFiles() ] - deleteOldFiles()-fileName:HomeMate_20170316170132.198.txt

03-30 10:34:49.968 10705 10797 D HomeMate: comm[ Thread-44404: FileTool.java:65 deleteOldFiles() ] - deleteOldFiles()-fileName:HomeMate_20170316170048.760.txt

03-30 10:34:49.968 10705 10797 D HomeMate: comm[ Thread-44404: FileTool.java:65 deleteOldFiles() ] - deleteOldFiles()-fileName:HomeMate_20170316165931.946.txt

03-30 10:34:49.968 10705 10797 D HomeMate: comm[ Thread-44404: FileTool.java:65 deleteOldFiles() ] - deleteOldFiles()-fileName:HomeMate_20170316165858.632.txt

03-30 10:34:49.969 10705 10797 D HomeMate: comm[ Thread-44404: FileTool.java:65 deleteOldFiles() ] - deleteOldFiles()-fileName:HomeMate_20170316165753.793.txt

03-30 10:34:49.969 10705 10797 D HomeMate: comm[ Thread-44404: FileTool.java:65 deleteOldFiles() ] - deleteOldFiles()-fileName:HomeMate_20170316165655.612.txt

03-30 10:34:49.969 10705 10797 D HomeMate: comm[ Thread-44404: FileTool.java:65 deleteOldFiles() ] - deleteOldFiles()-fileName:HomeMate_20170316165604.904.txt

03-30 10:34:49.970 10705 10797 D HomeMate: comm[ Thread-44404: FileTool.java:65 deleteOldFiles() ] - deleteOldFiles()-fileName:HomeMate_20170316165443.605.txt

03-30 10:34:49.970 10705 10797 D HomeMate: comm[ Thread-44404: FileTool.java:65 deleteOldFiles() ] - deleteOldFiles()-fileName:HomeMate_20170316165347.316.txt

03-30 10:34:49.970 10705 10797 D HomeMate: comm[ Thread-44404: FileTool.java:65 deleteOldFiles() ] - deleteOldFiles()-fileName:HomeMate_20170316165250.233.txt

03-30 10:34:49.971 10705 10797 D HomeMate: comm[ Thread-44404: FileTool.java:65 deleteOldFiles() ] - deleteOldFiles()-fileName:HomeMate_20170316165208.268.txt

03-30 10:34:49.971 10705 10797 D HomeMate: comm[ Thread-44404: FileTool.java:65 deleteOldFiles() ] - deleteOldFiles()-fileName:HomeMate_20170316165129.676.txt

03-30 10:34:49.971 10705 10797 D HomeMate: comm[ Thread-44404: FileTool.java:65 deleteOldFiles() ] - deleteOldFiles()-fileName:HomeMate_20170316165013.461.txt

03-30 10:34:49.972 10705 10797 D HomeMate: comm[ Thread-44404: FileTool.java:65 deleteOldFiles() ] - deleteOldFiles()-fileName:HomeMate_20170316164904.681.txt

03-30 10:34:49.972 10705 10797 D HomeMate: comm[ Thread-44404: FileTool.java:65 deleteOldFiles() ] - deleteOldFiles()-fileName:HomeMate_20170316164830.481.txt

03-30 10:34:49.972 10705 10797 D HomeMate: comm[ Thread-44404: FileTool.java:65 deleteOldFiles() ] - deleteOldFiles()-fileName:HomeMate_20170316164756.267.txt

03-30 10:34:49.973 10705 10797 D HomeMate: comm[ Thread-44404: FileTool.java:65 deleteOldFiles() ] - deleteOldFiles()-fileName:HomeMate_20170316164719.976.txt

03-30 10:34:49.973 10705 10797 D HomeMate: comm[ Thread-44404: FileTool.java:65 deleteOldFiles() ] - deleteOldFiles()-fileName:HomeMate_20170316164637.242.txt

03-30 10:34:49.974 10705 10705 D HomeMate: comm[ main: HomeFragment.java:382 doRefreshRooms() ] - HomeRefresh-do refresh

03-30 10:34:49.974 10705 10797 D HomeMate: comm[ Thread-44404: FileTool.java:65 deleteOldFiles() ] - deleteOldFiles()-fileName:HomeMate_20170316164545.565.txt

03-30 10:34:49.974 10705 10705 D HomeMate: allen[ main: HomeFragment.java:385 doRefreshRooms() ] - rooms:[Room{roomId='ea4205a93f1c46b4a6df9bb391513dd9', roomName='ÈªòËÆ§ÊàøÈó¥', floorId='714c9032b3ef488bbfe77bff438d53a4', roomType=0, sequence=0, isDefaultRoom=false, imgUrl='/storage/emulated/0/HomeMate/room/6_thumb'} BaseBo{delFlag=0, updateTime='0', createTime='0', updateTimeSec=0, uid='null', userName='null'}] selectRoomPosition:0

03-30 10:34:49.974 10705 10797 D HomeMate: comm[ Thread-44404: FileTool.java:65 deleteOldFiles() ] - deleteOldFiles()-fileName:HomeMate_20170316164434.118.txt

03-30 10:34:49.974 10705 10797 D HomeMate: comm[ Thread-44404: FileTool.java:65 deleteOldFiles() ] - deleteOldFiles()-fileName:HomeMate_20170316164357.153.txt

03-30 10:34:49.975 10705 10797 D HomeMate: comm[ Thread-44404: FileTool.java:65 deleteOldFiles() ] - deleteOldFiles()-fileName:HomeMate_20170316164324.603.txt

03-30 10:34:49.975 10705 10797 D HomeMate: comm[ Thread-44404: FileTool.java:65 deleteOldFiles() ] - deleteOldFiles()-fileName:HomeMate_20170316164222.699.txt

03-30 10:34:49.976 10705 10797 D HomeMate: comm[ Thread-44404: FileTool.java:65 deleteOldFiles() ] - deleteOldFiles()-fileName:HomeMate_20170316164059.740.txt

03-30 10:34:49.976 10705 10797 D HomeMate: comm[ Thread-44404: FileTool.java:65 deleteOldFiles() ] - deleteOldFiles()-fileName:HomeMate_20170316164000.538.txt

03-30 10:34:49.976 10705 10797 D HomeMate: comm[ Thread-44404: FileTool.java:65 deleteOldFiles() ] - deleteOldFiles()-fileName:HomeMate_20170316163928.231.txt

03-30 10:34:49.977 10705 10797 D HomeMate: comm[ Thread-44404: FileTool.java:65 deleteOldFiles() ] - deleteOldFiles()-fileName:HomeMate_20170316163802.063.txt

03-30 10:34:49.977 10705 10797 D HomeMate: comm[ Thread-44404: FileTool.java:65 deleteOldFiles() ] - deleteOldFiles()-fileName:HomeMate_20170316163729.162.txt

03-30 10:34:49.977 10705 10797 D HomeMate: comm[ Thread-44404: FileTool.java:65 deleteOldFiles() ] - deleteOldFiles()-fileName:HomeMate_20170316163654.626.txt

03-30 10:34:49.978 10705 10797 D HomeMate: comm[ Thread-44404: FileTool.java:65 deleteOldFiles() ] - deleteOldFiles()-fileName:HomeMate_20170316163304.030.txt

03-30 10:34:49.978 10705 10705 I HomeMate: comm[ main: BaseRequest.java:118 doRequestAsync() ] - registerEvent: com.orvibo.homemate.device.home.HomeRoomPresenter$1@ff8f5d8

03-30 10:34:49.978 10705 10797 D HomeMate: comm[ Thread-44404: FileTool.java:65 deleteOldFiles() ] - deleteOldFiles()-fileName:HomeMate_20170316162743.464.txt

03-30 10:34:49.978 10705 10797 D HomeMate: comm[ Thread-44404: FileTool.java:65 deleteOldFiles() ] - deleteOldFiles()-fileName:HomeMate_20170316162212.462.txt

03-30 10:34:49.979 10705 10797 D HomeMate: comm[ Thread-44404: FileTool.java:65 deleteOldFiles() ] - deleteOldFiles()-fileName:HomeMate_20170316161206.276.txt

03-30 10:34:49.979 10705 10797 D HomeMate: comm[ Thread-44404: FileTool.java:65 deleteOldFiles() ] - deleteOldFiles()-fileName:HomeMate_20170316154418.161.txt

03-30 10:34:49.979 10705 10797 D HomeMate: comm[ Thread-44404: FileTool.java:65 deleteOldFiles() ] - deleteOldFiles()-fileName:HomeMate_20170316154352.318.txt

03-30 10:34:49.979 10705 10705 D HomeMate: comm[ main: BaseRequest.java:978 saveSerial() ] - Record serial 464362571 on com.orvibo.homemate.device.home.HomeRoomPresenter$1@ff8f5d8

03-30 10:34:49.980 10705 10834 D HomeMate: comm[ pool-4-thread-2: MinaSocket.java:139 send() ] - target:server,position:server start request.requestConfig:RequestConfig{state=2, type=0, target=1, requestConf=RequestConf{totalCount=2, intervalTime=3500, lastTimeoutTime=5000}},messageLength:138

03-30 10:34:49.980 10705 10834 D HomeMate: sConnectFutures:{server=org.apache.mina.core.polling.AbstractPollingIoConnector$ConnectionRequest@1cafd9}

03-30 10:34:49.980 10705 10705 D HomeMate: allen[ main: HomeFragment.java:203 onStart() ] - onStart()

03-30 10:34:49.981 10705 10834 I HomeMate: comm[ pool-4-thread-2: CodecEncoder.java:44 encode() ] - encode()-ÁºñÁ†ÅÂÆåÊàê,ÂêëIP:/192.168.2.242:10001ÂÜôÊï∞Êç?(138):68,64,00,8a,64,6b,1a,7d,49,fb,31,33,66,38,36,38,36,64,62,35,30,34,34,62,39,38,61,66,37,39,33,36,37,31,34,63,31,37,37,63,66,39,7f,9a,1f,c3,03,fe,d4,ed,24,3f,0f,10,d0,42,19,dd,6c,48,60,7c,24,03,a8,ca,23,61,aa,4b,d6,cd,54,ea,5e,e9,8e,45,4e,e1,73,8c,13,dc,3d,39,4b,cc,26,e5,87,7f,8b,14,89,c7,ff,28,f2,3a,a7,5c,1c,b8,e0,cc,3b,28,db,82,4f,47,84,fd,91,04,4f,7c,ae,fd,11,05,5c,40,2f,5e,cf,53,dc,2a,fc,65,57,6c,e8,98,35,05

03-30 10:34:49.982 10705 10834 D HomeMate: comm[ pool-4-thread-2: MinaSocket.java:157 send() ] - isWritten:true,ioSession:(0x00000001: nio socket, client, /192.168.56.181:46844 => /192.168.2.242:10001)

03-30 10:34:49.982 10705 10797 D HomeMate: comm[ Thread-44404: FileTool.java:65 deleteOldFiles() ] - deleteOldFiles()-fileName:HomeMate_20170316154129.867.txt

03-30 10:34:49.983 10705 10834 V HomeMate: comm[ pool-4-thread-2: BaseRequest.java:180 onAsyncTick() ] - Send command:Command{

03-30 10:34:49.983 10705 10834 V HomeMate: uid='server'

03-30 10:34:49.983 10705 10834 V HomeMate: serial=464362571

03-30 10:34:49.983 10705 10834 V HomeMate: cmd=201

03-30 10:34:49.983 10705 10834 V HomeMate: crc='1A7D49FB'

03-30 10:34:49.983 10705 10834 V HomeMate: requestConfig=RequestConfig{state=2, type=0, target=1, requestConf=RequestConf{totalCount=2, intervalTime=3500, lastTimeoutTime=5000}}

03-30 10:34:49.983 10705 10834 V HomeMate: jsonObject={"userId":"91a31ba24648493aad89636922662c04","cmd":201,"serial":464362571,"ver":"2.3.0"}}

03-30 10:34:49.983 10705 10797 D HomeMate: comm[ Thread-44404: FileTool.java:65 deleteOldFiles() ] - deleteOldFiles()-fileName:HomeMate_20170316154058.933.txt

03-30 10:34:49.983 10705 10797 D HomeMate: comm[ Thread-44404: FileTool.java:65 deleteOldFiles() ] - deleteOldFiles()-fileName:HomeMate_20170316153913.732.txt

03-30 10:34:49.983 10705 10797 D HomeMate: comm[ Thread-44404: FileTool.java:65 deleteOldFiles() ] - deleteOldFiles()-fileName:HomeMate_20170316153809.712.txt

03-30 10:34:49.984 10705 10797 D HomeMate: comm[ Thread-44404: FileTool.java:65 deleteOldFiles() ] - deleteOldFiles()-fileName:HomeMate_20170316153718.424.txt

03-30 10:34:49.984 10705 10797 D HomeMate: comm[ Thread-44404: FileTool.java:65 deleteOldFiles() ] - deleteOldFiles()-fileName:HomeMate_20170316153558.131.txt

03-30 10:34:49.985 10705 10797 D HomeMate: comm[ Thread-44404: FileTool.java:65 deleteOldFiles() ] - deleteOldFiles()-fileName:HomeMate_20170316153454.463.txt

03-30 10:34:49.985 10705 10797 D HomeMate: comm[ Thread-44404: FileTool.java:65 deleteOldFiles() ] - deleteOldFiles()-fileName:HomeMate_20170316153353.346.txt

03-30 10:34:49.985 10705 10797 D HomeMate: comm[ Thread-44404: FileTool.java:65 deleteOldFiles() ] - deleteOldFiles()-fileName:HomeMate_20170316153240.537.txt

03-30 10:34:49.985 10705 10797 D HomeMate: comm[ Thread-44404: FileTool.java:65 deleteOldFiles() ] - deleteOldFiles()-fileName:HomeMate_20170316153134.718.txt

03-30 10:34:49.986 10705 10797 D HomeMate: comm[ Thread-44404: FileTool.java:65 deleteOldFiles() ] - deleteOldFiles()-fileName:HomeMate_20170316153013.807.txt

03-30 10:34:49.986 10705 10797 D HomeMate: comm[ Thread-44404: FileTool.java:65 deleteOldFiles() ] - deleteOldFiles()-fileName:HomeMate_20170316152916.779.txt

03-30 10:34:49.986 10705 10797 D HomeMate: comm[ Thread-44404: FileTool.java:65 deleteOldFiles() ] - deleteOldFiles()-fileName:HomeMate_20170316152821.894.txt

03-30 10:34:49.987 10705 10797 D HomeMate: comm[ Thread-44404: FileTool.java:65 deleteOldFiles() ] - deleteOldFiles()-fileName:HomeMate_20170316152746.035.txt

03-30 10:34:49.987 10705 10797 D HomeMate: comm[ Thread-44404: FileTool.java:65 deleteOldFiles() ] - deleteOldFiles()-fileName:HomeMate_20170316152710.752.txt

03-30 10:34:49.987 10705 10797 D HomeMate: comm[ Thread-44404: FileTool.java:65 deleteOldFiles() ] - deleteOldFiles()-fileName:HomeMate_20170316152627.283.txt

03-30 10:34:49.988 10705 10797 D HomeMate: comm[ Thread-44404: FileTool.java:65 deleteOldFiles() ] - deleteOldFiles()-fileName:HomeMate_20170316152532.124.txt

03-30 10:34:49.988 10705 10797 D HomeMate: comm[ Thread-44404: FileTool.java:65 deleteOldFiles() ] - deleteOldFiles()-fileName:HomeMate_20170316152420.296.txt

03-30 10:34:49.988 10705 10797 D HomeMate: comm[ Thread-44404: FileTool.java:65 deleteOldFiles() ] - deleteOldFiles()-fileName:HomeMate_20170316152342.707.txt

03-30 10:34:49.989 10705 10797 D HomeMate: comm[ Thread-44404: FileTool.java:65 deleteOldFiles() ] - deleteOldFiles()-fileName:HomeMate_20170316152309.404.txt

03-30 10:34:49.989 10705 10797 D HomeMate: comm[ Thread-44404: FileTool.java:65 deleteOldFiles() ] - deleteOldFiles()-fileName:HomeMate_20170316151643.318.txt

03-30 10:34:49.989 10705 10797 D HomeMate: comm[ Thread-44404: FileTool.java:65 deleteOldFiles() ] - deleteOldFiles()-fileName:HomeMate_20170316151520.667.txt

03-30 10:34:49.991 10705 10797 D HomeMate: comm[ Thread-44404: FileTool.java:65 deleteOldFiles() ] - deleteOldFiles()-fileName:HomeMate_20170316151446.775.txt

03-30 10:34:49.991 10705 10797 D HomeMate: comm[ Thread-44404: FileTool.java:65 deleteOldFiles() ] - deleteOldFiles()-fileName:HomeMate_20170316151412.891.txt

03-30 10:34:49.992 10705 10797 D HomeMate: comm[ Thread-44404: FileTool.java:65 deleteOldFiles() ] - deleteOldFiles()-fileName:HomeMate_20170316151329.913.txt

03-30 10:34:49.992 10705 10797 D HomeMate: comm[ Thread-44404: FileTool.java:65 deleteOldFiles() ] - deleteOldFiles()-fileName:HomeMate_20170316151234.532.txt

03-30 10:34:49.992 10705 10797 D HomeMate: comm[ Thread-44404: FileTool.java:65 deleteOldFiles() ] - deleteOldFiles()-fileName:HomeMate_20170316151121.638.txt

03-30 10:34:49.992 10705 10797 D HomeMate: comm[ Thread-44404: FileTool.java:65 deleteOldFiles() ] - deleteOldFiles()-fileName:HomeMate_20170316151044.337.txt

03-30 10:34:49.993 10705 10797 D HomeMate: comm[ Thread-44404: FileTool.java:65 deleteOldFiles() ] - deleteOldFiles()-fileName:HomeMate_20170316151008.804.txt

03-30 10:34:49.993 10705 10797 D HomeMate: comm[ Thread-44404: FileTool.java:65 deleteOldFiles() ] - deleteOldFiles()-fileName:HomeMate_20170316150931.925.txt

03-30 10:34:49.993 10705 10797 D HomeMate: comm[ Thread-44404: FileTool.java:65 deleteOldFiles() ] - deleteOldFiles()-fileName:HomeMate_20170316150858.065.txt

03-30 10:34:49.994 10705 10797 D HomeMate: comm[ Thread-44404: FileTool.java:65 deleteOldFiles() ] - deleteOldFiles()-fileName:HomeMate_20170316150400.945.txt

03-30 10:34:49.996 10705 10797 D HomeMate: comm[ Thread-44404: FileTool.java:65 deleteOldFiles() ] - deleteOldFiles()-fileName:HomeMate_20170316150052.126.txt

03-30 10:34:49.996 10705 10797 D HomeMate: comm[ Thread-44404: FileTool.java:65 deleteOldFiles() ] - deleteOldFiles()-fileName:HomeMate_20170316145945.765.txt

03-30 10:34:49.997 10705 10797 D HomeMate: comm[ Thread-44404: FileTool.java:65 deleteOldFiles() ] - deleteOldFiles()-fileName:HomeMate_20170316145754.903.txt

03-30 10:34:49.997 10705 10797 D HomeMate: comm[ Thread-44404: FileTool.java:65 deleteOldFiles() ] - deleteOldFiles()-fileName:HomeMate_20170316145745.663.txt

03-30 10:34:49.997 10705 10797 D HomeMate: comm[ Thread-44404: FileTool.java:65 deleteOldFiles() ] - deleteOldFiles()-fileName:HomeMate_20170316145700.005.txt

03-30 10:34:49.998 10705 10797 D HomeMate: comm[ Thread-44404: FileTool.java:65 deleteOldFiles() ] - deleteOldFiles()-fileName:HomeMate_20170316145650.791.txt

03-30 10:34:49.998 10705 10797 D HomeMate: comm[ Thread-44404: FileTool.java:65 deleteOldFiles() ] - deleteOldFiles()-fileName:HomeMate_20170316145527.688.txt

03-30 10:34:49.998 10705 10797 D HomeMate: comm[ Thread-44404: FileTool.java:65 deleteOldFiles() ] - deleteOldFiles()-fileName:HomeMate_20170316145335.194.txt

03-30 10:34:49.999 10705 10836 D HomeMate: comm[ NioProcessor-7: CodecDecoder.java:44 doDecode() ] - hd:6864,actualLen:1024

03-30 10:34:49.999 10705 10797 D HomeMate: comm[ Thread-44404: FileTool.java:65 deleteOldFiles() ] - deleteOldFiles()-fileName:HomeMate_20170316145247.284.txt

03-30 10:34:49.999 10705 10836 W HomeMate: comm[ NioProcessor-7: CodecDecoder.java:57 doDecode() ] - length is wrong.Êï∞ÊçÆÁöÑÊ?ªÈïøÂ∫¶Len[2618]ÔºåÂÆûÈôÖÊé•Êî∂Âà∞ÁöÑÈïøÂ∫¶actualLenÔº?1024

03-30 10:34:49.999 10705 10797 D HomeMate: comm[ Thread-44404: FileTool.java:65 deleteOldFiles() ] - deleteOldFiles()-fileName:HomeMate_20170316145159.805.txt

03-30 10:34:50.000 10705 10836 D HomeMate: comm[ NioProcessor-7: CodecDecoder.java:44 doDecode() ] - hd:6864,actualLen:1400

03-30 10:34:50.000 10705 10836 W HomeMate: comm[ NioProcessor-7: CodecDecoder.java:57 doDecode() ] - length is wrong.Êï∞ÊçÆÁöÑÊ?ªÈïøÂ∫¶Len[2618]ÔºåÂÆûÈôÖÊé•Êî∂Âà∞ÁöÑÈïøÂ∫¶actualLenÔº?1400

03-30 10:34:50.000 10705 10797 D HomeMate: comm[ Thread-44404: FileTool.java:65 deleteOldFiles() ] - deleteOldFiles()-fileName:HomeMate_20170316145151.584.txt

03-30 10:34:50.001 10705 10797 D HomeMate: comm[ Thread-44404: FileTool.java:65 deleteOldFiles() ] - deleteOldFiles()-fileName:HomeMate_20170316145028.870.txt

03-30 10:34:50.001 10705 10797 D HomeMate: comm[ Thread-44404: FileTool.java:65 deleteOldFiles() ] - deleteOldFiles()-fileName:HomeMate_20170316144843.077.txt

03-30 10:34:50.001 10705 10797 D HomeMate: comm[ Thread-44404: FileTool.java:65 deleteOldFiles() ] - deleteOldFiles()-fileName:HomeMate_20170316144753.840.txt

03-30 10:34:50.002 10705 10797 D HomeMate: comm[ Thread-44404: FileTool.java:65 deleteOldFiles() ] - deleteOldFiles()-fileName:HomeMate_20170316144024.483.txt

03-30 10:34:50.002 10705 10797 D HomeMate: comm[ Thread-44404: FileTool.java:65 deleteOldFiles() ] - deleteOldFiles()-fileName:HomeMate_20170316142256.989.txt

03-30 10:34:50.002 10705 10797 D HomeMate: comm[ Thread-44404: FileTool.java:65 deleteOldFiles() ] - deleteOldFiles()-fileName:HomeMate_20170316142207.161.txt

03-30 10:34:50.003 10705 10797 D HomeMate: comm[ Thread-44404: FileTool.java:65 deleteOldFiles() ] - deleteOldFiles()-fileName:HomeMate_20170316141907.168.txt

03-30 10:34:50.003 10705 10797 D HomeMate: comm[ Thread-44404: FileTool.java:65 deleteOldFiles() ] - deleteOldFiles()-fileName:HomeMate_20170316140416.611.txt

03-30 10:34:50.003 10705 10797 D HomeMate: comm[ Thread-44404: FileTool.java:65 deleteOldFiles() ] - deleteOldFiles()-fileName:HomeMate_20170316140006.572.txt

03-30 10:34:50.004 10705 10797 D HomeMate: comm[ Thread-44404: FileTool.java:65 deleteOldFiles() ] - deleteOldFiles()-fileName:HomeMate_20170316135144.870.txt

03-30 10:34:50.004 10705 10836 D HomeMate: comm[ NioProcessor-7: CodecDecoder.java:44 doDecode() ] - hd:6864,actualLen:2618

03-30 10:34:50.004 10705 10797 D HomeMate: comm[ Thread-44404: FileTool.java:65 deleteOldFiles() ] - deleteOldFiles()-fileName:HomeMate_20170316135102.412.txt

03-30 10:34:50.004 10705 10797 D HomeMate: comm[ Thread-44404: FileTool.java:65 deleteOldFiles() ] - deleteOldFiles()-fileName:HomeMate_20170316134859.954.txt

03-30 10:34:50.005 10705 10797 D HomeMate: comm[ Thread-44404: FileTool.java:65 deleteOldFiles() ] - deleteOldFiles()-fileName:HomeMate_20170316134055.408.txt

03-30 10:34:50.005 10705 10797 D HomeMate: comm[ Thread-44404: FileTool.java:65 deleteOldFiles() ] - deleteOldFiles()-fileName:HomeMate_20170316133543.248.txt

03-30 10:34:50.005 10705 10797 D HomeMate: comm[ Thread-44404: FileTool.java:65 deleteOldFiles() ] - deleteOldFiles()-fileName:HomeMate_20170316133523.547.txt

03-30 10:34:50.006 10705 10797 D HomeMate: comm[ Thread-44404: FileTool.java:65 deleteOldFiles() ] - deleteOldFiles()-fileName:HomeMate_20170316121416.818.txt

03-30 10:34:50.006 10705 10797 D HomeMate: comm[ Thread-44404: FileTool.java:65 deleteOldFiles() ] - deleteOldFiles()-fileName:HomeMate_20170316120535.140.txt

03-30 10:34:50.006 10705 10797 D HomeMate: comm[ Thread-44404: FileTool.java:65 deleteOldFiles() ] - deleteOldFiles()-fileName:HomeMate_20170316120435.944.txt

03-30 10:34:50.007 10705 10797 D HomeMate: comm[ Thread-44404: FileTool.java:65 deleteOldFiles() ] - deleteOldFiles()-fileName:HomeMate_20170316120336.486.txt

03-30 10:34:50.007 10705 10797 D HomeMate: comm[ Thread-44404: FileTool.java:65 deleteOldFiles() ] - deleteOldFiles()-fileName:HomeMate_20170316120046.100.txt

03-30 10:34:50.007 10705 10797 D HomeMate: comm[ Thread-44404: FileTool.java:65 deleteOldFiles() ] - deleteOldFiles()-fileName:HomeMate_20170316115130.744.txt

03-30 10:34:50.012 10705 10797 D HomeMate: comm[ Thread-44404: FileTool.java:65 deleteOldFiles() ] - deleteOldFiles()-fileName:HomeMate_20170316115039.244.txt

03-30 10:34:50.014 10705 10836 I HomeMate: comm[ NioProcessor-7: CodecDecoder.java:76 doDecode() ] - Êé•Êî∂Âà∞IP:192.168.2.242ÁöÑÊï∞ÊçÆÔºö68,64,a,3a,64,6b,e1,4e,e2,b,31,33,66,38,36,38,36,64,62,35,30,34,34,62,39,38,61,66,37,39,33,36,37,31,34,63,31,37,37,63,66,39,e8,fa,75,f1,53,80,7f,42,6e,bf,8d,cd,1b,47,50,f8,dc,de,88,30,3a,c0,55,33,88,e0,8,37,1b,33,da,23,f3,c,70,a6,d9,d3,86,ac,63,42,21,7c,ed,32,e4,46,51,81,78,87,5,64,47,79,d5,1,bf,1,56,f8,e1,30,e6,75,81,ba,f6,92,6d,8b,2d,eb,93,dc,7a,78,26,71,cc,7f,65,9e,d8,f9,ca,79,9f,99,94,7e,e4,54,71,ff,fb,16,b4,bc,98,df,ca,e,0,b2,52,a6,70,88,da,29,6,c0,b3,ac,83,f2,ed,f1,58,9e,4c,30,38,22,de,1f,72,74,29,32,b4,ae,1e,12,79,f7,a5,7f,3b,7e,1d,95,26,22,8e,d4,2a,97,ee,1d,a8,75,d5,de,81,aa,24,13,38,8,ba,9b,0,27,f3,d3,c9,32,4b,60,d,4e,9,5e,fe,2f,b5,80,d6,48,d6,20,cd,68,30,f8,e5,59,80,db,b2,6,67,94,4e,be,c7,55,41,1b,2f,5f,1e,6f,de,6a,ec,1a,dd,93,83,b6,81,b8,18,b8,a2,ab,ea,13,c,cb,f8,13,19,31,10,69,63,f1,48,7a,fe,9b,23,4e,db,f7,11,91,45,f1,cb,af,3,e7,78,4c,d9,ee,b0,da,2f,e2,9a,d4,32,8c,67,0,7b,e2,d1,5e,ea,dd,86,6,9e,9e,11,dd,5d,ae,f1,61,87,4,50,a3,65,15,bb,84,ac,d4,24,ce,97,10,8e,f4,a6,6f,65,3b,6e,e4,79,da,d8,51,71,5e,e0,c6,7f,f8,50,4a,3e,95,5c,21,10,cb,8a,44,be,1f,c1,58,9b,33,23,d1,ba,a2,5b,42,d9,bd,cb,64,1a,be,c0,79,83,fe,27,31,c4,26,7a,bf,6f,f3,d8,df,19,4d,ee,c6,a,7b,ed,8c,cc,e9,ce,cc,9,aa,8a,f2,f0,fd,34,10,d4,1e,1c,9f,d,a8,f9,eb,75,d2,96,f,96,28,df,16,e0,43,60,34,a0,2b,bc,f8,dc,e2,8c,f6,99,19,bd,40,45,42,36,52,e9,9a,81,ae,8a,c5,8d,86,ae,f1,67,6,13,0,9e,60,16,c9,17,cc,fe,e7,10,37,11,f4,cb,b0,9b,95,45,25,b9,cd,ac,be,d,da,86,87,b2,8,25,35,54,b5,d4,ea,8b,fa,87,2e,8a,e3,d6,11,3f,2d,67,5,c1,21,c,7a,67,8c,1d,10,a6,d3,20,c,66,48,f9,2d,39,f0,36,2c,f0,1b,f9,b,6e,9a,f6,a3,3e,a7,1a,f6,f1,27,2a,f4,c0,13,69,53,bc,17,cb,a9,fa,48,67,ea,a2,80,b7,44,c9,3c,a3,89,1b,b1,f6,4d,ab,b3,a3,55,c0,a9,ef,e0,c0,a1,2f,f7,fa,24,bc,1f,de,d7,b7,bd,bf,fc,64,d,ef,9c,52,b7,81,5a,62,f7,21,18,b5,11,1c,d4,8f,a9,3a,f3,10,a2,97,b5,55,c5,83,c4,1a,4a,3c,b9,5d,27,c9,3,cc,5b,a8,c4,f4,20,70,30,d2,7c,53,c0,8d,5e,fd,87,da,2b,29,b3,c,81,92,0,93,fa,78,fc,8b,6c,52,66,e0,3f,99,b3,dc,8c,60,21,4,48,a0,1e,21,3e,38,4,b5,72,b1,84,34,fe,e,c5,81,9b,63,d3,a3,82,3e,74,3c,e8,80,17,33,1,90,ff,39,9f,a7,73,a1,5b,bd,32,61,c,ef,6f,ec,a0,cd,c8,3e,1e,1d,f4,aa,9e,b7,e2,20,6b,4e,ee,3,b3,a5,4a,fb,25,f2,91,a6,69,a,9c,bd,e5,a5,87,88,20,12,ef,6b,22,81,c3,d3,a3,f1,92,67,c2,3b,33,6f,e8,9,28,fe,95,d1,a2,11,20,f9,7b,4a,4d,ee,40,0,93,8e,b3,6d,75,17,6e,3b,d0,83,2c,fa,50,9d,1b,5b,14,6c,72,13,72,26,23,72,26,c7,76,23,ec,e3,6b,5a,a6,74,af,d5,24,db,23,92,6f,f0,2d,c8,8c,47,2,49,fd,85,97,f8,91,af,11,25,6f,b7,ed,7b,2c,14,9,a9,e8,13,8d,ab,ee,20,59,30,a5,f9,2e,4a,b3,36,54,e1,1a,2,fb,3e,c6,c7,93,96,69,c4,fe,79,f6,4c,a1,7b,6d,a3,e0,12,8b,7c,d5,e6,96,6a,d2,ff,10,b5,37,6a,80,c1,bd,62,90,33,5e,7,8c,8e,1f,21,1e,c8,fc,a7,6e,1,1c,c0,4,13,8e,3b,a4,e,97,94,39,71,dc,99,9c,8e,13,5a,c3,d1,9c,dd,5f,4e,c9,7,d7,fb,55,e5,f0,62,3b,2a,54,5e,cf,e5,5c,44,aa,7d,ea,79,a2,78,e4,d2,18,8b,cb,de,49,a,e5,d2,23,3e,b0,2b,20,7c,da,a9,e7,19,ad,55,17,a3,1c,2e,3b,fe,97,d4,c6,84,10,d6,a9,77,60,fd,a1,cf,bd,f,58,a5,f2,28,e2,f1,c8,fa,b6,6d,55,f3,e1,8d,c9,a0,58,ab,c0,7c,e6,6b,e7,cd,ad,cb,7d,17,c5,c5,7e,98,70,60,42,35,5a,62,e2,ff,e1,94,b6,f,69,e,49,1c,90,fe,ae,3f,5f,83,d4,85,4f,17,ee,af,3b,85,49,e1,6b,8d,8a,1b,98,a,44,e1,a2,f0,32,a2,cc,44,e0,fc,53,a0,f9,45,c,a7,ec,14,44,82,7a,ed,bb,fb,26,24,36,8,b9,44,f1,d3,9a,a7,33,aa,33,e0,c4,40,24,64,8b,c3,a5,e1,3a,2b,cd,f3,a5,1f,16,5b,87,95,b,43,c4,db,6,a6,9d,22,5f,7c,8,6c,81,c9,6f,3b,bf,b2,8e,10,db,9f,4b,f2,35,29,a6,21,96,18,63,a1,df,f6,39,f1,f2,c,ac,41,62,90,80,be,e8,5d,58,aa,8f,ce,3e,58,f7,a4,b3,7e,30,34,21,f6,90,25,88,dc,84,39,d0,e6,b6,f2,72,ee,5c,2c,14,81,16,85,57,a5,c3,a1,28,54,95,70,99,45,8,e,18,1d,d0,dd,31,65,5f,f9,a6,ee,c5,6e,b,79,bb,b1,d0,44,4b,45,36,d6,43,56,f6,bd,fc,ea,d8,fc,bb,bc,11,72,9d,68,f,a2,b5,63,9c,1a,c0,74,93,4c,45,a5,4a,fb,25,f2,91,a6,69,a,9c,bd,e5,a5,87,88,20,12,ef,6b,22,81,c3,d3,a3,f1,92,67,c2,3b,33,6f,e8,9,28,fe,95,d1,a2,11,20,f9,7b,4a,4d,ee,40,0,93,36,44,cd,3a,37,2a,22,d6,45,8d,c,45,18,5,1b,74,6c,72,13,72,26,23,72,26,c7,76,23,ec,e3,6b,5a,a6,f0,5,b1,cf,3b,73,11,8d,93,a9,

03-30 10:34:50.014 10705 10797 D HomeMate: comm[ Thread-44404: FileTool.java:65 deleteOldFiles() ] - deleteOldFiles()-fileName:HomeMate_20170316114839.981.txt

03-30 10:34:50.014 10705 10837 I HomeMate: comm[ pool-5-thread-1: SocketUtil.java:70 progressMessage() ] - protocolType[dk],crc:E14EE20B,sessionId:13f8686db5044b98af7936714c177cf9,jsonLen:2576,ip:192.168.2.242,port:10001

03-30 10:34:50.015 10705 10837 I HomeMate: comm[ pool-5-thread-1: SocketUtil.java:108 progressMessage() ] - After decrypt json[{"cmd":201,"userId":"91a31ba24648493aad89636922662c04","ver":"2.3.0","serial":464362571,"status":0,"familyList":[{"email":"15079034630@126.com","phone":"","userName":"ahdhhddhhd","isAdmin":1,"familyId":"ea4205a93f1c46b4a6df9bb391513dd9","familyName":"ojrtx","creator":"91a31ba24648493aad89636922662c04","showIndex":1,"createTime":"2017-03-27 16:38:09","updateTime":"2017-03-30 10:31:48","longitude":"114.004849","latotide":"22.593931","country":"cn","city":"shenzhen","state":"guangdong","timeOffset":28800,"zoneOffset":28800,"delFlag":0},{"email":"15079034630@126.com","phone":"","userName":"ahdhhddhhd","isAdmin":1,"familyId":"7c9d5013119f46a2a89fe662794afe17","familyName":"gggy","creator":"91a31ba24648493aad89636922662c04","showIndex":2,"createTime":"2017-03-27 16:42:12","updateTime":"2017-03-28 19:54:38","longitude":"113.9997694882676","latotide":"22.59673235708171","country":"cn","city":"Ê∑±Âú≥Â∏?","state":"Âπø‰∏úÁú?","timeOffset":28800,"zoneOffset":28800,"delFlag":0},{"email":"15079034630@126.com","phone":"","userName":"ahdhhddhhd","isAdmin":1,"familyId":"2f2e636022b94e218b3c2f9756c65cc5","familyName":"f30ow","pic":"http://homemate.orvibo.com/images/family/decd605137a041d3943517d8943621bf.png","creator":"91a31ba24648493aad89636922662c04","showIndex":3,"createTime":"2017-03-27 17:37:58","updateTime":"2017-03-28 19:54:38","longitude":"113.9997694882676","latotide":"22.59673235708171","country":"cn","city":"Ê∑±Âú≥Â∏?","state":"Âπø‰∏úÁú?","timeOffset":28800,"zoneOffset":28800,"delFlag":0},{"email":"15079034630@126.com","phone":"","userName":"ahdhhddhhd","isAdmin":1,"familyId":"8a1ceb7b78034a539fbebe64efd979fc","familyName":"2fa1b","pic":"http://homemate.orvibo.com/images/family/5d1549631bde4bba877fa28498755239.png","creator":"91a31ba24648493aad89636922662c04","showIndex":4,"createTime":"2017-03-27 18:42:00","updateTime":"2017-03-28 19:54:38","longitude":"113.9997694882676","latotide":"22.59673235708171","country":"cn","city":"Ê∑±Âú≥Â∏?","state":"Âπø‰∏úÁú?","timeOffset":28800,"zoneOffset":28800,"delFlag":0},{"email":"15079034630@126.com","phone":"","userName":"ahdhhddhhd","isAdmin":1,"familyId":"dbc10e32ebe547cc932bce19fe63d2c1","familyName":"iu299","pic":"http://homemate.orvibo.com/images/family/783967619a144ff182042bce99002bb1.png","creator":"91a31ba24648493aad89636922662c04","showIndex":5,"createTime":"2017-03-27 19:02:47","updateTime":"2017-03-28 19:54:38","longitude":"113.9997694882676","latotide":"22.59673235708171","country":"cn","city":"Ê∑±Âú≥Â∏?","state":"Âπø‰∏úÁú?","timeOffset":28800,"zoneOffset":28800,"delFlag":0}]}]

03-30 10:34:50.015 10705 10797 D HomeMate: comm[ Thread-44404: FileTool.java:65 deleteOldFiles() ] - deleteOldFiles()-fileName:HomeMate_20170316114712.736.txt

03-30 10:34:50.015 10705 10847 D a       : stopMDNSSocket()-Stop mDns

03-30 10:34:50.015 10705 10797 D HomeMate: comm[ Thread-44404: FileTool.java:65 deleteOldFiles() ] - deleteOldFiles()-fileName:HomeMate_20170316114313.319.txt

03-30 10:34:50.016 10705 10797 D HomeMate: comm[ Thread-44404: FileTool.java:65 deleteOldFiles() ] - deleteOldFiles()-fileName:HomeMate_20170316114207.082.txt

03-30 10:34:50.016 10705 10797 D HomeMate: comm[ Thread-44404: FileTool.java:65 deleteOldFiles() ] - deleteOldFiles()-fileName:HomeMate_20170316114137.392.txt

03-30 10:34:50.016 10705 10846 E b       : run()-error:Socket closed

03-30 10:34:50.016 10705 10797 D HomeMate: comm[ Thread-44404: FileTool.java:65 deleteOldFiles() ] - deleteOldFiles()-fileName:HomeMate_20170316113834.210.txt

03-30 10:34:50.017 10705 10797 D HomeMate: comm[ Thread-44404: FileTool.java:65 deleteOldFiles() ] - deleteOldFiles()-fileName:HomeMate_20170316113015.880.txt

03-30 10:34:50.017 10705 10846 V b       : stopping network thread

03-30 10:34:50.017  3745  3745 D wpa_supplicant: wlan0: Control interface command 'DRIVER RXFILTER-STOP'

03-30 10:34:50.018  3745  3745 D wpa_supplicant: wpa_driver_nl80211_driver_cmd RXFILTER-STOP len = 0, 4096

03-30 10:34:50.018  3745  3745 D wpa_supplicant: CTRL-DEBUG: global_ctrl_sock-sendto: sock=11 sndbuf=163840 outq=0 send_len=3

03-30 10:34:50.018 10705 10797 D HomeMate: comm[ Thread-44404: FileTool.java:65 deleteOldFiles() ] - deleteOldFiles()-fileName:HomeMate_20170316092744.595.txt

03-30 10:34:50.018  3745  3745 D wpa_supplicant: wlan0: Control interface command 'DRIVER RXFILTER-REMOVE 2'

03-30 10:34:50.018  3745  3745 D wpa_supplicant: wpa_driver_nl80211_driver_cmd RXFILTER-REMOVE 2 len = 0, 4096

03-30 10:34:50.018  3745  3745 D wpa_supplicant: CTRL-DEBUG: global_ctrl_sock-sendto: sock=11 sndbuf=163840 outq=0 send_len=3

03-30 10:34:50.018 10705 10797 D HomeMate: comm[ Thread-44404: FileTool.java:65 deleteOldFiles() ] - deleteOldFiles()-fileName:HomeMate_20170316092726.953.txt

03-30 10:34:50.018  3745  3745 D wpa_supplicant: wlan0: Control interface command 'DRIVER RXFILTER-START'

03-30 10:34:50.018  3745  3745 D wpa_supplicant: wpa_driver_nl80211_driver_cmd RXFILTER-START len = 0, 4096

03-30 10:34:50.018  3745  3745 D wpa_supplicant: CTRL-DEBUG: global_ctrl_sock-sendto: sock=11 sndbuf=163840 outq=0 send_len=3

03-30 10:34:50.019 10705 10797 D HomeMate: comm[ Thread-44404: FileTool.java:65 deleteOldFiles() ] - deleteOldFiles()-fileName:HomeMate_20170316092643.657.txt

03-30 10:34:50.020 10705 10797 D HomeMate: comm[ Thread-44404: FileTool.java:65 deleteOldFiles() ] - deleteOldFiles()-fileName:HomeMate_20170316091839.183.txt

03-30 10:34:50.020 10705 10797 D HomeMate: comm[ Thread-44404: FileTool.java:65 deleteOldFiles() ] - deleteOldFiles()-fileName:HomeMate_20170316091738.272.txt

03-30 10:34:50.023 10705 10797 D HomeMate: comm[ Thread-44404: FileTool.java:65 deleteOldFiles() ] - deleteOldFiles()-fileName:HomeMate_20170316091633.423.txt

03-30 10:34:50.024 10705 10797 D HomeMate: comm[ Thread-44404: FileTool.java:65 deleteOldFiles() ] - deleteOldFiles()-fileName:HomeMate_20170316091425.668.txt

03-30 10:34:50.025 10705 10797 D HomeMate: comm[ Thread-44404: FileTool.java:65 deleteOldFiles() ] - deleteOldFiles()-fileName:HomeMate_20170316091229.575.txt

03-30 10:34:50.025 10705 10797 D HomeMate: comm[ Thread-44404: FileTool.java:65 deleteOldFiles() ] - deleteOldFiles()-fileName:HomeMate_20170315173126.134.txt

03-30 10:34:50.025 10705 10797 D HomeMate: comm[ Thread-44404: FileTool.java:65 deleteOldFiles() ] - deleteOldFiles()-fileName:HomeMate_20170315171549.562.txt

03-30 10:34:50.026 10705 10797 D HomeMate: comm[ Thread-44404: FileTool.java:65 deleteOldFiles() ] - deleteOldFiles()-fileName:HomeMate_20170315171828.864vicenter.db

03-30 10:34:50.026 10705 10797 D HomeMate: comm[ Thread-44404: FileTool.java:65 deleteOldFiles() ] - deleteOldFiles()-fileName:HomeMate_20170315171828.882device_desc.db

03-30 10:34:50.027 10705 10797 D HomeMate: comm[ Thread-44404: FileTool.java:65 deleteOldFiles() ] - deleteOldFiles()-fileName:HomeMate_20170315165906.597.txt

03-30 10:34:50.027 10705 10797 D HomeMate: comm[ Thread-44404: FileTool.java:65 deleteOldFiles() ] - deleteOldFiles()-fileName:HomeMate_20170315165624.582.txt

03-30 10:34:50.028 10705 10797 D HomeMate: comm[ Thread-44404: FileTool.java:65 deleteOldFiles() ] - deleteOldFiles()-fileName:HomeMate_20170315165544.887.txt

03-30 10:34:50.029 10705 10797 D HomeMate: comm[ Thread-44404: FileTool.java:65 deleteOldFiles() ] - deleteOldFiles()-fileName:HomeMate_20170315165252.714.txt

03-30 10:34:50.029 10705 10797 D HomeMate: comm[ Thread-44404: FileTool.java:65 deleteOldFiles() ] - deleteOldFiles()-fileName:HomeMate_20170315164919.774.txt

03-30 10:34:50.031 10705 10797 D HomeMate: comm[ Thread-44404: FileTool.java:65 deleteOldFiles() ] - deleteOldFiles()-fileName:HomeMate_20170315164847.440.txt

03-30 10:34:50.031 10705 10797 D HomeMate: comm[ Thread-44404: FileTool.java:65 deleteOldFiles() ] - deleteOldFiles()-fileName:HomeMate_20170315164810.974.txt

03-30 10:34:50.032 10705 10797 D HomeMate: comm[ Thread-44404: FileTool.java:65 deleteOldFiles() ] - deleteOldFiles()-fileName:HomeMate_20170315164733.745.txt

03-30 10:34:50.032 10705 10797 D HomeMate: comm[ Thread-44404: FileTool.java:65 deleteOldFiles() ] - deleteOldFiles()-fileName:HomeMate_20170315164542.557.txt

03-30 10:34:50.032 10705 10797 D HomeMate: comm[ Thread-44404: FileTool.java:65 deleteOldFiles() ] - deleteOldFiles()-fileName:HomeMate_20170315163845.434.txt

03-30 10:34:50.035 10705 10797 D HomeMate: comm[ Thread-44404: FileTool.java:65 deleteOldFiles() ] - deleteOldFiles()-fileName:HomeMate_20170315163835.782.txt

03-30 10:34:50.036 10705 10797 D HomeMate: comm[ Thread-44404: FileTool.java:65 deleteOldFiles() ] - deleteOldFiles()-fileName:HomeMate_20170315163631.082.txt

03-30 10:34:50.038 10705 10797 D HomeMate: comm[ Thread-44404: FileTool.java:65 deleteOldFiles() ] - deleteOldFiles()-fileName:HomeMate_20170315163541.621.txt

03-30 10:34:50.038 10705 10797 D HomeMate: comm[ Thread-44404: FileTool.java:65 deleteOldFiles() ] - deleteOldFiles()-fileName:HomeMate_20170315163344.789.txt

03-30 10:34:50.038 10705 10797 D HomeMate: comm[ Thread-44404: FileTool.java:65 deleteOldFiles() ] - deleteOldFiles()-fileName:HomeMate_20170315163205.896.txt

03-30 10:34:50.041 10705 10797 D HomeMate: comm[ Thread-44404: FileTool.java:65 deleteOldFiles() ] - deleteOldFiles()-fileName:HomeMate_20170315163119.479.txt

03-30 10:34:50.042 10705 10797 D HomeMate: comm[ Thread-44404: FileTool.java:65 deleteOldFiles() ] - deleteOldFiles()-fileName:HomeMate_20170315163034.965.txt

03-30 10:34:50.042 10705 10797 D HomeMate: comm[ Thread-44404: FileTool.java:65 deleteOldFiles() ] - deleteOldFiles()-fileName:HomeMate_20170315162947.937.txt

03-30 10:34:50.044 10705 10797 D HomeMate: comm[ Thread-44404: FileTool.java:65 deleteOldFiles() ] - deleteOldFiles()-fileName:HomeMate_20170315162901.748.txt

03-30 10:34:50.045 10705 10797 D HomeMate: comm[ Thread-44404: FileTool.java:65 deleteOldFiles() ] - deleteOldFiles()-fileName:HomeMate_20170315161847.017.txt

03-30 10:34:50.045 10705 10797 D HomeMate: comm[ Thread-44404: FileTool.java:65 deleteOldFiles() ] - deleteOldFiles()-fileName:HomeMate_20170315161734.602.txt

03-30 10:34:50.045 10705 10797 D HomeMate: comm[ Thread-44404: FileTool.java:65 deleteOldFiles() ] - deleteOldFiles()-fileName:HomeMate_20170315161723.566.txt

03-30 10:34:50.047   379   493 I ThermalEngine: Sensor:batt_temp:350 mC

03-30 10:34:50.056 10705 10797 D HomeMate: comm[ Thread-44404: FileTool.java:65 deleteOldFiles() ] - deleteOldFiles()-fileName:HomeMate_20170315161651.404.txt

03-30 10:34:50.057 10705 10797 D HomeMate: comm[ Thread-44404: FileTool.java:65 deleteOldFiles() ] - deleteOldFiles()-fileName:HomeMate_20170315161605.201.txt

03-30 10:34:50.058 10705 10797 D HomeMate: comm[ Thread-44404: FileTool.java:65 deleteOldFiles() ] - deleteOldFiles()-fileName:HomeMate_20170315161513.129.txt

03-30 10:34:50.059 10705 10797 D HomeMate: comm[ Thread-44404: FileTool.java:65 deleteOldFiles() ] - deleteOldFiles()-fileName:HomeMate_20170315161433.524.txt

03-30 10:34:50.060 10705 10797 D HomeMate: comm[ Thread-44404: FileTool.java:65 deleteOldFiles() ] - deleteOldFiles()-fileName:HomeMate_20170315161257.239.txt

03-30 10:34:50.062 10705 10797 D HomeMate: comm[ Thread-44404: FileTool.java:65 deleteOldFiles() ] - deleteOldFiles()-fileName:HomeMate_20170315161205.629.txt

03-30 10:34:50.062 10705 10797 D HomeMate: comm[ Thread-44404: FileTool.java:65 deleteOldFiles() ] - deleteOldFiles()-fileName:HomeMate_20170315161125.301.txt

03-30 10:34:50.062 10705 10797 D HomeMate: comm[ Thread-44404: FileTool.java:65 deleteOldFiles() ] - deleteOldFiles()-fileName:HomeMate_20170315160953.858.txt

03-30 10:34:50.063 10705 10797 D HomeMate: comm[ Thread-44404: FileTool.java:65 deleteOldFiles() ] - deleteOldFiles()-fileName:HomeMate_20170315160914.355.txt

03-30 10:34:50.063 10705 10797 D HomeMate: comm[ Thread-44404: FileTool.java:65 deleteOldFiles() ] - deleteOldFiles()-fileName:HomeMate_20170315160604.282.txt

03-30 10:34:50.070 10705 10797 D HomeMate: comm[ Thread-44404: FileTool.java:65 deleteOldFiles() ] - deleteOldFiles()-fileName:HomeMate_20170315160143.082.txt

03-30 10:34:50.070 10705 10797 D HomeMate: comm[ Thread-44404: FileTool.java:65 deleteOldFiles() ] - deleteOldFiles()-fileName:HomeMate_20170315155955.665.txt

03-30 10:34:50.070 10705 10797 D HomeMate: comm[ Thread-44404: FileTool.java:65 deleteOldFiles() ] - deleteOldFiles()-fileName:HomeMate_20170315155631.032.txt

03-30 10:34:50.071 10705 10797 D HomeMate: comm[ Thread-44404: FileTool.java:65 deleteOldFiles() ] - deleteOldFiles()-fileName:HomeMate_20170315155529.322.txt

03-30 10:34:50.071 10705 10797 D HomeMate: comm[ Thread-44404: FileTool.java:65 deleteOldFiles() ] - deleteOldFiles()-fileName:HomeMate_20170315155405.317.txt

03-30 10:34:50.071 10705 10797 D HomeMate: comm[ Thread-44404: FileTool.java:65 deleteOldFiles() ] - deleteOldFiles()-fileName:HomeMate_20170315154618.227.txt

03-30 10:34:50.072 10705 10797 D HomeMate: comm[ Thread-44404: FileTool.java:65 deleteOldFiles() ] - deleteOldFiles()-fileName:HomeMate_20170315154519.037.txt

03-30 10:34:50.072 10705 10797 D HomeMate: comm[ Thread-44404: FileTool.java:65 deleteOldFiles() ] - deleteOldFiles()-fileName:HomeMate_20170315154511.844.txt

03-30 10:34:50.072 10705 10797 D HomeMate: comm[ Thread-44404: FileTool.java:65 deleteOldFiles() ] - deleteOldFiles()-fileName:HomeMate_20170315153345.714.txt

03-30 10:34:50.073 10705 10797 D HomeMate: comm[ Thread-44404: FileTool.java:65 deleteOldFiles() ] - deleteOldFiles()-fileName:HomeMate_20170315153240.555.txt

03-30 10:34:50.073 10705 10797 D HomeMate: comm[ Thread-44404: FileTool.java:65 deleteOldFiles() ] - deleteOldFiles()-fileName:HomeMate_20170315145956.701.txt

03-30 10:34:50.074 10705 10797 D HomeMate: comm[ Thread-44404: FileTool.java:65 deleteOldFiles() ] - deleteOldFiles()-fileName:HomeMate_20170315145950.003.txt

03-30 10:34:50.074 10705 10797 D HomeMate: comm[ Thread-44404: FileTool.java:65 deleteOldFiles() ] - deleteOldFiles()-fileName:HomeMate_20170315142144.680.txt

03-30 10:34:50.074 10705 10797 D HomeMate: comm[ Thread-44404: FileTool.java:65 deleteOldFiles() ] - deleteOldFiles()-fileName:HomeMate_20170315142102.593.txt

03-30 10:34:50.075 10705 10797 D HomeMate: comm[ Thread-44404: FileTool.java:65 deleteOldFiles() ] - deleteOldFiles()-fileName:HomeMate_20170315135952.188.txt

03-30 10:34:50.075 10705 10797 D HomeMate: comm[ Thread-44404: FileTool.java:65 deleteOldFiles() ] - deleteOldFiles()-fileName:HomeMate_20170315135941.637.txt

03-30 10:34:50.075 10705 10797 D HomeMate: comm[ Thread-44404: FileTool.java:65 deleteOldFiles() ] - deleteOldFiles()-fileName:HomeMate_20170315135558.461.txt

03-30 10:34:50.076 10705 10797 D HomeMate: comm[ Thread-44404: FileTool.java:65 deleteOldFiles() ] - deleteOldFiles()-fileName:HomeMate_20170315133847.445.txt

03-30 10:34:50.076 10705 10797 D HomeMate: comm[ Thread-44404: FileTool.java:65 deleteOldFiles() ] - deleteOldFiles()-fileName:HomeMate_20170315125724.932.txt

03-30 10:34:50.076 10705 10797 D HomeMate: comm[ Thread-44404: FileTool.java:65 deleteOldFiles() ] - deleteOldFiles()-fileName:HomeMate_20170315125621.143.txt

03-30 10:34:50.077 10705 10797 D HomeMate: comm[ Thread-44404: FileTool.java:65 deleteOldFiles() ] - deleteOldFiles()-fileName:HomeMate_20170315125535.812.txt

03-30 10:34:50.077 10705 10797 D HomeMate: comm[ Thread-44404: FileTool.java:65 deleteOldFiles() ] - deleteOldFiles()-fileName:HomeMate_20170315125450.208.txt

03-30 10:34:50.077 10705 10797 D HomeMate: comm[ Thread-44404: FileTool.java:65 deleteOldFiles() ] - deleteOldFiles()-fileName:HomeMate_20170315125236.897.txt

03-30 10:34:50.078 10705 10797 D HomeMate: comm[ Thread-44404: FileTool.java:65 deleteOldFiles() ] - deleteOldFiles()-fileName:HomeMate_20170315124941.569.txt

03-30 10:34:50.078 10705 10797 D HomeMate: comm[ Thread-44404: FileTool.java:65 deleteOldFiles() ] - deleteOldFiles()-fileName:HomeMate_20170315124831.111.txt

03-30 10:34:50.078 10705 10797 D HomeMate: comm[ Thread-44404: FileTool.java:65 deleteOldFiles() ] - deleteOldFiles()-fileName:HomeMate_20170315124745.963.txt

03-30 10:34:50.079 10705 10797 D HomeMate: comm[ Thread-44404: FileTool.java:65 deleteOldFiles() ] - deleteOldFiles()-fileName:HomeMate_20170315124700.288.txt

03-30 10:34:50.079 10705 10797 D HomeMate: comm[ Thread-44404: FileTool.java:65 deleteOldFiles() ] - deleteOldFiles()-fileName:HomeMate_20170315124522.496.txt

03-30 10:34:50.079 10705 10797 D HomeMate: comm[ Thread-44404: FileTool.java:65 deleteOldFiles() ] - deleteOldFiles()-fileName:HomeMate_20170315124437.099.txt

03-30 10:34:50.080 10705 10797 D HomeMate: comm[ Thread-44404: FileTool.java:65 deleteOldFiles() ] - deleteOldFiles()-fileName:HomeMate_20170315124351.378.txt

03-30 10:34:50.080 10705 10797 D HomeMate: comm[ Thread-44404: FileTool.java:65 deleteOldFiles() ] - deleteOldFiles()-fileName:HomeMate_20170315123516.255.txt

03-30 10:34:50.080 10705 10797 D HomeMate: comm[ Thread-44404: FileTool.java:65 deleteOldFiles() ] - deleteOldFiles()-fileName:HomeMate_20170315123353.173.txt

03-30 10:34:50.081 10705 10797 D HomeMate: comm[ Thread-44404: FileTool.java:65 deleteOldFiles() ] - deleteOldFiles()-fileName:HomeMate_20170315123252.813.txt

03-30 10:34:50.081 10705 10797 D HomeMate: comm[ Thread-44404: FileTool.java:65 deleteOldFiles() ] - deleteOldFiles()-fileName:HomeMate_20170315123152.673.txt

03-30 10:34:50.082 10705 10797 D HomeMate: comm[ Thread-44404: FileTool.java:65 deleteOldFiles() ] - deleteOldFiles()-fileName:HomeMate_20170315123048.224.txt

03-30 10:34:50.082 10705 10797 D HomeMate: comm[ Thread-44404: FileTool.java:65 deleteOldFiles() ] - deleteOldFiles()-fileName:HomeMate_20170315122923.341.txt

