03-17 16:48:32.682 17661 17661 W AppWatcher: type=1400 audit(0.0:3066966): avc: denied { getattr } for path="/proc/34" dev="proc" ino=2557296 scontext=u:r:untrusted_app:s0:c512,c768 tcontext=u:r:kernel:s0 tclass=dir permissive=0

03-17 16:48:32.682 17661 17661 W AppWatcher: type=1400 audit(0.0:3066967): avc: denied { getattr } for path="/proc/61" dev="proc" ino=2557297 scontext=u:r:untrusted_app:s0:c512,c768 tcontext=u:r:kernel:s0 tclass=dir permissive=0

03-17 16:48:32.682 17661 17661 W AppWatcher: type=1400 audit(0.0:3066968): avc: denied { getattr } for path="/proc/62" dev="proc" ino=2557298 scontext=u:r:untrusted_app:s0:c512,c768 tcontext=u:r:kernel:s0 tclass=dir permissive=0

03-17 16:48:32.682 17661 17661 W AppWatcher: type=1400 audit(0.0:3066969): avc: denied { getattr } for path="/proc/63" dev="proc" ino=2557299 scontext=u:r:untrusted_app:s0:c512,c768 tcontext=u:r:kernel:s0 tclass=dir permissive=0

03-17 16:48:32.718  1534  1906 D AutomaticBrightnessController: drop the lightsensor event ,time=200336760 ,lux=4.4085236

03-17 16:48:32.957  1534  1534 E JavaBinder: !!! FAILED BINDER TRANSACTION !!!  (parcel size = 104)

03-17 16:48:32.961  1534  1534 E JavaBinder: !!! FAILED BINDER TRANSACTION !!!  (parcel size = 104)

03-17 16:48:32.963  1534  1534 E JavaBinder: !!! FAILED BINDER TRANSACTION !!!  (parcel size = 104)

03-17 16:48:32.966  1534  1534 E JavaBinder: !!! FAILED BINDER TRANSACTION !!!  (parcel size = 104)

03-17 16:48:33.266   370   482 I ThermalEngine: Sensor:batt_temp:371 mC

03-17 16:48:33.399  1534  1906 D AutomaticBrightnessController: drop the lightsensor event ,time=200337440 ,lux=18.368849

03-17 16:48:33.569  1534  1906 D AutomaticBrightnessController: drop the lightsensor event ,time=200337611 ,lux=3.6737695

03-17 16:48:33.739  1534  1906 D AutomaticBrightnessController: drop the lightsensor event ,time=200337780 ,lux=5.8780313

03-17 16:48:33.897 22823 22823 D wpa_supplicant: wlan0: Control interface command 'SIGNAL_POLL'

03-17 16:48:33.909  1534  1906 D AutomaticBrightnessController: drop the lightsensor event ,time=200337951 ,lux=3.6737695

03-17 16:48:33.915 22823 22823 D wpa_supplicant: CTRL-DEBUG: global_ctrl_sock-sendto: sock=11 sndbuf=163840 outq=0 send_len=48

03-17 16:48:34.078  1534  1906 D AutomaticBrightnessController: drop the lightsensor event ,time=200338120 ,lux=2.9390156

03-17 16:48:34.250  1534  1906 D AutomaticBrightnessController: drop the lightsensor event ,time=200338292 ,lux=1.4695078

03-17 16:48:34.267   370   482 I ThermalEngine: Sensor:batt_temp:371 mC

03-17 16:48:34.419  1534  1906 D AutomaticBrightnessController: drop the lightsensor event ,time=200338460 ,lux=3.6737695

03-17 16:48:34.589  1534  1906 D AutomaticBrightnessController: drop the lightsensor event ,time=200338630 ,lux=4.4085236

03-17 16:48:34.718  5869  5938 I octvm_klo: read wakeups from wakealarm_fd:1

03-17 16:48:34.718  5869  5938 I octvm_klo: new timerfd interval:

03-17 16:48:34.718  5869  5938 I octvm_klo: 	itval.it_interval.tv_sec 4, itval.it_interval.tv_nsec 0

03-17 16:48:34.718  5869  5938 I octvm_klo: 	itval.it_value.tv_sec 3, itval.it_value.tv_nsec 999991094

03-17 16:48:34.758  1534  1906 D AutomaticBrightnessController: drop the lightsensor event ,time=200338800 ,lux=2.9390156

03-17 16:48:34.929  1534  1906 D AutomaticBrightnessController: drop the lightsensor event ,time=200338970 ,lux=3.6737695

03-17 16:48:35.099  1534  1906 D AutomaticBrightnessController: drop the lightsensor event ,time=200339141 ,lux=2.2042618

03-17 16:48:35.268   370   482 I ThermalEngine: Sensor:batt_temp:371 mC

03-17 16:48:35.269  1534  1906 D AutomaticBrightnessController: drop the lightsensor event ,time=200339311 ,lux=2.9390156

03-17 16:48:35.438  1534  1906 D AutomaticBrightnessController: drop the lightsensor event ,time=200339480 ,lux=1.4695078

03-17 16:48:35.609  1534  1906 D AutomaticBrightnessController: drop the lightsensor event ,time=200339651 ,lux=2.2042618

03-17 16:48:35.779  1534  1906 D AutomaticBrightnessController: drop the lightsensor event ,time=200339820 ,lux=2.2042618

03-17 16:48:35.881 14192 14238 W System.err: Êó†Ê≥ïËÆøÈóÆÊàñÁΩëÁªú‰∏çÁ®≥ÂÆö

03-17 16:48:35.881 14192 14238 W System.err: 	at com.danale.video.sdk.http.impl.apache.ApacheHttpClient.readDataWithRetriesAndReportDanaleError(Unknown Source)

03-17 16:48:35.881 14192 14238 W System.err: 	at com.danale.video.sdk.http.impl.apache.ApacheHttpClient.execute(Unknown Source)

03-17 16:48:35.881 14192 14238 W System.err: 	at com.danale.video.sdk.utils.DnsAnalysisUtil.dnsAnalysisByDanale(Unknown Source)

03-17 16:48:35.881 14192 14238 W System.err: 	at com.danale.video.sdk.platform.entity.Session$7.doInBackground(Unknown Source)

03-17 16:48:35.881 14192 14238 W System.err: 	at com.danale.video.sdk.platform.entity.Session$7.doInBackground(Unknown Source)

03-17 16:48:35.881 14192 14238 W System.err: 	at com.danale.video.sdk.async.AsyncTask$2.call(Unknown Source)

03-17 16:48:35.881 14192 14238 W System.err: 	at java.util.concurrent.FutureTask.run(FutureTask.java:237)

03-17 16:48:35.881 14192 14238 W System.err: 	at java.util.concurrent.ThreadPoolExecutor.runWorker(ThreadPoolExecutor.java:1113)

03-17 16:48:35.881 14192 14238 W System.err: 	at java.util.concurrent.ThreadPoolExecutor$Worker.run(ThreadPoolExecutor.java:588)

03-17 16:48:35.881 14192 14238 W System.err: 	at java.lang.Thread.run(Thread.java:818)

03-17 16:48:35.882 14192 14238 W System.err: Caused by: org.apache.http.conn.ConnectTimeoutException: Connect to /54.93.73.119:443 timed out

03-17 16:48:35.882 14192 14238 W System.err: 	at org.apache.http.conn.scheme.PlainSocketFactory.connectSocket(PlainSocketFactory.java:126)

03-17 16:48:35.882 14192 14238 W System.err: 	at org.apache.http.impl.conn.DefaultClientConnectionOperator.openConnection(DefaultClientConnectionOperator.java:149)

03-17 16:48:35.882 14192 14238 W System.err: 	at org.apache.http.impl.conn.AbstractPoolEntry.open(AbstractPoolEntry.java:169)

03-17 16:48:35.882 14192 14238 W System.err: 	at org.apache.http.impl.conn.AbstractPooledConnAdapter.open(AbstractPooledConnAdapter.java:124)

03-17 16:48:35.882 14192 14238 W System.err: 	at org.apache.http.impl.client.DefaultRequestDirector.execute(DefaultRequestDirector.java:370)

03-17 16:48:35.882 14192 14238 W System.err: 	at org.apache.http.impl.client.AbstractHttpClient.execute(AbstractHttpClient.java:560)

03-17 16:48:35.882 14192 14238 W System.err: 	at org.apache.http.impl.client.AbstractHttpClient.execute(AbstractHttpClient.java:492)

03-17 16:48:35.882 14192 14238 W System.err: 	at org.apache.http.impl.client.AbstractHttpClient.execute(AbstractHttpClient.java:470)

03-17 16:48:35.882 14192 14238 W System.err: 	at com.danale.video.sdk.http.impl.apache.ApacheHttpClient.readDataWithRetriesAndReportDanaleError(Unknown Source)

03-17 16:48:35.882 14192 14238 W System.err: 	... 9 more

03-17 16:48:35.922 14124 14146 I art     : Background sticky concurrent mark sweep GC freed 307236(15MB) AllocSpace objects, 0(0B) LOS objects, 95% free, 677KB/16MB, paused 593us total 101.940ms

03-17 16:48:35.948  1534  1906 D AutomaticBrightnessController: drop the lightsensor event ,time=200339990 ,lux=2.9390156

03-17 16:48:36.118  1534  1906 D AutomaticBrightnessController: drop the lightsensor event ,time=200340160 ,lux=3.6737695

03-17 16:48:36.269   370   482 I ThermalEngine: Sensor:batt_temp:371 mC

03-17 16:48:36.289  1534  1906 D AutomaticBrightnessController: drop the lightsensor event ,time=200340330 ,lux=2.2042618

03-17 16:48:36.459  1534  1906 D AutomaticBrightnessController: drop the lightsensor event ,time=200340500 ,lux=3.6737695

03-17 16:48:36.629  1534  1906 D AutomaticBrightnessController: drop the lightsensor event ,time=200340671 ,lux=5.1432776

03-17 16:48:36.799  1534  1906 D AutomaticBrightnessController: drop the lightsensor event ,time=200340840 ,lux=5.1432776

03-17 16:48:36.925 22823 22823 D wpa_supplicant: wlan0: Control interface command 'SIGNAL_POLL'

03-17 16:48:36.941 22823 22823 D wpa_supplicant: CTRL-DEBUG: global_ctrl_sock-sendto: sock=11 sndbuf=163840 outq=0 send_len=48

03-17 16:48:36.968  1534  1906 D AutomaticBrightnessController: drop the lightsensor event ,time=200341010 ,lux=2.2042618

03-17 16:48:37.139  1534  1906 D AutomaticBrightnessController: drop the lightsensor event ,time=200341180 ,lux=3.6737695

03-17 16:48:37.271   370   482 I ThermalEngine: Sensor:batt_temp:371 mC

03-17 16:48:37.310  1534  1906 D AutomaticBrightnessController: drop the lightsensor event ,time=200341351 ,lux=7.347539

03-17 16:48:37.478  1534  1906 D AutomaticBrightnessController: drop the lightsensor event ,time=200341520 ,lux=7.347539

03-17 16:48:37.648  1534  1906 D AutomaticBrightnessController: drop the lightsensor event ,time=200341690 ,lux=3.6737695

03-17 16:48:37.819  1534  1906 D AutomaticBrightnessController: drop the lightsensor event ,time=200341860 ,lux=2.2042618

03-17 16:48:37.989  1534  1906 D AutomaticBrightnessController: drop the lightsensor event ,time=200342030 ,lux=2.2042618

03-17 16:48:38.158  1534  1906 D AutomaticBrightnessController: drop the lightsensor event ,time=200342200 ,lux=2.9390156

03-17 16:48:38.272   370   482 I ThermalEngine: Sensor:batt_temp:371 mC

03-17 16:48:38.329  1534  1906 D AutomaticBrightnessController: drop the lightsensor event ,time=200342370 ,lux=5.1432776

03-17 16:48:38.498  1534  1906 D AutomaticBrightnessController: drop the lightsensor event ,time=200342540 ,lux=5.1432776

03-17 16:48:38.668  1534  1906 D AutomaticBrightnessController: drop the lightsensor event ,time=200342710 ,lux=11.021309

03-17 16:48:38.718  5869  5938 I octvm_klo: read wakeups from wakealarm_fd:1

03-17 16:48:38.718  5869  5938 I octvm_klo: new timerfd interval:

03-17 16:48:38.718  5869  5938 I octvm_klo: 	itval.it_interval.tv_sec 4, itval.it_interval.tv_nsec 0

03-17 16:48:38.718  5869  5938 I octvm_klo: 	itval.it_value.tv_sec 3, itval.it_value.tv_nsec 999996771

03-17 16:48:38.839  1534  1906 D AutomaticBrightnessController: drop the lightsensor event ,time=200342881 ,lux=17.634094

03-17 16:48:39.008  1534  1906 D AutomaticBrightnessController: drop the lightsensor event ,time=200343050 ,lux=3.6737695

03-17 16:48:39.178  1534  1906 D AutomaticBrightnessController: drop the lightsensor event ,time=200343220 ,lux=9.551801

03-17 16:48:39.273   370   482 I ThermalEngine: Sensor:batt_temp:371 mC

03-17 16:48:39.348  1534  1906 D AutomaticBrightnessController: drop the lightsensor event ,time=200343390 ,lux=12.490817

03-17 16:48:39.518  1534  1906 D AutomaticBrightnessController: drop the lightsensor event ,time=200343560 ,lux=13.225571

03-17 16:48:39.689  1534  1906 D AutomaticBrightnessController: drop the lightsensor event ,time=200343731 ,lux=13.960325

03-17 16:48:39.859  1534  1906 D AutomaticBrightnessController: drop the lightsensor event ,time=200343900 ,lux=22.042618

03-17 16:48:39.945 22823 22823 D wpa_supplicant: wlan0: Control interface command 'SIGNAL_POLL'

03-17 16:48:39.960 22823 22823 D wpa_supplicant: CTRL-DEBUG: global_ctrl_sock-sendto: sock=11 sndbuf=163840 outq=0 send_len=48

03-17 16:48:39.995  3852  4239 I XiaomiFirewall: firewall pkgName:com.orvibo.homemate, result:0x0

03-17 16:48:40.031  1534  1906 D AutomaticBrightnessController: drop the lightsensor event ,time=200344073 ,lux=11.021309

03-17 16:48:40.199  1534  1906 D AutomaticBrightnessController: drop the lightsensor event ,time=200344240 ,lux=10.286555

03-17 16:48:40.274   370   482 I ThermalEngine: Sensor:batt_temp:371 mC

03-17 16:48:40.368  1534  1906 D AutomaticBrightnessController: drop the lightsensor event ,time=200344410 ,lux=4.4085236

03-17 16:48:40.539  1534  1906 D AutomaticBrightnessController: drop the lightsensor event ,time=200344580 ,lux=2.2042618

03-17 16:48:40.709  1534  1906 D AutomaticBrightnessController: drop the lightsensor event ,time=200344750 ,lux=8.0822935

03-17 16:48:40.879  1534  1906 D AutomaticBrightnessController: drop the lightsensor event ,time=200344921 ,lux=4.4085236

03-17 16:48:40.981  1534  1534 E JavaBinder: !!! FAILED BINDER TRANSACTION !!!  (parcel size = 104)

03-17 16:48:40.989  1534  1534 E JavaBinder: !!! FAILED BINDER TRANSACTION !!!  (parcel size = 104)

03-17 16:48:40.996  1534  1534 E JavaBinder: !!! FAILED BINDER TRANSACTION !!!  (parcel size = 104)

03-17 16:48:40.996  1534  1534 E JavaBinder: !!! FAILED BINDER TRANSACTION !!!  (parcel size = 104)

03-17 16:48:41.029 14192 14268 D UTAnalytics:CommitTask: pid:14192 check&commit event:65501,

03-17 16:48:41.034 14192 14277 D UTAnalytics:CommitTask: pid:14192 check&commit event:65502,

03-17 16:48:41.035 14192 14277 D UTAnalytics:CommitTask: pid:14192 next:65502,

03-17 16:48:41.035 14192 14277 D UTAnalytics:CommitTask: pid:14192 check&commit event:65503,

03-17 16:48:41.048 14192 14268 D UTAnalytics:CommitTask: pid:14192 next:65501,

03-17 16:48:41.049  1534  1906 D AutomaticBrightnessController: drop the lightsensor event ,time=200345091 ,lux=4.4085236

03-17 16:48:41.054 14192 14277 D UTAnalytics:CommitTask: pid:14192 next:65503,

03-17 16:48:41.060 14192 14268 D UTAnalytics:UTUtil: pid:14192 upload without flowback. args:{ARG1=feedback, counterData={"meta":{"sdk-version":"2.5.1_for_bc"},"data":[{"page":"feedback","monitorPoint":"getUnreadCountSuccess","count":1,"value":0}]}, USERNICK=, ARG2=getUnreadCountSuccess, EVENTID=65502, USERID=, ACCESS=Wi-Fi, ACCESS_SUBTYPE=Unknown},

03-17 16:48:41.060 14192 14268 D UTAnalytics:null: pid:14192 [sendToUT]: args:{ARG1=feedback, counterData={"meta":{"sdk-version":"2.5.1_for_bc"},"data":[{"page":"feedback","monitorPoint":"getUnreadCountSuccess","count":1,"value":0}]}, USERNICK=, ARG2=getUnreadCountSuccess, EVENTID=65502, USERID=, ACCESS=Wi-Fi, ACCESS_SUBTYPE=Unknown},

03-17 16:48:41.067 14192 14268 D UTAnalytics:UTDC: pid:14192 [commit] page:eventId:65502,arg1:feedback,arg2:getUnreadCountSuccess,arg3:args:{ARG1=feedback, counterData={"meta":{"sdk-version":"2.5.1_for_bc"},"data":[{"page":"feedback","monitorPoint":"getUnreadCountSuccess","count":1,"value":0}]}, USERNICK=, ARG2=getUnreadCountSuccess, EVENTID=65502, USERID=, ACCESS=Wi-Fi, ACCESS_SUBTYPE=Unknown},

03-17 16:48:41.078 14192 14268 D UTAnalytics:UTLog: pid:14192 Log [id=0, eventId=65502, index=],867451020054497||460015796275061||Xiaomi||MI NOTE LTE||1920*1080||Unknown||Wi-Fi||Unknown||null||23256401||2.3.0.201||-||-||-||-||zh||a||6.0.1||2.5.1_for_bc||1489740495991||WJfwe+sntC4DAAdSBLpxQDCW||mini||-||-||-||-||_ap=1_mac=02:00:00:00:00:00||1489740521067||-||65502||feedback||getUnreadCountSuccess||-||counterData={"meta":{"sdk-version":"2.5.1_for_bc"},"data":[{"page":"feedback","monitorPoint":"getUnreadCountSuccess","count":1,"value":0}]},

03-17 16:48:41.079 14192 14268 D UTAnalytics:LogStoreMgr: pid:14192 [add] :,

03-17 16:48:41.218  1534  1906 D AutomaticBrightnessController: drop the lightsensor event ,time=200345260 ,lux=2.9390156

03-17 16:48:41.275   370   482 I ThermalEngine: Sensor:batt_temp:371 mC

03-17 16:48:41.388  1534  1906 D AutomaticBrightnessController: drop the lightsensor event ,time=200345430 ,lux=3.6737695

03-17 16:48:41.558  1534  1906 D AutomaticBrightnessController: drop the lightsensor event ,time=200345600 ,lux=3.6737695

03-17 16:48:41.728  1534  1906 D AutomaticBrightnessController: drop the lightsensor event ,time=200345770 ,lux=13.225571

03-17 16:48:41.898  1534  1906 D AutomaticBrightnessController: drop the lightsensor event ,time=200345940 ,lux=1.4695078

03-17 16:48:42.006  1534  1534 E JavaBinder: !!! FAILED BINDER TRANSACTION !!!  (parcel size = 104)

03-17 16:48:42.016  1534  1534 E JavaBinder: !!! FAILED BINDER TRANSACTION !!!  (parcel size = 104)

03-17 16:48:42.020  1534  1534 E JavaBinder: !!! FAILED BINDER TRANSACTION !!!  (parcel size = 104)

03-17 16:48:42.025  1534  1534 E JavaBinder: !!! FAILED BINDER TRANSACTION !!!  (parcel size = 104)

03-17 16:48:42.070  1534  1906 D AutomaticBrightnessController: drop the lightsensor event ,time=200346112 ,lux=2.2042618

03-17 16:48:42.238  1534  1906 D AutomaticBrightnessController: drop the lightsensor event ,time=200346280 ,lux=1.4695078

03-17 16:48:42.276   370   482 I ThermalEngine: Sensor:batt_temp:371 mC

03-17 16:48:42.304  3852  4239 I XiaomiFirewall: firewall pkgName:com.xiaomi.shop, result:0x0

03-17 16:48:42.409  1534  1906 D AutomaticBrightnessController: drop the lightsensor event ,time=200346450 ,lux=3.6737695

03-17 16:48:42.579  1534  1906 D AutomaticBrightnessController: drop the lightsensor event ,time=200346620 ,lux=6.6127853

03-17 16:48:42.719  5869  5938 I octvm_klo: read wakeups from wakealarm_fd:1

03-17 16:48:42.719  5869  5938 I octvm_klo: new timerfd interval:

03-17 16:48:42.719  5869  5938 I octvm_klo: 	itval.it_interval.tv_sec 4, itval.it_interval.tv_nsec 0

03-17 16:48:42.719  5869  5938 I octvm_klo: 	itval.it_value.tv_sec 3, itval.it_value.tv_nsec 999996459

03-17 16:48:42.749  1534  1906 D AutomaticBrightnessController: drop the lightsensor event ,time=200346791 ,lux=5.1432776

03-17 16:48:42.919  1534  1906 D AutomaticBrightnessController: drop the lightsensor event ,time=200346961 ,lux=3.6737695

03-17 16:48:42.967 22823 22823 D wpa_supplicant: wlan0: Control interface command 'SIGNAL_POLL'

03-17 16:48:42.952 17661 17661 W AppWatcher: type=1400 audit(0.0:3067240): avc: denied { getattr } for path="/proc/opalum-temp-calib" dev="proc" ino=4026534627 scontext=u:r:untrusted_app:s0:c512,c768 tcontext=u:object_r:proc_opalum:s0 tclass=file permissive=0

03-17 16:48:42.952 17661 17661 W AppWatcher: type=1400 audit(0.0:3067241): avc: denied { getattr } for path="/proc/opalum-f0-calib" dev="proc" ino=4026534626 scontext=u:r:untrusted_app:s0:c512,c768 tcontext=u:object_r:proc_opalum:s0 tclass=file permissive=0

03-17 16:48:42.962 17661 17661 W AppWatcher: type=1400 audit(0.0:3067242): avc: denied { getattr } for path="/proc/sysrq-trigger" dev="proc" ino=4026533735 scontext=u:r:untrusted_app:s0:c512,c768 tcontext=u:object_r:proc_sysrq:s0 tclass=file permissive=0

03-17 16:48:42.972 17661 17661 W AppWatcher: type=1400 audit(0.0:3067243): avc: denied { getattr } for path="/proc/1" dev="proc" ino=8200 scontext=u:r:untrusted_app:s0:c512,c768 tcontext=u:r:init:s0 tclass=dir permissive=0

03-17 16:48:42.981 22823 22823 D wpa_supplicant: CTRL-DEBUG: global_ctrl_sock-sendto: sock=11 sndbuf=163840 outq=0 send_len=48

03-17 16:48:42.972 17661 17661 W AppWatcher: type=1400 audit(0.0:3067244): avc: denied { getattr } for path="/proc/2" dev="proc" ino=2557283 scontext=u:r:untrusted_app:s0:c512,c768 tcontext=u:r:kernel:s0 tclass=dir permissive=0

03-17 16:48:42.972 17661 17661 W AppWatcher: type=1400 audit(0.0:3067245): avc: denied { getattr } for path="/proc/3" dev="proc" ino=2557284 scontext=u:r:untrusted_app:s0:c512,c768 tcontext=u:r:kernel:s0 tclass=dir permissive=0

03-17 16:48:42.972 17661 17661 W AppWatcher: type=1400 audit(0.0:3067246): avc: denied { getattr } for path="/proc/6" dev="proc" ino=2557286 scontext=u:r:untrusted_app:s0:c512,c768 tcontext=u:r:kernel:s0 tclass=dir permissive=0

03-17 16:48:42.982 17661 17661 W AppWatcher: type=1400 audit(0.0:3067247): avc: denied { getattr } for path="/proc/7" dev="proc" ino=2557287 scontext=u:r:untrusted_app:s0:c512,c768 tcontext=u:r:kernel:s0 tclass=dir permissive=0

03-17 16:48:42.982 17661 17661 W AppWatcher: type=1400 audit(0.0:3067248): avc: denied { getattr } for path="/proc/8" dev="proc" ino=2557288 scontext=u:r:untrusted_app:s0:c512,c768 tcontext=u:r:kernel:s0 tclass=dir permissive=0

03-17 16:48:42.982 17661 17661 W AppWatcher: type=1400 audit(0.0:3067249): avc: denied { getattr } for path="/proc/21" dev="proc" ino=2557289 scontext=u:r:untrusted_app:s0:c512,c768 tcontext=u:r:kernel:s0 tclass=dir permissive=0

03-17 16:48:42.982 17661 17661 W AppWatcher: type=1400 audit(0.0:3067250): avc: denied { getattr } for path="/proc/22" dev="proc" ino=2557290 scontext=u:r:untrusted_app:s0:c512,c768 tcontext=u:r:kernel:s0 tclass=dir permissive=0

03-17 16:48:42.982 17661 17661 W AppWatcher: type=1400 audit(0.0:3067251): avc: denied { getattr } for path="/proc/28" dev="proc" ino=2557291 scontext=u:r:untrusted_app:s0:c512,c768 tcontext=u:r:kernel:s0 tclass=dir permissive=0

03-17 16:48:42.992 17661 17661 W AppWatcher: type=1400 audit(0.0:3067252): avc: denied { getattr } for path="/proc/29" dev="proc" ino=2557292 scontext=u:r:untrusted_app:s0:c512,c768 tcontext=u:r:kernel:s0 tclass=dir permissive=0

03-17 16:48:42.992 17661 17661 W AppWatcher: type=1400 audit(0.0:3067253): avc: denied { getattr } for path="/proc/30" dev="proc" ino=2557293 scontext=u:r:untrusted_app:s0:c512,c768 tcontext=u:r:kernel:s0 tclass=dir permissive=0

03-17 16:48:42.992 17661 17661 W AppWatcher: type=1400 audit(0.0:3067254): avc: denied { getattr } for path="/proc/32" dev="proc" ino=2557294 scontext=u:r:untrusted_app:s0:c512,c768 tcontext=u:r:kernel:s0 tclass=dir permissive=0

03-17 16:48:43.002 17661 17661 W AppWatcher: type=1400 audit(0.0:3067255): avc: denied { getattr } for path="/proc/33" dev="proc" ino=2557295 scontext=u:r:untrusted_app:s0:c512,c768 tcontext=u:r:kernel:s0 tclass=dir permissive=0

03-17 16:48:43.002 17661 17661 W AppWatcher: type=1400 audit(0.0:3067256): avc: denied { getattr } for path="/proc/34" dev="proc" ino=2557296 scontext=u:r:untrusted_app:s0:c512,c768 tcontext=u:r:kernel:s0 tclass=dir permissive=0

03-17 16:48:43.012 17661 17661 W AppWatcher: type=1400 audit(0.0:3067257): avc: denied { getattr } for path="/proc/61" dev="proc" ino=2557297 scontext=u:r:untrusted_app:s0:c512,c768 tcontext=u:r:kernel:s0 tclass=dir permissive=0

03-17 16:48:43.012 17661 17661 W AppWatcher: type=1400 audit(0.0:3067258): avc: denied { getattr } for path="/proc/62" dev="proc" ino=2557298 scontext=u:r:untrusted_app:s0:c512,c768 tcontext=u:r:kernel:s0 tclass=dir permissive=0

03-17 16:48:43.012 17661 17661 W AppWatcher: type=1400 audit(0.0:3067259): avc: denied { getattr } for path="/proc/63" dev="proc" ino=2557299 scontext=u:r:untrusted_app:s0:c512,c768 tcontext=u:r:kernel:s0 tclass=dir permissive=0

03-17 16:48:43.036  1534  1534 E JavaBinder: !!! FAILED BINDER TRANSACTION !!!  (parcel size = 104)

03-17 16:48:43.039  1534  1534 E JavaBinder: !!! FAILED BINDER TRANSACTION !!!  (parcel size = 104)

03-17 16:48:43.039  1534  1534 E JavaBinder: !!! FAILED BINDER TRANSACTION !!!  (parcel size = 104)

03-17 16:48:43.039  1534  1534 E JavaBinder: !!! FAILED BINDER TRANSACTION !!!  (parcel size = 104)

03-17 16:48:43.089  1534  1906 D AutomaticBrightnessController: drop the lightsensor event ,time=200347130 ,lux=1.4695078

03-17 16:48:43.258  1534  1906 D AutomaticBrightnessController: drop the lightsensor event ,time=200347300 ,lux=2.2042618

03-17 16:48:43.277   370   482 I ThermalEngine: Sensor:batt_temp:371 mC

03-17 16:48:43.429  1534  1906 D AutomaticBrightnessController: drop the lightsensor event ,time=200347471 ,lux=3.6737695

03-17 16:48:43.599  1534  1906 D AutomaticBrightnessController: drop the lightsensor event ,time=200347640 ,lux=1.4695078

03-17 16:48:43.768  1534  1906 D AutomaticBrightnessController: drop the lightsensor event ,time=200347810 ,lux=1.4695078

03-17 16:48:43.836 14192 14277 D UTAnalytics:LogStoreMgr: pid:14192 [store],

03-17 16:48:43.862 14192 14277 D UTAnalytics:UTSqliteLogStore: pid:14192 [insert] ,, isSuccess:true,ret,2328,

03-17 16:48:43.895 14192 14277 D UTAnalytics:UTSqliteLogStore: pid:14192 sql:SELECT * FROM log ORDER BY time ASC  LIMIT 20,

03-17 16:48:43.896 14192 14277 D UTAnalytics:UTSqliteLogStore: pid:14192 pos,0,count,4,

03-17 16:48:43.901 14192 14277 D UTAnalytics:UTSqliteLogStore: pid:14192 pos,1,count,4,

03-17 16:48:43.901 14192 14277 D UTAnalytics:UTSqliteLogStore: pid:14192 pos,2,count,4,

03-17 16:48:43.901 14192 14277 D UTAnalytics:UTSqliteLogStore: pid:14192 pos,3,count,4,

03-17 16:48:43.905 14192 14277 D UTAnalytics:LogStoreMgr: pid:14192 [get],[Log [id=2325, eventId=19999, index=], Log [id=2326, eventId=19999, index=], Log [id=2327, eventId=2001, index=], Log [id=2328, eventId=65502, index=]],

03-17 16:48:43.918 14192 14277 D UTAnalytics:UploadTask: pid:14192 averagePackageSize:196.0,

03-17 16:48:43.938  1534  1906 D AutomaticBrightnessController: drop the lightsensor event ,time=200347980 ,lux=5.1432776

03-17 16:48:44.049  1534  1534 E JavaBinder: !!! FAILED BINDER TRANSACTION !!!  (parcel size = 104)

03-17 16:48:44.053  1534  1534 E JavaBinder: !!! FAILED BINDER TRANSACTION !!!  (parcel size = 104)

03-17 16:48:44.054  1534  1534 E JavaBinder: !!! FAILED BINDER TRANSACTION !!!  (parcel size = 104)

03-17 16:48:44.055  1534  1534 E JavaBinder: !!! FAILED BINDER TRANSACTION !!!  (parcel size = 104)

03-17 16:48:44.108  1534  1906 D AutomaticBrightnessController: drop the lightsensor event ,time=200348150 ,lux=3.6737695

03-17 16:48:44.181 14192 14277 W System.err: java.lang.reflect.InvocationTargetException

03-17 16:48:44.182 14192 14277 W System.err: 	at java.lang.reflect.Method.invoke(Native Method)

03-17 16:48:44.182 14192 14277 W System.err: 	at com.alibaba.mtl.log.sign.SecurityRequestAuth.getSign(SecurityRequestAuth.java:135)

03-17 16:48:44.182 14192 14277 W System.err: 	at com.alibaba.mtl.log.e.t.a(UrlWrapper.java:204)

03-17 16:48:44.182 14192 14277 W System.err: 	at com.alibaba.mtl.log.e.t.a(UrlWrapper.java:58)

03-17 16:48:44.182 14192 14277 W System.err: 	at com.alibaba.mtl.log.d.b.M(UploadTask.java:136)

03-17 16:48:44.182 14192 14277 W System.err: 	at com.alibaba.mtl.log.d.b.run(UploadTask.java:52)

03-17 16:48:44.182 14192 14277 W System.err: 	at java.util.concurrent.Executors$RunnableAdapter.call(Executors.java:423)

03-17 16:48:44.182 14192 14277 W System.err: 	at java.util.concurrent.FutureTask.run(FutureTask.java:237)

03-17 16:48:44.182 14192 14277 W System.err: 	at java.util.concurrent.ThreadPoolExecutor.runWorker(ThreadPoolExecutor.java:1113)

03-17 16:48:44.182 14192 14277 W System.err: 	at java.util.concurrent.ThreadPoolExecutor$Worker.run(ThreadPoolExecutor.java:588)

03-17 16:48:44.183 14192 14277 W System.err: 	at java.lang.Thread.run(Thread.java:818)

03-17 16:48:44.183 14192 14277 W System.err: Caused by: com.alibaba.wireless.security.open.SecException: 

03-17 16:48:44.183 14192 14277 W System.err: 	at com.taobao.wireless.security.adapter.JNICLibrary.doCommandNative(Native Method)

03-17 16:48:44.183 14192 14277 W System.err: 	at com.alibaba.wireless.security.mainplugin.a.doCommandNative(Unknown Source)

03-17 16:48:44.183 14192 14277 W System.err: 	at com.taobao.wireless.security.adapter.b.b.b(Unknown Source)

03-17 16:48:44.183 14192 14277 W System.err: 	at com.taobao.wireless.security.adapter.b.b.a(Unknown Source)

03-17 16:48:44.183 14192 14277 W System.err: 	at com.taobao.wireless.security.adapter.b.b.a(Unknown Source)

03-17 16:48:44.183 14192 14277 W System.err: 	at com.alibaba.wireless.security.a.h.a.signRequest(Unknown Source)

03-17 16:48:44.183 14192 14277 W System.err: 	... 11 more

03-17 16:48:44.199  3852  4239 I XiaomiFirewall: firewall pkgName:com.orvibo.homemate, result:0x0

03-17 16:48:44.278   370   482 I ThermalEngine: Sensor:batt_temp:371 mC

03-17 16:48:44.278  1534  1906 D AutomaticBrightnessController: drop the lightsensor event ,time=200348320 ,lux=2.2042618

03-17 16:48:44.410 14192 14277 D UTAnalytics:UploadTask: pid:14192 url:http://adashbc.m.taobao.com/rest/sur?ak=23256401&av=2.3.0.201&c=null&v=3.0&s=&d=WJfwe%2BsntC4DAAdSBLpxQDCW&sv=2.5.1_for_bc&p=a&t=1489740523932&u=&is=1&k=0,

03-17 16:48:44.414 14192 14277 D UTAnalytics:UploadTask: pid:14192 result:{"t":1489740523969,"ret":"","success":"success"}

03-17 16:48:44.414 14192 14277 D UTAnalytics:UploadTask: ,

03-17 16:48:44.415 14192 14277 D UTAnalytics:UploadTask: pid:14192 winsize:350,

03-17 16:48:44.415 14192 14277 D UTAnalytics:LogStoreMgr: pid:14192 [Log [id=2325, eventId=19999, index=], Log [id=2326, eventId=19999, index=], Log [id=2327, eventId=2001, index=], Log [id=2328, eventId=65502, index=]],

03-17 16:48:44.440 14192 14277 D UTAnalytics:UTSqliteLogStore: pid:14192 delete ,4, isSuccess:true,

03-17 16:48:44.440 14192 14277 D UTAnalytics:CoreStatics: pid:14192 [uploadInc]:0,count:4,

03-17 16:48:44.440 14192 14277 D UTAnalytics:CoreStatics: pid:14192 [uploadInc]:4,

03-17 16:48:44.441 14192 14277 D UTAnalytics:UploadTask: pid:14192 logs.size():4, selfMonitorLogCount:0,

03-17 16:48:44.441 14192 14277 D UTAnalytics:UploadTask: pid:14192 upload isSendSuccess:true, consume:496, delete consume:26,

03-17 16:48:44.448  1534  1906 D AutomaticBrightnessController: drop the lightsensor event ,time=200348490 ,lux=5.8780313

03-17 16:48:44.471  3968  3968 I PowerSaveService: Update connected notification, charging true

03-17 16:48:44.477  3580  8870 D StatusBar: onNotificationPosted:  Key: 0|com.miui.securitycenter|2131296947|null|1000 GroupKey: 0|com.miui.securitycenter|2131296947|null|1000 Connected: true

03-17 16:48:44.477  3580  3580 D StatusBar:  GroupChild: false  GroupsContainsKey: false  IsUpdate: true IsGroupSummary: false hasIcon: true

03-17 16:48:44.478  3580  3580 D PhoneStatusBar: updateNotification pkg=com.miui.securitycenter;id=2131296947

03-17 16:48:44.491 14124 14148 V MiuiFeatureUtils: Loaded and parsed feature configure file successfully

03-17 16:48:44.493 14124 14148 W MiuiFeatureUtils: Failed to get system feature DumpBitmapInfo

03-17 16:48:44.618  1534  1906 D AutomaticBrightnessController: drop the lightsensor event ,time=200348660 ,lux=2.9390156

03-17 16:48:44.789  1534  1906 D AutomaticBrightnessController: drop the lightsensor event ,time=200348830 ,lux=8.0822935

03-17 16:48:44.960  1534  1906 D AutomaticBrightnessController: drop the lightsensor event ,time=200349002 ,lux=1.4695078

03-17 16:48:45.062  1534  1534 E JavaBinder: !!! FAILED BINDER TRANSACTION !!!  (parcel size = 104)

03-17 16:48:45.071 14192 14247 D NAT     : SYMMETRIC_NAT

03-17 16:48:45.073 14192 14247 D NAT     : call void method before

03-17 16:48:45.074 14192 14247 D NAT     : call void method after

03-17 16:48:45.083  1534  1534 E JavaBinder: !!! FAILED BINDER TRANSACTION !!!  (parcel size = 104)

03-17 16:48:45.087  1534  1534 E JavaBinder: !!! FAILED BINDER TRANSACTION !!!  (parcel size = 104)

03-17 16:48:45.087  1534  1534 E JavaBinder: !!! FAILED BINDER TRANSACTION !!!  (parcel size = 104)

03-17 16:48:45.131  1534  1906 D AutomaticBrightnessController: drop the lightsensor event ,time=200349172 ,lux=3.6737695

03-17 16:48:45.279   370   482 I ThermalEngine: Sensor:batt_temp:371 mC

03-17 16:48:45.299  1534  1906 D AutomaticBrightnessController: drop the lightsensor event ,time=200349341 ,lux=2.2042618

03-17 16:48:45.470  1534  1906 D AutomaticBrightnessController: drop the lightsensor event ,time=200349512 ,lux=2.2042618

03-17 16:48:45.599 14192 14277 D UTAnalytics:LogStoreMgr: pid:14192 [store],

03-17 16:48:45.638  1534  1906 D AutomaticBrightnessController: drop the lightsensor event ,time=200349680 ,lux=1.4695078

03-17 16:48:45.653 14192 14277 D UTAnalytics:UTSqliteLogStore: pid:14192 sql:SELECT * FROM log ORDER BY time ASC  LIMIT 350,

03-17 16:48:45.659 14192 14277 D UTAnalytics:LogStoreMgr: pid:14192 [get],[],

03-17 16:48:45.665 14192 14277 D UTAnalytics:UploadEngine: pid:14192 UTDC.bBackground:false,AppInfoUtil.isForeground(UTDC.getContext()) ,true,

03-17 16:48:45.670 14192 14277 D UTAnalytics:UploadTask: pid:14192 mPeriod:30000,

03-17 16:48:45.810  1534  1906 D AutomaticBrightnessController: drop the lightsensor event ,time=200349852 ,lux=4.4085236

03-17 16:48:45.979  1534  1906 D AutomaticBrightnessController: drop the lightsensor event ,time=200350021 ,lux=3.6737695

03-17 16:48:45.995 22823 22823 D wpa_supplicant: wlan0: Control interface command 'SIGNAL_POLL'

03-17 16:48:46.010 22823 22823 D wpa_supplicant: CTRL-DEBUG: global_ctrl_sock-sendto: sock=11 sndbuf=163840 outq=0 send_len=48

03-17 16:48:46.087 14192 14268 D UTAnalytics:LogStoreMgr: pid:14192 [store],

03-17 16:48:46.096  1534  1534 E JavaBinder: !!! FAILED BINDER TRANSACTION !!!  (parcel size = 104)

03-17 16:48:46.097  1534  1534 E JavaBinder: !!! FAILED BINDER TRANSACTION !!!  (parcel size = 104)

03-17 16:48:46.113  1534  1534 E JavaBinder: !!! FAILED BINDER TRANSACTION !!!  (parcel size = 104)

03-17 16:48:46.119  1534  1534 E JavaBinder: !!! FAILED BINDER TRANSACTION !!!  (parcel size = 104)

03-17 16:48:46.148  1534  1906 D AutomaticBrightnessController: drop the lightsensor event ,time=200350190 ,lux=2.2042618

03-17 16:48:46.281   370   482 I ThermalEngine: Sensor:batt_temp:371 mC

03-17 16:48:46.318  1534  1906 D AutomaticBrightnessController: drop the lightsensor event ,time=200350360 ,lux=4.4085236

03-17 16:48:46.489  1534  1906 D AutomaticBrightnessController: drop the lightsensor event ,time=200350531 ,lux=5.1432776

03-17 16:48:46.658  1534  1906 D AutomaticBrightnessController: drop the lightsensor event ,time=200350700 ,lux=2.9390156

03-17 16:48:46.719  5869  5938 I octvm_klo: read wakeups from wakealarm_fd:1

03-17 16:48:46.719  5869  5938 I octvm_klo: new timerfd interval:

03-17 16:48:46.719  5869  5938 I octvm_klo: 	itval.it_interval.tv_sec 4, itval.it_interval.tv_nsec 0

03-17 16:48:46.719  5869  5938 I octvm_klo: 	itval.it_value.tv_sec 3, itval.it_value.tv_nsec 999996563

03-17 16:48:46.829  1534  1906 D AutomaticBrightnessController: drop the lightsensor event ,time=200350870 ,lux=2.2042618

03-17 16:48:46.999  1534  1906 D AutomaticBrightnessController: drop the lightsensor event ,time=200351040 ,lux=2.2042618

03-17 16:48:47.133  1534  1534 E JavaBinder: !!! FAILED BINDER TRANSACTION !!!  (parcel size = 104)

03-17 16:48:47.134  1534  1534 E JavaBinder: !!! FAILED BINDER TRANSACTION !!!  (parcel size = 104)

03-17 16:48:47.134  1534  1534 E JavaBinder: !!! FAILED BINDER TRANSACTION !!!  (parcel size = 104)

03-17 16:48:47.134  1534  1534 E JavaBinder: !!! FAILED BINDER TRANSACTION !!!  (parcel size = 104)

03-17 16:48:47.170  1534  1906 D AutomaticBrightnessController: drop the lightsensor event ,time=200351211 ,lux=3.6737695

03-17 16:48:47.282   370   482 I ThermalEngine: Sensor:batt_temp:371 mC

03-17 16:48:47.340  1534  1906 D AutomaticBrightnessController: drop the lightsensor event ,time=200351382 ,lux=4.4085236

03-17 16:48:47.510  1534  1906 D AutomaticBrightnessController: drop the lightsensor event ,time=200351551 ,lux=1.4695078

03-17 16:48:47.680  1534  1906 D AutomaticBrightnessController: drop the lightsensor event ,time=200351722 ,lux=4.4085236

03-17 16:48:47.848  1534  1906 D AutomaticBrightnessController: drop the lightsensor event ,time=200351890 ,lux=2.9390156

03-17 16:48:48.020  1534  1906 D AutomaticBrightnessController: drop the lightsensor event ,time=200352061 ,lux=5.8780313

03-17 16:48:48.188  1534  1906 D AutomaticBrightnessController: drop the lightsensor event ,time=200352230 ,lux=3.6737695

03-17 16:48:48.283   370   482 I ThermalEngine: Sensor:batt_temp:371 mC

03-17 16:48:48.358  1534  1906 D AutomaticBrightnessController: drop the lightsensor event ,time=200352400 ,lux=8.0822935

03-17 16:48:48.529  1534  1906 D AutomaticBrightnessController: drop the lightsensor event ,time=200352571 ,lux=6.6127853

03-17 16:48:48.699  1534  1906 D AutomaticBrightnessController: drop the lightsensor event ,time=200352741 ,lux=5.8780313

03-17 16:48:48.869  1534  1906 D AutomaticBrightnessController: drop the lightsensor event ,time=200352910 ,lux=3.6737695

03-17 16:48:49.016 22823 22823 D wpa_supplicant: wlan0: Control interface command 'SIGNAL_POLL'

03-17 16:48:49.030 22823 22823 D wpa_supplicant: CTRL-DEBUG: global_ctrl_sock-sendto: sock=11 sndbuf=163840 outq=0 send_len=48

03-17 16:48:49.039  1534  1906 D AutomaticBrightnessController: drop the lightsensor event ,time=200353080 ,lux=3.6737695

03-17 16:48:49.208  1534  1906 D AutomaticBrightnessController: drop the lightsensor event ,time=200353250 ,lux=3.6737695

03-17 16:48:49.284   370   482 I ThermalEngine: Sensor:batt_temp:371 mC

03-17 16:48:49.378  1534  1906 D AutomaticBrightnessController: drop the lightsensor event ,time=200353420 ,lux=2.9390156

03-17 16:48:49.549  1534  1906 D AutomaticBrightnessController: drop the lightsensor event ,time=200353590 ,lux=2.2042618

03-17 16:48:49.719  1534  1906 D AutomaticBrightnessController: drop the lightsensor event ,time=200353761 ,lux=2.2042618

03-17 16:48:49.889  1534  1906 D AutomaticBrightnessController: drop the lightsensor event ,time=200353930 ,lux=4.4085236

03-17 16:48:50.058  1534  1906 D AutomaticBrightnessController: drop the lightsensor event ,time=200354100 ,lux=2.2042618

03-17 16:48:50.229  1534  1906 D AutomaticBrightnessController: drop the lightsensor event ,time=200354271 ,lux=3.6737695

03-17 16:48:50.286   370   482 I ThermalEngine: Sensor:batt_temp:371 mC

03-17 16:48:50.400  1534  1906 D AutomaticBrightnessController: drop the lightsensor event ,time=200354442 ,lux=4.4085236

03-17 16:48:50.568  1534  1906 D AutomaticBrightnessController: drop the lightsensor event ,time=200354610 ,lux=2.2042618

03-17 16:48:50.719  5869  5938 I octvm_klo: read wakeups from wakealarm_fd:1

03-17 16:48:50.719  5869  5938 I octvm_klo: new timerfd interval:

03-17 16:48:50.719  5869  5938 I octvm_klo: 	itval.it_interval.tv_sec 4, itval.it_interval.tv_nsec 0

03-17 16:48:50.719  5869  5938 I octvm_klo: 	itval.it_value.tv_sec 3, itval.it_value.tv_nsec 999995573

03-17 16:48:50.739  1534  1906 D AutomaticBrightnessController: drop the lightsensor event ,time=200354781 ,lux=3.6737695

03-17 16:48:50.908  1534  1906 D AutomaticBrightnessController: drop the lightsensor event ,time=200354950 ,lux=1.4695078

03-17 16:48:51.078  1534  1906 D AutomaticBrightnessController: drop the lightsensor event ,time=200355120 ,lux=1.4695078

03-17 16:48:51.248  1534  1906 D AutomaticBrightnessController: drop the lightsensor event ,time=200355290 ,lux=2.2042618

03-17 16:48:51.287   370   482 I ThermalEngine: Sensor:batt_temp:371 mC

03-17 16:48:51.419  1534  1906 D AutomaticBrightnessController: drop the lightsensor event ,time=200355460 ,lux=5.1432776

03-17 16:48:51.588  1534  1906 D AutomaticBrightnessController: drop the lightsensor event ,time=200355630 ,lux=2.2042618

03-17 16:48:51.759  1534  1906 D AutomaticBrightnessController: drop the lightsensor event ,time=200355800 ,lux=2.2042618

03-17 16:48:52.034 22823 22823 D wpa_supplicant: wlan0: Control interface command 'SIGNAL_POLL'

03-17 16:48:52.049 22823 22823 D wpa_supplicant: CTRL-DEBUG: global_ctrl_sock-sendto: sock=11 sndbuf=163840 outq=0 send_len=48

03-17 16:48:52.288   370   482 I ThermalEngine: Sensor:batt_temp:371 mC

03-17 16:48:52.355  3852  4239 I XiaomiFirewall: firewall pkgName:com.xiaomi.shop, result:0x0

03-17 16:48:53.146  1534  1534 E JavaBinder: !!! FAILED BINDER TRANSACTION !!!  (parcel size = 104)

03-17 16:48:53.147  1534  1534 E JavaBinder: !!! FAILED BINDER TRANSACTION !!!  (parcel size = 104)

03-17 16:48:53.167  1534  1534 E JavaBinder: !!! FAILED BINDER TRANSACTION !!!  (parcel size = 104)

03-17 16:48:53.168  1534  1534 E JavaBinder: !!! FAILED BINDER TRANSACTION !!!  (parcel size = 104)

03-17 16:48:53.232 17661 17661 W AppWatcher: type=1400 audit(0.0:3067536): avc: denied { getattr } for path="/proc/opalum-temp-calib" dev="proc" ino=4026534627 scontext=u:r:untrusted_app:s0:c512,c768 tcontext=u:object_r:proc_opalum:s0 tclass=file permissive=0

03-17 16:48:53.232 17661 17661 W AppWatcher: type=1400 audit(0.0:3067537): avc: denied { getattr } for path="/proc/opalum-f0-calib" dev="proc" ino=4026534626 scontext=u:r:untrusted_app:s0:c512,c768 tcontext=u:object_r:proc_opalum:s0 tclass=file permissive=0

03-17 16:48:53.232 17661 17661 W AppWatcher: type=1400 audit(0.0:3067538): avc: denied { getattr } for path="/proc/sysrq-trigger" dev="proc" ino=4026533735 scontext=u:r:untrusted_app:s0:c512,c768 tcontext=u:object_r:proc_sysrq:s0 tclass=file permissive=0

03-17 16:48:53.242 17661 17661 W AppWatcher: type=1400 audit(0.0:3067539): avc: denied { getattr } for path="/proc/1" dev="proc" ino=8200 scontext=u:r:untrusted_app:s0:c512,c768 tcontext=u:r:init:s0 tclass=dir permissive=0

03-17 16:48:53.242 17661 17661 W AppWatcher: type=1400 audit(0.0:3067540): avc: denied { getattr } for path="/proc/2" dev="proc" ino=2557283 scontext=u:r:untrusted_app:s0:c512,c768 tcontext=u:r:kernel:s0 tclass=dir permissive=0

03-17 16:48:53.252 17661 17661 W AppWatcher: type=1400 audit(0.0:3067541): avc: denied { getattr } for path="/proc/3" dev="proc" ino=2557284 scontext=u:r:untrusted_app:s0:c512,c768 tcontext=u:r:kernel:s0 tclass=dir permissive=0

03-17 16:48:53.252 17661 17661 W AppWatcher: type=1400 audit(0.0:3067542): avc: denied { getattr } for path="/proc/6" dev="proc" ino=2557286 scontext=u:r:untrusted_app:s0:c512,c768 tcontext=u:r:kernel:s0 tclass=dir permissive=0

03-17 16:48:53.262 17661 17661 W AppWatcher: type=1400 audit(0.0:3067543): avc: denied { getattr } for path="/proc/7" dev="proc" ino=2557287 scontext=u:r:untrusted_app:s0:c512,c768 tcontext=u:r:kernel:s0 tclass=dir permissive=0

03-17 16:48:53.262 17661 17661 W AppWatcher: type=1400 audit(0.0:3067544): avc: denied { getattr } for path="/proc/8" dev="proc" ino=2557288 scontext=u:r:untrusted_app:s0:c512,c768 tcontext=u:r:kernel:s0 tclass=dir permissive=0

03-17 16:48:53.262 17661 17661 W AppWatcher: type=1400 audit(0.0:3067545): avc: denied { getattr } for path="/proc/21" dev="proc" ino=2557289 scontext=u:r:untrusted_app:s0:c512,c768 tcontext=u:r:kernel:s0 tclass=dir permissive=0

03-17 16:48:53.272 17661 17661 W AppWatcher: type=1400 audit(0.0:3067546): avc: denied { getattr } for path="/proc/22" dev="proc" ino=2557290 scontext=u:r:untrusted_app:s0:c512,c768 tcontext=u:r:kernel:s0 tclass=dir permissive=0

03-17 16:48:53.272 17661 17661 W AppWatcher: type=1400 audit(0.0:3067547): avc: denied { getattr } for path="/proc/28" dev="proc" ino=2557291 scontext=u:r:untrusted_app:s0:c512,c768 tcontext=u:r:kernel:s0 tclass=dir permissive=0

03-17 16:48:53.272 17661 17661 W AppWatcher: type=1400 audit(0.0:3067548): avc: denied { getattr } for path="/proc/29" dev="proc" ino=2557292 scontext=u:r:untrusted_app:s0:c512,c768 tcontext=u:r:kernel:s0 tclass=dir permissive=0

03-17 16:48:53.272 17661 17661 W AppWatcher: type=1400 audit(0.0:3067549): avc: denied { getattr } for path="/proc/30" dev="proc" ino=2557293 scontext=u:r:untrusted_app:s0:c512,c768 tcontext=u:r:kernel:s0 tclass=dir permissive=0

03-17 16:48:53.289   370   482 I ThermalEngine: Sensor:batt_temp:371 mC

03-17 16:48:53.282 17661 17661 W AppWatcher: type=1400 audit(0.0:3067550): avc: denied { getattr } for path="/proc/32" dev="proc" ino=2557294 scontext=u:r:untrusted_app:s0:c512,c768 tcontext=u:r:kernel:s0 tclass=dir permissive=0

03-17 16:48:53.292 17661 17661 W AppWatcher: type=1400 audit(0.0:3067551): avc: denied { getattr } for path="/proc/33" dev="proc" ino=2557295 scontext=u:r:untrusted_app:s0:c512,c768 tcontext=u:r:kernel:s0 tclass=dir permissive=0

03-17 16:48:53.292 17661 17661 W AppWatcher: type=1400 audit(0.0:3067552): avc: denied { getattr } for path="/proc/34" dev="proc" ino=2557296 scontext=u:r:untrusted_app:s0:c512,c768 tcontext=u:r:kernel:s0 tclass=dir permissive=0

03-17 16:48:53.302 17661 17661 W AppWatcher: type=1400 audit(0.0:3067553): avc: denied { getattr } for path="/proc/61" dev="proc" ino=2557297 scontext=u:r:untrusted_app:s0:c512,c768 tcontext=u:r:kernel:s0 tclass=dir permissive=0

03-17 16:48:53.302 17661 17661 W AppWatcher: type=1400 audit(0.0:3067554): avc: denied { getattr } for path="/proc/62" dev="proc" ino=2557298 scontext=u:r:untrusted_app:s0:c512,c768 tcontext=u:r:kernel:s0 tclass=dir permissive=0

03-17 16:48:53.302 17661 17661 W AppWatcher: type=1400 audit(0.0:3067555): avc: denied { getattr } for path="/proc/63" dev="proc" ino=2557299 scontext=u:r:untrusted_app:s0:c512,c768 tcontext=u:r:kernel:s0 tclass=dir permissive=0

03-17 16:48:54.179  1534  1534 E JavaBinder: !!! FAILED BINDER TRANSACTION !!!  (parcel size = 104)
