--------- beginning of main

03-30 10:23:44.609  4104  4104 W Binder_7: type=1400 audit(0.0:55133153): avc: denied { ioctl } for path="socket:[12059671]" dev="sockfs" ino=12059671 ioctlcmd=7704 scontext=u:r:system_server:s0 tcontext=u:r:system_server:s0 tclass=unix_stream_socket permissive=0

03-30 10:23:44.609 31659 31757 D HomeMate: comm[ Thread-44284: FileTool.java:65 deleteOldFiles() ] - deleteOldFiles()-fileName:HomeMate_20170320103942.933.txt

03-30 10:23:44.610 31659 31757 D HomeMate: comm[ Thread-44284: FileTool.java:65 deleteOldFiles() ] - deleteOldFiles()-fileName:HomeMate_20170320103859.626.txt

03-30 10:23:44.610 31659 31757 D HomeMate: comm[ Thread-44284: FileTool.java:65 deleteOldFiles() ] - deleteOldFiles()-fileName:HomeMate_20170320103819.312.txt

03-30 10:23:44.610 31659 31757 D HomeMate: comm[ Thread-44284: FileTool.java:65 deleteOldFiles() ] - deleteOldFiles()-fileName:HomeMate_20170320103719.127.txt

03-30 10:23:44.609  4104  4104 W Binder_7: type=1400 audit(0.0:55133154): avc: denied { ioctl } for path="socket:[12059671]" dev="sockfs" ino=12059671 ioctlcmd=7704 scontext=u:r:system_server:s0 tcontext=u:r:system_server:s0 tclass=unix_stream_socket permissive=0

03-30 10:23:44.611 31659 31757 D HomeMate: comm[ Thread-44284: FileTool.java:65 deleteOldFiles() ] - deleteOldFiles()-fileName:HomeMate_20170320103634.481.txt

03-30 10:23:44.611 31659 31757 D HomeMate: comm[ Thread-44284: FileTool.java:65 deleteOldFiles() ] - deleteOldFiles()-fileName:HomeMate_20170320103559.499.txt

03-30 10:23:44.611 31659 31757 D HomeMate: comm[ Thread-44284: FileTool.java:65 deleteOldFiles() ] - deleteOldFiles()-fileName:HomeMate_20170320103459.257.txt

03-30 10:23:44.611 31659 31659 I HomeMate: wei[ main: MainActivity.java:197 onResume() ] - MainActivity onResume()

03-30 10:23:44.612 31659 31757 D HomeMate: comm[ Thread-44284: FileTool.java:65 deleteOldFiles() ] - deleteOldFiles()-fileName:HomeMate_20170320103422.821.txt

03-30 10:23:44.612 31659 31757 D HomeMate: comm[ Thread-44284: FileTool.java:65 deleteOldFiles() ] - deleteOldFiles()-fileName:HomeMate_20170320103341.373.txt

03-30 10:23:44.612 31659 31757 D HomeMate: comm[ Thread-44284: FileTool.java:65 deleteOldFiles() ] - deleteOldFiles()-fileName:HomeMate_20170320103253.927.txt

03-30 10:23:44.612 31659 31822 D FeedbackAPI: sign before:appkey=23256401&deviceId=WJfwe+sntC4DAAdSBLpxQDCW

03-30 10:23:44.613 31659 31757 D HomeMate: comm[ Thread-44284: FileTool.java:65 deleteOldFiles() ] - deleteOldFiles()-fileName:HomeMate_20170320103220.583.txt

03-30 10:23:44.613 31659 31757 D HomeMate: comm[ Thread-44284: FileTool.java:65 deleteOldFiles() ] - deleteOldFiles()-fileName:HomeMate_20170320103144.949.txt

03-30 10:23:44.613 31659 31757 D HomeMate: comm[ Thread-44284: FileTool.java:65 deleteOldFiles() ] - deleteOldFiles()-fileName:HomeMate_20170320103110.467.txt

03-30 10:23:44.614 31659 31757 D HomeMate: comm[ Thread-44284: FileTool.java:65 deleteOldFiles() ] - deleteOldFiles()-fileName:HomeMate_20170320103036.513.txt

03-30 10:23:44.614 31659 31757 D HomeMate: comm[ Thread-44284: FileTool.java:65 deleteOldFiles() ] - deleteOldFiles()-fileName:HomeMate_20170320102938.510.txt

03-30 10:23:44.614 31659 31757 D HomeMate: comm[ Thread-44284: FileTool.java:65 deleteOldFiles() ] - deleteOldFiles()-fileName:HomeMate_20170320102858.298.txt

03-30 10:23:44.614 31659 31757 D HomeMate: comm[ Thread-44284: FileTool.java:65 deleteOldFiles() ] - deleteOldFiles()-fileName:HomeMate_20170320102812.520.txt

03-30 10:23:44.615 31659 31757 D HomeMate: comm[ Thread-44284: FileTool.java:65 deleteOldFiles() ] - deleteOldFiles()-fileName:HomeMate_20170320102725.344.txt

03-30 10:23:44.615 31659 31757 D HomeMate: comm[ Thread-44284: FileTool.java:65 deleteOldFiles() ] - deleteOldFiles()-fileName:HomeMate_20170320102643.933.txt

03-30 10:23:44.616 31659 31757 D HomeMate: comm[ Thread-44284: FileTool.java:65 deleteOldFiles() ] - deleteOldFiles()-fileName:HomeMate_20170320102516.434.txt

03-30 10:23:44.616 31659 31659 D ActivityThreadInjector: clearCachedDrawables.

03-30 10:23:44.616 31659 31757 D HomeMate: comm[ Thread-44284: FileTool.java:65 deleteOldFiles() ] - deleteOldFiles()-fileName:HomeMate_20170320102409.401.txt

03-30 10:23:44.616 31659 31822 D FeedbackAPI : sign after:e469344ba86f5f3f88c8fd188558071e8ce8dba2

03-30 10:23:44.616 31659 31757 D HomeMate: comm[ Thread-44284: FileTool.java:65 deleteOldFiles() ] - deleteOldFiles()-fileName:HomeMate_20170320102325.783.txt

03-30 10:23:44.617 31659 31757 D HomeMate: comm[ Thread-44284: FileTool.java:65 deleteOldFiles() ] - deleteOldFiles()-fileName:HomeMate_20170320102237.417.txt

03-30 10:23:44.617 31659 31757 D HomeMate: comm[ Thread-44284: FileTool.java:65 deleteOldFiles() ] - deleteOldFiles()-fileName:HomeMate_20170320102129.999.txt

03-30 10:23:44.617 31659 31757 D HomeMate: comm[ Thread-44284: FileTool.java:65 deleteOldFiles() ] - deleteOldFiles()-fileName:HomeMate_20170320102054.904.txt

03-30 10:23:44.618 31659 31757 D HomeMate: comm[ Thread-44284: FileTool.java:65 deleteOldFiles() ] - deleteOldFiles()-fileName:HomeMate_20170320102024.126.txt

03-30 10:23:44.619 31659 31757 D HomeMate: comm[ Thread-44284: FileTool.java:65 deleteOldFiles() ] - deleteOldFiles()-fileName:HomeMate_20170320095301.240.txt

03-30 10:23:44.619  2044  2115 I Timeline: Timeline: App_transition_ready time:336715399

03-30 10:23:44.619 31659 31757 D HomeMate: comm[ Thread-44284: FileTool.java:65 deleteOldFiles() ] - deleteOldFiles()-fileName:HomeMate_20170320095106.824.txt

03-30 10:23:44.620 31659 31757 D HomeMate: comm[ Thread-44284: FileTool.java:65 deleteOldFiles() ] - deleteOldFiles()-fileName:HomeMate_20170320094820.809.txt

03-30 10:23:44.620 31659 31757 D HomeMate: comm[ Thread-44284: FileTool.java:65 deleteOldFiles() ] - deleteOldFiles()-fileName:HomeMate_20170320094302.354.txt

03-30 10:23:44.620 31659 31757 D HomeMate: comm[ Thread-44284: FileTool.java:65 deleteOldFiles() ] - deleteOldFiles()-fileName:HomeMate_20170320094059.163.txt

03-30 10:23:44.621 31659 31757 D HomeMate: comm[ Thread-44284: FileTool.java:65 deleteOldFiles() ] - deleteOldFiles()-fileName:HomeMate_20170317171440.041.txt

03-30 10:23:44.621 31659 31757 D HomeMate: comm[ Thread-44284: FileTool.java:65 deleteOldFiles() ] - deleteOldFiles()-fileName:HomeMate_20170317170456.667.txt

03-30 10:23:44.621 31659 31757 D HomeMate: comm[ Thread-44284: FileTool.java:65 deleteOldFiles() ] - deleteOldFiles()-fileName:HomeMate_20170317170409.954.txt

03-30 10:23:44.622 31659 31757 D HomeMate: comm[ Thread-44284: FileTool.java:65 deleteOldFiles() ] - deleteOldFiles()-fileName:HomeMate_20170317165732.653.txt

03-30 10:23:44.622 31659 31757 D HomeMate: comm[ Thread-44284: FileTool.java:65 deleteOldFiles() ] - deleteOldFiles()-fileName:HomeMate_20170317165721.143.txt

03-30 10:23:44.622 31659 31757 D HomeMate: comm[ Thread-44284: FileTool.java:65 deleteOldFiles() ] - deleteOldFiles()-fileName:HomeMate_20170317165550.261.txt

03-30 10:23:44.623 31659 31757 D HomeMate: comm[ Thread-44284: FileTool.java:65 deleteOldFiles() ] - deleteOldFiles()-fileName:HomeMate_20170317165408.606.txt

03-30 10:23:44.623 31659 31757 D HomeMate: comm[ Thread-44284: FileTool.java:65 deleteOldFiles() ] - deleteOldFiles()-fileName:HomeMate_20170317165223.861.txt

03-30 10:23:44.623 31659 31757 D HomeMate: comm[ Thread-44284: FileTool.java:65 deleteOldFiles() ] - deleteOldFiles()-fileName:HomeMate_20170317165053.988.txt

03-30 10:23:44.624 31659 31757 D HomeMate: comm[ Thread-44284: FileTool.java:65 deleteOldFiles() ] - deleteOldFiles()-fileName:HomeMate_20170317164941.648.txt

03-30 10:23:44.624 31659 31757 D HomeMate: comm[ Thread-44284: FileTool.java:65 deleteOldFiles() ] - deleteOldFiles()-fileName:HomeMate_20170317164819.418.txt

03-30 10:23:44.624 31659 31757 D HomeMate: comm[ Thread-44284: FileTool.java:65 deleteOldFiles() ] - deleteOldFiles()-fileName:HomeMate_20170317164724.506.txt

03-30 10:23:44.624 31659 31757 D HomeMate: comm[ Thread-44284: FileTool.java:65 deleteOldFiles() ] - deleteOldFiles()-fileName:HomeMate_20170317164626.235.txt

03-30 10:23:44.625 31659 31757 D HomeMate: comm[ Thread-44284: FileTool.java:65 deleteOldFiles() ] - deleteOldFiles()-fileName:HomeMate_20170317164513.012.txt

03-30 10:23:44.625 31659 31757 D HomeMate: comm[ Thread-44284: FileTool.java:65 deleteOldFiles() ] - deleteOldFiles()-fileName:HomeMate_20170317164410.738.txt

03-30 10:23:44.625 31659 31757 D HomeMate: comm[ Thread-44284: FileTool.java:65 deleteOldFiles() ] - deleteOldFiles()-fileName:HomeMate_20170317164319.351.txt

03-30 10:23:44.626 31659 31757 D HomeMate: comm[ Thread-44284: FileTool.java:65 deleteOldFiles() ] - deleteOldFiles()-fileName:HomeMate_20170317164225.244.txt

03-30 10:23:44.626 31659 31659 D HomeMate: comm[ main: MainActivity.java:176 setTabReadTip() ] - showRedTip:false,position:2

03-30 10:23:44.626 31659 31757 D HomeMate: comm[ Thread-44284: FileTool.java:65 deleteOldFiles() ] - deleteOldFiles()-fileName:HomeMate_20170317164018.472.txt

03-30 10:23:44.626 31659 31659 D HomeMate: comm[ main: LocationService.java:27 onCreate() ] - onCreate()

03-30 10:23:44.626 31659 31659 D HomeMate: comm[ main: LocationService.java:33 onStartCommand() ] - onStartCommand()-intent:Intent { cmp=com.orvibo.homemate/.service.LocationService }

03-30 10:23:44.626 31659 31757 D HomeMate: comm[ Thread-44284: FileTool.java:65 deleteOldFiles() ] - deleteOldFiles()-fileName:HomeMate_20170317163923.309.txt

03-30 10:23:44.627 31659 31757 D HomeMate: comm[ Thread-44284: FileTool.java:65 deleteOldFiles() ] - deleteOldFiles()-fileName:HomeMate_20170317163721.905.txt

03-30 10:23:44.627 31659 31757 D HomeMate: comm[ Thread-44284: FileTool.java:65 deleteOldFiles() ] - deleteOldFiles()-fileName:HomeMate_20170317163559.922.txt

03-30 10:23:44.627 31659 31757 D HomeMate: comm[ Thread-44284: FileTool.java:65 deleteOldFiles() ] - deleteOldFiles()-fileName:HomeMate_20170317163437.836.txt

03-30 10:23:44.628 31659 31757 D HomeMate: comm[ Thread-44284: FileTool.java:65 deleteOldFiles() ] - deleteOldFiles()-fileName:HomeMate_20170317163349.368.txt

03-30 10:23:44.628 31659 31757 D HomeMate: comm[ Thread-44284: FileTool.java:65 deleteOldFiles() ] - deleteOldFiles()-fileName:HomeMate_20170317163307.113.txt

03-30 10:23:44.628 31659 31757 D HomeMate: comm[ Thread-44284: FileTool.java:65 deleteOldFiles() ] - deleteOldFiles()-fileName:HomeMate_20170317163224.683.txt

03-30 10:23:44.629 31659 31757 D HomeMate: comm[ Thread-44284: FileTool.java:65 deleteOldFiles() ] - deleteOldFiles()-fileName:HomeMate_20170317163122.240.txt

03-30 10:23:44.629  4116  4556 I XiaomiFirewall: firewall pkgName:com.orvibo.homemate, result:0x0

03-30 10:23:44.629 31659 31757 D HomeMate: comm[ Thread-44284: FileTool.java:65 deleteOldFiles() ] - deleteOldFiles()-fileName:HomeMate_20170317163036.532.txt

03-30 10:23:44.629 31659 31757 D HomeMate: comm[ Thread-44284: FileTool.java:65 deleteOldFiles() ] - deleteOldFiles()-fileName:HomeMate_20170317162959.614.txt

03-30 10:23:44.630 31659 31757 D HomeMate: comm[ Thread-44284: FileTool.java:65 deleteOldFiles() ] - deleteOldFiles()-fileName:HomeMate_20170317162853.482.txt

03-30 10:23:44.630 31659 31757 D HomeMate: comm[ Thread-44284: FileTool.java:65 deleteOldFiles() ] - deleteOldFiles()-fileName:HomeMate_20170317162802.410.txt

03-30 10:23:44.630 31659 31757 D HomeMate: comm[ Thread-44284: FileTool.java:65 deleteOldFiles() ] - deleteOldFiles()-fileName:HomeMate_20170317162724.985.txt

03-30 10:23:44.631 31659 31757 D HomeMate: comm[ Thread-44284: FileTool.java:65 deleteOldFiles() ] - deleteOldFiles()-fileName:HomeMate_20170317162647.204.txt

03-30 10:23:44.631 31659 31757 D HomeMate: comm[ Thread-44284: FileTool.java:65 deleteOldFiles() ] - deleteOldFiles()-fileName:HomeMate_20170317162607.535.txt

03-30 10:23:44.631 31659 31757 D HomeMate: comm[ Thread-44284: FileTool.java:65 deleteOldFiles() ] - deleteOldFiles()-fileName:HomeMate_20170317162530.126.txt

03-30 10:23:44.632 31659 31757 D HomeMate: comm[ Thread-44284: FileTool.java:65 deleteOldFiles() ] - deleteOldFiles()-fileName:HomeMate_20170317162427.594.txt

03-30 10:23:44.634 31659 31757 D HomeMate: comm[ Thread-44284: FileTool.java:65 deleteOldFiles() ] - deleteOldFiles()-fileName:HomeMate_20170317162347.079.txt

03-30 10:23:44.635 31659 31757 D HomeMate: comm[ Thread-44284: FileTool.java:65 deleteOldFiles() ] - deleteOldFiles()-fileName:HomeMate_20170317162250.147.txt

03-30 10:23:44.635 31659 31757 D HomeMate: comm[ Thread-44284: FileTool.java:65 deleteOldFiles() ] - deleteOldFiles()-fileName:HomeMate_20170317162152.542.txt

03-30 10:23:44.635 31659 31757 D HomeMate: comm[ Thread-44284: FileTool.java:65 deleteOldFiles() ] - deleteOldFiles()-fileName:HomeMate_20170317162100.397.txt

03-30 10:23:44.636 31659 31757 D HomeMate: comm[ Thread-44284: FileTool.java:65 deleteOldFiles() ] - deleteOldFiles()-fileName:HomeMate_20170317162014.950.txt

03-30 10:23:44.636 31659 31757 D HomeMate: comm[ Thread-44284: FileTool.java:65 deleteOldFiles() ] - deleteOldFiles()-fileName:HomeMate_20170317161852.832.txt

03-30 10:23:44.636 31659 31659 D HomeMate: comm[ main: LocationCity.java:420 setCallback() ] - setCallback()- isCallbacked = [false]

03-30 10:23:44.636 31659 31757 D HomeMate: comm[ Thread-44284: FileTool.java:65 deleteOldFiles() ] - deleteOldFiles()-fileName:HomeMate_20170317161737.122.txt

03-30 10:23:44.637 31659 31757 D HomeMate: comm[ Thread-44284: FileTool.java:65 deleteOldFiles() ] - deleteOldFiles()-fileName:HomeMate_20170317161647.081.txt

03-30 10:23:44.637 31659 31757 D HomeMate: comm[ Thread-44284: FileTool.java:65 deleteOldFiles() ] - deleteOldFiles()-fileName:HomeMate_20170317161554.958.txt

03-30 10:23:44.637 31659 31757 D HomeMate: comm[ Thread-44284: FileTool.java:65 deleteOldFiles() ] - deleteOldFiles()-fileName:HomeMate_20170317161448.100.txt

03-30 10:23:44.639 31659 31757 D HomeMate: comm[ Thread-44284: FileTool.java:65 deleteOldFiles() ] - deleteOldFiles()-fileName:HomeMate_20170317161335.002.txt

03-30 10:23:44.640 31659 31757 D HomeMate: comm[ Thread-44284: FileTool.java:65 deleteOldFiles() ] - deleteOldFiles()-fileName:HomeMate_20170317161229.703.txt

03-30 10:23:44.640 31659 31757 D HomeMate: comm[ Thread-44284: FileTool.java:65 deleteOldFiles() ] - deleteOldFiles()-fileName:HomeMate_20170317161155.244.txt

03-30 10:23:44.640 31659 31757 D HomeMate: comm[ Thread-44284: FileTool.java:65 deleteOldFiles() ] - deleteOldFiles()-fileName:HomeMate_20170317161021.928.txt

03-30 10:23:44.641 31659 31757 D HomeMate: comm[ Thread-44284: FileTool.java:65 deleteOldFiles() ] - deleteOldFiles()-fileName:HomeMate_20170317160935.545.txt

03-30 10:23:44.641 31659 31757 D HomeMate: comm[ Thread-44284: FileTool.java:65 deleteOldFiles() ] - deleteOldFiles()-fileName:HomeMate_20170317160858.934.txt

03-30 10:23:44.641 31659 31826 D HomeMate: comm[ location: LocationCity.java:254 googleLocation() ] - googleLocation()- Âº?ÂßãgoogleÂÆö‰Ωç

03-30 10:23:44.642 31659 31757 D HomeMate: comm[ Thread-44284: FileTool.java:65 deleteOldFiles() ] - deleteOldFiles()-fileName:HomeMate_20170317160716.836.txt

03-30 10:23:44.642 31659 31757 D HomeMate: comm[ Thread-44284: FileTool.java:65 deleteOldFiles() ] - deleteOldFiles()-fileName:HomeMate_20170317160625.414.txt

03-30 10:23:44.642 31659 31757 D HomeMate: comm[ Thread-44284: FileTool.java:65 deleteOldFiles() ] - deleteOldFiles()-fileName:HomeMate_20170317160515.295.txt

03-30 10:23:44.643 31659 31757 D HomeMate: comm[ Thread-44284: FileTool.java:65 deleteOldFiles() ] - deleteOldFiles()-fileName:HomeMate_20170317160353.494.txt

03-30 10:23:44.643 31659 31757 D HomeMate: comm[ Thread-44284: FileTool.java:65 deleteOldFiles() ] - deleteOldFiles()-fileName:HomeMate_20170317160254.011.txt

03-30 10:23:44.643 31659 31757 D HomeMate: comm[ Thread-44284: FileTool.java:65 deleteOldFiles() ] - deleteOldFiles()-fileName:HomeMate_20170317160156.408.txt

03-30 10:23:44.644 31659 31757 D HomeMate: comm[ Thread-44284: FileTool.java:65 deleteOldFiles() ] - deleteOldFiles()-fileName:HomeMate_20170317160120.960.txt

03-30 10:23:44.644 31659 31826 D HomeMate: comm[ location: LocationCity.java:269 googleLocation() ] - googleLocation()-allProviders:[passive, gps, network],permitProviders:[passive]

03-30 10:23:44.644 31659 31757 D HomeMate: comm[ Thread-44284: FileTool.java:65 deleteOldFiles() ] - deleteOldFiles()-fileName:HomeMate_20170317155954.418.txt

03-30 10:23:44.644 31659 31659 D HomeMate: comm[ main: BaseFragment.java:74 onAttach() ] - HomeFragment

03-30 10:23:44.644 31659 31757 D HomeMate: comm[ Thread-44284: FileTool.java:65 deleteOldFiles() ] - deleteOldFiles()-fileName:HomeMate_20170317155808.773.txt

03-30 10:23:44.645 31659 31757 D HomeMate: comm[ Thread-44284: FileTool.java:65 deleteOldFiles() ] - deleteOldFiles()-fileName:HomeMate_20170317155713.885.txt

03-30 10:23:44.645 31659 31757 D HomeMate: comm[ Thread-44284: FileTool.java:65 deleteOldFiles() ] - deleteOldFiles()-fileName:HomeMate_20170317155554.438.txt

03-30 10:23:44.645 31659 31757 D HomeMate: comm[ Thread-44284: FileTool.java:65 deleteOldFiles() ] - deleteOldFiles()-fileName:HomeMate_20170317155444.552.txt

03-30 10:23:44.646 31659 31757 D HomeMate: comm[ Thread-44284: FileTool.java:65 deleteOldFiles() ] - deleteOldFiles()-fileName:HomeMate_20170317155355.366.txt

03-30 10:23:44.646 31659 31757 D HomeMate: comm[ Thread-44284: FileTool.java:65 deleteOldFiles() ] - deleteOldFiles()-fileName:HomeMate_20170317155302.967.txt

03-30 10:23:44.646 31659 31757 D HomeMate: comm[ Thread-44284: FileTool.java:65 deleteOldFiles() ] - deleteOldFiles()-fileName:HomeMate_20170317155219.555.txt

03-30 10:23:44.646 31659 31826 D HomeMate: comm[ location: LocationCity.java:155 amdLocation() ] - amdLocation()- Âº?ÂßãÈ´òÂæ∑ÂÆö‰Ω?

03-30 10:23:44.646 31659 31757 D HomeMate: comm[ Thread-44284: FileTool.java:65 deleteOldFiles() ] - deleteOldFiles()-fileName:HomeMate_20170317155010.607.txt

03-30 10:23:44.647 31659 31757 D HomeMate: comm[ Thread-44284: FileTool.java:65 deleteOldFiles() ] - deleteOldFiles()-fileName:HomeMate_20170317154931.501.txt

03-30 10:23:44.647 31659 31757 D HomeMate: comm[ Thread-44284: FileTool.java:65 deleteOldFiles() ] - deleteOldFiles()-fileName:HomeMate_20170317154851.734.txt

03-30 10:23:44.647 31659 31757 D HomeMate: comm[ Thread-44284: FileTool.java:65 deleteOldFiles() ] - deleteOldFiles()-fileName:HomeMate_20170317154226.456.txt

03-30 10:23:44.648 31659 31757 D HomeMate: comm[ Thread-44284: FileTool.java:65 deleteOldFiles() ] - deleteOldFiles()-fileName:HomeMate_20170317153731.549.txt

03-30 10:23:44.648 31659 31757 D HomeMate: comm[ Thread-44284: FileTool.java:65 deleteOldFiles() ] - deleteOldFiles()-fileName:HomeMate_20170317153555.872.txt

03-30 10:23:44.648 31659 31757 D HomeMate: comm[ Thread-44284: FileTool.java:65 deleteOldFiles() ] - deleteOldFiles()-fileName:HomeMate_20170317153514.820.txt

03-30 10:23:44.649 31659 31757 D HomeMate: comm[ Thread-44284: FileTool.java:65 deleteOldFiles() ] - deleteOldFiles()-fileName:HomeMate_20170317153434.043.txt

03-30 10:23:44.649 31659 31757 D HomeMate: comm[ Thread-44284: FileTool.java:65 deleteOldFiles() ] - deleteOldFiles()-fileName:HomeMate_20170317153329.893.txt

03-30 10:23:44.649 31659 31757 D HomeMate: comm[ Thread-44284: FileTool.java:65 deleteOldFiles() ] - deleteOldFiles()-fileName:HomeMate_20170317153250.111.txt

03-30 10:23:44.650 31659 31757 D HomeMate: comm[ Thread-44284: FileTool.java:65 deleteOldFiles() ] - deleteOldFiles()-fileName:HomeMate_20170317153049.194.txt

03-30 10:23:44.650 31659 31757 D HomeMate: comm[ Thread-44284: FileTool.java:65 deleteOldFiles() ] - deleteOldFiles()-fileName:HomeMate_20170317153009.140.txt

03-30 10:23:44.650 31659 31757 D HomeMate: comm[ Thread-44284: FileTool.java:65 deleteOldFiles() ] - deleteOldFiles()-fileName:HomeMate_20170317152613.313.txt

03-30 10:23:44.651 31659 31757 D HomeMate: comm[ Thread-44284: FileTool.java:65 deleteOldFiles() ] - deleteOldFiles()-fileName:HomeMate_20170317152451.522.txt

03-30 10:23:44.651 31659 31757 D HomeMate: comm[ Thread-44284: FileTool.java:65 deleteOldFiles() ] - deleteOldFiles()-fileName:HomeMate_20170317151848.141.txt

03-30 10:23:44.651 31659 31757 D HomeMate: comm[ Thread-44284: FileTool.java:65 deleteOldFiles() ] - deleteOldFiles()-fileName:HomeMate_20170317151410.207.txt

03-30 10:23:44.652 31659 31757 D HomeMate: comm[ Thread-44284: FileTool.java:65 deleteOldFiles() ] - deleteOldFiles()-fileName:HomeMate_20170317151247.074.txt

03-30 10:23:44.652 31659 31757 D HomeMate: comm[ Thread-44284: FileTool.java:65 deleteOldFiles() ] - deleteOldFiles()-fileName:HomeMate_20170317151132.795.txt

03-30 10:23:44.652 31659 31757 D HomeMate: comm[ Thread-44284: FileTool.java:65 deleteOldFiles() ] - deleteOldFiles()-fileName:HomeMate_20170317150950.288.txt

03-30 10:23:44.653 31659 31757 D HomeMate: comm[ Thread-44284: FileTool.java:65 deleteOldFiles() ] - deleteOldFiles()-fileName:HomeMate_20170317150908.212.txt

03-30 10:23:44.653 31659 31757 D HomeMate: comm[ Thread-44284: FileTool.java:65 deleteOldFiles() ] - deleteOldFiles()-fileName:HomeMate_20170317150826.457.txt

03-30 10:23:44.653 31659 31757 D HomeMate: comm[ Thread-44284: FileTool.java:65 deleteOldFiles() ] - deleteOldFiles()-fileName:HomeMate_20170317150403.731.txt

03-30 10:23:44.653 31659 31659 V BoostFramework: mAcquireFunc method = public int com.qualcomm.qti.Performance.perfLockAcquire(int,int[])

03-30 10:23:44.653 31659 31659 V BoostFramework: mReleaseFunc method = public int com.qualcomm.qti.Performance.perfLockRelease()

03-30 10:23:44.653 31659 31659 V BoostFramework: mAcquireTouchFunc method = public int com.qualcomm.qti.Performance.perfLockAcquireTouch(android.view.MotionEvent,android.util.DisplayMetrics,int,int[])

03-30 10:23:44.654 31659 31659 V BoostFramework: mIOPStart method = public int com.qualcomm.qti.Performance.perfIOPrefetchStart(int,java.lang.String)

03-30 10:23:44.654 31659 31659 V BoostFramework: mIOPStop method = public int com.qualcomm.qti.Performance.perfIOPrefetchStop()

03-30 10:23:44.654 31659 31757 D HomeMate: comm[ Thread-44284: FileTool.java:65 deleteOldFiles() ] - deleteOldFiles()-fileName:HomeMate_20170317150326.290.txt

03-30 10:23:44.654 31659 31757 D HomeMate: comm[ Thread-44284: FileTool.java:65 deleteOldFiles() ] - deleteOldFiles()-fileName:HomeMate_20170317145419.330.txt

03-30 10:23:44.654 31659 31757 D HomeMate: comm[ Thread-44284: FileTool.java:65 deleteOldFiles() ] - deleteOldFiles()-fileName:HomeMate_20170317145409.896.txt

03-30 10:23:44.655 31659 31757 D HomeMate: comm[ Thread-44284: FileTool.java:65 deleteOldFiles() ] - deleteOldFiles()-fileName:HomeMate_20170317145321.752.txt

03-30 10:23:44.655 31659 31757 D HomeMate: comm[ Thread-44284: FileTool.java:65 deleteOldFiles() ] - deleteOldFiles()-fileName:HomeMate_20170317145219.676.txt

03-30 10:23:44.655 31659 31757 D HomeMate: comm[ Thread-44284: FileTool.java:65 deleteOldFiles() ] - deleteOldFiles()-fileName:HomeMate_20170317145143.436.txt

03-30 10:23:44.655 31659 31757 D HomeMate: comm[ Thread-44284: FileTool.java:65 deleteOldFiles() ] - deleteOldFiles()-fileName:HomeMate_20170317145107.763.txt

03-30 10:23:44.656 31659 31757 D HomeMate: comm[ Thread-44284: FileTool.java:65 deleteOldFiles() ] - deleteOldFiles()-fileName:HomeMate_20170317145019.557.txt

03-30 10:23:44.656 31659 31757 D HomeMate: comm[ Thread-44284: FileTool.java:65 deleteOldFiles() ] - deleteOldFiles()-fileName:HomeMate_20170317144844.193.txt

03-30 10:23:44.656 31659 31757 D HomeMate: comm[ Thread-44284: FileTool.java:65 deleteOldFiles() ] - deleteOldFiles()-fileName:HomeMate_20170317144435.904.txt

03-30 10:23:44.657 31659 31757 D HomeMate: comm[ Thread-44284: FileTool.java:65 deleteOldFiles() ] - deleteOldFiles()-fileName:HomeMate_20170317144138.924.txt

03-30 10:23:44.657 31659 31659 V BoostFramework: BoostFramework() : mPerf = com.qualcomm.qti.Performance@bfb7a8e

03-30 10:23:44.657 31659 31757 D HomeMate: comm[ Thread-44284: FileTool.java:65 deleteOldFiles() ] - deleteOldFiles()-fileName:HomeMate_20170317144046.478.txt

03-30 10:23:44.657 31659 31757 D HomeMate: comm[ Thread-44284: FileTool.java:65 deleteOldFiles() ] - deleteOldFiles()-fileName:HomeMate_20170317143944.752.txt

03-30 10:23:44.658 31659 31757 D HomeMate: comm[ Thread-44284: FileTool.java:65 deleteOldFiles() ] - deleteOldFiles()-fileName:HomeMate_20170317143843.851.txt

03-30 10:23:44.658 31659 31757 D HomeMate: comm[ Thread-44284: FileTool.java:65 deleteOldFiles() ] - deleteOldFiles()-fileName:HomeMate_20170317143650.601.txt

03-30 10:23:44.658 31659 31757 D HomeMate: comm[ Thread-44284: FileTool.java:65 deleteOldFiles() ] - deleteOldFiles()-fileName:HomeMate_20170317143540.860.txt

03-30 10:23:44.658 31659 31757 D HomeMate: comm[ Thread-44284: FileTool.java:65 deleteOldFiles() ] - deleteOldFiles()-fileName:HomeMate_20170317143453.294.txt

03-30 10:23:44.659 31659 31757 D HomeMate: comm[ Thread-44284: FileTool.java:65 deleteOldFiles() ] - deleteOldFiles()-fileName:HomeMate_20170317143408.299.txt

03-30 10:23:44.659 31659 31757 D HomeMate: comm[ Thread-44284: FileTool.java:65 deleteOldFiles() ] - deleteOldFiles()-fileName:HomeMate_20170317143018.247.txt

03-30 10:23:44.659 31659 31757 D HomeMate: comm[ Thread-44284: FileTool.java:65 deleteOldFiles() ] - deleteOldFiles()-fileName:HomeMate_20170317142916.569.txt

03-30 10:23:44.660 31659 31757 D HomeMate: comm[ Thread-44284: FileTool.java:65 deleteOldFiles() ] - deleteOldFiles()-fileName:HomeMate_20170317142814.187.txt

03-30 10:23:44.660 31659 31757 D HomeMate: comm[ Thread-44284: FileTool.java:65 deleteOldFiles() ] - deleteOldFiles()-fileName:HomeMate_20170317142737.993.txt

03-30 10:23:44.660 31659 31757 D HomeMate: comm[ Thread-44284: FileTool.java:65 deleteOldFiles() ] - deleteOldFiles()-fileName:HomeMate_20170317142658.123.txt

03-30 10:23:44.661 31659 31757 D HomeMate: comm[ Thread-44284: FileTool.java:65 deleteOldFiles() ] - deleteOldFiles()-fileName:HomeMate_20170317142609.183.txt

03-30 10:23:44.661 31659 31757 D HomeMate: comm[ Thread-44284: FileTool.java:65 deleteOldFiles() ] - deleteOldFiles()-fileName:HomeMate_20170317142536.267.txt

03-30 10:23:44.661 31659 31757 D HomeMate: comm[ Thread-44284: FileTool.java:65 deleteOldFiles() ] - deleteOldFiles()-fileName:HomeMate_20170317142448.132.txt

03-30 10:23:44.662 31659 31757 D HomeMate: comm[ Thread-44284: FileTool.java:65 deleteOldFiles() ] - deleteOldFiles()-fileName:HomeMate_20170317142410.867.txt

03-30 10:23:44.662 31659 31757 D HomeMate: comm[ Thread-44284: FileTool.java:65 deleteOldFiles() ] - deleteOldFiles()-fileName:HomeMate_20170317142320.861.txt

03-30 10:23:44.662 31659 31757 D HomeMate: comm[ Thread-44284: FileTool.java:65 deleteOldFiles() ] - deleteOldFiles()-fileName:HomeMate_20170317142246.323.txt

03-30 10:23:44.663 31659 31757 D HomeMate: comm[ Thread-44284: FileTool.java:65 deleteOldFiles() ] - deleteOldFiles()-fileName:HomeMate_20170317141114.492.txt

03-30 10:23:44.663 31659 31757 D HomeMate: comm[ Thread-44284: FileTool.java:65 deleteOldFiles() ] - deleteOldFiles()-fileName:HomeMate_20170317140814.231.txt

03-30 10:23:44.663 31659 31757 D HomeMate: comm[ Thread-44284: FileTool.java:65 deleteOldFiles() ] - deleteOldFiles()-fileName:HomeMate_20170317140757.261.txt

03-30 10:23:44.663 31659 31757 D HomeMate: comm[ Thread-44284: FileTool.java:65 deleteOldFiles() ] - deleteOldFiles()-fileName:HomeMate_20170317140733.786.txt

03-30 10:23:44.664 31659 31757 D HomeMate: comm[ Thread-44284: FileTool.java:65 deleteOldFiles() ] - deleteOldFiles()-fileName:HomeMate_20170317140642.902.txt

03-30 10:23:44.664 31659 31757 D HomeMate: comm[ Thread-44284: FileTool.java:65 deleteOldFiles() ] - deleteOldFiles()-fileName:HomeMate_20170317140609.558.txt

03-30 10:23:44.664 31659 31757 D HomeMate: comm[ Thread-44284: FileTool.java:65 deleteOldFiles() ] - deleteOldFiles()-fileName:HomeMate_20170317140444.955.txt

03-30 10:23:44.665 31659 31757 D HomeMate: comm[ Thread-44284: FileTool.java:65 deleteOldFiles() ] - deleteOldFiles()-fileName:HomeMate_20170317140353.233.txt

03-30 10:23:44.665 31659 31757 D HomeMate: comm[ Thread-44284: FileTool.java:65 deleteOldFiles() ] - deleteOldFiles()-fileName:HomeMate_20170317140304.707.txt

03-30 10:23:44.665 31659 31757 D HomeMate: comm[ Thread-44284: FileTool.java:65 deleteOldFiles() ] - deleteOldFiles()-fileName:HomeMate_20170317140226.490.txt

03-30 10:23:44.666 31659 31757 D HomeMate: comm[ Thread-44284: FileTool.java:65 deleteOldFiles() ] - deleteOldFiles()-fileName:HomeMate_20170317134309.387.txt

03-30 10:23:44.666 31659 31757 D HomeMate: comm[ Thread-44284: FileTool.java:65 deleteOldFiles() ] - deleteOldFiles()-fileName:HomeMate_20170317133251.956.txt

03-30 10:23:44.666 31659 31757 D HomeMate: comm[ Thread-44284: FileTool.java:65 deleteOldFiles() ] - deleteOldFiles()-fileName:HomeMate_20170317122627.844.txt

03-30 10:23:44.667 31659 31757 D HomeMate: comm[ Thread-44284: FileTool.java:65 deleteOldFiles() ] - deleteOldFiles()-fileName:HomeMate_20170317122544.026.txt

03-30 10:23:44.667 31659 31757 D HomeMate: comm[ Thread-44284: FileTool.java:65 deleteOldFiles() ] - deleteOldFiles()-fileName:HomeMate_20170317122534.674.txt

03-30 10:23:44.667 31659 31757 D HomeMate: comm[ Thread-44284: FileTool.java:65 deleteOldFiles() ] - deleteOldFiles()-fileName:HomeMate_20170317122414.962.txt

03-30 10:23:44.668 31659 31757 D HomeMate: comm[ Thread-44284: FileTool.java:65 deleteOldFiles() ] - deleteOldFiles()-fileName:HomeMate_20170317122330.472.txt

03-30 10:23:44.668 31659 31757 D HomeMate: comm[ Thread-44284: FileTool.java:65 deleteOldFiles() ] - deleteOldFiles()-fileName:HomeMate_20170317122205.068.txt

03-30 10:23:44.668 31659 31757 D HomeMate: comm[ Thread-44284: FileTool.java:65 deleteOldFiles() ] - deleteOldFiles()-fileName:HomeMate_20170317122039.963.txt

03-30 10:23:44.669 31659 31757 D HomeMate: comm[ Thread-44284: FileTool.java:65 deleteOldFiles() ] - deleteOldFiles()-fileName:HomeMate_20170317121930.570.txt

03-30 10:23:44.669 31659 31757 D HomeMate: comm[ Thread-44284: FileTool.java:65 deleteOldFiles() ] - deleteOldFiles()-fileName:HomeMate_20170317121842.800.txt

03-30 10:23:44.669 31659 31757 D HomeMate: comm[ Thread-44284: FileTool.java:65 deleteOldFiles() ] - deleteOldFiles()-fileName:HomeMate_20170317121759.451.txt

03-30 10:23:44.670 31659 31757 D HomeMate: comm[ Thread-44284: FileTool.java:65 deleteOldFiles() ] - deleteOldFiles()-fileName:HomeMate_20170317121714.672.txt

03-30 10:23:44.670 31659 31757 D HomeMate: comm[ Thread-44284: FileTool.java:65 deleteOldFiles() ] - deleteOldFiles()-fileName:HomeMate_20170317121629.592.txt

03-30 10:23:44.670 31659 31757 D HomeMate: comm[ Thread-44284: FileTool.java:65 deleteOldFiles() ] - deleteOldFiles()-fileName:HomeMate_20170317121529.041.txt

03-30 10:23:44.670 31659 31757 D HomeMate: comm[ Thread-44284: FileTool.java:65 deleteOldFiles() ] - deleteOldFiles()-fileName:HomeMate_20170317121442.407.txt

03-30 10:23:44.671 31659 31757 D HomeMate: comm[ Thread-44284: FileTool.java:65 deleteOldFiles() ] - deleteOldFiles()-fileName:HomeMate_20170317121403.800.txt

03-30 10:23:44.671 31659 31757 D HomeMate: comm[ Thread-44284: FileTool.java:65 deleteOldFiles() ] - deleteOldFiles()-fileName:HomeMate_20170317121321.542.txt

03-30 10:23:44.671 31659 31757 D HomeMate: comm[ Thread-44284: FileTool.java:65 deleteOldFiles() ] - deleteOldFiles()-fileName:HomeMate_20170317121129.829.txt

03-30 10:23:44.672 31659 31757 D HomeMate: comm[ Thread-44284: FileTool.java:65 deleteOldFiles() ] - deleteOldFiles()-fileName:HomeMate_20170317121045.172.txt

03-30 10:23:44.672 31659 31757 D HomeMate: comm[ Thread-44284: FileTool.java:65 deleteOldFiles() ] - deleteOldFiles()-fileName:HomeMate_20170317120855.971.txt

03-30 10:23:44.672 31659 31757 D HomeMate: comm[ Thread-44284: FileTool.java:65 deleteOldFiles() ] - deleteOldFiles()-fileName:HomeMate_20170317115949.931.txt

03-30 10:23:44.673 31659 31757 D HomeMate: comm[ Thread-44284: FileTool.java:65 deleteOldFiles() ] - deleteOldFiles()-fileName:HomeMate_20170317115909.557.txt

03-30 10:23:44.673 31659 31757 D HomeMate: comm[ Thread-44284: FileTool.java:65 deleteOldFiles() ] - deleteOldFiles()-fileName:HomeMate_20170317115830.346.txt

03-30 10:23:44.673 31659 31757 D HomeMate: comm[ Thread-44284: FileTool.java:65 deleteOldFiles() ] - deleteOldFiles()-fileName:HomeMate_20170317115750.093.txt

03-30 10:23:44.674 31659 31757 D HomeMate: comm[ Thread-44284: FileTool.java:65 deleteOldFiles() ] - deleteOldFiles()-fileName:HomeMate_20170317115712.050.txt

03-30 10:23:44.674 31659 31757 D HomeMate: comm[ Thread-44284: FileTool.java:65 deleteOldFiles() ] - deleteOldFiles()-fileName:HomeMate_20170317115613.045.txt

03-30 10:23:44.674 31659 31757 D HomeMate: comm[ Thread-44284: FileTool.java:65 deleteOldFiles() ] - deleteOldFiles()-fileName:HomeMate_20170317115529.475.txt

03-30 10:23:44.674 31659 31757 D HomeMate: comm[ Thread-44284: FileTool.java:65 deleteOldFiles() ] - deleteOldFiles()-fileName:HomeMate_20170317115453.841.txt

03-30 10:23:44.675 31659 31757 D HomeMate: comm[ Thread-44284: FileTool.java:65 deleteOldFiles() ] - deleteOldFiles()-fileName:HomeMate_20170317115332.077.txt

03-30 10:23:44.675 31659 31757 D HomeMate: comm[ Thread-44284: FileTool.java:65 deleteOldFiles() ] - deleteOldFiles()-fileName:HomeMate_20170317115219.737.txt

03-30 10:23:44.675 31659 31757 D HomeMate: comm[ Thread-44284: FileTool.java:65 deleteOldFiles() ] - deleteOldFiles()-fileName:HomeMate_20170317115130.746.txt

03-30 10:23:44.676 31659 31757 D HomeMate: comm[ Thread-44284: FileTool.java:65 deleteOldFiles() ] - deleteOldFiles()-fileName:HomeMate_20170317115042.907.txt

03-30 10:23:44.676 31659 31757 D HomeMate: comm[ Thread-44284: FileTool.java:65 deleteOldFiles() ] - deleteOldFiles()-fileName:HomeMate_20170317115006.518.txt

03-30 10:23:44.676 31659 31757 D HomeMate: comm[ Thread-44284: FileTool.java:65 deleteOldFiles() ] - deleteOldFiles()-fileName:HomeMate_20170317114930.413.txt

03-30 10:23:44.677 31659 31757 D HomeMate: comm[ Thread-44284: FileTool.java:65 deleteOldFiles() ] - deleteOldFiles()-fileName:HomeMate_20170317114855.247.txt

03-30 10:23:44.677 31659 31757 D HomeMate: comm[ Thread-44284: FileTool.java:65 deleteOldFiles() ] - deleteOldFiles()-fileName:HomeMate_20170317114818.821.txt

03-30 10:23:44.677 31659 31757 D HomeMate: comm[ Thread-44284: FileTool.java:65 deleteOldFiles() ] - deleteOldFiles()-fileName:HomeMate_20170317114719.325.txt

03-30 10:23:44.678 31659 31757 D HomeMate: comm[ Thread-44284: FileTool.java:65 deleteOldFiles() ] - deleteOldFiles()-fileName:HomeMate_20170317114617.058.txt

03-30 10:23:44.678 31659 31757 D HomeMate: comm[ Thread-44284: FileTool.java:65 deleteOldFiles() ] - deleteOldFiles()-fileName:HomeMate_20170317114545.001.txt

03-30 10:23:44.678 31659 31757 D HomeMate: comm[ Thread-44284: FileTool.java:65 deleteOldFiles() ] - deleteOldFiles()-fileName:HomeMate_20170317114455.165.txt

03-30 10:23:44.679 31659 31757 D HomeMate: comm[ Thread-44284: FileTool.java:65 deleteOldFiles() ] - deleteOldFiles()-fileName:HomeMate_20170317114353.552.txt

03-30 10:23:44.679 31659 31757 D HomeMate: comm[ Thread-44284: FileTool.java:65 deleteOldFiles() ] - deleteOldFiles()-fileName:HomeMate_20170317114237.269.txt

03-30 10:23:44.679 31659 31757 D HomeMate: comm[ Thread-44284: FileTool.java:65 deleteOldFiles() ] - deleteOldFiles()-fileName:HomeMate_20170317114128.113.txt

03-30 10:23:44.680 31659 31757 D HomeMate: comm[ Thread-44284: FileTool.java:65 deleteOldFiles() ] - deleteOldFiles()-fileName:HomeMate_20170317114041.829.txt

03-30 10:23:44.680 31659 31757 D HomeMate: comm[ Thread-44284: FileTool.java:65 deleteOldFiles() ] - deleteOldFiles()-fileName:HomeMate_20170317113951.814.txt

03-30 10:23:44.680 31659 31757 D HomeMate: comm[ Thread-44284: FileTool.java:65 deleteOldFiles() ] - deleteOldFiles()-fileName:HomeMate_20170317113841.777.txt

03-30 10:23:44.680 31659 31757 D HomeMate: comm[ Thread-44284: FileTool.java:65 deleteOldFiles() ] - deleteOldFiles()-fileName:HomeMate_20170317113802.061.txt

03-30 10:23:44.681 31659 31757 D HomeMate: comm[ Thread-44284: FileTool.java:65 deleteOldFiles() ] - deleteOldFiles()-fileName:HomeMate_20170317113726.429.txt

03-30 10:23:44.681 31659 31757 D HomeMate: comm[ Thread-44284: FileTool.java:65 deleteOldFiles() ] - deleteOldFiles()-fileName:HomeMate_20170317112858.696.txt

03-30 10:23:44.681 31659 31757 D HomeMate: comm[ Thread-44284: FileTool.java:65 deleteOldFiles() ] - deleteOldFiles()-fileName:HomeMate_20170317112752.951.txt

03-30 10:23:44.682 31659 31757 D HomeMate: comm[ Thread-44284: FileTool.java:65 deleteOldFiles() ] - deleteOldFiles()-fileName:HomeMate_20170317112705.364.txt

03-30 10:23:44.682 31659 31757 D HomeMate: comm[ Thread-44284: FileTool.java:65 deleteOldFiles() ] - deleteOldFiles()-fileName:HomeMate_20170317112629.695.txt

03-30 10:23:44.682 31659 31757 D HomeMate: comm[ Thread-44284: FileTool.java:65 deleteOldFiles() ] - deleteOldFiles()-fileName:HomeMate_20170317112517.837.txt

03-30 10:23:44.683 31659 31757 D HomeMate: comm[ Thread-44284: FileTool.java:65 deleteOldFiles() ] - deleteOldFiles()-fileName:HomeMate_20170317112122.479.txt

03-30 10:23:44.683 31659 31757 D HomeMate: comm[ Thread-44284: FileTool.java:65 deleteOldFiles() ] - deleteOldFiles()-fileName:HomeMate_20170317112030.870.txt

03-30 10:23:44.683 31659 31757 D HomeMate: comm[ Thread-44284: FileTool.java:65 deleteOldFiles() ] - deleteOldFiles()-fileName:HomeMate_20170317111928.439.txt

03-30 10:23:44.684 31659 31757 D HomeMate: comm[ Thread-44284: FileTool.java:65 deleteOldFiles() ] - deleteOldFiles()-fileName:HomeMate_20170317111840.449.txt

03-30 10:23:44.684 31659 31757 D HomeMate: comm[ Thread-44284: FileTool.java:65 deleteOldFiles() ] - deleteOldFiles()-fileName:HomeMate_20170317111743.857.txt

03-30 10:23:44.684 31659 31757 D HomeMate: comm[ Thread-44284: FileTool.java:65 deleteOldFiles() ] - deleteOldFiles()-fileName:HomeMate_20170317111700.624.txt

03-30 10:23:44.685 31659 31757 D HomeMate: comm[ Thread-44284: FileTool.java:65 deleteOldFiles() ] - deleteOldFiles()-fileName:HomeMate_20170317111609.836.txt

03-30 10:23:44.685 31659 31757 D HomeMate: comm[ Thread-44284: FileTool.java:65 deleteOldFiles() ] - deleteOldFiles()-fileName:HomeMate_20170317111309.815.txt

03-30 10:23:44.685 31659 31757 D HomeMate: comm[ Thread-44284: FileTool.java:65 deleteOldFiles() ] - deleteOldFiles()-fileName:HomeMate_20170317111139.428.txt

03-30 10:23:44.686 31659 31757 D HomeMate: comm[ Thread-44284: FileTool.java:65 deleteOldFiles() ] - deleteOldFiles()-fileName:HomeMate_20170317111125.948.txt

03-30 10:23:44.686 31659 31757 D HomeMate: comm[ Thread-44284: FileTool.java:65 deleteOldFiles() ] - deleteOldFiles()-fileName:HomeMate_20170317111036.499.txt

03-30 10:23:44.686 31659 31757 D HomeMate: comm[ Thread-44284: FileTool.java:65 deleteOldFiles() ] - deleteOldFiles()-fileName:HomeMate_20170317110944.424.txt

03-30 10:23:44.687 31659 31757 D HomeMate: comm[ Thread-44284: FileTool.java:65 deleteOldFiles() ] - deleteOldFiles()-fileName:HomeMate_20170317105712.497.txt

03-30 10:23:44.687 31659 31757 D HomeMate: comm[ Thread-44284: FileTool.java:65 deleteOldFiles() ] - deleteOldFiles()-fileName:HomeMate_20170317105607.498.txt

03-30 10:23:44.687 31659 31757 D HomeMate: comm[ Thread-44284: FileTool.java:65 deleteOldFiles() ] - deleteOldFiles()-fileName:HomeMate_20170317105257.417.txt

03-30 10:23:44.688 31659 31757 D HomeMate: comm[ Thread-44284: FileTool.java:65 deleteOldFiles() ] - deleteOldFiles()-fileName:HomeMate_20170317105216.209.txt

03-30 10:23:44.688 31659 31757 D HomeMate: comm[ Thread-44284: FileTool.java:65 deleteOldFiles() ] - deleteOldFiles()-fileName:HomeMate_20170317104847.775.txt

03-30 10:23:44.688 31659 31757 D HomeMate: comm[ Thread-44284: FileTool.java:65 deleteOldFiles() ] - deleteOldFiles()-fileName:HomeMate_20170317104838.919.txt

03-30 10:23:44.689 31659 31757 D HomeMate: comm[ Thread-44284: FileTool.java:65 deleteOldFiles() ] - deleteOldFiles()-fileName:HomeMate_20170317104803.709.txt

03-30 10:23:44.689 31659 31757 D HomeMate: comm[ Thread-44284: FileTool.java:65 deleteOldFiles() ] - deleteOldFiles()-fileName:HomeMate_20170317101726.109.txt

03-30 10:23:44.690 31659 31757 D HomeMate: comm[ Thread-44284: FileTool.java:65 deleteOldFiles() ] - deleteOldFiles()-fileName:HomeMate_20170317102935.263vicenter.db

03-30 10:23:44.690 31659 31757 D HomeMate: comm[ Thread-44284: FileTool.java:65 deleteOldFiles() ] - deleteOldFiles()-fileName:HomeMate_20170317102935.307device_desc.db

03-30 10:23:44.690 31659 31757 D HomeMate: comm[ Thread-44284: FileTool.java:65 deleteOldFiles() ] - deleteOldFiles()-fileName:HomeMate_20170317101610.735.txt

03-30 10:23:44.690 31659 31757 D HomeMate: comm[ Thread-44284: FileTool.java:65 deleteOldFiles() ] - deleteOldFiles()-fileName:HomeMate_20170317101531.040.txt

03-30 10:23:44.691 31659 31757 D HomeMate: comm[ Thread-44284: FileTool.java:65 deleteOldFiles() ] - deleteOldFiles()-fileName:HomeMate_20170317101355.039.txt

03-30 10:23:44.691 31659 31757 D HomeMate: comm[ Thread-44284: FileTool.java:65 deleteOldFiles() ] - deleteOldFiles()-fileName:HomeMate_20170317101315.554.txt

03-30 10:23:44.691 31659 31757 D HomeMate: comm[ Thread-44284: FileTool.java:65 deleteOldFiles() ] - deleteOldFiles()-fileName:HomeMate_20170317101214.429.txt

03-30 10:23:44.692 31659 31757 D HomeMate: comm[ Thread-44284: FileTool.java:65 deleteOldFiles() ] - deleteOldFiles()-fileName:HomeMate_20170317101134.838.txt

03-30 10:23:44.693 31659 31757 D HomeMate: comm[ Thread-44284: FileTool.java:65 deleteOldFiles() ] - deleteOldFiles()-fileName:HomeMate_20170317100650.998.txt

03-30 10:23:44.693 31659 31757 D HomeMate: comm[ Thread-44284: FileTool.java:65 deleteOldFiles() ] - deleteOldFiles()-fileName:HomeMate_20170317100552.043.txt

03-30 10:23:44.694 31659 31757 D HomeMate: comm[ Thread-44284: FileTool.java:65 deleteOldFiles() ] - deleteOldFiles()-fileName:HomeMate_20170317100445.328.txt

03-30 10:23:44.694 31659 31757 D HomeMate: comm[ Thread-44284: FileTool.java:65 deleteOldFiles() ] - deleteOldFiles()-fileName:HomeMate_20170317100308.077.txt

03-30 10:23:44.694 31659 31757 D HomeMate: comm[ Thread-44284: FileTool.java:65 deleteOldFiles() ] - deleteOldFiles()-fileName:HomeMate_20170317100121.859.txt

03-30 10:23:44.695 31659 31757 D HomeMate: comm[ Thread-44284: FileTool.java:65 deleteOldFiles() ] - deleteOldFiles()-fileName:HomeMate_20170317095936.624.txt

03-30 10:23:44.695 31659 31757 D HomeMate: comm[ Thread-44284: FileTool.java:65 deleteOldFiles() ] - deleteOldFiles()-fileName:HomeMate_20170317095758.577.txt

03-30 10:23:44.695 31659 31757 D HomeMate: comm[ Thread-44284: FileTool.java:65 deleteOldFiles() ] - deleteOldFiles()-fileName:HomeMate_20170317095703.842.txt

03-30 10:23:44.696 31659 31757 D HomeMate: comm[ Thread-44284: FileTool.java:65 deleteOldFiles() ] - deleteOldFiles()-fileName:HomeMate_20170317095422.883.txt

03-30 10:23:44.696 31659 31757 D HomeMate: comm[ Thread-44284: FileTool.java:65 deleteOldFiles() ] - deleteOldFiles()-fileName:HomeMate_20170317095007.364.txt

03-30 10:23:44.696 31659 31757 D HomeMate: comm[ Thread-44284: FileTool.java:65 deleteOldFiles() ] - deleteOldFiles()-fileName:HomeMate_20170317094535.697.txt

03-30 10:23:44.697 31659 31757 D HomeMate: comm[ Thread-44284: FileTool.java:65 deleteOldFiles() ] - deleteOldFiles()-fileName:HomeMate_20170317094217.351.txt

03-30 10:23:44.697 31659 31757 D HomeMate: comm[ Thread-44284: FileTool.java:65 deleteOldFiles() ] - deleteOldFiles()-fileName:HomeMate_20170317094039.306.txt

03-30 10:23:44.697 31659 31757 D HomeMate: comm[ Thread-44284: FileTool.java:65 deleteOldFiles() ] - deleteOldFiles()-fileName:HomeMate_20170317093952.720.txt

03-30 10:23:44.698 31659 31757 D HomeMate: comm[ Thread-44284: FileTool.java:65 deleteOldFiles() ] - deleteOldFiles()-fileName:HomeMate_20170317093907.612.txt

03-30 10:23:44.698 31659 31757 D HomeMate: comm[ Thread-44284: FileTool.java:65 deleteOldFiles() ] - deleteOldFiles()-fileName:HomeMate_20170317093029.092.txt

03-30 10:23:44.698 31659 31757 D HomeMate: comm[ Thread-44284: FileTool.java:65 deleteOldFiles() ] - deleteOldFiles()-fileName:HomeMate_20170317092858.911.txt

03-30 10:23:44.698 31659 31757 D HomeMate: comm[ Thread-44284: FileTool.java:65 deleteOldFiles() ] - deleteOldFiles()-fileName:HomeMate_20170317092214.220.txt

03-30 10:23:44.699 31659 31757 D HomeMate: comm[ Thread-44284: FileTool.java:65 deleteOldFiles() ] - deleteOldFiles()-fileName:HomeMate_20170317091748.857.txt

03-30 10:23:44.699 31659 31757 D HomeMate: comm[ Thread-44284: FileTool.java:65 deleteOldFiles() ] - deleteOldFiles()-fileName:HomeMate_20170317091323.066.txt

03-30 10:23:44.700 31659 31757 D HomeMate: comm[ Thread-44284: FileTool.java:65 deleteOldFiles() ] - deleteOldFiles()-fileName:HomeMate_20170316193614.257.txt

03-30 10:23:44.700 31659 31757 D HomeMate: comm[ Thread-44284: FileTool.java:65 deleteOldFiles() ] - deleteOldFiles()-fileName:HomeMate_20170316193540.642.txt

03-30 10:23:44.700 31659 31757 D HomeMate: comm[ Thread-44284: FileTool.java:65 deleteOldFiles() ] - deleteOldFiles()-fileName:HomeMate_20170316193506.629.txt

03-30 10:23:44.701 31659 31757 D HomeMate: comm[ Thread-44284: FileTool.java:65 deleteOldFiles() ] - deleteOldFiles()-fileName:HomeMate_20170316193435.764.txt

03-30 10:23:44.701 31659 31757 D HomeMate: comm[ Thread-44284: FileTool.java:65 deleteOldFiles() ] - deleteOldFiles()-fileName:HomeMate_20170316193132.220.txt

03-30 10:23:44.702 31659 31757 D HomeMate: comm[ Thread-44284: FileTool.java:65 deleteOldFiles() ] - deleteOldFiles()-fileName:HomeMate_20170316193059.384.txt

03-30 10:23:44.702 31659 31757 D HomeMate: comm[ Thread-44284: FileTool.java:65 deleteOldFiles() ] - deleteOldFiles()-fileName:HomeMate_20170316193025.148.txt

03-30 10:23:44.702 31659 31757 D HomeMate: comm[ Thread-44284: FileTool.java:65 deleteOldFiles() ] - deleteOldFiles()-fileName:HomeMate_20170316192955.301.txt

03-30 10:23:44.703 31659 31757 D HomeMate: comm[ Thread-44284: FileTool.java:65 deleteOldFiles() ] - deleteOldFiles()-fileName:HomeMate_20170316185637.055.txt

03-30 10:23:44.703 31659 31757 D HomeMate: comm[ Thread-44284: FileTool.java:65 deleteOldFiles() ] - deleteOldFiles()-fileName:HomeMate_20170316185603.136.txt

03-30 10:23:44.703 31659 31757 D HomeMate: comm[ Thread-44284: FileTool.java:65 deleteOldFiles() ] - deleteOldFiles()-fileName:HomeMate_20170316185529.659.txt

03-30 10:23:44.704 31659 31757 D HomeMate: comm[ Thread-44284: FileTool.java:65 deleteOldFiles() ] - deleteOldFiles()-fileName:HomeMate_20170316185459.023.txt

03-30 10:23:44.704 31659 31757 D HomeMate: comm[ Thread-44284: FileTool.java:65 deleteOldFiles() ] - deleteOldFiles()-fileName:HomeMate_20170316183916.947.txt

03-30 10:23:44.704 31659 31757 D HomeMate: comm[ Thread-44284: FileTool.java:65 deleteOldFiles() ] - deleteOldFiles()-fileName:HomeMate_20170316180845.417.txt

03-30 10:23:44.705 31659 31757 D HomeMate: comm[ Thread-44284: FileTool.java:65 deleteOldFiles() ] - deleteOldFiles()-fileName:HomeMate_20170316180811.856.txt

03-30 10:23:44.705 31659 31757 D HomeMate: comm[ Thread-44284: FileTool.java:65 deleteOldFiles() ] - deleteOldFiles()-fileName:HomeMate_20170316180737.477.txt

03-30 10:23:44.705 31659 31757 D HomeMate: comm[ Thread-44284: FileTool.java:65 deleteOldFiles() ] - deleteOldFiles()-fileName:HomeMate_20170316180703.992.txt

03-30 10:23:44.706 31659 31757 D HomeMate: comm[ Thread-44284: FileTool.java:65 deleteOldFiles() ] - deleteOldFiles()-fileName:HomeMate_20170316180035.609.txt

03-30 10:23:44.706 31659 31757 D HomeMate: comm[ Thread-44284: FileTool.java:65 deleteOldFiles() ] - deleteOldFiles()-fileName:HomeMate_20170316175959.483.txt

03-30 10:23:44.706 31659 31757 D HomeMate: comm[ Thread-44284: FileTool.java:65 deleteOldFiles() ] - deleteOldFiles()-fileName:HomeMate_20170316175901.202.txt

03-30 10:23:44.707 31659 31757 D HomeMate: comm[ Thread-44284: FileTool.java:65 deleteOldFiles() ] - deleteOldFiles()-fileName:HomeMate_20170316175802.527.txt

03-30 10:23:44.707 31659 31757 D HomeMate: comm[ Thread-44284: FileTool.java:65 deleteOldFiles() ] - deleteOldFiles()-fileName:HomeMate_20170316174154.956.txt

03-30 10:23:44.707 31659 31757 D HomeMate: comm[ Thread-44284: FileTool.java:65 deleteOldFiles() ] - deleteOldFiles()-fileName:HomeMate_20170316175327.242vicenter.db

03-30 10:23:44.708 31659 31757 D HomeMate: comm[ Thread-44284: FileTool.java:65 deleteOldFiles() ] - deleteOldFiles()-fileName:HomeMate_20170316175327.274device_desc.db

03-30 10:23:44.708 31659 31757 D HomeMate: comm[ Thread-44284: FileTool.java:65 deleteOldFiles() ] - deleteOldFiles()-fileName:HomeMate_20170316174012.435.txt

03-30 10:23:44.708 31659 31757 D HomeMate: comm[ Thread-44284: FileTool.java:65 deleteOldFiles() ] - deleteOldFiles()-fileName:HomeMate_20170316173928.832.txt

03-30 10:23:44.708 31659 31757 D HomeMate: comm[ Thread-44284: FileTool.java:65 deleteOldFiles() ] - deleteOldFiles()-fileName:HomeMate_20170316173848.786.txt

03-30 10:23:44.709 31659 31757 D HomeMate: comm[ Thread-44284: FileTool.java:65 deleteOldFiles() ] - deleteOldFiles()-fileName:HomeMate_20170316173651.633.txt

03-30 10:23:44.709 31659 31757 D HomeMate: comm[ Thread-44284: FileTool.java:65 deleteOldFiles() ] - deleteOldFiles()-fileName:HomeMate_20170316173522.917.txt

03-30 10:23:44.710 31659 31757 D HomeMate: comm[ Thread-44284: FileTool.java:65 deleteOldFiles() ] - deleteOldFiles()-fileName:HomeMate_20170316173426.856.txt

03-30 10:23:44.710 31659 31757 D HomeMate: comm[ Thread-44284: FileTool.java:65 deleteOldFiles() ] - deleteOldFiles()-fileName:HomeMate_20170316173335.291.txt

03-30 10:23:44.710 31659 31757 D HomeMate: comm[ Thread-44284: FileTool.java:65 deleteOldFiles() ] - deleteOldFiles()-fileName:HomeMate_20170316173253.316.txt

