03-30 10:47:18.774  6151  6186 I octvm_klo: new timerfd interval:

03-30 10:47:18.774  6151  6186 I octvm_klo: 	itval.it_interval.tv_sec 1, itval.it_interval.tv_nsec 0

03-30 10:47:18.774  6151  6186 I octvm_klo: 	itval.it_value.tv_sec 0, itval.it_value.tv_nsec 999997812

03-30 10:47:18.775 23914 23914 D HomeMate: allen[ main: HomePagerFragment.java:186 onActivityCreated() ] - onActivityCreated()

03-30 10:47:18.776 23914 24026 D HomeMate: comm[ Thread-44567: FileTool.java:65 deleteOldFiles() ] - deleteOldFiles()-fileName:HomeMate_20170317151410.207.txt

03-30 10:47:18.779 23914 24026 D HomeMate: comm[ Thread-44567: FileTool.java:65 deleteOldFiles() ] - deleteOldFiles()-fileName:HomeMate_20170317151247.074.txt

03-30 10:47:18.779 23914 24026 D HomeMate: comm[ Thread-44567: FileTool.java:65 deleteOldFiles() ] - deleteOldFiles()-fileName:HomeMate_20170317151132.795.txt

03-30 10:47:18.779 23914 24026 D HomeMate: comm[ Thread-44567: FileTool.java:65 deleteOldFiles() ] - deleteOldFiles()-fileName:HomeMate_20170317150950.288.txt

03-30 10:47:18.780 23914 24026 D HomeMate: comm[ Thread-44567: FileTool.java:65 deleteOldFiles() ] - deleteOldFiles()-fileName:HomeMate_20170317150908.212.txt

03-30 10:47:18.780 23914 24026 D HomeMate: comm[ Thread-44567: FileTool.java:65 deleteOldFiles() ] - deleteOldFiles()-fileName:HomeMate_20170317150826.457.txt

03-30 10:47:18.780 23914 24026 D HomeMate: comm[ Thread-44567: FileTool.java:65 deleteOldFiles() ] - deleteOldFiles()-fileName:HomeMate_20170317150403.731.txt

03-30 10:47:18.781 23914 24026 D HomeMate: comm[ Thread-44567: FileTool.java:65 deleteOldFiles() ] - deleteOldFiles()-fileName:HomeMate_20170317150326.290.txt

03-30 10:47:18.781 23914 23914 D HomeMate: comm[ main: PropertyReport.java:94 registerNewPropertyReport() ] - registerNewPropertyReport()-listener:com.orvibo.homemate.device.home.HomeDevicePresenter@4b0649b

03-30 10:47:18.781 23914 24026 D HomeMate: comm[ Thread-44567: FileTool.java:65 deleteOldFiles() ] - deleteOldFiles()-fileName:HomeMate_20170317145419.330.txt

03-30 10:47:18.781 23914 24026 D HomeMate: comm[ Thread-44567: FileTool.java:65 deleteOldFiles() ] - deleteOldFiles()-fileName:HomeMate_20170317145409.896.txt

03-30 10:47:18.782 23914 24026 D HomeMate: comm[ Thread-44567: FileTool.java:65 deleteOldFiles() ] - deleteOldFiles()-fileName:HomeMate_20170317145321.752.txt

03-30 10:47:18.782 23914 23914 D HomeMate: allen[ main: HomeDevicePresenter.java:110 refresh() ] - Start to init devices.

03-30 10:47:18.782 23914 24026 D HomeMate: comm[ Thread-44567: FileTool.java:65 deleteOldFiles() ] - deleteOldFiles()-fileName:HomeMate_20170317145219.676.txt

03-30 10:47:18.782 23914 24026 D HomeMate: comm[ Thread-44567: FileTool.java:65 deleteOldFiles() ] - deleteOldFiles()-fileName:HomeMate_20170317145143.436.txt

03-30 10:47:18.782 23914 23914 D HomeMate: allen[ main: HomeDevicePresenter.java:114 refresh() ] - Show devices from Room{roomId='ea4205a93f1c46b4a6df9bb391513dd9', roomName='é»è®¤æ¿é´', floorId='714c9032b3ef488bbfe77bff438d53a4', roomType=0, sequence=0, isDefaultRoom=false, imgUrl='/storage/emulated/0/HomeMate/room/6_thumb'} BaseBo{delFlag=0, updateTime='0', createTime='0', updateTimeSec=0, uid='null', userName='null'}

03-30 10:47:18.786 23914 24026 D HomeMate: comm[ Thread-44567: FileTool.java:65 deleteOldFiles() ] - deleteOldFiles()-fileName:HomeMate_20170317145107.763.txt

03-30 10:47:18.786 23914 24026 D HomeMate: comm[ Thread-44567: FileTool.java:65 deleteOldFiles() ] - deleteOldFiles()-fileName:HomeMate_20170317145019.557.txt

03-30 10:47:18.786 23914 24026 D HomeMate: comm[ Thread-44567: FileTool.java:65 deleteOldFiles() ] - deleteOldFiles()-fileName:HomeMate_20170317144844.193.txt

03-30 10:47:18.787 23914 24026 D HomeMate: comm[ Thread-44567: FileTool.java:65 deleteOldFiles() ] - deleteOldFiles()-fileName:HomeMate_20170317144435.904.txt

03-30 10:47:18.787 23914 24026 D HomeMate: comm[ Thread-44567: FileTool.java:65 deleteOldFiles() ] - deleteOldFiles()-fileName:HomeMate_20170317144138.924.txt

03-30 10:47:18.787 23914 24026 D HomeMate: comm[ Thread-44567: FileTool.java:65 deleteOldFiles() ] - deleteOldFiles()-fileName:HomeMate_20170317144046.478.txt

03-30 10:47:18.788 23914 24026 D HomeMate: comm[ Thread-44567: FileTool.java:65 deleteOldFiles() ] - deleteOldFiles()-fileName:HomeMate_20170317143944.752.txt

03-30 10:47:18.788 23914 24026 D HomeMate: comm[ Thread-44567: FileTool.java:65 deleteOldFiles() ] - deleteOldFiles()-fileName:HomeMate_20170317143843.851.txt

03-30 10:47:18.788 23914 24026 D HomeMate: comm[ Thread-44567: FileTool.java:65 deleteOldFiles() ] - deleteOldFiles()-fileName:HomeMate_20170317143650.601.txt

03-30 10:47:18.788 23914 24026 D HomeMate: comm[ Thread-44567: FileTool.java:65 deleteOldFiles() ] - deleteOldFiles()-fileName:HomeMate_20170317143540.860.txt

03-30 10:47:18.789 23914 24026 D HomeMate: comm[ Thread-44567: FileTool.java:65 deleteOldFiles() ] - deleteOldFiles()-fileName:HomeMate_20170317143453.294.txt

03-30 10:47:18.789 23914 24026 D HomeMate: comm[ Thread-44567: FileTool.java:65 deleteOldFiles() ] - deleteOldFiles()-fileName:HomeMate_20170317143408.299.txt

03-30 10:47:18.790 23914 24026 D HomeMate: comm[ Thread-44567: FileTool.java:65 deleteOldFiles() ] - deleteOldFiles()-fileName:HomeMate_20170317143018.247.txt

03-30 10:47:18.790 23914 24026 D HomeMate: comm[ Thread-44567: FileTool.java:65 deleteOldFiles() ] - deleteOldFiles()-fileName:HomeMate_20170317142916.569.txt

03-30 10:47:18.790 23914 24026 D HomeMate: comm[ Thread-44567: FileTool.java:65 deleteOldFiles() ] - deleteOldFiles()-fileName:HomeMate_20170317142814.187.txt

03-30 10:47:18.790 23914 23914 D HomeMate: allen[ main: HomeDevicePresenter.java:116 refresh() ] - devices [Device{uid=5ccf7fda9b5e, deviceName=S30æºè½æåº§, deviceId=040c8e12fd4d4f3192d9a5378cf8b149, appDeviceId=65533, deviceType=29, roomId=, company='', delFlag=0, extAddr='', endpoint=-1, irDeviceId=, sequence=0, model='62f1da0474434509923b2dc947a0f14c', updateTime=1490840335000(2017-03-30 10:18:55), userName=null} ]

03-30 10:47:18.791 23914 24026 D HomeMate: comm[ Thread-44567: FileTool.java:65 deleteOldFiles() ] - deleteOldFiles()-fileName:HomeMate_20170317142737.993.txt

03-30 10:47:18.791 23914 24026 D HomeMate: comm[ Thread-44567: FileTool.java:65 deleteOldFiles() ] - deleteOldFiles()-fileName:HomeMate_20170317142658.123.txt

03-30 10:47:18.791 23914 24026 D HomeMate: comm[ Thread-44567: FileTool.java:65 deleteOldFiles() ] - deleteOldFiles()-fileName:HomeMate_20170317142609.183.txt

03-30 10:47:18.792 23914 24026 D HomeMate: comm[ Thread-44567: FileTool.java:65 deleteOldFiles() ] - deleteOldFiles()-fileName:HomeMate_20170317142536.267.txt

03-30 10:47:18.792 23914 24026 D HomeMate: comm[ Thread-44567: FileTool.java:65 deleteOldFiles() ] - deleteOldFiles()-fileName:HomeMate_20170317142448.132.txt

03-30 10:47:18.792 23914 24026 D HomeMate: comm[ Thread-44567: FileTool.java:65 deleteOldFiles() ] - deleteOldFiles()-fileName:HomeMate_20170317142410.867.txt

03-30 10:47:18.795 23914 24026 D HomeMate: comm[ Thread-44567: FileTool.java:65 deleteOldFiles() ] - deleteOldFiles()-fileName:HomeMate_20170317142320.861.txt

03-30 10:47:18.795 23914 23914 D HomeMate: allen[ main: HomeDevicePresenter.java:121 refresh() ] - other devices []

03-30 10:47:18.795 23914 24026 D HomeMate: comm[ Thread-44567: FileTool.java:65 deleteOldFiles() ] - deleteOldFiles()-fileName:HomeMate_20170317142246.323.txt

03-30 10:47:18.795 23914 24026 D HomeMate: comm[ Thread-44567: FileTool.java:65 deleteOldFiles() ] - deleteOldFiles()-fileName:HomeMate_20170317141114.492.txt

03-30 10:47:18.796 23914 24026 D HomeMate: comm[ Thread-44567: FileTool.java:65 deleteOldFiles() ] - deleteOldFiles()-fileName:HomeMate_20170317140814.231.txt

03-30 10:47:18.796 23914 24026 D HomeMate: comm[ Thread-44567: FileTool.java:65 deleteOldFiles() ] - deleteOldFiles()-fileName:HomeMate_20170317140757.261.txt

03-30 10:47:18.796 23914 24026 D HomeMate: comm[ Thread-44567: FileTool.java:65 deleteOldFiles() ] - deleteOldFiles()-fileName:HomeMate_20170317140733.786.txt

03-30 10:47:18.797 23914 24026 D HomeMate: comm[ Thread-44567: FileTool.java:65 deleteOldFiles() ] - deleteOldFiles()-fileName:HomeMate_20170317140642.902.txt

03-30 10:47:18.797 23914 24026 D HomeMate: comm[ Thread-44567: FileTool.java:65 deleteOldFiles() ] - deleteOldFiles()-fileName:HomeMate_20170317140609.558.txt

03-30 10:47:18.797 23914 24026 D HomeMate: comm[ Thread-44567: FileTool.java:65 deleteOldFiles() ] - deleteOldFiles()-fileName:HomeMate_20170317140444.955.txt

03-30 10:47:18.798 23914 24026 D HomeMate: comm[ Thread-44567: FileTool.java:65 deleteOldFiles() ] - deleteOldFiles()-fileName:HomeMate_20170317140353.233.txt

03-30 10:47:18.798 23914 24026 D HomeMate: comm[ Thread-44567: FileTool.java:65 deleteOldFiles() ] - deleteOldFiles()-fileName:HomeMate_20170317140304.707.txt

03-30 10:47:18.798 23914 24026 D HomeMate: comm[ Thread-44567: FileTool.java:65 deleteOldFiles() ] - deleteOldFiles()-fileName:HomeMate_20170317140226.490.txt

03-30 10:47:18.799 23914 24026 D HomeMate: comm[ Thread-44567: FileTool.java:65 deleteOldFiles() ] - deleteOldFiles()-fileName:HomeMate_20170317134309.387.txt

03-30 10:47:18.799 23914 24026 D HomeMate: comm[ Thread-44567: FileTool.java:65 deleteOldFiles() ] - deleteOldFiles()-fileName:HomeMate_20170317133251.956.txt

03-30 10:47:18.799 23914 23914 D HomeMate: allen[ main: HomeDevicePresenter.java:155 refreshDeviceStatus() ] - deviceStatusMap {040c8e12fd4d4f3192d9a5378cf8b149=Action{uid=5ccf7fda9b5e, deviceId=040c8e12fd4d4f3192d9a5378cf8b149, command='null', value1=0, value2=0, value3=0, value4=0, alarmType=1, delayTime=0, keyName='null', freq=0, name=, pluseNum=0, pluseData=null} }

03-30 10:47:18.799 23914 24026 D HomeMate: comm[ Thread-44567: FileTool.java:65 deleteOldFiles() ] - deleteOldFiles()-fileName:HomeMate_20170317122627.844.txt

03-30 10:47:18.800 23914 24026 D HomeMate: comm[ Thread-44567: FileTool.java:65 deleteOldFiles() ] - deleteOldFiles()-fileName:HomeMate_20170317122544.026.txt

03-30 10:47:18.800 23914 24026 D HomeMate: comm[ Thread-44567: FileTool.java:65 deleteOldFiles() ] - deleteOldFiles()-fileName:HomeMate_20170317122534.674.txt

03-30 10:47:18.800 23914 24026 D HomeMate: comm[ Thread-44567: FileTool.java:65 deleteOldFiles() ] - deleteOldFiles()-fileName:HomeMate_20170317122414.962.txt

03-30 10:47:18.801 23914 24026 D HomeMate: comm[ Thread-44567: FileTool.java:65 deleteOldFiles() ] - deleteOldFiles()-fileName:HomeMate_20170317122330.472.txt

03-30 10:47:18.801 23914 23914 D HomeMate: allen[ main: HomePagerFragment.java:229 onDeviceInit() ] - devices:[Device{uid=5ccf7fda9b5e, deviceName=S30æºè½æåº§, deviceId=040c8e12fd4d4f3192d9a5378cf8b149, appDeviceId=65533, deviceType=29, roomId=, company='', delFlag=0, extAddr='', endpoint=-1, irDeviceId=, sequence=0, model='62f1da0474434509923b2dc947a0f14c', updateTime=1490840335000(2017-03-30 10:18:55), userName=null} ],otherDevices:[]

03-30 10:47:18.801 23914 24026 D HomeMate: comm[ Thread-44567: FileTool.java:65 deleteOldFiles() ] - deleteOldFiles()-fileName:HomeMate_20170317122205.068.txt

03-30 10:47:18.801 23914 24026 D HomeMate: comm[ Thread-44567: FileTool.java:65 deleteOldFiles() ] - deleteOldFiles()-fileName:HomeMate_20170317122039.963.txt

03-30 10:47:18.802 23914 24026 D HomeMate: comm[ Thread-44567: FileTool.java:65 deleteOldFiles() ] - deleteOldFiles()-fileName:HomeMate_20170317121930.570.txt

03-30 10:47:18.802 23914 24026 D HomeMate: comm[ Thread-44567: FileTool.java:65 deleteOldFiles() ] - deleteOldFiles()-fileName:HomeMate_20170317121842.800.txt

03-30 10:47:18.802 23914 24026 D HomeMate: comm[ Thread-44567: FileTool.java:65 deleteOldFiles() ] - deleteOldFiles()-fileName:HomeMate_20170317121759.451.txt

03-30 10:47:18.802 23914 24026 D HomeMate: comm[ Thread-44567: FileTool.java:65 deleteOldFiles() ] - deleteOldFiles()-fileName:HomeMate_20170317121714.672.txt

03-30 10:47:18.803 23914 24026 D HomeMate: comm[ Thread-44567: FileTool.java:65 deleteOldFiles() ] - deleteOldFiles()-fileName:HomeMate_20170317121629.592.txt

03-30 10:47:18.803 23914 24026 D HomeMate: comm[ Thread-44567: FileTool.java:65 deleteOldFiles() ] - deleteOldFiles()-fileName:HomeMate_20170317121529.041.txt

03-30 10:47:18.803 23914 24026 D HomeMate: comm[ Thread-44567: FileTool.java:65 deleteOldFiles() ] - deleteOldFiles()-fileName:HomeMate_20170317121442.407.txt

03-30 10:47:18.804 23914 24026 D HomeMate: comm[ Thread-44567: FileTool.java:65 deleteOldFiles() ] - deleteOldFiles()-fileName:HomeMate_20170317121403.800.txt

03-30 10:47:18.804 23914 24026 D HomeMate: comm[ Thread-44567: FileTool.java:65 deleteOldFiles() ] - deleteOldFiles()-fileName:HomeMate_20170317121321.542.txt

03-30 10:47:18.804 23914 24026 D HomeMate: comm[ Thread-44567: FileTool.java:65 deleteOldFiles() ] - deleteOldFiles()-fileName:HomeMate_20170317121129.829.txt

03-30 10:47:18.805 23914 24026 D HomeMate: comm[ Thread-44567: FileTool.java:65 deleteOldFiles() ] - deleteOldFiles()-fileName:HomeMate_20170317121045.172.txt

03-30 10:47:18.805 23914 24026 D HomeMate: comm[ Thread-44567: FileTool.java:65 deleteOldFiles() ] - deleteOldFiles()-fileName:HomeMate_20170317120855.971.txt

03-30 10:47:18.805 23914 24026 D HomeMate: comm[ Thread-44567: FileTool.java:65 deleteOldFiles() ] - deleteOldFiles()-fileName:HomeMate_20170317115949.931.txt

03-30 10:47:18.806 23914 24026 D HomeMate: comm[ Thread-44567: FileTool.java:65 deleteOldFiles() ] - deleteOldFiles()-fileName:HomeMate_20170317115909.557.txt

03-30 10:47:18.806 23914 24026 D HomeMate: comm[ Thread-44567: FileTool.java:65 deleteOldFiles() ] - deleteOldFiles()-fileName:HomeMate_20170317115830.346.txt

03-30 10:47:18.806 23914 24026 D HomeMate: comm[ Thread-44567: FileTool.java:65 deleteOldFiles() ] - deleteOldFiles()-fileName:HomeMate_20170317115750.093.txt

03-30 10:47:18.807 23914 24026 D HomeMate: comm[ Thread-44567: FileTool.java:65 deleteOldFiles() ] - deleteOldFiles()-fileName:HomeMate_20170317115712.050.txt

03-30 10:47:18.807 23914 24026 D HomeMate: comm[ Thread-44567: FileTool.java:65 deleteOldFiles() ] - deleteOldFiles()-fileName:HomeMate_20170317115613.045.txt

03-30 10:47:18.807 23914 24026 D HomeMate: comm[ Thread-44567: FileTool.java:65 deleteOldFiles() ] - deleteOldFiles()-fileName:HomeMate_20170317115529.475.txt

03-30 10:47:18.808 23914 24026 D HomeMate: comm[ Thread-44567: FileTool.java:65 deleteOldFiles() ] - deleteOldFiles()-fileName:HomeMate_20170317115453.841.txt

03-30 10:47:18.808 23914 24026 D HomeMate: comm[ Thread-44567: FileTool.java:65 deleteOldFiles() ] - deleteOldFiles()-fileName:HomeMate_20170317115332.077.txt

03-30 10:47:18.808 23914 24026 D HomeMate: comm[ Thread-44567: FileTool.java:65 deleteOldFiles() ] - deleteOldFiles()-fileName:HomeMate_20170317115219.737.txt

03-30 10:47:18.809 23914 24026 D HomeMate: comm[ Thread-44567: FileTool.java:65 deleteOldFiles() ] - deleteOldFiles()-fileName:HomeMate_20170317115130.746.txt

03-30 10:47:18.809 23914 24026 D HomeMate: comm[ Thread-44567: FileTool.java:65 deleteOldFiles() ] - deleteOldFiles()-fileName:HomeMate_20170317115042.907.txt

03-30 10:47:18.809 23914 24026 D HomeMate: comm[ Thread-44567: FileTool.java:65 deleteOldFiles() ] - deleteOldFiles()-fileName:HomeMate_20170317115006.518.txt

03-30 10:47:18.814 23914 23914 D HomeMate: allen[ main: HomePagerFragment.java:279 onDeviceInit() ] - Show devices

03-30 10:47:18.814 23914 23914 D HomeMate: allen[ main: HomeDevicePresenter.java:129 refresh() ] - Finish to init device. cost 32ms

03-30 10:47:18.817 23914 23914 D HomeMate: comm[ main: DeviceUtil.java:953 getEnergyDevices() ] - familyId:ea4205a93f1c46b4a6df9bb391513dd9

03-30 10:47:18.820 23914 24026 D HomeMate: comm[ Thread-44567: FileTool.java:65 deleteOldFiles() ] - deleteOldFiles()-fileName:HomeMate_20170317114930.413.txt

03-30 10:47:18.820 23914 24026 D HomeMate: comm[ Thread-44567: FileTool.java:65 deleteOldFiles() ] - deleteOldFiles()-fileName:HomeMate_20170317114855.247.txt

03-30 10:47:18.821 23914 24026 D HomeMate: comm[ Thread-44567: FileTool.java:65 deleteOldFiles() ] - deleteOldFiles()-fileName:HomeMate_20170317114818.821.txt

03-30 10:47:18.821 23914 24026 D HomeMate: comm[ Thread-44567: FileTool.java:65 deleteOldFiles() ] - deleteOldFiles()-fileName:HomeMate_20170317114719.325.txt

03-30 10:47:18.821 23914 24026 D HomeMate: comm[ Thread-44567: FileTool.java:65 deleteOldFiles() ] - deleteOldFiles()-fileName:HomeMate_20170317114617.058.txt

03-30 10:47:18.822 23914 24026 D HomeMate: comm[ Thread-44567: FileTool.java:65 deleteOldFiles() ] - deleteOldFiles()-fileName:HomeMate_20170317114545.001.txt

03-30 10:47:18.823 23914 24026 D HomeMate: comm[ Thread-44567: FileTool.java:65 deleteOldFiles() ] - deleteOldFiles()-fileName:HomeMate_20170317114455.165.txt

03-30 10:47:18.823 23914 24026 D HomeMate: comm[ Thread-44567: FileTool.java:65 deleteOldFiles() ] - deleteOldFiles()-fileName:HomeMate_20170317114353.552.txt

03-30 10:47:18.823 23914 24026 D HomeMate: comm[ Thread-44567: FileTool.java:65 deleteOldFiles() ] - deleteOldFiles()-fileName:HomeMate_20170317114237.269.txt

03-30 10:47:18.824 23914 23914 D HomeMate: comm[ main: DeviceUtil.java:989 getEnergyDevices() ] - energyRemindDevices:[]

03-30 10:47:18.824 23914 24026 D HomeMate: comm[ Thread-44567: FileTool.java:65 deleteOldFiles() ] - deleteOldFiles()-fileName:HomeMate_20170317114128.113.txt

03-30 10:47:18.824 23914 24026 D HomeMate: comm[ Thread-44567: FileTool.java:65 deleteOldFiles() ] - deleteOldFiles()-fileName:HomeMate_20170317114041.829.txt

03-30 10:47:18.824 23914 24026 D HomeMate: comm[ Thread-44567: FileTool.java:65 deleteOldFiles() ] - deleteOldFiles()-fileName:HomeMate_20170317113951.814.txt

03-30 10:47:18.825 23914 24026 D HomeMate: comm[ Thread-44567: FileTool.java:65 deleteOldFiles() ] - deleteOldFiles()-fileName:HomeMate_20170317113841.777.txt

03-30 10:47:18.825 23914 24026 D HomeMate: comm[ Thread-44567: FileTool.java:65 deleteOldFiles() ] - deleteOldFiles()-fileName:HomeMate_20170317113802.061.txt

03-30 10:47:18.825 23914 24026 D HomeMate: comm[ Thread-44567: FileTool.java:65 deleteOldFiles() ] - deleteOldFiles()-fileName:HomeMate_20170317113726.429.txt

03-30 10:47:18.826 23914 24026 D HomeMate: comm[ Thread-44567: FileTool.java:65 deleteOldFiles() ] - deleteOldFiles()-fileName:HomeMate_20170317112858.696.txt

03-30 10:47:18.826 23914 24026 D HomeMate: comm[ Thread-44567: FileTool.java:65 deleteOldFiles() ] - deleteOldFiles()-fileName:HomeMate_20170317112752.951.txt

03-30 10:47:18.827 23914 24026 D HomeMate: comm[ Thread-44567: FileTool.java:65 deleteOldFiles() ] - deleteOldFiles()-fileName:HomeMate_20170317112705.364.txt

03-30 10:47:18.827 23914 24026 D HomeMate: comm[ Thread-44567: FileTool.java:65 deleteOldFiles() ] - deleteOldFiles()-fileName:HomeMate_20170317112629.695.txt

03-30 10:47:18.827 23914 23914 I HomeMate: wei[ main: RoomCommonSceneDao.java:46 selRoomCommonScene() ] - select * from scene inner join roomcommonscene on scene.sceneNo = roomcommonscene.sceneNo where roomcommonscene.userId = ? and roomcommonscene.roomId = ? order by roomcommonscene.sceneSequence ASC

03-30 10:47:18.827 23914 24026 D HomeMate: comm[ Thread-44567: FileTool.java:65 deleteOldFiles() ] - deleteOldFiles()-fileName:HomeMate_20170317112517.837.txt

03-30 10:47:18.828 23914 24026 D HomeMate: comm[ Thread-44567: FileTool.java:65 deleteOldFiles() ] - deleteOldFiles()-fileName:HomeMate_20170317112122.479.txt

03-30 10:47:18.828 23914 24026 D HomeMate: comm[ Thread-44567: FileTool.java:65 deleteOldFiles() ] - deleteOldFiles()-fileName:HomeMate_20170317112030.870.txt

03-30 10:47:18.828 23914 24026 D HomeMate: comm[ Thread-44567: FileTool.java:65 deleteOldFiles() ] - deleteOldFiles()-fileName:HomeMate_20170317111928.439.txt

03-30 10:47:18.829 23914 24026 D HomeMate: comm[ Thread-44567: FileTool.java:65 deleteOldFiles() ] - deleteOldFiles()-fileName:HomeMate_20170317111840.449.txt

03-30 10:47:18.829 23914 24026 D HomeMate: comm[ Thread-44567: FileTool.java:65 deleteOldFiles() ] - deleteOldFiles()-fileName:HomeMate_20170317111743.857.txt

03-30 10:47:18.829 23914 24026 D HomeMate: comm[ Thread-44567: FileTool.java:65 deleteOldFiles() ] - deleteOldFiles()-fileName:HomeMate_20170317111700.624.txt

03-30 10:47:18.831 23914 24026 D HomeMate: comm[ Thread-44567: FileTool.java:65 deleteOldFiles() ] - deleteOldFiles()-fileName:HomeMate_20170317111609.836.txt

03-30 10:47:18.831 23914 24026 D HomeMate: comm[ Thread-44567: FileTool.java:65 deleteOldFiles() ] - deleteOldFiles()-fileName:HomeMate_20170317111309.815.txt

03-30 10:47:18.831 23914 24026 D HomeMate: comm[ Thread-44567: FileTool.java:65 deleteOldFiles() ] - deleteOldFiles()-fileName:HomeMate_20170317111139.428.txt

03-30 10:47:18.832 23914 24026 D HomeMate: comm[ Thread-44567: FileTool.java:65 deleteOldFiles() ] - deleteOldFiles()-fileName:HomeMate_20170317111125.948.txt

03-30 10:47:18.832 23914 24026 D HomeMate: comm[ Thread-44567: FileTool.java:65 deleteOldFiles() ] - deleteOldFiles()-fileName:HomeMate_20170317111036.499.txt

03-30 10:47:18.832 23914 24026 D HomeMate: comm[ Thread-44567: FileTool.java:65 deleteOldFiles() ] - deleteOldFiles()-fileName:HomeMate_20170317110944.424.txt

03-30 10:47:18.833 23914 24026 D HomeMate: comm[ Thread-44567: FileTool.java:65 deleteOldFiles() ] - deleteOldFiles()-fileName:HomeMate_20170317105712.497.txt

03-30 10:47:18.834 23914 24026 D HomeMate: comm[ Thread-44567: FileTool.java:65 deleteOldFiles() ] - deleteOldFiles()-fileName:HomeMate_20170317105607.498.txt

03-30 10:47:18.835 23914 24026 D HomeMate: comm[ Thread-44567: FileTool.java:65 deleteOldFiles() ] - deleteOldFiles()-fileName:HomeMate_20170317105257.417.txt

03-30 10:47:18.835 23914 24026 D HomeMate: comm[ Thread-44567: FileTool.java:65 deleteOldFiles() ] - deleteOldFiles()-fileName:HomeMate_20170317105216.209.txt

03-30 10:47:18.835 23914 24026 D HomeMate: comm[ Thread-44567: FileTool.java:65 deleteOldFiles() ] - deleteOldFiles()-fileName:HomeMate_20170317104847.775.txt

03-30 10:47:18.835 23914 24026 D HomeMate: comm[ Thread-44567: FileTool.java:65 deleteOldFiles() ] - deleteOldFiles()-fileName:HomeMate_20170317104838.919.txt

03-30 10:47:18.836 23914 24026 D HomeMate: comm[ Thread-44567: FileTool.java:65 deleteOldFiles() ] - deleteOldFiles()-fileName:HomeMate_20170317104803.709.txt

03-30 10:47:18.836 23914 24026 D HomeMate: comm[ Thread-44567: FileTool.java:65 deleteOldFiles() ] - deleteOldFiles()-fileName:HomeMate_20170317101726.109.txt

03-30 10:47:18.836 23914 24026 D HomeMate: comm[ Thread-44567: FileTool.java:65 deleteOldFiles() ] - deleteOldFiles()-fileName:HomeMate_20170317102935.263vicenter.db

03-30 10:47:18.837 23914 24026 D HomeMate: comm[ Thread-44567: FileTool.java:65 deleteOldFiles() ] - deleteOldFiles()-fileName:HomeMate_20170317102935.307device_desc.db

03-30 10:47:18.837 23914 24026 D HomeMate: comm[ Thread-44567: FileTool.java:65 deleteOldFiles() ] - deleteOldFiles()-fileName:HomeMate_20170317101610.735.txt

03-30 10:47:18.837 23914 24026 D HomeMate: comm[ Thread-44567: FileTool.java:65 deleteOldFiles() ] - deleteOldFiles()-fileName:HomeMate_20170317101531.040.txt

03-30 10:47:18.838 23914 24026 D HomeMate: comm[ Thread-44567: FileTool.java:65 deleteOldFiles() ] - deleteOldFiles()-fileName:HomeMate_20170317101355.039.txt

03-30 10:47:18.838 23914 24026 D HomeMate: comm[ Thread-44567: FileTool.java:65 deleteOldFiles() ] - deleteOldFiles()-fileName:HomeMate_20170317101315.554.txt

03-30 10:47:18.838 23914 24026 D HomeMate: comm[ Thread-44567: FileTool.java:65 deleteOldFiles() ] - deleteOldFiles()-fileName:HomeMate_20170317101214.429.txt

03-30 10:47:18.839 23914 24026 D HomeMate: comm[ Thread-44567: FileTool.java:65 deleteOldFiles() ] - deleteOldFiles()-fileName:HomeMate_20170317101134.838.txt

03-30 10:47:18.839 23914 24026 D HomeMate: comm[ Thread-44567: FileTool.java:65 deleteOldFiles() ] - deleteOldFiles()-fileName:HomeMate_20170317100650.998.txt

03-30 10:47:18.839 23914 24026 D HomeMate: comm[ Thread-44567: FileTool.java:65 deleteOldFiles() ] - deleteOldFiles()-fileName:HomeMate_20170317100552.043.txt

03-30 10:47:18.840 23914 24026 D HomeMate: comm[ Thread-44567: FileTool.java:65 deleteOldFiles() ] - deleteOldFiles()-fileName:HomeMate_20170317100445.328.txt

03-30 10:47:18.840 23914 24026 D HomeMate: comm[ Thread-44567: FileTool.java:65 deleteOldFiles() ] - deleteOldFiles()-fileName:HomeMate_20170317100308.077.txt

03-30 10:47:18.840 23914 24026 D HomeMate: comm[ Thread-44567: FileTool.java:65 deleteOldFiles() ] - deleteOldFiles()-fileName:HomeMate_20170317100121.859.txt

03-30 10:47:18.841 23914 24026 D HomeMate: comm[ Thread-44567: FileTool.java:65 deleteOldFiles() ] - deleteOldFiles()-fileName:HomeMate_20170317095936.624.txt

03-30 10:47:18.841 23914 24026 D HomeMate: comm[ Thread-44567: FileTool.java:65 deleteOldFiles() ] - deleteOldFiles()-fileName:HomeMate_20170317095758.577.txt

03-30 10:47:18.841 23914 24026 D HomeMate: comm[ Thread-44567: FileTool.java:65 deleteOldFiles() ] - deleteOldFiles()-fileName:HomeMate_20170317095703.842.txt

03-30 10:47:18.842 23914 24026 D HomeMate: comm[ Thread-44567: FileTool.java:65 deleteOldFiles() ] - deleteOldFiles()-fileName:HomeMate_20170317095422.883.txt

03-30 10:47:18.842 23914 24026 D HomeMate: comm[ Thread-44567: FileTool.java:65 deleteOldFiles() ] - deleteOldFiles()-fileName:HomeMate_20170317095007.364.txt

03-30 10:47:18.846 23914 24026 D HomeMate: comm[ Thread-44567: FileTool.java:65 deleteOldFiles() ] - deleteOldFiles()-fileName:HomeMate_20170317094535.697.txt

03-30 10:47:18.847 23914 24026 D HomeMate: comm[ Thread-44567: FileTool.java:65 deleteOldFiles() ] - deleteOldFiles()-fileName:HomeMate_20170317094217.351.txt

03-30 10:47:18.847 23914 24026 D HomeMate: comm[ Thread-44567: FileTool.java:65 deleteOldFiles() ] - deleteOldFiles()-fileName:HomeMate_20170317094039.306.txt

03-30 10:47:18.847 23914 24026 D HomeMate: comm[ Thread-44567: FileTool.java:65 deleteOldFiles() ] - deleteOldFiles()-fileName:HomeMate_20170317093952.720.txt

03-30 10:47:18.848 23914 24026 D HomeMate: comm[ Thread-44567: FileTool.java:65 deleteOldFiles() ] - deleteOldFiles()-fileName:HomeMate_20170317093907.612.txt

03-30 10:47:18.848 23914 24026 D HomeMate: comm[ Thread-44567: FileTool.java:65 deleteOldFiles() ] - deleteOldFiles()-fileName:HomeMate_20170317093029.092.txt

03-30 10:47:18.848 23914 23914 D HomeMate: comm[ main: RoomImageUtil.java:275 getRoomImagePathByName() ] - RoomImageUtil: getRoomImagePathByName(file.exists == false !)

03-30 10:47:18.848 23914 24026 D HomeMate: comm[ Thread-44567: FileTool.java:65 deleteOldFiles() ] - deleteOldFiles()-fileName:HomeMate_20170317092858.911.txt

03-30 10:47:18.848 23914 23914 E libEGL  : call to OpenGL ES API with no current context (logged once per thread)

03-30 10:47:18.849 23914 24026 D HomeMate: comm[ Thread-44567: FileTool.java:65 deleteOldFiles() ] - deleteOldFiles()-fileName:HomeMate_20170317092214.220.txt

03-30 10:47:18.849 23914 24026 D HomeMate: comm[ Thread-44567: FileTool.java:65 deleteOldFiles() ] - deleteOldFiles()-fileName:HomeMate_20170317091748.857.txt

03-30 10:47:18.849 23914 24026 D HomeMate: comm[ Thread-44567: FileTool.java:65 deleteOldFiles() ] - deleteOldFiles()-fileName:HomeMate_20170317091323.066.txt

03-30 10:47:18.851 23914 23914 D HomeMate: comm[ main: HomePagerFragment.java:349 setRoomImage() ] - room:Room{roomId='ea4205a93f1c46b4a6df9bb391513dd9', roomName='é»è®¤æ¿é´', floorId='714c9032b3ef488bbfe77bff438d53a4', roomType=0, sequence=0, isDefaultRoom=false, imgUrl='/storage/emulated/0/HomeMate/room/6_thumb'} BaseBo{delFlag=0, updateTime='0', createTime='0', updateTimeSec=0, uid='null', userName='null'}   file.exists()->true

03-30 10:47:18.851 23914 23914 D HomeMate: allen[ main: HomePagerFragment.java:202 onStart() ] - onStart()

03-30 10:47:18.853 23914 24026 D HomeMate: comm[ Thread-44567: FileTool.java:65 deleteOldFiles() ] - deleteOldFiles()-fileName:HomeMate_20170316193614.257.txt

03-30 10:47:18.854 23914 24026 D HomeMate: comm[ Thread-44567: FileTool.java:65 deleteOldFiles() ] - deleteOldFiles()-fileName:HomeMate_20170316193540.642.txt

03-30 10:47:18.854 23914 24026 D HomeMate: comm[ Thread-44567: FileTool.java:65 deleteOldFiles() ] - deleteOldFiles()-fileName:HomeMate_20170316193506.629.txt

03-30 10:47:18.856 23914 24026 D HomeMate: comm[ Thread-44567: FileTool.java:65 deleteOldFiles() ] - deleteOldFiles()-fileName:HomeMate_20170316193435.764.txt

03-30 10:47:18.857 23914 24026 D HomeMate: comm[ Thread-44567: FileTool.java:65 deleteOldFiles() ] - deleteOldFiles()-fileName:HomeMate_20170316193132.220.txt

03-30 10:47:18.857 23914 24026 D HomeMate: comm[ Thread-44567: FileTool.java:65 deleteOldFiles() ] - deleteOldFiles()-fileName:HomeMate_20170316193059.384.txt

03-30 10:47:18.859 23914 23914 D HomeMate: allen[ main: HomePagerFragment.java:208 onResume() ] - onResume()

03-30 10:47:18.859 23914 24026 D HomeMate: comm[ Thread-44567: FileTool.java:65 deleteOldFiles() ] - deleteOldFiles()-fileName:HomeMate_20170316193025.148.txt

03-30 10:47:18.860 23914 24026 D HomeMate: comm[ Thread-44567: FileTool.java:65 deleteOldFiles() ] - deleteOldFiles()-fileName:HomeMate_20170316192955.301.txt

03-30 10:47:18.860 23914 24026 D HomeMate: comm[ Thread-44567: FileTool.java:65 deleteOldFiles() ] - deleteOldFiles()-fileName:HomeMate_20170316185637.055.txt

03-30 10:47:18.861 23914 24026 D HomeMate: comm[ Thread-44567: FileTool.java:65 deleteOldFiles() ] - deleteOldFiles()-fileName:HomeMate_20170316185603.136.txt

03-30 10:47:18.861 23914 24026 D HomeMate: comm[ Thread-44567: FileTool.java:65 deleteOldFiles() ] - deleteOldFiles()-fileName:HomeMate_20170316185529.659.txt

03-30 10:47:18.861 23914 24026 D HomeMate: comm[ Thread-44567: FileTool.java:65 deleteOldFiles() ] - deleteOldFiles()-fileName:HomeMate_20170316185459.023.txt

03-30 10:47:18.862 23914 24026 D HomeMate: comm[ Thread-44567: FileTool.java:65 deleteOldFiles() ] - deleteOldFiles()-fileName:HomeMate_20170316183916.947.txt

03-30 10:47:18.862 23914 24026 D HomeMate: comm[ Thread-44567: FileTool.java:65 deleteOldFiles() ] - deleteOldFiles()-fileName:HomeMate_20170316180845.417.txt

03-30 10:47:18.862 23914 24026 D HomeMate: comm[ Thread-44567: FileTool.java:65 deleteOldFiles() ] - deleteOldFiles()-fileName:HomeMate_20170316180811.856.txt

03-30 10:47:18.863 23914 24026 D HomeMate: comm[ Thread-44567: FileTool.java:65 deleteOldFiles() ] - deleteOldFiles()-fileName:HomeMate_20170316180737.477.txt

03-30 10:47:18.863 23914 24026 D HomeMate: comm[ Thread-44567: FileTool.java:65 deleteOldFiles() ] - deleteOldFiles()-fileName:HomeMate_20170316180703.992.txt

03-30 10:47:18.863 23914 24026 D HomeMate: comm[ Thread-44567: FileTool.java:65 deleteOldFiles() ] - deleteOldFiles()-fileName:HomeMate_20170316180035.609.txt

03-30 10:47:18.864 23914 24026 D HomeMate: comm[ Thread-44567: FileTool.java:65 deleteOldFiles() ] - deleteOldFiles()-fileName:HomeMate_20170316175959.483.txt

03-30 10:47:18.864 23914 24026 D HomeMate: comm[ Thread-44567: FileTool.java:65 deleteOldFiles() ] - deleteOldFiles()-fileName:HomeMate_20170316175901.202.txt

03-30 10:47:18.864 23914 24026 D HomeMate: comm[ Thread-44567: FileTool.java:65 deleteOldFiles() ] - deleteOldFiles()-fileName:HomeMate_20170316175802.527.txt

03-30 10:47:18.865 23914 24026 D HomeMate: comm[ Thread-44567: FileTool.java:65 deleteOldFiles() ] - deleteOldFiles()-fileName:HomeMate_20170316174154.956.txt

03-30 10:47:18.865 23914 24026 D HomeMate: comm[ Thread-44567: FileTool.java:65 deleteOldFiles() ] - deleteOldFiles()-fileName:HomeMate_20170316175327.242vicenter.db

03-30 10:47:18.865 23914 24026 D HomeMate: comm[ Thread-44567: FileTool.java:65 deleteOldFiles() ] - deleteOldFiles()-fileName:HomeMate_20170316175327.274device_desc.db

03-30 10:47:18.866 23914 24026 D HomeMate: comm[ Thread-44567: FileTool.java:65 deleteOldFiles() ] - deleteOldFiles()-fileName:HomeMate_20170316174012.435.txt

03-30 10:47:18.866 23914 24026 D HomeMate: comm[ Thread-44567: FileTool.java:65 deleteOldFiles() ] - deleteOldFiles()-fileName:HomeMate_20170316173928.832.txt

03-30 10:47:18.866 23914 24026 D HomeMate: comm[ Thread-44567: FileTool.java:65 deleteOldFiles() ] - deleteOldFiles()-fileName:HomeMate_20170316173848.786.txt

03-30 10:47:18.867 23914 24026 D HomeMate: comm[ Thread-44567: FileTool.java:65 deleteOldFiles() ] - deleteOldFiles()-fileName:HomeMate_20170316173651.633.txt

03-30 10:47:18.867 23914 24026 D HomeMate: comm[ Thread-44567: FileTool.java:65 deleteOldFiles() ] - deleteOldFiles()-fileName:HomeMate_20170316173522.917.txt

03-30 10:47:18.867 23914 24026 D HomeMate: comm[ Thread-44567: FileTool.java:65 deleteOldFiles() ] - deleteOldFiles()-fileName:HomeMate_20170316173426.856.txt

03-30 10:47:18.867 23914 24026 D HomeMate: comm[ Thread-44567: FileTool.java:65 deleteOldFiles() ] - deleteOldFiles()-fileName:HomeMate_20170316173335.291.txt

03-30 10:47:18.868 23914 24026 D HomeMate: comm[ Thread-44567: FileTool.java:65 deleteOldFiles() ] - deleteOldFiles()-fileName:HomeMate_20170316173253.316.txt

03-30 10:47:18.868 23914 24026 D HomeMate: comm[ Thread-44567: FileTool.java:65 deleteOldFiles() ] - deleteOldFiles()-fileName:HomeMate_20170316173125.326.txt

03-30 10:47:18.868 23914 24026 D HomeMate: comm[ Thread-44567: FileTool.java:65 deleteOldFiles() ] - deleteOldFiles()-fileName:HomeMate_20170316173037.569.txt

03-30 10:47:18.869 23914 24026 D HomeMate: comm[ Thread-44567: FileTool.java:65 deleteOldFiles() ] - deleteOldFiles()-fileName:HomeMate_20170316172955.231.txt

03-30 10:47:18.869 23914 24026 D HomeMate: comm[ Thread-44567: FileTool.java:65 deleteOldFiles() ] - deleteOldFiles()-fileName:HomeMate_20170316172912.233.txt

03-30 10:47:18.873 23914 24026 D HomeMate: comm[ Thread-44567: FileTool.java:65 deleteOldFiles() ] - deleteOldFiles()-fileName:HomeMate_20170316172827.125.txt

03-30 10:47:18.873 23914 24026 D HomeMate: comm[ Thread-44567: FileTool.java:65 deleteOldFiles() ] - deleteOldFiles()-fileName:HomeMate_20170316172742.544.txt

03-30 10:47:18.873 23914 24026 D HomeMate: comm[ Thread-44567: FileTool.java:65 deleteOldFiles() ] - deleteOldFiles()-fileName:HomeMate_20170316172615.201.txt

03-30 10:47:18.874 23914 24026 D HomeMate: comm[ Thread-44567: FileTool.java:65 deleteOldFiles() ] - deleteOldFiles()-fileName:HomeMate_20170316172501.591.txt

03-30 10:47:18.874 23914 24026 D HomeMate: comm[ Thread-44567: FileTool.java:65 deleteOldFiles() ] - deleteOldFiles()-fileName:HomeMate_20170316172356.830.txt

03-30 10:47:18.874 23914 24026 D HomeMate: comm[ Thread-44567: FileTool.java:65 deleteOldFiles() ] - deleteOldFiles()-fileName:HomeMate_20170316172303.953.txt

03-30 10:47:18.875 23914 24026 D HomeMate: comm[ Thread-44567: FileTool.java:65 deleteOldFiles() ] - deleteOldFiles()-fileName:HomeMate_20170316172212.586.txt

03-30 10:47:18.875 23914 24026 D HomeMate: comm[ Thread-44567: FileTool.java:65 deleteOldFiles() ] - deleteOldFiles()-fileName:HomeMate_20170316172126.980.txt

03-30 10:47:18.875 23914 24026 D HomeMate: comm[ Thread-44567: FileTool.java:65 deleteOldFiles() ] - deleteOldFiles()-fileName:HomeMate_20170316172035.944.txt

03-30 10:47:18.876 23914 24026 D HomeMate: comm[ Thread-44567: FileTool.java:65 deleteOldFiles() ] - deleteOldFiles()-fileName:HomeMate_20170316171919.463.txt

03-30 10:47:18.876 23914 24026 D HomeMate: comm[ Thread-44567: FileTool.java:65 deleteOldFiles() ] - deleteOldFiles()-fileName:HomeMate_20170316171813.541.txt

03-30 10:47:18.877 23914 24026 D HomeMate: comm[ Thread-44567: FileTool.java:65 deleteOldFiles() ] - deleteOldFiles()-fileName:HomeMate_20170316171726.614.txt

03-30 10:47:18.877 23914 24026 D HomeMate: comm[ Thread-44567: FileTool.java:65 deleteOldFiles() ] - deleteOldFiles()-fileName:HomeMate_20170316171634.679.txt

03-30 10:47:18.877 23914 24026 D HomeMate: comm[ Thread-44567: FileTool.java:65 deleteOldFiles() ] - deleteOldFiles()-fileName:HomeMate_20170316171520.543.txt

03-30 10:47:18.878 23914 24026 D HomeMate: comm[ Thread-44567: FileTool.java:65 deleteOldFiles() ] - deleteOldFiles()-fileName:HomeMate_20170316171443.800.txt

03-30 10:47:18.878 23914 24026 D HomeMate: comm[ Thread-44567: FileTool.java:65 deleteOldFiles() ] - deleteOldFiles()-fileName:HomeMate_20170316171410.991.txt

03-30 10:47:18.878 23914 24026 D HomeMate: comm[ Thread-44567: FileTool.java:65 deleteOldFiles() ] - deleteOldFiles()-fileName:HomeMate_20170316171231.739.txt

03-30 10:47:18.879 23914 24026 D HomeMate: comm[ Thread-44567: FileTool.java:65 deleteOldFiles() ] - deleteOldFiles()-fileName:HomeMate_20170316171104.886.txt

03-30 10:47:18.879 23914 24026 D HomeMate: comm[ Thread-44567: FileTool.java:65 deleteOldFiles() ] - deleteOldFiles()-fileName:HomeMate_20170316171010.935.txt

03-30 10:47:18.880  2044  4104 I Timeline: Timeline: App_transition_ready time:338129660

03-30 10:47:18.882  2044  4104 I Timeline: Timeline: App_transition_ready time:338129662

03-30 10:47:18.893 23914 24026 D HomeMate: comm[ Thread-44567: FileTool.java:65 deleteOldFiles() ] - deleteOldFiles()-fileName:HomeMate_20170316170856.935.txt

03-30 10:47:18.894 23914 24026 D HomeMate: comm[ Thread-44567: FileTool.java:65 deleteOldFiles() ] - deleteOldFiles()-fileName:HomeMate_20170316170620.582.txt

03-30 10:47:18.894 23914 24026 D HomeMate: comm[ Thread-44567: FileTool.java:65 deleteOldFiles() ] - deleteOldFiles()-fileName:HomeMate_20170316170327.907.txt

03-30 10:47:18.896 23914 24026 D HomeMate: comm[ Thread-44567: FileTool.java:65 deleteOldFiles() ] - deleteOldFiles()-fileName:HomeMate_20170316170207.185.txt

03-30 10:47:18.896 23914 24026 D HomeMate: comm[ Thread-44567: FileTool.java:65 deleteOldFiles() ] - deleteOldFiles()-fileName:HomeMate_20170316170132.198.txt

03-30 10:47:18.897 23914 24026 D HomeMate: comm[ Thread-44567: FileTool.java:65 deleteOldFiles() ] - deleteOldFiles()-fileName:HomeMate_20170316170048.760.txt

03-30 10:47:18.897 23914 24026 D HomeMate: comm[ Thread-44567: FileTool.java:65 deleteOldFiles() ] - deleteOldFiles()-fileName:HomeMate_20170316165931.946.txt

03-30 10:47:18.897 23914 24026 D HomeMate: comm[ Thread-44567: FileTool.java:65 deleteOldFiles() ] - deleteOldFiles()-fileName:HomeMate_20170316165858.632.txt

03-30 10:47:18.901 23914 24026 D HomeMate: comm[ Thread-44567: FileTool.java:65 deleteOldFiles() ] - deleteOldFiles()-fileName:HomeMate_20170316165753.793.txt

03-30 10:47:18.901 23914 23914 E RecyclerView: No adapter attached; skipping layout

03-30 10:47:18.901 23914 24026 D HomeMate: comm[ Thread-44567: FileTool.java:65 deleteOldFiles() ] - deleteOldFiles()-fileName:HomeMate_20170316165655.612.txt

03-30 10:47:18.902 23914 24026 D HomeMate: comm[ Thread-44567: FileTool.java:65 deleteOldFiles() ] - deleteOldFiles()-fileName:HomeMate_20170316165604.904.txt

03-30 10:47:18.902 23914 24026 D HomeMate: comm[ Thread-44567: FileTool.java:65 deleteOldFiles() ] - deleteOldFiles()-fileName:HomeMate_20170316165443.605.txt

03-30 10:47:18.902 23914 24026 D HomeMate: comm[ Thread-44567: FileTool.java:65 deleteOldFiles() ] - deleteOldFiles()-fileName:HomeMate_20170316165347.316.txt

03-30 10:47:18.903 23914 24026 D HomeMate: comm[ Thread-44567: FileTool.java:65 deleteOldFiles() ] - deleteOldFiles()-fileName:HomeMate_20170316165250.233.txt

03-30 10:47:18.903 23914 24026 D HomeMate: comm[ Thread-44567: FileTool.java:65 deleteOldFiles() ] - deleteOldFiles()-fileName:HomeMate_20170316165208.268.txt

03-30 10:47:18.903 23914 24026 D HomeMate: comm[ Thread-44567: FileTool.java:65 deleteOldFiles() ] - deleteOldFiles()-fileName:HomeMate_20170316165129.676.txt

03-30 10:47:18.904 23914 24026 D HomeMate: comm[ Thread-44567: FileTool.java:65 deleteOldFiles() ] - deleteOldFiles()-fileName:HomeMate_20170316165013.461.txt

03-30 10:47:18.904 23914 24026 D HomeMate: comm[ Thread-44567: FileTool.java:65 deleteOldFiles() ] - deleteOldFiles()-fileName:HomeMate_20170316164904.681.txt

03-30 10:47:18.904 23914 24026 D HomeMate: comm[ Thread-44567: FileTool.java:65 deleteOldFiles() ] - deleteOldFiles()-fileName:HomeMate_20170316164830.481.txt

03-30 10:47:18.905 23914 24026 D HomeMate: comm[ Thread-44567: FileTool.java:65 deleteOldFiles() ] - deleteOldFiles()-fileName:HomeMate_20170316164756.267.txt

03-30 10:47:18.905 23914 24026 D HomeMate: comm[ Thread-44567: FileTool.java:65 deleteOldFiles() ] - deleteOldFiles()-fileName:HomeMate_20170316164719.976.txt

03-30 10:47:18.905 23914 24026 D HomeMate: comm[ Thread-44567: FileTool.java:65 deleteOldFiles() ] - deleteOldFiles()-fileName:HomeMate_20170316164637.242.txt

03-30 10:47:18.906 23914 24026 D HomeMate: comm[ Thread-44567: FileTool.java:65 deleteOldFiles() ] - deleteOldFiles()-fileName:HomeMate_20170316164545.565.txt

03-30 10:47:18.906 23914 24026 D HomeMate: comm[ Thread-44567: FileTool.java:65 deleteOldFiles() ] - deleteOldFiles()-fileName:HomeMate_20170316164434.118.txt

03-30 10:47:18.906 23914 24026 D HomeMate: comm[ Thread-44567: FileTool.java:65 deleteOldFiles() ] - deleteOldFiles()-fileName:HomeMate_20170316164357.153.txt

03-30 10:47:18.907 23914 24026 D HomeMate: comm[ Thread-44567: FileTool.java:65 deleteOldFiles() ] - deleteOldFiles()-fileName:HomeMate_20170316164324.603.txt

03-30 10:47:18.907 23914 24026 D HomeMate: comm[ Thread-44567: FileTool.java:65 deleteOldFiles() ] - deleteOldFiles()-fileName:HomeMate_20170316164222.699.txt

03-30 10:47:18.907 23914 24026 D HomeMate: comm[ Thread-44567: FileTool.java:65 deleteOldFiles() ] - deleteOldFiles()-fileName:HomeMate_20170316164059.740.txt

03-30 10:47:18.908 23914 24026 D HomeMate: comm[ Thread-44567: FileTool.java:65 deleteOldFiles() ] - deleteOldFiles()-fileName:HomeMate_20170316164000.538.txt

03-30 10:47:18.908 23914 24026 D HomeMate: comm[ Thread-44567: FileTool.java:65 deleteOldFiles() ] - deleteOldFiles()-fileName:HomeMate_20170316163928.231.txt

03-30 10:47:18.908 23914 24026 D HomeMate: comm[ Thread-44567: FileTool.java:65 deleteOldFiles() ] - deleteOldFiles()-fileName:HomeMate_20170316163802.063.txt

03-30 10:47:18.912 23914 24026 D HomeMate: comm[ Thread-44567: FileTool.java:65 deleteOldFiles() ] - deleteOldFiles()-fileName:HomeMate_20170316163729.162.txt

03-30 10:47:18.912 23914 24026 D HomeMate: comm[ Thread-44567: FileTool.java:65 deleteOldFiles() ] - deleteOldFiles()-fileName:HomeMate_20170316163654.626.txt

03-30 10:47:18.913 23914 24026 D HomeMate: comm[ Thread-44567: FileTool.java:65 deleteOldFiles() ] - deleteOldFiles()-fileName:HomeMate_20170316163304.030.txt

03-30 10:47:18.913 23914 24026 D HomeMate: comm[ Thread-44567: FileTool.java:65 deleteOldFiles() ] - deleteOldFiles()-fileName:HomeMate_20170316162743.464.txt

03-30 10:47:18.913 23914 24026 D HomeMate: comm[ Thread-44567: FileTool.java:65 deleteOldFiles() ] - deleteOldFiles()-fileName:HomeMate_20170316162212.462.txt

03-30 10:47:18.914 23914 24026 D HomeMate: comm[ Thread-44567: FileTool.java:65 deleteOldFiles() ] - deleteOldFiles()-fileName:HomeMate_20170316161206.276.txt

03-30 10:47:18.914 23914 24026 D HomeMate: comm[ Thread-44567: FileTool.java:65 deleteOldFiles() ] - deleteOldFiles()-fileName:HomeMate_20170316154418.161.txt

03-30 10:47:18.915 23914 24026 D HomeMate: comm[ Thread-44567: FileTool.java:65 deleteOldFiles() ] - deleteOldFiles()-fileName:HomeMate_20170316154352.318.txt

03-30 10:47:18.915 23914 24026 D HomeMate: comm[ Thread-44567: FileTool.java:65 deleteOldFiles() ] - deleteOldFiles()-fileName:HomeMate_20170316154129.867.txt

03-30 10:47:18.915 23914 24026 D HomeMate: comm[ Thread-44567: FileTool.java:65 deleteOldFiles() ] - deleteOldFiles()-fileName:HomeMate_20170316154058.933.txt

03-30 10:47:18.916 23914 24026 D HomeMate: comm[ Thread-44567: FileTool.java:65 deleteOldFiles() ] - deleteOldFiles()-fileName:HomeMate_20170316153913.732.txt

03-30 10:47:18.916 23914 24026 D HomeMate: comm[ Thread-44567: FileTool.java:65 deleteOldFiles() ] - deleteOldFiles()-fileName:HomeMate_20170316153809.712.txt

03-30 10:47:18.916 23914 24026 D HomeMate: comm[ Thread-44567: FileTool.java:65 deleteOldFiles() ] - deleteOldFiles()-fileName:HomeMate_20170316153718.424.txt

03-30 10:47:18.917 23914 24026 D HomeMate: comm[ Thread-44567: FileTool.java:65 deleteOldFiles() ] - deleteOldFiles()-fileName:HomeMate_20170316153558.131.txt

03-30 10:47:18.917 23914 24026 D HomeMate: comm[ Thread-44567: FileTool.java:65 deleteOldFiles() ] - deleteOldFiles()-fileName:HomeMate_20170316153454.463.txt

03-30 10:47:18.917 23914 24026 D HomeMate: comm[ Thread-44567: FileTool.java:65 deleteOldFiles() ] - deleteOldFiles()-fileName:HomeMate_20170316153353.346.txt

03-30 10:47:18.918 23914 24026 D HomeMate: comm[ Thread-44567: FileTool.java:65 deleteOldFiles() ] - deleteOldFiles()-fileName:HomeMate_20170316153240.537.txt

03-30 10:47:18.918 23914 24026 D HomeMate: comm[ Thread-44567: FileTool.java:65 deleteOldFiles() ] - deleteOldFiles()-fileName:HomeMate_20170316153134.718.txt

03-30 10:47:18.918 23914 24026 D HomeMate: comm[ Thread-44567: FileTool.java:65 deleteOldFiles() ] - deleteOldFiles()-fileName:HomeMate_20170316153013.807.txt

03-30 10:47:18.919 23914 24026 D HomeMate: comm[ Thread-44567: FileTool.java:65 deleteOldFiles() ] - deleteOldFiles()-fileName:HomeMate_20170316152916.779.txt

03-30 10:47:18.919 23914 24026 D HomeMate: comm[ Thread-44567: FileTool.java:65 deleteOldFiles() ] - deleteOldFiles()-fileName:HomeMate_20170316152821.894.txt

03-30 10:47:18.920 23914 24026 D HomeMate: comm[ Thread-44567: FileTool.java:65 deleteOldFiles() ] - deleteOldFiles()-fileName:HomeMate_20170316152746.035.txt

03-30 10:47:18.920 23914 24026 D HomeMate: comm[ Thread-44567: FileTool.java:65 deleteOldFiles() ] - deleteOldFiles()-fileName:HomeMate_20170316152710.752.txt

03-30 10:47:18.921 23914 24026 D HomeMate: comm[ Thread-44567: FileTool.java:65 deleteOldFiles() ] - deleteOldFiles()-fileName:HomeMate_20170316152627.283.txt

03-30 10:47:18.921 23914 24026 D HomeMate: comm[ Thread-44567: FileTool.java:65 deleteOldFiles() ] - deleteOldFiles()-fileName:HomeMate_20170316152532.124.txt

03-30 10:47:18.921 23914 24026 D HomeMate: comm[ Thread-44567: FileTool.java:65 deleteOldFiles() ] - deleteOldFiles()-fileName:HomeMate_20170316152420.296.txt

03-30 10:47:18.922 23914 24026 D HomeMate: comm[ Thread-44567: FileTool.java:65 deleteOldFiles() ] - deleteOldFiles()-fileName:HomeMate_20170316152342.707.txt

03-30 10:47:18.922 23914 24026 D HomeMate: comm[ Thread-44567: FileTool.java:65 deleteOldFiles() ] - deleteOldFiles()-fileName:HomeMate_20170316152309.404.txt

03-30 10:47:18.922 23914 24026 D HomeMate: comm[ Thread-44567: FileTool.java:65 deleteOldFiles() ] - deleteOldFiles()-fileName:HomeMate_20170316151643.318.txt

03-30 10:47:18.923 23914 24026 D HomeMate: comm[ Thread-44567: FileTool.java:65 deleteOldFiles() ] - deleteOldFiles()-fileName:HomeMate_20170316151520.667.txt

03-30 10:47:18.923 23914 24026 D HomeMate: comm[ Thread-44567: FileTool.java:65 deleteOldFiles() ] - deleteOldFiles()-fileName:HomeMate_20170316151446.775.txt

03-30 10:47:18.924 23914 24026 D HomeMate: comm[ Thread-44567: FileTool.java:65 deleteOldFiles() ] - deleteOldFiles()-fileName:HomeMate_20170316151412.891.txt

03-30 10:47:18.924 23914 24026 D HomeMate: comm[ Thread-44567: FileTool.java:65 deleteOldFiles() ] - deleteOldFiles()-fileName:HomeMate_20170316151329.913.txt

03-30 10:47:18.924 23914 24026 D HomeMate: comm[ Thread-44567: FileTool.java:65 deleteOldFiles() ] - deleteOldFiles()-fileName:HomeMate_20170316151234.532.txt

03-30 10:47:18.925 23914 24026 D HomeMate: comm[ Thread-44567: FileTool.java:65 deleteOldFiles() ] - deleteOldFiles()-fileName:HomeMate_20170316151121.638.txt

03-30 10:47:18.925 23914 24026 D HomeMate: comm[ Thread-44567: FileTool.java:65 deleteOldFiles() ] - deleteOldFiles()-fileName:HomeMate_20170316151044.337.txt

03-30 10:47:18.933 23914 24026 D HomeMate: comm[ Thread-44567: FileTool.java:65 deleteOldFiles() ] - deleteOldFiles()-fileName:HomeMate_20170316151008.804.txt

03-30 10:47:18.935 23914 24026 D HomeMate: comm[ Thread-44567: FileTool.java:65 deleteOldFiles() ] - deleteOldFiles()-fileName:HomeMate_20170316150931.925.txt

03-30 10:47:18.936 23914 24026 D HomeMate: comm[ Thread-44567: FileTool.java:65 deleteOldFiles() ] - deleteOldFiles()-fileName:HomeMate_20170316150858.065.txt

03-30 10:47:18.936 23914 24026 D HomeMate: comm[ Thread-44567: FileTool.java:65 deleteOldFiles() ] - deleteOldFiles()-fileName:HomeMate_20170316150400.945.txt

03-30 10:47:18.937 23914 24026 D HomeMate: comm[ Thread-44567: FileTool.java:65 deleteOldFiles() ] - deleteOldFiles()-fileName:HomeMate_20170316150052.126.txt

03-30 10:47:18.937 23914 24026 D HomeMate: comm[ Thread-44567: FileTool.java:65 deleteOldFiles() ] - deleteOldFiles()-fileName:HomeMate_20170316145945.765.txt

03-30 10:47:18.937 23914 24026 D HomeMate: comm[ Thread-44567: FileTool.java:65 deleteOldFiles() ] - deleteOldFiles()-fileName:HomeMate_20170316145754.903.txt

03-30 10:47:18.938 23914 24026 D HomeMate: comm[ Thread-44567: FileTool.java:65 deleteOldFiles() ] - deleteOldFiles()-fileName:HomeMate_20170316145745.663.txt

03-30 10:47:18.938 23914 24026 D HomeMate: comm[ Thread-44567: FileTool.java:65 deleteOldFiles() ] - deleteOldFiles()-fileName:HomeMate_20170316145700.005.txt

03-30 10:47:18.938 23914 24026 D HomeMate: comm[ Thread-44567: FileTool.java:65 deleteOldFiles() ] - deleteOldFiles()-fileName:HomeMate_20170316145650.791.txt

03-30 10:47:18.939 23914 24026 D HomeMate: comm[ Thread-44567: FileTool.java:65 deleteOldFiles() ] - deleteOldFiles()-fileName:HomeMate_20170316145527.688.txt

03-30 10:47:18.939 23914 24026 D HomeMate: comm[ Thread-44567: FileTool.java:65 deleteOldFiles() ] - deleteOldFiles()-fileName:HomeMate_20170316145335.194.txt

03-30 10:47:18.940 23914 24026 D HomeMate: comm[ Thread-44567: FileTool.java:65 deleteOldFiles() ] - deleteOldFiles()-fileName:HomeMate_20170316145247.284.txt

