03-08 11:37:43.630  1923  3680 D WifiStateMachine: starting scan for "18.1_neiwang"-WPA_PSK with 5745,2422

03-08 11:37:43.630  4269  4269 D wpa_supplicant: wlan0: Control interface command 'SCAN TYPE=ONLY freq=5745,2422'

03-08 11:37:43.631  4269  4269 D wpa_supplicant: wlan0: Setting scan request: 0.000000 sec

03-08 11:37:43.631  4269  4269 D wpa_supplicant: CTRL-DEBUG: global_ctrl_sock-sendto: sock=11 sndbuf=163840 outq=0 send_len=3

03-08 11:37:43.631  4269  4269 D wpa_supplicant: wlan0: Starting AP scan for wildcard SSID

03-08 11:37:43.631  4269  4269 D wpa_supplicant: wlan0: Limit manual scan to specified channels

03-08 11:37:43.631  4269  4269 D wpa_supplicant: wlan0: Add radio work 'scan'@0xb6919398

03-08 11:37:43.631  4269  4269 D wpa_supplicant: wlan0: First radio work item in the queue - schedule start immediately

03-08 11:37:43.631  4269  4269 D wpa_supplicant: wlan0: Starting radio work 'scan'@0xb6919398 after 0.000143 second wait

03-08 11:37:43.631  4269  4269 D wpa_supplicant: wlan0: nl80211: scan request

03-08 11:37:43.631  4269  4269 D wpa_supplicant: nl80211: Scan SSID - hexdump(len=0): [NULL]

03-08 11:37:43.632  4269  4269 D wpa_supplicant: nl80211: Scan extra IEs - hexdump(len=7): 7f 05 00 00 0a 02 01

03-08 11:37:43.632  4269  4269 D wpa_supplicant: nl80211: Scan frequency 2422 MHz

03-08 11:37:43.632  4269  4269 D wpa_supplicant: nl80211: Scan frequency 5745 MHz

03-08 11:37:43.647  4269  4269 D wpa_supplicant: Scan requested (ret=0) - scan timeout 30 seconds

03-08 11:37:43.647  4269  4269 D wpa_supplicant: nl80211: Event message available

03-08 11:37:43.647  4269  4269 D wpa_supplicant: nl80211: Drv Event 33 (NL80211_CMD_TRIGGER_SCAN) received for wlan0

03-08 11:37:43.648  4269  4269 D wpa_supplicant: wlan0: nl80211: Scan trigger

03-08 11:37:43.648  4269  4269 D wpa_supplicant: wlan0: Event SCAN_STARTED (47) received

03-08 11:37:43.648  4269  4269 D wpa_supplicant: wlan0: Own scan request started a scan in 0.000389 seconds

03-08 11:37:43.648  4269  4269 D wpa_supplicant: CTRL-DEBUG: ctrl_sock-sendmsg: sock=11 sndbuf=163840 outq=0 send_len=24

03-08 11:37:43.648  4269  4269 D wpa_supplicant: CTRL_IFACE monitor sent successfully to /data/misc/wifi/sockets/wpa_ctrl_1923-2\x00

03-08 11:37:43.649  1923  4266 D WifiHAL : Read rolling over to the start of ring buffer

03-08 11:37:43.775  4269  4269 D wpa_supplicant: nl80211: Event message available

03-08 11:37:43.775  4269  4269 D wpa_supplicant: nl80211: Drv Event 34 (NL80211_CMD_NEW_SCAN_RESULTS) received for wlan0

03-08 11:37:43.775  4269  4269 D wpa_supplicant: wlan0: nl80211: New scan results available

03-08 11:37:43.775  4269  4269 D wpa_supplicant: nl80211: Scan included frequencies: 2422 5745

03-08 11:37:43.775  4269  4269 D wpa_supplicant: wlan0: Event SCAN_RESULTS (3) received

03-08 11:37:43.775  4269  4269 D wpa_supplicant: wlan0: Scan completed in 0.127422 seconds

03-08 11:37:43.775  4269  4269 D wpa_supplicant: nl80211: Associated on 2422 MHz

03-08 11:37:43.775  4269  4269 D wpa_supplicant: nl80211: Associated with c0:3d:46:00:1a:5a

03-08 11:37:43.776  4269  4269 D wpa_supplicant: nl80211: Received scan results (35 BSSes)

03-08 11:37:43.776  4269  4269 D wpa_supplicant: nl80211: Scan results indicate BSS status with c0:3d:46:00:1a:5a as associated

03-08 11:37:43.776  4269  4269 D wpa_supplicant: wlan0: BSS: Start scan result update 9127

03-08 11:37:43.776  4269  4269 D wpa_supplicant: wlan0: BSS: Add new id 27363 BSSID c0:3d:46:00:12:ca SSID 'rgts'

03-08 11:37:43.780  4269  4269 D wpa_supplicant: CTRL-DEBUG: ctrl_sock-sendmsg: sock=11 sndbuf=163840 outq=0 send_len=44

03-08 11:37:43.781  4269  4269 D wpa_supplicant: CTRL_IFACE monitor sent successfully to /data/misc/wifi/sockets/wpa_ctrl_1923-2\x00

03-08 11:37:43.781  4269  4269 D wpa_supplicant: BSS: last_scan_res_used=35/64

03-08 11:37:43.781  4269  4269 D wpa_supplicant: wlan0: Scan-only results received

03-08 11:37:43.781  4269  4269 D wpa_supplicant: CTRL-DEBUG: ctrl_sock-sendmsg: sock=11 sndbuf=163840 outq=448 send_len=24

03-08 11:37:43.781  4269  4269 D wpa_supplicant: CTRL_IFACE monitor sent successfully to /data/misc/wifi/sockets/wpa_ctrl_1923-2\x00

03-08 11:37:43.781  4269  4269 D wpa_supplicant: wlan0: Radio work 'scan'@0xb6919398 done in 0.149666 seconds

03-08 11:37:43.781  4269  4269 D wpa_supplicant: RTM_NEWLINK: ifi_index=22 ifname=wlan0 wext ifi_family=0 ifi_flags=0x11043 ([UP][RUNNING][LOWER_UP])

03-08 11:37:43.786  4269  4269 D wpa_supplicant: CTRL-DEBUG: global_ctrl_sock-sendto: sock=11 sndbuf=163840 outq=0 send_len=3995

03-08 11:37:43.788  4269  4269 D wpa_supplicant: CTRL-DEBUG: global_ctrl_sock-sendto: sock=11 sndbuf=163840 outq=0 send_len=3821

03-08 11:37:43.796  4269  4269 D wpa_supplicant: CTRL-DEBUG: global_ctrl_sock-sendto: sock=11 sndbuf=163840 outq=0 send_len=3962

03-08 11:37:43.801  4269  4269 D wpa_supplicant: CTRL-DEBUG: global_ctrl_sock-sendto: sock=11 sndbuf=163840 outq=0 send_len=3531

03-08 11:37:43.804  4269  4269 D wpa_supplicant: CTRL-DEBUG: global_ctrl_sock-sendto: sock=11 sndbuf=163840 outq=0 send_len=4029

03-08 11:37:43.807  4269  4269 D wpa_supplicant: CTRL-DEBUG: global_ctrl_sock-sendto: sock=11 sndbuf=163840 outq=0 send_len=3792

03-08 11:37:43.812   433   644 W XTCC-5.1.0.8: [WifiScanner] WiFi scan result : [35] AP's

03-08 11:37:43.814  4269  4269 D wpa_supplicant: CTRL-DEBUG: global_ctrl_sock-sendto: sock=11 sndbuf=163840 outq=0 send_len=1522

03-08 11:37:43.896  4269  4269 D wpa_supplicant: EAPOL: EAP Session-Id not available

03-08 11:37:43.896  4269  4269 D wpa_supplicant: CTRL-DEBUG: global_ctrl_sock-sendto: sock=11 sndbuf=163840 outq=0 send_len=278

03-08 11:37:44.037  4269  4269 D wpa_supplicant: wlan0: Control interface command 'SIGNAL_POLL'

03-08 11:37:44.051  4269  4269 D wpa_supplicant: CTRL-DEBUG: global_ctrl_sock-sendto: sock=11 sndbuf=163840 outq=0 send_len=48

03-08 11:37:44.338   372   476 I ThermalEngine: Sensor:batt_temp:330 mC

03-08 11:37:45.340   372   476 I ThermalEngine: Sensor:batt_temp:330 mC

03-08 11:37:46.341   372   476 I ThermalEngine: Sensor:batt_temp:330 mC

03-08 11:37:47.054  4269  4269 D wpa_supplicant: wlan0: Control interface command 'SIGNAL_POLL'

03-08 11:37:47.070  4269  4269 D wpa_supplicant: CTRL-DEBUG: global_ctrl_sock-sendto: sock=11 sndbuf=163840 outq=0 send_len=48

03-08 11:37:47.342   372   476 I ThermalEngine: Sensor:batt_temp:330 mC

03-08 11:37:48.344   372   476 I ThermalEngine: Sensor:batt_temp:330 mC

03-08 11:37:49.347   372   476 I ThermalEngine: Sensor:batt_temp:330 mC

03-08 11:37:50.071  6869 24532 D MSF.C.NetConnTag: netRecv ssoSeq:-1552415304 uin:*2908 cmd:-316037937 -1552414041

03-08 11:37:50.082  4269  4269 D wpa_supplicant: wlan0: Control interface command 'SIGNAL_POLL'

03-08 11:37:50.084  4269  4269 D wpa_supplicant: CTRL-DEBUG: global_ctrl_sock-sendto: sock=11 sndbuf=163840 outq=0 send_len=48

03-08 11:37:50.077 29006 29006 W AppWatcher: type=1400 audit(0.0:993020): avc: denied { getattr } for path="/proc/opalum-temp-calib" dev="proc" ino=4026534634 scontext=u:r:untrusted_app:s0:c512,c768 tcontext=u:object_r:proc_opalum:s0 tclass=file permissive=0

03-08 11:37:50.097 29006 29006 W AppWatcher: type=1400 audit(0.0:993021): avc: denied { getattr } for path="/proc/opalum-f0-calib" dev="proc" ino=4026534633 scontext=u:r:untrusted_app:s0:c512,c768 tcontext=u:object_r:proc_opalum:s0 tclass=file permissive=0

03-08 11:37:50.097 29006 29006 W AppWatcher: type=1400 audit(0.0:993022): avc: denied { getattr } for path="/proc/sysrq-trigger" dev="proc" ino=4026533735 scontext=u:r:untrusted_app:s0:c512,c768 tcontext=u:object_r:proc_sysrq:s0 tclass=file permissive=0

03-08 11:37:50.115  2859  2922 D Q.msg.TroopMsgProxy: insertToList MessageRecord=friendUin:8283senderuin:4325,istroop:1,msgType:-1035,time:1488944269,shmsgseq:122363

03-08 11:37:50.123  2859  2922 D Q.unread.ProxyUnreadMonitor: insertOrUpdateUnread update=--ConversationInfo--,shortUin:*8283,type:1,lastread:122301,unreadCount:62,unreadGiftCount:0,unreadRedPacketCount:0,unreadMark:0

03-08 11:37:50.117 29006 29006 W AppWatcher: type=1400 audit(0.0:993023): avc: denied { getattr } for path="/proc/1" dev="proc" ino=907269 scontext=u:r:untrusted_app:s0:c512,c768 tcontext=u:r:init:s0 tclass=dir permissive=0

03-08 11:37:50.117 29006 29006 W AppWatcher: type=1400 audit(0.0:993024): avc: denied { getattr } for path="/proc/2" dev="proc" ino=907270 scontext=u:r:untrusted_app:s0:c512,c768 tcontext=u:r:kernel:s0 tclass=dir permissive=0

03-08 11:37:50.117 29006 29006 W AppWatcher: type=1400 audit(0.0:993025): avc: denied { getattr } for path="/proc/3" dev="proc" ino=907271 scontext=u:r:untrusted_app:s0:c512,c768 tcontext=u:r:kernel:s0 tclass=dir permissive=0

03-08 11:37:50.117 29006 29006 W AppWatcher: type=1400 audit(0.0:993026): avc: denied { getattr } for path="/proc/6" dev="proc" ino=907272 scontext=u:r:untrusted_app:s0:c512,c768 tcontext=u:r:kernel:s0 tclass=dir permissive=0

03-08 11:37:50.117 29006 29006 W AppWatcher: type=1400 audit(0.0:993027): avc: denied { getattr } for path="/proc/7" dev="proc" ino=907273 scontext=u:r:untrusted_app:s0:c512,c768 tcontext=u:r:kernel:s0 tclass=dir permissive=0

03-08 11:37:50.117 29006 29006 W AppWatcher: type=1400 audit(0.0:993028): avc: denied { getattr } for path="/proc/8" dev="proc" ino=907274 scontext=u:r:untrusted_app:s0:c512,c768 tcontext=u:r:kernel:s0 tclass=dir permissive=0

03-08 11:37:50.117 29006 29006 W AppWatcher: type=1400 audit(0.0:993029): avc: denied { getattr } for path="/proc/21" dev="proc" ino=907275 scontext=u:r:untrusted_app:s0:c512,c768 tcontext=u:r:kernel:s0 tclass=dir permissive=0

03-08 11:37:50.117 29006 29006 W AppWatcher: type=1400 audit(0.0:993030): avc: denied { getattr } for path="/proc/22" dev="proc" ino=907276 scontext=u:r:untrusted_app:s0:c512,c768 tcontext=u:r:kernel:s0 tclass=dir permissive=0

03-08 11:37:50.117 29006 29006 W AppWatcher: type=1400 audit(0.0:993031): avc: denied { getattr } for path="/proc/28" dev="proc" ino=907278 scontext=u:r:untrusted_app:s0:c512,c768 tcontext=u:r:kernel:s0 tclass=dir permissive=0

03-08 11:37:50.137 29006 29006 W AppWatcher: type=1400 audit(0.0:993032): avc: denied { getattr } for path="/proc/29" dev="proc" ino=907279 scontext=u:r:untrusted_app:s0:c512,c768 tcontext=u:r:kernel:s0 tclass=dir permissive=0

03-08 11:37:50.137 29006 29006 W AppWatcher: type=1400 audit(0.0:993033): avc: denied { getattr } for path="/proc/30" dev="proc" ino=907280 scontext=u:r:untrusted_app:s0:c512,c768 tcontext=u:r:kernel:s0 tclass=dir permissive=0

03-08 11:37:50.137 29006 29006 W AppWatcher: type=1400 audit(0.0:993034): avc: denied { getattr } for path="/proc/32" dev="proc" ino=907281 scontext=u:r:untrusted_app:s0:c512,c768 tcontext=u:r:kernel:s0 tclass=dir permissive=0

03-08 11:37:50.137 29006 29006 W AppWatcher: type=1400 audit(0.0:993035): avc: denied { getattr } for path="/proc/33" dev="proc" ino=907282 scontext=u:r:untrusted_app:s0:c512,c768 tcontext=u:r:kernel:s0 tclass=dir permissive=0

03-08 11:37:50.147 29006 29006 W AppWatcher: type=1400 audit(0.0:993036): avc: denied { getattr } for path="/proc/34" dev="proc" ino=907283 scontext=u:r:untrusted_app:s0:c512,c768 tcontext=u:r:kernel:s0 tclass=dir permissive=0

03-08 11:37:50.147 29006 29006 W AppWatcher: type=1400 audit(0.0:993037): avc: denied { getattr } for path="/proc/61" dev="proc" ino=907284 scontext=u:r:untrusted_app:s0:c512,c768 tcontext=u:r:kernel:s0 tclass=dir permissive=0

03-08 11:37:50.147 29006 29006 W AppWatcher: type=1400 audit(0.0:993038): avc: denied { getattr } for path="/proc/62" dev="proc" ino=907285 scontext=u:r:untrusted_app:s0:c512,c768 tcontext=u:r:kernel:s0 tclass=dir permissive=0

03-08 11:37:50.147 29006 29006 W AppWatcher: type=1400 audit(0.0:993039): avc: denied { getattr } for path="/proc/63" dev="proc" ino=907286 scontext=u:r:untrusted_app:s0:c512,c768 tcontext=u:r:kernel:s0 tclass=dir permissive=0

03-08 11:37:50.174  2859  2922 D Q.msg.QQMessageFacadeUnreadMonitor: Recent Msg Unread: (0,0,55) (9980,9000,0) (9953,7230,4) (9992,7000,0) 

03-08 11:37:50.187  2859 13943 D ProxyIpManagerImpl: Load local proxy ip failed, uin:*2908 type: 3 reason: not mobile network!

03-08 11:37:50.189  2859 13943 D TicketManager: get ticket succ, stKey!

03-08 11:37:50.190  2859 13943 D TicketManager: get ticket succ, st!

03-08 11:37:50.348   372   476 I ThermalEngine: Sensor:batt_temp:330 mC

03-08 11:37:50.359  6869  6988 W Settings: Setting airplane_mode_on has moved from android.provider.Settings.System to android.provider.Settings.Global, returning read-only value.

03-08 11:37:50.360  6869  6988 W beacon  : onUserAction return false, because eventName:[MixedMsgReceived] is not allowed in server strategy!

03-08 11:37:50.361  6869  6988 W Settings: Setting airplane_mode_on has moved from android.provider.Settings.System to android.provider.Settings.Global, returning read-only value.

03-08 11:37:50.362  6869  6988 W beacon  : onUserAction return false, because eventName:[actDnsReq] is not allowed in server strategy!

03-08 11:37:50.363  6869  6988 W Settings: Setting airplane_mode_on has moved from android.provider.Settings.System to android.provider.Settings.Global, returning read-only value.

03-08 11:37:50.364  6869  6988 W beacon  : onUserAction return false, because eventName:[actGroupPicSmallDownV1] is not allowed in server strategy!

03-08 11:37:50.495  1923  1923 E JavaBinder: !!! FAILED BINDER TRANSACTION !!!  (parcel size = 104)

03-08 11:37:51.350   372   476 I ThermalEngine: Sensor:batt_temp:330 mC

03-08 11:37:51.500  1923  1923 E JavaBinder: !!! FAILED BINDER TRANSACTION !!!  (parcel size = 104)

03-08 11:37:52.274 26902 13865 W System.err: java.net.SocketTimeoutException: failed to connect to loc.map.baidu.com/14.215.177.33 (port 443) after 12000ms

03-08 11:37:52.275 26902 13865 W System.err: 	at libcore.io.IoBridge.connectErrno(IoBridge.java:169)

03-08 11:37:52.275 26902 13865 W System.err: 	at libcore.io.IoBridge.connect(IoBridge.java:122)

03-08 11:37:52.275 26902 13865 W System.err: 	at java.net.PlainSocketImpl.connect(PlainSocketImpl.java:183)

03-08 11:37:52.275 26902 13865 W System.err: 	at java.net.PlainSocketImpl.connect(PlainSocketImpl.java:452)

03-08 11:37:52.275 26902 13865 W System.err: 	at java.net.Socket.connect(Socket.java:884)

03-08 11:37:52.275 26902 13865 W System.err: 	at com.android.okhttp.internal.Platform.connectSocket(Platform.java:117)

03-08 11:37:52.276 26902 13865 W System.err: 	at com.android.okhttp.internal.http.SocketConnector.connectRawSocket(SocketConnector.java:160)

03-08 11:37:52.276 26902 13865 W System.err: 	at com.android.okhttp.internal.http.SocketConnector.connectTls(SocketConnector.java:79)

03-08 11:37:52.276 26902 13865 W System.err: 	at com.android.okhttp.Connection.connect(Connection.java:143)

03-08 11:37:52.276 26902 13865 W System.err: 	at com.android.okhttp.Connection.connectAndSetOwner(Connection.java:185)

03-08 11:37:52.276 26902 13865 W System.err: 	at com.android.okhttp.OkHttpClient$1.connectAndSetOwner(OkHttpClient.java:128)

03-08 11:37:52.276 26902 13865 W System.err: 	at com.android.okhttp.internal.http.HttpEngine.nextConnection(HttpEngine.java:342)

03-08 11:37:52.277 26902 13865 W System.err: 	at com.android.okhttp.internal.http.HttpEngine.connect(HttpEngine.java:331)

03-08 11:37:52.277 26902 13865 W System.err: 	at com.android.okhttp.internal.http.HttpEngine.sendRequest(HttpEngine.java:249)

03-08 11:37:52.277 26902 13865 W System.err: 	at com.android.okhttp.internal.huc.HttpURLConnectionImpl.execute(HttpURLConnectionImpl.java:437)

03-08 11:37:52.277 26902 13865 W System.err: 	at com.android.okhttp.internal.huc.HttpURLConnectionImpl.connect(HttpURLConnectionImpl.java:114)

03-08 11:37:52.277 26902 13865 W System.err: 	at com.android.okhttp.internal.huc.DelegatingHttpsURLConnection.connect(DelegatingHttpsURLConnection.java:89)

03-08 11:37:52.277 26902 13865 W System.err: 	at com.android.okhttp.internal.huc.HttpsURLConnectionImpl.connect(HttpsURLConnectionImpl.java:25)

03-08 11:37:52.277 26902 13865 W System.err: 	at com.baidu.location.h.e$4.run(Unknown Source)

03-08 11:37:52.278 26902 13865 I baidu_location_service: https NetworkCommunicationException!

03-08 11:37:52.339  4099  5103 I XiaomiFirewall: firewall pkgName:com.baidu.BaiduMap, result:0x0

03-08 11:37:52.351   372   476 I ThermalEngine: Sensor:batt_temp:330 mC

03-08 11:37:52.366  4269  4269 D wpa_supplicant: wlan0: Control interface command 'SCAN TYPE=ONLY'

03-08 11:37:52.366  4269  4269 D wpa_supplicant: wlan0: Setting scan request: 0.000000 sec

03-08 11:37:52.366  4269  4269 D wpa_supplicant: CTRL-DEBUG: global_ctrl_sock-sendto: sock=11 sndbuf=163840 outq=0 send_len=3

03-08 11:37:52.366  4269  4269 D wpa_supplicant: wlan0: Starting AP scan for wildcard SSID

03-08 11:37:52.366  4269  4269 D wpa_supplicant: wlan0: Add radio work 'scan'@0xb6919398

03-08 11:37:52.366  4269  4269 D wpa_supplicant: wlan0: First radio work item in the queue - schedule start immediately

03-08 11:37:52.366  4269  4269 D wpa_supplicant: wlan0: Starting radio work 'scan'@0xb6919398 after 0.000060 second wait

03-08 11:37:52.366  4269  4269 D wpa_supplicant: wlan0: nl80211: scan request

03-08 11:37:52.366  4269  4269 D wpa_supplicant: nl80211: Scan SSID - hexdump(len=0): [NULL]

03-08 11:37:52.366  4269  4269 D wpa_supplicant: nl80211: Scan extra IEs - hexdump(len=7): 7f 05 00 00 0a 02 01

03-08 11:37:52.379  4269  4269 D wpa_supplicant: Scan requested (ret=0) - scan timeout 30 seconds

03-08 11:37:52.379  4269  4269 D wpa_supplicant: nl80211: Event message available

03-08 11:37:52.379  4269  4269 D wpa_supplicant: nl80211: Drv Event 33 (NL80211_CMD_TRIGGER_SCAN) received for wlan0

03-08 11:37:52.379  4269  4269 D wpa_supplicant: wlan0: nl80211: Scan trigger

03-08 11:37:52.380  4269  4269 D wpa_supplicant: wlan0: Event SCAN_STARTED (47) received

03-08 11:37:52.380  4269  4269 D wpa_supplicant: wlan0: Own scan request started a scan in 0.000159 seconds

03-08 11:37:52.380  4269  4269 D wpa_supplicant: CTRL-DEBUG: ctrl_sock-sendmsg: sock=11 sndbuf=163840 outq=0 send_len=24

03-08 11:37:52.380  4269  4269 D wpa_supplicant: CTRL_IFACE monitor sent successfully to /data/misc/wifi/sockets/wpa_ctrl_1923-2\x00

03-08 11:37:53.088  4269  4269 D wpa_supplicant: wlan0: Control interface command 'SIGNAL_POLL'

03-08 11:37:53.092  4269  4269 D wpa_supplicant: CTRL-DEBUG: global_ctrl_sock-sendto: sock=11 sndbuf=163840 outq=0 send_len=48

03-08 11:37:53.353   372   476 I ThermalEngine: Sensor:batt_temp:330 mC

03-08 11:37:54.354   372   476 I ThermalEngine: Sensor:batt_temp:330 mC

03-08 11:37:55.355   372   476 I ThermalEngine: Sensor:batt_temp:330 mC

03-08 11:37:55.414 26902 26918 W Settings: Setting airplane_mode_on has moved from android.provider.Settings.System to android.provider.Settings.Global, returning read-only value.

03-08 11:37:55.431  4099  5103 I XiaomiFirewall: firewall pkgName:com.baidu.BaiduMap, result:0x0

03-08 11:37:55.521  1923  1923 E JavaBinder: !!! FAILED BINDER TRANSACTION !!!  (parcel size = 104)

03-08 11:37:56.100  4269  4269 D wpa_supplicant: wlan0: Control interface command 'SIGNAL_POLL'

03-08 11:37:56.105  4269  4269 D wpa_supplicant: CTRL-DEBUG: global_ctrl_sock-sendto: sock=11 sndbuf=163840 outq=0 send_len=48

03-08 11:37:56.356   372   476 I ThermalEngine: Sensor:batt_temp:330 mC

03-08 11:37:56.530  1923  1923 E JavaBinder: !!! FAILED BINDER TRANSACTION !!!  (parcel size = 104)

03-08 11:37:56.568  4269  4269 D wpa_supplicant: nl80211: Event message available

03-08 11:37:56.568  4269  4269 D wpa_supplicant: nl80211: Drv Event 34 (NL80211_CMD_NEW_SCAN_RESULTS) received for wlan0

03-08 11:37:56.568  4269  4269 D wpa_supplicant: wlan0: nl80211: New scan results available

03-08 11:37:56.568  4269  4269 D wpa_supplicant: nl80211: Scan included frequencies: 2412 2417 2422 2427 2432 2437 2442 2447 2452 2457 2462 2467 2472 5180 5200 5220 5240 5260 5280 5300 5320 5500 5520 5540 5560 5580 5600 5620 5640 5660 5680 5700 5745 5765 5785 5805 5825

03-08 11:37:56.568  4269  4269 D wpa_supplicant: wlan0: Event SCAN_RESULTS (3) received

03-08 11:37:56.568  4269  4269 D wpa_supplicant: wlan0: Scan completed in 4.188642 seconds

03-08 11:37:56.568  4269  4269 D wpa_supplicant: nl80211: Associated on 2422 MHz

03-08 11:37:56.568  4269  4269 D wpa_supplicant: nl80211: Associated with c0:3d:46:00:1a:5a

03-08 11:37:56.569  4269  4269 D wpa_supplicant: nl80211: Received scan results (34 BSSes)

03-08 11:37:56.569  4269  4269 D wpa_supplicant: nl80211: Scan results indicate BSS status with c0:3d:46:00:1a:5a as associated

03-08 11:37:56.569  4269  4269 D wpa_supplicant: wlan0: BSS: Start scan result update 9128

03-08 11:37:56.569  4269  4269 D wpa_supplicant: wlan0: BSS: Add new id 27364 BSSID d4:ee:07:3f:27:1c SSID 'zhanting'

03-08 11:37:56.569  4269  4269 D wpa_supplicant: CTRL-DEBUG: ctrl_sock-sendmsg: sock=11 sndbuf=163840 outq=0 send_len=44

03-08 11:37:56.569  4269  4269 D wpa_supplicant: CTRL_IFACE monitor sent successfully to /data/misc/wifi/sockets/wpa_ctrl_1923-2\x00

03-08 11:37:56.569  4269  4269 D wpa_supplicant: wlan0: BSS: Add new id 27365 BSSID d8:15:0d:6c:70:10 SSID '@ZigbeeTeam_Ext'

03-08 11:37:56.569  4269  4269 D wpa_supplicant: CTRL-DEBUG: ctrl_sock-sendmsg: sock=11 sndbuf=163840 outq=448 send_len=44

03-08 11:37:56.569  4269  4269 D wpa_supplicant: CTRL_IFACE monitor sent successfully to /data/misc/wifi/sockets/wpa_ctrl_1923-2\x00

03-08 11:37:56.570  4269  4269 D wpa_supplicant: wlan0: BSS: Add new id 27366 BSSID cc:81:da:c4:ad:a0 SSID '50.1-qian'

03-08 11:37:56.570  4269  4269 D wpa_supplicant: CTRL-DEBUG: ctrl_sock-sendmsg: sock=11 sndbuf=163840 outq=896 send_len=44

03-08 11:37:56.570  4269  4269 D wpa_supplicant: CTRL_IFACE monitor sent successfully to /data/misc/wifi/sockets/wpa_ctrl_1923-2\x00

03-08 11:37:56.570  4269  4269 D wpa_supplicant: wlan0: BSS: Add new id 27367 BSSID e0:10:7f:0b:e9:f8 SSID 'ORVIBO'

03-08 11:37:56.570  4269  4269 D wpa_supplicant: CTRL-DEBUG: ctrl_sock-sendmsg: sock=11 sndbuf=163840 outq=1344 send_len=44

03-08 11:37:56.570  4269  4269 D wpa_supplicant: CTRL_IFACE monitor sent successfully to /data/misc/wifi/sockets/wpa_ctrl_1923-2\x00

03-08 11:37:56.570  4269  4269 D wpa_supplicant: wlan0: BSS: Remove id 27208 BSSID 30:fc:68:f5:6c:ff SSID 'HostGroup' due to no match in scan

03-08 11:37:56.570  4269  4269 D wpa_supplicant: CTRL-DEBUG: ctrl_sock-sendmsg: sock=11 sndbuf=163840 outq=1792 send_len=46

03-08 11:37:56.570  4269  4269 D wpa_supplicant: CTRL_IFACE monitor sent successfully to /data/misc/wifi/sockets/wpa_ctrl_1923-2\x00

03-08 11:37:56.570  4269  4269 D wpa_supplicant: wlan0: BSS: Remove id 27360 BSSID 04:f0:21:26:f9:27 SSID 'yunji-tele' due to no match in scan

03-08 11:37:56.570  4269  4269 D wpa_supplicant: CTRL-DEBUG: ctrl_sock-sendmsg: sock=11 sndbuf=163840 outq=2240 send_len=46

03-08 11:37:56.570  4269  4269 D wpa_supplicant: CTRL_IFACE monitor sent successfully to /data/misc/wifi/sockets/wpa_ctrl_1923-2\x00

03-08 11:37:56.570  4269  4269 D wpa_supplicant: BSS: last_scan_res_used=34/64

03-08 11:37:56.570  4269  4269 D wpa_supplicant: wlan0: Scan-only results received

03-08 11:37:56.570  4269  4269 D wpa_supplicant: CTRL-DEBUG: ctrl_sock-sendmsg: sock=11 sndbuf=163840 outq=2688 send_len=24

03-08 11:37:56.570  4269  4269 D wpa_supplicant: CTRL_IFACE monitor sent successfully to /data/misc/wifi/sockets/wpa_ctrl_1923-2\x00

03-08 11:37:56.570  4269  4269 D wpa_supplicant: wlan0: Radio work 'scan'@0xb6919398 done in 4.204542 seconds

03-08 11:37:56.584  4269  4269 D wpa_supplicant: CTRL-DEBUG: global_ctrl_sock-sendto: sock=11 sndbuf=163840 outq=0 send_len=3995

03-08 11:37:56.586  4269  4269 D wpa_supplicant: RTM_NEWLINK: ifi_index=22 ifname=wlan0 wext ifi_family=0 ifi_flags=0x11043 ([UP][RUNNING][LOWER_UP])

03-08 11:37:56.588  4269  4269 D wpa_supplicant: CTRL-DEBUG: global_ctrl_sock-sendto: sock=11 sndbuf=163840 outq=0 send_len=3821

03-08 11:37:56.593  4269  4269 D wpa_supplicant: CTRL-DEBUG: global_ctrl_sock-sendto: sock=11 sndbuf=163840 outq=0 send_len=3974

03-08 11:37:56.604  4269  4269 D wpa_supplicant: CTRL-DEBUG: global_ctrl_sock-sendto: sock=11 sndbuf=163840 outq=0 send_len=3999

03-08 11:37:56.607  4269  4269 D wpa_supplicant: CTRL-DEBUG: global_ctrl_sock-sendto: sock=11 sndbuf=163840 outq=0 send_len=3807

03-08 11:37:56.607   433   644 W XTCC-5.1.0.8: [WifiScanner] WiFi scan result : [34] AP's

03-08 11:37:56.614  4269  4269 D wpa_supplicant: CTRL-DEBUG: global_ctrl_sock-sendto: sock=11 sndbuf=163840 outq=0 send_len=3873

03-08 11:37:56.616  4269  4269 D wpa_supplicant: CTRL-DEBUG: global_ctrl_sock-sendto: sock=11 sndbuf=163840 outq=0 send_len=2182

03-08 11:37:56.687  4269  4269 D wpa_supplicant: EAPOL: EAP Session-Id not available

03-08 11:37:56.687  4269  4269 D wpa_supplicant: CTRL-DEBUG: global_ctrl_sock-sendto: sock=11 sndbuf=163840 outq=0 send_len=278

03-08 11:37:56.694  4188  5687 I StepsProvider: Steps Provider Query

03-08 11:37:56.707 26390 27008 E WifiDeviceFinder: start process end time - 13

03-08 11:37:56.714 26390 26435 E WifiScanHomelog: start process end time - 17

03-08 11:37:57.076  6869 24532 D MSF.C.NetConnTag: netRecv ssoSeq:-1552398134 uin:*2908 cmd:-316037937 -1552397783

03-08 11:37:57.081  2859  2922 D Q.msg.TroopMsgProxy: insertToList MessageRecord=friendUin:7087senderuin:6433,istroop:1,msgType:-1000,time:1488944276,shmsgseq:119026

03-08 11:37:57.084  2859  2922 D Q.unread.ProxyUnreadMonitor: insertOrUpdateUnread update=--ConversationInfo--,shortUin:*7087,type:1,lastread:118998,unreadCount:28,unreadGiftCount:0,unreadRedPacketCount:0,unreadMark:0

03-08 11:37:57.125  2859  2922 D Q.msg.QQMessageFacadeUnreadMonitor: Recent Msg Unread: (0,0,55) (9980,9000,0) (9953,7230,4) (9992,7000,0) 

03-08 11:37:57.358   372   476 I ThermalEngine: Sensor:batt_temp:330 mC

03-08 11:37:57.548  1923  1923 E JavaBinder: !!! FAILED BINDER TRANSACTION !!!  (parcel size = 104)

03-08 11:37:58.359   372   476 I ThermalEngine: Sensor:batt_temp:330 mC

03-08 11:37:58.574  1923  1923 E JavaBinder: !!! FAILED BINDER TRANSACTION !!!  (parcel size = 104)

03-08 11:37:59.111  4269  4269 D wpa_supplicant: wlan0: Control interface command 'SIGNAL_POLL'

03-08 11:37:59.129  4269  4269 D wpa_supplicant: CTRL-DEBUG: global_ctrl_sock-sendto: sock=11 sndbuf=163840 outq=0 send_len=48

03-08 11:37:59.360   372   476 I ThermalEngine: Sensor:batt_temp:330 mC

03-08 11:37:59.598  1923  1923 E JavaBinder: !!! FAILED BINDER TRANSACTION !!!  (parcel size = 104)

03-08 11:37:59.630  5352  9829 D FrozenAppController: FrozenAPP, is HasProcessOOMTooLow

03-08 11:37:59.630  5352  9829 D FrozenAppController: >>> event = 22 >>> state = 0 uid 10122

03-08 11:37:59.631  5352  9829 V FrozenAppController:     >>>>  MSG_FROZEN_APP : { uid: 10122 mState:0 mEvent:22 mIsForeground:false mLocationPolicy:255}

03-08 11:38:00.297 29006 29006 W AppWatcher: type=1400 audit(0.0:993286): avc: denied { getattr } for path="/proc/opalum-temp-calib" dev="proc" ino=4026534634 scontext=u:r:untrusted_app:s0:c512,c768 tcontext=u:object_r:proc_opalum:s0 tclass=file permissive=0

03-08 11:38:00.297 29006 29006 W AppWatcher: type=1400 audit(0.0:993287): avc: denied { getattr } for path="/proc/opalum-f0-calib" dev="proc" ino=4026534633 scontext=u:r:untrusted_app:s0:c512,c768 tcontext=u:object_r:proc_opalum:s0 tclass=file permissive=0

03-08 11:38:00.297 29006 29006 W AppWatcher: type=1400 audit(0.0:993288): avc: denied { getattr } for path="/proc/sysrq-trigger" dev="proc" ino=4026533735 scontext=u:r:untrusted_app:s0:c512,c768 tcontext=u:object_r:proc_sysrq:s0 tclass=file permissive=0

03-08 11:38:00.307 29006 29006 W AppWatcher: type=1400 audit(0.0:993289): avc: denied { getattr } for path="/proc/1" dev="proc" ino=907269 scontext=u:r:untrusted_app:s0:c512,c768 tcontext=u:r:init:s0 tclass=dir permissive=0

03-08 11:38:00.307 29006 29006 W AppWatcher: type=1400 audit(0.0:993290): avc: denied { getattr } for path="/proc/2" dev="proc" ino=907270 scontext=u:r:untrusted_app:s0:c512,c768 tcontext=u:r:kernel:s0 tclass=dir permissive=0

03-08 11:38:00.307 29006 29006 W AppWatcher: type=1400 audit(0.0:993291): avc: denied { getattr } for path="/proc/3" dev="proc" ino=907271 scontext=u:r:untrusted_app:s0:c512,c768 tcontext=u:r:kernel:s0 tclass=dir permissive=0

03-08 11:38:00.307 29006 29006 W AppWatcher: type=1400 audit(0.0:993292): avc: denied { getattr } for path="/proc/6" dev="proc" ino=907272 scontext=u:r:untrusted_app:s0:c512,c768 tcontext=u:r:kernel:s0 tclass=dir permissive=0

03-08 11:38:00.307 29006 29006 W AppWatcher: type=1400 audit(0.0:993293): avc: denied { getattr } for path="/proc/7" dev="proc" ino=907273 scontext=u:r:untrusted_app:s0:c512,c768 tcontext=u:r:kernel:s0 tclass=dir permissive=0

03-08 11:38:00.307 29006 29006 W AppWatcher: type=1400 audit(0.0:993294): avc: denied { getattr } for path="/proc/8" dev="proc" ino=907274 scontext=u:r:untrusted_app:s0:c512,c768 tcontext=u:r:kernel:s0 tclass=dir permissive=0

03-08 11:38:00.307 29006 29006 W AppWatcher: type=1400 audit(0.0:993295): avc: denied { getattr } for path="/proc/21" dev="proc" ino=907275 scontext=u:r:untrusted_app:s0:c512,c768 tcontext=u:r:kernel:s0 tclass=dir permissive=0

03-08 11:38:00.307 29006 29006 W AppWatcher: type=1400 audit(0.0:993296): avc: denied { getattr } for path="/proc/22" dev="proc" ino=907276 scontext=u:r:untrusted_app:s0:c512,c768 tcontext=u:r:kernel:s0 tclass=dir permissive=0

03-08 11:38:00.307 29006 29006 W AppWatcher: type=1400 audit(0.0:993297): avc: denied { getattr } for path="/proc/28" dev="proc" ino=907278 scontext=u:r:untrusted_app:s0:c512,c768 tcontext=u:r:kernel:s0 tclass=dir permissive=0

03-08 11:38:00.307 29006 29006 W AppWatcher: type=1400 audit(0.0:993298): avc: denied { getattr } for path="/proc/29" dev="proc" ino=907279 scontext=u:r:untrusted_app:s0:c512,c768 tcontext=u:r:kernel:s0 tclass=dir permissive=0

03-08 11:38:00.307 29006 29006 W AppWatcher: type=1400 audit(0.0:993299): avc: denied { getattr } for path="/proc/30" dev="proc" ino=907280 scontext=u:r:untrusted_app:s0:c512,c768 tcontext=u:r:kernel:s0 tclass=dir permissive=0

03-08 11:38:00.307 29006 29006 W AppWatcher: type=1400 audit(0.0:993300): avc: denied { getattr } for path="/proc/32" dev="proc" ino=907281 scontext=u:r:untrusted_app:s0:c512,c768 tcontext=u:r:kernel:s0 tclass=dir permissive=0

03-08 11:38:00.307 29006 29006 W AppWatcher: type=1400 audit(0.0:993301): avc: denied { getattr } for path="/proc/33" dev="proc" ino=907282 scontext=u:r:untrusted_app:s0:c512,c768 tcontext=u:r:kernel:s0 tclass=dir permissive=0

03-08 11:38:00.307 29006 29006 W AppWatcher: type=1400 audit(0.0:993302): avc: denied { getattr } for path="/proc/34" dev="proc" ino=907283 scontext=u:r:untrusted_app:s0:c512,c768 tcontext=u:r:kernel:s0 tclass=dir permissive=0

03-08 11:38:00.307 29006 29006 W AppWatcher: type=1400 audit(0.0:993303): avc: denied { getattr } for path="/proc/61" dev="proc" ino=907284 scontext=u:r:untrusted_app:s0:c512,c768 tcontext=u:r:kernel:s0 tclass=dir permissive=0

03-08 11:38:00.307 29006 29006 W AppWatcher: type=1400 audit(0.0:993304): avc: denied { getattr } for path="/proc/62" dev="proc" ino=907285 scontext=u:r:untrusted_app:s0:c512,c768 tcontext=u:r:kernel:s0 tclass=dir permissive=0

03-08 11:38:00.307 29006 29006 W AppWatcher: type=1400 audit(0.0:993305): avc: denied { getattr } for path="/proc/63" dev="proc" ino=907286 scontext=u:r:untrusted_app:s0:c512,c768 tcontext=u:r:kernel:s0 tclass=dir permissive=0

03-08 11:38:00.377   372   476 I ThermalEngine: Sensor:batt_temp:330 mC

03-08 11:38:00.624  1923  1923 E JavaBinder: !!! FAILED BINDER TRANSACTION !!!  (parcel size = 104)

03-08 11:38:00.887 13400 13463 D UTAnalytics:LogStoreMgr: pid:13400 [store],

03-08 11:38:00.896 13400 13463 D UTAnalytics:UTSqliteLogStore: pid:13400 sql:SELECT * FROM log ORDER BY time ASC  LIMIT 335,

03-08 11:38:00.900 13400 13463 D UTAnalytics:LogStoreMgr: pid:13400 [get],[],

03-08 11:38:00.907 13400 13463 D UTAnalytics:UploadEngine: pid:13400 UTDC.bBackground:false,AppInfoUtil.isForeground(UTDC.getContext()) ,true,

03-08 11:38:00.908 13400 13463 D UTAnalytics:UploadTask: pid:13400 mPeriod:30000,

03-08 11:38:01.379   372   476 I ThermalEngine: Sensor:batt_temp:330 mC
