03-30 10:23:44.711 31659 31757 D HomeMate: comm[ Thread-44284: FileTool.java:65 deleteOldFiles() ] - deleteOldFiles()-fileName:HomeMate_20170316173125.326.txt

03-30 10:23:44.711 31659 31757 D HomeMate: comm[ Thread-44284: FileTool.java:65 deleteOldFiles() ] - deleteOldFiles()-fileName:HomeMate_20170316173037.569.txt

03-30 10:23:44.711 31659 31757 D HomeMate: comm[ Thread-44284: FileTool.java:65 deleteOldFiles() ] - deleteOldFiles()-fileName:HomeMate_20170316172955.231.txt

03-30 10:23:44.712 31659 31757 D HomeMate: comm[ Thread-44284: FileTool.java:65 deleteOldFiles() ] - deleteOldFiles()-fileName:HomeMate_20170316172912.233.txt

03-30 10:23:44.712 31659 31757 D HomeMate: comm[ Thread-44284: FileTool.java:65 deleteOldFiles() ] - deleteOldFiles()-fileName:HomeMate_20170316172827.125.txt

03-30 10:23:44.712 31659 31757 D HomeMate: comm[ Thread-44284: FileTool.java:65 deleteOldFiles() ] - deleteOldFiles()-fileName:HomeMate_20170316172742.544.txt

03-30 10:23:44.713 31659 31757 D HomeMate: comm[ Thread-44284: FileTool.java:65 deleteOldFiles() ] - deleteOldFiles()-fileName:HomeMate_20170316172615.201.txt

03-30 10:23:44.713 31659 31757 D HomeMate: comm[ Thread-44284: FileTool.java:65 deleteOldFiles() ] - deleteOldFiles()-fileName:HomeMate_20170316172501.591.txt

03-30 10:23:44.713 31659 31757 D HomeMate: comm[ Thread-44284: FileTool.java:65 deleteOldFiles() ] - deleteOldFiles()-fileName:HomeMate_20170316172356.830.txt

03-30 10:23:44.714 31659 31757 D HomeMate: comm[ Thread-44284: FileTool.java:65 deleteOldFiles() ] - deleteOldFiles()-fileName:HomeMate_20170316172303.953.txt

03-30 10:23:44.714 31659 31757 D HomeMate: comm[ Thread-44284: FileTool.java:65 deleteOldFiles() ] - deleteOldFiles()-fileName:HomeMate_20170316172212.586.txt

03-30 10:23:44.714 31659 31757 D HomeMate: comm[ Thread-44284: FileTool.java:65 deleteOldFiles() ] - deleteOldFiles()-fileName:HomeMate_20170316172126.980.txt

03-30 10:23:44.714 31659 31757 D HomeMate: comm[ Thread-44284: FileTool.java:65 deleteOldFiles() ] - deleteOldFiles()-fileName:HomeMate_20170316172035.944.txt

03-30 10:23:44.715 31659 31757 D HomeMate: comm[ Thread-44284: FileTool.java:65 deleteOldFiles() ] - deleteOldFiles()-fileName:HomeMate_20170316171919.463.txt

03-30 10:23:44.715 31659 31757 D HomeMate: comm[ Thread-44284: FileTool.java:65 deleteOldFiles() ] - deleteOldFiles()-fileName:HomeMate_20170316171813.541.txt

03-30 10:23:44.715 31659 31757 D HomeMate: comm[ Thread-44284: FileTool.java:65 deleteOldFiles() ] - deleteOldFiles()-fileName:HomeMate_20170316171726.614.txt

03-30 10:23:44.716 31659 31757 D HomeMate: comm[ Thread-44284: FileTool.java:65 deleteOldFiles() ] - deleteOldFiles()-fileName:HomeMate_20170316171634.679.txt

03-30 10:23:44.716 31659 31757 D HomeMate: comm[ Thread-44284: FileTool.java:65 deleteOldFiles() ] - deleteOldFiles()-fileName:HomeMate_20170316171520.543.txt

03-30 10:23:44.716 31659 31757 D HomeMate: comm[ Thread-44284: FileTool.java:65 deleteOldFiles() ] - deleteOldFiles()-fileName:HomeMate_20170316171443.800.txt

03-30 10:23:44.717 31659 31757 D HomeMate: comm[ Thread-44284: FileTool.java:65 deleteOldFiles() ] - deleteOldFiles()-fileName:HomeMate_20170316171410.991.txt

03-30 10:23:44.717 31659 31757 D HomeMate: comm[ Thread-44284: FileTool.java:65 deleteOldFiles() ] - deleteOldFiles()-fileName:HomeMate_20170316171231.739.txt

03-30 10:23:44.717 31659 31757 D HomeMate: comm[ Thread-44284: FileTool.java:65 deleteOldFiles() ] - deleteOldFiles()-fileName:HomeMate_20170316171104.886.txt

03-30 10:23:44.718 31659 31757 D HomeMate: comm[ Thread-44284: FileTool.java:65 deleteOldFiles() ] - deleteOldFiles()-fileName:HomeMate_20170316171010.935.txt

03-30 10:23:44.718 31659 31757 D HomeMate: comm[ Thread-44284: FileTool.java:65 deleteOldFiles() ] - deleteOldFiles()-fileName:HomeMate_20170316170856.935.txt

03-30 10:23:44.718 31659 31757 D HomeMate: comm[ Thread-44284: FileTool.java:65 deleteOldFiles() ] - deleteOldFiles()-fileName:HomeMate_20170316170620.582.txt

03-30 10:23:44.719 31659 31757 D HomeMate: comm[ Thread-44284: FileTool.java:65 deleteOldFiles() ] - deleteOldFiles()-fileName:HomeMate_20170316170327.907.txt

03-30 10:23:44.719 31659 31757 D HomeMate: comm[ Thread-44284: FileTool.java:65 deleteOldFiles() ] - deleteOldFiles()-fileName:HomeMate_20170316170207.185.txt

03-30 10:23:44.723 31659 31757 D HomeMate: comm[ Thread-44284: FileTool.java:65 deleteOldFiles() ] - deleteOldFiles()-fileName:HomeMate_20170316170132.198.txt

03-30 10:23:44.723 31659 31757 D HomeMate: comm[ Thread-44284: FileTool.java:65 deleteOldFiles() ] - deleteOldFiles()-fileName:HomeMate_20170316170048.760.txt

03-30 10:23:44.724 31659 31757 D HomeMate: comm[ Thread-44284: FileTool.java:65 deleteOldFiles() ] - deleteOldFiles()-fileName:HomeMate_20170316165931.946.txt

03-30 10:23:44.724 31659 31757 D HomeMate: comm[ Thread-44284: FileTool.java:65 deleteOldFiles() ] - deleteOldFiles()-fileName:HomeMate_20170316165858.632.txt

03-30 10:23:44.725 31659 31757 D HomeMate: comm[ Thread-44284: FileTool.java:65 deleteOldFiles() ] - deleteOldFiles()-fileName:HomeMate_20170316165753.793.txt

03-30 10:23:44.726 31659 31757 D HomeMate: comm[ Thread-44284: FileTool.java:65 deleteOldFiles() ] - deleteOldFiles()-fileName:HomeMate_20170316165655.612.txt

03-30 10:23:44.726 31659 31757 D HomeMate: comm[ Thread-44284: FileTool.java:65 deleteOldFiles() ] - deleteOldFiles()-fileName:HomeMate_20170316165604.904.txt

03-30 10:23:44.727 31659 31757 D HomeMate: comm[ Thread-44284: FileTool.java:65 deleteOldFiles() ] - deleteOldFiles()-fileName:HomeMate_20170316165443.605.txt

03-30 10:23:44.727 31659 31757 D HomeMate: comm[ Thread-44284: FileTool.java:65 deleteOldFiles() ] - deleteOldFiles()-fileName:HomeMate_20170316165347.316.txt

03-30 10:23:44.728 31659 31757 D HomeMate: comm[ Thread-44284: FileTool.java:65 deleteOldFiles() ] - deleteOldFiles()-fileName:HomeMate_20170316165250.233.txt

03-30 10:23:44.728 31659 31757 D HomeMate: comm[ Thread-44284: FileTool.java:65 deleteOldFiles() ] - deleteOldFiles()-fileName:HomeMate_20170316165208.268.txt

03-30 10:23:44.729 31659 31757 D HomeMate: comm[ Thread-44284: FileTool.java:65 deleteOldFiles() ] - deleteOldFiles()-fileName:HomeMate_20170316165129.676.txt

03-30 10:23:44.730 31659 31757 D HomeMate: comm[ Thread-44284: FileTool.java:65 deleteOldFiles() ] - deleteOldFiles()-fileName:HomeMate_20170316165013.461.txt

03-30 10:23:44.731 31659 31757 D HomeMate: comm[ Thread-44284: FileTool.java:65 deleteOldFiles() ] - deleteOldFiles()-fileName:HomeMate_20170316164904.681.txt

03-30 10:23:44.731 31659 31757 D HomeMate: comm[ Thread-44284: FileTool.java:65 deleteOldFiles() ] - deleteOldFiles()-fileName:HomeMate_20170316164830.481.txt

03-30 10:23:44.732 31659 31757 D HomeMate: comm[ Thread-44284: FileTool.java:65 deleteOldFiles() ] - deleteOldFiles()-fileName:HomeMate_20170316164756.267.txt

03-30 10:23:44.733 31659 31757 D HomeMate: comm[ Thread-44284: FileTool.java:65 deleteOldFiles() ] - deleteOldFiles()-fileName:HomeMate_20170316164719.976.txt

03-30 10:23:44.734 31659 31757 D HomeMate: comm[ Thread-44284: FileTool.java:65 deleteOldFiles() ] - deleteOldFiles()-fileName:HomeMate_20170316164637.242.txt

03-30 10:23:44.736 31659 31757 D HomeMate: comm[ Thread-44284: FileTool.java:65 deleteOldFiles() ] - deleteOldFiles()-fileName:HomeMate_20170316164545.565.txt

03-30 10:23:44.736 31659 31757 D HomeMate: comm[ Thread-44284: FileTool.java:65 deleteOldFiles() ] - deleteOldFiles()-fileName:HomeMate_20170316164434.118.txt

03-30 10:23:44.737 31659 31757 D HomeMate: comm[ Thread-44284: FileTool.java:65 deleteOldFiles() ] - deleteOldFiles()-fileName:HomeMate_20170316164357.153.txt

03-30 10:23:44.738 31659 31757 D HomeMate: comm[ Thread-44284: FileTool.java:65 deleteOldFiles() ] - deleteOldFiles()-fileName:HomeMate_20170316164324.603.txt

03-30 10:23:44.739 31659 31757 D HomeMate: comm[ Thread-44284: FileTool.java:65 deleteOldFiles() ] - deleteOldFiles()-fileName:HomeMate_20170316164222.699.txt

03-30 10:23:44.740 31659 31757 D HomeMate: comm[ Thread-44284: FileTool.java:65 deleteOldFiles() ] - deleteOldFiles()-fileName:HomeMate_20170316164059.740.txt

03-30 10:23:44.740 31659 31757 D HomeMate: comm[ Thread-44284: FileTool.java:65 deleteOldFiles() ] - deleteOldFiles()-fileName:HomeMate_20170316164000.538.txt

03-30 10:23:44.741 31659 31757 D HomeMate: comm[ Thread-44284: FileTool.java:65 deleteOldFiles() ] - deleteOldFiles()-fileName:HomeMate_20170316163928.231.txt

03-30 10:23:44.742 31659 31757 D HomeMate: comm[ Thread-44284: FileTool.java:65 deleteOldFiles() ] - deleteOldFiles()-fileName:HomeMate_20170316163802.063.txt

03-30 10:23:44.743 31659 31757 D HomeMate: comm[ Thread-44284: FileTool.java:65 deleteOldFiles() ] - deleteOldFiles()-fileName:HomeMate_20170316163729.162.txt

03-30 10:23:44.743 31659 31757 D HomeMate: comm[ Thread-44284: FileTool.java:65 deleteOldFiles() ] - deleteOldFiles()-fileName:HomeMate_20170316163654.626.txt

03-30 10:23:44.744 31659 31757 D HomeMate: comm[ Thread-44284: FileTool.java:65 deleteOldFiles() ] - deleteOldFiles()-fileName:HomeMate_20170316163304.030.txt

03-30 10:23:44.745 31659 31757 D HomeMate: comm[ Thread-44284: FileTool.java:65 deleteOldFiles() ] - deleteOldFiles()-fileName:HomeMate_20170316162743.464.txt

03-30 10:23:44.746 31659 31757 D HomeMate: comm[ Thread-44284: FileTool.java:65 deleteOldFiles() ] - deleteOldFiles()-fileName:HomeMate_20170316162212.462.txt

03-30 10:23:44.746 31659 31757 D HomeMate: comm[ Thread-44284: FileTool.java:65 deleteOldFiles() ] - deleteOldFiles()-fileName:HomeMate_20170316161206.276.txt

03-30 10:23:44.747 31659 31757 D HomeMate: comm[ Thread-44284: FileTool.java:65 deleteOldFiles() ] - deleteOldFiles()-fileName:HomeMate_20170316154418.161.txt

03-30 10:23:44.748 31659 31757 D HomeMate: comm[ Thread-44284: FileTool.java:65 deleteOldFiles() ] - deleteOldFiles()-fileName:HomeMate_20170316154352.318.txt

03-30 10:23:44.749 31659 31757 D HomeMate: comm[ Thread-44284: FileTool.java:65 deleteOldFiles() ] - deleteOldFiles()-fileName:HomeMate_20170316154129.867.txt

03-30 10:23:44.749 31659 31757 D HomeMate: comm[ Thread-44284: FileTool.java:65 deleteOldFiles() ] - deleteOldFiles()-fileName:HomeMate_20170316154058.933.txt

03-30 10:23:44.750 31659 31757 D HomeMate: comm[ Thread-44284: FileTool.java:65 deleteOldFiles() ] - deleteOldFiles()-fileName:HomeMate_20170316153913.732.txt

03-30 10:23:44.750 31659 31757 D HomeMate: comm[ Thread-44284: FileTool.java:65 deleteOldFiles() ] - deleteOldFiles()-fileName:HomeMate_20170316153809.712.txt

03-30 10:23:44.751 31659 31757 D HomeMate: comm[ Thread-44284: FileTool.java:65 deleteOldFiles() ] - deleteOldFiles()-fileName:HomeMate_20170316153718.424.txt

03-30 10:23:44.752 31659 31757 D HomeMate: comm[ Thread-44284: FileTool.java:65 deleteOldFiles() ] - deleteOldFiles()-fileName:HomeMate_20170316153558.131.txt

03-30 10:23:44.752 31659 31757 D HomeMate: comm[ Thread-44284: FileTool.java:65 deleteOldFiles() ] - deleteOldFiles()-fileName:HomeMate_20170316153454.463.txt

03-30 10:23:44.753 31659 31757 D HomeMate: comm[ Thread-44284: FileTool.java:65 deleteOldFiles() ] - deleteOldFiles()-fileName:HomeMate_20170316153353.346.txt

03-30 10:23:44.753 31659 31757 D HomeMate: comm[ Thread-44284: FileTool.java:65 deleteOldFiles() ] - deleteOldFiles()-fileName:HomeMate_20170316153240.537.txt

03-30 10:23:44.753 31659 31757 D HomeMate: comm[ Thread-44284: FileTool.java:65 deleteOldFiles() ] - deleteOldFiles()-fileName:HomeMate_20170316153134.718.txt

03-30 10:23:44.754 31659 31757 D HomeMate: comm[ Thread-44284: FileTool.java:65 deleteOldFiles() ] - deleteOldFiles()-fileName:HomeMate_20170316153013.807.txt

03-30 10:23:44.754 31659 31757 D HomeMate: comm[ Thread-44284: FileTool.java:65 deleteOldFiles() ] - deleteOldFiles()-fileName:HomeMate_20170316152916.779.txt

03-30 10:23:44.755 31659 31757 D HomeMate: comm[ Thread-44284: FileTool.java:65 deleteOldFiles() ] - deleteOldFiles()-fileName:HomeMate_20170316152821.894.txt

03-30 10:23:44.755 31659 31757 D HomeMate: comm[ Thread-44284: FileTool.java:65 deleteOldFiles() ] - deleteOldFiles()-fileName:HomeMate_20170316152746.035.txt

03-30 10:23:44.756 31659 31757 D HomeMate: comm[ Thread-44284: FileTool.java:65 deleteOldFiles() ] - deleteOldFiles()-fileName:HomeMate_20170316152710.752.txt

03-30 10:23:44.756 31659 31757 D HomeMate: comm[ Thread-44284: FileTool.java:65 deleteOldFiles() ] - deleteOldFiles()-fileName:HomeMate_20170316152627.283.txt

03-30 10:23:44.757 31659 31757 D HomeMate: comm[ Thread-44284: FileTool.java:65 deleteOldFiles() ] - deleteOldFiles()-fileName:HomeMate_20170316152532.124.txt

03-30 10:23:44.757 31659 31757 D HomeMate: comm[ Thread-44284: FileTool.java:65 deleteOldFiles() ] - deleteOldFiles()-fileName:HomeMate_20170316152420.296.txt

03-30 10:23:44.757 31659 31757 D HomeMate: comm[ Thread-44284: FileTool.java:65 deleteOldFiles() ] - deleteOldFiles()-fileName:HomeMate_20170316152342.707.txt

03-30 10:23:44.758 31659 31757 D HomeMate: comm[ Thread-44284: FileTool.java:65 deleteOldFiles() ] - deleteOldFiles()-fileName:HomeMate_20170316152309.404.txt

03-30 10:23:44.758 31659 31757 D HomeMate: comm[ Thread-44284: FileTool.java:65 deleteOldFiles() ] - deleteOldFiles()-fileName:HomeMate_20170316151643.318.txt

03-30 10:23:44.759 31659 31757 D HomeMate: comm[ Thread-44284: FileTool.java:65 deleteOldFiles() ] - deleteOldFiles()-fileName:HomeMate_20170316151520.667.txt

03-30 10:23:44.760 31659 31757 D HomeMate: comm[ Thread-44284: FileTool.java:65 deleteOldFiles() ] - deleteOldFiles()-fileName:HomeMate_20170316151446.775.txt

03-30 10:23:44.760 31659 31659 D HomeMate: allen[ main: HomeFragment.java:184 onActivityCreated() ] - onActivityCreated()

03-30 10:23:44.760 31659 31757 D HomeMate: comm[ Thread-44284: FileTool.java:65 deleteOldFiles() ] - deleteOldFiles()-fileName:HomeMate_20170316151412.891.txt

03-30 10:23:44.760 31659 31659 D HomeMate: comm[ main: HomeFragment.java:185 onActivityCreated() ] - HomeFragment{470b54a #0 id=0x7f0d0299 ÂÆ∂}

03-30 10:23:44.761 31659 31659 D HomeMate: comm[ main: HomeFragment.java:187 onActivityCreated() ] - HomeRefresh

03-30 10:23:44.761 31659 31757 D HomeMate: comm[ Thread-44284: FileTool.java:65 deleteOldFiles() ] - deleteOldFiles()-fileName:HomeMate_20170316151329.913.txt

03-30 10:23:44.761 31659 31659 D HomeMate: comm[ main: HomeRoomPresenter.java:58 init() ] - HomeRefresh

03-30 10:23:44.761 31659 31757 D HomeMate: comm[ Thread-44284: FileTool.java:65 deleteOldFiles() ] - deleteOldFiles()-fileName:HomeMate_20170316151234.532.txt

03-30 10:23:44.762 31659 31757 D HomeMate: comm[ Thread-44284: FileTool.java:65 deleteOldFiles() ] - deleteOldFiles()-fileName:HomeMate_20170316151121.638.txt

03-30 10:23:44.762 31659 31757 D HomeMate: comm[ Thread-44284: FileTool.java:65 deleteOldFiles() ] - deleteOldFiles()-fileName:HomeMate_20170316151044.337.txt

03-30 10:23:44.762 31659 31757 D HomeMate: comm[ Thread-44284: FileTool.java:65 deleteOldFiles() ] - deleteOldFiles()-fileName:HomeMate_20170316151008.804.txt

03-30 10:23:44.763 31659 31757 D HomeMate: comm[ Thread-44284: FileTool.java:65 deleteOldFiles() ] - deleteOldFiles()-fileName:HomeMate_20170316150931.925.txt

03-30 10:23:44.763 31659 31757 D HomeMate: comm[ Thread-44284: FileTool.java:65 deleteOldFiles() ] - deleteOldFiles()-fileName:HomeMate_20170316150858.065.txt

03-30 10:23:44.764 31659 31757 D HomeMate: comm[ Thread-44284: FileTool.java:65 deleteOldFiles() ] - deleteOldFiles()-fileName:HomeMate_20170316150400.945.txt

03-30 10:23:44.764 31659 31757 D HomeMate: comm[ Thread-44284: FileTool.java:65 deleteOldFiles() ] - deleteOldFiles()-fileName:HomeMate_20170316150052.126.txt

03-30 10:23:44.765 31659 31757 D HomeMate: comm[ Thread-44284: FileTool.java:65 deleteOldFiles() ] - deleteOldFiles()-fileName:HomeMate_20170316145945.765.txt

03-30 10:23:44.765 31659 31757 D HomeMate: comm[ Thread-44284: FileTool.java:65 deleteOldFiles() ] - deleteOldFiles()-fileName:HomeMate_20170316145754.903.txt

03-30 10:23:44.766 31659 31757 D HomeMate: comm[ Thread-44284: FileTool.java:65 deleteOldFiles() ] - deleteOldFiles()-fileName:HomeMate_20170316145745.663.txt

03-30 10:23:44.766 31659 31757 D HomeMate: comm[ Thread-44284: FileTool.java:65 deleteOldFiles() ] - deleteOldFiles()-fileName:HomeMate_20170316145700.005.txt

03-30 10:23:44.767 31659 31757 D HomeMate: comm[ Thread-44284: FileTool.java:65 deleteOldFiles() ] - deleteOldFiles()-fileName:HomeMate_20170316145650.791.txt

03-30 10:23:44.767 31659 31757 D HomeMate: comm[ Thread-44284: FileTool.java:65 deleteOldFiles() ] - deleteOldFiles()-fileName:HomeMate_20170316145527.688.txt

03-30 10:23:44.767 31659 31757 D HomeMate: comm[ Thread-44284: FileTool.java:65 deleteOldFiles() ] - deleteOldFiles()-fileName:HomeMate_20170316145335.194.txt

03-30 10:23:44.768 31659 31757 D HomeMate: comm[ Thread-44284: FileTool.java:65 deleteOldFiles() ] - deleteOldFiles()-fileName:HomeMate_20170316145247.284.txt

03-30 10:23:44.769 31659 31757 D HomeMate: comm[ Thread-44284: FileTool.java:65 deleteOldFiles() ] - deleteOldFiles()-fileName:HomeMate_20170316145159.805.txt

03-30 10:23:44.769 31659 31757 D HomeMate: comm[ Thread-44284: FileTool.java:65 deleteOldFiles() ] - deleteOldFiles()-fileName:HomeMate_20170316145151.584.txt

03-30 10:23:44.770 31659 31757 D HomeMate: comm[ Thread-44284: FileTool.java:65 deleteOldFiles() ] - deleteOldFiles()-fileName:HomeMate_20170316145028.870.txt

03-30 10:23:44.770 31659 31757 D HomeMate: comm[ Thread-44284: FileTool.java:65 deleteOldFiles() ] - deleteOldFiles()-fileName:HomeMate_20170316144843.077.txt

03-30 10:23:44.770 31659 31757 D HomeMate: comm[ Thread-44284: FileTool.java:65 deleteOldFiles() ] - deleteOldFiles()-fileName:HomeMate_20170316144753.840.txt

03-30 10:23:44.771 31659 31757 D HomeMate: comm[ Thread-44284: FileTool.java:65 deleteOldFiles() ] - deleteOldFiles()-fileName:HomeMate_20170316144024.483.txt

03-30 10:23:44.771 31659 31757 D HomeMate: comm[ Thread-44284: FileTool.java:65 deleteOldFiles() ] - deleteOldFiles()-fileName:HomeMate_20170316142256.989.txt

03-30 10:23:44.772 31659 31757 D HomeMate: comm[ Thread-44284: FileTool.java:65 deleteOldFiles() ] - deleteOldFiles()-fileName:HomeMate_20170316142207.161.txt

03-30 10:23:44.772 31659 31757 D HomeMate: comm[ Thread-44284: FileTool.java:65 deleteOldFiles() ] - deleteOldFiles()-fileName:HomeMate_20170316141907.168.txt

03-30 10:23:44.772 31659 31757 D HomeMate: comm[ Thread-44284: FileTool.java:65 deleteOldFiles() ] - deleteOldFiles()-fileName:HomeMate_20170316140416.611.txt

03-30 10:23:44.773 31659 31757 D HomeMate: comm[ Thread-44284: FileTool.java:65 deleteOldFiles() ] - deleteOldFiles()-fileName:HomeMate_20170316140006.572.txt

03-30 10:23:44.773 31659 31757 D HomeMate: comm[ Thread-44284: FileTool.java:65 deleteOldFiles() ] - deleteOldFiles()-fileName:HomeMate_20170316135144.870.txt

03-30 10:23:44.773 31659 31757 D HomeMate: comm[ Thread-44284: FileTool.java:65 deleteOldFiles() ] - deleteOldFiles()-fileName:HomeMate_20170316135102.412.txt

03-30 10:23:44.774 31659 31757 D HomeMate: comm[ Thread-44284: FileTool.java:65 deleteOldFiles() ] - deleteOldFiles()-fileName:HomeMate_20170316134859.954.txt

03-30 10:23:44.774 31659 31757 D HomeMate: comm[ Thread-44284: FileTool.java:65 deleteOldFiles() ] - deleteOldFiles()-fileName:HomeMate_20170316134055.408.txt

03-30 10:23:44.775 31659 31757 D HomeMate: comm[ Thread-44284: FileTool.java:65 deleteOldFiles() ] - deleteOldFiles()-fileName:HomeMate_20170316133543.248.txt

03-30 10:23:44.775 31659 31659 I HomeMate: long[ main: FloorAndRoomUtil.java:290 isShowDefaultRoom() ] - isShowDefaultRoom() --->RoomListSize:2

03-30 10:23:44.775 31659 31757 D HomeMate: comm[ Thread-44284: FileTool.java:65 deleteOldFiles() ] - deleteOldFiles()-fileName:HomeMate_20170316133523.547.txt

03-30 10:23:44.775 31659 31757 D HomeMate: comm[ Thread-44284: FileTool.java:65 deleteOldFiles() ] - deleteOldFiles()-fileName:HomeMate_20170316121416.818.txt

03-30 10:23:44.776 31659 31757 D HomeMate: comm[ Thread-44284: FileTool.java:65 deleteOldFiles() ] - deleteOldFiles()-fileName:HomeMate_20170316120535.140.txt

03-30 10:23:44.776 31659 31757 D HomeMate: comm[ Thread-44284: FileTool.java:65 deleteOldFiles() ] - deleteOldFiles()-fileName:HomeMate_20170316120435.944.txt

03-30 10:23:44.776 31659 31757 D HomeMate: comm[ Thread-44284: FileTool.java:65 deleteOldFiles() ] - deleteOldFiles()-fileName:HomeMate_20170316120336.486.txt

03-30 10:23:44.777 31659 31757 D HomeMate: comm[ Thread-44284: FileTool.java:65 deleteOldFiles() ] - deleteOldFiles()-fileName:HomeMate_20170316120046.100.txt

03-30 10:23:44.777 31659 31757 D HomeMate: comm[ Thread-44284: FileTool.java:65 deleteOldFiles() ] - deleteOldFiles()-fileName:HomeMate_20170316115130.744.txt

03-30 10:23:44.778 31659 31757 D HomeMate: comm[ Thread-44284: FileTool.java:65 deleteOldFiles() ] - deleteOldFiles()-fileName:HomeMate_20170316115039.244.txt

03-30 10:23:44.778 31659 31757 D HomeMate: comm[ Thread-44284: FileTool.java:65 deleteOldFiles() ] - deleteOldFiles()-fileName:HomeMate_20170316114839.981.txt

03-30 10:23:44.778 31659 31757 D HomeMate: comm[ Thread-44284: FileTool.java:65 deleteOldFiles() ] - deleteOldFiles()-fileName:HomeMate_20170316114712.736.txt

03-30 10:23:44.779 31659 31757 D HomeMate: comm[ Thread-44284: FileTool.java:65 deleteOldFiles() ] - deleteOldFiles()-fileName:HomeMate_20170316114313.319.txt

03-30 10:23:44.779 31659 31757 D HomeMate: comm[ Thread-44284: FileTool.java:65 deleteOldFiles() ] - deleteOldFiles()-fileName:HomeMate_20170316114207.082.txt

03-30 10:23:44.779 31659 31757 D HomeMate: comm[ Thread-44284: FileTool.java:65 deleteOldFiles() ] - deleteOldFiles()-fileName:HomeMate_20170316114137.392.txt

03-30 10:23:44.780 31659 31757 D HomeMate: comm[ Thread-44284: FileTool.java:65 deleteOldFiles() ] - deleteOldFiles()-fileName:HomeMate_20170316113834.210.txt

03-30 10:23:44.780 31659 31757 D HomeMate: comm[ Thread-44284: FileTool.java:65 deleteOldFiles() ] - deleteOldFiles()-fileName:HomeMate_20170316113015.880.txt

03-30 10:23:44.781 31659 31757 D HomeMate: comm[ Thread-44284: FileTool.java:65 deleteOldFiles() ] - deleteOldFiles()-fileName:HomeMate_20170316092744.595.txt

03-30 10:23:44.781 31659 31757 D HomeMate: comm[ Thread-44284: FileTool.java:65 deleteOldFiles() ] - deleteOldFiles()-fileName:HomeMate_20170316092726.953.txt

03-30 10:23:44.781 31659 31757 D HomeMate: comm[ Thread-44284: FileTool.java:65 deleteOldFiles() ] - deleteOldFiles()-fileName:HomeMate_20170316092643.657.txt

03-30 10:23:44.782 31659 31757 D HomeMate: comm[ Thread-44284: FileTool.java:65 deleteOldFiles() ] - deleteOldFiles()-fileName:HomeMate_20170316091839.183.txt

03-30 10:23:44.782 31659 31757 D HomeMate: comm[ Thread-44284: FileTool.java:65 deleteOldFiles() ] - deleteOldFiles()-fileName:HomeMate_20170316091738.272.txt

03-30 10:23:44.782 31659 31757 D HomeMate: comm[ Thread-44284: FileTool.java:65 deleteOldFiles() ] - deleteOldFiles()-fileName:HomeMate_20170316091633.423.txt

03-30 10:23:44.783 31659 31757 D HomeMate: comm[ Thread-44284: FileTool.java:65 deleteOldFiles() ] - deleteOldFiles()-fileName:HomeMate_20170316091425.668.txt

03-30 10:23:44.783 31659 31757 D HomeMate: comm[ Thread-44284: FileTool.java:65 deleteOldFiles() ] - deleteOldFiles()-fileName:HomeMate_20170316091229.575.txt

03-30 10:23:44.784 31659 31757 D HomeMate: comm[ Thread-44284: FileTool.java:65 deleteOldFiles() ] - deleteOldFiles()-fileName:HomeMate_20170315173126.134.txt

03-30 10:23:44.784 31659 31757 D HomeMate: comm[ Thread-44284: FileTool.java:65 deleteOldFiles() ] - deleteOldFiles()-fileName:HomeMate_20170315171549.562.txt

03-30 10:23:44.785 31659 31757 D HomeMate: comm[ Thread-44284: FileTool.java:65 deleteOldFiles() ] - deleteOldFiles()-fileName:HomeMate_20170315171828.864vicenter.db

03-30 10:23:44.785 31659 31757 D HomeMate: comm[ Thread-44284: FileTool.java:65 deleteOldFiles() ] - deleteOldFiles()-fileName:HomeMate_20170315171828.882device_desc.db

03-30 10:23:44.785 31659 31757 D HomeMate: comm[ Thread-44284: FileTool.java:65 deleteOldFiles() ] - deleteOldFiles()-fileName:HomeMate_20170315165906.597.txt

03-30 10:23:44.785 31659 31659 D HomeMate: comm[ main: HomeFragment.java:279 onInit() ] - HomeRefresh

03-30 10:23:44.786 31659 31757 D HomeMate: comm[ Thread-44284: FileTool.java:65 deleteOldFiles() ] - deleteOldFiles()-fileName:HomeMate_20170315165624.582.txt

03-30 10:23:44.786 31659 31659 D HomeMate: allen[ main: HomeFragment.java:291 onRefreshFamilies() ] - families:[Family{familyId='ea4205a93f1c46b4a6df9bb391513dd9', pic='', creator='91a31ba24648493aad89636922662c04', familyName='smjsn', nickname_in_family='null', email='15079034630@126.com', phone='', showIndex=1, isAdmin=1, userid='91a31ba24648493aad89636922662c04', userName=ahdhhddhhd, updateTimeSec=1490613302000} , Family{familyId='7c9d5013119f46a2a89fe662794afe17', pic='', creator='91a31ba24648493aad89636922662c04', familyName='gggy', nickname_in_family='null', email='15079034630@126.com', phone='', showIndex=2, isAdmin=1, userid='91a31ba24648493aad89636922662c04', userName=ahdhhddhhd, updateTimeSec=1490702078000} , Family{familyId='2f2e636022b94e218b3c2f9756c65cc5', pic='http://homemate.orvibo.com/images/family/decd605137a041d3943517d8943621bf.png', creator='91a31ba24648493aad89636922662c04', familyName='f30ow', nickname_in_family='null', email='15079034630@126.com', phone='', showIndex=3, isAdmin=1, userid='91a31ba24648493aad89636922662c04', userName=ahdhhddhhd, updateTimeSec=1490702078000} , Family{familyId='8a1ceb7b78034a539fbebe64efd979fc', pic='http://homemate.orvibo.com/images/family/5d1549631bde4bba877fa28498755239.png', creator='91a31ba24648493aad89636922662c04', familyName='2fa1b', nickname_in_family='null', email='15079034630@126.com', phone='', showIndex=4, isAdmin=1, userid='91a31ba24648493aad89636922662c04', userName=ahdhhddhhd, updateTimeSec=1490702078000} , Family{familyId='dbc10e32ebe547cc932bce19fe63d2c1', pic='http://homemate.orvibo.com/images/family/783967619a144ff182042bce99002bb1.png', creator='91a31ba24648493aad89636922662c04', familyName='iu299', nickname_in_family='null', email='15079034630@126.com', phone='', showIndex=5, isAdmin=1, userid='91a31ba24648493aad89636922662c04', userName=ahdhhddhhd, updateTimeSec=1490702078000} ] selectFamilyPosition:0

03-30 10:23:44.786 31659 31757 D HomeMate: comm[ Thread-44284: FileTool.java:65 deleteOldFiles() ] - deleteOldFiles()-fileName:HomeMate_20170315165544.887.txt

03-30 10:23:44.786 31659 31757 D HomeMate: comm[ Thread-44284: FileTool.java:65 deleteOldFiles() ] - deleteOldFiles()-fileName:HomeMate_20170315165252.714.txt

03-30 10:23:44.787 31659 31757 D HomeMate: comm[ Thread-44284: FileTool.java:65 deleteOldFiles() ] - deleteOldFiles()-fileName:HomeMate_20170315164919.774.txt

03-30 10:23:44.787 31659 31757 D HomeMate: comm[ Thread-44284: FileTool.java:65 deleteOldFiles() ] - deleteOldFiles()-fileName:HomeMate_20170315164847.440.txt

03-30 10:23:44.787 31659 31757 D HomeMate: comm[ Thread-44284: FileTool.java:65 deleteOldFiles() ] - deleteOldFiles()-fileName:HomeMate_20170315164810.974.txt

03-30 10:23:44.788 31659 31757 D HomeMate: comm[ Thread-44284: FileTool.java:65 deleteOldFiles() ] - deleteOldFiles()-fileName:HomeMate_20170315164733.745.txt

03-30 10:23:44.788 31659 31757 D HomeMate: comm[ Thread-44284: FileTool.java:65 deleteOldFiles() ] - deleteOldFiles()-fileName:HomeMate_20170315164542.557.txt

03-30 10:23:44.789 31659 31757 D HomeMate: comm[ Thread-44284: FileTool.java:65 deleteOldFiles() ] - deleteOldFiles()-fileName:HomeMate_20170315163845.434.txt

03-30 10:23:44.789 31659 31757 D HomeMate: comm[ Thread-44284: FileTool.java:65 deleteOldFiles() ] - deleteOldFiles()-fileName:HomeMate_20170315163835.782.txt

03-30 10:23:44.789 31659 31757 D HomeMate: comm[ Thread-44284: FileTool.java:65 deleteOldFiles() ] - deleteOldFiles()-fileName:HomeMate_20170315163631.082.txt

03-30 10:23:44.790 31659 31757 D HomeMate: comm[ Thread-44284: FileTool.java:65 deleteOldFiles() ] - deleteOldFiles()-fileName:HomeMate_20170315163541.621.txt

03-30 10:23:44.790 31659 31757 D HomeMate: comm[ Thread-44284: FileTool.java:65 deleteOldFiles() ] - deleteOldFiles()-fileName:HomeMate_20170315163344.789.txt

03-30 10:23:44.791 31659 31757 D HomeMate: comm[ Thread-44284: FileTool.java:65 deleteOldFiles() ] - deleteOldFiles()-fileName:HomeMate_20170315163205.896.txt

03-30 10:23:44.791 31659 31757 D HomeMate: comm[ Thread-44284: FileTool.java:65 deleteOldFiles() ] - deleteOldFiles()-fileName:HomeMate_20170315163119.479.txt

03-30 10:23:44.791 31659 31757 D HomeMate: comm[ Thread-44284: FileTool.java:65 deleteOldFiles() ] - deleteOldFiles()-fileName:HomeMate_20170315163034.965.txt

03-30 10:23:44.792 31659 31757 D HomeMate: comm[ Thread-44284: FileTool.java:65 deleteOldFiles() ] - deleteOldFiles()-fileName:HomeMate_20170315162947.937.txt

03-30 10:23:44.792 31659 31757 D HomeMate: comm[ Thread-44284: FileTool.java:65 deleteOldFiles() ] - deleteOldFiles()-fileName:HomeMate_20170315162901.748.txt

03-30 10:23:44.792 31659 31757 D HomeMate: comm[ Thread-44284: FileTool.java:65 deleteOldFiles() ] - deleteOldFiles()-fileName:HomeMate_20170315161847.017.txt

03-30 10:23:44.793 31659 31757 D HomeMate: comm[ Thread-44284: FileTool.java:65 deleteOldFiles() ] - deleteOldFiles()-fileName:HomeMate_20170315161734.602.txt

03-30 10:23:44.793 31659 31757 D HomeMate: comm[ Thread-44284: FileTool.java:65 deleteOldFiles() ] - deleteOldFiles()-fileName:HomeMate_20170315161723.566.txt

03-30 10:23:44.794 31659 31757 D HomeMate: comm[ Thread-44284: FileTool.java:65 deleteOldFiles() ] - deleteOldFiles()-fileName:HomeMate_20170315161651.404.txt

03-30 10:23:44.794 31659 31757 D HomeMate: comm[ Thread-44284: FileTool.java:65 deleteOldFiles() ] - deleteOldFiles()-fileName:HomeMate_20170315161605.201.txt

03-30 10:23:44.794 31659 31757 D HomeMate: comm[ Thread-44284: FileTool.java:65 deleteOldFiles() ] - deleteOldFiles()-fileName:HomeMate_20170315161513.129.txt

03-30 10:23:44.795 31659 31757 D HomeMate: comm[ Thread-44284: FileTool.java:65 deleteOldFiles() ] - deleteOldFiles()-fileName:HomeMate_20170315161433.524.txt

03-30 10:23:44.795 31659 31757 D HomeMate: comm[ Thread-44284: FileTool.java:65 deleteOldFiles() ] - deleteOldFiles()-fileName:HomeMate_20170315161257.239.txt

03-30 10:23:44.796 31659 31757 D HomeMate: comm[ Thread-44284: FileTool.java:65 deleteOldFiles() ] - deleteOldFiles()-fileName:HomeMate_20170315161205.629.txt

03-30 10:23:44.796 31659 31757 D HomeMate: comm[ Thread-44284: FileTool.java:65 deleteOldFiles() ] - deleteOldFiles()-fileName:HomeMate_20170315161125.301.txt

03-30 10:23:44.796 31659 31757 D HomeMate: comm[ Thread-44284: FileTool.java:65 deleteOldFiles() ] - deleteOldFiles()-fileName:HomeMate_20170315160953.858.txt

03-30 10:23:44.797 31659 31757 D HomeMate: comm[ Thread-44284: FileTool.java:65 deleteOldFiles() ] - deleteOldFiles()-fileName:HomeMate_20170315160914.355.txt

03-30 10:23:44.797 31659 31757 D HomeMate: comm[ Thread-44284: FileTool.java:65 deleteOldFiles() ] - deleteOldFiles()-fileName:HomeMate_20170315160604.282.txt

03-30 10:23:44.797 31659 31757 D HomeMate: comm[ Thread-44284: FileTool.java:65 deleteOldFiles() ] - deleteOldFiles()-fileName:HomeMate_20170315160143.082.txt

03-30 10:23:44.798 31659 31757 D HomeMate: comm[ Thread-44284: FileTool.java:65 deleteOldFiles() ] - deleteOldFiles()-fileName:HomeMate_20170315155955.665.txt

03-30 10:23:44.798 31659 31757 D HomeMate: comm[ Thread-44284: FileTool.java:65 deleteOldFiles() ] - deleteOldFiles()-fileName:HomeMate_20170315155631.032.txt

03-30 10:23:44.799 31659 31757 D HomeMate: comm[ Thread-44284: FileTool.java:65 deleteOldFiles() ] - deleteOldFiles()-fileName:HomeMate_20170315155529.322.txt

03-30 10:23:44.799 31659 31757 D HomeMate: comm[ Thread-44284: FileTool.java:65 deleteOldFiles() ] - deleteOldFiles()-fileName:HomeMate_20170315155405.317.txt

03-30 10:23:44.799 31659 31757 D HomeMate: comm[ Thread-44284: FileTool.java:65 deleteOldFiles() ] - deleteOldFiles()-fileName:HomeMate_20170315154618.227.txt

03-30 10:23:44.800 31659 31757 D HomeMate: comm[ Thread-44284: FileTool.java:65 deleteOldFiles() ] - deleteOldFiles()-fileName:HomeMate_20170315154519.037.txt

03-30 10:23:44.800 31659 31757 D HomeMate: comm[ Thread-44284: FileTool.java:65 deleteOldFiles() ] - deleteOldFiles()-fileName:HomeMate_20170315154511.844.txt

03-30 10:23:44.801 31659 31757 D HomeMate: comm[ Thread-44284: FileTool.java:65 deleteOldFiles() ] - deleteOldFiles()-fileName:HomeMate_20170315153345.714.txt

03-30 10:23:44.801 31659 31757 D HomeMate: comm[ Thread-44284: FileTool.java:65 deleteOldFiles() ] - deleteOldFiles()-fileName:HomeMate_20170315153240.555.txt

03-30 10:23:44.802 31659 31757 D HomeMate: comm[ Thread-44284: FileTool.java:65 deleteOldFiles() ] - deleteOldFiles()-fileName:HomeMate_20170315145956.701.txt

03-30 10:23:44.802 31659 31757 D HomeMate: comm[ Thread-44284: FileTool.java:65 deleteOldFiles() ] - deleteOldFiles()-fileName:HomeMate_20170315145950.003.txt

03-30 10:23:44.802 31659 31757 D HomeMate: comm[ Thread-44284: FileTool.java:65 deleteOldFiles() ] - deleteOldFiles()-fileName:HomeMate_20170315142144.680.txt

03-30 10:23:44.803 31659 31757 D HomeMate: comm[ Thread-44284: FileTool.java:65 deleteOldFiles() ] - deleteOldFiles()-fileName:HomeMate_20170315142102.593.txt

03-30 10:23:44.803 31659 31757 D HomeMate: comm[ Thread-44284: FileTool.java:65 deleteOldFiles() ] - deleteOldFiles()-fileName:HomeMate_20170315135952.188.txt

03-30 10:23:44.804 31659 31757 D HomeMate: comm[ Thread-44284: FileTool.java:65 deleteOldFiles() ] - deleteOldFiles()-fileName:HomeMate_20170315135941.637.txt

03-30 10:23:44.804 31659 31757 D HomeMate: comm[ Thread-44284: FileTool.java:65 deleteOldFiles() ] - deleteOldFiles()-fileName:HomeMate_20170315135558.461.txt

03-30 10:23:44.804 31659 31757 D HomeMate: comm[ Thread-44284: FileTool.java:65 deleteOldFiles() ] - deleteOldFiles()-fileName:HomeMate_20170315133847.445.txt

03-30 10:23:44.805 31659 31757 D HomeMate: comm[ Thread-44284: FileTool.java:65 deleteOldFiles() ] - deleteOldFiles()-fileName:HomeMate_20170315125724.932.txt

03-30 10:23:44.805 31659 31757 D HomeMate: comm[ Thread-44284: FileTool.java:65 deleteOldFiles() ] - deleteOldFiles()-fileName:HomeMate_20170315125621.143.txt

03-30 10:23:44.806 31659 31757 D HomeMate: comm[ Thread-44284: FileTool.java:65 deleteOldFiles() ] - deleteOldFiles()-fileName:HomeMate_20170315125535.812.txt

03-30 10:23:44.806 31659 31757 D HomeMate: comm[ Thread-44284: FileTool.java:65 deleteOldFiles() ] - deleteOldFiles()-fileName:HomeMate_20170315125450.208.txt

03-30 10:23:44.807 31659 31757 D HomeMate: comm[ Thread-44284: FileTool.java:65 deleteOldFiles() ] - deleteOldFiles()-fileName:HomeMate_20170315125236.897.txt

03-30 10:23:44.807 31659 31757 D HomeMate: comm[ Thread-44284: FileTool.java:65 deleteOldFiles() ] - deleteOldFiles()-fileName:HomeMate_20170315124941.569.txt

03-30 10:23:44.808 31659 31757 D HomeMate: comm[ Thread-44284: FileTool.java:65 deleteOldFiles() ] - deleteOldFiles()-fileName:HomeMate_20170315124831.111.txt

03-30 10:23:44.808 31659 31757 D HomeMate: comm[ Thread-44284: FileTool.java:65 deleteOldFiles() ] - deleteOldFiles()-fileName:HomeMate_20170315124745.963.txt

03-30 10:23:44.809 31659 31757 D HomeMate: comm[ Thread-44284: FileTool.java:65 deleteOldFiles() ] - deleteOldFiles()-fileName:HomeMate_20170315124700.288.txt

03-30 10:23:44.809 31659 31757 D HomeMate: comm[ Thread-44284: FileTool.java:65 deleteOldFiles() ] - deleteOldFiles()-fileName:HomeMate_20170315124522.496.txt

03-30 10:23:44.810 31659 31757 D HomeMate: comm[ Thread-44284: FileTool.java:65 deleteOldFiles() ] - deleteOldFiles()-fileName:HomeMate_20170315124437.099.txt

03-30 10:23:44.810 31659 31757 D HomeMate: comm[ Thread-44284: FileTool.java:65 deleteOldFiles() ] - deleteOldFiles()-fileName:HomeMate_20170315124351.378.txt

03-30 10:23:44.810 31659 31757 D HomeMate: comm[ Thread-44284: FileTool.java:65 deleteOldFiles() ] - deleteOldFiles()-fileName:HomeMate_20170315123516.255.txt

03-30 10:23:44.811 31659 31757 D HomeMate: comm[ Thread-44284: FileTool.java:65 deleteOldFiles() ] - deleteOldFiles()-fileName:HomeMate_20170315123353.173.txt

03-30 10:23:44.811 31659 31757 D HomeMate: comm[ Thread-44284: FileTool.java:65 deleteOldFiles() ] - deleteOldFiles()-fileName:HomeMate_20170315123252.813.txt

03-30 10:23:44.811 31659 31757 D HomeMate: comm[ Thread-44284: FileTool.java:65 deleteOldFiles() ] - deleteOldFiles()-fileName:HomeMate_20170315123152.673.txt

03-30 10:23:44.812 31659 31757 D HomeMate: comm[ Thread-44284: FileTool.java:65 deleteOldFiles() ] - deleteOldFiles()-fileName:HomeMate_20170315123048.224.txt

03-30 10:23:44.812 31659 31757 D HomeMate: comm[ Thread-44284: FileTool.java:65 deleteOldFiles() ] - deleteOldFiles()-fileName:HomeMate_20170315122923.341.txt

03-30 10:23:44.812 31659 31659 D HomeMate: comm[ main: HomeFragment.java:382 doRefreshRooms() ] - HomeRefresh-do refresh

03-30 10:23:44.813 31659 31757 D HomeMate: comm[ Thread-44284: FileTool.java:65 deleteOldFiles() ] - deleteOldFiles()-fileName:HomeMate_20170315122703.718.txt

03-30 10:23:44.813 31659 31659 D HomeMate: allen[ main: HomeFragment.java:385 doRefreshRooms() ] - rooms:[Room{roomId='ea4205a93f1c46b4a6df9bb391513dd9', roomName='ÈªòËÆ§ÊàøÈó¥', floorId='2eef43aa6de44824be3612825076baaa', roomType=0, sequence=0, isDefaultRoom=false, imgUrl='/storage/emulated/0/HomeMate/room/6_thumb'} BaseBo{delFlag=0, updateTime='0', createTime='0', updateTimeSec=0, uid='null', userName='null'}, Room{roomId='2f5483cbfe214a69a6b7879c8b26acc4', roomName='vv Êõ¥Â•ΩÂìàÂìàÂ•ΩÂ•ΩÂõûÂéª', floorId='2eef43aa6de44824be3612825076baaa', roomType=1, sequence=2147483647, isDefaultRoom=false, imgUrl='null'} BaseBo{delFlag=0, updateTime='1490699674000', createTime='1490699674000', updateTimeSec=0, uid='', userName='null'}] selectRoomPosition:0

03-30 10:23:44.813 31659 31757 D HomeMate: comm[ Thread-44284: FileTool.java:65 deleteOldFiles() ] - deleteOldFiles()-fileName:HomeMate_20170315122534.306.txt

03-30 10:23:44.813 31659 31757 D HomeMate: comm[ Thread-44284: FileTool.java:65 deleteOldFiles() ] - deleteOldFiles()-fileName:HomeMate_20170315122425.253.txt

03-30 10:23:44.814 31659 31757 D HomeMate: comm[ Thread-44284: FileTool.java:65 deleteOldFiles() ] - deleteOldFiles()-fileName:HomeMate_20170315122338.937.txt

03-30 10:23:44.814 31659 31757 D HomeMate: comm[ Thread-44284: FileTool.java:65 deleteOldFiles() ] - deleteOldFiles()-fileName:HomeMate_20170315122254.419.txt

03-30 10:23:44.814 31659 31757 D HomeMate: comm[ Thread-44284: FileTool.java:65 deleteOldFiles() ] - deleteOldFiles()-fileName:HomeMate_20170315122033.533.txt

03-30 10:23:44.815 31659 31757 D HomeMate: comm[ Thread-44284: FileTool.java:65 deleteOldFiles() ] - deleteOldFiles()-fileName:HomeMate_20170315121652.417.txt

03-30 10:23:44.815 31659 31757 D HomeMate: comm[ Thread-44284: FileTool.java:65 deleteOldFiles() ] - deleteOldFiles()-fileName:HomeMate_20170315121646.080.txt

03-30 10:23:44.816 31659 31757 D HomeMate: comm[ Thread-44284: FileTool.java:65 deleteOldFiles() ] - deleteOldFiles()-fileName:HomeMate_20170315121635.468.txt

03-30 10:23:44.816 31659 31757 D HomeMate: comm[ Thread-44284: FileTool.java:65 deleteOldFiles() ] - deleteOldFiles()-fileName:HomeMate_20170315121623.915.txt

03-30 10:23:44.816 31659 31757 D HomeMate: comm[ Thread-44284: FileTool.java:65 deleteOldFiles() ] - deleteOldFiles()-fileName:HomeMate_20170315121612.086.txt

03-30 10:23:44.817 31659 31757 D HomeMate: comm[ Thread-44284: FileTool.java:65 deleteOldFiles() ] - deleteOldFiles()-fileName:HomeMate_20170315121600.373.txt

03-30 10:23:44.817 31659 31659 I HomeMate: comm[ main: BaseRequest.java:118 doRequestAsync() ] - registerEvent: com.orvibo.homemate.device.home.HomeRoomPresenter$1@ff8f5d8

03-30 10:23:44.817 31659 31757 D HomeMate: comm[ Thread-44284: FileTool.java:65 deleteOldFiles() ] - deleteOldFiles()-fileName:HomeMate_20170315114852.540.txt

03-30 10:23:44.817 31659 31757 D HomeMate: comm[ Thread-44284: FileTool.java:65 deleteOldFiles() ] - deleteOldFiles()-fileName:HomeMate_20170315114814.888.txt

03-30 10:23:44.818 31659 31757 D HomeMate: comm[ Thread-44284: FileTool.java:65 deleteOldFiles() ] - deleteOldFiles()-fileName:HomeMate_20170315114701.642.txt

03-30 10:23:44.819 31659 31757 D HomeMate: comm[ Thread-44284: FileTool.java:65 deleteOldFiles() ] - deleteOldFiles()-fileName:HomeMate_20170315114609.703.txt

03-30 10:23:44.819 31659 31659 D HomeMate: comm[ main: BaseRequest.java:978 saveSerial() ] - Record serial 2083711425 on com.orvibo.homemate.device.home.HomeRoomPresenter$1@ff8f5d8

03-30 10:23:44.819 31659 31757 D HomeMate: comm[ Thread-44284: FileTool.java:65 deleteOldFiles() ] - deleteOldFiles()-fileName:HomeMate_20170315114526.263.txt

03-30 10:23:44.820 31659 31757 D HomeMate: comm[ Thread-44284: FileTool.java:65 deleteOldFiles() ] - deleteOldFiles()-fileName:HomeMate_20170315114434.896.txt

03-30 10:23:44.820 31659 31762 D HomeMate: comm[ pool-4-thread-1: MinaSocket.java:139 send() ] - target:server,position:server start request.requestConfig:RequestConfig{state=2, type=0, target=1, requestConf=RequestConf{totalCount=2, intervalTime=3500, lastTimeoutTime=5000}},messageLength:138

03-30 10:23:44.820 31659 31762 D HomeMate: sConnectFutures:{server=org.apache.mina.core.polling.AbstractPollingIoConnector$ConnectionRequest@6c1c2dd}

03-30 10:23:44.821 31659 31757 D HomeMate: comm[ Thread-44284: FileTool.java:65 deleteOldFiles() ] - deleteOldFiles()-fileName:HomeMate_20170315114323.195.txt

03-30 10:23:44.821 31659 31757 D HomeMate: comm[ Thread-44284: FileTool.java:65 deleteOldFiles() ] - deleteOldFiles()-fileName:HomeMate_20170315114242.183.txt

03-30 10:23:44.822 31659 31762 I HomeMate: comm[ pool-4-thread-1: CodecEncoder.java:44 encode() ] - encode()-ÁºñÁ†ÅÂÆåÊàê,ÂêëIP:/192.168.2.242:10001ÂÜôÊï∞Êç?(138):68,64,00,8a,64,6b,88,88,99,b1,64,38,62,33,65,61,32,33,64,61,66,35,34,66,37,37,61,35,62,65,64,33,66,31,33,36,63,61,66,64,31,31,e0,b1,32,d7,7a,3c,97,1a,b9,68,d2,d9,c7,83,0b,19,b9,cc,3f,2f,ca,0a,c0,8d,3f,b5,67,d3,bf,d3,43,44,74,95,d8,6c,ea,d8,06,4b,dc,0b,d3,12,f2,ff,8a,1f,cf,c5,e5,56,04,50,1c,12,26,2f,de,63,c1,65,bb,9f,19,c0,f6,f2,e2,57,77,26,b7,6e,06,d9,2b,f7,37,20,39,af,7f,f0,bd,8e,2c,7a,61,27,76,be,6a,4a,59,a7

03-30 10:23:44.822 31659 31757 D HomeMate: comm[ Thread-44284: FileTool.java:65 deleteOldFiles() ] - deleteOldFiles()-fileName:HomeMate_20170315114128.051.txt

03-30 10:23:44.822 31659 31659 D HomeMate: allen[ main: HomeFragment.java:203 onStart() ] - onStart()

03-30 10:23:44.822 31659 31822 D HomeMate: hank[ Thread-44316: FeedBackService.java:94 onSuccess() ] - FeedbackAPI unreadCount:18

03-30 10:23:44.823 31659 31757 D HomeMate: comm[ Thread-44284: FileTool.java:65 deleteOldFiles() ] - deleteOldFiles()-fileName:HomeMate_20170315114023.883.txt

03-30 10:23:44.823 31659 31762 D HomeMate: comm[ pool-4-thread-1: MinaSocket.java:157 send() ] - isWritten:true,ioSession:(0x00000001: nio socket, client, /192.168.56.181:46816 => /192.168.2.242:10001)

03-30 10:23:44.823 31659 31757 D HomeMate: comm[ Thread-44284: FileTool.java:65 deleteOldFiles() ] - deleteOldFiles()-fileName:HomeMate_20170315113918.177.txt

03-30 10:23:44.823 31659 31762 V HomeMate: comm[ pool-4-thread-1: BaseRequest.java:180 onAsyncTick() ] - Send command:Command{

03-30 10:23:44.823 31659 31762 V HomeMate: uid='server'

03-30 10:23:44.823 31659 31762 V HomeMate: serial=2083711425

03-30 10:23:44.823 31659 31762 V HomeMate: cmd=201

03-30 10:23:44.823 31659 31762 V HomeMate: crc='888899B1'

03-30 10:23:44.823 31659 31762 V HomeMate: requestConfig=RequestConfig{state=2, type=0, target=1, requestConf=RequestConf{totalCount=2, intervalTime=3500, lastTimeoutTime=5000}}

03-30 10:23:44.823 31659 31762 V HomeMate: jsonObject={"userId":"91a31ba24648493aad89636922662c04","cmd":201,"serial":2083711425,"ver":"2.3.0"}}

03-30 10:23:44.824 31659 31726 D UTAnalytics:AppMonitorDelegate: pid:31659 commitCount module: feedback, monitorPoint: getUnreadCountSuccess, value: 0.0,

03-30 10:23:44.825 31659 31757 D HomeMate: comm[ Thread-44284: FileTool.java:65 deleteOldFiles() ] - deleteOldFiles()-fileName:HomeMate_20170315113750.298.txt

03-30 10:23:44.825 31659 31757 D HomeMate: comm[ Thread-44284: FileTool.java:65 deleteOldFiles() ] - deleteOldFiles()-fileName:HomeMate_20170315113658.644.txt

03-30 10:23:44.826 31659 31726 I UTAnalytics:EventRepo: pid:31659 COUNTER, EVENT size:1,

03-30 10:23:44.826 31659 31757 D HomeMate: comm[ Thread-44284: FileTool.java:65 deleteOldFiles() ] - deleteOldFiles()-fileName:HomeMate_20170315113528.642.txt

03-30 10:23:44.827 31659 31757 D HomeMate: comm[ Thread-44284: FileTool.java:65 deleteOldFiles() ] - deleteOldFiles()-fileName:HomeMate_20170315113405.698.txt

03-30 10:23:44.827 31659 31757 D HomeMate: comm[ Thread-44284: FileTool.java:65 deleteOldFiles() ] - deleteOldFiles()-fileName:HomeMate_20170315113251.834.txt

03-30 10:23:44.827 31659 31757 D HomeMate: comm[ Thread-44284: FileTool.java:65 deleteOldFiles() ] - deleteOldFiles()-fileName:HomeMate_20170315113209.636.txt

03-30 10:23:44.828 31659 31757 D HomeMate: comm[ Thread-44284: FileTool.java:65 deleteOldFiles() ] - deleteOldFiles()-fileName:HomeMate_20170315113124.566.txt

03-30 10:23:44.828 31659 31757 D HomeMate: comm[ Thread-44284: FileTool.java:65 deleteOldFiles() ] - deleteOldFiles()-fileName:HomeMate_20170315113039.834.txt

03-30 10:23:44.829 31659 31757 D HomeMate: comm[ Thread-44284: FileTool.java:65 deleteOldFiles() ] - deleteOldFiles()-fileName:HomeMate_20170315112945.535.txt

03-30 10:23:44.829 31659 31757 D HomeMate: comm[ Thread-44284: FileTool.java:65 deleteOldFiles() ] - deleteOldFiles()-fileName:HomeMate_20170315112846.587.txt

03-30 10:23:44.829 31659 31757 D HomeMate: comm[ Thread-44284: FileTool.java:65 deleteOldFiles() ] - deleteOldFiles()-fileName:HomeMate_20170315112723.019.txt

03-30 10:23:44.830 31659 31757 D HomeMate: comm[ Thread-44284: FileTool.java:65 deleteOldFiles() ] - deleteOldFiles()-fileName:HomeMate_20170315112614.319.txt

03-30 10:23:44.831 31659 31757 D HomeMate: comm[ Thread-44284: FileTool.java:65 deleteOldFiles() ] - deleteOldFiles()-fileName:HomeMate_20170315112532.735.txt

03-30 10:23:44.831 31659 31757 D HomeMate: comm[ Thread-44284: FileTool.java:65 deleteOldFiles() ] - deleteOldFiles()-fileName:HomeMate_20170315112442.943.txt

03-30 10:23:44.831 31659 31757 D HomeMate: comm[ Thread-44284: FileTool.java:65 deleteOldFiles() ] - deleteOldFiles()-fileName:HomeMate_20170315112253.977.txt

03-30 10:23:44.832 31659 31757 D HomeMate: comm[ Thread-44284: FileTool.java:65 deleteOldFiles() ] - deleteOldFiles()-fileName:HomeMate_20170315112048.243.txt

03-30 10:23:44.832 31659 31757 D HomeMate: comm[ Thread-44284: FileTool.java:65 deleteOldFiles() ] - deleteOldFiles()-fileName:HomeMate_20170315111908.007.txt

03-30 10:23:44.833 31659 31757 D HomeMate: comm[ Thread-44284: FileTool.java:65 deleteOldFiles() ] - deleteOldFiles()-fileName:HomeMate_20170315111724.809.txt

03-30 10:23:44.833 31659 31757 D HomeMate: comm[ Thread-44284: FileTool.java:65 deleteOldFiles() ] - deleteOldFiles()-fileName:HomeMate_20170315111631.263.txt

03-30 10:23:44.833 31659 31757 D HomeMate: comm[ Thread-44284: FileTool.java:65 deleteOldFiles() ] - deleteOldFiles()-fileName:HomeMate_20170315111539.241.txt

03-30 10:23:44.834 31659 31757 D HomeMate: comm[ Thread-44284: FileTool.java:65 deleteOldFiles() ] - deleteOldFiles()-fileName:HomeMate_20170315111450.095.txt

03-30 10:23:44.834 31659 31757 D HomeMate: comm[ Thread-44284: FileTool.java:65 deleteOldFiles() ] - deleteOldFiles()-fileName:HomeMate_20170315111400.711.txt

03-30 10:23:44.835 31659 31757 D HomeMate: comm[ Thread-44284: FileTool.java:65 deleteOldFiles() ] - deleteOldFiles()-fileName:HomeMate_20170315111305.817.txt

03-30 10:23:44.835 31659 31757 D HomeMate: comm[ Thread-44284: FileTool.java:65 deleteOldFiles() ] - deleteOldFiles()-fileName:HomeMate_20170315111159.453.txt

03-30 10:23:44.835 31659 31757 D HomeMate: comm[ Thread-44284: FileTool.java:65 deleteOldFiles() ] - deleteOldFiles()-fileName:HomeMate_20170315111107.549.txt

03-30 10:23:44.836 31659 31757 D HomeMate: comm[ Thread-44284: FileTool.java:65 deleteOldFiles() ] - deleteOldFiles()-fileName:HomeMate_20170315111021.308.txt

03-30 10:23:44.836 31659 31757 D HomeMate: comm[ Thread-44284: FileTool.java:65 deleteOldFiles() ] - deleteOldFiles()-fileName:HomeMate_20170315110932.217.txt

03-30 10:23:44.837 31659 31757 D HomeMate: comm[ Thread-44284: FileTool.java:65 deleteOldFiles() ] - deleteOldFiles()-fileName:HomeMate_20170315110730.488.txt

03-30 10:23:44.837 31659 31757 D HomeMate: comm[ Thread-44284: FileTool.java:65 deleteOldFiles() ] - deleteOldFiles()-fileName:HomeMate_20170315110641.616.txt

03-30 10:23:44.837 31659 31757 D HomeMate: comm[ Thread-44284: FileTool.java:65 deleteOldFiles() ] - deleteOldFiles()-fileName:HomeMate_20170315110447.770.txt

03-30 10:23:44.838 31659 31757 D HomeMate: comm[ Thread-44284: FileTool.java:65 deleteOldFiles() ] - deleteOldFiles()-fileName:HomeMate_20170315110309.988.txt

03-30 10:23:44.839 31659 31757 D HomeMate: comm[ Thread-44284: FileTool.java:65 deleteOldFiles() ] - deleteOldFiles()-fileName:HomeMate_20170315110224.792.txt

03-30 10:23:44.839 31659 31757 D HomeMate: comm[ Thread-44284: FileTool.java:65 deleteOldFiles() ] - deleteOldFiles()-fileName:HomeMate_20170315110140.343.txt

03-30 10:23:44.839 31659 31757 D HomeMate: comm[ Thread-44284: FileTool.java:65 deleteOldFiles() ] - deleteOldFiles()-fileName:HomeMate_20170315110054.542.txt

03-30 10:23:44.840 31659 31757 D HomeMate: comm[ Thread-44284: FileTool.java:65 deleteOldFiles() ] - deleteOldFiles()-fileName:HomeMate_20170315110012.140.txt

03-30 10:23:44.840 31659 31757 D HomeMate: comm[ Thread-44284: FileTool.java:65 deleteOldFiles() ] - deleteOldFiles()-fileName:HomeMate_20170315105859.533.txt

