--------- beginning of main

03-08 11:37:20.102 13400 13514 D HomeMate: comm[ pool-4-thread-1: MinaSocket.java:157 send() ] - isWritten:false,ioSession:(0x00000002: nio socket, client, /192.168.18.181:54567 => /192.168.18.137:8088)

03-08 11:37:20.103 13400 13514 W HomeMate: comm[ pool-4-thread-1: MinaSocket.java:161 send() ] - Fail to write message to 007e5671f027,ioSession:(0x00000002: nio socket, client, /192.168.18.181:54567 => /192.168.18.137:8088)

03-08 11:37:20.103 13400 13514 W HomeMate: {server=org.apache.mina.core.polling.AbstractPollingIoConnector$ConnectionRequest@2df3bba, 007e5671f027=org.apache.mina.core.polling.AbstractPollingIoConnector$ConnectionRequest@74b570a}

03-08 11:37:20.103 13400 13628 W art     : Long monitor contention event with owner method=int com.orvibo.homemate.socket.MinaSocket.send(java.lang.String, byte[], com.orvibo.homemate.model.base.RequestConfig) from MinaSocket.java:144 waiters=0 for 3.508s

03-08 11:37:20.107 13400 13514 W HomeMate: comm[ pool-4-thread-1: BaseRequest.java:229 run() ] - Could not reconnect,callback now.command:Command{uid='007e5671f027', serial=253361634, cmd=0, jsonObject={"source":"ZhiJia365","softwareVersion":"23000200","sysVersion":"Android6.0.1_23","hardwareVersion":"Xiaomi MI NOTE LTE","language":"chinese","cmd":0,"serial":253361634,"ver":"2.3.0"}, crc='79C7BF9C', requestConfig=RequestConfig{state=1, type=0, target=0, requestConf=RequestConf{totalCount=2, intervalTime=3500}}}

03-08 11:37:20.109 13400 13514 D HomeMate: comm[ pool-4-thread-1: NetUtil.java:237 isLocalLan() ] - isLocalLan()-lastSSID:18.1_neiwang,curSSID:18.1_neiwang

03-08 11:37:20.111 13400 13514 E HomeMate: comm[ pool-4-thread-1: BaseRequest.java:244 run() ] - doRequestAsync(0)-local sendResult(256).command:Command{uid='007e5671f027', serial=253361634, cmd=0, jsonObject={"source":"ZhiJia365","softwareVersion":"23000200","sysVersion":"Android6.0.1_23","hardwareVersion":"Xiaomi MI NOTE LTE","language":"chinese","cmd":0,"serial":253361634,"ver":"2.3.0"}, crc='79C7BF9C', requestConfig=RequestConfig{state=1, type=0, target=0, requestConf=RequestConf{totalCount=2, intervalTime=3500}}}

03-08 11:37:20.112 13400 13514 E HomeMate: comm[ pool-4-thread-1: RequestKey.java:310 onAsyncException() ] - uid:007e5671f027,serial:253361634,errorCode:256

03-08 11:37:20.112 13400 13514 I HomeMate: comm[ pool-4-thread-1: RequestKey.java:314 onAsyncException() ] - EventBus has been register this event.uid:007e5671f027,serial:253361634,errorCode:256

03-08 11:37:20.112 13400 13400 D HomeMate: comm[ main: RequestKey.java:261 onEventMainThread() ] - event:RequestKeyEvent [key=null, sessionId=null, cmd=0, serial=253361634, result=256]

03-08 11:37:20.112 13400 13400 D HomeMate: comm[ main: BaseRequest.java:433 stopRequest() ] - Stop request which serial is 253361634 on com.orvibo.homemate.model.base.RequestKeyX$1@16a9b02

03-08 11:37:20.113 13400 13400 D HomeMate: comm[ main: SocketModeCache.java:38 saveSocketMode() ] - saveSocketMode()-Set 007e5671f027 socketMode to 0

03-08 11:37:20.114 13400 13400 D HomeMate: comm[ main: SessionIdCache.java:25 saveGatewaySessionId() ] - saveGatewaySessionId()-sessionId=null

03-08 11:37:20.144 13400 13400 W HomeMate: comm[ main: SearchNewHub.java:219 checkCallback() ] - checkCallback()-[]

03-08 11:37:20.144 13400 13400 D HomeMate: comm[ main: SearchNewHub.java:74 stopSearch() ] - 

03-08 11:37:20.144 13400 13400 D SearchGateway: stopSearch()-Stop search gateways.

03-08 11:37:20.144 13400 13400 D NioReceiveThread: stopReceive()

03-08 11:37:20.145 13400 13400 W HomeMate: comm[ main: BaseRequest.java:480 stopProcessResult() ] -  stop request and stop process result

03-08 11:37:20.145 13400 13400 D HomeMate: comm[ main: BaseRequest.java:460 stopRequest() ] -  Stop request com.orvibo.homemate.model.gateway.SearchNewHub$3@8b5d08e

03-08 11:37:20.145 13400 13400 D HomeMate: comm[ main: SearchDevice.java:134 searchWifiDevice() ] - searchWifiDevice()

03-08 11:37:20.181 13400 13400 D HomeMate: comm[ main: QueryUnbinds.java:68 queryAllWifiDevices() ] - QueryUnbinds.queryWifiSockets

03-08 11:37:20.187 13400 13484 D HomeMate: comm[ pool-6-thread-1: CmdManage.java:4936 getCommand() ] - getCommand()-cmd:66,len:90,crc:DE4A4251,sessionId:a04aa9723e9e4c9bb503067c3c7d7355,key:HkQ7NQXtrKkrUj12,uid:null,socketModel:SERVER,serial:1360539049

03-08 11:37:20.187 13400 13484 D HomeMate: requestConfig:RequestConfig{state=2, type=0, target=1, requestConf=null}

03-08 11:37:20.187 13400 13484 D HomeMate: json(before encrypt):{"cmd":66,"serial":1360539049,"ver":"2.3.0"}(44)

03-08 11:37:20.188 13400 13484 I HomeMate: comm[ pool-6-thread-1: BaseRequest.java:126 doRequestAsync() ] - registerEvent: com.orvibo.homemate.device.searchdevice.SearchDevice$2@6c940af

03-08 11:37:20.193 13400 13484 D HomeMate: comm[ pool-6-thread-1: BaseRequest.java:934 saveSerial() ] - Record serial 1360539049 on com.orvibo.homemate.device.searchdevice.SearchDevice$2@6c940af

03-08 11:37:20.195 13400 13536 D HomeMate: comm[ pool-4-thread-2: BaseRequest.java:160 run() ] - Start command:Command{uid='server', serial=1360539049, cmd=66, jsonObject={"cmd":66,"serial":1360539049,"ver":"2.3.0"}, crc='DE4A4251', requestConfig=RequestConfig{state=2, type=0, target=1, requestConf=RequestConf{totalCount=2, intervalTime=3500}}}

03-08 11:37:20.195 13400 13536 D HomeMate: comm[ pool-4-thread-2: BaseRequest.java:176 run() ] - current count is 0,serial:1360539049

03-08 11:37:20.196 13400 13536 D HomeMate: comm[ pool-4-thread-2: MinaSocket.java:139 send() ] - target:server,position:server start request.requestConfig:RequestConfig{state=2, type=0, target=1, requestConf=RequestConf{totalCount=2, intervalTime=3500}},messageLength:90

03-08 11:37:20.196 13400 13536 D HomeMate: sConnectFutures:{server=org.apache.mina.core.polling.AbstractPollingIoConnector$ConnectionRequest@2df3bba, 007e5671f027=org.apache.mina.core.polling.AbstractPollingIoConnector$ConnectionRequest@74b570a}

03-08 11:37:20.197 13400 13536 I HomeMate: comm[ pool-4-thread-2: CodecEncoder.java:44 encode() ] - encode()-ÁºñÁ†ÅÂÆåÊàê,ÂêëIP:/192.168.2.242:10001ÂÜôÊï∞Êç?(90):68,64,00,5a,64,6b,de,4a,42,51,61,30,34,61,61,39,37,32,33,65,39,65,34,63,39,62,62,35,30,33,30,36,37,63,33,63,37,64,37,33,35,35,84,5d,ba,b6,da,b4,c3,79,e9,cc,3a,d1,90,67,57,6b,ce,fd,79,27,c2,2a,03,7a,c7,4e,ff,1d,49,01,ae,18,de,fc,34,46,c0,f9,d8,5a,7a,00,78,7a,b8,dc,41,22

03-08 11:37:20.198 13400 13536 D HomeMate: comm[ pool-4-thread-2: MinaSocket.java:157 send() ] - isWritten:true,ioSession:(0x00000001: nio socket, client, /192.168.18.181:52183 => /192.168.2.242:10001)

03-08 11:37:20.264 13400 13628 D HomeMate: comm[ NioProcessor-8: CodecDecoder.java:44 doDecode() ] - hd:6864,actualLen:122

03-08 11:37:20.267 13400 13628 I HomeMate: comm[ NioProcessor-8: CodecDecoder.java:76 doDecode() ] - Êé•Êî∂Âà∞IP:192.168.18.137ÁöÑÊï∞ÊçÆÔºö68,64,0,7a,70,6b,fa,64,2f,83,61,35,64,63,35,62,34,64,30,31,61,34,34,36,38,32,61,39,32,66,66,35,62,33,35,62,37,63,34,33,30,66,2e,8d,fc,89,e7,bc,96,40,cb,68,a1,b7,8,aa,f,65,7b,f8,bc,fc,2e,a2,8f,53,2c,ef,89,25,96,e3,b8,16,7,20,c3,81,a9,a4,1d,d7,3d,ef,31,e2,ee,8,7d,e2,b4,f,5b,67,73,8f,e3,3,af,b6,26,7,55,e6,8b,45,4,af,e1,78,18,c2,18,2e,97,4e,43,a3,22,f2,c6,ad

03-08 11:37:20.273 13400 13543 I HomeMate: comm[ pool-5-thread-1: SocketUtil.java:70 progressMessage() ] - protocolType[pk],crc:FA642F83,sessionId:a5dc5b4d01a44682a92ff5b35b7c430f,jsonLen:80,ip:192.168.18.137,port:8088

03-08 11:37:20.273 13400 13543 W HomeMate: comm[ pool-5-thread-1: SocketUtil.java:92 progressMessage() ] - progressMessage()-key:null,sessionId:a5dc5b4d01a44682a92ff5b35b7c430f,ip:192.168.18.137

03-08 11:37:20.273 13400 13538 D HomeMate: comm[ NioProcessor-7: CodecDecoder.java:44 doDecode() ] - hd:6864,actualLen:106

03-08 11:37:20.274 13400 13543 I HomeMate: comm[ pool-5-thread-1: SocketUtil.java:108 progressMessage() ] - After decrypt json[{"cmd":0,"serial":253361634,"status":0,"key":"MxQXIBdM1kRsbUHm"}]

03-08 11:37:20.275 13400 13543 I HomeMate: comm[ pool-5-thread-1: KeyCache.java:80 saveSecretKey() ] - uidOrSessionId=a5dc5b4d01a44682a92ff5b35b7c430f,key:MxQXIBdM1kRsbUHm

03-08 11:37:20.276 13400 13538 I HomeMate: comm[ NioProcessor-7: CodecDecoder.java:76 doDecode() ] - Êé•Êî∂Âà∞IP:192.168.2.242ÁöÑÊï∞ÊçÆÔºö68,64,0,6a,64,6b,c6,5,45,dd,61,30,34,61,61,39,37,32,33,65,39,65,34,63,39,62,62,35,30,33,30,36,37,63,33,63,37,64,37,33,35,35,e6,7a,f7,91,97,8,20,e1,11,8e,11,f9,a6,54,c2,c3,e0,49,7a,65,11,b4,68,5d,3c,45,20,79,e1,af,a3,ae,de,7f,ad,f8,a3,99,dc,df,11,66,23,34,91,6d,83,1b,35,71,ed,78,1c,bb,36,cf,80,a7,d4,70,7d,45,46,97

03-08 11:37:20.292 13400 13543 D HomeMate: comm[ pool-5-thread-1: ProcessPayload.java:916 resquestKey() ] - resquestKey()-event:RequestKeyEvent [key=MxQXIBdM1kRsbUHm, sessionId=a5dc5b4d01a44682a92ff5b35b7c430f, cmd=0, serial=253361634, result=0]

03-08 11:37:20.295 13400 13400 D HomeMate: comm[ main: RequestKey.java:261 onEventMainThread() ] - event:RequestKeyEvent [key=MxQXIBdM1kRsbUHm, sessionId=a5dc5b4d01a44682a92ff5b35b7c430f, cmd=0, serial=253361634, result=0]

03-08 11:37:20.295 13400 13400 E HomeMate: comm[ main: RequestKey.java:282 onEventMainThread() ] - Serial not equal.reSerial:253361634,serials:[]

03-08 11:37:20.304 13400 13543 I HomeMate: comm[ pool-5-thread-1: SocketUtil.java:70 progressMessage() ] - protocolType[dk],crc:C60545DD,sessionId:a04aa9723e9e4c9bb503067c3c7d7355,jsonLen:64,ip:192.168.2.242,port:10001

03-08 11:37:20.305   372   476 I ThermalEngine: Sensor:batt_temp:329 mC

03-08 11:37:20.306 13400 13543 I HomeMate: comm[ pool-5-thread-1: SocketUtil.java:108 progressMessage() ] - After decrypt json[{"serial":1360539049,"deviceList":"[]","cmd":66,"status":0}]

03-08 11:37:20.309 13400 13543 D HomeMate: comm[ pool-5-thread-1: ProcessPayload.java:3022 parseJson2DeviceList() ] - count = 0

03-08 11:37:20.311 13400 13400 D HomeMate: comm[ main: QueryUnbinds.java:97 onEventMainThread() ] - QueryUnbinds.onEventMainThread event.getDeviceUnbindList() = []

03-08 11:37:20.311 13400 13400 D HomeMate: comm[ main: QueryUnbinds.java:98 onEventMainThread() ] - QueryUnbinds onEventMainThread configAp:false

03-08 11:37:20.312 13400 13400 D HomeMate: comm[ main: BaseRequest.java:460 stopRequest() ] -  Stop request com.orvibo.homemate.device.searchdevice.SearchDevice$2@6c940af

03-08 11:37:21.306   372   476 I ThermalEngine: Sensor:batt_temp:329 mC

03-08 11:37:22.250  1923  1923 E JavaBinder: !!! FAILED BINDER TRANSACTION !!!  (parcel size = 104)

03-08 11:37:22.307   372   476 I ThermalEngine: Sensor:batt_temp:329 mC

03-08 11:37:22.948  4269  4269 D wpa_supplicant: wlan0: Control interface command 'SIGNAL_POLL'

03-08 11:37:22.950  4269  4269 D wpa_supplicant: CTRL-DEBUG: global_ctrl_sock-sendto: sock=11 sndbuf=163840 outq=0 send_len=48

03-08 11:37:23.263  1923  1923 E JavaBinder: !!! FAILED BINDER TRANSACTION !!!  (parcel size = 104)

03-08 11:37:23.309   372   476 I ThermalEngine: Sensor:batt_temp:329 mC

03-08 11:37:23.625  1923  3680 D WifiStateMachine: starting scan for "18.1_neiwang"-WPA_PSK with 5745,2422

03-08 11:37:23.626  4269  4269 D wpa_supplicant: wlan0: Control interface command 'SCAN TYPE=ONLY freq=5745,2422'

03-08 11:37:23.626  4269  4269 D wpa_supplicant: Pending scan scheduled - reject new request

03-08 11:37:23.626  4269  4269 D wpa_supplicant: CTRL-DEBUG: global_ctrl_sock-sendto: sock=11 sndbuf=163840 outq=0 send_len=10

03-08 11:37:23.897  4269  4269 D wpa_supplicant: nl80211: Event message available

03-08 11:37:23.897  4269  4269 D wpa_supplicant: nl80211: Drv Event 34 (NL80211_CMD_NEW_SCAN_RESULTS) received for wlan0

03-08 11:37:23.897  4269  4269 D wpa_supplicant: wlan0: nl80211: New scan results available

03-08 11:37:23.898  4269  4269 D wpa_supplicant: nl80211: Scan included frequencies: 2412 2417 2422 2427 2432 2437 2442 2447 2452 2457 2462 2467 2472 5180 5200 5220 5240 5260 5280 5300 5320 5500 5520 5540 5560 5580 5600 5620 5640 5660 5680 5700 5745 5765 5785 5805 5825

03-08 11:37:23.898  4269  4269 D wpa_supplicant: wlan0: Event SCAN_RESULTS (3) received

03-08 11:37:23.898  4269  4269 D wpa_supplicant: wlan0: Scan completed in 4.044446 seconds

03-08 11:37:23.898  4269  4269 D wpa_supplicant: nl80211: Associated on 2422 MHz

03-08 11:37:23.898  4269  4269 D wpa_supplicant: nl80211: Associated with c0:3d:46:00:1a:5a

03-08 11:37:23.898  4269  4269 D wpa_supplicant: nl80211: Received scan results (29 BSSes)

03-08 11:37:23.898  4269  4269 D wpa_supplicant: nl80211: Scan results indicate BSS status with c0:3d:46:00:1a:5a as associated

03-08 11:37:23.898  4269  4269 D wpa_supplicant: wlan0: BSS: Start scan result update 9125

03-08 11:37:23.899  4269  4269 D wpa_supplicant: wlan0: BSS: Add new id 27358 BSSID 10:bd:18:08:36:17 SSID 'cisco-3615'

03-08 11:37:23.899  4269  4269 D wpa_supplicant: CTRL-DEBUG: ctrl_sock-sendmsg: sock=11 sndbuf=163840 outq=0 send_len=44

03-08 11:37:23.899  4269  4269 D wpa_supplicant: CTRL_IFACE monitor sent successfully to /data/misc/wifi/sockets/wpa_ctrl_1923-2\x00

03-08 11:37:23.899  4269  4269 D wpa_supplicant: wlan0: BSS: Add new id 27359 BSSID 20:76:93:24:bd:72 SSID 'wukong222'

03-08 11:37:23.899  4269  4269 D wpa_supplicant: CTRL-DEBUG: ctrl_sock-sendmsg: sock=11 sndbuf=163840 outq=0 send_len=44

03-08 11:37:23.899  4269  4269 D wpa_supplicant: CTRL_IFACE monitor sent successfully to /data/misc/wifi/sockets/wpa_ctrl_1923-2\x00

03-08 11:37:23.899  4269  4269 D wpa_supplicant: wlan0: BSS: Add new id 27360 BSSID 04:f0:21:26:f9:27 SSID 'yunji-tele'

03-08 11:37:23.899  4269  4269 D wpa_supplicant: CTRL-DEBUG: ctrl_sock-sendmsg: sock=11 sndbuf=163840 outq=0 send_len=44

03-08 11:37:23.899  4269  4269 D wpa_supplicant: CTRL_IFACE monitor sent successfully to /data/misc/wifi/sockets/wpa_ctrl_1923-2\x00

03-08 11:37:23.899  4269  4269 D wpa_supplicant: BSS: last_scan_res_used=29/64

03-08 11:37:23.899  4269  4269 D wpa_supplicant: wlan0: Scan-only results received

03-08 11:37:23.899  4269  4269 D wpa_supplicant: CTRL-DEBUG: ctrl_sock-sendmsg: sock=11 sndbuf=163840 outq=0 send_len=24

03-08 11:37:23.899  4269  4269 D wpa_supplicant: CTRL_IFACE monitor sent successfully to /data/misc/wifi/sockets/wpa_ctrl_1923-2\x00

03-08 11:37:23.899  4269  4269 D wpa_supplicant: wlan0: Radio work 'scan'@0xb6919398 done in 4.048125 seconds

03-08 11:37:23.914  4269  4269 D wpa_supplicant: RTM_NEWLINK: ifi_index=22 ifname=wlan0 wext ifi_family=0 ifi_flags=0x11043 ([UP][RUNNING][LOWER_UP])

03-08 11:37:23.926  4269  4269 D wpa_supplicant: CTRL-DEBUG: global_ctrl_sock-sendto: sock=11 sndbuf=163840 outq=0 send_len=3995

03-08 11:37:23.930  4269  4269 D wpa_supplicant: CTRL-DEBUG: global_ctrl_sock-sendto: sock=11 sndbuf=163840 outq=0 send_len=3821

03-08 11:37:23.934  4269  4269 D wpa_supplicant: CTRL-DEBUG: global_ctrl_sock-sendto: sock=11 sndbuf=163840 outq=0 send_len=3962

03-08 11:37:23.938  4269  4269 D wpa_supplicant: CTRL-DEBUG: global_ctrl_sock-sendto: sock=11 sndbuf=163840 outq=0 send_len=3531

03-08 11:37:23.941  4269  4269 D wpa_supplicant: CTRL-DEBUG: global_ctrl_sock-sendto: sock=11 sndbuf=163840 outq=0 send_len=4029

03-08 11:37:23.941   433   644 W XTCC-5.1.0.8: [WifiScanner] WiFi scan result : [29] AP's

03-08 11:37:23.945  4269  4269 D wpa_supplicant: CTRL-DEBUG: global_ctrl_sock-sendto: sock=11 sndbuf=163840 outq=0 send_len=3423

03-08 11:37:23.947  4269  4269 D wpa_supplicant: CTRL-DEBUG: global_ctrl_sock-sendto: sock=11 sndbuf=163840 outq=0 send_len=1772

03-08 11:37:24.044  4269  4269 D wpa_supplicant: EAPOL: EAP Session-Id not available

03-08 11:37:24.044  4269  4269 D wpa_supplicant: CTRL-DEBUG: global_ctrl_sock-sendto: sock=11 sndbuf=163840 outq=0 send_len=278

03-08 11:37:24.062  4188  5395 I StepsProvider: Steps Provider Query

03-08 11:37:24.090 26390 27008 E WifiDeviceFinder: start process end time - 29

03-08 11:37:24.091 26390 26435 E WifiScanHomelog: start process end time - 20

03-08 11:37:24.100  4188  4327 W WtProcessController: do not trim { PackageName :com.orvibo.homemate Pid: 13400 Uid: 10133 Start by: activity Score:50 Old score:50 state:0 mBackgroundTimeInMillis:1488944239506 WakelockCount:0 wakelogsize:0  ActivityDestroied:false Activity size: 2 PackageInfo:{WhetstonePackageInfo#PacakgeName:com.orvibo.homemate uid:10133 uiMemoryThresold:0 nonUiMemoryThresold:0 Flag:5184,0x1440 [,TRIMHEAPS,SOFT_RESET,FLAG_DEAL_SCHEDULE] Type:0[] } tasknum:6885}

03-08 11:37:24.270  1923  1923 E JavaBinder: !!! FAILED BINDER TRANSACTION !!!  (parcel size = 104)

03-08 11:37:24.312   372   476 I ThermalEngine: Sensor:batt_temp:329 mC

03-08 11:37:24.556 13400 13463 D UTAnalytics:LogStoreMgr: pid:13400 [store],

03-08 11:37:24.576 13400 13463 D UTAnalytics:UTSqliteLogStore: pid:13400 [insert] ,, isSuccess:true,ret,1432,

03-08 11:37:24.904 26902 13475 W System.err: java.net.SocketTimeoutException: failed to connect to loc.map.baidu.com/14.215.177.33 (port 443) after 12000ms

03-08 11:37:24.905 26902 13475 W System.err: 	at libcore.io.IoBridge.connectErrno(IoBridge.java:169)

03-08 11:37:24.905 26902 13475 W System.err: 	at libcore.io.IoBridge.connect(IoBridge.java:122)

03-08 11:37:24.905 26902 13475 W System.err: 	at java.net.PlainSocketImpl.connect(PlainSocketImpl.java:183)

03-08 11:37:24.905 26902 13475 W System.err: 	at java.net.PlainSocketImpl.connect(PlainSocketImpl.java:452)

03-08 11:37:24.905 26902 13475 W System.err: 	at java.net.Socket.connect(Socket.java:884)

03-08 11:37:24.906 26902 13475 W System.err: 	at com.android.okhttp.internal.Platform.connectSocket(Platform.java:117)

03-08 11:37:24.906 26902 13475 W System.err: 	at com.android.okhttp.internal.http.SocketConnector.connectRawSocket(SocketConnector.java:160)

03-08 11:37:24.906 26902 13475 W System.err: 	at com.android.okhttp.internal.http.SocketConnector.connectTls(SocketConnector.java:79)

03-08 11:37:24.906 26902 13475 W System.err: 	at com.android.okhttp.Connection.connect(Connection.java:143)

03-08 11:37:24.906 26902 13475 W System.err: 	at com.android.okhttp.Connection.connectAndSetOwner(Connection.java:185)

03-08 11:37:24.906 26902 13475 W System.err: 	at com.android.okhttp.OkHttpClient$1.connectAndSetOwner(OkHttpClient.java:128)

03-08 11:37:24.906 26902 13475 W System.err: 	at com.android.okhttp.internal.http.HttpEngine.nextConnection(HttpEngine.java:342)

03-08 11:37:24.907 26902 13475 W System.err: 	at com.android.okhttp.internal.http.HttpEngine.connect(HttpEngine.java:331)

03-08 11:37:24.907 26902 13475 W System.err: 	at com.android.okhttp.internal.http.HttpEngine.sendRequest(HttpEngine.java:249)

03-08 11:37:24.907 26902 13475 W System.err: 	at com.android.okhttp.internal.huc.HttpURLConnectionImpl.execute(HttpURLConnectionImpl.java:437)

03-08 11:37:24.907 26902 13475 W System.err: 	at com.android.okhttp.internal.huc.HttpURLConnectionImpl.connect(HttpURLConnectionImpl.java:114)

03-08 11:37:24.907 26902 13475 W System.err: 	at com.android.okhttp.internal.huc.DelegatingHttpsURLConnection.connect(DelegatingHttpsURLConnection.java:89)

03-08 11:37:24.907 26902 13475 W System.err: 	at com.android.okhttp.internal.huc.HttpsURLConnectionImpl.connect(HttpsURLConnectionImpl.java:25)

03-08 11:37:24.907 26902 13475 W System.err: 	at com.baidu.location.h.e$4.run(Unknown Source)

03-08 11:37:24.908 26902 13475 I baidu_location_service: https NetworkCommunicationException!

03-08 11:37:24.969  4099  5103 I XiaomiFirewall: firewall pkgName:com.baidu.BaiduMap, result:0x0

03-08 11:37:25.008 26902 26918 W Settings: Setting airplane_mode_on has moved from android.provider.Settings.System to android.provider.Settings.Global, returning read-only value.

03-08 11:37:25.304  1923  1923 E JavaBinder: !!! FAILED BINDER TRANSACTION !!!  (parcel size = 104)

03-08 11:37:25.313   372   476 I ThermalEngine: Sensor:batt_temp:329 mC

03-08 11:37:25.540  6869 24532 D MSF.C.NetConnTag: netRecv ssoSeq:-1552473993 uin:*2908 cmd:-316037937 -1552473658

03-08 11:37:25.562  2859  2922 D Q.msg.TroopMsgProxy: insertToList MessageRecord=friendUin:7087senderuin:6433,istroop:1,msgType:-1000,time:1488944245,shmsgseq:119025

03-08 11:37:25.568  2859  2922 D Q.unread.ProxyUnreadMonitor: insertOrUpdateUnread update=--ConversationInfo--,shortUin:*7087,type:1,lastread:118998,unreadCount:27,unreadGiftCount:0,unreadRedPacketCount:0,unreadMark:0

03-08 11:37:25.617  2859  2922 D Q.msg.QQMessageFacadeUnreadMonitor: Recent Msg Unread: (0,0,55) (9980,9000,0) (9953,7230,4) (9992,7000,0) 

03-08 11:37:25.957  4269  4269 D wpa_supplicant: wlan0: Control interface command 'SIGNAL_POLL'

03-08 11:37:25.973  4269  4269 D wpa_supplicant: CTRL-DEBUG: global_ctrl_sock-sendto: sock=11 sndbuf=163840 outq=0 send_len=48

03-08 11:37:26.315   372   476 I ThermalEngine: Sensor:batt_temp:329 mC

03-08 11:37:27.316   372   476 I ThermalEngine: Sensor:batt_temp:329 mC

03-08 11:37:27.326  1923  1923 E JavaBinder: !!! FAILED BINDER TRANSACTION !!!  (parcel size = 104)

03-08 11:37:28.318   372   476 I ThermalEngine: Sensor:batt_temp:329 mC

03-08 11:37:28.349  1923  1923 E JavaBinder: !!! FAILED BINDER TRANSACTION !!!  (parcel size = 104)

03-08 11:37:28.885 13400 13473 D UTAnalytics:LogStoreMgr: pid:13400 [store],

03-08 11:37:28.914 13400 13473 D UTAnalytics:UTSqliteLogStore: pid:13400 sql:SELECT * FROM log ORDER BY time ASC  LIMIT 20,

03-08 11:37:28.918 13400 13473 D UTAnalytics:UTSqliteLogStore: pid:13400 pos,0,count,4,

03-08 11:37:28.918 13400 13473 D UTAnalytics:UTSqliteLogStore: pid:13400 pos,1,count,4,

03-08 11:37:28.921 13400 13473 D UTAnalytics:UTSqliteLogStore: pid:13400 pos,2,count,4,

03-08 11:37:28.921 13400 13473 D UTAnalytics:UTSqliteLogStore: pid:13400 pos,3,count,4,

03-08 11:37:28.924 13400 13473 D UTAnalytics:LogStoreMgr: pid:13400 [get],[Log [id=1429, eventId=19999, index=], Log [id=1430, eventId=19999, index=], Log [id=1431, eventId=2001, index=], Log [id=1432, eventId=2001, index=]],

03-08 11:37:28.928 13400 13473 D UTAnalytics:UploadTask: pid:13400 averagePackageSize:129.5,

03-08 11:37:28.978  4269  4269 D wpa_supplicant: wlan0: Control interface command 'SIGNAL_POLL'

03-08 11:37:28.992  4269  4269 D wpa_supplicant: CTRL-DEBUG: global_ctrl_sock-sendto: sock=11 sndbuf=163840 outq=0 send_len=48

03-08 11:37:29.320   372   476 I ThermalEngine: Sensor:batt_temp:329 mC

03-08 11:37:29.340 13400 13473 W System.err: java.lang.reflect.InvocationTargetException

03-08 11:37:29.341 13400 13473 W System.err: 	at java.lang.reflect.Method.invoke(Native Method)

03-08 11:37:29.341 13400 13473 W System.err: 	at com.alibaba.mtl.log.sign.SecurityRequestAuth.getSign(SecurityRequestAuth.java:135)

03-08 11:37:29.341 13400 13473 W System.err: 	at com.alibaba.mtl.log.e.t.a(UrlWrapper.java:204)

03-08 11:37:29.341 13400 13473 W System.err: 	at com.alibaba.mtl.log.e.t.a(UrlWrapper.java:58)

03-08 11:37:29.341 13400 13473 W System.err: 	at com.alibaba.mtl.log.d.b.M(UploadTask.java:136)

03-08 11:37:29.341 13400 13473 W System.err: 	at com.alibaba.mtl.log.d.b.run(UploadTask.java:52)

03-08 11:37:29.341 13400 13473 W System.err: 	at java.util.concurrent.Executors$RunnableAdapter.call(Executors.java:423)

03-08 11:37:29.341 13400 13473 W System.err: 	at java.util.concurrent.FutureTask.run(FutureTask.java:237)

03-08 11:37:29.341 13400 13473 W System.err: 	at java.util.concurrent.ThreadPoolExecutor.runWorker(ThreadPoolExecutor.java:1113)

03-08 11:37:29.341 13400 13473 W System.err: 	at java.util.concurrent.ThreadPoolExecutor$Worker.run(ThreadPoolExecutor.java:588)

03-08 11:37:29.341 13400 13473 W System.err: 	at java.lang.Thread.run(Thread.java:818)

03-08 11:37:29.341 13400 13473 W System.err: Caused by: com.alibaba.wireless.security.open.SecException: 

03-08 11:37:29.341 13400 13473 W System.err: 	at com.taobao.wireless.security.adapter.JNICLibrary.doCommandNative(Native Method)

03-08 11:37:29.341 13400 13473 W System.err: 	at com.alibaba.wireless.security.mainplugin.a.doCommandNative(Unknown Source)

03-08 11:37:29.341 13400 13473 W System.err: 	at com.taobao.wireless.security.adapter.b.b.b(Unknown Source)

03-08 11:37:29.341 13400 13473 W System.err: 	at com.taobao.wireless.security.adapter.b.b.a(Unknown Source)

03-08 11:37:29.341 13400 13473 W System.err: 	at com.taobao.wireless.security.adapter.b.b.a(Unknown Source)

03-08 11:37:29.342 13400 13473 W System.err: 	at com.alibaba.wireless.security.a.h.a.signRequest(Unknown Source)

03-08 11:37:29.359  1923  1923 E JavaBinder: !!! FAILED BINDER TRANSACTION !!!  (parcel size = 104)

03-08 11:37:29.371 13400 13473 W System.err: 	... 11 more

03-08 11:37:29.383  4099  5103 I XiaomiFirewall: firewall pkgName:com.orvibo.homemate, result:0x0

03-08 11:37:29.463 13400 13473 D UTAnalytics:UploadTask: pid:13400 url:http://adashbc.m.taobao.com/rest/sur?ak=23256401&av=2.3.0.200&c=null&v=3.0&s=&d=WJfwe%2BsntC4DAAdSBLpxQDCW&sv=2.5.1_for_bc&p=a&t=1488944248940&u=&is=1&k=0,

03-08 11:37:29.463 13400 13473 D UTAnalytics:UploadTask: pid:13400 result:{"t":1488944248793,"ret":"","success":"success"}

03-08 11:37:29.463 13400 13473 D UTAnalytics:UploadTask: ,

03-08 11:37:29.464 13400 13473 D UTAnalytics:UploadTask: pid:13400 winsize:335,

03-08 11:37:29.464 13400 13473 D UTAnalytics:LogStoreMgr: pid:13400 [Log [id=1429, eventId=19999, index=], Log [id=1430, eventId=19999, index=], Log [id=1431, eventId=2001, index=], Log [id=1432, eventId=2001, index=]],

03-08 11:37:29.489 13400 13473 D UTAnalytics:UTSqliteLogStore: pid:13400 delete ,4, isSuccess:true,

03-08 11:37:29.489 13400 13473 D UTAnalytics:CoreStatics: pid:13400 [uploadInc]:0,count:4,

03-08 11:37:29.489 13400 13473 D UTAnalytics:CoreStatics: pid:13400 [uploadInc]:4,

03-08 11:37:29.490 13400 13473 D UTAnalytics:UploadTask: pid:13400 logs.size():4, selfMonitorLogCount:0,

03-08 11:37:29.490 13400 13473 D UTAnalytics:UploadTask: pid:13400 upload isSendSuccess:true, consume:536, delete consume:26,

03-08 11:37:30.321   372   476 I ThermalEngine: Sensor:batt_temp:329 mC

03-08 11:37:30.364  1923  1923 E JavaBinder: !!! FAILED BINDER TRANSACTION !!!  (parcel size = 104)

03-08 11:37:30.834 13400 13473 D UTAnalytics:LogStoreMgr: pid:13400 [store],

03-08 11:37:30.851 13400 13473 D UTAnalytics:UTSqliteLogStore: pid:13400 sql:SELECT * FROM log ORDER BY time ASC  LIMIT 335,

03-08 11:37:30.856 13400 13473 D UTAnalytics:LogStoreMgr: pid:13400 [get],[],

03-08 11:37:30.858 13400 13473 D UTAnalytics:UploadEngine: pid:13400 UTDC.bBackground:false,AppInfoUtil.isForeground(UTDC.getContext()) ,true,

03-08 11:37:30.861 13400 13473 D UTAnalytics:UploadTask: pid:13400 mPeriod:30000,

03-08 11:37:31.322   372   476 I ThermalEngine: Sensor:batt_temp:329 mC

03-08 11:37:31.383  1923  1923 E JavaBinder: !!! FAILED BINDER TRANSACTION !!!  (parcel size = 104)

03-08 11:37:31.784  6869 24532 D MSF.C.NetConnTag: netRecv ssoSeq:-1552459084 uin:*2908 cmd:-316037937 -1552457781

03-08 11:37:31.821  2859  2922 D Q.msg.TroopMsgProxy: insertToList MessageRecord=friendUin:1835senderuin:3945,istroop:1,msgType:-1035,time:1488944251,shmsgseq:209778

03-08 11:37:31.830  2859  2922 D Q.unread.ProxyUnreadMonitor: insertOrUpdateUnread update=--ConversationInfo--,shortUin:*1835,type:1,lastread:204096,unreadCount:5674,unreadGiftCount:0,unreadRedPacketCount:0,unreadMark:0

03-08 11:37:31.866  2859  2922 D Q.msg.QQMessageFacadeUnreadMonitor: Recent Msg Unread: (0,0,55) (9980,9000,0) (9953,7230,4) (9992,7000,0) 

03-08 11:37:31.880  2859 13788 D ProxyIpManagerImpl: Load local proxy ip failed, uin:*2908 type: 3 reason: not mobile network!

03-08 11:37:31.883  2859 13788 D TicketManager: get ticket succ, stKey!

03-08 11:37:31.888  2859 13788 D TicketManager: get ticket succ, st!

03-08 11:37:31.908  4099  5103 I XiaomiFirewall: firewall pkgName:com.tencent.mobileqq, result:0x0

03-08 11:37:31.998  4269  4269 D wpa_supplicant: wlan0: Control interface command 'SIGNAL_POLL'

03-08 11:37:32.001  4269  4269 D wpa_supplicant: CTRL-DEBUG: global_ctrl_sock-sendto: sock=11 sndbuf=163840 outq=0 send_len=48

03-08 11:37:32.323   372   476 I ThermalEngine: Sensor:batt_temp:330 mC

03-08 11:37:32.397  1923  1923 E JavaBinder: !!! FAILED BINDER TRANSACTION !!!  (parcel size = 104)

03-08 11:37:32.787 13400 13436 W System.err: Êó†Ê≥ïËÆøÈóÆÊàñÁΩëÁªú‰∏çÁ®≥ÂÆö

03-08 11:37:32.787 13400 13436 W System.err: 	at com.danale.video.sdk.http.impl.apache.ApacheHttpClient.readDataWithRetriesAndReportDanaleError(Unknown Source)

03-08 11:37:32.787 13400 13436 W System.err: 	at com.danale.video.sdk.http.impl.apache.ApacheHttpClient.execute(Unknown Source)

03-08 11:37:32.787 13400 13436 W System.err: 	at com.danale.video.sdk.utils.DnsAnalysisUtil.dnsAnalysisByDanale(Unknown Source)

03-08 11:37:32.787 13400 13436 W System.err: 	at com.danale.video.sdk.platform.entity.Session$7.doInBackground(Unknown Source)

03-08 11:37:32.787 13400 13436 W System.err: 	at com.danale.video.sdk.platform.entity.Session$7.doInBackground(Unknown Source)

03-08 11:37:32.787 13400 13436 W System.err: 	at com.danale.video.sdk.async.AsyncTask$2.call(Unknown Source)

03-08 11:37:32.787 13400 13436 W System.err: 	at java.util.concurrent.FutureTask.run(FutureTask.java:237)

03-08 11:37:32.787 13400 13436 W System.err: 	at java.util.concurrent.ThreadPoolExecutor.runWorker(ThreadPoolExecutor.java:1113)

03-08 11:37:32.788 13400 13436 W System.err: 	at java.util.concurrent.ThreadPoolExecutor$Worker.run(ThreadPoolExecutor.java:588)

03-08 11:37:32.788 13400 13436 W System.err: 	at java.lang.Thread.run(Thread.java:818)

03-08 11:37:32.788 13400 13436 W System.err: Caused by: org.apache.http.conn.ConnectTimeoutException: Connect to /54.93.73.119:443 timed out

03-08 11:37:32.788 13400 13436 W System.err: 	at org.apache.http.conn.scheme.PlainSocketFactory.connectSocket(PlainSocketFactory.java:126)

03-08 11:37:32.788 13400 13436 W System.err: 	at org.apache.http.impl.conn.DefaultClientConnectionOperator.openConnection(DefaultClientConnectionOperator.java:149)

03-08 11:37:32.788 13400 13436 W System.err: 	at org.apache.http.impl.conn.AbstractPoolEntry.open(AbstractPoolEntry.java:169)

03-08 11:37:32.788 13400 13436 W System.err: 	at org.apache.http.impl.conn.AbstractPooledConnAdapter.open(AbstractPooledConnAdapter.java:124)

03-08 11:37:32.788 13400 13436 W System.err: 	at org.apache.http.impl.client.DefaultRequestDirector.execute(DefaultRequestDirector.java:370)

03-08 11:37:32.789 13400 13436 W System.err: 	at org.apache.http.impl.client.AbstractHttpClient.execute(AbstractHttpClient.java:560)

03-08 11:37:32.789 13400 13436 W System.err: 	at org.apache.http.impl.client.AbstractHttpClient.execute(AbstractHttpClient.java:492)

03-08 11:37:32.789 13400 13436 W System.err: 	at org.apache.http.impl.client.AbstractHttpClient.execute(AbstractHttpClient.java:470)

03-08 11:37:32.789 13400 13436 W System.err: 	at com.danale.video.sdk.http.impl.apache.ApacheHttpClient.readDataWithRetriesAndReportDanaleError(Unknown Source)

03-08 11:37:32.789 13400 13436 W System.err: 	... 9 more

03-08 11:37:33.324   372   476 I ThermalEngine: Sensor:batt_temp:330 mC

03-08 11:37:33.414  1923  1923 E JavaBinder: !!! FAILED BINDER TRANSACTION !!!  (parcel size = 104)

03-08 11:37:34.326   372   476 I ThermalEngine: Sensor:batt_temp:330 mC

03-08 11:37:35.004  4269  4269 D wpa_supplicant: wlan0: Control interface command 'SIGNAL_POLL'

03-08 11:37:35.019  4269  4269 D wpa_supplicant: CTRL-DEBUG: global_ctrl_sock-sendto: sock=11 sndbuf=163840 outq=0 send_len=48

03-08 11:37:35.243  6869  6988 W Settings: Setting airplane_mode_on has moved from android.provider.Settings.System to android.provider.Settings.Global, returning read-only value.

03-08 11:37:35.245  6869  6988 W beacon  : onUserAction return false, because eventName:[MixedMsgReceived] is not allowed in server strategy!

03-08 11:37:35.246  6869  6988 W Settings: Setting airplane_mode_on has moved from android.provider.Settings.System to android.provider.Settings.Global, returning read-only value.

03-08 11:37:35.247  6869  6988 W beacon  : onUserAction return false, because eventName:[actDnsReq] is not allowed in server strategy!

03-08 11:37:35.249  6869  6988 W Settings: Setting airplane_mode_on has moved from android.provider.Settings.System to android.provider.Settings.Global, returning read-only value.

03-08 11:37:35.250  6869  6988 W beacon  : onUserAction return false, because eventName:[actGroupPicSmallDownV1] is not allowed in server strategy!

03-08 11:37:35.327   372   476 I ThermalEngine: Sensor:batt_temp:330 mC

03-08 11:37:36.328   372   476 I ThermalEngine: Sensor:batt_temp:330 mC

03-08 11:37:36.442  1923  1923 E JavaBinder: !!! FAILED BINDER TRANSACTION !!!  (parcel size = 104)

03-08 11:37:36.944  4099  5103 I XiaomiFirewall: firewall pkgName:com.orvibo.homemate, result:0x0

03-08 11:37:37.053 26902 13733 W System.err: java.net.SocketTimeoutException: failed to connect to loc.map.baidu.com/14.215.177.33 (port 443) after 12000ms

03-08 11:37:37.054 26902 13733 W System.err: 	at libcore.io.IoBridge.connectErrno(IoBridge.java:169)

03-08 11:37:37.054 26902 13733 W System.err: 	at libcore.io.IoBridge.connect(IoBridge.java:122)

03-08 11:37:37.054 26902 13733 W System.err: 	at java.net.PlainSocketImpl.connect(PlainSocketImpl.java:183)

03-08 11:37:37.054 26902 13733 W System.err: 	at java.net.PlainSocketImpl.connect(PlainSocketImpl.java:452)

03-08 11:37:37.054 26902 13733 W System.err: 	at java.net.Socket.connect(Socket.java:884)

03-08 11:37:37.054 26902 13733 W System.err: 	at com.android.okhttp.internal.Platform.connectSocket(Platform.java:117)

03-08 11:37:37.054 26902 13733 W System.err: 	at com.android.okhttp.internal.http.SocketConnector.connectRawSocket(SocketConnector.java:160)

03-08 11:37:37.054 26902 13733 W System.err: 	at com.android.okhttp.internal.http.SocketConnector.connectTls(SocketConnector.java:79)

03-08 11:37:37.054 26902 13733 W System.err: 	at com.android.okhttp.Connection.connect(Connection.java:143)

03-08 11:37:37.054 26902 13733 W System.err: 	at com.android.okhttp.Connection.connectAndSetOwner(Connection.java:185)

03-08 11:37:37.054 26902 13733 W System.err: 	at com.android.okhttp.OkHttpClient$1.connectAndSetOwner(OkHttpClient.java:128)

03-08 11:37:37.054 26902 13733 W System.err: 	at com.android.okhttp.internal.http.HttpEngine.nextConnection(HttpEngine.java:342)

03-08 11:37:37.054 26902 13733 W System.err: 	at com.android.okhttp.internal.http.HttpEngine.connect(HttpEngine.java:331)

03-08 11:37:37.054 26902 13733 W System.err: 	at com.android.okhttp.internal.http.HttpEngine.sendRequest(HttpEngine.java:249)

03-08 11:37:37.054 26902 13733 W System.err: 	at com.android.okhttp.internal.huc.HttpURLConnectionImpl.execute(HttpURLConnectionImpl.java:437)

03-08 11:37:37.054 26902 13733 W System.err: 	at com.android.okhttp.internal.huc.HttpURLConnectionImpl.connect(HttpURLConnectionImpl.java:114)

03-08 11:37:37.055 26902 13733 W System.err: 	at com.android.okhttp.internal.huc.DelegatingHttpsURLConnection.connect(DelegatingHttpsURLConnection.java:89)

03-08 11:37:37.055 26902 13733 W System.err: 	at com.android.okhttp.internal.huc.HttpsURLConnectionImpl.connect(HttpsURLConnectionImpl.java:25)

03-08 11:37:37.055 26902 13733 W System.err: 	at com.baidu.location.h.e$4.run(Unknown Source)

03-08 11:37:37.055 26902 13733 I baidu_location_service: https NetworkCommunicationException!

03-08 11:37:37.096  4099  5103 I XiaomiFirewall: firewall pkgName:com.baidu.BaiduMap, result:0x0

03-08 11:37:37.127  4269  4269 D wpa_supplicant: wlan0: Control interface command 'SCAN TYPE=ONLY'

03-08 11:37:37.127  4269  4269 D wpa_supplicant: wlan0: Setting scan request: 0.000000 sec

03-08 11:37:37.127  4269  4269 D wpa_supplicant: CTRL-DEBUG: global_ctrl_sock-sendto: sock=11 sndbuf=163840 outq=0 send_len=3

03-08 11:37:37.127  4269  4269 D wpa_supplicant: wlan0: Starting AP scan for wildcard SSID

03-08 11:37:37.127  4269  4269 D wpa_supplicant: wlan0: Add radio work 'scan'@0xb6919398

03-08 11:37:37.127  4269  4269 D wpa_supplicant: wlan0: First radio work item in the queue - schedule start immediately

03-08 11:37:37.127  4269  4269 D wpa_supplicant: wlan0: Starting radio work 'scan'@0xb6919398 after 0.000060 second wait

03-08 11:37:37.127  4269  4269 D wpa_supplicant: wlan0: nl80211: scan request

03-08 11:37:37.127  4269  4269 D wpa_supplicant: nl80211: Scan SSID - hexdump(len=0): [NULL]

03-08 11:37:37.127  4269  4269 D wpa_supplicant: nl80211: Scan extra IEs - hexdump(len=7): 7f 05 00 00 0a 02 01

03-08 11:37:37.129  4269  4269 D wpa_supplicant: Scan requested (ret=0) - scan timeout 30 seconds

03-08 11:37:37.130  4269  4269 D wpa_supplicant: nl80211: Event message available

03-08 11:37:37.130  4269  4269 D wpa_supplicant: nl80211: Drv Event 33 (NL80211_CMD_TRIGGER_SCAN) received for wlan0

03-08 11:37:37.130  4269  4269 D wpa_supplicant: wlan0: nl80211: Scan trigger

03-08 11:37:37.130  4269  4269 D wpa_supplicant: wlan0: Event SCAN_STARTED (47) received

03-08 11:37:37.130  4269  4269 D wpa_supplicant: wlan0: Own scan request started a scan in 0.000145 seconds

03-08 11:37:37.130  4269  4269 D wpa_supplicant: CTRL-DEBUG: ctrl_sock-sendmsg: sock=11 sndbuf=163840 outq=448 send_len=24

03-08 11:37:37.130  4269  4269 D wpa_supplicant: CTRL_IFACE monitor sent successfully to /data/misc/wifi/sockets/wpa_ctrl_1923-2\x00

03-08 11:37:37.330   372   476 I ThermalEngine: Sensor:batt_temp:330 mC

03-08 11:37:37.824 13400 13473 D UTAnalytics:CommitTask: pid:13400 check&commit event:65502,

03-08 11:37:37.825 13400 13473 D UTAnalytics:CommitTask: pid:13400 next:65502,

03-08 11:37:37.825 13400 13473 D UTAnalytics:CommitTask: pid:13400 check&commit event:65503,

03-08 11:37:37.825 13400 13473 D UTAnalytics:CommitTask: pid:13400 next:65503,

03-08 11:37:37.836 13400 13463 D UTAnalytics:CommitTask: pid:13400 check&commit event:65501,

03-08 11:37:37.837 13400 13463 D UTAnalytics:CommitTask: pid:13400 next:65501,

03-08 11:37:38.023  4269  4269 D wpa_supplicant: wlan0: Control interface command 'SIGNAL_POLL'

03-08 11:37:38.026  4269  4269 D wpa_supplicant: CTRL-DEBUG: global_ctrl_sock-sendto: sock=11 sndbuf=163840 outq=0 send_len=48

03-08 11:37:38.331   372   476 I ThermalEngine: Sensor:batt_temp:330 mC

03-08 11:37:38.464  1923  1923 E JavaBinder: !!! FAILED BINDER TRANSACTION !!!  (parcel size = 104)

03-08 11:37:39.332   372   476 I ThermalEngine: Sensor:batt_temp:330 mC

03-08 11:37:39.857 29006 29006 W AppWatcher: type=1400 audit(0.0:992754): avc: denied { getattr } for path="/proc/opalum-temp-calib" dev="proc" ino=4026534634 scontext=u:r:untrusted_app:s0:c512,c768 tcontext=u:object_r:proc_opalum:s0 tclass=file permissive=0

03-08 11:37:39.857 29006 29006 W AppWatcher: type=1400 audit(0.0:992755): avc: denied { getattr } for path="/proc/opalum-f0-calib" dev="proc" ino=4026534633 scontext=u:r:untrusted_app:s0:c512,c768 tcontext=u:object_r:proc_opalum:s0 tclass=file permissive=0

03-08 11:37:39.857 29006 29006 W AppWatcher: type=1400 audit(0.0:992756): avc: denied { getattr } for path="/proc/sysrq-trigger" dev="proc" ino=4026533735 scontext=u:r:untrusted_app:s0:c512,c768 tcontext=u:object_r:proc_sysrq:s0 tclass=file permissive=0

03-08 11:37:39.877 29006 29006 W AppWatcher: type=1400 audit(0.0:992757): avc: denied { getattr } for path="/proc/1" dev="proc" ino=907269 scontext=u:r:untrusted_app:s0:c512,c768 tcontext=u:r:init:s0 tclass=dir permissive=0

03-08 11:37:39.877 29006 29006 W AppWatcher: type=1400 audit(0.0:992758): avc: denied { getattr } for path="/proc/2" dev="proc" ino=907270 scontext=u:r:untrusted_app:s0:c512,c768 tcontext=u:r:kernel:s0 tclass=dir permissive=0

03-08 11:37:39.877 29006 29006 W AppWatcher: type=1400 audit(0.0:992759): avc: denied { getattr } for path="/proc/3" dev="proc" ino=907271 scontext=u:r:untrusted_app:s0:c512,c768 tcontext=u:r:kernel:s0 tclass=dir permissive=0

03-08 11:37:39.877 29006 29006 W AppWatcher: type=1400 audit(0.0:992760): avc: denied { getattr } for path="/proc/6" dev="proc" ino=907272 scontext=u:r:untrusted_app:s0:c512,c768 tcontext=u:r:kernel:s0 tclass=dir permissive=0

03-08 11:37:39.877 29006 29006 W AppWatcher: type=1400 audit(0.0:992761): avc: denied { getattr } for path="/proc/7" dev="proc" ino=907273 scontext=u:r:untrusted_app:s0:c512,c768 tcontext=u:r:kernel:s0 tclass=dir permissive=0

03-08 11:37:39.877 29006 29006 W AppWatcher: type=1400 audit(0.0:992762): avc: denied { getattr } for path="/proc/8" dev="proc" ino=907274 scontext=u:r:untrusted_app:s0:c512,c768 tcontext=u:r:kernel:s0 tclass=dir permissive=0

03-08 11:37:39.877 29006 29006 W AppWatcher: type=1400 audit(0.0:992763): avc: denied { getattr } for path="/proc/21" dev="proc" ino=907275 scontext=u:r:untrusted_app:s0:c512,c768 tcontext=u:r:kernel:s0 tclass=dir permissive=0

03-08 11:37:39.877 29006 29006 W AppWatcher: type=1400 audit(0.0:992764): avc: denied { getattr } for path="/proc/22" dev="proc" ino=907276 scontext=u:r:untrusted_app:s0:c512,c768 tcontext=u:r:kernel:s0 tclass=dir permissive=0

03-08 11:37:39.877 29006 29006 W AppWatcher: type=1400 audit(0.0:992765): avc: denied { getattr } for path="/proc/28" dev="proc" ino=907278 scontext=u:r:untrusted_app:s0:c512,c768 tcontext=u:r:kernel:s0 tclass=dir permissive=0

03-08 11:37:39.877 29006 29006 W AppWatcher: type=1400 audit(0.0:992766): avc: denied { getattr } for path="/proc/29" dev="proc" ino=907279 scontext=u:r:untrusted_app:s0:c512,c768 tcontext=u:r:kernel:s0 tclass=dir permissive=0

03-08 11:37:39.877 29006 29006 W AppWatcher: type=1400 audit(0.0:992767): avc: denied { getattr } for path="/proc/30" dev="proc" ino=907280 scontext=u:r:untrusted_app:s0:c512,c768 tcontext=u:r:kernel:s0 tclass=dir permissive=0

03-08 11:37:39.877 29006 29006 W AppWatcher: type=1400 audit(0.0:992768): avc: denied { getattr } for path="/proc/32" dev="proc" ino=907281 scontext=u:r:untrusted_app:s0:c512,c768 tcontext=u:r:kernel:s0 tclass=dir permissive=0

03-08 11:37:39.877 29006 29006 W AppWatcher: type=1400 audit(0.0:992769): avc: denied { getattr } for path="/proc/33" dev="proc" ino=907282 scontext=u:r:untrusted_app:s0:c512,c768 tcontext=u:r:kernel:s0 tclass=dir permissive=0

03-08 11:37:39.877 29006 29006 W AppWatcher: type=1400 audit(0.0:992770): avc: denied { getattr } for path="/proc/34" dev="proc" ino=907283 scontext=u:r:untrusted_app:s0:c512,c768 tcontext=u:r:kernel:s0 tclass=dir permissive=0

03-08 11:37:39.877 29006 29006 W AppWatcher: type=1400 audit(0.0:992771): avc: denied { getattr } for path="/proc/61" dev="proc" ino=907284 scontext=u:r:untrusted_app:s0:c512,c768 tcontext=u:r:kernel:s0 tclass=dir permissive=0

03-08 11:37:39.887 29006 29006 W AppWatcher: type=1400 audit(0.0:992772): avc: denied { getattr } for path="/proc/62" dev="proc" ino=907285 scontext=u:r:untrusted_app:s0:c512,c768 tcontext=u:r:kernel:s0 tclass=dir permissive=0

03-08 11:37:39.887 29006 29006 W AppWatcher: type=1400 audit(0.0:992773): avc: denied { getattr } for path="/proc/63" dev="proc" ino=907286 scontext=u:r:untrusted_app:s0:c512,c768 tcontext=u:r:kernel:s0 tclass=dir permissive=0

03-08 11:37:40.219 26902 26918 W Settings: Setting airplane_mode_on has moved from android.provider.Settings.System to android.provider.Settings.Global, returning read-only value.

03-08 11:37:40.229  4099  5103 I XiaomiFirewall: firewall pkgName:com.baidu.BaiduMap, result:0x0

03-08 11:37:40.334   372   476 I ThermalEngine: Sensor:batt_temp:330 mC

03-08 11:37:41.031  4269  4269 D wpa_supplicant: wlan0: Control interface command 'SIGNAL_POLL'

03-08 11:37:41.034  4269  4269 D wpa_supplicant: CTRL-DEBUG: global_ctrl_sock-sendto: sock=11 sndbuf=163840 outq=0 send_len=48

03-08 11:37:41.286  4269  4269 D wpa_supplicant: nl80211: Event message available

03-08 11:37:41.286  4269  4269 D wpa_supplicant: nl80211: Drv Event 34 (NL80211_CMD_NEW_SCAN_RESULTS) received for wlan0

03-08 11:37:41.287  4269  4269 D wpa_supplicant: wlan0: nl80211: New scan results available

03-08 11:37:41.287  4269  4269 D wpa_supplicant: nl80211: Scan included frequencies: 2412 2417 2422 2427 2432 2437 2442 2447 2452 2457 2462 2467 2472 5180 5200 5220 5240 5260 5280 5300 5320 5500 5520 5540 5560 5580 5600 5620 5640 5660 5680 5700 5745 5765 5785 5805 5825

03-08 11:37:41.287  4269  4269 D wpa_supplicant: wlan0: Event SCAN_RESULTS (3) received

03-08 11:37:41.287  4269  4269 D wpa_supplicant: wlan0: Scan completed in 4.157116 seconds

03-08 11:37:41.287  4269  4269 D wpa_supplicant: nl80211: Associated on 2422 MHz

03-08 11:37:41.287  4269  4269 D wpa_supplicant: nl80211: Associated with c0:3d:46:00:1a:5a

03-08 11:37:41.287  4269  4269 D wpa_supplicant: nl80211: Received scan results (34 BSSes)

03-08 11:37:41.288  4269  4269 D wpa_supplicant: nl80211: Scan results indicate BSS status with c0:3d:46:00:1a:5a as associated

03-08 11:37:41.288  4269  4269 D wpa_supplicant: wlan0: BSS: Start scan result update 9126

03-08 11:37:41.288  4269  4269 D wpa_supplicant: wlan0: BSS: Add new id 27361 BSSID 00:0c:43:76:20:b0 SSID 'OpenWrt'

03-08 11:37:41.288  4269  4269 D wpa_supplicant: CTRL-DEBUG: ctrl_sock-sendmsg: sock=11 sndbuf=163840 outq=0 send_len=44

03-08 11:37:41.291  4269  4269 D wpa_supplicant: CTRL_IFACE monitor sent successfully to /data/misc/wifi/sockets/wpa_ctrl_1923-2\x00

03-08 11:37:41.292  4269  4269 D wpa_supplicant: wlan0: BSS: Add new id 27362 BSSID 00:0c:43:43:6f:f7 SSID 'MWIFI-GLUO'

03-08 11:37:41.292  4269  4269 D wpa_supplicant: CTRL-DEBUG: ctrl_sock-sendmsg: sock=11 sndbuf=163840 outq=0 send_len=44

03-08 11:37:41.293  4269  4269 D wpa_supplicant: CTRL_IFACE monitor sent successfully to /data/misc/wifi/sockets/wpa_ctrl_1923-2\x00

03-08 11:37:41.293  4269  4269 D wpa_supplicant: wlan0: BSS: Remove id 27356 BSSID e0:10:7f:4b:f3:68 SSID 'WX-ORVIBO-Guest' due to no match in scan

03-08 11:37:41.293  4269  4269 D wpa_supplicant: CTRL-DEBUG: ctrl_sock-sendmsg: sock=11 sndbuf=163840 outq=0 send_len=46

03-08 11:37:41.294  4269  4269 D wpa_supplicant: CTRL_IFACE monitor sent successfully to /data/misc/wifi/sockets/wpa_ctrl_1923-2\x00

03-08 11:37:41.294  4269  4269 D wpa_supplicant: wlan0: BSS: Remove id 27357 BSSID f0:b4:29:d7:7e:79 SSID '0000' due to no match in scan

03-08 11:37:41.294  4269  4269 D wpa_supplicant: CTRL-DEBUG: ctrl_sock-sendmsg: sock=11 sndbuf=163840 outq=0 send_len=46

03-08 11:37:41.295  4269  4269 D wpa_supplicant: CTRL_IFACE monitor sent successfully to /data/misc/wifi/sockets/wpa_ctrl_1923-2\x00

03-08 11:37:41.295  4269  4269 D wpa_supplicant: BSS: last_scan_res_used=34/64

03-08 11:37:41.295  4269  4269 D wpa_supplicant: wlan0: Scan-only results received

03-08 11:37:41.295  4269  4269 D wpa_supplicant: CTRL-DEBUG: ctrl_sock-sendmsg: sock=11 sndbuf=163840 outq=0 send_len=24

03-08 11:37:41.299  4269  4269 D wpa_supplicant: CTRL_IFACE monitor sent successfully to /data/misc/wifi/sockets/wpa_ctrl_1923-2\x00

03-08 11:37:41.299  4269  4269 D wpa_supplicant: wlan0: Radio work 'scan'@0xb6919398 done in 4.171818 seconds

03-08 11:37:41.302  4269  4269 D wpa_supplicant: CTRL-DEBUG: global_ctrl_sock-sendto: sock=11 sndbuf=163840 outq=0 send_len=3995

03-08 11:37:41.308  4269  4269 D wpa_supplicant: RTM_NEWLINK: ifi_index=22 ifname=wlan0 wext ifi_family=0 ifi_flags=0x11043 ([UP][RUNNING][LOWER_UP])

03-08 11:37:41.311  4269  4269 D wpa_supplicant: CTRL-DEBUG: global_ctrl_sock-sendto: sock=11 sndbuf=163840 outq=0 send_len=3821

03-08 11:37:41.316  4269  4269 D wpa_supplicant: CTRL-DEBUG: global_ctrl_sock-sendto: sock=11 sndbuf=163840 outq=0 send_len=3962

03-08 11:37:41.316   433   644 W XTCC-5.1.0.8: [WifiScanner] WiFi scan result : [34] AP's

03-08 11:37:41.319  4269  4269 D wpa_supplicant: CTRL-DEBUG: global_ctrl_sock-sendto: sock=11 sndbuf=163840 outq=0 send_len=3531

03-08 11:37:41.322  4269  4269 D wpa_supplicant: CTRL-DEBUG: global_ctrl_sock-sendto: sock=11 sndbuf=163840 outq=0 send_len=4029

03-08 11:37:41.325  4269  4269 D wpa_supplicant: CTRL-DEBUG: global_ctrl_sock-sendto: sock=11 sndbuf=163840 outq=0 send_len=3792

03-08 11:37:41.328  4269  4269 D wpa_supplicant: CTRL-DEBUG: global_ctrl_sock-sendto: sock=11 sndbuf=163840 outq=0 send_len=894

03-08 11:37:41.335   372   476 I ThermalEngine: Sensor:batt_temp:330 mC

03-08 11:37:41.416  4269  4269 D wpa_supplicant: EAPOL: EAP Session-Id not available

03-08 11:37:41.416  4269  4269 D wpa_supplicant: CTRL-DEBUG: global_ctrl_sock-sendto: sock=11 sndbuf=163840 outq=0 send_len=278

03-08 11:37:41.425  4188 28948 I StepsProvider: Steps Provider Query

03-08 11:37:41.450 26390 26435 E WifiScanHomelog: start process end time - 21

03-08 11:37:41.453 26390 27008 E WifiDeviceFinder: start process end time - 29

03-08 11:37:41.470  1923  1923 E JavaBinder: !!! FAILED BINDER TRANSACTION !!!  (parcel size = 104)

03-08 11:37:41.503  4188  4327 W WtProcessController: do not trim { PackageName :com.miui.home Pid: 4270 Uid: 10019 Start by: unknown Score:50 Old score:50 state:0 mBackgroundTimeInMillis:1488944231411 WakelockCount:0 wakelogsize:0  ActivityDestroied:false Activity size: 1 PackageInfo:{WhetstonePackageInfo#PacakgeName:com.miui.home uid:10019 uiMemoryThresold:0 nonUiMemoryThresold:0 Flag:-2147483392,0x80000100 [,APP_SYSTEM] Type:0[] } tasknum:6884}

03-08 11:37:41.616  4188  4327 W WtProcessController: do not trim { PackageName :com.orvibo.homemate Pid: 13499 Uid: 10133 Start by: service Score:50 Old score:50 state:0 mBackgroundTimeInMillis:1488944239506 WakelockCount:0 wakelogsize:0  ActivityDestroied:false Activity size: 0 PackageInfo:{WhetstonePackageInfo#PacakgeName:com.orvibo.homemate uid:10133 uiMemoryThresold:0 nonUiMemoryThresold:0 Flag:5184,0x1440 [,TRIMHEAPS,SOFT_RESET,FLAG_DEAL_SCHEDULE] Type:0[] } tasknum:-1}

03-08 11:37:42.009 13400 13445 D NAT     : SYMMETRIC_NAT

03-08 11:37:42.010 13400 13445 D NAT     : call void method before

03-08 11:37:42.010 13400 13445 D NAT     : call void method after

03-08 11:37:42.336   372   476 I ThermalEngine: Sensor:batt_temp:330 mC

03-08 11:37:43.337   372   476 I ThermalEngine: Sensor:batt_temp:330 mC

03-08 11:37:43.474  1923  1923 E JavaBinder: !!! FAILED BINDER TRANSACTION !!!  (parcel size = 104)

