03-08 10:58:16.047 29006 29006 W AppWatcher: type=1400 audit(0.0:957097): avc: denied { getattr } for path="/proc/28" dev="proc" ino=907278 scontext=u:r:untrusted_app:s0:c512,c768 tcontext=u:r:kernel:s0 tclass=dir permissive=0

03-08 10:58:16.047 29006 29006 W AppWatcher: type=1400 audit(0.0:957098): avc: denied { getattr } for path="/proc/29" dev="proc" ino=907279 scontext=u:r:untrusted_app:s0:c512,c768 tcontext=u:r:kernel:s0 tclass=dir permissive=0

03-08 10:58:16.047 29006 29006 W AppWatcher: type=1400 audit(0.0:957099): avc: denied { getattr } for path="/proc/30" dev="proc" ino=907280 scontext=u:r:untrusted_app:s0:c512,c768 tcontext=u:r:kernel:s0 tclass=dir permissive=0

03-08 10:58:16.047 29006 29006 W AppWatcher: type=1400 audit(0.0:957100): avc: denied { getattr } for path="/proc/32" dev="proc" ino=907281 scontext=u:r:untrusted_app:s0:c512,c768 tcontext=u:r:kernel:s0 tclass=dir permissive=0

03-08 10:58:16.047 29006 29006 W AppWatcher: type=1400 audit(0.0:957101): avc: denied { getattr } for path="/proc/33" dev="proc" ino=907282 scontext=u:r:untrusted_app:s0:c512,c768 tcontext=u:r:kernel:s0 tclass=dir permissive=0

03-08 10:58:16.047 29006 29006 W AppWatcher: type=1400 audit(0.0:957102): avc: denied { getattr } for path="/proc/34" dev="proc" ino=907283 scontext=u:r:untrusted_app:s0:c512,c768 tcontext=u:r:kernel:s0 tclass=dir permissive=0

03-08 10:58:16.047 29006 29006 W AppWatcher: type=1400 audit(0.0:957103): avc: denied { getattr } for path="/proc/61" dev="proc" ino=907284 scontext=u:r:untrusted_app:s0:c512,c768 tcontext=u:r:kernel:s0 tclass=dir permissive=0

03-08 10:58:16.057 29006 29006 W AppWatcher: type=1400 audit(0.0:957104): avc: denied { getattr } for path="/proc/62" dev="proc" ino=907285 scontext=u:r:untrusted_app:s0:c512,c768 tcontext=u:r:kernel:s0 tclass=dir permissive=0

03-08 10:58:16.057 29006 29006 W AppWatcher: type=1400 audit(0.0:957105): avc: denied { getattr } for path="/proc/63" dev="proc" ino=907286 scontext=u:r:untrusted_app:s0:c512,c768 tcontext=u:r:kernel:s0 tclass=dir permissive=0

03-08 10:58:16.443  6869  6988 W Settings: Setting airplane_mode_on has moved from android.provider.Settings.System to android.provider.Settings.Global, returning read-only value.

03-08 10:58:16.444  6869  6988 W beacon  : onUserAction return false, because eventName:[MixedMsgReceived] is not allowed in server strategy!

03-08 10:58:16.445  6869  6988 W Settings: Setting airplane_mode_on has moved from android.provider.Settings.System to android.provider.Settings.Global, returning read-only value.

03-08 10:58:16.446  6869  6988 W beacon  : onUserAction return false, because eventName:[actDnsReq] is not allowed in server strategy!

03-08 10:58:16.447  6869  6988 W Settings: Setting airplane_mode_on has moved from android.provider.Settings.System to android.provider.Settings.Global, returning read-only value.

03-08 10:58:16.448  6869  6988 W beacon  : onUserAction return false, because eventName:[actGroupPicSmallDownV1] is not allowed in server strategy!

03-08 10:58:16.523   372   476 I ThermalEngine: Sensor:batt_temp:329 mC

03-08 10:58:17.524   372   476 I ThermalEngine: Sensor:batt_temp:329 mC

03-08 10:58:17.531  4269  4269 D wpa_supplicant: wlan0: Control interface command 'SIGNAL_POLL'

03-08 10:58:17.546  4269  4269 D wpa_supplicant: CTRL-DEBUG: global_ctrl_sock-sendto: sock=11 sndbuf=163840 outq=0 send_len=48

03-08 10:58:17.944  1923  1923 E JavaBinder: !!! FAILED BINDER TRANSACTION !!!  (parcel size = 104)

03-08 10:58:18.526   372   476 I ThermalEngine: Sensor:batt_temp:329 mC

03-08 10:58:19.527   372   476 I ThermalEngine: Sensor:batt_temp:329 mC

03-08 10:58:20.528   372   476 I ThermalEngine: Sensor:batt_temp:329 mC

03-08 10:58:20.561  4269  4269 D wpa_supplicant: wlan0: Control interface command 'SIGNAL_POLL'

03-08 10:58:20.577  4269  4269 D wpa_supplicant: CTRL-DEBUG: global_ctrl_sock-sendto: sock=11 sndbuf=163840 outq=0 send_len=48

03-08 10:58:21.529   372   476 I ThermalEngine: Sensor:batt_temp:329 mC

03-08 10:58:21.544  6869  7033 D MSF.C.NetConnTag: pa ok: 76883

03-08 10:58:21.545  6869  7033 D MSF.C.NetConnTag: netSend ssoSeq:76883 uin:*2908 cmd:346110978 76966

03-08 10:58:21.606  6869 24532 D MSF.C.NetConnTag: netRecv ssoSeq:76883 uin:*2908 cmd:346110978 76994

03-08 10:58:21.663 26902 23952 W System.err: java.net.SocketTimeoutException: failed to connect to loc.map.baidu.com/14.215.177.33 (port 443) after 12000ms

03-08 10:58:21.664 26902 23952 W System.err: 	at libcore.io.IoBridge.connectErrno(IoBridge.java:169)

03-08 10:58:21.664 26902 23952 W System.err: 	at libcore.io.IoBridge.connect(IoBridge.java:122)

03-08 10:58:21.664 26902 23952 W System.err: 	at java.net.PlainSocketImpl.connect(PlainSocketImpl.java:183)

03-08 10:58:21.664 26902 23952 W System.err: 	at java.net.PlainSocketImpl.connect(PlainSocketImpl.java:452)

03-08 10:58:21.664 26902 23952 W System.err: 	at java.net.Socket.connect(Socket.java:884)

03-08 10:58:21.664 26902 23952 W System.err: 	at com.android.okhttp.internal.Platform.connectSocket(Platform.java:117)

03-08 10:58:21.664 26902 23952 W System.err: 	at com.android.okhttp.internal.http.SocketConnector.connectRawSocket(SocketConnector.java:160)

03-08 10:58:21.664 26902 23952 W System.err: 	at com.android.okhttp.internal.http.SocketConnector.connectTls(SocketConnector.java:79)

03-08 10:58:21.664 26902 23952 W System.err: 	at com.android.okhttp.Connection.connect(Connection.java:143)

03-08 10:58:21.664 26902 23952 W System.err: 	at com.android.okhttp.Connection.connectAndSetOwner(Connection.java:185)

03-08 10:58:21.664 26902 23952 W System.err: 	at com.android.okhttp.OkHttpClient$1.connectAndSetOwner(OkHttpClient.java:128)

03-08 10:58:21.664 26902 23952 W System.err: 	at com.android.okhttp.internal.http.HttpEngine.nextConnection(HttpEngine.java:342)

03-08 10:58:21.664 26902 23952 W System.err: 	at com.android.okhttp.internal.http.HttpEngine.connect(HttpEngine.java:331)

03-08 10:58:21.664 26902 23952 W System.err: 	at com.android.okhttp.internal.http.HttpEngine.sendRequest(HttpEngine.java:249)

03-08 10:58:21.664 26902 23952 W System.err: 	at com.android.okhttp.internal.huc.HttpURLConnectionImpl.execute(HttpURLConnectionImpl.java:437)

03-08 10:58:21.665 26902 23952 W System.err: 	at com.android.okhttp.internal.huc.HttpURLConnectionImpl.connect(HttpURLConnectionImpl.java:114)

03-08 10:58:21.665 26902 23952 W System.err: 	at com.android.okhttp.internal.huc.DelegatingHttpsURLConnection.connect(DelegatingHttpsURLConnection.java:89)

03-08 10:58:21.665 26902 23952 W System.err: 	at com.android.okhttp.internal.huc.HttpsURLConnectionImpl.connect(HttpsURLConnectionImpl.java:25)

03-08 10:58:21.665 26902 23952 W System.err: 	at com.baidu.location.h.e$4.run(Unknown Source)

03-08 10:58:21.665 26902 23952 I baidu_location_service: https NetworkCommunicationException!

03-08 10:58:21.711  4099  5103 I XiaomiFirewall: firewall pkgName:com.baidu.BaiduMap, result:0x0

03-08 10:58:21.738  4269  4269 D wpa_supplicant: wlan0: Control interface command 'SCAN TYPE=ONLY'

03-08 10:58:21.738  4269  4269 D wpa_supplicant: wlan0: Setting scan request: 0.000000 sec

03-08 10:58:21.738  4269  4269 D wpa_supplicant: CTRL-DEBUG: global_ctrl_sock-sendto: sock=11 sndbuf=163840 outq=0 send_len=3

03-08 10:58:21.738  4269  4269 D wpa_supplicant: wlan0: Starting AP scan for wildcard SSID

03-08 10:58:21.738  4269  4269 D wpa_supplicant: wlan0: Add radio work 'scan'@0xb6919398

03-08 10:58:21.738  4269  4269 D wpa_supplicant: wlan0: First radio work item in the queue - schedule start immediately

03-08 10:58:21.739  4269  4269 D wpa_supplicant: wlan0: Starting radio work 'scan'@0xb6919398 after 0.000071 second wait

03-08 10:58:21.739  4269  4269 D wpa_supplicant: wlan0: nl80211: scan request

03-08 10:58:21.739  4269  4269 D wpa_supplicant: nl80211: Scan SSID - hexdump(len=0): [NULL]

03-08 10:58:21.739  4269  4269 D wpa_supplicant: nl80211: Scan extra IEs - hexdump(len=7): 7f 05 00 00 0a 02 01

03-08 10:58:21.741  4269  4269 D wpa_supplicant: Scan requested (ret=0) - scan timeout 30 seconds

03-08 10:58:21.741  4269  4269 D wpa_supplicant: nl80211: Event message available

03-08 10:58:21.741  4269  4269 D wpa_supplicant: nl80211: Drv Event 33 (NL80211_CMD_TRIGGER_SCAN) received for wlan0

03-08 10:58:21.741  4269  4269 D wpa_supplicant: wlan0: nl80211: Scan trigger

03-08 10:58:21.741  4269  4269 D wpa_supplicant: wlan0: Event SCAN_STARTED (47) received

03-08 10:58:21.741  4269  4269 D wpa_supplicant: wlan0: Own scan request started a scan in 0.000305 seconds

03-08 10:58:21.741  4269  4269 D wpa_supplicant: CTRL-DEBUG: ctrl_sock-sendmsg: sock=11 sndbuf=163840 outq=0 send_len=24

03-08 10:58:21.742  4269  4269 D wpa_supplicant: CTRL_IFACE monitor sent successfully to /data/misc/wifi/sockets/wpa_ctrl_1923-2\x00

03-08 10:58:21.979  1923  1923 E JavaBinder: !!! FAILED BINDER TRANSACTION !!!  (parcel size = 104)

03-08 10:58:22.532   372   476 I ThermalEngine: Sensor:batt_temp:329 mC

03-08 10:58:22.991  1923  1923 E JavaBinder: !!! FAILED BINDER TRANSACTION !!!  (parcel size = 104)

03-08 10:58:23.209  1923  3680 D WifiStateMachine: starting scan for "18.1_neiwang"-WPA_PSK with 5745,2422

03-08 10:58:23.209  4269  4269 D wpa_supplicant: wlan0: Control interface command 'SCAN TYPE=ONLY freq=5745,2422'

03-08 10:58:23.209  4269  4269 D wpa_supplicant: Pending scan scheduled - reject new request

03-08 10:58:23.209  4269  4269 D wpa_supplicant: CTRL-DEBUG: global_ctrl_sock-sendto: sock=11 sndbuf=163840 outq=0 send_len=10

03-08 10:58:23.533   372   476 I ThermalEngine: Sensor:batt_temp:329 mC

03-08 10:58:23.581  4269  4269 D wpa_supplicant: wlan0: Control interface command 'SIGNAL_POLL'

03-08 10:58:23.584  4269  4269 D wpa_supplicant: CTRL-DEBUG: global_ctrl_sock-sendto: sock=11 sndbuf=163840 outq=0 send_len=48

03-08 10:58:24.535   372   476 I ThermalEngine: Sensor:batt_temp:329 mC

03-08 10:58:24.796 26902 26918 W Settings: Setting airplane_mode_on has moved from android.provider.Settings.System to android.provider.Settings.Global, returning read-only value.

03-08 10:58:24.804  4099  5103 I XiaomiFirewall: firewall pkgName:com.baidu.BaiduMap, result:0x0

03-08 10:58:25.536   372   476 I ThermalEngine: Sensor:batt_temp:329 mC

03-08 10:58:25.875  4269  4269 D wpa_supplicant: RTM_NEWLINK: ifi_index=22 ifname=wlan0 wext ifi_family=0 ifi_flags=0x11043 ([UP][RUNNING][LOWER_UP])

03-08 10:58:25.876  4269  4269 D wpa_supplicant: nl80211: Event message available

03-08 10:58:25.876  4269  4269 D wpa_supplicant: nl80211: Drv Event 34 (NL80211_CMD_NEW_SCAN_RESULTS) received for wlan0

03-08 10:58:25.876  4269  4269 D wpa_supplicant: wlan0: nl80211: New scan results available

03-08 10:58:25.876  4269  4269 D wpa_supplicant: nl80211: Scan included frequencies: 2412 2417 2422 2427 2432 2437 2442 2447 2452 2457 2462 2467 2472 5180 5200 5220 5240 5260 5280 5300 5320 5500 5520 5540 5560 5580 5600 5620 5640 5660 5680 5700 5745 5765 5785 5805 5825

03-08 10:58:25.876  4269  4269 D wpa_supplicant: wlan0: Event SCAN_RESULTS (3) received

03-08 10:58:25.876  4269  4269 D wpa_supplicant: wlan0: Scan completed in 4.134851 seconds

03-08 10:58:25.876  4269  4269 D wpa_supplicant: nl80211: Associated on 2422 MHz

03-08 10:58:25.876  4269  4269 D wpa_supplicant: nl80211: Associated with c0:3d:46:00:1a:5a

03-08 10:58:25.877  4269  4269 D wpa_supplicant: nl80211: Received scan results (33 BSSes)

03-08 10:58:25.877  4269  4269 D wpa_supplicant: nl80211: Scan results indicate BSS status with c0:3d:46:00:1a:5a as associated

03-08 10:58:25.877  4269  4269 D wpa_supplicant: wlan0: BSS: Start scan result update 8902

03-08 10:58:25.877  4269  4269 D wpa_supplicant: wlan0: BSS: Add new id 26728 BSSID 04:f0:21:26:f9:27 SSID 'yunji-tele'

03-08 10:58:25.877  4269  4269 D wpa_supplicant: CTRL-DEBUG: ctrl_sock-sendmsg: sock=11 sndbuf=163840 outq=0 send_len=44

03-08 10:58:25.877  4269  4269 D wpa_supplicant: CTRL_IFACE monitor sent successfully to /data/misc/wifi/sockets/wpa_ctrl_1923-2\x00

03-08 10:58:25.877  4269  4269 D wpa_supplicant: wlan0: BSS: Remove id 26709 BSSID c0:3d:46:00:4e:27 SSID '22.1_\xe5\xa4\x96\xe7\xbd\x91' due to no match in scan

03-08 10:58:25.877  4269  4269 D wpa_supplicant: CTRL-DEBUG: ctrl_sock-sendmsg: sock=11 sndbuf=163840 outq=0 send_len=46

03-08 10:58:25.877  4269  4269 D wpa_supplicant: CTRL_IFACE monitor sent successfully to /data/misc/wifi/sockets/wpa_ctrl_1923-2\x00

03-08 10:58:25.877  4269  4269 D wpa_supplicant: wlan0: BSS: Remove id 26722 BSSID b8:f8:83:ee:be:7b SSID 'HostGroup-InnerNet' due to no match in scan

03-08 10:58:25.877  4269  4269 D wpa_supplicant: CTRL-DEBUG: ctrl_sock-sendmsg: sock=11 sndbuf=163840 outq=448 send_len=46

03-08 10:58:25.877  4269  4269 D wpa_supplicant: CTRL_IFACE monitor sent successfully to /data/misc/wifi/sockets/wpa_ctrl_1923-2\x00

03-08 10:58:25.877  4269  4269 D wpa_supplicant: wlan0: BSS: Remove id 26703 BSSID 9c:21:6a:9e:48:f8 SSID 'FAST_9E48F8' due to no match in scan

03-08 10:58:25.877  4269  4269 D wpa_supplicant: CTRL-DEBUG: ctrl_sock-sendmsg: sock=11 sndbuf=163840 outq=448 send_len=46

03-08 10:58:25.878  4269  4269 D wpa_supplicant: CTRL_IFACE monitor sent successfully to /data/misc/wifi/sockets/wpa_ctrl_1923-2\x00

03-08 10:58:25.878  4269  4269 D wpa_supplicant: wlan0: BSS: Remove id 26723 BSSID 3c:df:bd:39:72:f4 SSID '55.1_neiwang' due to no match in scan

03-08 10:58:25.878  4269  4269 D wpa_supplicant: CTRL-DEBUG: ctrl_sock-sendmsg: sock=11 sndbuf=163840 outq=0 send_len=46

03-08 10:58:25.878  4269  4269 D wpa_supplicant: CTRL_IFACE monitor sent successfully to /data/misc/wifi/sockets/wpa_ctrl_1923-2\x00

03-08 10:58:25.878  4269  4269 D wpa_supplicant: wlan0: BSS: Remove id 26724 BSSID e0:10:7f:4c:0b:98 SSID 'WX-ORVIBO-Guest' due to no match in scan

03-08 10:58:25.878  4269  4269 D wpa_supplicant: CTRL-DEBUG: ctrl_sock-sendmsg: sock=11 sndbuf=163840 outq=0 send_len=46

03-08 10:58:25.878  4269  4269 D wpa_supplicant: CTRL_IFACE monitor sent successfully to /data/misc/wifi/sockets/wpa_ctrl_1923-2\x00

03-08 10:58:25.878  4269  4269 D wpa_supplicant: wlan0: BSS: Remove id 26677 BSSID 64:09:80:51:3f:74 SSID 'FuckMe' due to no match in scan

03-08 10:58:25.878  4269  4269 D wpa_supplicant: CTRL-DEBUG: ctrl_sock-sendmsg: sock=11 sndbuf=163840 outq=0 send_len=46

03-08 10:58:25.878  4269  4269 D wpa_supplicant: CTRL_IFACE monitor sent successfully to /data/misc/wifi/sockets/wpa_ctrl_1923-2\x00

03-08 10:58:25.878  4269  4269 D wpa_supplicant: BSS: last_scan_res_used=33/64

03-08 10:58:25.878  4269  4269 D wpa_supplicant: wlan0: Scan-only results received

03-08 10:58:25.878  4269  4269 D wpa_supplicant: CTRL-DEBUG: ctrl_sock-sendmsg: sock=11 sndbuf=163840 outq=0 send_len=24

03-08 10:58:25.878  4269  4269 D wpa_supplicant: CTRL_IFACE monitor sent successfully to /data/misc/wifi/sockets/wpa_ctrl_1923-2\x00

03-08 10:58:25.878  4269  4269 D wpa_supplicant: wlan0: Radio work 'scan'@0xb6919398 done in 4.139697 seconds

03-08 10:58:25.894  4269  4269 D wpa_supplicant: CTRL-DEBUG: global_ctrl_sock-sendto: sock=11 sndbuf=163840 outq=0 send_len=3995

03-08 10:58:25.901  4269  4269 D wpa_supplicant: CTRL-DEBUG: global_ctrl_sock-sendto: sock=11 sndbuf=163840 outq=0 send_len=3849

03-08 10:58:25.905  4269  4269 D wpa_supplicant: CTRL-DEBUG: global_ctrl_sock-sendto: sock=11 sndbuf=163840 outq=0 send_len=4030

03-08 10:58:25.908  4269  4269 D wpa_supplicant: CTRL-DEBUG: global_ctrl_sock-sendto: sock=11 sndbuf=163840 outq=0 send_len=3912

03-08 10:58:25.912  4269  4269 D wpa_supplicant: CTRL-DEBUG: global_ctrl_sock-sendto: sock=11 sndbuf=163840 outq=0 send_len=3763

03-08 10:58:25.916  4269  4269 D wpa_supplicant: CTRL-DEBUG: global_ctrl_sock-sendto: sock=11 sndbuf=163840 outq=0 send_len=3960

03-08 10:58:25.919  4269  4269 D wpa_supplicant: CTRL-DEBUG: global_ctrl_sock-sendto: sock=11 sndbuf=163840 outq=0 send_len=470

03-08 10:58:25.921   433   644 W XTCC-5.1.0.8: [WifiScanner] WiFi scan result : [31] AP's

03-08 10:58:25.986  4269  4269 D wpa_supplicant: EAPOL: EAP Session-Id not available

03-08 10:58:25.986  4269  4269 D wpa_supplicant: CTRL-DEBUG: global_ctrl_sock-sendto: sock=11 sndbuf=163840 outq=0 send_len=278

03-08 10:58:25.998  4188  5687 I StepsProvider: Steps Provider Query

03-08 10:58:26.019 26390 26435 E WifiScanHomelog: start process end time - 21

03-08 10:58:26.023 26390 27008 E WifiDeviceFinder: start process end time - 30

03-08 10:58:26.197 29006 29006 W AppWatcher: type=1400 audit(0.0:957369): avc: denied { getattr } for path="/proc/opalum-temp-calib" dev="proc" ino=4026534634 scontext=u:r:untrusted_app:s0:c512,c768 tcontext=u:object_r:proc_opalum:s0 tclass=file permissive=0

03-08 10:58:26.197 29006 29006 W AppWatcher: type=1400 audit(0.0:957370): avc: denied { getattr } for path="/proc/opalum-f0-calib" dev="proc" ino=4026534633 scontext=u:r:untrusted_app:s0:c512,c768 tcontext=u:object_r:proc_opalum:s0 tclass=file permissive=0

03-08 10:58:26.197 29006 29006 W AppWatcher: type=1400 audit(0.0:957371): avc: denied { getattr } for path="/proc/sysrq-trigger" dev="proc" ino=4026533735 scontext=u:r:untrusted_app:s0:c512,c768 tcontext=u:object_r:proc_sysrq:s0 tclass=file permissive=0

03-08 10:58:26.207 29006 29006 W AppWatcher: type=1400 audit(0.0:957372): avc: denied { getattr } for path="/proc/1" dev="proc" ino=907269 scontext=u:r:untrusted_app:s0:c512,c768 tcontext=u:r:init:s0 tclass=dir permissive=0

03-08 10:58:26.207 29006 29006 W AppWatcher: type=1400 audit(0.0:957373): avc: denied { getattr } for path="/proc/2" dev="proc" ino=907270 scontext=u:r:untrusted_app:s0:c512,c768 tcontext=u:r:kernel:s0 tclass=dir permissive=0

03-08 10:58:26.207 29006 29006 W AppWatcher: type=1400 audit(0.0:957374): avc: denied { getattr } for path="/proc/3" dev="proc" ino=907271 scontext=u:r:untrusted_app:s0:c512,c768 tcontext=u:r:kernel:s0 tclass=dir permissive=0

03-08 10:58:26.207 29006 29006 W AppWatcher: type=1400 audit(0.0:957375): avc: denied { getattr } for path="/proc/6" dev="proc" ino=907272 scontext=u:r:untrusted_app:s0:c512,c768 tcontext=u:r:kernel:s0 tclass=dir permissive=0

03-08 10:58:26.207 29006 29006 W AppWatcher: type=1400 audit(0.0:957376): avc: denied { getattr } for path="/proc/7" dev="proc" ino=907273 scontext=u:r:untrusted_app:s0:c512,c768 tcontext=u:r:kernel:s0 tclass=dir permissive=0

03-08 10:58:26.207 29006 29006 W AppWatcher: type=1400 audit(0.0:957377): avc: denied { getattr } for path="/proc/8" dev="proc" ino=907274 scontext=u:r:untrusted_app:s0:c512,c768 tcontext=u:r:kernel:s0 tclass=dir permissive=0

03-08 10:58:26.207 29006 29006 W AppWatcher: type=1400 audit(0.0:957378): avc: denied { getattr } for path="/proc/21" dev="proc" ino=907275 scontext=u:r:untrusted_app:s0:c512,c768 tcontext=u:r:kernel:s0 tclass=dir permissive=0

03-08 10:58:26.207 29006 29006 W AppWatcher: type=1400 audit(0.0:957379): avc: denied { getattr } for path="/proc/22" dev="proc" ino=907276 scontext=u:r:untrusted_app:s0:c512,c768 tcontext=u:r:kernel:s0 tclass=dir permissive=0

03-08 10:58:26.207 29006 29006 W AppWatcher: type=1400 audit(0.0:957380): avc: denied { getattr } for path="/proc/28" dev="proc" ino=907278 scontext=u:r:untrusted_app:s0:c512,c768 tcontext=u:r:kernel:s0 tclass=dir permissive=0

03-08 10:58:26.207 29006 29006 W AppWatcher: type=1400 audit(0.0:957381): avc: denied { getattr } for path="/proc/29" dev="proc" ino=907279 scontext=u:r:untrusted_app:s0:c512,c768 tcontext=u:r:kernel:s0 tclass=dir permissive=0

03-08 10:58:26.207 29006 29006 W AppWatcher: type=1400 audit(0.0:957382): avc: denied { getattr } for path="/proc/30" dev="proc" ino=907280 scontext=u:r:untrusted_app:s0:c512,c768 tcontext=u:r:kernel:s0 tclass=dir permissive=0

03-08 10:58:26.207 29006 29006 W AppWatcher: type=1400 audit(0.0:957383): avc: denied { getattr } for path="/proc/32" dev="proc" ino=907281 scontext=u:r:untrusted_app:s0:c512,c768 tcontext=u:r:kernel:s0 tclass=dir permissive=0

03-08 10:58:26.217 29006 29006 W AppWatcher: type=1400 audit(0.0:957384): avc: denied { getattr } for path="/proc/33" dev="proc" ino=907282 scontext=u:r:untrusted_app:s0:c512,c768 tcontext=u:r:kernel:s0 tclass=dir permissive=0

03-08 10:58:26.217 29006 29006 W AppWatcher: type=1400 audit(0.0:957385): avc: denied { getattr } for path="/proc/34" dev="proc" ino=907283 scontext=u:r:untrusted_app:s0:c512,c768 tcontext=u:r:kernel:s0 tclass=dir permissive=0

03-08 10:58:26.217 29006 29006 W AppWatcher: type=1400 audit(0.0:957386): avc: denied { getattr } for path="/proc/61" dev="proc" ino=907284 scontext=u:r:untrusted_app:s0:c512,c768 tcontext=u:r:kernel:s0 tclass=dir permissive=0

03-08 10:58:26.217 29006 29006 W AppWatcher: type=1400 audit(0.0:957387): avc: denied { getattr } for path="/proc/62" dev="proc" ino=907285 scontext=u:r:untrusted_app:s0:c512,c768 tcontext=u:r:kernel:s0 tclass=dir permissive=0

03-08 10:58:26.217 29006 29006 W AppWatcher: type=1400 audit(0.0:957388): avc: denied { getattr } for path="/proc/63" dev="proc" ino=907286 scontext=u:r:untrusted_app:s0:c512,c768 tcontext=u:r:kernel:s0 tclass=dir permissive=0

03-08 10:58:26.539   372   476 I ThermalEngine: Sensor:batt_temp:329 mC

03-08 10:58:26.586  4269  4269 D wpa_supplicant: wlan0: Control interface command 'SIGNAL_POLL'

03-08 10:58:26.601  4269  4269 D wpa_supplicant: CTRL-DEBUG: global_ctrl_sock-sendto: sock=11 sndbuf=163840 outq=0 send_len=48

03-08 10:58:27.084 23503 23571 D UTAnalytics:LogStoreMgr: pid:23503 [store],

03-08 10:58:27.091 23503 23571 D UTAnalytics:UTSqliteLogStore: pid:23503 sql:SELECT * FROM log ORDER BY time ASC  LIMIT 350,

03-08 10:58:27.095 23503 23571 D UTAnalytics:UTSqliteLogStore: pid:23503 pos,0,count,1,

03-08 10:58:27.095 23503 23571 D UTAnalytics:LogStoreMgr: pid:23503 [get],[Log [id=1357, eventId=65502, index=]],

03-08 10:58:27.096 23503 23571 D UTAnalytics:UploadTask: pid:23503 averagePackageSize:327.0,

03-08 10:58:27.376 23503 23571 W System.err: java.lang.reflect.InvocationTargetException

03-08 10:58:27.376 23503 23571 W System.err: 	at java.lang.reflect.Method.invoke(Native Method)

03-08 10:58:27.376 23503 23571 W System.err: 	at com.alibaba.mtl.log.sign.SecurityRequestAuth.getSign(SecurityRequestAuth.java:135)

03-08 10:58:27.376 23503 23571 W System.err: 	at com.alibaba.mtl.log.e.t.a(UrlWrapper.java:204)

03-08 10:58:27.377 23503 23571 W System.err: 	at com.alibaba.mtl.log.e.t.a(UrlWrapper.java:58)

03-08 10:58:27.377 23503 23571 W System.err: 	at com.alibaba.mtl.log.d.b.M(UploadTask.java:136)

03-08 10:58:27.377 23503 23571 W System.err: 	at com.alibaba.mtl.log.d.b.run(UploadTask.java:52)

03-08 10:58:27.377 23503 23571 W System.err: 	at java.util.concurrent.Executors$RunnableAdapter.call(Executors.java:423)

03-08 10:58:27.377 23503 23571 W System.err: 	at java.util.concurrent.FutureTask.run(FutureTask.java:237)

03-08 10:58:27.377 23503 23571 W System.err: 	at java.util.concurrent.ThreadPoolExecutor.runWorker(ThreadPoolExecutor.java:1113)

03-08 10:58:27.377 23503 23571 W System.err: 	at java.util.concurrent.ThreadPoolExecutor$Worker.run(ThreadPoolExecutor.java:588)

03-08 10:58:27.377 23503 23571 W System.err: 	at java.lang.Thread.run(Thread.java:818)

03-08 10:58:27.377 23503 23571 W System.err: Caused by: com.alibaba.wireless.security.open.SecException: 

03-08 10:58:27.377 23503 23571 W System.err: 	at com.taobao.wireless.security.adapter.JNICLibrary.doCommandNative(Native Method)

03-08 10:58:27.377 23503 23571 W System.err: 	at com.alibaba.wireless.security.mainplugin.a.doCommandNative(Unknown Source)

03-08 10:58:27.377 23503 23571 W System.err: 	at com.taobao.wireless.security.adapter.b.b.b(Unknown Source)

03-08 10:58:27.377 23503 23571 W System.err: 	at com.taobao.wireless.security.adapter.b.b.a(Unknown Source)

03-08 10:58:27.377 23503 23571 W System.err: 	at com.taobao.wireless.security.adapter.b.b.a(Unknown Source)

03-08 10:58:27.377 23503 23571 W System.err: 	at com.alibaba.wireless.security.a.h.a.signRequest(Unknown Source)

03-08 10:58:27.377 23503 23571 W System.err: 	... 11 more

03-08 10:58:27.387  4099  5103 I XiaomiFirewall: firewall pkgName:com.orvibo.homemate, result:0x0

03-08 10:58:27.474 23503 23571 D UTAnalytics:UploadTask: pid:23503 url:http://adashbc.m.taobao.com/rest/sur?ak=23256401&av=2.3.0.200&c=null&v=3.0&s=&d=WJfwe%2BsntC4DAAdSBLpxQDCW&sv=2.5.1_for_bc&p=a&t=1488941907108&u=&is=1&k=0,

03-08 10:58:27.474 23503 23571 D UTAnalytics:UploadTask: pid:23503 result:{"t":1488941907471,"ret":"","success":"success"}

03-08 10:58:27.474 23503 23571 D UTAnalytics:UploadTask: ,

03-08 10:58:27.474 23503 23571 D UTAnalytics:UploadTask: pid:23503 winsize:119,

03-08 10:58:27.474 23503 23571 D UTAnalytics:LogStoreMgr: pid:23503 [Log [id=1357, eventId=65502, index=]],

03-08 10:58:27.506 23503 23571 D UTAnalytics:UTSqliteLogStore: pid:23503 delete ,1, isSuccess:true,

03-08 10:58:27.510 23503 23571 D UTAnalytics:CoreStatics: pid:23503 [uploadInc]:4,count:1,

03-08 10:58:27.510 23503 23571 D UTAnalytics:CoreStatics: pid:23503 [uploadInc]:5,

03-08 10:58:27.510 23503 23571 D UTAnalytics:UploadTask: pid:23503 logs.size():1, selfMonitorLogCount:0,

03-08 10:58:27.510 23503 23571 D UTAnalytics:UploadTask: pid:23503 upload isSendSuccess:true, consume:378, delete consume:37,

03-08 10:58:27.540   372   476 I ThermalEngine: Sensor:batt_temp:329 mC

03-08 10:58:28.010  1923  1923 E JavaBinder: !!! FAILED BINDER TRANSACTION !!!  (parcel size = 104)

03-08 10:58:28.542   372   476 I ThermalEngine: Sensor:batt_temp:329 mC

03-08 10:58:29.543   372   476 I ThermalEngine: Sensor:batt_temp:329 mC

03-08 10:58:29.576 23503 23571 D UTAnalytics:LogStoreMgr: pid:23503 [store],

03-08 10:58:29.582 23503 23571 D UTAnalytics:UTSqliteLogStore: pid:23503 sql:SELECT * FROM log ORDER BY time ASC  LIMIT 119,

03-08 10:58:29.589 23503 23571 D UTAnalytics:LogStoreMgr: pid:23503 [get],[],

03-08 10:58:29.594 23503 23571 D UTAnalytics:UploadEngine: pid:23503 UTDC.bBackground:false,AppInfoUtil.isForeground(UTDC.getContext()) ,true,

03-08 10:58:29.597 23503 23571 D UTAnalytics:UploadTask: pid:23503 mPeriod:30000,

03-08 10:58:29.603  4269  4269 D wpa_supplicant: wlan0: Control interface command 'SIGNAL_POLL'

03-08 10:58:29.607 23503 23512 I art     : Background sticky concurrent mark sweep GC freed 499085(19MB) AllocSpace objects, 9(180KB) LOS objects, 38% free, 32MB/52MB, paused 1.100ms total 104.086ms

03-08 10:58:29.617  4269  4269 D wpa_supplicant: CTRL-DEBUG: global_ctrl_sock-sendto: sock=11 sndbuf=163840 outq=0 send_len=48

03-08 10:58:30.544   372   476 I ThermalEngine: Sensor:batt_temp:329 mC

03-08 10:58:31.546   372   476 I ThermalEngine: Sensor:batt_temp:329 mC

03-08 10:58:32.028  1923  1923 E JavaBinder: !!! FAILED BINDER TRANSACTION !!!  (parcel size = 104)

03-08 10:58:32.547   372   476 I ThermalEngine: Sensor:batt_temp:329 mC

03-08 10:58:32.624  4269  4269 D wpa_supplicant: wlan0: Control interface command 'SIGNAL_POLL'

03-08 10:58:32.627  4269  4269 D wpa_supplicant: CTRL-DEBUG: global_ctrl_sock-sendto: sock=11 sndbuf=163840 outq=0 send_len=48

03-08 10:58:33.548   372   476 I ThermalEngine: Sensor:batt_temp:329 mC
