03-30 10:23:45.122 31659 31757 D HomeMate: comm[ Thread-44284: FileTool.java:65 deleteOldFiles() ] - deleteOldFiles()-fileName:HomeMate_20170308102610.447.txt

03-30 10:23:45.122 31659 31757 D HomeMate: comm[ Thread-44284: FileTool.java:65 deleteOldFiles() ] - deleteOldFiles()-fileName:HomeMate_20170308102107.133.txt

03-30 10:23:45.123 31659 31757 D HomeMate: comm[ Thread-44284: FileTool.java:65 deleteOldFiles() ] - deleteOldFiles()-fileName:HomeMate_20170308101550.788.txt

03-30 10:23:45.123 31659 31757 D HomeMate: comm[ Thread-44284: FileTool.java:65 deleteOldFiles() ] - deleteOldFiles()-fileName:HomeMate_20170308101526.786.txt

03-30 10:23:45.124 31659 31757 D HomeMate: comm[ Thread-44284: FileTool.java:65 deleteOldFiles() ] - deleteOldFiles()-fileName:HomeMate_20170308101413.948.txt

03-30 10:23:45.124 31659 31757 D HomeMate: comm[ Thread-44284: FileTool.java:65 deleteOldFiles() ] - deleteOldFiles()-fileName:HomeMate_20170308101332.549.txt

03-30 10:23:45.125 31659 31757 D HomeMate: comm[ Thread-44284: FileTool.java:65 deleteOldFiles() ] - deleteOldFiles()-fileName:HomeMate_20170308100623.355.txt

03-30 10:23:45.125 31659 31757 D HomeMate: comm[ Thread-44284: FileTool.java:65 deleteOldFiles() ] - deleteOldFiles()-fileName:HomeMate_20170308100546.790.txt

03-30 10:23:45.126 31659 31757 D HomeMate: comm[ Thread-44284: FileTool.java:65 deleteOldFiles() ] - deleteOldFiles()-fileName:HomeMate_20170308100508.682.txt

03-30 10:23:45.126 31659 31757 D HomeMate: comm[ Thread-44284: FileTool.java:65 deleteOldFiles() ] - deleteOldFiles()-fileName:HomeMate_20170308100014.820.txt

03-30 10:23:45.127 31659 31757 D HomeMate: comm[ Thread-44284: FileTool.java:65 deleteOldFiles() ] - deleteOldFiles()-fileName:HomeMate_20170308095607.224.txt

03-30 10:23:45.127 31659 31757 D HomeMate: comm[ Thread-44284: FileTool.java:65 deleteOldFiles() ] - deleteOldFiles()-fileName:HomeMate_20170308095531.156.txt

03-30 10:23:45.127 31659 31757 D HomeMate: comm[ Thread-44284: FileTool.java:65 deleteOldFiles() ] - deleteOldFiles()-fileName:HomeMate_20170308095328.298.txt

03-30 10:23:45.128 31659 31757 D HomeMate: comm[ Thread-44284: FileTool.java:65 deleteOldFiles() ] - deleteOldFiles()-fileName:HomeMate_20170308094217.670.txt

03-30 10:23:45.128 31659 31757 D HomeMate: comm[ Thread-44284: FileTool.java:65 deleteOldFiles() ] - deleteOldFiles()-fileName:HomeMate_20170308094141.251.txt

03-30 10:23:45.129 31659 31757 D HomeMate: comm[ Thread-44284: FileTool.java:65 deleteOldFiles() ] - deleteOldFiles()-fileName:HomeMate_20170308094009.737.txt

03-30 10:23:45.129 31659 31757 D HomeMate: comm[ Thread-44284: FileTool.java:65 deleteOldFiles() ] - deleteOldFiles()-fileName:HomeMate_20170308093953.941.txt

03-30 10:23:45.130 31659 31757 D HomeMate: comm[ Thread-44284: FileTool.java:65 deleteOldFiles() ] - deleteOldFiles()-fileName:HomeMate_20170308093937.788.txt

03-30 10:23:45.131 31659 31757 D HomeMate: comm[ Thread-44284: FileTool.java:65 deleteOldFiles() ] - deleteOldFiles()-fileName:HomeMate_20170308093918.050.txt

03-30 10:23:45.131 31659 31757 D HomeMate: comm[ Thread-44284: FileTool.java:65 deleteOldFiles() ] - deleteOldFiles()-fileName:HomeMate_20170308093838.521.txt

03-30 10:23:45.132 31659 31757 D HomeMate: comm[ Thread-44284: FileTool.java:65 deleteOldFiles() ] - deleteOldFiles()-fileName:HomeMate_20170308093520.342.txt

03-30 10:23:45.132 31659 31757 D HomeMate: comm[ Thread-44284: FileTool.java:65 deleteOldFiles() ] - deleteOldFiles()-fileName:HomeMate_20170308093445.013.txt

03-30 10:23:45.133 31659 31757 D HomeMate: comm[ Thread-44284: FileTool.java:65 deleteOldFiles() ] - deleteOldFiles()-fileName:HomeMate_20170308093408.875.txt

03-30 10:23:45.133 31659 31757 D HomeMate: comm[ Thread-44284: FileTool.java:65 deleteOldFiles() ] - deleteOldFiles()-fileName:HomeMate_20170307191342.043.txt

03-30 10:23:45.133  2044  3799 I Timeline: Timeline: App_transition_ready time:336715913

03-30 10:23:45.135 31659 31757 D HomeMate: comm[ Thread-44284: FileTool.java:65 deleteOldFiles() ] - deleteOldFiles()-fileName:HomeMate_20170307191242.139.txt

03-30 10:23:45.135 31659 31757 D HomeMate: comm[ Thread-44284: FileTool.java:65 deleteOldFiles() ] - deleteOldFiles()-fileName:HomeMate_20170307191008.348.txt

03-30 10:23:45.136 31659 31757 D HomeMate: comm[ Thread-44284: FileTool.java:65 deleteOldFiles() ] - deleteOldFiles()-fileName:HomeMate_20170307190854.771.txt

03-30 10:23:45.136  2044  3799 I Timeline: Timeline: App_transition_ready time:336715916

03-30 10:23:45.136 31659 31757 D HomeMate: comm[ Thread-44284: FileTool.java:65 deleteOldFiles() ] - deleteOldFiles()-fileName:HomeMate_20170307190700.875.txt

03-30 10:23:45.137 31659 31757 D HomeMate: comm[ Thread-44284: FileTool.java:65 deleteOldFiles() ] - deleteOldFiles()-fileName:HomeMate_20170307190529.170.txt

03-30 10:23:45.137 31659 31757 D HomeMate: comm[ Thread-44284: FileTool.java:65 deleteOldFiles() ] - deleteOldFiles()-fileName:HomeMate_20170307190253.719.txt

03-30 10:23:45.138 31659 31757 D HomeMate: comm[ Thread-44284: FileTool.java:65 deleteOldFiles() ] - deleteOldFiles()-fileName:HomeMate_20170307190241.381.txt

03-30 10:23:45.138 31659 31757 D HomeMate: comm[ Thread-44284: FileTool.java:65 deleteOldFiles() ] - deleteOldFiles()-fileName:HomeMate_20170307190147.102.txt

03-30 10:23:45.139 31659 31757 D HomeMate: comm[ Thread-44284: FileTool.java:65 deleteOldFiles() ] - deleteOldFiles()-fileName:HomeMate_20170307190057.515.txt

03-30 10:23:45.140 31659 31757 D HomeMate: comm[ Thread-44284: FileTool.java:65 deleteOldFiles() ] - deleteOldFiles()-fileName:HomeMate_20170307185958.691.txt

03-30 10:23:45.141 31659 31757 D HomeMate: comm[ Thread-44284: FileTool.java:65 deleteOldFiles() ] - deleteOldFiles()-fileName:HomeMate_20170307185821.406.txt

03-30 10:23:45.141 31659 31757 D HomeMate: comm[ Thread-44284: FileTool.java:65 deleteOldFiles() ] - deleteOldFiles()-fileName:HomeMate_20170307185731.300.txt

03-30 10:23:45.142 31659 31757 D HomeMate: comm[ Thread-44284: FileTool.java:65 deleteOldFiles() ] - deleteOldFiles()-fileName:HomeMate_20170307185615.601.txt

03-30 10:23:45.142 31659 31757 D HomeMate: comm[ Thread-44284: FileTool.java:65 deleteOldFiles() ] - deleteOldFiles()-fileName:HomeMate_20170307185528.729.txt

03-30 10:23:45.143 31659 31757 D HomeMate: comm[ Thread-44284: FileTool.java:65 deleteOldFiles() ] - deleteOldFiles()-fileName:HomeMate_20170307185441.584.txt

03-30 10:23:45.144 31659 31757 D HomeMate: comm[ Thread-44284: FileTool.java:65 deleteOldFiles() ] - deleteOldFiles()-fileName:HomeMate_20170307185330.163.txt

03-30 10:23:45.144 31659 31757 D HomeMate: comm[ Thread-44284: FileTool.java:65 deleteOldFiles() ] - deleteOldFiles()-fileName:HomeMate_20170307185229.796.txt

03-30 10:23:45.145 31659 31757 D HomeMate: comm[ Thread-44284: FileTool.java:65 deleteOldFiles() ] - deleteOldFiles()-fileName:HomeMate_20170307185130.708.txt

03-30 10:23:45.146 31659 31757 D HomeMate: comm[ Thread-44284: FileTool.java:65 deleteOldFiles() ] - deleteOldFiles()-fileName:HomeMate_20170307184753.420.txt

03-30 10:23:45.146 31659 31757 D HomeMate: comm[ Thread-44284: FileTool.java:65 deleteOldFiles() ] - deleteOldFiles()-fileName:HomeMate_20170307184646.097.txt

03-30 10:23:45.147 31659 31757 D HomeMate: comm[ Thread-44284: FileTool.java:65 deleteOldFiles() ] - deleteOldFiles()-fileName:HomeMate_20170307184547.674.txt

03-30 10:23:45.147 31659 31757 D HomeMate: comm[ Thread-44284: FileTool.java:65 deleteOldFiles() ] - deleteOldFiles()-fileName:HomeMate_20170307184449.345.txt

03-30 10:23:45.148 31659 31757 D HomeMate: comm[ Thread-44284: FileTool.java:65 deleteOldFiles() ] - deleteOldFiles()-fileName:HomeMate_20170307184351.705.txt

03-30 10:23:45.148 31659 31757 D HomeMate: comm[ Thread-44284: FileTool.java:65 deleteOldFiles() ] - deleteOldFiles()-fileName:HomeMate_20170307184246.561.txt

03-30 10:23:45.148 31659 31659 E RecyclerView: No adapter attached; skipping layout

03-30 10:23:45.149 31659 31757 D HomeMate: comm[ Thread-44284: FileTool.java:65 deleteOldFiles() ] - deleteOldFiles()-fileName:HomeMate_20170307184209.846.txt

03-30 10:23:45.149 31659 31757 D HomeMate: comm[ Thread-44284: FileTool.java:65 deleteOldFiles() ] - deleteOldFiles()-fileName:HomeMate_20170307184059.988.txt

03-30 10:23:45.150 31659 31757 D HomeMate: comm[ Thread-44284: FileTool.java:65 deleteOldFiles() ] - deleteOldFiles()-fileName:HomeMate_20170307180448.877.txt

03-30 10:23:45.151 31659 31757 D HomeMate: comm[ Thread-44284: FileTool.java:65 deleteOldFiles() ] - deleteOldFiles()-fileName:HomeMate_20170307180412.057.txt

03-30 10:23:45.152 31659 31757 D HomeMate: comm[ Thread-44284: FileTool.java:65 deleteOldFiles() ] - deleteOldFiles()-fileName:HomeMate_20170307180335.083.txt

03-30 10:23:45.152 31659 31757 D HomeMate: comm[ Thread-44284: FileTool.java:65 deleteOldFiles() ] - deleteOldFiles()-fileName:HomeMate_20170307180257.239.txt

03-30 10:23:45.152 31659 31757 D HomeMate: comm[ Thread-44284: FileTool.java:65 deleteOldFiles() ] - deleteOldFiles()-fileName:HomeMate_20170307180212.575.txt

03-30 10:23:45.153 31659 31757 D HomeMate: comm[ Thread-44284: FileTool.java:65 deleteOldFiles() ] - deleteOldFiles()-fileName:HomeMate_20170307180136.517.txt

03-30 10:23:45.153 31659 31757 D HomeMate: comm[ Thread-44284: FileTool.java:65 deleteOldFiles() ] - deleteOldFiles()-fileName:HomeMate_20170307175614.157.txt

03-30 10:23:45.154 31659 31757 D HomeMate: comm[ Thread-44284: FileTool.java:65 deleteOldFiles() ] - deleteOldFiles()-fileName:HomeMate_20170307175509.636.txt

03-30 10:23:45.154 31659 31757 D HomeMate: comm[ Thread-44284: FileTool.java:65 deleteOldFiles() ] - deleteOldFiles()-fileName:HomeMate_20170307175415.957.txt

03-30 10:23:45.154 31659 31757 D HomeMate: comm[ Thread-44284: FileTool.java:65 deleteOldFiles() ] - deleteOldFiles()-fileName:HomeMate_20170307175320.996.txt

03-30 10:23:45.155 31659 31757 D HomeMate: comm[ Thread-44284: FileTool.java:65 deleteOldFiles() ] - deleteOldFiles()-fileName:HomeMate_20170307175217.292.txt

03-30 10:23:45.155 31659 31757 D HomeMate: comm[ Thread-44284: FileTool.java:65 deleteOldFiles() ] - deleteOldFiles()-fileName:HomeMate_20170307175141.646.txt

03-30 10:23:45.156 31659 31757 D HomeMate: comm[ Thread-44284: FileTool.java:65 deleteOldFiles() ] - deleteOldFiles()-fileName:HomeMate_20170307174848.191.txt

03-30 10:23:45.156 31659 31757 D HomeMate: comm[ Thread-44284: FileTool.java:65 deleteOldFiles() ] - deleteOldFiles()-fileName:HomeMate_20170307174753.194.txt

03-30 10:23:45.156 31659 31757 D HomeMate: comm[ Thread-44284: FileTool.java:65 deleteOldFiles() ] - deleteOldFiles()-fileName:HomeMate_20170307174658.567.txt

03-30 10:23:45.157 31659 31757 D HomeMate: comm[ Thread-44284: FileTool.java:65 deleteOldFiles() ] - deleteOldFiles()-fileName:HomeMate_20170307174604.325.txt

03-30 10:23:45.157 31659 31757 D HomeMate: comm[ Thread-44284: FileTool.java:65 deleteOldFiles() ] - deleteOldFiles()-fileName:HomeMate_20170307174519.509.txt

03-30 10:23:45.158 31659 31757 D HomeMate: comm[ Thread-44284: FileTool.java:65 deleteOldFiles() ] - deleteOldFiles()-fileName:HomeMate_20170307174443.656.txt

03-30 10:23:45.158 31659 31757 D HomeMate: comm[ Thread-44284: FileTool.java:65 deleteOldFiles() ] - deleteOldFiles()-fileName:HomeMate_20170307160840.955.txt

03-30 10:23:45.158 31659 31757 D HomeMate: comm[ Thread-44284: FileTool.java:65 deleteOldFiles() ] - deleteOldFiles()-fileName:HomeMate_20170307160622.572.txt

03-30 10:23:45.159 31659 31757 D HomeMate: comm[ Thread-44284: FileTool.java:65 deleteOldFiles() ] - deleteOldFiles()-fileName:HomeMate_20170307160552.145.txt

03-30 10:23:45.159 31659 31757 D HomeMate: comm[ Thread-44284: FileTool.java:65 deleteOldFiles() ] - deleteOldFiles()-fileName:HomeMate_20170307160520.254.txt

03-30 10:23:45.160 31659 31757 D HomeMate: comm[ Thread-44284: FileTool.java:65 deleteOldFiles() ] - deleteOldFiles()-fileName:HomeMate_20170307160450.082.txt

03-30 10:23:45.160 31659 31757 D HomeMate: comm[ Thread-44284: FileTool.java:65 deleteOldFiles() ] - deleteOldFiles()-fileName:HomeMate_20170307160419.393.txt

03-30 10:23:45.161 31659 31757 D HomeMate: comm[ Thread-44284: FileTool.java:65 deleteOldFiles() ] - deleteOldFiles()-fileName:HomeMate_20170307160308.046.txt

03-30 10:23:45.161 31659 31757 D HomeMate: comm[ Thread-44284: FileTool.java:65 deleteOldFiles() ] - deleteOldFiles()-fileName:HomeMate_20170307160158.041.txt

03-30 10:23:45.162 31659 31757 D HomeMate: comm[ Thread-44284: FileTool.java:65 deleteOldFiles() ] - deleteOldFiles()-fileName:HomeMate_20170307160114.503.txt

03-30 10:23:45.162 31659 31757 D HomeMate: comm[ Thread-44284: FileTool.java:65 deleteOldFiles() ] - deleteOldFiles()-fileName:HomeMate_20170307160057.988.txt

03-30 10:23:45.163 31659 31757 D HomeMate: comm[ Thread-44284: FileTool.java:65 deleteOldFiles() ] - deleteOldFiles()-fileName:HomeMate_20170307155401.765.txt

03-30 10:23:45.163 31659 31757 D HomeMate: comm[ Thread-44284: FileTool.java:65 deleteOldFiles() ] - deleteOldFiles()-fileName:HomeMate_20170307153056.237.txt

03-30 10:23:45.163 31659 31757 D HomeMate: comm[ Thread-44284: FileTool.java:65 deleteOldFiles() ] - deleteOldFiles()-fileName:HomeMate_20170307152847.805.txt

03-30 10:23:45.164 31659 31757 D HomeMate: comm[ Thread-44284: FileTool.java:65 deleteOldFiles() ] - deleteOldFiles()-fileName:HomeMate_20170307152711.987.txt

03-30 10:23:45.164 31659 31757 D HomeMate: comm[ Thread-44284: FileTool.java:65 deleteOldFiles() ] - deleteOldFiles()-fileName:HomeMate_20170307152650.733.txt

03-30 10:23:45.165 31659 31757 D HomeMate: comm[ Thread-44284: FileTool.java:65 deleteOldFiles() ] - deleteOldFiles()-fileName:HomeMate_20170307152301.745.txt

03-30 10:23:45.165 31659 31757 D HomeMate: comm[ Thread-44284: FileTool.java:65 deleteOldFiles() ] - deleteOldFiles()-fileName:HomeMate_20170307152130.843.txt

03-30 10:23:45.166 31659 31757 D HomeMate: comm[ Thread-44284: FileTool.java:65 deleteOldFiles() ] - deleteOldFiles()-fileName:HomeMate_20170307113839.231.txt

03-30 10:23:45.166 31659 31757 D HomeMate: comm[ Thread-44284: FileTool.java:65 deleteOldFiles() ] - deleteOldFiles()-fileName:HomeMate_20170307100249.289.txt

03-30 10:23:45.167 31659 31757 D HomeMate: comm[ Thread-44284: FileTool.java:65 deleteOldFiles() ] - deleteOldFiles()-fileName:HomeMate_20170307085935.168.txt

03-30 10:23:45.167 31659 31757 D HomeMate: comm[ Thread-44284: FileTool.java:65 deleteOldFiles() ] - deleteOldFiles()-fileName:HomeMate_20170307085713.888.txt

03-30 10:23:45.168 31659 31757 D HomeMate: comm[ Thread-44284: FileTool.java:65 deleteOldFiles() ] - deleteOldFiles()-fileName:HomeMate_20170307085638.047.txt

03-30 10:23:45.168 31659 31757 D HomeMate: comm[ Thread-44284: FileTool.java:65 deleteOldFiles() ] - deleteOldFiles()-fileName:HomeMate_20170306193822.181.txt

03-30 10:23:45.169 31659 31757 D HomeMate: comm[ Thread-44284: FileTool.java:65 deleteOldFiles() ] - deleteOldFiles()-fileName:HomeMate_20170306193752.383.txt

03-30 10:23:45.169 31659 31757 D HomeMate: comm[ Thread-44284: FileTool.java:65 deleteOldFiles() ] - deleteOldFiles()-fileName:HomeMate_20170306193721.876.txt

03-30 10:23:45.170 31659 31757 D HomeMate: comm[ Thread-44284: FileTool.java:65 deleteOldFiles() ] - deleteOldFiles()-fileName:HomeMate_20170306193651.094.txt

03-30 10:23:45.170 31659 31757 D HomeMate: comm[ Thread-44284: FileTool.java:65 deleteOldFiles() ] - deleteOldFiles()-fileName:HomeMate_20170306193621.066.txt

03-30 10:23:45.170 31659 31757 D HomeMate: comm[ Thread-44284: FileTool.java:65 deleteOldFiles() ] - deleteOldFiles()-fileName:HomeMate_20170306193551.480.txt

03-30 10:23:45.171 31659 31757 D HomeMate: comm[ Thread-44284: FileTool.java:65 deleteOldFiles() ] - deleteOldFiles()-fileName:HomeMate_20170306193521.173.txt

03-30 10:23:45.171 31659 31757 D HomeMate: comm[ Thread-44284: FileTool.java:65 deleteOldFiles() ] - deleteOldFiles()-fileName:HomeMate_20170306184835.689.txt

03-30 10:23:45.172 31659 31757 D HomeMate: comm[ Thread-44284: FileTool.java:65 deleteOldFiles() ] - deleteOldFiles()-fileName:HomeMate_20170306184534.204.txt

03-30 10:23:45.172 31659 31757 D HomeMate: comm[ Thread-44284: FileTool.java:65 deleteOldFiles() ] - deleteOldFiles()-fileName:HomeMate_20170306184424.892.txt

03-30 10:23:45.172 31659 31659 E RecyclerView: No adapter attached; skipping layout

03-30 10:23:45.186 31659 31659 D HomeMate: comm[ main: MainActivity.java:176 setTabReadTip() ] - showRedTip:true,position:3

03-30 10:23:45.186 31659 31659 D HomeMate: comm[ main: BaseRequest.java:498 stopRequest() ] - Stop request which serial is 2083711425 on com.orvibo.homemate.device.home.HomeRoomPresenter$1@ff8f5d8

03-30 10:23:45.187 31659 31659 D HomeMate: comm[ main: HomeRoomPresenter.java:58 init() ] - HomeRefresh

03-30 10:23:45.198 31659 31659 I HomeMate: long[ main: FloorAndRoomUtil.java:290 isShowDefaultRoom() ] - isShowDefaultRoom() --->RoomListSize:2

03-30 10:23:45.205 31659 31659 D HomeMate: comm[ main: HomeFragment.java:279 onInit() ] - HomeRefresh

03-30 10:23:45.206 31659 31659 D HomeMate: allen[ main: HomeFragment.java:291 onRefreshFamilies() ] - families:[Family{familyId='ea4205a93f1c46b4a6df9bb391513dd9', pic='null', creator='91a31ba24648493aad89636922662c04', familyName='smjsn', nickname_in_family='null', email='15079034630@126.com', phone='', showIndex=1, isAdmin=1, userid='91a31ba24648493aad89636922662c04', userName=ahdhhddhhd, updateTimeSec=1490613302000} , Family{familyId='7c9d5013119f46a2a89fe662794afe17', pic='null', creator='91a31ba24648493aad89636922662c04', familyName='gggy', nickname_in_family='null', email='15079034630@126.com', phone='', showIndex=2, isAdmin=1, userid='91a31ba24648493aad89636922662c04', userName=ahdhhddhhd, updateTimeSec=1490702078000} , Family{familyId='2f2e636022b94e218b3c2f9756c65cc5', pic='http://homemate.orvibo.com/images/family/decd605137a041d3943517d8943621bf.png', creator='91a31ba24648493aad89636922662c04', familyName='f30ow', nickname_in_family='null', email='15079034630@126.com', phone='', showIndex=3, isAdmin=1, userid='91a31ba24648493aad89636922662c04', userName=ahdhhddhhd, updateTimeSec=1490702078000} , Family{familyId='8a1ceb7b78034a539fbebe64efd979fc', pic='http://homemate.orvibo.com/images/family/5d1549631bde4bba877fa28498755239.png', creator='91a31ba24648493aad89636922662c04', familyName='2fa1b', nickname_in_family='null', email='15079034630@126.com', phone='', showIndex=4, isAdmin=1, userid='91a31ba24648493aad89636922662c04', userName=ahdhhddhhd, updateTimeSec=1490702078000} , Family{familyId='dbc10e32ebe547cc932bce19fe63d2c1', pic='http://homemate.orvibo.com/images/family/783967619a144ff182042bce99002bb1.png', creator='91a31ba24648493aad89636922662c04', familyName='iu299', nickname_in_family='null', email='15079034630@126.com', phone='', showIndex=5, isAdmin=1, userid='91a31ba24648493aad89636922662c04', userName=ahdhhddhhd, updateTimeSec=1490702078000} ] selectFamilyPosition:0

03-30 10:23:45.223  3745  3745 D wpa_supplicant: wlan0: Control interface command 'SCAN TYPE=ONLY'

03-30 10:23:45.223  3745  3745 D wpa_supplicant: wlan0: Setting scan request: 0.000000 sec

03-30 10:23:45.223  3745  3745 D wpa_supplicant: CTRL-DEBUG: global_ctrl_sock-sendto: sock=11 sndbuf=163840 outq=0 send_len=3

03-30 10:23:45.224  3745  3745 D wpa_supplicant: wlan0: Starting AP scan for wildcard SSID

03-30 10:23:45.224  3745  3745 D wpa_supplicant: wlan0: Add radio work 'scan'@0xb68d9398

03-30 10:23:45.224  3745  3745 D wpa_supplicant: wlan0: First radio work item in the queue - schedule start immediately

03-30 10:23:45.224  3745  3745 D wpa_supplicant: wlan0: Starting radio work 'scan'@0xb68d9398 after 0.000056 second wait

03-30 10:23:45.224  3745  3745 D wpa_supplicant: wlan0: nl80211: scan request

03-30 10:23:45.224  3745  3745 D wpa_supplicant: nl80211: Scan SSID - hexdump(len=0): [NULL]

03-30 10:23:45.224  3745  3745 D wpa_supplicant: nl80211: Scan extra IEs - hexdump(len=7): 7f 05 00 00 0a 02 01

03-30 10:23:45.226  3745  3745 D wpa_supplicant: Scan requested (ret=0) - scan timeout 30 seconds

03-30 10:23:45.226  3745  3745 D wpa_supplicant: nl80211: Event message available

03-30 10:23:45.226  3745  3745 D wpa_supplicant: nl80211: Drv Event 33 (NL80211_CMD_TRIGGER_SCAN) received for wlan0

03-30 10:23:45.226  3745  3745 D wpa_supplicant: wlan0: nl80211: Scan trigger

03-30 10:23:45.226  3745  3745 D wpa_supplicant: wlan0: Event SCAN_STARTED (47) received

03-30 10:23:45.226  3745  3745 D wpa_supplicant: wlan0: Own scan request started a scan in 0.000147 seconds

03-30 10:23:45.226  3745  3745 D wpa_supplicant: CTRL-DEBUG: ctrl_sock-sendmsg: sock=11 sndbuf=163840 outq=448 send_len=24

03-30 10:23:45.227  3745  3745 D wpa_supplicant: CTRL_IFACE monitor sent successfully to /data/misc/wifi/sockets/wpa_ctrl_2044-2\x00

03-30 10:23:45.236 31659 31659 D HomeMate: comm[ main: HomeFragment.java:382 doRefreshRooms() ] - HomeRefresh-do refresh

03-30 10:23:45.237 31659 31659 D HomeMate: allen[ main: HomeFragment.java:385 doRefreshRooms() ] - rooms:[Room{roomId='ea4205a93f1c46b4a6df9bb391513dd9', roomName='ÈªòËÆ§ÊàøÈó¥', floorId='2eef43aa6de44824be3612825076baaa', roomType=0, sequence=0, isDefaultRoom=false, imgUrl='/storage/emulated/0/HomeMate/room/6_thumb'} BaseBo{delFlag=0, updateTime='0', createTime='0', updateTimeSec=0, uid='null', userName='null'}, Room{roomId='2f5483cbfe214a69a6b7879c8b26acc4', roomName='vv Êõ¥Â•ΩÂìàÂìàÂ•ΩÂ•ΩÂõûÂéª', floorId='2eef43aa6de44824be3612825076baaa', roomType=1, sequence=2147483647, isDefaultRoom=false, imgUrl='null'} BaseBo{delFlag=0, updateTime='1490699674000', createTime='1490699674000', updateTimeSec=0, uid='', userName='null'}] selectRoomPosition:0

03-30 10:23:45.254 31659 31659 D HomeMate: comm[ main: BaseFragment.java:74 onAttach() ] - HomePagerFragment

03-30 10:23:45.257 31659 31659 D HomeMate: comm[ main: BaseFragment.java:74 onAttach() ] - HomePagerFragment

03-30 10:23:45.257 31659 31659 D HomeMate: allen[ main: HomePagerFragment.java:120 onCreateView() ] - onCreateView()

03-30 10:23:45.262 31659 31659 V BoostFramework: BoostFramework() : mPerf = com.qualcomm.qti.Performance@7170259

03-30 10:23:45.262 31659 31659 V BoostFramework: BoostFramework() : mPerf = com.qualcomm.qti.Performance@1594e1e

03-30 10:23:45.269 31659 31659 V BoostFramework: BoostFramework() : mPerf = com.qualcomm.qti.Performance@5772ccc

03-30 10:23:45.270 31659 31659 V BoostFramework: BoostFramework() : mPerf = com.qualcomm.qti.Performance@52c6b15

03-30 10:23:45.271 31659 31659 D HomeMate: allen[ main: HomePagerFragment.java:186 onActivityCreated() ] - onActivityCreated()

03-30 10:23:45.274 31659 31659 D HomeMate: comm[ main: PropertyReport.java:94 registerNewPropertyReport() ] - registerNewPropertyReport()-listener:com.orvibo.homemate.device.home.HomeDevicePresenter@3c82e2a

03-30 10:23:45.274 31659 31659 D HomeMate: allen[ main: HomeDevicePresenter.java:110 refresh() ] - Start to init devices.

03-30 10:23:45.275 31659 31659 D HomeMate: allen[ main: HomeDevicePresenter.java:114 refresh() ] - Show devices from Room{roomId='2f5483cbfe214a69a6b7879c8b26acc4', roomName='vv Êõ¥Â•ΩÂìàÂìàÂ•ΩÂ•ΩÂõûÂéª', floorId='2eef43aa6de44824be3612825076baaa', roomType=1, sequence=2147483647, isDefaultRoom=false, imgUrl='null'} BaseBo{delFlag=0, updateTime='1490699674000', createTime='1490699674000', updateTimeSec=0, uid='', userName='null'}

03-30 10:23:45.277 31659 31659 D HomeMate: allen[ main: HomeDevicePresenter.java:116 refresh() ] - devices []

03-30 10:23:45.280 31659 31659 D HomeMate: allen[ main: HomeDevicePresenter.java:121 refresh() ] - other devices []

03-30 10:23:45.280 31659 31659 D HomeMate: allen[ main: HomeDevicePresenter.java:155 refreshDeviceStatus() ] - deviceStatusMap {}

03-30 10:23:45.281 31659 31659 D HomeMate: allen[ main: HomePagerFragment.java:229 onDeviceInit() ] - devices:[],otherDevices:[]

03-30 10:23:45.285 31659 31659 W HomeMate: comm[ main: HomeFragment.java:521 onTopScroll() ] - Don't scroll room to 0

03-30 10:23:45.286 31659 31659 D HomeMate: allen[ main: HomePagerFragment.java:279 onDeviceInit() ] - Show devices

03-30 10:23:45.286 31659 31659 D HomeMate: allen[ main: HomeDevicePresenter.java:129 refresh() ] - Finish to init device. cost 12ms

03-30 10:23:45.286 31659 31659 D HomeMate: comm[ main: DeviceUtil.java:953 getEnergyDevices() ] - familyId:ea4205a93f1c46b4a6df9bb391513dd9

03-30 10:23:45.290 31659 31659 D HomeMate: comm[ main: DeviceUtil.java:989 getEnergyDevices() ] - energyRemindDevices:[]

03-30 10:23:45.290 31659 31659 I HomeMate: wei[ main: RoomCommonSceneDao.java:46 selRoomCommonScene() ] - select * from scene inner join roomcommonscene on scene.sceneNo = roomcommonscene.sceneNo where roomcommonscene.userId = ? and roomcommonscene.roomId = ? order by roomcommonscene.sceneSequence ASC

03-30 10:23:45.295 31659 31659 D HomeMate: comm[ main: RoomImageUtil.java:265 getRoomImagePathByName() ] - RoomImageUtil: getRoomImagePathByName(imageName is empty !)

03-30 10:23:45.296 31659 31659 D HomeMate: comm[ main: HomePagerFragment.java:349 setRoomImage() ] - room:Room{roomId='2f5483cbfe214a69a6b7879c8b26acc4', roomName='vv Êõ¥Â•ΩÂìàÂìàÂ•ΩÂ•ΩÂõûÂéª', floorId='2eef43aa6de44824be3612825076baaa', roomType=1, sequence=2147483647, isDefaultRoom=false, imgUrl='null'} BaseBo{delFlag=0, updateTime='1490699674000', createTime='1490699674000', updateTimeSec=0, uid='', userName='null'}   file.exists()->true

03-30 10:23:45.297 31659 31659 D HomeMate: allen[ main: HomePagerFragment.java:120 onCreateView() ] - onCreateView()

03-30 10:23:45.299 31659 31659 V BoostFramework: BoostFramework() : mPerf = com.qualcomm.qti.Performance@a645882

03-30 10:23:45.299 31659 31659 V BoostFramework: BoostFramework() : mPerf = com.qualcomm.qti.Performance@63d7b93

03-30 10:23:45.302 31659 31659 V BoostFramework: BoostFramework() : mPerf = com.qualcomm.qti.Performance@87033c9

03-30 10:23:45.302 31659 31659 V BoostFramework: BoostFramework() : mPerf = com.qualcomm.qti.Performance@e037ace

03-30 10:23:45.303 31659 31659 D HomeMate: allen[ main: HomePagerFragment.java:186 onActivityCreated() ] - onActivityCreated()

03-30 10:23:45.304 31659 31659 D HomeMate: comm[ main: PropertyReport.java:94 registerNewPropertyReport() ] - registerNewPropertyReport()-listener:com.orvibo.homemate.device.home.HomeDevicePresenter@3a3def

03-30 10:23:45.305 31659 31659 D HomeMate: allen[ main: HomeDevicePresenter.java:110 refresh() ] - Start to init devices.

03-30 10:23:45.305 31659 31659 D HomeMate: allen[ main: HomeDevicePresenter.java:114 refresh() ] - Show devices from Room{roomId='ea4205a93f1c46b4a6df9bb391513dd9', roomName='ÈªòËÆ§ÊàøÈó¥', floorId='2eef43aa6de44824be3612825076baaa', roomType=0, sequence=0, isDefaultRoom=false, imgUrl='/storage/emulated/0/HomeMate/room/6_thumb'} BaseBo{delFlag=0, updateTime='0', createTime='0', updateTimeSec=0, uid='null', userName='null'}

03-30 10:23:45.309 31659 31659 D HomeMate: allen[ main: HomeDevicePresenter.java:116 refresh() ] - devices [Device{uid=5ccf7fda9b5e, deviceName=S30Êô∫ËÉΩÊèíÂ∫ß, deviceId=040c8e12fd4d4f3192d9a5378cf8b149, appDeviceId=65533, deviceType=29, roomId=, company='', delFlag=0, extAddr='', endpoint=-1, irDeviceId=, sequence=0, model='62f1da0474434509923b2dc947a0f14c', updateTime=1490840335000(2017-03-30 10:18:55), userName=null} ]

03-30 10:23:45.310  6151  6186 I octvm_klo: read wakeups from wakealarm_fd:1

03-30 10:23:45.311  6151  6186 I octvm_klo: new timerfd interval:

03-30 10:23:45.311  6151  6186 I octvm_klo: 	itval.it_interval.tv_sec 1, itval.it_interval.tv_nsec 0

03-30 10:23:45.311  6151  6186 I octvm_klo: 	itval.it_value.tv_sec 0, itval.it_value.tv_nsec 999997552

03-30 10:23:45.312 31659 31659 D HomeMate: allen[ main: HomeDevicePresenter.java:121 refresh() ] - other devices []

03-30 10:23:45.315 31659 31659 D HomeMate: allen[ main: HomeDevicePresenter.java:155 refreshDeviceStatus() ] - deviceStatusMap {040c8e12fd4d4f3192d9a5378cf8b149=Action{uid=5ccf7fda9b5e, deviceId=040c8e12fd4d4f3192d9a5378cf8b149, command='null', value1=0, value2=0, value3=0, value4=0, alarmType=1, delayTime=0, keyName='null', freq=0, name=, pluseNum=0, pluseData=null} }

03-30 10:23:45.315 31659 31659 D HomeMate: allen[ main: HomePagerFragment.java:229 onDeviceInit() ] - devices:[Device{uid=5ccf7fda9b5e, deviceName=S30Êô∫ËÉΩÊèíÂ∫ß, deviceId=040c8e12fd4d4f3192d9a5378cf8b149, appDeviceId=65533, deviceType=29, roomId=, company='', delFlag=0, extAddr='', endpoint=-1, irDeviceId=, sequence=0, model='62f1da0474434509923b2dc947a0f14c', updateTime=1490840335000(2017-03-30 10:18:55), userName=null} ],otherDevices:[]

03-30 10:23:45.322 31659 31659 D HomeMate: allen[ main: HomePagerFragment.java:279 onDeviceInit() ] - Show devices

03-30 10:23:45.323 31659 31659 D HomeMate: allen[ main: HomeDevicePresenter.java:129 refresh() ] - Finish to init device. cost 17ms

03-30 10:23:45.323 31659 31659 D HomeMate: comm[ main: DeviceUtil.java:953 getEnergyDevices() ] - familyId:ea4205a93f1c46b4a6df9bb391513dd9

03-30 10:23:45.326 31659 31659 D HomeMate: comm[ main: DeviceUtil.java:989 getEnergyDevices() ] - energyRemindDevices:[]

03-30 10:23:45.326 31659 31659 I HomeMate: wei[ main: RoomCommonSceneDao.java:46 selRoomCommonScene() ] - select * from scene inner join roomcommonscene on scene.sceneNo = roomcommonscene.sceneNo where roomcommonscene.userId = ? and roomcommonscene.roomId = ? order by roomcommonscene.sceneSequence ASC

03-30 10:23:45.338 31659 31659 D HomeMate: comm[ main: RoomImageUtil.java:275 getRoomImagePathByName() ] - RoomImageUtil: getRoomImagePathByName(file.exists == false !)

03-30 10:23:45.339 31659 31659 D HomeMate: comm[ main: HomePagerFragment.java:349 setRoomImage() ] - room:Room{roomId='ea4205a93f1c46b4a6df9bb391513dd9', roomName='ÈªòËÆ§ÊàøÈó¥', floorId='2eef43aa6de44824be3612825076baaa', roomType=0, sequence=0, isDefaultRoom=false, imgUrl='/storage/emulated/0/HomeMate/room/6_thumb'} BaseBo{delFlag=0, updateTime='0', createTime='0', updateTimeSec=0, uid='null', userName='null'}   file.exists()->true

03-30 10:23:45.339 31659 31659 D HomeMate: allen[ main: HomePagerFragment.java:202 onStart() ] - onStart()

03-30 10:23:45.340 31659 31659 D HomeMate: allen[ main: HomePagerFragment.java:208 onResume() ] - onResume()

03-30 10:23:45.341 31659 31659 D HomeMate: allen[ main: HomePagerFragment.java:202 onStart() ] - onStart()

03-30 10:23:45.342 31659 31659 D HomeMate: allen[ main: HomePagerFragment.java:208 onResume() ] - onResume()

03-30 10:23:45.342 31659 31659 I a       : onMDNSFinish(phone)-gatewayInfos:[GatewayInfo{uid='007e5608c69c', model='VIH001', hubName='null', ip='192.168.56.166', port=5353}],isMDNSSearching:true

03-30 10:23:45.342 31659 31659 I a       : callBacks()-MDNS finish.onMDNSListeners:{com.orvibo.homemate.model.login.loginhub.LoginHub$2@c5b0eb9=com.orvibo.homemate.model.login.loginhub.LoginHub$2@c5b0eb9}

03-30 10:23:45.342 31659 31659 I SearchGateway: onMDNSFinish()-gatewayInfos:[GatewayInfo{uid='007e5608c69c', model='VIH001', hubName='null', ip='192.168.56.166', port=5353}]

03-30 10:23:45.346 28253 28253 I AppiumUnicodeIME: onFinishInput

03-30 10:23:45.339  3807  3807 W Binder_5: type=1400 audit(0.0:55133155): avc: denied { ioctl } for path="socket:[12058816]" dev="sockfs" ino=12058816 ioctlcmd=7704 scontext=u:r:system_server:s0 tcontext=u:r:system_server:s0 tclass=unix_stream_socket permissive=0

03-30 10:23:45.346 28253 28253 I AppiumUnicodeIME: onStartInput

03-30 10:23:45.339  3807  3807 W Binder_5: type=1400 audit(0.0:55133156): avc: denied { ioctl } for path="socket:[12058816]" dev="sockfs" ino=12058816 ioctlcmd=7704 scontext=u:r:system_server:s0 tcontext=u:r:system_server:s0 tclass=unix_stream_socket permissive=0

03-30 10:23:45.361 31659 31659 E RecyclerView: No adapter attached; skipping layout

03-30 10:23:45.362 31659 31659 E RecyclerView: No adapter attached; skipping layout

03-30 10:23:45.462  2044  2115 I Timeline: Timeline: App_transition_ready time:336716243

03-30 10:23:45.463  2044  2115 I Timeline: Timeline: App_transition_stopped time:336716243

03-30 10:23:45.472  3746  3746 D PhoneStatusBar: disable: 0x00000100 -> 0x00000000 (diff: 0x00000100)

03-30 10:23:45.472  3746  3746 D PhoneStatusBar: disable: < expand icons alerts ticker system_info back home recent clock full hide* keyguard none float >

03-30 10:23:45.472  3746  3746 D PhoneStatusBar: showStatusBar isshow=true;delay=false

03-30 10:23:45.473  6151  6191 I octvm_power: handle event trigger full_screen_exit

03-30 10:23:45.478 31659 31659 I SearchGateway: onUdpSearchGatewayResult()-gatewayInfos:[GatewayInfo{uid='007e5608c69c', model='VIH001', hubName='null', ip='192.168.56.166', port=8088}, GatewayInfo{uid='007e56121201', model='Hub002', hubName='null', ip='192.168.56.245', port=8088}, GatewayInfo{uid='5cffffe20086', model='Hub100', hubName='null', ip='192.168.56.228', port=8088}, GatewayInfo{uid='5cffff43d6b4', model='Hub002', hubName='null', ip='192.168.56.121', port=8088}]

03-30 10:23:45.478 31659 31659 I HomeMate: comm[ main: LoginHub.java:170 onSearch() ] - gatewayInfos:[GatewayInfo{uid='007e5608c69c', model='VIH001', hubName='null', ip='192.168.56.166', port=8088}, GatewayInfo{uid='007e56121201', model='Hub002', hubName='null', ip='192.168.56.245', port=8088}, GatewayInfo{uid='5cffffe20086', model='Hub100', hubName='null', ip='192.168.56.228', port=8088}, GatewayInfo{uid='5cffff43d6b4', model='Hub002', hubName='null', ip='192.168.56.121', port=8088}]

03-30 10:23:45.479 31659 31659 W HomeMate: comm[ main: LoginHub.java:212 checkNeedProcessHub() ] - Ê≠§‰∏ªÊú∫‰∏çÈú?Ë¶ÅÂ§ÑÁêÜGatewayInfo{uid='007e5608c69c', model='VIH001', hubName='null', ip='192.168.56.166', port=8088}

03-30 10:23:45.479 31659 31659 W HomeMate: comm[ main: LoginHub.java:212 checkNeedProcessHub() ] - Ê≠§‰∏ªÊú∫‰∏çÈú?Ë¶ÅÂ§ÑÁêÜGatewayInfo{uid='007e56121201', model='Hub002', hubName='null', ip='192.168.56.245', port=8088}

03-30 10:23:45.479 31659 31659 W HomeMate: comm[ main: LoginHub.java:212 checkNeedProcessHub() ] - Ê≠§‰∏ªÊú∫‰∏çÈú?Ë¶ÅÂ§ÑÁêÜGatewayInfo{uid='5cffffe20086', model='Hub100', hubName='null', ip='192.168.56.228', port=8088}

03-30 10:23:45.479 31659 31659 W HomeMate: comm[ main: LoginHub.java:212 checkNeedProcessHub() ] - Ê≠§‰∏ªÊú∫‰∏çÈú?Ë¶ÅÂ§ÑÁêÜGatewayInfo{uid='5cffff43d6b4', model='Hub002', hubName='null', ip='192.168.56.121', port=8088}

03-30 10:23:45.480 31659 31659 D HomeMate: comm[ main: LoginHub.java:176 onSearch() ] - localLoginHubUids:[007e56121206],ÊêúÁ¥¢ËøîÂõûÁöÑuids:[],isLoginAllLocalHub:false

03-30 10:23:45.480  2044  2115 I ActivityManager: Displayed com.orvibo.homemate/.common.main.MainActivity: +962ms

03-30 10:23:45.481 31659 31659 E HomeMate: comm[ main: LoginHub.java:180 onSearch() ] - Êú¨Âú∞ÊêúÁ¥¢‰∏çÂà∞ÊåáÂÆöÁöÑ‰∏ªÊú?.localLoginHubUids:[007e56121206]

03-30 10:23:45.481 31659 31659 D HomeMate: comm[ main: LoginHub.java:282 isLoginFinish() ] - hubLoginStatues:{007e56121206=DONE}

03-30 10:23:45.481 31659 31659 I HomeMate: comm[ main: LoginHub.java:322 callback() ] - Login hub cost 1924ms

03-30 10:23:45.485 31659 31659 W HomeMate: comm[ main: Login.java:189 onLoginHubFail() ] - Fail to login hub.result:314

03-30 10:23:45.485  2044  2115 I Timeline: Timeline: Activity_windows_visible id: ActivityRecord{2e7e773 u0 com.orvibo.homemate/.common.main.MainActivity t17460} time:336716265

03-30 10:23:45.485 31659 31659 D HomeMate: comm[ main: LoginServer.java:181 isLoginServerFinish() ] - loginServerState:DONE

03-30 10:23:45.485 31659 31659 D SearchGateway: stopSearch()-Stop search gateways.

03-30 10:23:45.485  3745  3745 D wpa_supplicant: wlan0: Control interface command 'SIGNAL_POLL'

03-30 10:23:45.486  3746  3746 V PhoneStatusBarPolicy: updateManagedProfile mManagedProfileFocused: false mKeyguardVisible: false mCurrentUserId:0 mCurrentProfileId:0 mSecondSpaceStatusIconVisible: true showIcon:false

03-30 10:23:45.487 31659 31805 W NioReceiveThread: run()-NioReceiveThread has been stop.

03-30 10:23:45.487 31659 31659 D NioReceiveThread: stopReceive()

03-30 10:23:45.488  3745  3745 D wpa_supplicant: CTRL-DEBUG: global_ctrl_sock-sendto: sock=11 sndbuf=163840 outq=0 send_len=49

03-30 10:23:45.489 31659 31659 D NioReceiveThread: stopReceive()

03-30 10:23:45.495 31659 31659 I HomeMate: comm[ main: Login.java:248 callback() ] - Login cost 2625ms

03-30 10:23:45.496 31659 31659 D HomeMate: comm[ main: InfoPushService.java:58 onEventMainThread() ] - onEventMainThread()-PullEvent:PullEvent{type=1, logined=true}

03-30 10:23:45.497 31659 31659 D HomeMate: comm[ main: InfoPushManager.java:430 pushInfos() ] - []

03-30 10:23:45.497 31659 31659 D HomeMate: comm[ main: MainPresenter.java:565 onEventMainThread() ] - MainEvent{mainActionType=0, bottomTabType=0, showFirstTab=false, toLoginActivity=false, login365Event=Login365Event{gateways=null, cocos=null, result=0, serverLoginResult=0}, mLoadDataEvent=null, mHubUpgradeEvent=null, mLocationResultEvent=null, mLatestMessages=null, loadImportantDataUid='null'}

03-30 10:23:45.497 31659 31659 D HomeMate: comm[ main: MainPresenter.java:582 onEventMainThread() ] - Start to process login result.

03-30 10:23:45.498 31659 31659 D HomeMate: comm[ main: MainActivity.java:382 setLoadingProgress() ] - show:false

03-30 10:23:45.498 31659 31659 D HomeMate: comm[ main: MainPresenter.java:523 processLogin() ] - Login365Event{gateways=null, cocos=null, result=0, serverLoginResult=0}

03-30 10:23:45.498 31659 31659 D HomeMate: comm[ main: MainActivity.java:382 setLoadingProgress() ] - show:false

03-30 10:23:45.501 31659 31659 I HomeMate: comm[ main: MainPresenter.java:539 processLogin() ] - Finish login homemate,start to refresh data.

03-30 10:23:45.502 31659 31659 D HomeMate: comm[ main: MainPresenter.java:258 checkSearchUnbindDevice() ] - 

03-30 10:23:45.503 31659 31659 I HomeMate: comm[ main: MainPresenter.java:667 onLoginFinish() ] - 

03-30 10:23:45.503 31659 31659 D HomeMate: comm[ main: MainActivity.java:457 onCheckHubUpgrade() ] - Ê£?Êü•‰∏ªÊú∫ÊòØÂê¶ÂçáÁ∫?

03-30 10:23:45.505 31659 31659 D HomeMate: comm[ main: BaseActivityPresenter.java:39 onCheckHubUpgrade() ] - uids:[007e56121206]

03-30 10:23:45.506 31659 31659 D HomeMate: comm[ main: CheckHubUpgrade.java:45 checkFamilyHubUpgrade() ] - familyId:ea4205a93f1c46b4a6df9bb391513dd9

03-30 10:23:45.508 31659 31659 I HomeMate: comm[ main: BaseRequest.java:118 doRequestAsync() ] - registerEvent: com.orvibo.homemate.common.BaseActivityPresenter$1@d3ba348

03-30 10:23:45.510 31659 31659 D HomeMate: comm[ main: BaseRequest.java:978 saveSerial() ] - Record serial 1420691001 on com.orvibo.homemate.common.BaseActivityPresenter$1@d3ba348

03-30 10:23:45.511 31659 31792 D HomeMate: comm[ pool-4-thread-2: MinaSocket.java:139 send() ] - target:server,position:server start request.requestConfig:RequestConfig{state=2, type=0, target=1, requestConf=RequestConf{totalCount=2, intervalTime=3500, lastTimeoutTime=5000}},messageLength:138

03-30 10:23:45.511 31659 31792 D HomeMate: sConnectFutures:{server=org.apache.mina.core.polling.AbstractPollingIoConnector$ConnectionRequest@6c1c2dd}

03-30 10:23:45.511 31659 31659 D HomeMate: comm[ main: ViCenterService.java:494 sendTVLoginFinishBroadcast() ] - result:0 serverLoginResult:0

03-30 10:23:45.512 31659 31792 I HomeMate: comm[ pool-4-thread-2: CodecEncoder.java:44 encode() ] - encode()-ÁºñÁ†ÅÂÆåÊàê,ÂêëIP:/192.168.2.242:10001ÂÜôÊï∞Êç?(138):68,64,00,8a,64,6b,0e,04,63,69,64,38,62,33,65,61,32,33,64,61,66,35,34,66,37,37,61,35,62,65,64,33,66,31,33,36,63,61,66,64,31,31,02,79,0c,92,e0,3c,6a,31,fe,f1,8e,2b,d7,7b,81,57,4f,29,6e,06,c3,62,53,17,7b,c0,0f,9e,50,b9,8a,76,20,f9,9c,53,3a,34,5c,d0,ad,1f,87,50,3b,69,52,20,7a,95,8e,46,8f,db,63,c8,1c,dd,0e,d9,c7,7d,b4,bb,2c,fa,d6,c6,d8,0d,10,0b,ed,33,f5,8d,00,76,85,6f,da,f9,bf,4f,59,8d,64,0d,32,38,de,58,66,48,de,f3

03-30 10:23:45.513 31659 31659 E HomeMate: comm[ main: Login.java:116 cancelLogin() ] - Cancel login

03-30 10:23:45.513 31659 31659 W HomeMate: comm[ main: BaseRequest.java:538 stopProcessResult() ] -  stop request and stop process result

03-30 10:23:45.513 31659 31659 D HomeMate: comm[ main: BaseRequest.java:511 stopRequest() ] -  Stop request com.orvibo.homemate.model.login.LoginServer$1@267f523

03-30 10:23:45.513 31659 31792 D HomeMate: comm[ pool-4-thread-2: MinaSocket.java:157 send() ] - isWritten:true,ioSession:(0x00000001: nio socket, client, /192.168.56.181:46816 => /192.168.2.242:10001)

03-30 10:23:45.514 31659 31659 D HomeMate: comm[ main: LoadServer.java:188 cancelQueryData() ] - cancelQueryData()-Cancel load LoadTableStatistics{, totalPage=-1, updateTime=1490840374, latestUpdateTime=0, checkedDataLoseCount=0, msgWhat=2, msgTimeoutWhat=3, readPages=[]}

03-30 10:23:45.514 31659 31659 D HomeMate: comm[ main: BaseRequest.java:511 stopRequest() ] -  Stop request com.orvibo.homemate.model.QueryWifiDeviceData@6e85aa

03-30 10:23:45.514 31659 31659 E HomeMate: comm[ main: LoginHub.java:297 cancalLoginHub() ] - Cancel login hub.

03-30 10:23:45.514 31659 31792 V HomeMate: comm[ pool-4-thread-2: BaseRequest.java:180 onAsyncTick() ] - Send command:Command{

03-30 10:23:45.514 31659 31792 V HomeMate: uid='server'

03-30 10:23:45.514 31659 31792 V HomeMate: serial=1420691001

03-30 10:23:45.514 31659 31792 V HomeMate: cmd=208

03-30 10:23:45.514 31659 31792 V HomeMate: crc='0E046369'

03-30 10:23:45.514 31659 31792 V HomeMate: requestConfig=RequestConfig{state=2, type=0, target=1, requestConf=RequestConf{totalCount=2, intervalTime=3500, lastTimeoutTime=5000}}

03-30 10:23:45.514 31659 31792 V HomeMate: jsonObject={"familyId":"ea4205a93f1c46b4a6df9bb391513dd9","cmd":208,"serial":1420691001,"ver":"2.3.0"}}

03-30 10:23:45.514 31659 31659 W HomeMate: comm[ main: BaseRequest.java:538 stopProcessResult() ] -  stop request and stop process result

03-30 10:23:45.514 31659 31659 D HomeMate: comm[ main: BaseRequest.java:511 stopRequest() ] -  Stop request com.orvibo.homemate.model.login.loginhub.LoginHub$1@ff36389

03-30 10:23:45.515 31659 31659 E HomeMate: comm[ main: MultiLoad.java:563 cancel() ] - Cancel load 

03-30 10:23:45.515 31659 31659 E HomeMate: comm[ main: ReadData.java:117 stopRead() ] - Stop to load data.com.orvibo.homemate.core.load.MultiLoad$2@7eb4f8e

03-30 10:23:45.515 31659 31659 D HomeMate: comm[ main: BaseRequest.java:511 stopRequest() ] -  Stop request com.orvibo.homemate.core.load.MultiLoad$2@7eb4f8e

03-30 10:23:45.578 31659 31659 E RecyclerView: No adapter attached; skipping layout

03-30 10:23:45.578 31659 31659 E RecyclerView: No adapter attached; skipping layout

03-30 10:23:45.597 31659 31659 D HomeMate: comm[ main: ViCenterService.java:312 onReceive() ] - action:viCenter_action,receiver:com.orvibo.homemate.service.ViCenterService$3@37c1bc7,service:com.orvibo.homemate.service.ViCenterService@f38a5f4

03-30 10:23:45.597 31659 31659 D HomeMate: comm[ main: BaseRequest.java:511 stopRequest() ] -  Stop request com.orvibo.homemate.model.QueryUserMessageRequest@314bf1d

03-30 10:23:45.602 31659 31659 D HomeMate: allen[ main: QueryUserMessage.java:87 queryLatestMessageCommon() ] - userId:91a31ba24648493aad89636922662c04,sequence:-1

03-30 10:23:45.602 31659 31659 I HomeMate: comm[ main: QueryUserMessageRequest.java:42 queryUserMessageRequest() ] - startStatusRecordRequest():maxSequence=-1,minSequence-1

03-30 10:23:45.604 31659 31659 I HomeMate: comm[ main: BaseRequest.java:118 doRequestAsync() ] - registerEvent: com.orvibo.homemate.model.QueryUserMessageRequest@314bf1d

03-30 10:23:45.605 31659 31659 D HomeMate: comm[ main: BaseRequest.java:978 saveSerial() ] - Record serial 1262018724 on com.orvibo.homemate.model.QueryUserMessageRequest@314bf1d

03-30 10:23:45.606 31659 31762 D HomeMate: comm[ pool-4-thread-1: MinaSocket.java:139 send() ] - target:server,position:server start request.requestConfig:RequestConfig{state=2, type=0, target=1, requestConf=RequestConf{totalCount=2, intervalTime=3500, lastTimeoutTime=5000}},messageLength:218

03-30 10:23:45.606 31659 31762 D HomeMate: sConnectFutures:{server=org.apache.mina.core.polling.AbstractPollingIoConnector$ConnectionRequest@6c1c2dd}

03-30 10:23:45.607 31659 31762 I HomeMate: comm[ pool-4-thread-1: CodecEncoder.java:44 encode() ] - encode()-ÁºñÁ†ÅÂÆåÊàê,ÂêëIP:/192.168.2.242:10001ÂÜôÊï∞Êç?(218):68,64,00,da,64,6b,dc,f9,ce,0b,64,38,62,33,65,61,32,33,64,61,66,35,34,66,37,37,61,35,62,65,64,33,66,31,33,36,63,61,66,64,31,31,02,79,0c,92,e0,3c,6a,31,fe,f1,8e,2b,d7,7b,81,57,4f,29,6e,06,c3,62,53,17,7b,c0,0f,9e,50,b9,8a,76,20,f9,9c,53,3a,34,5c,d0,ad,1f,87,50,3b,69,52,20,dd,c2,e7,35,cf,dc,56,21,c9,42,89,e3,02,a9,6a,2c,c1,35,2b,9f,fe,30,a2,08,48,ea,12,f6,18,89,ed,13,f8,36,82,b2,59,61,38,81,82,98,df,0c,c1,e6,8a,81,16,4a,81,9c,a0,fc,aa,cd,3f,8e,e9,ac,89,73,51,78,ca,0d,fd,b3,e9,da,e7,af,38,e3,61,a6,9e,a2,26,7d,c8,33,b0,35,67,89,f6,05,0e,48,af,c8,d6,6f,fc,c1,52,8e,f1,1e,a4,4a,cb,9f,d4,df,a8,1a,c4,bb,01,55,39,af,7f,f0,bd,8e,2c,7a,61,27,76,be,6a,4a,59,a7

03-30 10:23:45.608 31659 31762 D HomeMate: comm[ pool-4-thread-1: MinaSocket.java:157 send() ] - isWritten:true,ioSession:(0x00000001: nio socket, client, /192.168.56.181:46816 => /192.168.2.242:10001)

03-30 10:23:45.608 31659 31659 D HomeMate: comm[ main: LocationCity.java:163 onLocationChanged() ] - onLocationChanged(amap)-location:latitude=22.593926longitude=114.004836province=Âπø‰∏úÁú?#city=Ê∑±Âú≥Â∏?#district=ÂçóÂ±±Âå?#cityCode=0755#adCode=440305#address=Âπø‰∏úÁúÅÊ∑±Âú≥Â∏ÇÂçóÂ±±Âå∫Â°òÊúó‰∏úË∑ØÈù†ËøëÂçóÂ±±Êô∫Âõ?#country=‰∏≠ÂõΩ#road=Â°òÊúó‰∏úË∑Ø#poiName=ÂçóÂ±±Êô∫Âõ≠#street=Â≠¶ËãëÂ§ßÈÅì#streetNum=1001Âè?#errorCode=0#errorInfo=success#locationDetail=-1#locationType=4

03-30 10:23:45.608 31659 31762 V HomeMate: comm[ pool-4-thread-1: BaseRequest.java:180 onAsyncTick() ] - Send command:Command{

03-30 10:23:45.608 31659 31762 V HomeMate: uid='server'

03-30 10:23:45.608 31659 31762 V HomeMate: serial=1262018724

03-30 10:23:45.608 31659 31762 V HomeMate: cmd=172

03-30 10:23:45.608 31659 31762 V HomeMate: crc='DCF9CE0B'

03-30 10:23:45.608 31659 31762 V HomeMate: requestConfig=RequestConfig{state=2, type=0, target=1, requestConf=RequestConf{totalCount=2, intervalTime=3500, lastTimeoutTime=5000}}

03-30 10:23:45.608 31659 31762 V HomeMate: jsonObject={"familyId":"ea4205a93f1c46b4a6df9bb391513dd9","tableName":"messageCommon","maxSequence":-1,"minSequence":-1,"readCount":100,"cmd":172,"serial":1262018724,"ver":"2.3.0"}}

03-30 10:23:45.619  4229  4367 D WtProcessController: onAMDestroyActivity callback

03-30 10:23:45.620 31659 31659 D HomeMate: comm[ main: LaunchActivity.java:384 onDestroy() ] - 

03-30 10:23:45.636  4774 31861 D ANLP    : rgeo susscess[c]

03-30 10:23:45.636 31659 31794 D HomeMate: comm[ NioProcessor-7: CodecDecoder.java:44 doDecode() ] - hd:6864,actualLen:218

03-30 10:23:45.638 31659 31794 I HomeMate: comm[ NioProcessor-7: CodecDecoder.java:76 doDecode() ] - Êé•Êî∂Âà∞IP:192.168.2.242ÁöÑÊï∞ÊçÆÔºö68,64,0,da,64,6b,e,d0,52,94,64,38,62,33,65,61,32,33,64,61,66,35,34,66,37,37,61,35,62,65,64,33,66,31,33,36,63,61,66,64,31,31,9c,6,2f,1c,42,6c,97,98,56,d,71,e2,63,d1,1,d5,7d,91,3f,c1,85,ba,a0,91,8f,8d,f7,57,15,21,a7,1f,f9,5c,a5,a,3a,2a,7f,83,66,5d,c9,6f,d4,86,d5,b9,69,e7,81,3f,81,2c,f8,c1,c,6e,f4,18,1d,8c,57,4a,a1,3f,c8,af,f9,4,ab,c8,7b,fe,97,a7,db,51,51,3d,77,76,d4,74,b5,64,b4,c0,9f,9a,d6,f7,8c,66,18,f1,6c,5c,2c,3,8e,89,c0,b2,7f,6f,40,28,7,67,b6,85,c2,5e,7f,f,aa,71,6f,dc,ff,64,33,10,81,2f,80,92,bd,a7,85,8a,51,d9,e8,5b,c2,18,d4,f0,a3,99,b,0,30,2a,b8,7a,d9,da,39,85,d6,60,2c,d3,45,a9,fc,f9,76,2e,dd,68,a6,b1,9c,33,ca,e4,d1,52,ef,e5,86,25

03-30 10:23:45.638 31659 31795 I HomeMate: comm[ pool-5-thread-1: SocketUtil.java:70 progressMessage() ] - protocolType[dk],crc:0ED05294,sessionId:d8b3ea23daf54f77a5bed3f136cafd11,jsonLen:176,ip:192.168.2.242,port:10001

03-30 10:23:45.638 31659 31860 I HomeMate: comm[ Thread-44334: LocationCity.java:302 run() ] - processPosition()-addresses:[Address[addressLines=[0:"NO. No.75 Changlingpi Road, Nanshan, Shenzhen, Guangdong"],feature=NO. No.75 Changlingpi Road,admin=Guangdong,sub-admin=null,locality=Shenzhen,thoroughfare=Changlingpi Road,postalCode=null,countryCode=CN,countryName=China,hasLatitude=true,latitude=22.593786,hasLongitude=true,longitude=114.004978,phone=null,url=null,extras=null]]

03-30 10:23:45.639 31659 31795 I HomeMate: comm[ pool-5-thread-1: SocketUtil.java:108 progressMessage() ] - After decrypt json[{"cmd":208,"familyId":"ea4205a93f1c46b4a6df9bb391513dd9","ver":"2.3.0","serial":1420691001,"status":0,"upgradeStatuses":[{"uid":"007e56121206","upgradeStatus":1}]}]

03-30 10:23:45.639 31659 31860 D HomeMate: comm[ Thread-44334: LocationCity.java:454 callback() ] - callback()- isCallbacked = [false], + country = [cn], state = [guangdong], city = [shenzhen]

03-30 10:23:45.639 31659 31860 D HomeMate: comm[ Thread-44334: LocationCity.java:420 setCallback() ] - setCallback()- isCallbacked = [true]

03-30 10:23:45.639 31659 31860 D HomeMate: comm[ Thread-44334: LocationService.java:38 onLocation() ] - onLocation()-country:cn,state:guangdong,city:shenzhen,result:0

03-30 10:23:45.642 31659 31659 D HomeMate: comm[ main: LocationPresenter.java:93 onEventMainThread() ] - LocationResultEvent{country='cn', state='guangdong', city='shenzhen', latitude=22.593926, longitude=114.004836, result=0}

03-30 10:23:45.643 31659 31794 D HomeMate: comm[ NioProcessor-7: CodecDecoder.java:44 doDecode() ] - hd:6864,actualLen:138

03-30 10:23:45.644 31659 31794 I HomeMate: comm[ NioProcessor-7: CodecDecoder.java:76 doDecode() ] - Êé•Êî∂Âà∞IP:192.168.2.242ÁöÑÊï∞ÊçÆÔºö68,64,0,8a,64,6b,cb,b,24,ed,64,38,62,33,65,61,32,33,64,61,66,35,34,66,37,37,61,35,62,65,64,33,66,31,33,36,63,61,66,64,31,31,ad,4b,72,42,aa,c6,62,c5,2c,2,87,f7,2d,cf,40,ce,1c,a6,82,29,9d,56,8e,f0,1,e1,c6,dd,36,b0,ef,99,6,67,5c,aa,6b,5e,76,71,17,e6,59,95,5b,d0,9,f6,37,27,99,4f,67,17,4,c7,37,52,bb,42,1b,ec,14,73,3,e7,eb,1d,fb,cb,40,b5,fe,b6,3a,8e,4d,95,5c,8f,44,7c,fd,ea,79,1d,6e,c9,dd,a2,c9,f0,35,d1,c0,d

03-30 10:23:45.647 31659 31659 D HomeMate: comm[ main: DateUtil.java:245 getTimeOffset() ] - timeOffset = 28800000

