03-30 11:28:30.019 29494 29812 D HomeMate: comm[ Thread-45043: FileTool.java:65 deleteOldFiles() ] - deleteOldFiles()-fileName:HomeMate_20170317150403.731.txt

03-30 11:28:30.019 29494 29812 D HomeMate: comm[ Thread-45043: FileTool.java:65 deleteOldFiles() ] - deleteOldFiles()-fileName:HomeMate_20170317150326.290.txt

03-30 11:28:30.019 29494 29812 D HomeMate: comm[ Thread-45043: FileTool.java:65 deleteOldFiles() ] - deleteOldFiles()-fileName:HomeMate_20170317145419.330.txt

03-30 11:28:30.020 29494 29812 D HomeMate: comm[ Thread-45043: FileTool.java:65 deleteOldFiles() ] - deleteOldFiles()-fileName:HomeMate_20170317145409.896.txt

03-30 11:28:30.020 29494 29812 D HomeMate: comm[ Thread-45043: FileTool.java:65 deleteOldFiles() ] - deleteOldFiles()-fileName:HomeMate_20170317145321.752.txt

03-30 11:28:30.021 29494 29812 D HomeMate: comm[ Thread-45043: FileTool.java:65 deleteOldFiles() ] - deleteOldFiles()-fileName:HomeMate_20170317145219.676.txt

03-30 11:28:30.021 29494 29812 D HomeMate: comm[ Thread-45043: FileTool.java:65 deleteOldFiles() ] - deleteOldFiles()-fileName:HomeMate_20170317145143.436.txt

03-30 11:28:30.021 29494 29812 D HomeMate: comm[ Thread-45043: FileTool.java:65 deleteOldFiles() ] - deleteOldFiles()-fileName:HomeMate_20170317145107.763.txt

03-30 11:28:30.022 29494 29812 D HomeMate: comm[ Thread-45043: FileTool.java:65 deleteOldFiles() ] - deleteOldFiles()-fileName:HomeMate_20170317145019.557.txt

03-30 11:28:30.022 29494 29812 D HomeMate: comm[ Thread-45043: FileTool.java:65 deleteOldFiles() ] - deleteOldFiles()-fileName:HomeMate_20170317144844.193.txt

03-30 11:28:30.023 29494 29812 D HomeMate: comm[ Thread-45043: FileTool.java:65 deleteOldFiles() ] - deleteOldFiles()-fileName:HomeMate_20170317144435.904.txt

03-30 11:28:30.029 29494 29812 D HomeMate: comm[ Thread-45043: FileTool.java:65 deleteOldFiles() ] - deleteOldFiles()-fileName:HomeMate_20170317144138.924.txt

03-30 11:28:30.032 29494 29812 D HomeMate: comm[ Thread-45043: FileTool.java:65 deleteOldFiles() ] - deleteOldFiles()-fileName:HomeMate_20170317144046.478.txt

03-30 11:28:30.032 29494 29812 D HomeMate: comm[ Thread-45043: FileTool.java:65 deleteOldFiles() ] - deleteOldFiles()-fileName:HomeMate_20170317143944.752.txt

03-30 11:28:30.034 29494 29812 D HomeMate: comm[ Thread-45043: FileTool.java:65 deleteOldFiles() ] - deleteOldFiles()-fileName:HomeMate_20170317143843.851.txt

03-30 11:28:30.034 29494 29812 D HomeMate: comm[ Thread-45043: FileTool.java:65 deleteOldFiles() ] - deleteOldFiles()-fileName:HomeMate_20170317143650.601.txt

03-30 11:28:30.038 29494 29819 D SocializeNetUtils: ##### æœªåŠ å¯†å‚æ•? : pcv=2.0&md5imei=56313E1967F49DC7C608ACA4CBA18520&ak=5608d75167e58eefa90013bd&de=MI+NOTE+LTE&mac=34%3A80%3Ab3%3Aa1%3A12%3A6d&os=Android&opid=1&imei=867451020054497&dc=com.umeng.share&use_coco2dx=0&en=Wi-Fi&tp=1&ni=1&sdkv=5.1.2&dt=1490844510014

03-30 11:28:30.038 29494 29812 D HomeMate: comm[ Thread-45043: FileTool.java:65 deleteOldFiles() ] - deleteOldFiles()-fileName:HomeMate_20170317143540.860.txt

03-30 11:28:30.039 29494 29819 D SocializeNetUtils: #### å®Œæ•´è¯·æ±‚é“¾æŽ¥ : http://log.umsns.com/bar/get/5608d75167e58eefa90013bd/?ud_get=TBuBt24UtJVVOlEh/7T4/cZ4chiC3gi25SFUlmp97p7LtmfdqfK0ZyT2kqbPjydCj6etAgQcfJP2sYcuwoTsGd3B0322/vM880okGRh3jSVlxZv56NgFy2DZEhn9qicuxcJAh+DTOt1Ej7YpRIBc8YrfiDBdtuz2GeXQYlQdGq5vhpNzpmmY32O33+pU5ZDl3dfwrIjVJxJyEZiLbMLSm3nChfo/fsoMCvgsKFRMJtSuVe2VtkpIC25FxlthYWhjPj1XvtY37quv4wDSB6L+oL2jmnkq3wEjaSraw/DTJ1GT+AIDVlG+kIGJJIB22BJx2GIFBZR194ZI1NOIXkQHdA==

03-30 11:28:30.040 29494 29812 D HomeMate: comm[ Thread-45043: FileTool.java:65 deleteOldFiles() ] - deleteOldFiles()-fileName:HomeMate_20170317143453.294.txt

03-30 11:28:30.046 29494 29812 D HomeMate: comm[ Thread-45043: FileTool.java:65 deleteOldFiles() ] - deleteOldFiles()-fileName:HomeMate_20170317143408.299.txt

03-30 11:28:30.048 29494 29812 D HomeMate: comm[ Thread-45043: FileTool.java:65 deleteOldFiles() ] - deleteOldFiles()-fileName:HomeMate_20170317143018.247.txt

03-30 11:28:30.048 29494 29812 D HomeMate: comm[ Thread-45043: FileTool.java:65 deleteOldFiles() ] - deleteOldFiles()-fileName:HomeMate_20170317142916.569.txt

03-30 11:28:30.049 29494 29812 D HomeMate: comm[ Thread-45043: FileTool.java:65 deleteOldFiles() ] - deleteOldFiles()-fileName:HomeMate_20170317142814.187.txt

03-30 11:28:30.049 29494 29812 D HomeMate: comm[ Thread-45043: FileTool.java:65 deleteOldFiles() ] - deleteOldFiles()-fileName:HomeMate_20170317142737.993.txt

03-30 11:28:30.050 29494 29812 D HomeMate: comm[ Thread-45043: FileTool.java:65 deleteOldFiles() ] - deleteOldFiles()-fileName:HomeMate_20170317142658.123.txt

03-30 11:28:30.060 29494 29812 D HomeMate: comm[ Thread-45043: FileTool.java:65 deleteOldFiles() ] - deleteOldFiles()-fileName:HomeMate_20170317142609.183.txt

03-30 11:28:30.062 29494 29812 D HomeMate: comm[ Thread-45043: FileTool.java:65 deleteOldFiles() ] - deleteOldFiles()-fileName:HomeMate_20170317142536.267.txt

03-30 11:28:30.062 29494 29812 D HomeMate: comm[ Thread-45043: FileTool.java:65 deleteOldFiles() ] - deleteOldFiles()-fileName:HomeMate_20170317142448.132.txt

03-30 11:28:30.064 29494 29812 D HomeMate: comm[ Thread-45043: FileTool.java:65 deleteOldFiles() ] - deleteOldFiles()-fileName:HomeMate_20170317142410.867.txt

03-30 11:28:30.065 29494 29812 D HomeMate: comm[ Thread-45043: FileTool.java:65 deleteOldFiles() ] - deleteOldFiles()-fileName:HomeMate_20170317142320.861.txt

03-30 11:28:30.066 29494 29812 D HomeMate: comm[ Thread-45043: FileTool.java:65 deleteOldFiles() ] - deleteOldFiles()-fileName:HomeMate_20170317142246.323.txt

03-30 11:28:30.069 29494 29812 D HomeMate: comm[ Thread-45043: FileTool.java:65 deleteOldFiles() ] - deleteOldFiles()-fileName:HomeMate_20170317141114.492.txt

03-30 11:28:30.070 29494 29812 D HomeMate: comm[ Thread-45043: FileTool.java:65 deleteOldFiles() ] - deleteOldFiles()-fileName:HomeMate_20170317140814.231.txt

03-30 11:28:30.071 29494 29812 D HomeMate: comm[ Thread-45043: FileTool.java:65 deleteOldFiles() ] - deleteOldFiles()-fileName:HomeMate_20170317140757.261.txt

03-30 11:28:30.072 29494 29812 D HomeMate: comm[ Thread-45043: FileTool.java:65 deleteOldFiles() ] - deleteOldFiles()-fileName:HomeMate_20170317140733.786.txt

03-30 11:28:30.072 29494 29812 D HomeMate: comm[ Thread-45043: FileTool.java:65 deleteOldFiles() ] - deleteOldFiles()-fileName:HomeMate_20170317140642.902.txt

03-30 11:28:30.073 29494 29812 D HomeMate: comm[ Thread-45043: FileTool.java:65 deleteOldFiles() ] - deleteOldFiles()-fileName:HomeMate_20170317140609.558.txt

03-30 11:28:30.073 29494 29812 D HomeMate: comm[ Thread-45043: FileTool.java:65 deleteOldFiles() ] - deleteOldFiles()-fileName:HomeMate_20170317140444.955.txt

03-30 11:28:30.074 29494 29812 D HomeMate: comm[ Thread-45043: FileTool.java:65 deleteOldFiles() ] - deleteOldFiles()-fileName:HomeMate_20170317140353.233.txt

03-30 11:28:30.074 29494 29812 D HomeMate: comm[ Thread-45043: FileTool.java:65 deleteOldFiles() ] - deleteOldFiles()-fileName:HomeMate_20170317140304.707.txt

03-30 11:28:30.075 29494 29812 D HomeMate: comm[ Thread-45043: FileTool.java:65 deleteOldFiles() ] - deleteOldFiles()-fileName:HomeMate_20170317140226.490.txt

03-30 11:28:30.076 29494 29812 D HomeMate: comm[ Thread-45043: FileTool.java:65 deleteOldFiles() ] - deleteOldFiles()-fileName:HomeMate_20170317134309.387.txt

03-30 11:28:30.076 29494 29812 D HomeMate: comm[ Thread-45043: FileTool.java:65 deleteOldFiles() ] - deleteOldFiles()-fileName:HomeMate_20170317133251.956.txt

03-30 11:28:30.077 29494 29812 D HomeMate: comm[ Thread-45043: FileTool.java:65 deleteOldFiles() ] - deleteOldFiles()-fileName:HomeMate_20170317122627.844.txt

03-30 11:28:30.078 29494 29812 D HomeMate: comm[ Thread-45043: FileTool.java:65 deleteOldFiles() ] - deleteOldFiles()-fileName:HomeMate_20170317122544.026.txt

03-30 11:28:30.079 29494 29812 D HomeMate: comm[ Thread-45043: FileTool.java:65 deleteOldFiles() ] - deleteOldFiles()-fileName:HomeMate_20170317122534.674.txt

03-30 11:28:30.079 29494 29812 D HomeMate: comm[ Thread-45043: FileTool.java:65 deleteOldFiles() ] - deleteOldFiles()-fileName:HomeMate_20170317122414.962.txt

03-30 11:28:30.080 29494 29812 D HomeMate: comm[ Thread-45043: FileTool.java:65 deleteOldFiles() ] - deleteOldFiles()-fileName:HomeMate_20170317122330.472.txt

03-30 11:28:30.080 29494 29812 D HomeMate: comm[ Thread-45043: FileTool.java:65 deleteOldFiles() ] - deleteOldFiles()-fileName:HomeMate_20170317122205.068.txt

03-30 11:28:30.081 29494 29812 D HomeMate: comm[ Thread-45043: FileTool.java:65 deleteOldFiles() ] - deleteOldFiles()-fileName:HomeMate_20170317122039.963.txt

03-30 11:28:30.083 29494 29812 D HomeMate: comm[ Thread-45043: FileTool.java:65 deleteOldFiles() ] - deleteOldFiles()-fileName:HomeMate_20170317121930.570.txt

03-30 11:28:30.086 29494 29812 D HomeMate: comm[ Thread-45043: FileTool.java:65 deleteOldFiles() ] - deleteOldFiles()-fileName:HomeMate_20170317121842.800.txt

03-30 11:28:30.096 29494 29812 D HomeMate: comm[ Thread-45043: FileTool.java:65 deleteOldFiles() ] - deleteOldFiles()-fileName:HomeMate_20170317121759.451.txt

03-30 11:28:30.096 29494 29812 D HomeMate: comm[ Thread-45043: FileTool.java:65 deleteOldFiles() ] - deleteOldFiles()-fileName:HomeMate_20170317121714.672.txt

03-30 11:28:30.096 29494 29812 D HomeMate: comm[ Thread-45043: FileTool.java:65 deleteOldFiles() ] - deleteOldFiles()-fileName:HomeMate_20170317121629.592.txt

03-30 11:28:30.097 29494 29812 D HomeMate: comm[ Thread-45043: FileTool.java:65 deleteOldFiles() ] - deleteOldFiles()-fileName:HomeMate_20170317121529.041.txt

03-30 11:28:30.099 29494 29812 D HomeMate: comm[ Thread-45043: FileTool.java:65 deleteOldFiles() ] - deleteOldFiles()-fileName:HomeMate_20170317121442.407.txt

03-30 11:28:30.103 29494 29812 D HomeMate: comm[ Thread-45043: FileTool.java:65 deleteOldFiles() ] - deleteOldFiles()-fileName:HomeMate_20170317121403.800.txt

03-30 11:28:30.104 29494 29812 D HomeMate: comm[ Thread-45043: FileTool.java:65 deleteOldFiles() ] - deleteOldFiles()-fileName:HomeMate_20170317121321.542.txt

03-30 11:28:30.104 29494 29812 D HomeMate: comm[ Thread-45043: FileTool.java:65 deleteOldFiles() ] - deleteOldFiles()-fileName:HomeMate_20170317121129.829.txt

03-30 11:28:30.106 29494 29812 D HomeMate: comm[ Thread-45043: FileTool.java:65 deleteOldFiles() ] - deleteOldFiles()-fileName:HomeMate_20170317121045.172.txt

03-30 11:28:30.108 29494 29812 D HomeMate: comm[ Thread-45043: FileTool.java:65 deleteOldFiles() ] - deleteOldFiles()-fileName:HomeMate_20170317120855.971.txt

03-30 11:28:30.111 29494 29812 D HomeMate: comm[ Thread-45043: FileTool.java:65 deleteOldFiles() ] - deleteOldFiles()-fileName:HomeMate_20170317115949.931.txt

03-30 11:28:30.112 29494 29812 D HomeMate: comm[ Thread-45043: FileTool.java:65 deleteOldFiles() ] - deleteOldFiles()-fileName:HomeMate_20170317115909.557.txt

03-30 11:28:30.113 29494 29812 D HomeMate: comm[ Thread-45043: FileTool.java:65 deleteOldFiles() ] - deleteOldFiles()-fileName:HomeMate_20170317115830.346.txt

03-30 11:28:30.113 29494 29812 D HomeMate: comm[ Thread-45043: FileTool.java:65 deleteOldFiles() ] - deleteOldFiles()-fileName:HomeMate_20170317115750.093.txt

03-30 11:28:30.113 29494 29812 D HomeMate: comm[ Thread-45043: FileTool.java:65 deleteOldFiles() ] - deleteOldFiles()-fileName:HomeMate_20170317115712.050.txt

03-30 11:28:30.114 29494 29812 D HomeMate: comm[ Thread-45043: FileTool.java:65 deleteOldFiles() ] - deleteOldFiles()-fileName:HomeMate_20170317115613.045.txt

03-30 11:28:30.115 29494 29812 D HomeMate: comm[ Thread-45043: FileTool.java:65 deleteOldFiles() ] - deleteOldFiles()-fileName:HomeMate_20170317115529.475.txt

03-30 11:28:30.117 29494 29812 D HomeMate: comm[ Thread-45043: FileTool.java:65 deleteOldFiles() ] - deleteOldFiles()-fileName:HomeMate_20170317115453.841.txt

03-30 11:28:30.118 29494 29812 D HomeMate: comm[ Thread-45043: FileTool.java:65 deleteOldFiles() ] - deleteOldFiles()-fileName:HomeMate_20170317115332.077.txt

03-30 11:28:30.118 29494 29812 D HomeMate: comm[ Thread-45043: FileTool.java:65 deleteOldFiles() ] - deleteOldFiles()-fileName:HomeMate_20170317115219.737.txt

03-30 11:28:30.119 29494 29812 D HomeMate: comm[ Thread-45043: FileTool.java:65 deleteOldFiles() ] - deleteOldFiles()-fileName:HomeMate_20170317115130.746.txt

03-30 11:28:30.121 29494 29812 D HomeMate: comm[ Thread-45043: FileTool.java:65 deleteOldFiles() ] - deleteOldFiles()-fileName:HomeMate_20170317115042.907.txt

03-30 11:28:30.122 29494 29812 D HomeMate: comm[ Thread-45043: FileTool.java:65 deleteOldFiles() ] - deleteOldFiles()-fileName:HomeMate_20170317115006.518.txt

03-30 11:28:30.124 29494 29812 D HomeMate: comm[ Thread-45043: FileTool.java:65 deleteOldFiles() ] - deleteOldFiles()-fileName:HomeMate_20170317114930.413.txt

03-30 11:28:30.125 29494 29812 D HomeMate: comm[ Thread-45043: FileTool.java:65 deleteOldFiles() ] - deleteOldFiles()-fileName:HomeMate_20170317114855.247.txt

03-30 11:28:30.125 29494 29812 D HomeMate: comm[ Thread-45043: FileTool.java:65 deleteOldFiles() ] - deleteOldFiles()-fileName:HomeMate_20170317114818.821.txt

03-30 11:28:30.125 29494 29812 D HomeMate: comm[ Thread-45043: FileTool.java:65 deleteOldFiles() ] - deleteOldFiles()-fileName:HomeMate_20170317114719.325.txt

03-30 11:28:30.127 29494 29812 D HomeMate: comm[ Thread-45043: FileTool.java:65 deleteOldFiles() ] - deleteOldFiles()-fileName:HomeMate_20170317114617.058.txt

03-30 11:28:30.129 29494 29812 D HomeMate: comm[ Thread-45043: FileTool.java:65 deleteOldFiles() ] - deleteOldFiles()-fileName:HomeMate_20170317114545.001.txt

03-30 11:28:30.129  4569  5270 D FrozenAppController: >>> event = 23 >>> state = 1 uid 10098

03-30 11:28:30.132 29494 29812 D HomeMate: comm[ Thread-45043: FileTool.java:65 deleteOldFiles() ] - deleteOldFiles()-fileName:HomeMate_20170317114455.165.txt

03-30 11:28:30.132 29494 29812 D HomeMate: comm[ Thread-45043: FileTool.java:65 deleteOldFiles() ] - deleteOldFiles()-fileName:HomeMate_20170317114353.552.txt

03-30 11:28:30.134  2044  4348 D PowerKeeperPolicy: Caller[1000] updateWakelockBlockedUid:uid=10098, tag=null, block=false

03-30 11:28:30.134  4569  7585 D FrozenAppController: updateWakelockBlockedUid, uid = 10098, isBlocked = false

03-30 11:28:30.135 29494 29812 D HomeMate: comm[ Thread-45043: FileTool.java:65 deleteOldFiles() ] - deleteOldFiles()-fileName:HomeMate_20170317114237.269.txt

03-30 11:28:30.136 29494 29812 D HomeMate: comm[ Thread-45043: FileTool.java:65 deleteOldFiles() ] - deleteOldFiles()-fileName:HomeMate_20170317114128.113.txt

03-30 11:28:30.136 29494 29812 D HomeMate: comm[ Thread-45043: FileTool.java:65 deleteOldFiles() ] - deleteOldFiles()-fileName:HomeMate_20170317114041.829.txt

03-30 11:28:30.140  2044  2057 V LocationPolicy: writePolicyLocked()

03-30 11:28:30.143 29494 29812 D HomeMate: comm[ Thread-45043: FileTool.java:65 deleteOldFiles() ] - deleteOldFiles()-fileName:HomeMate_20170317113951.814.txt

03-30 11:28:30.143 29494 29812 D HomeMate: comm[ Thread-45043: FileTool.java:65 deleteOldFiles() ] - deleteOldFiles()-fileName:HomeMate_20170317113841.777.txt

03-30 11:28:30.144 29494 29812 D HomeMate: comm[ Thread-45043: FileTool.java:65 deleteOldFiles() ] - deleteOldFiles()-fileName:HomeMate_20170317113802.061.txt

03-30 11:28:30.144 29494 29812 D HomeMate: comm[ Thread-45043: FileTool.java:65 deleteOldFiles() ] - deleteOldFiles()-fileName:HomeMate_20170317113726.429.txt

03-30 11:28:30.145 29494 29812 D HomeMate: comm[ Thread-45043: FileTool.java:65 deleteOldFiles() ] - deleteOldFiles()-fileName:HomeMate_20170317112858.696.txt

03-30 11:28:30.145 29494 29812 D HomeMate: comm[ Thread-45043: FileTool.java:65 deleteOldFiles() ] - deleteOldFiles()-fileName:HomeMate_20170317112752.951.txt

03-30 11:28:30.145 29494 29812 D HomeMate: comm[ Thread-45043: FileTool.java:65 deleteOldFiles() ] - deleteOldFiles()-fileName:HomeMate_20170317112705.364.txt

03-30 11:28:30.146 29494 29812 D HomeMate: comm[ Thread-45043: FileTool.java:65 deleteOldFiles() ] - deleteOldFiles()-fileName:HomeMate_20170317112629.695.txt

03-30 11:28:30.146 29494 29812 D HomeMate: comm[ Thread-45043: FileTool.java:65 deleteOldFiles() ] - deleteOldFiles()-fileName:HomeMate_20170317112517.837.txt

03-30 11:28:30.147 29494 29812 D HomeMate: comm[ Thread-45043: FileTool.java:65 deleteOldFiles() ] - deleteOldFiles()-fileName:HomeMate_20170317112122.479.txt

03-30 11:28:30.147 29494 29812 D HomeMate: comm[ Thread-45043: FileTool.java:65 deleteOldFiles() ] - deleteOldFiles()-fileName:HomeMate_20170317112030.870.txt

03-30 11:28:30.147  4569  7585 D FrozenAppController: resumeOldPolicy setUidPolicy uid = 10098 policy = 255

03-30 11:28:30.147 29494 29812 D HomeMate: comm[ Thread-45043: FileTool.java:65 deleteOldFiles() ] - deleteOldFiles()-fileName:HomeMate_20170317111928.439.txt

03-30 11:28:30.148 29494 29812 D HomeMate: comm[ Thread-45043: FileTool.java:65 deleteOldFiles() ] - deleteOldFiles()-fileName:HomeMate_20170317111840.449.txt

03-30 11:28:30.148 29494 29812 D HomeMate: comm[ Thread-45043: FileTool.java:65 deleteOldFiles() ] - deleteOldFiles()-fileName:HomeMate_20170317111743.857.txt

03-30 11:28:30.150 29494 29812 D HomeMate: comm[ Thread-45043: FileTool.java:65 deleteOldFiles() ] - deleteOldFiles()-fileName:HomeMate_20170317111700.624.txt

03-30 11:28:30.150 29494 29812 D HomeMate: comm[ Thread-45043: FileTool.java:65 deleteOldFiles() ] - deleteOldFiles()-fileName:HomeMate_20170317111609.836.txt

03-30 11:28:30.151 29494 29812 D HomeMate: comm[ Thread-45043: FileTool.java:65 deleteOldFiles() ] - deleteOldFiles()-fileName:HomeMate_20170317111309.815.txt

03-30 11:28:30.151 29494 29812 D HomeMate: comm[ Thread-45043: FileTool.java:65 deleteOldFiles() ] - deleteOldFiles()-fileName:HomeMate_20170317111139.428.txt

03-30 11:28:30.152 29494 29812 D HomeMate: comm[ Thread-45043: FileTool.java:65 deleteOldFiles() ] - deleteOldFiles()-fileName:HomeMate_20170317111125.948.txt

03-30 11:28:30.152 29494 29812 D HomeMate: comm[ Thread-45043: FileTool.java:65 deleteOldFiles() ] - deleteOldFiles()-fileName:HomeMate_20170317111036.499.txt

03-30 11:28:30.152 29494 29812 D HomeMate: comm[ Thread-45043: FileTool.java:65 deleteOldFiles() ] - deleteOldFiles()-fileName:HomeMate_20170317110944.424.txt

03-30 11:28:30.152 29494 29812 D HomeMate: comm[ Thread-45043: FileTool.java:65 deleteOldFiles() ] - deleteOldFiles()-fileName:HomeMate_20170317105712.497.txt

03-30 11:28:30.153 29494 29812 D HomeMate: comm[ Thread-45043: FileTool.java:65 deleteOldFiles() ] - deleteOldFiles()-fileName:HomeMate_20170317105607.498.txt

03-30 11:28:30.153 29494 29812 D HomeMate: comm[ Thread-45043: FileTool.java:65 deleteOldFiles() ] - deleteOldFiles()-fileName:HomeMate_20170317105257.417.txt

03-30 11:28:30.154 29494 29812 D HomeMate: comm[ Thread-45043: FileTool.java:65 deleteOldFiles() ] - deleteOldFiles()-fileName:HomeMate_20170317105216.209.txt

03-30 11:28:30.154 29494 29812 D HomeMate: comm[ Thread-45043: FileTool.java:65 deleteOldFiles() ] - deleteOldFiles()-fileName:HomeMate_20170317104847.775.txt

03-30 11:28:30.154  6151 28208 W octvm_freeze: fp_set_cgroup_freezer_state: uid = 10098, state_str= THAWED, len = 6, ok!!

03-30 11:28:30.154 29494 29812 D HomeMate: comm[ Thread-45043: FileTool.java:65 deleteOldFiles() ] - deleteOldFiles()-fileName:HomeMate_20170317104838.919.txt

03-30 11:28:30.155 29494 29812 D HomeMate: comm[ Thread-45043: FileTool.java:65 deleteOldFiles() ] - deleteOldFiles()-fileName:HomeMate_20170317104803.709.txt

03-30 11:28:30.155 29494 29812 D HomeMate: comm[ Thread-45043: FileTool.java:65 deleteOldFiles() ] - deleteOldFiles()-fileName:HomeMate_20170317101726.109.txt

03-30 11:28:30.155 29494 29812 D HomeMate: comm[ Thread-45043: FileTool.java:65 deleteOldFiles() ] - deleteOldFiles()-fileName:HomeMate_20170317102935.263vicenter.db

03-30 11:28:30.159 29494 29812 D HomeMate: comm[ Thread-45043: FileTool.java:65 deleteOldFiles() ] - deleteOldFiles()-fileName:HomeMate_20170317102935.307device_desc.db

03-30 11:28:30.159 29494 29812 D HomeMate: comm[ Thread-45043: FileTool.java:65 deleteOldFiles() ] - deleteOldFiles()-fileName:HomeMate_20170317101610.735.txt

03-30 11:28:30.160 29494 29812 D HomeMate: comm[ Thread-45043: FileTool.java:65 deleteOldFiles() ] - deleteOldFiles()-fileName:HomeMate_20170317101531.040.txt

03-30 11:28:30.161 29494 29812 D HomeMate: comm[ Thread-45043: FileTool.java:65 deleteOldFiles() ] - deleteOldFiles()-fileName:HomeMate_20170317101355.039.txt

03-30 11:28:30.161 29494 29812 D HomeMate: comm[ Thread-45043: FileTool.java:65 deleteOldFiles() ] - deleteOldFiles()-fileName:HomeMate_20170317101315.554.txt

03-30 11:28:30.162 29494 29812 D HomeMate: comm[ Thread-45043: FileTool.java:65 deleteOldFiles() ] - deleteOldFiles()-fileName:HomeMate_20170317101214.429.txt

03-30 11:28:30.162 29494 29812 D HomeMate: comm[ Thread-45043: FileTool.java:65 deleteOldFiles() ] - deleteOldFiles()-fileName:HomeMate_20170317101134.838.txt

03-30 11:28:30.163 29494 29812 D HomeMate: comm[ Thread-45043: FileTool.java:65 deleteOldFiles() ] - deleteOldFiles()-fileName:HomeMate_20170317100650.998.txt

03-30 11:28:30.164 29494 29812 D HomeMate: comm[ Thread-45043: FileTool.java:65 deleteOldFiles() ] - deleteOldFiles()-fileName:HomeMate_20170317100552.043.txt

03-30 11:28:30.164 29494 29812 D HomeMate: comm[ Thread-45043: FileTool.java:65 deleteOldFiles() ] - deleteOldFiles()-fileName:HomeMate_20170317100445.328.txt

03-30 11:28:30.164 29494 29812 D HomeMate: comm[ Thread-45043: FileTool.java:65 deleteOldFiles() ] - deleteOldFiles()-fileName:HomeMate_20170317100308.077.txt

03-30 11:28:30.165 29494 29812 D HomeMate: comm[ Thread-45043: FileTool.java:65 deleteOldFiles() ] - deleteOldFiles()-fileName:HomeMate_20170317100121.859.txt

03-30 11:28:30.165  6151 28208 W octvm   : /proc/1553 is uid = 10098

03-30 11:28:30.165 29494 29812 D HomeMate: comm[ Thread-45043: FileTool.java:65 deleteOldFiles() ] - deleteOldFiles()-fileName:HomeMate_20170317095936.624.txt

03-30 11:28:30.165  6151 28208 W octvm   : /proc/1640 is uid = 10098

03-30 11:28:30.165  6151 28208 W octvm   : /proc/1671 is uid = 10098

03-30 11:28:30.165 29494 29812 D HomeMate: comm[ Thread-45043: FileTool.java:65 deleteOldFiles() ] - deleteOldFiles()-fileName:HomeMate_20170317095758.577.txt

03-30 11:28:30.166 29494 29812 D HomeMate: comm[ Thread-45043: FileTool.java:65 deleteOldFiles() ] - deleteOldFiles()-fileName:HomeMate_20170317095703.842.txt

03-30 11:28:30.166 29494 29812 D HomeMate: comm[ Thread-45043: FileTool.java:65 deleteOldFiles() ] - deleteOldFiles()-fileName:HomeMate_20170317095422.883.txt

03-30 11:28:30.166 29494 29812 D HomeMate: comm[ Thread-45043: FileTool.java:65 deleteOldFiles() ] - deleteOldFiles()-fileName:HomeMate_20170317095007.364.txt

03-30 11:28:30.167 29494 29812 D HomeMate: comm[ Thread-45043: FileTool.java:65 deleteOldFiles() ] - deleteOldFiles()-fileName:HomeMate_20170317094535.697.txt

03-30 11:28:30.167 29494 29812 D HomeMate: comm[ Thread-45043: FileTool.java:65 deleteOldFiles() ] - deleteOldFiles()-fileName:HomeMate_20170317094217.351.txt

03-30 11:28:30.167 29494 29812 D HomeMate: comm[ Thread-45043: FileTool.java:65 deleteOldFiles() ] - deleteOldFiles()-fileName:HomeMate_20170317094039.306.txt

03-30 11:28:30.168 29494 29812 D HomeMate: comm[ Thread-45043: FileTool.java:65 deleteOldFiles() ] - deleteOldFiles()-fileName:HomeMate_20170317093952.720.txt

03-30 11:28:30.168 29494 29812 D HomeMate: comm[ Thread-45043: FileTool.java:65 deleteOldFiles() ] - deleteOldFiles()-fileName:HomeMate_20170317093907.612.txt

03-30 11:28:30.168 29494 29812 D HomeMate: comm[ Thread-45043: FileTool.java:65 deleteOldFiles() ] - deleteOldFiles()-fileName:HomeMate_20170317093029.092.txt

03-30 11:28:30.168 29494 29812 D HomeMate: comm[ Thread-45043: FileTool.java:65 deleteOldFiles() ] - deleteOldFiles()-fileName:HomeMate_20170317092858.911.txt

03-30 11:28:30.169 29494 29812 D HomeMate: comm[ Thread-45043: FileTool.java:65 deleteOldFiles() ] - deleteOldFiles()-fileName:HomeMate_20170317092214.220.txt

03-30 11:28:30.169 29494 29812 D HomeMate: comm[ Thread-45043: FileTool.java:65 deleteOldFiles() ] - deleteOldFiles()-fileName:HomeMate_20170317091748.857.txt

03-30 11:28:30.169 29494 29812 D HomeMate: comm[ Thread-45043: FileTool.java:65 deleteOldFiles() ] - deleteOldFiles()-fileName:HomeMate_20170317091323.066.txt

03-30 11:28:30.170 29494 29812 D HomeMate: comm[ Thread-45043: FileTool.java:65 deleteOldFiles() ] - deleteOldFiles()-fileName:HomeMate_20170316193614.257.txt

03-30 11:28:30.171 29494 29812 D HomeMate: comm[ Thread-45043: FileTool.java:65 deleteOldFiles() ] - deleteOldFiles()-fileName:HomeMate_20170316193540.642.txt

03-30 11:28:30.174 29494 29812 D HomeMate: comm[ Thread-45043: FileTool.java:65 deleteOldFiles() ] - deleteOldFiles()-fileName:HomeMate_20170316193506.629.txt

03-30 11:28:30.175 29494 29812 D HomeMate: comm[ Thread-45043: FileTool.java:65 deleteOldFiles() ] - deleteOldFiles()-fileName:HomeMate_20170316193435.764.txt

03-30 11:28:30.176 29494 29812 D HomeMate: comm[ Thread-45043: FileTool.java:65 deleteOldFiles() ] - deleteOldFiles()-fileName:HomeMate_20170316193132.220.txt

03-30 11:28:30.176 29494 29812 D HomeMate: comm[ Thread-45043: FileTool.java:65 deleteOldFiles() ] - deleteOldFiles()-fileName:HomeMate_20170316193059.384.txt

03-30 11:28:30.177 29494 29812 D HomeMate: comm[ Thread-45043: FileTool.java:65 deleteOldFiles() ] - deleteOldFiles()-fileName:HomeMate_20170316193025.148.txt

03-30 11:28:30.177 29494 29812 D HomeMate: comm[ Thread-45043: FileTool.java:65 deleteOldFiles() ] - deleteOldFiles()-fileName:HomeMate_20170316192955.301.txt

03-30 11:28:30.178 29494 29812 D HomeMate: comm[ Thread-45043: FileTool.java:65 deleteOldFiles() ] - deleteOldFiles()-fileName:HomeMate_20170316185637.055.txt

03-30 11:28:30.178 29494 29812 D HomeMate: comm[ Thread-45043: FileTool.java:65 deleteOldFiles() ] - deleteOldFiles()-fileName:HomeMate_20170316185603.136.txt

03-30 11:28:30.179 29494 29812 D HomeMate: comm[ Thread-45043: FileTool.java:65 deleteOldFiles() ] - deleteOldFiles()-fileName:HomeMate_20170316185529.659.txt

03-30 11:28:30.179 29494 29812 D HomeMate: comm[ Thread-45043: FileTool.java:65 deleteOldFiles() ] - deleteOldFiles()-fileName:HomeMate_20170316185459.023.txt

03-30 11:28:30.180 29494 29812 D HomeMate: comm[ Thread-45043: FileTool.java:65 deleteOldFiles() ] - deleteOldFiles()-fileName:HomeMate_20170316183916.947.txt

03-30 11:28:30.180 29494 29812 D HomeMate: comm[ Thread-45043: FileTool.java:65 deleteOldFiles() ] - deleteOldFiles()-fileName:HomeMate_20170316180845.417.txt

03-30 11:28:30.181 29494 29812 D HomeMate: comm[ Thread-45043: FileTool.java:65 deleteOldFiles() ] - deleteOldFiles()-fileName:HomeMate_20170316180811.856.txt

03-30 11:28:30.181 29494 29812 D HomeMate: comm[ Thread-45043: FileTool.java:65 deleteOldFiles() ] - deleteOldFiles()-fileName:HomeMate_20170316180737.477.txt

03-30 11:28:30.181  4569  7585 E powerkeeper-jni: jint com_miui_powerkeeper_process_Control_thawed(JNIEnv*, jobject, jint): uid = 10098, action = thawed

03-30 11:28:30.181  4569  7585 V FrozenAppController:     >>>>  MSG_THAWED_APP : { uid: 10098 mState:2 mEvent:23 mIsForeground:false mLocationPolicy:255}

03-30 11:28:30.182 29494 29812 D HomeMate: comm[ Thread-45043: FileTool.java:65 deleteOldFiles() ] - deleteOldFiles()-fileName:HomeMate_20170316180703.992.txt

03-30 11:28:30.182 29494 29812 D HomeMate: comm[ Thread-45043: FileTool.java:65 deleteOldFiles() ] - deleteOldFiles()-fileName:HomeMate_20170316180035.609.txt

03-30 11:28:30.182 29494 29812 D HomeMate: comm[ Thread-45043: FileTool.java:65 deleteOldFiles() ] - deleteOldFiles()-fileName:HomeMate_20170316175959.483.txt

03-30 11:28:30.183 29494 29812 D HomeMate: comm[ Thread-45043: FileTool.java:65 deleteOldFiles() ] - deleteOldFiles()-fileName:HomeMate_20170316175901.202.txt

03-30 11:28:30.183 29494 29812 D HomeMate: comm[ Thread-45043: FileTool.java:65 deleteOldFiles() ] - deleteOldFiles()-fileName:HomeMate_20170316175802.527.txt

03-30 11:28:30.183 29494 29812 D HomeMate: comm[ Thread-45043: FileTool.java:65 deleteOldFiles() ] - deleteOldFiles()-fileName:HomeMate_20170316174154.956.txt

03-30 11:28:30.184 29494 29812 D HomeMate: comm[ Thread-45043: FileTool.java:65 deleteOldFiles() ] - deleteOldFiles()-fileName:HomeMate_20170316175327.242vicenter.db

03-30 11:28:30.184 29494 29812 D HomeMate: comm[ Thread-45043: FileTool.java:65 deleteOldFiles() ] - deleteOldFiles()-fileName:HomeMate_20170316175327.274device_desc.db

03-30 11:28:30.184 29494 29812 D HomeMate: comm[ Thread-45043: FileTool.java:65 deleteOldFiles() ] - deleteOldFiles()-fileName:HomeMate_20170316174012.435.txt

03-30 11:28:30.185 29494 29812 D HomeMate: comm[ Thread-45043: FileTool.java:65 deleteOldFiles() ] - deleteOldFiles()-fileName:HomeMate_20170316173928.832.txt

03-30 11:28:30.185 29494 29812 D HomeMate: comm[ Thread-45043: FileTool.java:65 deleteOldFiles() ] - deleteOldFiles()-fileName:HomeMate_20170316173848.786.txt

03-30 11:28:30.185 29494 29812 D HomeMate: comm[ Thread-45043: FileTool.java:65 deleteOldFiles() ] - deleteOldFiles()-fileName:HomeMate_20170316173651.633.txt

03-30 11:28:30.186 29494 29812 D HomeMate: comm[ Thread-45043: FileTool.java:65 deleteOldFiles() ] - deleteOldFiles()-fileName:HomeMate_20170316173522.917.txt

03-30 11:28:30.187 29494 29812 D HomeMate: comm[ Thread-45043: FileTool.java:65 deleteOldFiles() ] - deleteOldFiles()-fileName:HomeMate_20170316173426.856.txt

03-30 11:28:30.187 29494 29812 D HomeMate: comm[ Thread-45043: FileTool.java:65 deleteOldFiles() ] - deleteOldFiles()-fileName:HomeMate_20170316173335.291.txt

03-30 11:28:30.187 29494 29812 D HomeMate: comm[ Thread-45043: FileTool.java:65 deleteOldFiles() ] - deleteOldFiles()-fileName:HomeMate_20170316173253.316.txt

03-30 11:28:30.188 29494 29812 D HomeMate: comm[ Thread-45043: FileTool.java:65 deleteOldFiles() ] - deleteOldFiles()-fileName:HomeMate_20170316173125.326.txt

03-30 11:28:30.188 29494 29812 D HomeMate: comm[ Thread-45043: FileTool.java:65 deleteOldFiles() ] - deleteOldFiles()-fileName:HomeMate_20170316173037.569.txt

03-30 11:28:30.188 29494 29812 D HomeMate: comm[ Thread-45043: FileTool.java:65 deleteOldFiles() ] - deleteOldFiles()-fileName:HomeMate_20170316172955.231.txt

03-30 11:28:30.189 29494 29812 D HomeMate: comm[ Thread-45043: FileTool.java:65 deleteOldFiles() ] - deleteOldFiles()-fileName:HomeMate_20170316172912.233.txt

03-30 11:28:30.195 29494 29812 D HomeMate: comm[ Thread-45043: FileTool.java:65 deleteOldFiles() ] - deleteOldFiles()-fileName:HomeMate_20170316172827.125.txt

03-30 11:28:30.195 29494 29812 D HomeMate: comm[ Thread-45043: FileTool.java:65 deleteOldFiles() ] - deleteOldFiles()-fileName:HomeMate_20170316172742.544.txt

03-30 11:28:30.201 29494 29812 D HomeMate: comm[ Thread-45043: FileTool.java:65 deleteOldFiles() ] - deleteOldFiles()-fileName:HomeMate_20170316172615.201.txt

03-30 11:28:30.201 29494 29812 D HomeMate: comm[ Thread-45043: FileTool.java:65 deleteOldFiles() ] - deleteOldFiles()-fileName:HomeMate_20170316172501.591.txt

03-30 11:28:30.201 29494 29812 D HomeMate: comm[ Thread-45043: FileTool.java:65 deleteOldFiles() ] - deleteOldFiles()-fileName:HomeMate_20170316172356.830.txt

03-30 11:28:30.202 29494 29812 D HomeMate: comm[ Thread-45043: FileTool.java:65 deleteOldFiles() ] - deleteOldFiles()-fileName:HomeMate_20170316172303.953.txt

03-30 11:28:30.202 29494 29812 D HomeMate: comm[ Thread-45043: FileTool.java:65 deleteOldFiles() ] - deleteOldFiles()-fileName:HomeMate_20170316172212.586.txt

03-30 11:28:30.202 29494 29812 D HomeMate: comm[ Thread-45043: FileTool.java:65 deleteOldFiles() ] - deleteOldFiles()-fileName:HomeMate_20170316172126.980.txt

03-30 11:28:30.203 29494 29812 D HomeMate: comm[ Thread-45043: FileTool.java:65 deleteOldFiles() ] - deleteOldFiles()-fileName:HomeMate_20170316172035.944.txt

03-30 11:28:30.203 29494 29812 D HomeMate: comm[ Thread-45043: FileTool.java:65 deleteOldFiles() ] - deleteOldFiles()-fileName:HomeMate_20170316171919.463.txt

03-30 11:28:30.203 29494 29812 D HomeMate: comm[ Thread-45043: FileTool.java:65 deleteOldFiles() ] - deleteOldFiles()-fileName:HomeMate_20170316171813.541.txt

03-30 11:28:30.207 29494 29812 D HomeMate: comm[ Thread-45043: FileTool.java:65 deleteOldFiles() ] - deleteOldFiles()-fileName:HomeMate_20170316171726.614.txt

03-30 11:28:30.207 29494 29812 D HomeMate: comm[ Thread-45043: FileTool.java:65 deleteOldFiles() ] - deleteOldFiles()-fileName:HomeMate_20170316171634.679.txt

03-30 11:28:30.207 29494 29812 D HomeMate: comm[ Thread-45043: FileTool.java:65 deleteOldFiles() ] - deleteOldFiles()-fileName:HomeMate_20170316171520.543.txt

03-30 11:28:30.208 29494 29812 D HomeMate: comm[ Thread-45043: FileTool.java:65 deleteOldFiles() ] - deleteOldFiles()-fileName:HomeMate_20170316171443.800.txt

03-30 11:28:30.208 29494 29812 D HomeMate: comm[ Thread-45043: FileTool.java:65 deleteOldFiles() ] - deleteOldFiles()-fileName:HomeMate_20170316171410.991.txt

03-30 11:28:30.210 29494 29812 D HomeMate: comm[ Thread-45043: FileTool.java:65 deleteOldFiles() ] - deleteOldFiles()-fileName:HomeMate_20170316171231.739.txt

03-30 11:28:30.210 29494 29812 D HomeMate: comm[ Thread-45043: FileTool.java:65 deleteOldFiles() ] - deleteOldFiles()-fileName:HomeMate_20170316171104.886.txt

03-30 11:28:30.211 29494 29812 D HomeMate: comm[ Thread-45043: FileTool.java:65 deleteOldFiles() ] - deleteOldFiles()-fileName:HomeMate_20170316171010.935.txt

03-30 11:28:30.211 29494 29812 D HomeMate: comm[ Thread-45043: FileTool.java:65 deleteOldFiles() ] - deleteOldFiles()-fileName:HomeMate_20170316170856.935.txt

03-30 11:28:30.211 29494 29812 D HomeMate: comm[ Thread-45043: FileTool.java:65 deleteOldFiles() ] - deleteOldFiles()-fileName:HomeMate_20170316170620.582.txt

03-30 11:28:30.211 29494 29812 D HomeMate: comm[ Thread-45043: FileTool.java:65 deleteOldFiles() ] - deleteOldFiles()-fileName:HomeMate_20170316170327.907.txt

03-30 11:28:30.212 29494 29812 D HomeMate: comm[ Thread-45043: FileTool.java:65 deleteOldFiles() ] - deleteOldFiles()-fileName:HomeMate_20170316170207.185.txt

03-30 11:28:30.212 29494 29812 D HomeMate: comm[ Thread-45043: FileTool.java:65 deleteOldFiles() ] - deleteOldFiles()-fileName:HomeMate_20170316170132.198.txt

03-30 11:28:30.212 29494 29812 D HomeMate: comm[ Thread-45043: FileTool.java:65 deleteOldFiles() ] - deleteOldFiles()-fileName:HomeMate_20170316170048.760.txt

03-30 11:28:30.213 29494 29812 D HomeMate: comm[ Thread-45043: FileTool.java:65 deleteOldFiles() ] - deleteOldFiles()-fileName:HomeMate_20170316165931.946.txt

03-30 11:28:30.213 29494 29812 D HomeMate: comm[ Thread-45043: FileTool.java:65 deleteOldFiles() ] - deleteOldFiles()-fileName:HomeMate_20170316165858.632.txt

03-30 11:28:30.213 29494 29812 D HomeMate: comm[ Thread-45043: FileTool.java:65 deleteOldFiles() ] - deleteOldFiles()-fileName:HomeMate_20170316165753.793.txt

03-30 11:28:30.214 29494 29812 D HomeMate: comm[ Thread-45043: FileTool.java:65 deleteOldFiles() ] - deleteOldFiles()-fileName:HomeMate_20170316165655.612.txt

03-30 11:28:30.214 29494 29812 D HomeMate: comm[ Thread-45043: FileTool.java:65 deleteOldFiles() ] - deleteOldFiles()-fileName:HomeMate_20170316165604.904.txt

03-30 11:28:30.214 29494 29812 D HomeMate: comm[ Thread-45043: FileTool.java:65 deleteOldFiles() ] - deleteOldFiles()-fileName:HomeMate_20170316165443.605.txt

03-30 11:28:30.215 29494 29812 D HomeMate: comm[ Thread-45043: FileTool.java:65 deleteOldFiles() ] - deleteOldFiles()-fileName:HomeMate_20170316165347.316.txt

03-30 11:28:30.215 29494 29812 D HomeMate: comm[ Thread-45043: FileTool.java:65 deleteOldFiles() ] - deleteOldFiles()-fileName:HomeMate_20170316165250.233.txt

03-30 11:28:30.215 29494 29812 D HomeMate: comm[ Thread-45043: FileTool.java:65 deleteOldFiles() ] - deleteOldFiles()-fileName:HomeMate_20170316165208.268.txt

03-30 11:28:30.216 29494 29812 D HomeMate: comm[ Thread-45043: FileTool.java:65 deleteOldFiles() ] - deleteOldFiles()-fileName:HomeMate_20170316165129.676.txt

03-30 11:28:30.216  4116  4556 I XiaomiFirewall: firewall pkgName:com.orvibo.homemate, result:0x0

03-30 11:28:30.216 29494 29812 D HomeMate: comm[ Thread-45043: FileTool.java:65 deleteOldFiles() ] - deleteOldFiles()-fileName:HomeMate_20170316165013.461.txt

03-30 11:28:30.216 29494 29812 D HomeMate: comm[ Thread-45043: FileTool.java:65 deleteOldFiles() ] - deleteOldFiles()-fileName:HomeMate_20170316164904.681.txt

03-30 11:28:30.217 29494 29812 D HomeMate: comm[ Thread-45043: FileTool.java:65 deleteOldFiles() ] - deleteOldFiles()-fileName:HomeMate_20170316164830.481.txt

03-30 11:28:30.217 29494 29812 D HomeMate: comm[ Thread-45043: FileTool.java:65 deleteOldFiles() ] - deleteOldFiles()-fileName:HomeMate_20170316164756.267.txt

03-30 11:28:30.217 29494 29812 D HomeMate: comm[ Thread-45043: FileTool.java:65 deleteOldFiles() ] - deleteOldFiles()-fileName:HomeMate_20170316164719.976.txt

03-30 11:28:30.218 29494 29812 D HomeMate: comm[ Thread-45043: FileTool.java:65 deleteOldFiles() ] - deleteOldFiles()-fileName:HomeMate_20170316164637.242.txt

03-30 11:28:30.218 29494 29812 D HomeMate: comm[ Thread-45043: FileTool.java:65 deleteOldFiles() ] - deleteOldFiles()-fileName:HomeMate_20170316164545.565.txt

03-30 11:28:30.218 29494 29812 D HomeMate: comm[ Thread-45043: FileTool.java:65 deleteOldFiles() ] - deleteOldFiles()-fileName:HomeMate_20170316164434.118.txt

03-30 11:28:30.218 29494 29812 D HomeMate: comm[ Thread-45043: FileTool.java:65 deleteOldFiles() ] - deleteOldFiles()-fileName:HomeMate_20170316164357.153.txt

03-30 11:28:30.219 29494 29812 D HomeMate: comm[ Thread-45043: FileTool.java:65 deleteOldFiles() ] - deleteOldFiles()-fileName:HomeMate_20170316164324.603.txt

03-30 11:28:30.219 29494 29812 D HomeMate: comm[ Thread-45043: FileTool.java:65 deleteOldFiles() ] - deleteOldFiles()-fileName:HomeMate_20170316164222.699.txt

03-30 11:28:30.231 29494 29812 D HomeMate: comm[ Thread-45043: FileTool.java:65 deleteOldFiles() ] - deleteOldFiles()-fileName:HomeMate_20170316164059.740.txt

03-30 11:28:30.232 29494 29812 D HomeMate: comm[ Thread-45043: FileTool.java:65 deleteOldFiles() ] - deleteOldFiles()-fileName:HomeMate_20170316164000.538.txt

03-30 11:28:30.233 29494 29812 D HomeMate: comm[ Thread-45043: FileTool.java:65 deleteOldFiles() ] - deleteOldFiles()-fileName:HomeMate_20170316163928.231.txt

03-30 11:28:30.233 29494 29812 D HomeMate: comm[ Thread-45043: FileTool.java:65 deleteOldFiles() ] - deleteOldFiles()-fileName:HomeMate_20170316163802.063.txt

03-30 11:28:30.233 29494 29812 D HomeMate: comm[ Thread-45043: FileTool.java:65 deleteOldFiles() ] - deleteOldFiles()-fileName:HomeMate_20170316163729.162.txt

03-30 11:28:30.233 29494 29812 D HomeMate: comm[ Thread-45043: FileTool.java:65 deleteOldFiles() ] - deleteOldFiles()-fileName:HomeMate_20170316163654.626.txt

03-30 11:28:30.234 29494 29812 D HomeMate: comm[ Thread-45043: FileTool.java:65 deleteOldFiles() ] - deleteOldFiles()-fileName:HomeMate_20170316163304.030.txt

03-30 11:28:30.234 29494 29812 D HomeMate: comm[ Thread-45043: FileTool.java:65 deleteOldFiles() ] - deleteOldFiles()-fileName:HomeMate_20170316162743.464.txt

03-30 11:28:30.234 29494 29812 D HomeMate: comm[ Thread-45043: FileTool.java:65 deleteOldFiles() ] - deleteOldFiles()-fileName:HomeMate_20170316162212.462.txt

03-30 11:28:30.235 29494 29812 D HomeMate: comm[ Thread-45043: FileTool.java:65 deleteOldFiles() ] - deleteOldFiles()-fileName:HomeMate_20170316161206.276.txt

03-30 11:28:30.235 29494 29812 D HomeMate: comm[ Thread-45043: FileTool.java:65 deleteOldFiles() ] - deleteOldFiles()-fileName:HomeMate_20170316154418.161.txt

03-30 11:28:30.235 29494 29812 D HomeMate: comm[ Thread-45043: FileTool.java:65 deleteOldFiles() ] - deleteOldFiles()-fileName:HomeMate_20170316154352.318.txt

03-30 11:28:30.236 29494 29812 D HomeMate: comm[ Thread-45043: FileTool.java:65 deleteOldFiles() ] - deleteOldFiles()-fileName:HomeMate_20170316154129.867.txt

03-30 11:28:30.236 29494 29812 D HomeMate: comm[ Thread-45043: FileTool.java:65 deleteOldFiles() ] - deleteOldFiles()-fileName:HomeMate_20170316154058.933.txt

03-30 11:28:30.240 29494 29812 D HomeMate: comm[ Thread-45043: FileTool.java:65 deleteOldFiles() ] - deleteOldFiles()-fileName:HomeMate_20170316153913.732.txt

03-30 11:28:30.240 29494 29812 D HomeMate: comm[ Thread-45043: FileTool.java:65 deleteOldFiles() ] - deleteOldFiles()-fileName:HomeMate_20170316153809.712.txt

03-30 11:28:30.240 29494 29812 D HomeMate: comm[ Thread-45043: FileTool.java:65 deleteOldFiles() ] - deleteOldFiles()-fileName:HomeMate_20170316153718.424.txt

03-30 11:28:30.241 29494 29812 D HomeMate: comm[ Thread-45043: FileTool.java:65 deleteOldFiles() ] - deleteOldFiles()-fileName:HomeMate_20170316153558.131.txt

03-30 11:28:30.241 29494 29812 D HomeMate: comm[ Thread-45043: FileTool.java:65 deleteOldFiles() ] - deleteOldFiles()-fileName:HomeMate_20170316153454.463.txt

03-30 11:28:30.241 29494 29812 D HomeMate: comm[ Thread-45043: FileTool.java:65 deleteOldFiles() ] - deleteOldFiles()-fileName:HomeMate_20170316153353.346.txt

03-30 11:28:30.242 29494 29812 D HomeMate: comm[ Thread-45043: FileTool.java:65 deleteOldFiles() ] - deleteOldFiles()-fileName:HomeMate_20170316153240.537.txt

03-30 11:28:30.242 29494 29812 D HomeMate: comm[ Thread-45043: FileTool.java:65 deleteOldFiles() ] - deleteOldFiles()-fileName:HomeMate_20170316153134.718.txt

03-30 11:28:30.242 29494 29812 D HomeMate: comm[ Thread-45043: FileTool.java:65 deleteOldFiles() ] - deleteOldFiles()-fileName:HomeMate_20170316153013.807.txt

03-30 11:28:30.243 29494 29812 D HomeMate: comm[ Thread-45043: FileTool.java:65 deleteOldFiles() ] - deleteOldFiles()-fileName:HomeMate_20170316152916.779.txt

03-30 11:28:30.243 29494 29812 D HomeMate: comm[ Thread-45043: FileTool.java:65 deleteOldFiles() ] - deleteOldFiles()-fileName:HomeMate_20170316152821.894.txt

03-30 11:28:30.243 29494 29812 D HomeMate: comm[ Thread-45043: FileTool.java:65 deleteOldFiles() ] - deleteOldFiles()-fileName:HomeMate_20170316152746.035.txt

03-30 11:28:30.244 29494 29812 D HomeMate: comm[ Thread-45043: FileTool.java:65 deleteOldFiles() ] - deleteOldFiles()-fileName:HomeMate_20170316152710.752.txt

03-30 11:28:30.244 29494 29812 D HomeMate: comm[ Thread-45043: FileTool.java:65 deleteOldFiles() ] - deleteOldFiles()-fileName:HomeMate_20170316152627.283.txt

03-30 11:28:30.244 29494 29812 D HomeMate: comm[ Thread-45043: FileTool.java:65 deleteOldFiles() ] - deleteOldFiles()-fileName:HomeMate_20170316152532.124.txt

03-30 11:28:30.245 29494 29812 D HomeMate: comm[ Thread-45043: FileTool.java:65 deleteOldFiles() ] - deleteOldFiles()-fileName:HomeMate_20170316152420.296.txt

03-30 11:28:30.245 29494 29812 D HomeMate: comm[ Thread-45043: FileTool.java:65 deleteOldFiles() ] - deleteOldFiles()-fileName:HomeMate_20170316152342.707.txt

03-30 11:28:30.245 29494 29812 D HomeMate: comm[ Thread-45043: FileTool.java:65 deleteOldFiles() ] - deleteOldFiles()-fileName:HomeMate_20170316152309.404.txt

03-30 11:28:30.246 29494 29812 D HomeMate: comm[ Thread-45043: FileTool.java:65 deleteOldFiles() ] - deleteOldFiles()-fileName:HomeMate_20170316151643.318.txt

03-30 11:28:30.246 29494 29812 D HomeMate: comm[ Thread-45043: FileTool.java:65 deleteOldFiles() ] - deleteOldFiles()-fileName:HomeMate_20170316151520.667.txt

03-30 11:28:30.247 29494 29812 D HomeMate: comm[ Thread-45043: FileTool.java:65 deleteOldFiles() ] - deleteOldFiles()-fileName:HomeMate_20170316151446.775.txt

03-30 11:28:30.247 29494 29812 D HomeMate: comm[ Thread-45043: FileTool.java:65 deleteOldFiles() ] - deleteOldFiles()-fileName:HomeMate_20170316151412.891.txt

03-30 11:28:30.247 29494 29812 D HomeMate: comm[ Thread-45043: FileTool.java:65 deleteOldFiles() ] - deleteOldFiles()-fileName:HomeMate_20170316151329.913.txt

03-30 11:28:30.248 29494 29812 D HomeMate: comm[ Thread-45043: FileTool.java:65 deleteOldFiles() ] - deleteOldFiles()-fileName:HomeMate_20170316151234.532.txt

03-30 11:28:30.248 29494 29812 D HomeMate: comm[ Thread-45043: FileTool.java:65 deleteOldFiles() ] - deleteOldFiles()-fileName:HomeMate_20170316151121.638.txt

03-30 11:28:30.248 29494 29812 D HomeMate: comm[ Thread-45043: FileTool.java:65 deleteOldFiles() ] - deleteOldFiles()-fileName:HomeMate_20170316151044.337.txt

03-30 11:28:30.249 29494 29812 D HomeMate: comm[ Thread-45043: FileTool.java:65 deleteOldFiles() ] - deleteOldFiles()-fileName:HomeMate_20170316151008.804.txt

03-30 11:28:30.249 29494 29812 D HomeMate: comm[ Thread-45043: FileTool.java:65 deleteOldFiles() ] - deleteOldFiles()-fileName:HomeMate_20170316150931.925.txt

03-30 11:28:30.249 29494 29812 D HomeMate: comm[ Thread-45043: FileTool.java:65 deleteOldFiles() ] - deleteOldFiles()-fileName:HomeMate_20170316150858.065.txt

03-30 11:28:30.250 29494 29812 D HomeMate: comm[ Thread-45043: FileTool.java:65 deleteOldFiles() ] - deleteOldFiles()-fileName:HomeMate_20170316150400.945.txt

03-30 11:28:30.250 29494 29812 D HomeMate: comm[ Thread-45043: FileTool.java:65 deleteOldFiles() ] - deleteOldFiles()-fileName:HomeMate_20170316150052.126.txt

03-30 11:28:30.250 29494 29812 D HomeMate: comm[ Thread-45043: FileTool.java:65 deleteOldFiles() ] - deleteOldFiles()-fileName:HomeMate_20170316145945.765.txt

03-30 11:28:30.251 29494 29812 D HomeMate: comm[ Thread-45043: FileTool.java:65 deleteOldFiles() ] - deleteOldFiles()-fileName:HomeMate_20170316145754.903.txt

03-30 11:28:30.251 29494 29812 D HomeMate: comm[ Thread-45043: FileTool.java:65 deleteOldFiles() ] - deleteOldFiles()-fileName:HomeMate_20170316145745.663.txt

03-30 11:28:30.251 29494 29812 D HomeMate: comm[ Thread-45043: FileTool.java:65 deleteOldFiles() ] - deleteOldFiles()-fileName:HomeMate_20170316145700.005.txt

03-30 11:28:30.252 29494 29812 D HomeMate: comm[ Thread-45043: FileTool.java:65 deleteOldFiles() ] - deleteOldFiles()-fileName:HomeMate_20170316145650.791.txt

03-30 11:28:30.252 29494 29812 D HomeMate: comm[ Thread-45043: FileTool.java:65 deleteOldFiles() ] - deleteOldFiles()-fileName:HomeMate_20170316145527.688.txt

03-30 11:28:30.252 29494 29812 D HomeMate: comm[ Thread-45043: FileTool.java:65 deleteOldFiles() ] - deleteOldFiles()-fileName:HomeMate_20170316145335.194.txt

03-30 11:28:30.253 29494 29812 D HomeMate: comm[ Thread-45043: FileTool.java:65 deleteOldFiles() ] - deleteOldFiles()-fileName:HomeMate_20170316145247.284.txt

03-30 11:28:30.255 29494 29812 D HomeMate: comm[ Thread-45043: FileTool.java:65 deleteOldFiles() ] - deleteOldFiles()-fileName:HomeMate_20170316145159.805.txt

03-30 11:28:30.256 29494 29812 D HomeMate: comm[ Thread-45043: FileTool.java:65 deleteOldFiles() ] - deleteOldFiles()-fileName:HomeMate_20170316145151.584.txt

03-30 11:28:30.256 29494 29812 D HomeMate: comm[ Thread-45043: FileTool.java:65 deleteOldFiles() ] - deleteOldFiles()-fileName:HomeMate_20170316145028.870.txt

03-30 11:28:30.258 29494 29812 D HomeMate: comm[ Thread-45043: FileTool.java:65 deleteOldFiles() ] - deleteOldFiles()-fileName:HomeMate_20170316144843.077.txt

03-30 11:28:30.258 29494 29812 D HomeMate: comm[ Thread-45043: FileTool.java:65 deleteOldFiles() ] - deleteOldFiles()-fileName:HomeMate_20170316144753.840.txt

03-30 11:28:30.259 29494 29812 D HomeMate: comm[ Thread-45043: FileTool.java:65 deleteOldFiles() ] - deleteOldFiles()-fileName:HomeMate_20170316144024.483.txt

03-30 11:28:30.259 29494 29812 D HomeMate: comm[ Thread-45043: FileTool.java:65 deleteOldFiles() ] - deleteOldFiles()-fileName:HomeMate_20170316142256.989.txt

03-30 11:28:30.260 29494 29812 D HomeMate: comm[ Thread-45043: FileTool.java:65 deleteOldFiles() ] - deleteOldFiles()-fileName:HomeMate_20170316142207.161.txt

03-30 11:28:30.260 29494 29812 D HomeMate: comm[ Thread-45043: FileTool.java:65 deleteOldFiles() ] - deleteOldFiles()-fileName:HomeMate_20170316141907.168.txt

03-30 11:28:30.260 29494 29812 D HomeMate: comm[ Thread-45043: FileTool.java:65 deleteOldFiles() ] - deleteOldFiles()-fileName:HomeMate_20170316140416.611.txt

03-30 11:28:30.261 29494 29812 D HomeMate: comm[ Thread-45043: FileTool.java:65 deleteOldFiles() ] - deleteOldFiles()-fileName:HomeMate_20170316140006.572.txt

03-30 11:28:30.261 29494 29812 D HomeMate: comm[ Thread-45043: FileTool.java:65 deleteOldFiles() ] - deleteOldFiles()-fileName:HomeMate_20170316135144.870.txt

03-30 11:28:30.262 29494 29812 D HomeMate: comm[ Thread-45043: FileTool.java:65 deleteOldFiles() ] - deleteOldFiles()-fileName:HomeMate_20170316135102.412.txt

03-30 11:28:30.262 29494 29812 D HomeMate: comm[ Thread-45043: FileTool.java:65 deleteOldFiles() ] - deleteOldFiles()-fileName:HomeMate_20170316134859.954.txt

03-30 11:28:30.262 29494 29812 D HomeMate: comm[ Thread-45043: FileTool.java:65 deleteOldFiles() ] - deleteOldFiles()-fileName:HomeMate_20170316134055.408.txt

03-30 11:28:30.263 29494 29812 D HomeMate: comm[ Thread-45043: FileTool.java:65 deleteOldFiles() ] - deleteOldFiles()-fileName:HomeMate_20170316133543.248.txt

03-30 11:28:30.264 29494 29812 D HomeMate: comm[ Thread-45043: FileTool.java:65 deleteOldFiles() ] - deleteOldFiles()-fileName:HomeMate_20170316133523.547.txt

03-30 11:28:30.264 29494 29812 D HomeMate: comm[ Thread-45043: FileTool.java:65 deleteOldFiles() ] - deleteOldFiles()-fileName:HomeMate_20170316121416.818.txt

03-30 11:28:30.265 29494 29812 D HomeMate: comm[ Thread-45043: FileTool.java:65 deleteOldFiles() ] - deleteOldFiles()-fileName:HomeMate_20170316120535.140.txt

03-30 11:28:30.265 29494 29812 D HomeMate: comm[ Thread-45043: FileTool.java:65 deleteOldFiles() ] - deleteOldFiles()-fileName:HomeMate_20170316120435.944.txt

03-30 11:28:30.265 29494 29812 D HomeMate: comm[ Thread-45043: FileTool.java:65 deleteOldFiles() ] - deleteOldFiles()-fileName:HomeMate_20170316120336.486.txt

03-30 11:28:30.266 29494 29812 D HomeMate: comm[ Thread-45043: FileTool.java:65 deleteOldFiles() ] - deleteOldFiles()-fileName:HomeMate_20170316120046.100.txt

