03-08 10:53:08.864  4269  4269 D wpa_supplicant: wlan0: nl80211: scan request

03-08 10:53:08.864  4269  4269 D wpa_supplicant: nl80211: Scan SSID - hexdump(len=0): [NULL]

03-08 10:53:08.864  4269  4269 D wpa_supplicant: nl80211: Scan extra IEs - hexdump(len=7): 7f 05 00 00 0a 02 01

03-08 10:53:08.878  4269  4269 D wpa_supplicant: Scan requested (ret=0) - scan timeout 30 seconds

03-08 10:53:08.878  4269  4269 D wpa_supplicant: nl80211: Event message available

03-08 10:53:08.878  4269  4269 D wpa_supplicant: nl80211: Drv Event 33 (NL80211_CMD_TRIGGER_SCAN) received for wlan0

03-08 10:53:08.878  4269  4269 D wpa_supplicant: wlan0: nl80211: Scan trigger

03-08 10:53:08.878  4269  4269 D wpa_supplicant: wlan0: Event SCAN_STARTED (47) received

03-08 10:53:08.878  4269  4269 D wpa_supplicant: wlan0: Own scan request started a scan in 0.000176 seconds

03-08 10:53:08.878  4269  4269 D wpa_supplicant: CTRL-DEBUG: ctrl_sock-sendmsg: sock=11 sndbuf=163840 outq=0 send_len=24

03-08 10:53:08.878  4269  4269 D wpa_supplicant: CTRL_IFACE monitor sent successfully to /data/misc/wifi/sockets/wpa_ctrl_1923-2\x00

03-08 10:53:09.099   372   476 I ThermalEngine: Sensor:batt_temp:320 mC

03-08 10:53:09.137 18065 18132 D UTAnalytics:LogStoreMgr: pid:18065 [store],

03-08 10:53:09.165 18065 18132 D UTAnalytics:UTSqliteLogStore: pid:18065 [insert] ,, isSuccess:true,ret,1330,

03-08 10:53:09.165 18065 18132 D UTAnalytics:UTSqliteLogStore: pid:18065 [insert] ,, isSuccess:true,ret,1331,

03-08 10:53:09.859  4269  4269 D wpa_supplicant: wlan0: Control interface command 'SIGNAL_POLL'

03-08 10:53:09.873  4269  4269 D wpa_supplicant: CTRL-DEBUG: global_ctrl_sock-sendto: sock=11 sndbuf=163840 outq=0 send_len=48

03-08 10:53:10.007 29006 29006 W AppWatcher: type=1400 audit(0.0:947377): avc: denied { getattr } for path="/proc/opalum-temp-calib" dev="proc" ino=4026534634 scontext=u:r:untrusted_app:s0:c512,c768 tcontext=u:object_r:proc_opalum:s0 tclass=file permissive=0

03-08 10:53:10.007 29006 29006 W AppWatcher: type=1400 audit(0.0:947378): avc: denied { getattr } for path="/proc/opalum-f0-calib" dev="proc" ino=4026534633 scontext=u:r:untrusted_app:s0:c512,c768 tcontext=u:object_r:proc_opalum:s0 tclass=file permissive=0

03-08 10:53:10.007 29006 29006 W AppWatcher: type=1400 audit(0.0:947379): avc: denied { getattr } for path="/proc/sysrq-trigger" dev="proc" ino=4026533735 scontext=u:r:untrusted_app:s0:c512,c768 tcontext=u:object_r:proc_sysrq:s0 tclass=file permissive=0

03-08 10:53:10.027 29006 29006 W AppWatcher: type=1400 audit(0.0:947380): avc: denied { getattr } for path="/proc/1" dev="proc" ino=907269 scontext=u:r:untrusted_app:s0:c512,c768 tcontext=u:r:init:s0 tclass=dir permissive=0

03-08 10:53:10.027 29006 29006 W AppWatcher: type=1400 audit(0.0:947381): avc: denied { getattr } for path="/proc/2" dev="proc" ino=907270 scontext=u:r:untrusted_app:s0:c512,c768 tcontext=u:r:kernel:s0 tclass=dir permissive=0

03-08 10:53:10.027 29006 29006 W AppWatcher: type=1400 audit(0.0:947382): avc: denied { getattr } for path="/proc/3" dev="proc" ino=907271 scontext=u:r:untrusted_app:s0:c512,c768 tcontext=u:r:kernel:s0 tclass=dir permissive=0

03-08 10:53:10.027 29006 29006 W AppWatcher: type=1400 audit(0.0:947383): avc: denied { getattr } for path="/proc/6" dev="proc" ino=907272 scontext=u:r:untrusted_app:s0:c512,c768 tcontext=u:r:kernel:s0 tclass=dir permissive=0

03-08 10:53:10.027 29006 29006 W AppWatcher: type=1400 audit(0.0:947384): avc: denied { getattr } for path="/proc/7" dev="proc" ino=907273 scontext=u:r:untrusted_app:s0:c512,c768 tcontext=u:r:kernel:s0 tclass=dir permissive=0

03-08 10:53:10.027 29006 29006 W AppWatcher: type=1400 audit(0.0:947385): avc: denied { getattr } for path="/proc/8" dev="proc" ino=907274 scontext=u:r:untrusted_app:s0:c512,c768 tcontext=u:r:kernel:s0 tclass=dir permissive=0

03-08 10:53:10.037 29006 29006 W AppWatcher: type=1400 audit(0.0:947386): avc: denied { getattr } for path="/proc/21" dev="proc" ino=907275 scontext=u:r:untrusted_app:s0:c512,c768 tcontext=u:r:kernel:s0 tclass=dir permissive=0

03-08 10:53:10.037 29006 29006 W AppWatcher: type=1400 audit(0.0:947387): avc: denied { getattr } for path="/proc/22" dev="proc" ino=907276 scontext=u:r:untrusted_app:s0:c512,c768 tcontext=u:r:kernel:s0 tclass=dir permissive=0

03-08 10:53:10.037 29006 29006 W AppWatcher: type=1400 audit(0.0:947388): avc: denied { getattr } for path="/proc/28" dev="proc" ino=907278 scontext=u:r:untrusted_app:s0:c512,c768 tcontext=u:r:kernel:s0 tclass=dir permissive=0

03-08 10:53:10.037 29006 29006 W AppWatcher: type=1400 audit(0.0:947389): avc: denied { getattr } for path="/proc/29" dev="proc" ino=907279 scontext=u:r:untrusted_app:s0:c512,c768 tcontext=u:r:kernel:s0 tclass=dir permissive=0

03-08 10:53:10.037 29006 29006 W AppWatcher: type=1400 audit(0.0:947390): avc: denied { getattr } for path="/proc/30" dev="proc" ino=907280 scontext=u:r:untrusted_app:s0:c512,c768 tcontext=u:r:kernel:s0 tclass=dir permissive=0

03-08 10:53:10.037 29006 29006 W AppWatcher: type=1400 audit(0.0:947391): avc: denied { getattr } for path="/proc/32" dev="proc" ino=907281 scontext=u:r:untrusted_app:s0:c512,c768 tcontext=u:r:kernel:s0 tclass=dir permissive=0

03-08 10:53:10.037 29006 29006 W AppWatcher: type=1400 audit(0.0:947392): avc: denied { getattr } for path="/proc/33" dev="proc" ino=907282 scontext=u:r:untrusted_app:s0:c512,c768 tcontext=u:r:kernel:s0 tclass=dir permissive=0

03-08 10:53:10.037 29006 29006 W AppWatcher: type=1400 audit(0.0:947393): avc: denied { getattr } for path="/proc/34" dev="proc" ino=907283 scontext=u:r:untrusted_app:s0:c512,c768 tcontext=u:r:kernel:s0 tclass=dir permissive=0

03-08 10:53:10.037 29006 29006 W AppWatcher: type=1400 audit(0.0:947394): avc: denied { getattr } for path="/proc/61" dev="proc" ino=907284 scontext=u:r:untrusted_app:s0:c512,c768 tcontext=u:r:kernel:s0 tclass=dir permissive=0

03-08 10:53:10.037 29006 29006 W AppWatcher: type=1400 audit(0.0:947395): avc: denied { getattr } for path="/proc/62" dev="proc" ino=907285 scontext=u:r:untrusted_app:s0:c512,c768 tcontext=u:r:kernel:s0 tclass=dir permissive=0

03-08 10:53:10.037 29006 29006 W AppWatcher: type=1400 audit(0.0:947396): avc: denied { getattr } for path="/proc/63" dev="proc" ino=907286 scontext=u:r:untrusted_app:s0:c512,c768 tcontext=u:r:kernel:s0 tclass=dir permissive=0

03-08 10:53:10.037 29006 29006 W AppWatcher: type=1400 audit(0.0:947397): avc: denied { getattr } for path="/proc/64" dev="proc" ino=907287 scontext=u:r:untrusted_app:s0:c512,c768 tcontext=u:r:kernel:s0 tclass=dir permissive=0

03-08 10:53:10.047 29006 29006 W AppWatcher: type=1400 audit(0.0:947398): avc: denied { getattr } for path="/proc/65" dev="proc" ino=907288 scontext=u:r:untrusted_app:s0:c512,c768 tcontext=u:r:kernel:s0 tclass=dir permissive=0

03-08 10:53:10.047 29006 29006 W AppWatcher: type=1400 audit(0.0:947399): avc: denied { getattr } for path="/proc/66" dev="proc" ino=907289 scontext=u:r:untrusted_app:s0:c512,c768 tcontext=u:r:kernel:s0 tclass=dir permissive=0

03-08 10:53:10.047 29006 29006 W AppWatcher: type=1400 audit(0.0:947400): avc: denied { getattr } for path="/proc/67" dev="proc" ino=907290 scontext=u:r:untrusted_app:s0:c512,c768 tcontext=u:r:kernel:s0 tclass=dir permissive=0

03-08 10:53:10.047 29006 29006 W AppWatcher: type=1400 audit(0.0:947401): avc: denied { getattr } for path="/proc/68" dev="proc" ino=907291 scontext=u:r:untrusted_app:s0:c512,c768 tcontext=u:r:kernel:s0 tclass=dir permissive=0

03-08 10:53:10.047 29006 29006 W AppWatcher: type=1400 audit(0.0:947402): avc: denied { getattr } for path="/proc/69" dev="proc" ino=907292 scontext=u:r:untrusted_app:s0:c512,c768 tcontext=u:r:kernel:s0 tclass=dir permissive=0

03-08 10:53:10.047 29006 29006 W AppWatcher: type=1400 audit(0.0:947403): avc: denied { getattr } for path="/proc/70" dev="proc" ino=907293 scontext=u:r:untrusted_app:s0:c512,c768 tcontext=u:r:kernel:s0 tclass=dir permissive=0

03-08 10:53:10.047 29006 29006 W AppWatcher: type=1400 audit(0.0:947404): avc: denied { getattr } for path="/proc/71" dev="proc" ino=907294 scontext=u:r:untrusted_app:s0:c512,c768 tcontext=u:r:kernel:s0 tclass=dir permissive=0

03-08 10:53:10.047 29006 29006 W AppWatcher: type=1400 audit(0.0:947405): avc: denied { getattr } for path="/proc/72" dev="proc" ino=907295 scontext=u:r:untrusted_app:s0:c512,c768 tcontext=u:r:kernel:s0 tclass=dir permissive=0

03-08 10:53:10.047 29006 29006 W AppWatcher: type=1400 audit(0.0:947406): avc: denied { getattr } for path="/proc/73" dev="proc" ino=907296 scontext=u:r:untrusted_app:s0:c512,c768 tcontext=u:r:kernel:s0 tclass=dir permissive=0

03-08 10:53:10.091  5352  9829 D FrozenAppController: FrozenAPP, is HasProcessOOMTooLow

03-08 10:53:10.091  5352  9829 D FrozenAppController: >>> event = 22 >>> state = 0 uid 10120

03-08 10:53:10.091  5352  9829 V FrozenAppController:     >>>>  MSG_FROZEN_APP : { uid: 10120 mState:0 mEvent:22 mIsForeground:false mLocationPolicy:255}

03-08 10:53:10.100   372   476 I ThermalEngine: Sensor:batt_temp:320 mC

03-08 10:53:11.101   372   476 I ThermalEngine: Sensor:batt_temp:320 mC

03-08 10:53:11.607  4099  5103 I XiaomiFirewall: firewall pkgName:com.orvibo.homemate, result:0x0

03-08 10:53:11.743  1923  1923 E JavaBinder: !!! FAILED BINDER TRANSACTION !!!  (parcel size = 104)

03-08 10:53:11.908 26902 26918 W Settings: Setting airplane_mode_on has moved from android.provider.Settings.System to android.provider.Settings.Global, returning read-only value.

03-08 10:53:11.917  4099  5103 I XiaomiFirewall: firewall pkgName:com.baidu.BaiduMap, result:0x0

03-08 10:53:12.102   372   476 I ThermalEngine: Sensor:batt_temp:320 mC

03-08 10:53:12.224  6869 24532 D MSF.C.NetConnTag: netRecv ssoSeq:-1559215344 uin:*2908 cmd:-316037937 -1559214113

03-08 10:53:12.273  2859  2922 D Q.msg.TroopMsgProxy: insertToList MessageRecord=friendUin:1835senderuin:3945,istroop:1,msgType:-1035,time:1488941592,shmsgseq:209746

03-08 10:53:12.279  2859  2922 D Q.unread.ProxyUnreadMonitor: insertOrUpdateUnread update=--ConversationInfo--,shortUin:*1835,type:1,lastread:204096,unreadCount:5642,unreadGiftCount:0,unreadRedPacketCount:0,unreadMark:0

03-08 10:53:12.344  2859  2922 D Q.msg.QQMessageFacadeUnreadMonitor: Recent Msg Unread: (0,0,43) (9980,9000,0) (9953,7230,4) (9992,7000,0) 

03-08 10:53:12.362  2859 18538 D ProxyIpManagerImpl: Load local proxy ip failed, uin:*2908 type: 3 reason: not mobile network!

03-08 10:53:12.367  2859 18538 D TicketManager: get ticket succ, stKey!

03-08 10:53:12.372  2859 18538 D TicketManager: get ticket succ, st!

03-08 10:53:12.506 18065 18132 D UTAnalytics:CommitTask: pid:18065 check&commit event:65502,

03-08 10:53:12.506 18065 18135 D UTAnalytics:CommitTask: pid:18065 check&commit event:65501,

03-08 10:53:12.509 18065 18132 D UTAnalytics:CommitTask: pid:18065 next:65502,

03-08 10:53:12.509 18065 18132 D UTAnalytics:CommitTask: pid:18065 check&commit event:65503,

03-08 10:53:12.509 18065 18132 D UTAnalytics:CommitTask: pid:18065 next:65503,

03-08 10:53:12.510 18065 18132 D UTAnalytics:UTUtil: pid:18065 upload without flowback. args:{ARG1=feedback, counterData={"meta":{"sdk-version":"2.5.1_for_bc"},"data":[{"page":"feedback","monitorPoint":"getUnreadCountSuccess","count":2,"value":0}]}, USERNICK=, ARG2=getUnreadCountSuccess, EVENTID=65502, USERID=, ACCESS=Wi-Fi, ACCESS_SUBTYPE=Unknown},

03-08 10:53:12.511 18065 18132 D UTAnalytics:null: pid:18065 [sendToUT]: args:{ARG1=feedback, counterData={"meta":{"sdk-version":"2.5.1_for_bc"},"data":[{"page":"feedback","monitorPoint":"getUnreadCountSuccess","count":2,"value":0}]}, USERNICK=, ARG2=getUnreadCountSuccess, EVENTID=65502, USERID=, ACCESS=Wi-Fi, ACCESS_SUBTYPE=Unknown},

03-08 10:53:12.511 18065 18132 D UTAnalytics:UTDC: pid:18065 [commit] page:eventId:65502,arg1:feedback,arg2:getUnreadCountSuccess,arg3:args:{ARG1=feedback, counterData={"meta":{"sdk-version":"2.5.1_for_bc"},"data":[{"page":"feedback","monitorPoint":"getUnreadCountSuccess","count":2,"value":0}]}, USERNICK=, ARG2=getUnreadCountSuccess, EVENTID=65502, USERID=, ACCESS=Wi-Fi, ACCESS_SUBTYPE=Unknown},

03-08 10:53:12.512 18065 18135 D UTAnalytics:CommitTask: pid:18065 next:65501,

03-08 10:53:12.525 18065 18132 D UTAnalytics:UTLog: pid:18065 Log [id=0, eventId=65502, index=],867451020054497||WL4Uxp3/0mBYvRluo5uk/g==||Xiaomi||MI NOTE LTE||1920*1080||Unknown||Wi-Fi||Unknown||null||23256401||2.3.0.200||-||-||-||-||zh||a||6.0.1||2.5.1_for_bc||1488941567492||WJfwe+sntC4DAAdSBLpxQDCW||mini||-||-||-||-||_ap=1_mac=02:00:00:00:00:00||1488941592511||-||65502||feedback||getUnreadCountSuccess||-||counterData={"meta":{"sdk-version":"2.5.1_for_bc"},"data":[{"page":"feedback","monitorPoint":"getUnreadCountSuccess","count":2,"value":0}]},

03-08 10:53:12.525 18065 18132 D UTAnalytics:LogStoreMgr: pid:18065 [add] :,

03-08 10:53:12.879  4269  4269 D wpa_supplicant: wlan0: Control interface command 'SIGNAL_POLL'

03-08 10:53:12.894  4269  4269 D wpa_supplicant: CTRL-DEBUG: global_ctrl_sock-sendto: sock=11 sndbuf=163840 outq=0 send_len=48

03-08 10:53:12.956  4269  4269 D wpa_supplicant: nl80211: Event message available

03-08 10:53:12.956  4269  4269 D wpa_supplicant: nl80211: Drv Event 34 (NL80211_CMD_NEW_SCAN_RESULTS) received for wlan0

03-08 10:53:12.956  4269  4269 D wpa_supplicant: wlan0: nl80211: New scan results available

03-08 10:53:12.956  4269  4269 D wpa_supplicant: nl80211: Scan included frequencies: 2412 2417 2422 2427 2432 2437 2442 2447 2452 2457 2462 2467 2472 5180 5200 5220 5240 5260 5280 5300 5320 5500 5520 5540 5560 5580 5600 5620 5640 5660 5680 5700 5745 5765 5785 5805 5825

03-08 10:53:12.956  4269  4269 D wpa_supplicant: wlan0: Event SCAN_RESULTS (3) received

03-08 10:53:12.956  4269  4269 D wpa_supplicant: wlan0: Scan completed in 4.078113 seconds

03-08 10:53:12.956  4269  4269 D wpa_supplicant: nl80211: Associated on 2422 MHz

03-08 10:53:12.956  4269  4269 D wpa_supplicant: nl80211: Associated with c0:3d:46:00:1a:5a

03-08 10:53:12.956  4269  4269 D wpa_supplicant: nl80211: Received scan results (31 BSSes)

03-08 10:53:12.956  4269  4269 D wpa_supplicant: nl80211: Scan results indicate BSS status with c0:3d:46:00:1a:5a as associated

03-08 10:53:12.956  4269  4269 D wpa_supplicant: wlan0: BSS: Start scan result update 8873

03-08 10:53:12.957  4269  4269 D wpa_supplicant: wlan0: BSS: Add new id 26633 BSSID 24:69:68:b1:36:12 SSID 'bin'

03-08 10:53:12.957  4269  4269 D wpa_supplicant: CTRL-DEBUG: ctrl_sock-sendmsg: sock=11 sndbuf=163840 outq=0 send_len=44

03-08 10:53:12.957  4269  4269 D wpa_supplicant: CTRL_IFACE monitor sent successfully to /data/misc/wifi/sockets/wpa_ctrl_1923-2\x00

03-08 10:53:12.957  4269  4269 D wpa_supplicant: wlan0: BSS: Add new id 26634 BSSID b8:f8:83:ee:be:7b SSID 'HostGroup-InnerNet'

03-08 10:53:12.957  4269  4269 D wpa_supplicant: CTRL-DEBUG: ctrl_sock-sendmsg: sock=11 sndbuf=163840 outq=448 send_len=44

03-08 10:53:12.957  4269  4269 D wpa_supplicant: CTRL_IFACE monitor sent successfully to /data/misc/wifi/sockets/wpa_ctrl_1923-2\x00

03-08 10:53:12.957  4269  4269 D wpa_supplicant: wlan0: BSS: Add new id 26635 BSSID 6c:e8:73:b2:5f:c0 SSID 'Base_ID_111'

03-08 10:53:12.957  4269  4269 D wpa_supplicant: CTRL-DEBUG: ctrl_sock-sendmsg: sock=11 sndbuf=163840 outq=896 send_len=44

03-08 10:53:12.957  4269  4269 D wpa_supplicant: CTRL_IFACE monitor sent successfully to /data/misc/wifi/sockets/wpa_ctrl_1923-2\x00

03-08 10:53:12.957  4269  4269 D wpa_supplicant: wlan0: BSS: Add new id 26636 BSSID e0:10:7f:0c:0b:98 SSID 'ORVIBO'

03-08 10:53:12.957  4269  4269 D wpa_supplicant: CTRL-DEBUG: ctrl_sock-sendmsg: sock=11 sndbuf=163840 outq=1344 send_len=44

03-08 10:53:12.957  4269  4269 D wpa_supplicant: CTRL_IFACE monitor sent successfully to /data/misc/wifi/sockets/wpa_ctrl_1923-2\x00

03-08 10:53:12.957  4269  4269 D wpa_supplicant: wlan0: BSS: Add new id 26637 BSSID 10:bd:18:09:51:6d SSID 'iOS-NW'

03-08 10:53:12.957  4269  4269 D wpa_supplicant: CTRL-DEBUG: ctrl_sock-sendmsg: sock=11 sndbuf=163840 outq=1792 send_len=44

03-08 10:53:12.957  4269  4269 D wpa_supplicant: CTRL_IFACE monitor sent successfully to /data/misc/wifi/sockets/wpa_ctrl_1923-2\x00

03-08 10:53:12.957  4269  4269 D wpa_supplicant: wlan0: BSS: Add new id 26638 BSSID 64:09:80:51:3f:75 SSID 'FuckMe_5G'

03-08 10:53:12.957  4269  4269 D wpa_supplicant: CTRL-DEBUG: ctrl_sock-sendmsg: sock=11 sndbuf=163840 outq=2240 send_len=44

03-08 10:53:12.957  4269  4269 D wpa_supplicant: CTRL_IFACE monitor sent successfully to /data/misc/wifi/sockets/wpa_ctrl_1923-2\x00

03-08 10:53:12.958  4269  4269 D wpa_supplicant: wlan0: BSS: Add new id 26639 BSSID e0:10:7f:4b:e9:f8 SSID 'WX-ORVIBO-Guest'

03-08 10:53:12.958  4269  4269 D wpa_supplicant: CTRL-DEBUG: ctrl_sock-sendmsg: sock=11 sndbuf=163840 outq=2688 send_len=44

03-08 10:53:12.958  4269  4269 D wpa_supplicant: CTRL_IFACE monitor sent successfully to /data/misc/wifi/sockets/wpa_ctrl_1923-2\x00

03-08 10:53:12.958  4269  4269 D wpa_supplicant: wlan0: BSS: Remove id 26613 BSSID 42:fc:68:f5:6c:ff SSID 'HostGroupGuest' due to no match in scan

03-08 10:53:12.958  4269  4269 D wpa_supplicant: CTRL-DEBUG: ctrl_sock-sendmsg: sock=11 sndbuf=163840 outq=3136 send_len=46

03-08 10:53:12.958  4269  4269 D wpa_supplicant: CTRL_IFACE monitor sent successfully to /data/misc/wifi/sockets/wpa_ctrl_1923-2\x00

03-08 10:53:12.958  4269  4269 D wpa_supplicant: wlan0: BSS: Remove id 26623 BSSID cc:81:da:c4:ad:a0 SSID '50.1-qian' due to no match in scan

03-08 10:53:12.958  4269  4269 D wpa_supplicant: CTRL-DEBUG: ctrl_sock-sendmsg: sock=11 sndbuf=163840 outq=3584 send_len=46

03-08 10:53:12.958  4269  4269 D wpa_supplicant: CTRL_IFACE monitor sent successfully to /data/misc/wifi/sockets/wpa_ctrl_1923-2\x00

03-08 10:53:12.958  4269  4269 D wpa_supplicant: wlan0: BSS: Remove id 26624 BSSID 08:10:77:61:24:3e SSID 'er1' due to no match in scan

03-08 10:53:12.958  4269  4269 D wpa_supplicant: CTRL-DEBUG: ctrl_sock-sendmsg: sock=11 sndbuf=163840 outq=4032 send_len=46

03-08 10:53:12.958  4269  4269 D wpa_supplicant: CTRL_IFACE monitor sent successfully to /data/misc/wifi/sockets/wpa_ctrl_1923-2\x00

03-08 10:53:12.958  4269  4269 D wpa_supplicant: wlan0: BSS: Remove id 26621 BSSID 00:0c:43:76:20:b0 SSID 'OpenWrt' due to no match in scan

03-08 10:53:12.958  4269  4269 D wpa_supplicant: CTRL-DEBUG: ctrl_sock-sendmsg: sock=11 sndbuf=163840 outq=4480 send_len=46

03-08 10:53:12.958  4269  4269 D wpa_supplicant: CTRL_IFACE monitor sent successfully to /data/misc/wifi/sockets/wpa_ctrl_1923-2\x00

03-08 10:53:12.958  4269  4269 D wpa_supplicant: BSS: last_scan_res_used=31/64

03-08 10:53:12.958  4269  4269 D wpa_supplicant: wlan0: Scan-only results received

03-08 10:53:12.958  4269  4269 D wpa_supplicant: CTRL-DEBUG: ctrl_sock-sendmsg: sock=11 sndbuf=163840 outq=4928 send_len=24

03-08 10:53:12.958  4269  4269 D wpa_supplicant: CTRL_IFACE monitor sent successfully to /data/misc/wifi/sockets/wpa_ctrl_1923-2\x00

03-08 10:53:12.958  4269  4269 D wpa_supplicant: wlan0: Radio work 'scan'@0xb6919398 done in 4.094668 seconds

03-08 10:53:12.967  4269  4269 D wpa_supplicant: RTM_NEWLINK: ifi_index=22 ifname=wlan0 wext ifi_family=0 ifi_flags=0x11043 ([UP][RUNNING][LOWER_UP])

03-08 10:53:12.978  4269  4269 D wpa_supplicant: CTRL-DEBUG: global_ctrl_sock-sendto: sock=11 sndbuf=163840 outq=0 send_len=3995

03-08 10:53:12.979   433   644 W XTCC-5.1.0.8: [WifiScanner] WiFi scan result : [27] AP's

03-08 10:53:12.984  4269  4269 D wpa_supplicant: CTRL-DEBUG: global_ctrl_sock-sendto: sock=11 sndbuf=163840 outq=0 send_len=3849

03-08 10:53:12.989  4269  4269 D wpa_supplicant: CTRL-DEBUG: global_ctrl_sock-sendto: sock=11 sndbuf=163840 outq=0 send_len=3837

03-08 10:53:12.993  4269  4269 D wpa_supplicant: CTRL-DEBUG: global_ctrl_sock-sendto: sock=11 sndbuf=163840 outq=0 send_len=3689

03-08 10:53:12.997  4269  4269 D wpa_supplicant: CTRL-DEBUG: global_ctrl_sock-sendto: sock=11 sndbuf=163840 outq=0 send_len=3821

03-08 10:53:13.000  4269  4269 D wpa_supplicant: CTRL-DEBUG: global_ctrl_sock-sendto: sock=11 sndbuf=163840 outq=0 send_len=3590

03-08 10:53:13.004  4269  4269 D wpa_supplicant: CTRL-DEBUG: global_ctrl_sock-sendto: sock=11 sndbuf=163840 outq=0 send_len=3648

03-08 10:53:13.006  4269  4269 D wpa_supplicant: CTRL-DEBUG: global_ctrl_sock-sendto: sock=11 sndbuf=163840 outq=0 send_len=567

03-08 10:53:13.094  4269  4269 D wpa_supplicant: EAPOL: EAP Session-Id not available

03-08 10:53:13.094  4269  4269 D wpa_supplicant: CTRL-DEBUG: global_ctrl_sock-sendto: sock=11 sndbuf=163840 outq=0 send_len=278

03-08 10:53:13.104   372   476 I ThermalEngine: Sensor:batt_temp:320 mC

03-08 10:53:13.112  4188 28792 I StepsProvider: Steps Provider Query

03-08 10:53:13.139 26390 26435 E WifiScanHomelog: start process end time - 26

03-08 10:53:13.145 26390 27008 E WifiDeviceFinder: start process end time - 37

03-08 10:53:13.218  4188  4327 W WtProcessController: do not trim { PackageName :com.miui.home Pid: 4270 Uid: 10019 Start by: unknown Score:50 Old score:50 state:0 mBackgroundTimeInMillis:1488941565993 WakelockCount:0 wakelogsize:0  ActivityDestroied:false Activity size: 1 PackageInfo:{WhetstonePackageInfo#PacakgeName:com.miui.home uid:10019 uiMemoryThresold:0 nonUiMemoryThresold:0 Flag:-2147483392,0x80000100 [,APP_SYSTEM] Type:0[] } tasknum:6825}

03-08 10:53:13.238  4188  4327 W WtProcessController: do not trim { PackageName :com.orvibo.homemate Pid: 18158 Uid: 10133 Start by: service Score:50 Old score:50 state:0 mBackgroundTimeInMillis:1488941585604 WakelockCount:0 wakelogsize:0  ActivityDestroied:false Activity size: 0 PackageInfo:{WhetstonePackageInfo#PacakgeName:com.orvibo.homemate uid:10133 uiMemoryThresold:0 nonUiMemoryThresold:0 Flag:5184,0x1440 [,TRIMHEAPS,SOFT_RESET,FLAG_DEAL_SCHEDULE] Type:0[] } tasknum:-1}

03-08 10:53:13.756  1923  1923 E JavaBinder: !!! FAILED BINDER TRANSACTION !!!  (parcel size = 104)

03-08 10:53:14.105   372   476 I ThermalEngine: Sensor:batt_temp:320 mC

03-08 10:53:14.106  6869  6988 W Settings: Setting airplane_mode_on has moved from android.provider.Settings.System to android.provider.Settings.Global, returning read-only value.

03-08 10:53:14.107  6869  6988 W beacon  : onUserAction return false, because eventName:[MixedMsgReceived] is not allowed in server strategy!

03-08 10:53:14.108  6869  6988 W Settings: Setting airplane_mode_on has moved from android.provider.Settings.System to android.provider.Settings.Global, returning read-only value.

03-08 10:53:14.109  6869  6988 W beacon  : onUserAction return false, because eventName:[actDnsReq] is not allowed in server strategy!

03-08 10:53:14.110  6869  6988 W Settings: Setting airplane_mode_on has moved from android.provider.Settings.System to android.provider.Settings.Global, returning read-only value.

03-08 10:53:14.111  6869  6988 W beacon  : onUserAction return false, because eventName:[actGroupPicSmallDownV1] is not allowed in server strategy!

03-08 10:53:15.106   372   476 I ThermalEngine: Sensor:batt_temp:320 mC

03-08 10:53:15.899  4269  4269 D wpa_supplicant: wlan0: Control interface command 'SIGNAL_POLL'

03-08 10:53:15.914  4269  4269 D wpa_supplicant: CTRL-DEBUG: global_ctrl_sock-sendto: sock=11 sndbuf=163840 outq=0 send_len=48

03-08 10:53:16.108   372   476 I ThermalEngine: Sensor:batt_temp:320 mC

03-08 10:53:16.772 18065 18113 D NAT     : SYMMETRIC_NAT

03-08 10:53:16.773 18065 18113 D NAT     : call void method before

03-08 10:53:16.773 18065 18113 D NAT     : call void method after

03-08 10:53:16.783  1923  1923 E JavaBinder: !!! FAILED BINDER TRANSACTION !!!  (parcel size = 104)

03-08 10:53:17.109   372   476 I ThermalEngine: Sensor:batt_temp:320 mC

03-08 10:53:17.364  1923  2085 I UsageStatsService: User[0] Flushing usage stats to disk

03-08 10:53:17.533 18065 18135 D UTAnalytics:LogStoreMgr: pid:18065 [store],

03-08 10:53:17.543 18065 18135 D UTAnalytics:UTSqliteLogStore: pid:18065 [insert] ,, isSuccess:true,ret,1332,

03-08 10:53:17.789  1923  1923 E JavaBinder: !!! FAILED BINDER TRANSACTION !!!  (parcel size = 104)

03-08 10:53:18.110   372   476 I ThermalEngine: Sensor:batt_temp:320 mC

03-08 10:53:18.920  4269  4269 D wpa_supplicant: wlan0: Control interface command 'SIGNAL_POLL'

03-08 10:53:18.935  4269  4269 D wpa_supplicant: CTRL-DEBUG: global_ctrl_sock-sendto: sock=11 sndbuf=163840 outq=0 send_len=48

03-08 10:53:19.112   372   476 I ThermalEngine: Sensor:batt_temp:320 mC

03-08 10:53:19.814  1923  1923 E JavaBinder: !!! FAILED BINDER TRANSACTION !!!  (parcel size = 104)

03-08 10:53:20.113   372   476 I ThermalEngine: Sensor:batt_temp:320 mC

03-08 10:53:20.247 29006 29006 W AppWatcher: type=1400 audit(0.0:947644): avc: denied { getattr } for path="/proc/opalum-temp-calib" dev="proc" ino=4026534634 scontext=u:r:untrusted_app:s0:c512,c768 tcontext=u:object_r:proc_opalum:s0 tclass=file permissive=0

03-08 10:53:20.247 29006 29006 W AppWatcher: type=1400 audit(0.0:947645): avc: denied { getattr } for path="/proc/opalum-f0-calib" dev="proc" ino=4026534633 scontext=u:r:untrusted_app:s0:c512,c768 tcontext=u:object_r:proc_opalum:s0 tclass=file permissive=0

03-08 10:53:20.247 29006 29006 W AppWatcher: type=1400 audit(0.0:947646): avc: denied { getattr } for path="/proc/sysrq-trigger" dev="proc" ino=4026533735 scontext=u:r:untrusted_app:s0:c512,c768 tcontext=u:object_r:proc_sysrq:s0 tclass=file permissive=0

03-08 10:53:20.257 29006 29006 W AppWatcher: type=1400 audit(0.0:947647): avc: denied { getattr } for path="/proc/1" dev="proc" ino=907269 scontext=u:r:untrusted_app:s0:c512,c768 tcontext=u:r:init:s0 tclass=dir permissive=0

03-08 10:53:20.257 29006 29006 W AppWatcher: type=1400 audit(0.0:947648): avc: denied { getattr } for path="/proc/2" dev="proc" ino=907270 scontext=u:r:untrusted_app:s0:c512,c768 tcontext=u:r:kernel:s0 tclass=dir permissive=0

03-08 10:53:20.257 29006 29006 W AppWatcher: type=1400 audit(0.0:947649): avc: denied { getattr } for path="/proc/3" dev="proc" ino=907271 scontext=u:r:untrusted_app:s0:c512,c768 tcontext=u:r:kernel:s0 tclass=dir permissive=0

03-08 10:53:20.267 29006 29006 W AppWatcher: type=1400 audit(0.0:947650): avc: denied { getattr } for path="/proc/6" dev="proc" ino=907272 scontext=u:r:untrusted_app:s0:c512,c768 tcontext=u:r:kernel:s0 tclass=dir permissive=0

03-08 10:53:20.267 29006 29006 W AppWatcher: type=1400 audit(0.0:947651): avc: denied { getattr } for path="/proc/7" dev="proc" ino=907273 scontext=u:r:untrusted_app:s0:c512,c768 tcontext=u:r:kernel:s0 tclass=dir permissive=0

03-08 10:53:20.267 29006 29006 W AppWatcher: type=1400 audit(0.0:947652): avc: denied { getattr } for path="/proc/8" dev="proc" ino=907274 scontext=u:r:untrusted_app:s0:c512,c768 tcontext=u:r:kernel:s0 tclass=dir permissive=0

03-08 10:53:20.267 29006 29006 W AppWatcher: type=1400 audit(0.0:947653): avc: denied { getattr } for path="/proc/21" dev="proc" ino=907275 scontext=u:r:untrusted_app:s0:c512,c768 tcontext=u:r:kernel:s0 tclass=dir permissive=0

03-08 10:53:20.267 29006 29006 W AppWatcher: type=1400 audit(0.0:947654): avc: denied { getattr } for path="/proc/22" dev="proc" ino=907276 scontext=u:r:untrusted_app:s0:c512,c768 tcontext=u:r:kernel:s0 tclass=dir permissive=0

03-08 10:53:20.267 29006 29006 W AppWatcher: type=1400 audit(0.0:947655): avc: denied { getattr } for path="/proc/28" dev="proc" ino=907278 scontext=u:r:untrusted_app:s0:c512,c768 tcontext=u:r:kernel:s0 tclass=dir permissive=0

03-08 10:53:20.267 29006 29006 W AppWatcher: type=1400 audit(0.0:947656): avc: denied { getattr } for path="/proc/29" dev="proc" ino=907279 scontext=u:r:untrusted_app:s0:c512,c768 tcontext=u:r:kernel:s0 tclass=dir permissive=0

03-08 10:53:20.267 29006 29006 W AppWatcher: type=1400 audit(0.0:947657): avc: denied { getattr } for path="/proc/30" dev="proc" ino=907280 scontext=u:r:untrusted_app:s0:c512,c768 tcontext=u:r:kernel:s0 tclass=dir permissive=0

03-08 10:53:20.267 29006 29006 W AppWatcher: type=1400 audit(0.0:947658): avc: denied { getattr } for path="/proc/32" dev="proc" ino=907281 scontext=u:r:untrusted_app:s0:c512,c768 tcontext=u:r:kernel:s0 tclass=dir permissive=0

03-08 10:53:20.267 29006 29006 W AppWatcher: type=1400 audit(0.0:947659): avc: denied { getattr } for path="/proc/33" dev="proc" ino=907282 scontext=u:r:untrusted_app:s0:c512,c768 tcontext=u:r:kernel:s0 tclass=dir permissive=0

03-08 10:53:20.267 29006 29006 W AppWatcher: type=1400 audit(0.0:947660): avc: denied { getattr } for path="/proc/34" dev="proc" ino=907283 scontext=u:r:untrusted_app:s0:c512,c768 tcontext=u:r:kernel:s0 tclass=dir permissive=0

03-08 10:53:20.267 29006 29006 W AppWatcher: type=1400 audit(0.0:947661): avc: denied { getattr } for path="/proc/61" dev="proc" ino=907284 scontext=u:r:untrusted_app:s0:c512,c768 tcontext=u:r:kernel:s0 tclass=dir permissive=0

03-08 10:53:20.267 29006 29006 W AppWatcher: type=1400 audit(0.0:947662): avc: denied { getattr } for path="/proc/62" dev="proc" ino=907285 scontext=u:r:untrusted_app:s0:c512,c768 tcontext=u:r:kernel:s0 tclass=dir permissive=0

03-08 10:53:20.267 29006 29006 W AppWatcher: type=1400 audit(0.0:947663): avc: denied { getattr } for path="/proc/63" dev="proc" ino=907286 scontext=u:r:untrusted_app:s0:c512,c768 tcontext=u:r:kernel:s0 tclass=dir permissive=0

03-08 10:53:21.115   372   476 I ThermalEngine: Sensor:batt_temp:320 mC

03-08 10:53:21.832  1923  1923 E JavaBinder: !!! FAILED BINDER TRANSACTION !!!  (parcel size = 104)

03-08 10:53:21.942  4269  4269 D wpa_supplicant: wlan0: Control interface command 'SIGNAL_POLL'

03-08 10:53:21.946  4269  4269 D wpa_supplicant: CTRL-DEBUG: global_ctrl_sock-sendto: sock=11 sndbuf=163840 outq=0 send_len=48

03-08 10:53:22.117   372   476 I ThermalEngine: Sensor:batt_temp:320 mC

03-08 10:53:22.847  1923  1923 E JavaBinder: !!! FAILED BINDER TRANSACTION !!!  (parcel size = 104)

03-08 10:53:23.119   372   476 I ThermalEngine: Sensor:batt_temp:320 mC

03-08 10:53:23.166  1923  3680 D WifiStateMachine: starting scan for "18.1_neiwang"-WPA_PSK with 5745,2422

03-08 10:53:23.166  4269  4269 D wpa_supplicant: wlan0: Control interface command 'SCAN TYPE=ONLY freq=5745,2422'

03-08 10:53:23.167  4269  4269 D wpa_supplicant: wlan0: Setting scan request: 0.000000 sec

03-08 10:53:23.167  4269  4269 D wpa_supplicant: CTRL-DEBUG: global_ctrl_sock-sendto: sock=11 sndbuf=163840 outq=0 send_len=3

03-08 10:53:23.167  4269  4269 D wpa_supplicant: wlan0: Starting AP scan for wildcard SSID

03-08 10:53:23.167  4269  4269 D wpa_supplicant: wlan0: Limit manual scan to specified channels

03-08 10:53:23.167  4269  4269 D wpa_supplicant: wlan0: Add radio work 'scan'@0xb6919398

03-08 10:53:23.167  4269  4269 D wpa_supplicant: wlan0: First radio work item in the queue - schedule start immediately

03-08 10:53:23.167  4269  4269 D wpa_supplicant: wlan0: Starting radio work 'scan'@0xb6919398 after 0.000114 second wait

03-08 10:53:23.167  4269  4269 D wpa_supplicant: wlan0: nl80211: scan request

03-08 10:53:23.167  4269  4269 D wpa_supplicant: nl80211: Scan SSID - hexdump(len=0): [NULL]

03-08 10:53:23.168  4269  4269 D wpa_supplicant: nl80211: Scan extra IEs - hexdump(len=7): 7f 05 00 00 0a 02 01

03-08 10:53:23.168  4269  4269 D wpa_supplicant: nl80211: Scan frequency 2422 MHz

03-08 10:53:23.168  4269  4269 D wpa_supplicant: nl80211: Scan frequency 5745 MHz

03-08 10:53:23.183  4269  4269 D wpa_supplicant: Scan requested (ret=0) - scan timeout 30 seconds

03-08 10:53:23.183  4269  4269 D wpa_supplicant: nl80211: Event message available

03-08 10:53:23.183  4269  4269 D wpa_supplicant: nl80211: Drv Event 33 (NL80211_CMD_TRIGGER_SCAN) received for wlan0

03-08 10:53:23.184  4269  4269 D wpa_supplicant: wlan0: nl80211: Scan trigger

03-08 10:53:23.184  4269  4269 D wpa_supplicant: wlan0: Event SCAN_STARTED (47) received

03-08 10:53:23.184  4269  4269 D wpa_supplicant: wlan0: Own scan request started a scan in 0.000317 seconds

03-08 10:53:23.184  4269  4269 D wpa_supplicant: CTRL-DEBUG: ctrl_sock-sendmsg: sock=11 sndbuf=163840 outq=0 send_len=24

03-08 10:53:23.184  4269  4269 D wpa_supplicant: CTRL_IFACE monitor sent successfully to /data/misc/wifi/sockets/wpa_ctrl_1923-2\x00

03-08 10:53:23.306  4269  4269 D wpa_supplicant: nl80211: Event message available

03-08 10:53:23.306  4269  4269 D wpa_supplicant: nl80211: Drv Event 34 (NL80211_CMD_NEW_SCAN_RESULTS) received for wlan0

03-08 10:53:23.306  4269  4269 D wpa_supplicant: wlan0: nl80211: New scan results available

03-08 10:53:23.306  4269  4269 D wpa_supplicant: nl80211: Scan included frequencies: 2422 5745

03-08 10:53:23.306  4269  4269 D wpa_supplicant: wlan0: Event SCAN_RESULTS (3) received

03-08 10:53:23.307  4269  4269 D wpa_supplicant: wlan0: Scan completed in 0.122837 seconds

03-08 10:53:23.307  4269  4269 D wpa_supplicant: nl80211: Associated on 2422 MHz

03-08 10:53:23.307  4269  4269 D wpa_supplicant: nl80211: Associated with c0:3d:46:00:1a:5a

03-08 10:53:23.307  4269  4269 D wpa_supplicant: nl80211: Received scan results (33 BSSes)

03-08 10:53:23.307  4269  4269 D wpa_supplicant: nl80211: Scan results indicate BSS status with c0:3d:46:00:1a:5a as associated

03-08 10:53:23.308  4269  4269 D wpa_supplicant: wlan0: BSS: Start scan result update 8874

03-08 10:53:23.308  4269  4269 D wpa_supplicant: BSS: last_scan_res_used=33/64

03-08 10:53:23.308  4269  4269 D wpa_supplicant: wlan0: Scan-only results received

03-08 10:53:23.308  4269  4269 D wpa_supplicant: CTRL-DEBUG: ctrl_sock-sendmsg: sock=11 sndbuf=163840 outq=0 send_len=24

03-08 10:53:23.317  4269  4269 D wpa_supplicant: CTRL_IFACE monitor sent successfully to /data/misc/wifi/sockets/wpa_ctrl_1923-2\x00

03-08 10:53:23.318  4269  4269 D wpa_supplicant: wlan0: Radio work 'scan'@0xb6919398 done in 0.150231 seconds

03-08 10:53:23.320  4269  4269 D wpa_supplicant: CTRL-DEBUG: global_ctrl_sock-sendto: sock=11 sndbuf=163840 outq=0 send_len=3995

03-08 10:53:23.320  4269  4269 D wpa_supplicant: RTM_NEWLINK: ifi_index=22 ifname=wlan0 wext ifi_family=0 ifi_flags=0x11043 ([UP][RUNNING][LOWER_UP])

03-08 10:53:23.331  4269  4269 D wpa_supplicant: CTRL-DEBUG: global_ctrl_sock-sendto: sock=11 sndbuf=163840 outq=0 send_len=3849

03-08 10:53:23.334  4269  4269 D wpa_supplicant: CTRL-DEBUG: global_ctrl_sock-sendto: sock=11 sndbuf=163840 outq=0 send_len=3837

03-08 10:53:23.337   433   644 W XTCC-5.1.0.8: [WifiScanner] WiFi scan result : [4] AP's

03-08 10:53:23.345  4269  4269 D wpa_supplicant: CTRL-DEBUG: global_ctrl_sock-sendto: sock=11 sndbuf=163840 outq=0 send_len=3689

03-08 10:53:23.348  4269  4269 D wpa_supplicant: CTRL-DEBUG: global_ctrl_sock-sendto: sock=11 sndbuf=163840 outq=0 send_len=3821

03-08 10:53:23.352  4269  4269 D wpa_supplicant: CTRL-DEBUG: global_ctrl_sock-sendto: sock=11 sndbuf=163840 outq=0 send_len=3590

03-08 10:53:23.357  4269  4269 D wpa_supplicant: CTRL-DEBUG: global_ctrl_sock-sendto: sock=11 sndbuf=163840 outq=0 send_len=3648

03-08 10:53:23.358  4269  4269 D wpa_supplicant: CTRL-DEBUG: global_ctrl_sock-sendto: sock=11 sndbuf=163840 outq=0 send_len=567

03-08 10:53:23.444  4269  4269 D wpa_supplicant: EAPOL: EAP Session-Id not available

03-08 10:53:23.444  4269  4269 D wpa_supplicant: CTRL-DEBUG: global_ctrl_sock-sendto: sock=11 sndbuf=163840 outq=0 send_len=278

03-08 10:53:23.953 26902 18530 W System.err: java.net.SocketTimeoutException: failed to connect to loc.map.baidu.com/14.215.177.33 (port 443) after 12000ms

03-08 10:53:23.954 26902 18530 W System.err: 	at libcore.io.IoBridge.connectErrno(IoBridge.java:169)

03-08 10:53:23.954 26902 18530 W System.err: 	at libcore.io.IoBridge.connect(IoBridge.java:122)

03-08 10:53:23.954 26902 18530 W System.err: 	at java.net.PlainSocketImpl.connect(PlainSocketImpl.java:183)

03-08 10:53:23.954 26902 18530 W System.err: 	at java.net.PlainSocketImpl.connect(PlainSocketImpl.java:452)

03-08 10:53:23.954 26902 18530 W System.err: 	at java.net.Socket.connect(Socket.java:884)

03-08 10:53:23.954 26902 18530 W System.err: 	at com.android.okhttp.internal.Platform.connectSocket(Platform.java:117)

03-08 10:53:23.954 26902 18530 W System.err: 	at com.android.okhttp.internal.http.SocketConnector.connectRawSocket(SocketConnector.java:160)

03-08 10:53:23.954 26902 18530 W System.err: 	at com.android.okhttp.internal.http.SocketConnector.connectTls(SocketConnector.java:79)

03-08 10:53:23.954 26902 18530 W System.err: 	at com.android.okhttp.Connection.connect(Connection.java:143)

03-08 10:53:23.954 26902 18530 W System.err: 	at com.android.okhttp.Connection.connectAndSetOwner(Connection.java:185)

03-08 10:53:23.954 26902 18530 W System.err: 	at com.android.okhttp.OkHttpClient$1.connectAndSetOwner(OkHttpClient.java:128)

03-08 10:53:23.955 26902 18530 W System.err: 	at com.android.okhttp.internal.http.HttpEngine.nextConnection(HttpEngine.java:342)

03-08 10:53:23.955 26902 18530 W System.err: 	at com.android.okhttp.internal.http.HttpEngine.connect(HttpEngine.java:331)

03-08 10:53:23.955 26902 18530 W System.err: 	at com.android.okhttp.internal.http.HttpEngine.sendRequest(HttpEngine.java:249)

03-08 10:53:23.955 26902 18530 W System.err: 	at com.android.okhttp.internal.huc.HttpURLConnectionImpl.execute(HttpURLConnectionImpl.java:437)

03-08 10:53:23.955 26902 18530 W System.err: 	at com.android.okhttp.internal.huc.HttpURLConnectionImpl.connect(HttpURLConnectionImpl.java:114)

03-08 10:53:23.955 26902 18530 W System.err: 	at com.android.okhttp.internal.huc.DelegatingHttpsURLConnection.connect(DelegatingHttpsURLConnection.java:89)

03-08 10:53:23.955 26902 18530 W System.err: 	at com.android.okhttp.internal.huc.HttpsURLConnectionImpl.connect(HttpsURLConnectionImpl.java:25)

03-08 10:53:23.955 26902 18530 W System.err: 	at com.baidu.location.h.e$4.run(Unknown Source)

03-08 10:53:23.955 26902 18530 I baidu_location_service: https NetworkCommunicationException!

03-08 10:53:24.036  4099  5103 I XiaomiFirewall: firewall pkgName:com.baidu.BaiduMap, result:0x0

03-08 10:53:24.066  4269  4269 D wpa_supplicant: wlan0: Control interface command 'SCAN TYPE=ONLY'

03-08 10:53:24.066  4269  4269 D wpa_supplicant: wlan0: Setting scan request: 0.000000 sec

03-08 10:53:24.066  4269  4269 D wpa_supplicant: CTRL-DEBUG: global_ctrl_sock-sendto: sock=11 sndbuf=163840 outq=0 send_len=3

03-08 10:53:24.066  4269  4269 D wpa_supplicant: wlan0: Starting AP scan for wildcard SSID

03-08 10:53:24.066  4269  4269 D wpa_supplicant: wlan0: Add radio work 'scan'@0xb6919398

03-08 10:53:24.066  4269  4269 D wpa_supplicant: wlan0: First radio work item in the queue - schedule start immediately

03-08 10:53:24.066  4269  4269 D wpa_supplicant: wlan0: Starting radio work 'scan'@0xb6919398 after 0.000061 second wait

03-08 10:53:24.066  4269  4269 D wpa_supplicant: wlan0: nl80211: scan request

03-08 10:53:24.066  4269  4269 D wpa_supplicant: nl80211: Scan SSID - hexdump(len=0): [NULL]

03-08 10:53:24.066  4269  4269 D wpa_supplicant: nl80211: Scan extra IEs - hexdump(len=7): 7f 05 00 00 0a 02 01

03-08 10:53:24.082  4269  4269 D wpa_supplicant: Scan requested (ret=0) - scan timeout 30 seconds

03-08 10:53:24.082  4269  4269 D wpa_supplicant: nl80211: Event message available

03-08 10:53:24.082  4269  4269 D wpa_supplicant: nl80211: Drv Event 33 (NL80211_CMD_TRIGGER_SCAN) received for wlan0

03-08 10:53:24.083  4269  4269 D wpa_supplicant: wlan0: nl80211: Scan trigger

03-08 10:53:24.083  4269  4269 D wpa_supplicant: wlan0: Event SCAN_STARTED (47) received

03-08 10:53:24.083  4269  4269 D wpa_supplicant: wlan0: Own scan request started a scan in 0.000228 seconds

03-08 10:53:24.083  4269  4269 D wpa_supplicant: CTRL-DEBUG: ctrl_sock-sendmsg: sock=11 sndbuf=163840 outq=0 send_len=24

03-08 10:53:24.083  4269  4269 D wpa_supplicant: CTRL_IFACE monitor sent successfully to /data/misc/wifi/sockets/wpa_ctrl_1923-2\x00

03-08 10:53:24.120   372   476 I ThermalEngine: Sensor:batt_temp:320 mC

03-08 10:53:24.854  1923  1923 E JavaBinder: !!! FAILED BINDER TRANSACTION !!!  (parcel size = 104)

03-08 10:53:24.950  4269  4269 D wpa_supplicant: wlan0: Control interface command 'SIGNAL_POLL'

03-08 10:53:24.952  4269  4269 D wpa_supplicant: CTRL-DEBUG: global_ctrl_sock-sendto: sock=11 sndbuf=163840 outq=0 send_len=48

03-08 10:53:25.121   372   476 I ThermalEngine: Sensor:batt_temp:320 mC

03-08 10:53:26.122   372   476 I ThermalEngine: Sensor:batt_temp:320 mC

03-08 10:53:27.110 26902 26918 W Settings: Setting airplane_mode_on has moved from android.provider.Settings.System to android.provider.Settings.Global, returning read-only value.

03-08 10:53:27.123   372   476 I ThermalEngine: Sensor:batt_temp:321 mC

03-08 10:53:27.124  4099  5103 I XiaomiFirewall: firewall pkgName:com.baidu.BaiduMap, result:0x0

03-08 10:53:27.873  1923  1923 E JavaBinder: !!! FAILED BINDER TRANSACTION !!!  (parcel size = 104)

03-08 10:53:27.954  4269  4269 D wpa_supplicant: wlan0: Control interface command 'SIGNAL_POLL'

03-08 10:53:27.957  4269  4269 D wpa_supplicant: CTRL-DEBUG: global_ctrl_sock-sendto: sock=11 sndbuf=163840 outq=0 send_len=48

03-08 10:53:28.124   372   476 I ThermalEngine: Sensor:batt_temp:320 mC

03-08 10:53:28.168  1923  4266 D WifiHAL : Read rolling over to the start of ring buffer

03-08 10:53:28.177  4269  4269 D wpa_supplicant: nl80211: Event message available

03-08 10:53:28.177  4269  4269 D wpa_supplicant: nl80211: Drv Event 34 (NL80211_CMD_NEW_SCAN_RESULTS) received for wlan0

03-08 10:53:28.177  4269  4269 D wpa_supplicant: wlan0: nl80211: New scan results available

03-08 10:53:28.178  4269  4269 D wpa_supplicant: nl80211: Scan included frequencies: 2412 2417 2422 2427 2432 2437 2442 2447 2452 2457 2462 2467 2472 5180 5200 5220 5240 5260 5280 5300 5320 5500 5520 5540 5560 5580 5600 5620 5640 5660 5680 5700 5745 5765 5785 5805 5825

03-08 10:53:28.178  4269  4269 D wpa_supplicant: wlan0: Event SCAN_RESULTS (3) received

03-08 10:53:28.178  4269  4269 D wpa_supplicant: wlan0: Scan completed in 4.095239 seconds

03-08 10:53:28.178  4269  4269 D wpa_supplicant: nl80211: Associated on 2422 MHz

03-08 10:53:28.178  4269  4269 D wpa_supplicant: nl80211: Associated with c0:3d:46:00:1a:5a

03-08 10:53:28.180  4269  4269 D wpa_supplicant: nl80211: Received scan results (31 BSSes)

03-08 10:53:28.180  4269  4269 D wpa_supplicant: nl80211: Scan results indicate BSS status with c0:3d:46:00:1a:5a as associated

03-08 10:53:28.180  4269  4269 D wpa_supplicant: wlan0: BSS: Start scan result update 8875

03-08 10:53:28.181  4269  4269 D wpa_supplicant: wlan0: BSS: Add new id 26640 BSSID 42:fc:68:f5:6c:ff SSID 'HostGroupGuest'

03-08 10:53:28.181  4269  4269 D wpa_supplicant: CTRL-DEBUG: ctrl_sock-sendmsg: sock=11 sndbuf=163840 outq=0 send_len=44

03-08 10:53:28.190  4269  4269 D wpa_supplicant: CTRL_IFACE monitor sent successfully to /data/misc/wifi/sockets/wpa_ctrl_1923-2\x00

03-08 10:53:28.190  4269  4269 D wpa_supplicant: wlan0: BSS: Add new id 26641 BSSID cc:81:da:c4:ad:a0 SSID '50.1-qian'

03-08 10:53:28.190  4269  4269 D wpa_supplicant: CTRL-DEBUG: ctrl_sock-sendmsg: sock=11 sndbuf=163840 outq=0 send_len=44

03-08 10:53:28.191  4269  4269 D wpa_supplicant: CTRL_IFACE monitor sent successfully to /data/misc/wifi/sockets/wpa_ctrl_1923-2\x00

03-08 10:53:28.191  4269  4269 D wpa_supplicant: wlan0: BSS: Add new id 26642 BSSID d8:15:0d:6c:70:10 SSID '@ZigbeeTeam_Ext'

03-08 10:53:28.192  4269  4269 D wpa_supplicant: CTRL-DEBUG: ctrl_sock-sendmsg: sock=11 sndbuf=163840 outq=0 send_len=44

03-08 10:53:28.196  4269  4269 D wpa_supplicant: CTRL_IFACE monitor sent successfully to /data/misc/wifi/sockets/wpa_ctrl_1923-2\x00

03-08 10:53:28.196  4269  4269 D wpa_supplicant: wlan0: BSS: Remove id 26590 BSSID fc:d7:33:ac:07:7e SSID 'TP-LINK_@2.xx' due to no match in scan

03-08 10:53:28.196  4269  4269 D wpa_supplicant: CTRL-DEBUG: ctrl_sock-sendmsg: sock=11 sndbuf=163840 outq=0 send_len=46

03-08 10:53:28.197  4269  4269 D wpa_supplicant: CTRL_IFACE monitor sent successfully to /data/misc/wifi/sockets/wpa_ctrl_1923-2\x00

03-08 10:53:28.197  4269  4269 D wpa_supplicant: wlan0: BSS: Remove id 26521 BSSID 30:fc:68:f2:85:0f SSID 'Android' due to no match in scan

03-08 10:53:28.199  4269  4269 D wpa_supplicant: CTRL-DEBUG: ctrl_sock-sendmsg: sock=11 sndbuf=163840 outq=0 send_len=46

03-08 10:53:28.199  4269  4269 D wpa_supplicant: CTRL_IFACE monitor sent successfully to /data/misc/wifi/sockets/wpa_ctrl_1923-2\x00

03-08 10:53:28.199  4269  4269 D wpa_supplicant: wlan0: BSS: Remove id 26631 BSSID 10:bd:18:08:36:17 SSID 'cisco-3615' due to no match in scan

03-08 10:53:28.200  4269  4269 D wpa_supplicant: CTRL-DEBUG: ctrl_sock-sendmsg: sock=11 sndbuf=163840 outq=0 send_len=46

03-08 10:53:28.204  4269  4269 D wpa_supplicant: CTRL_IFACE monitor sent successfully to /data/misc/wifi/sockets/wpa_ctrl_1923-2\x00

03-08 10:53:28.204  4269  4269 D wpa_supplicant: BSS: last_scan_res_used=31/64

03-08 10:53:28.204  4269  4269 D wpa_supplicant: wlan0: Scan-only results received

03-08 10:53:28.204  4269  4269 D wpa_supplicant: CTRL-DEBUG: ctrl_sock-sendmsg: sock=11 sndbuf=163840 outq=0 send_len=24

03-08 10:53:28.208  4269  4269 D wpa_supplicant: CTRL_IFACE monitor sent successfully to /data/misc/wifi/sockets/wpa_ctrl_1923-2\x00

03-08 10:53:28.208  4269  4269 D wpa_supplicant: wlan0: Radio work 'scan'@0xb6919398 done in 4.141719 seconds

03-08 10:53:28.210  4269  4269 D wpa_supplicant: CTRL-DEBUG: global_ctrl_sock-sendto: sock=11 sndbuf=163840 outq=0 send_len=3995

03-08 10:53:28.211  4269  4269 D wpa_supplicant: RTM_NEWLINK: ifi_index=22 ifname=wlan0 wext ifi_family=0 ifi_flags=0x11043 ([UP][RUNNING][LOWER_UP])

03-08 10:53:28.212  4269  4269 D wpa_supplicant: CTRL-DEBUG: global_ctrl_sock-sendto: sock=11 sndbuf=163840 outq=0 send_len=3849

03-08 10:53:28.220   433   644 W XTCC-5.1.0.8: [WifiScanner] WiFi scan result : [28] AP's

03-08 10:53:28.222  4269  4269 D wpa_supplicant: CTRL-DEBUG: global_ctrl_sock-sendto: sock=11 sndbuf=163840 outq=0 send_len=3802

03-08 10:53:28.225  4269  4269 D wpa_supplicant: CTRL-DEBUG: global_ctrl_sock-sendto: sock=11 sndbuf=163840 outq=0 send_len=3922

03-08 10:53:28.229  4269  4269 D wpa_supplicant: CTRL-DEBUG: global_ctrl_sock-sendto: sock=11 sndbuf=163840 outq=0 send_len=3974

03-08 10:53:28.232  4269  4269 D wpa_supplicant: CTRL-DEBUG: global_ctrl_sock-sendto: sock=11 sndbuf=163840 outq=0 send_len=3907

03-08 10:53:28.235  4269  4269 D wpa_supplicant: CTRL-DEBUG: global_ctrl_sock-sendto: sock=11 sndbuf=163840 outq=0 send_len=3119

03-08 10:53:28.310  4269  4269 D wpa_supplicant: EAPOL: EAP Session-Id not available

03-08 10:53:28.310  4269  4269 D wpa_supplicant: CTRL-DEBUG: global_ctrl_sock-sendto: sock=11 sndbuf=163840 outq=0 send_len=278

03-08 10:53:28.321  4188  5395 I StepsProvider: Steps Provider Query

03-08 10:53:28.337 26390 26435 E WifiScanHomelog: start process end time - 13

03-08 10:53:28.338 26390 27008 E WifiDeviceFinder: start process end time - 18

03-08 10:53:28.888  1923  1923 E JavaBinder: !!! FAILED BINDER TRANSACTION !!!  (parcel size = 104)

03-08 10:53:29.126   372   476 I ThermalEngine: Sensor:batt_temp:321 mC

03-08 10:53:30.127   372   476 I ThermalEngine: Sensor:batt_temp:321 mC

03-08 10:53:30.497 29006 29006 W AppWatcher: type=1400 audit(0.0:947911): avc: denied { getattr } for path="/proc/opalum-temp-calib" dev="proc" ino=4026534634 scontext=u:r:untrusted_app:s0:c512,c768 tcontext=u:object_r:proc_opalum:s0 tclass=file permissive=0

03-08 10:53:30.507 29006 29006 W AppWatcher: type=1400 audit(0.0:947912): avc: denied { getattr } for path="/proc/opalum-f0-calib" dev="proc" ino=4026534633 scontext=u:r:untrusted_app:s0:c512,c768 tcontext=u:object_r:proc_opalum:s0 tclass=file permissive=0

03-08 10:53:30.507 29006 29006 W AppWatcher: type=1400 audit(0.0:947913): avc: denied { getattr } for path="/proc/sysrq-trigger" dev="proc" ino=4026533735 scontext=u:r:untrusted_app:s0:c512,c768 tcontext=u:object_r:proc_sysrq:s0 tclass=file permissive=0

03-08 10:53:30.517 29006 29006 W AppWatcher: type=1400 audit(0.0:947914): avc: denied { getattr } for path="/proc/1" dev="proc" ino=907269 scontext=u:r:untrusted_app:s0:c512,c768 tcontext=u:r:init:s0 tclass=dir permissive=0

03-08 10:53:30.517 29006 29006 W AppWatcher: type=1400 audit(0.0:947915): avc: denied { getattr } for path="/proc/2" dev="proc" ino=907270 scontext=u:r:untrusted_app:s0:c512,c768 tcontext=u:r:kernel:s0 tclass=dir permissive=0

03-08 10:53:30.517 29006 29006 W AppWatcher: type=1400 audit(0.0:947916): avc: denied { getattr } for path="/proc/3" dev="proc" ino=907271 scontext=u:r:untrusted_app:s0:c512,c768 tcontext=u:r:kernel:s0 tclass=dir permissive=0

03-08 10:53:30.517 29006 29006 W AppWatcher: type=1400 audit(0.0:947917): avc: denied { getattr } for path="/proc/6" dev="proc" ino=907272 scontext=u:r:untrusted_app:s0:c512,c768 tcontext=u:r:kernel:s0 tclass=dir permissive=0

03-08 10:53:30.517 29006 29006 W AppWatcher: type=1400 audit(0.0:947918): avc: denied { getattr } for path="/proc/7" dev="proc" ino=907273 scontext=u:r:untrusted_app:s0:c512,c768 tcontext=u:r:kernel:s0 tclass=dir permissive=0

03-08 10:53:30.527 29006 29006 W AppWatcher: type=1400 audit(0.0:947919): avc: denied { getattr } for path="/proc/8" dev="proc" ino=907274 scontext=u:r:untrusted_app:s0:c512,c768 tcontext=u:r:kernel:s0 tclass=dir permissive=0

03-08 10:53:30.527 29006 29006 W AppWatcher: type=1400 audit(0.0:947920): avc: denied { getattr } for path="/proc/21" dev="proc" ino=907275 scontext=u:r:untrusted_app:s0:c512,c768 tcontext=u:r:kernel:s0 tclass=dir permissive=0

03-08 10:53:30.527 29006 29006 W AppWatcher: type=1400 audit(0.0:947921): avc: denied { getattr } for path="/proc/22" dev="proc" ino=907276 scontext=u:r:untrusted_app:s0:c512,c768 tcontext=u:r:kernel:s0 tclass=dir permissive=0

03-08 10:53:30.527 29006 29006 W AppWatcher: type=1400 audit(0.0:947922): avc: denied { getattr } for path="/proc/28" dev="proc" ino=907278 scontext=u:r:untrusted_app:s0:c512,c768 tcontext=u:r:kernel:s0 tclass=dir permissive=0

