--------- beginning of system

03-30 10:47:18.346  2044  2078 V ActivityManager: Attempted to start a foreground service (ComponentInfo{com.orvibo.homemate/com.orvibo.homemate.service.TempService}) with a broken notification (no icon: Notification(pri=0 contentView=null vibrate=null sound=null defaults=0x0 flags=0x40 color=0x00000000 vis=PRIVATE))

03-30 10:47:18.350  2044  2044 V NotificationService: pkg=com.orvibo.homemate canInterrupt=true intercept=true

03-30 10:47:18.450  3746  3879 W ContextImpl: Calling a method in the system process without a qualified user: android.app.ContextImpl.bindService:1295 android.content.ContextWrapper.bindService:614 com.xiaomi.mistatistic.sdk.controller.LocalEventRecorder.a:90 com.xiaomi.mistatistic.sdk.controller.LocalEventRecorder.b:70 com.xiaomi.mistatistic.sdk.controller.LocalEventRecorder.a:25 

03-30 10:47:20.874  2044  3799 D SystemSettings: Want to modify SystemSettings? See MiuiSettings.System.PUBLIC_SETTINGS

03-30 10:47:20.874  2044  3799 W SettingsProvider: You shouldn't keep your settings in the secure settings. This will soon become an error.

03-30 10:47:21.256  2044  2078 V BroadcastQueueInjector: Skipping BroadcastRecord{247967a u-1 android.net.wifi.SCAN_RESULTS} to ProcessRecord{8fb4531 2465:com.tencent.android.qqdownloader:daemon/u0a144}

03-30 10:47:21.256  2044  2078 D Whetstone-FW: MiuiLog-Whetstone-BroadcastControl BroadcastRecord{247967a u-1 android.net.wifi.SCAN_RESULTS} is discarded

03-30 10:47:23.496  2044  3621 D WifiService: Client connection lost with reason: 4

03-30 10:47:23.496  2044  4323 D ActivityManagerInjector: com.tencent.android.qqdownloader:connect is killed by AMS with adj 16 ,do not allow restart

03-30 10:47:23.496  2044  4323 D ActivityManager: cleanUpApplicationRecord -- 5140

03-30 10:47:23.501  2044  3621 D WifiService: Client connection lost with reason: 4

03-30 10:47:23.552  2044  4323 W ActivityManager: Failure disconnecting service ComponentInfo{com.tencent.android.qqdownloader/com.qq.AppService.IPCService} to connection android.os.BinderProxy@89e07db (in com.tencent.android.qqdownloader)

03-30 10:47:23.552  2044  4323 W ActivityManager: android.os.DeadObjectException: Transaction failed on small parcel; remote process probably died

03-30 10:47:23.552  2044  4323 W ActivityManager: 	at android.os.BinderProxy.transactNative(Native Method)

03-30 10:47:23.552  2044  4323 W ActivityManager: 	at android.os.BinderProxy.transact(Binder.java:503)

03-30 10:47:23.552  2044  4323 W ActivityManager: 	at android.app.IServiceConnection$Stub$Proxy.connected(IServiceConnection.java:92)

03-30 10:47:23.552  2044  4323 W ActivityManager: 	at com.android.server.am.ActiveServices.bringDownServiceLocked(ActiveServices.java:1837)

03-30 10:47:23.552  2044  4323 W ActivityManager: 	at com.android.server.am.ActiveServices.killServicesLocked(ActiveServices.java:2469)

03-30 10:47:23.552  2044  4323 W ActivityManager: 	at com.android.server.am.ActivityManagerService.cleanUpApplicationRecordLocked(ActivityManagerService.java:15933)

03-30 10:47:23.552  2044  4323 W ActivityManager: 	at com.android.server.am.ActivityManagerService.handleAppDiedLocked(ActivityManagerService.java:4735)

03-30 10:47:23.552  2044  4323 W ActivityManager: 	at com.android.server.am.ActivityManagerService.appDiedLocked(ActivityManagerService.java:4908)

03-30 10:47:23.552  2044  4323 W ActivityManager: 	at com.android.server.am.ActivityManagerService$AppDeathRecipient.binderDied(ActivityManagerService.java:1355)

03-30 10:47:23.552  2044  4323 W ActivityManager: 	at android.os.BinderProxy.sendDeathNotice(Binder.java:558)

03-30 10:47:23.556  2044  4123 D ActivityManagerInjector: com.tencent.android.qqdownloader is killed by AMS with adj 16 ,do not allow restart

03-30 10:47:23.556  2044  4123 D ActivityManager: cleanUpApplicationRecord -- 5091

03-30 10:47:23.558  2044  3885 D PowerKeeperPolicy: Caller[1000] updateWakelockBlockedUid:uid=10144, tag=null, block=false

03-30 10:47:23.561  2044  4283 V LocationPolicy: writePolicyLocked()

03-30 10:47:23.691   333  2472 E FrameworkListener: read() failed (Connection reset by peer)

03-30 10:47:25.121  2044  3799 D LocationPolicy: [uid = 10098, op = 2] is blocked by location policy

03-30 10:47:25.121  2044  3799 D WifiService: uid=10098 wifi scan blocked

03-30 10:47:26.571  2044  4142 I ActivityManager: START u0 {cmp=com.orvibo.homemate/.user.UserActivity (has extras)} from uid 10143 on display 0

03-30 10:47:28.043  2044  4348 I ActivityManager: START u0 {cmp=com.orvibo.homemate/.user.UserThirdActivity} from uid 10143 on display 0

03-30 10:47:30.731  2044  4245 I ActivityManager: START u0 {cmp=com.orvibo.homemate/.user.UserThirdInfoActivity (has extras)} from uid 10143 on display 0

03-30 10:47:33.460  2044  4245 I ActivityManager: START u0 {flg=0x18000000 cmp=com.tencent.mm/.plugin.base.stub.WXEntryActivity (has extras)} from uid 10143 on display 0

03-30 10:47:33.467  2044  4245 E ActivityManager: Invalid thumbnail dimensions: 0x0

03-30 10:47:33.543  2044  3765 V LocationPolicy: writePolicyLocked()

03-30 10:47:33.770  2044  3807 I ActivityManager: START u0 {cmp=com.tencent.mm/.ui.account.SimpleLoginUI (has extras)} from uid 10138 on display 0

03-30 10:47:33.872  3746  3879 W ContextImpl: Calling a method in the system process without a qualified user: android.app.ContextImpl.bindService:1295 android.content.ContextWrapper.bindService:614 com.xiaomi.mistatistic.sdk.controller.LocalEventRecorder.a:90 com.xiaomi.mistatistic.sdk.controller.LocalEventRecorder.b:70 com.xiaomi.mistatistic.sdk.controller.LocalEventRecorder.a:25 

03-30 10:47:33.997  2044  2078 I ActivityManager: Start proc 24440:com.tencent.mm:appbrand0/u0a138 for broadcast com.tencent.mm/.plugin.appbrand.task.AppBrandTaskPreloadReceiver

03-30 10:47:35.142  2044  4266 W ActivityManager: cann't getContentProviderImpl: com.tencent.mm.coolassist.debugprovider, cpi is null. 

03-30 10:47:35.143 24440 24440 E ActivityThread: Failed to find provider info for com.tencent.mm.coolassist.debugprovider

03-30 10:47:36.256  2044  3621 D WifiService: New client listening to asynchronous messages

03-30 10:47:37.570  2044  4374 D ConnectivityService: listenForNetwork for Listen from uid/pid:10138/24440 for NetworkRequest [ id=334, legacyType=-1, [ Capabilities: INTERNET&NOT_RESTRICTED&TRUSTED] ]

03-30 10:47:37.808  2044  4374 D ConnectivityService: listenForNetwork for Listen from uid/pid:10138/24440 for NetworkRequest [ id=335, legacyType=-1, [ Capabilities: INTERNET&NOT_RESTRICTED&TRUSTED] ]

03-30 10:47:39.208  2044  3622 D ConnectivityService: releasing NetworkRequest NetworkRequest [ id=334, legacyType=-1, [ Capabilities: INTERNET&NOT_RESTRICTED&TRUSTED] ]

03-30 10:47:43.127  2044  2056 W ActivityManager: Unable to start service Intent { cmp=com.autonavi.minimap/com.amap.api.service.AMapService (has extras) } U=0: not found

03-30 10:47:43.129  2044  3765 W ActivityManager: Unable to start service Intent { cmp=com.autonavi.minimap/com.taobao.agoo.PushService (has extras) } U=0: not found

03-30 10:48:11.734  2044  3622 D ConnectivityService: notifyType CAP_CHANGED for NetworkAgentInfo [WIFI () - 168]

03-30 10:48:14.757  2044  3622 D ConnectivityService: notifyType CAP_CHANGED for NetworkAgentInfo [WIFI () - 168]

03-30 10:48:34.634  2044  3885 V LocationPolicy: writePolicyLocked()

03-30 10:48:57.542  2044  4123 I ActivityManager: Force stopping com.orvibo.homemate appid=10143 user=0: from pid 25661

03-30 10:48:57.542  2044  4123 I ActivityManager: Killing 23914:com.orvibo.homemate/u0a143 (adj 7): stop com.orvibo.homemate

03-30 10:48:57.543  2044  4123 D ActivityManager: cleanUpApplicationRecord -- 23914

03-30 10:48:57.543  2044  4123 I AutoStartManagerService: MIUILOG- Reject RestartService packageName :com.orvibo.homemate uid : 10143

03-30 10:48:57.543  2044  4123 I AutoStartManagerService: MIUILOG- Reject RestartService packageName :com.orvibo.homemate uid : 10143

03-30 10:48:57.544  2044  4123 I AutoStartManagerService: MIUILOG- Reject RestartService packageName :com.orvibo.homemate uid : 10143

03-30 10:48:57.544  2044  4123 I AutoStartManagerService: MIUILOG- Reject RestartService packageName :com.orvibo.homemate uid : 10143

03-30 10:48:57.544  2044  4123 I ActivityManager: Killing 24029:com.orvibo.homemate:moon/u0a143 (adj 2): stop com.orvibo.homemate

03-30 10:48:57.545  2044  4123 D ActivityManager: cleanUpApplicationRecord -- 24029

03-30 10:48:57.546  2044  4123 I AutoStartManagerService: MIUILOG- Reject RestartService packageName :com.orvibo.homemate uid : 10143

03-30 10:48:57.547  2044  4123 I ActivityManager:   Force finishing activity ActivityRecord{fc45b72 u0 com.orvibo.homemate/.common.main.MainActivity t17561}

03-30 10:48:57.548  2044  2080 I libprocessgroup: Killing pid 24131 in uid 10143 as part of process group 23914

03-30 10:48:57.549  2044  4123 I ActivityManager:   Force finishing activity ActivityRecord{bc5c207 u0 com.orvibo.homemate/.user.UserActivity t17561}

03-30 10:48:57.562  2044  4123 I ActivityManager:   Force finishing activity ActivityRecord{dc2caa0 u0 com.orvibo.homemate/.user.UserThirdActivity t17561}

03-30 10:48:57.567  2044  4123 I ActivityManager:   Force finishing activity ActivityRecord{cb1df15 u0 com.orvibo.homemate/.user.UserThirdInfoActivity t17561}

03-30 10:48:57.603  2044  2078 I ActivityManager: Start proc 25685:com.tencent.android.qqdownloader/u0a144 for broadcast com.tencent.android.qqdownloader/com.tencent.assistant.localres.localapk.PackageChangedReceiver

03-30 10:48:57.620  2044  3621 D WifiService: Client connection lost with reason: 4

03-30 10:48:57.916  2044  4266 I ActivityManager: Start proc 25723:com.tencent.android.qqdownloader:connect/u0a144 for broadcast com.tencent.android.qqdownloader/com.qq.AppService.APKReceiver

03-30 10:48:58.073  2044  3621 D WifiService: New client listening to asynchronous messages

03-30 10:48:58.655  2044  3621 D WifiService: New client listening to asynchronous messages

03-30 10:48:58.844  2044  3885 D BaseMiuiPhoneWindowManager: keyCode:3 down:true 338229621 338229621 policyFlags=2b000000 deviceId:-1 isScreenOn:true

03-30 10:48:58.844  2044  3885 D WindowManager: keyguardActive=false

03-30 10:48:58.850  2044  4266 D BaseMiuiPhoneWindowManager: keyCode:3 down:false 338229621 338229621 policyFlags=2b000000 deviceId:-1 isScreenOn:true

03-30 10:48:58.850  2044  4266 D WindowManager: keyguardActive=false

03-30 10:48:58.860  2044  3550 I ActivityManager: START u0 {act=android.intent.action.MAIN cat=[android.intent.category.HOME] flg=0x10200000 cmp=com.miui.home/.launcher.Launcher (has extras)} from uid 1000 on display 0

03-30 10:48:58.864  2044  3550 E ActivityManager: Invalid thumbnail dimensions: 0x0

03-30 10:48:59.105  2044  4298 W WindowManager: Attempted to remove non-existing token: android.os.Binder@4eee3f3

03-30 10:49:00.386  2044  4266 I ActivityManager: Force stopping io.appium.unlock appid=10126 user=0: from pid 25820

03-30 10:49:02.111  2044  4245 I ActivityManager: START u0 {act=android.intent.action.VIEW dat=file:///data/local/tmp/UnicodeIME-debug.apk typ=application/vnd.android.package-archive flg=0x18000000 cmp=com.miui.securitycenter/com.miui.permcenter.install.AdbInstallActivity (has extras)} from uid 2000 on display 0

03-30 10:49:02.152  2044  3799 E ActivityManager: Invalid thumbnail dimensions: 0x0

03-30 10:49:02.171  2044  3765 W InputMethodManagerService: Window already focused, ignoring focus gain of: com.android.internal.view.IInputMethodClient$Stub$Proxy@a39f67c attribute=null, token = android.os.BinderProxy@6350dbe

03-30 10:49:02.235  2044  3807 D com.android.server.pm.PackageManagerServiceInjector: check if need preinstall apps

03-30 10:49:02.261  6143  1618 D DefContainer: Copying /data/local/tmp/UnicodeIME-debug.apk to base.apk

03-30 10:49:02.300  2044  2126 W PackageManager: Package io.appium.android.ime signatures do not match the previously installed version; ignoring!

03-30 10:49:02.505  2044  2126 I com.android.server.pm.PackageManagerServiceInjector: MIUILOG-onPackageInstalled: PackageEvent { mTimeStamp=2017-03-30 10:49:02 mAction=Install mPackageName=io.appium.android.ime mReturnCode=-7 mVersionCode=0 mVersionName=mInstallerPkgName=

03-30 10:49:06.984  2044  3807 I ActivityManager: START u0 {act=android.intent.action.VIEW dat=file:///data/local/tmp/settings_apk-debug.apk typ=application/vnd.android.package-archive flg=0x18000000 cmp=com.miui.securitycenter/com.miui.permcenter.install.AdbInstallActivity (has extras)} from uid 2000 on display 0

03-30 10:49:07.028 26123 26123 I PackageParser: io.appium.settings: compat added android.permission.WRITE_EXTERNAL_STORAGE

03-30 10:49:07.042  2044  4245 E ActivityManager: Invalid thumbnail dimensions: 0x0

03-30 10:49:07.101  2044  3765 W InputMethodManagerService: Window already focused, ignoring focus gain of: com.android.internal.view.IInputMethodClient$Stub$Proxy@5e4969d attribute=null, token = android.os.BinderProxy@6350dbe

03-30 10:49:07.161  2044  4374 D com.android.server.pm.PackageManagerServiceInjector: check if need preinstall apps

03-30 10:49:07.180  6143  6167 D DefContainer: Copying /data/local/tmp/settings_apk-debug.apk to base.apk

03-30 10:49:07.197  2044  2126 I PackageParser: io.appium.settings: compat added android.permission.WRITE_EXTERNAL_STORAGE

03-30 10:49:07.213  2044  2126 W PackageManager: Package io.appium.settings signatures do not match the previously installed version; ignoring!

03-30 10:49:07.401  2044  2126 I com.android.server.pm.PackageManagerServiceInjector: MIUILOG-onPackageInstalled: PackageEvent { mTimeStamp=2017-03-30 10:49:07 mAction=Install mPackageName=io.appium.settings mReturnCode=-7 mVersionCode=0 mVersionName=mInstallerPkgName=

03-30 10:49:08.446  2044  2056 I ActivityManager: START u0 {act=android.intent.action.VIEW dat=file:///data/local/tmp/unlock_apk-debug.apk typ=application/vnd.android.package-archive flg=0x18000000 cmp=com.miui.securitycenter/com.miui.permcenter.install.AdbInstallActivity (has extras)} from uid 2000 on display 0

03-30 10:49:08.498  2044  2057 E ActivityManager: Invalid thumbnail dimensions: 0x0

03-30 10:49:08.525  2044  3799 W InputMethodManagerService: Window already focused, ignoring focus gain of: com.android.internal.view.IInputMethodClient$Stub$Proxy@8435f0e attribute=null, token = android.os.BinderProxy@6350dbe

03-30 10:49:08.559  2044  4283 D com.android.server.pm.PackageManagerServiceInjector: check if need preinstall apps

03-30 10:49:08.573  6143  1618 D DefContainer: Copying /data/local/tmp/unlock_apk-debug.apk to base.apk

03-30 10:49:08.601  2044  2126 W PackageManager: Package io.appium.unlock signatures do not match the previously installed version; ignoring!

03-30 10:49:08.815  2044  2126 I com.android.server.pm.PackageManagerServiceInjector: MIUILOG-onPackageInstalled: PackageEvent { mTimeStamp=2017-03-30 10:49:08 mAction=Install mPackageName=io.appium.unlock mReturnCode=-7 mVersionCode=0 mVersionName=mInstallerPkgName=

03-30 10:49:16.924  2044  4245 I ActivityManager: Force stopping com.orvibo.homemate appid=10143 user=0: from pid 26218

03-30 10:49:17.187  2044  3885 I ActivityManager: START u0 {act=android.intent.action.MAIN cat=[android.intent.category.LAUNCHER] flg=0x10200000 cmp=com.orvibo.homemate/.common.launch.LaunchActivity} from uid 2000 on display 0

03-30 10:49:17.232  2044  4123 I ActivityManager: Start proc 26250:com.orvibo.homemate/u0a143 for activity com.orvibo.homemate/.common.launch.LaunchActivity

03-30 10:49:17.288  2044  4266 V LocationPolicy: writePolicyLocked()

03-30 10:49:19.001  2044  3621 D WifiService: New client listening to asynchronous messages

03-30 10:49:19.725  2044  4245 I ActivityManager: Start proc 26351:com.orvibo.homemate:moon/u0a143 for service com.orvibo.homemate/.service.MoonService

03-30 10:49:20.930  2044  2118 D AutomaticBrightnessController: drop the lightsensor event ,time=338251710 ,lux=42.615726

03-30 10:49:21.350  2044  4283 I ActivityManager: START u0 {cmp=com.orvibo.homemate/.common.main.MainActivity (has extras)} from uid 10143 on display 0

03-30 10:49:21.684  2044  2078 V ActivityManager: Attempted to start a foreground service (ComponentInfo{com.orvibo.homemate/com.orvibo.homemate.service.MoonService}) with a broken notification (no icon: Notification(pri=0 contentView=null vibrate=null sound=null defaults=0x0 flags=0x40 color=0x00000000 vis=PRIVATE))

03-30 10:49:21.689  2044  2044 V NotificationService: pkg=com.orvibo.homemate canInterrupt=true intercept=true

03-30 10:49:21.702  2044  2078 V ActivityManager: Attempted to start a foreground service (ComponentInfo{com.orvibo.homemate/com.orvibo.homemate.service.TempService}) with a broken notification (no icon: Notification(pri=0 contentView=null vibrate=null sound=null defaults=0x0 flags=0x40 color=0x00000000 vis=PRIVATE))

03-30 10:49:21.706  2044  2044 V NotificationService: pkg=com.orvibo.homemate canInterrupt=true intercept=true

03-30 10:49:21.832  3746  3879 W ContextImpl: Calling a method in the system process without a qualified user: android.app.ContextImpl.bindService:1295 android.content.ContextWrapper.bindService:614 com.xiaomi.mistatistic.sdk.controller.LocalEventRecorder.a:90 com.xiaomi.mistatistic.sdk.controller.LocalEventRecorder.b:70 com.xiaomi.mistatistic.sdk.controller.LocalEventRecorder.a:25 

03-30 10:49:23.616  2044  3765 D PowerKeeperPolicy: Caller[1000] updateWakelockBlockedUid:uid=10144, tag=null, block=true

03-30 10:49:23.616  2044  3765 D PowerManagerServiceInjector: set partial wakelock disabled:[PARTIAL_WAKE_LOCK              'i' DISABLED (uid=10144, pid=2465, ws=null)]

03-30 10:49:23.616  2044  3765 D PowerManagerServiceInjector: set partial wakelock disabled:[PARTIAL_WAKE_LOCK              'i' DISABLED (uid=10144, pid=2465, ws=null)]

03-30 10:49:23.616  2044  3765 D PowerManagerServiceInjector: set partial wakelock disabled:[PARTIAL_WAKE_LOCK              'i' DISABLED (uid=10144, pid=2465, ws=null)]

03-30 10:49:23.616  2044  3765 D PowerManagerServiceInjector: set partial wakelock disabled:[PARTIAL_WAKE_LOCK              'i' DISABLED (uid=10144, pid=2465, ws=null)]

03-30 10:49:23.616  2044  3765 D PowerManagerServiceInjector: set partial wakelock disabled:[PARTIAL_WAKE_LOCK              'i' DISABLED (uid=10144, pid=2465, ws=null)]

03-30 10:49:23.617  2044  3765 D PowerManagerServiceInjector: set partial wakelock disabled:[PARTIAL_WAKE_LOCK              'i' DISABLED (uid=10144, pid=2465, ws=null)]

03-30 10:49:23.617  2044  3765 D PowerManagerServiceInjector: set partial wakelock disabled:[PARTIAL_WAKE_LOCK              'i' DISABLED (uid=10144, pid=2465, ws=null)]

03-30 10:49:23.632  2044  4283 V LocationPolicy: writePolicyLocked()

03-30 10:49:24.224  2044  4323 D SystemSettings: Want to modify SystemSettings? See MiuiSettings.System.PUBLIC_SETTINGS

03-30 10:49:24.225  2044  4323 W SettingsProvider: You shouldn't keep your settings in the secure settings. This will soon become an error.

03-30 10:49:27.245  2044  3622 D ConnectivityService: notifyType CAP_CHANGED for NetworkAgentInfo [WIFI () - 168]

03-30 10:49:29.655  2044  4266 I ActivityManager: START u0 {cmp=com.orvibo.homemate/.user.UserActivity (has extras)} from uid 10143 on display 0

03-30 10:49:30.281  2044  2118 D AutomaticBrightnessController: drop the lightsensor event ,time=338261061 ,lux=10.286555

03-30 10:49:30.451  2044  2118 D AutomaticBrightnessController: drop the lightsensor event ,time=338261231 ,lux=8.817047

03-30 10:49:31.180  2044  3799 I ActivityManager: START u0 {cmp=com.orvibo.homemate/.user.UserThirdActivity} from uid 10143 on display 0

03-30 10:49:33.286  2044  3622 D ConnectivityService: notifyType CAP_CHANGED for NetworkAgentInfo [WIFI () - 168]

03-30 10:49:33.688  2044  4123 I ActivityManager: START u0 {cmp=com.orvibo.homemate/.user.UserThirdInfoActivity (has extras)} from uid 10143 on display 0

03-30 10:49:36.890  2044  2057 I ActivityManager: START u0 {cmp=com.sina.weibo/.SSOActivity (has extras)} from uid 10143 on display 0

03-30 10:49:36.932  2044  4374 V LocationPolicy: writePolicyLocked()

03-30 10:49:36.964  2044  4348 I ActivityManager: START u0 {cmp=com.sina.weibo/.SSOAuthorizeActivity (has extras)} from uid 10098 on display 0

03-30 10:49:37.651  2044  4104 D ConnectivityService: listenForNetwork for Listen from uid/pid:10098/1553 for NetworkRequest [ id=336, legacyType=-1, [ Capabilities: INTERNET&NOT_RESTRICTED&TRUSTED] ]

03-30 10:49:37.907  3746  3879 W ContextImpl: Calling a method in the system process without a qualified user: android.app.ContextImpl.bindService:1295 android.content.ContextWrapper.bindService:614 com.xiaomi.mistatistic.sdk.controller.LocalEventRecorder.a:90 com.xiaomi.mistatistic.sdk.controller.LocalEventRecorder.b:70 com.xiaomi.mistatistic.sdk.controller.LocalEventRecorder.a:25 

03-30 10:49:37.942  2044  2056 D ConnectivityService: listenForNetwork for Listen from uid/pid:10098/1553 for NetworkRequest [ id=337, legacyType=-1, [ Capabilities: INTERNET&NOT_RESTRICTED&TRUSTED] ]

03-30 10:49:38.115  2044  3807 I ActivityManager: Start proc 26758:com.sina.weibo:pushservice/u0a98 for broadcast com.sina.weibo/com.huawei.android.pushagent.PushBootReceiver

03-30 10:49:38.795  2044  4123 W miui.security.WakePathChecker: MIUILOG-WAKEPATH: call was rejected by wakepath. userId= 0 caller= com.sina.weibo callee= com.sdu.didi.psnger classname=com.igexin.sdk.PushService action=null wakeType=8

03-30 10:49:38.809  2044  4283 W miui.security.WakePathChecker: MIUILOG-WAKEPATH: call was rejected by wakepath. userId= 0 caller= com.sina.weibo callee= com.ximalaya.ting.android classname=com.igexin.sdk.PushService action=null wakeType=8

03-30 10:49:39.172  2044  3621 D WifiService: New client listening to asynchronous messages

03-30 10:49:52.632  2044  2044 V NotificationService: pkg=com.miui.securitycenter canInterrupt=true intercept=true

03-30 10:49:53.357  2044  2044 V NotificationService: pkg=com.miui.securitycenter canInterrupt=true intercept=true

03-30 10:49:57.477  2044  2044 V NotificationService: pkg=com.miui.securitycenter canInterrupt=true intercept=true

03-30 10:49:59.262  2044  4245 V LocationPolicy: writePolicyLocked()

03-30 10:50:00.730  2044  3807 W miui.security.WakePathChecker: MIUILOG-WAKEPATH: call was rejected by wakepath. userId= 0 caller= com.sina.weibo callee= com.sdu.didi.psnger classname=com.igexin.sdk.PushService action=null wakeType=8

03-30 10:50:00.739  2044  4142 W miui.security.WakePathChecker: MIUILOG-WAKEPATH: call was rejected by wakepath. userId= 0 caller= com.sina.weibo callee= com.ximalaya.ting.android classname=com.igexin.sdk.PushService action=null wakeType=8

03-30 10:50:01.475  2044  2056 D BaseMiuiPhoneWindowManager: keyCode:4 down:true 338292254 338292254 policyFlags=2b000000 deviceId:-1 isScreenOn:true

03-30 10:50:01.476  2044  2056 D WindowManager: keyguardActive=false

03-30 10:50:01.491  2044  4142 D BaseMiuiPhoneWindowManager: keyCode:4 down:false 338292254 338292254 policyFlags=2b000000 deviceId:-1 isScreenOn:true

03-30 10:50:01.491  2044  4142 D WindowManager: keyguardActive=false

03-30 10:50:02.271  4116  4577 W ContextImpl: Calling a method in the system process without a qualified user: android.app.ContextImpl.sendBroadcast:773 android.content.ContextWrapper.sendBroadcast:406 com.miui.networkassistant.service.tm.TrafficManageService.broadCastDataUsageUpdated:-1 com.miui.networkassistant.service.tm.TrafficManageService$8.onReceive:-1 android.app.LoadedApk$ReceiverDispatcher$Args.run:883 

03-30 10:50:02.525  2044  4123 D BaseMiuiPhoneWindowManager: keyCode:4 down:true 338293305 338293305 policyFlags=2b000000 deviceId:-1 isScreenOn:true

03-30 10:50:02.526  2044  4123 D WindowManager: keyguardActive=false

03-30 10:50:02.530  2044  4245 D BaseMiuiPhoneWindowManager: keyCode:4 down:false 338293305 338293305 policyFlags=2b000000 deviceId:-1 isScreenOn:true

03-30 10:50:02.530  2044  4245 D WindowManager: keyguardActive=false

03-30 10:50:02.787  2044  2044 V NotificationService: pkg=com.miui.securitycenter canInterrupt=true intercept=true

03-30 10:50:03.558  2044  3799 D BaseMiuiPhoneWindowManager: keyCode:4 down:true 338294338 338294338 policyFlags=2b000000 deviceId:-1 isScreenOn:true

03-30 10:50:03.560  2044  3799 D WindowManager: keyguardActive=false

03-30 10:50:03.570  2044  2057 D BaseMiuiPhoneWindowManager: keyCode:4 down:false 338294338 338294338 policyFlags=2b000000 deviceId:-1 isScreenOn:true

03-30 10:50:03.570  2044  2057 D WindowManager: keyguardActive=false

03-30 10:50:18.961  2044  2044 V NotificationService: pkg=com.miui.securitycenter canInterrupt=true intercept=true

03-30 10:50:36.488  2044  4348 I ActivityManager: Force stopping com.orvibo.homemate appid=10143 user=0: from pid 27383

03-30 10:50:36.488  2044  4348 I ActivityManager: Killing 26250:com.orvibo.homemate/u0a143 (adj 0): stop com.orvibo.homemate

03-30 10:50:36.489  2044  4348 D ActivityManager: cleanUpApplicationRecord -- 26250

03-30 10:50:36.489  2044  4348 I AutoStartManagerService: MIUILOG- Reject RestartService packageName :com.orvibo.homemate uid : 10143

03-30 10:50:36.489  2044  4348 I AutoStartManagerService: MIUILOG- Reject RestartService packageName :com.orvibo.homemate uid : 10143

03-30 10:50:36.489  2044  4348 I AutoStartManagerService: MIUILOG- Reject RestartService packageName :com.orvibo.homemate uid : 10143

03-30 10:50:36.489  2044  4348 I AutoStartManagerService: MIUILOG- Reject RestartService packageName :com.orvibo.homemate uid : 10143

03-30 10:50:36.489  2044  4348 I AutoStartManagerService: MIUILOG- Reject RestartService packageName :com.orvibo.homemate uid : 10143

03-30 10:50:36.490  2044  4348 W ActivityManager: Force removing ActivityRecord{fa460b8 u0 com.orvibo.homemate/.common.main.MainActivity t17566}: app died, no saved state

03-30 10:50:36.509  2044  2080 I libprocessgroup: Killing pid 26460 in uid 10143 as part of process group 26250

03-30 10:50:36.527  2044  4348 I ActivityManager: Killing 26351:com.orvibo.homemate:moon/u0a143 (adj 2): stop com.orvibo.homemate

03-30 10:50:36.533  2044  4348 D ActivityManager: cleanUpApplicationRecord -- 26351

03-30 10:50:36.535  2044  4348 I AutoStartManagerService: MIUILOG- Reject RestartService packageName :com.orvibo.homemate uid : 10143

03-30 10:50:36.545  2044  2078 V BroadcastQueueInjector: Skipping BroadcastRecord{40ec17f u0 android.intent.action.PACKAGE_RESTARTED} to ProcessRecord{7828589 25685:com.tencent.android.qqdownloader/u0a144}

03-30 10:50:36.545  2044  2078 D Whetstone-FW: MiuiLog-Whetstone-BroadcastControl BroadcastRecord{40ec17f u0 android.intent.action.PACKAGE_RESTARTED} is discarded

03-30 10:50:36.545  2044  2078 V BroadcastQueueInjector: Skipping BroadcastRecord{40ec17f u0 android.intent.action.PACKAGE_RESTARTED} to ProcessRecord{830b23e 25723:com.tencent.android.qqdownloader:connect/u0a144}

03-30 10:50:36.546  2044  2078 D Whetstone-FW: MiuiLog-Whetstone-BroadcastControl BroadcastRecord{40ec17f u0 android.intent.action.PACKAGE_RESTARTED} is discarded

03-30 10:50:36.619  2044  3621 D WifiService: Client connection lost with reason: 4

03-30 10:50:37.701  2044  4323 D BaseMiuiPhoneWindowManager: keyCode:3 down:true 338328479 338328479 policyFlags=2b000000 deviceId:-1 isScreenOn:true

03-30 10:50:37.701  2044  4323 D WindowManager: keyguardActive=false

03-30 10:50:37.706  2044  2057 D BaseMiuiPhoneWindowManager: keyCode:3 down:false 338328479 338328479 policyFlags=2b000000 deviceId:-1 isScreenOn:true

03-30 10:50:37.706  2044  2057 D WindowManager: keyguardActive=false

03-30 10:50:37.710  2044  2078 V BroadcastQueueInjector: Skipping BroadcastRecord{2b0a64d u-1 android.intent.action.CLOSE_SYSTEM_DIALOGS} to ProcessRecord{8fb4531 2465:com.tencent.android.qqdownloader:daemon/u0a144}

03-30 10:50:37.710  2044  2078 D Whetstone-FW: MiuiLog-Whetstone-BroadcastControl BroadcastRecord{2b0a64d u-1 android.intent.action.CLOSE_SYSTEM_DIALOGS} is discarded

03-30 10:50:37.719  2044  3550 I ActivityManager: START u0 {act=android.intent.action.MAIN cat=[android.intent.category.HOME] flg=0x10200000 cmp=com.miui.home/.launcher.Launcher (has extras)} from uid 1000 on display 0

03-30 10:50:37.980  2044  3765 W WindowManager: Attempted to remove non-existing token: android.os.Binder@15779d4

03-30 10:50:39.115  2044  4123 I ActivityManager: Force stopping io.appium.unlock appid=10126 user=0: from pid 27450

03-30 10:50:39.118  2044  2078 V BroadcastQueueInjector: Skipping BroadcastRecord{96c9c14 u0 android.intent.action.PACKAGE_RESTARTED} to ProcessRecord{7828589 25685:com.tencent.android.qqdownloader/u0a144}

03-30 10:50:39.118  2044  2078 D Whetstone-FW: MiuiLog-Whetstone-BroadcastControl BroadcastRecord{96c9c14 u0 android.intent.action.PACKAGE_RESTARTED} is discarded

03-30 10:50:39.118  2044  2078 V BroadcastQueueInjector: Skipping BroadcastRecord{96c9c14 u0 android.intent.action.PACKAGE_RESTARTED} to ProcessRecord{830b23e 25723:com.tencent.android.qqdownloader:connect/u0a144}

03-30 10:50:39.118  2044  2078 D Whetstone-FW: MiuiLog-Whetstone-BroadcastControl BroadcastRecord{96c9c14 u0 android.intent.action.PACKAGE_RESTARTED} is discarded

03-30 10:50:40.970  2044  4374 I ActivityManager: START u0 {act=android.intent.action.VIEW dat=file:///data/local/tmp/UnicodeIME-debug.apk typ=application/vnd.android.package-archive flg=0x18000000 cmp=com.miui.securitycenter/com.miui.permcenter.install.AdbInstallActivity (has extras)} from uid 2000 on display 0

03-30 10:50:41.024  2044  2056 E ActivityManager: Invalid thumbnail dimensions: 0x0

03-30 10:50:41.037  2044  4298 W InputMethodManagerService: Window already focused, ignoring focus gain of: com.android.internal.view.IInputMethodClient$Stub$Proxy@e8bc675 attribute=null, token = android.os.BinderProxy@6350dbe

03-30 10:50:41.098  2044  3765 D com.android.server.pm.PackageManagerServiceInjector: check if need preinstall apps

03-30 10:50:41.118  6143  6167 D DefContainer: Copying /data/local/tmp/UnicodeIME-debug.apk to base.apk

03-30 10:50:41.144  2044  2126 W PackageManager: Package io.appium.android.ime signatures do not match the previously installed version; ignoring!

03-30 10:50:41.386  2044  2126 I com.android.server.pm.PackageManagerServiceInjector: MIUILOG-onPackageInstalled: PackageEvent { mTimeStamp=2017-03-30 10:50:41 mAction=Install mPackageName=io.appium.android.ime mReturnCode=-7 mVersionCode=0 mVersionName=mInstallerPkgName=

03-30 10:50:46.013  2044  4348 I ActivityManager: START u0 {act=android.intent.action.VIEW dat=file:///data/local/tmp/settings_apk-debug.apk typ=application/vnd.android.package-archive flg=0x18000000 cmp=com.miui.securitycenter/com.miui.permcenter.install.AdbInstallActivity (has extras)} from uid 2000 on display 0

03-30 10:50:46.062 26123 26123 I PackageParser: io.appium.settings: compat added android.permission.WRITE_EXTERNAL_STORAGE

03-30 10:50:46.077  2044  4323 E ActivityManager: Invalid thumbnail dimensions: 0x0

03-30 10:50:46.083  2044  3885 W InputMethodManagerService: Window already focused, ignoring focus gain of: com.android.internal.view.IInputMethodClient$Stub$Proxy@5191386 attribute=null, token = android.os.BinderProxy@6350dbe

03-30 10:50:46.148  2044  4104 D com.android.server.pm.PackageManagerServiceInjector: check if need preinstall apps

03-30 10:50:46.169  6143  1618 D DefContainer: Copying /data/local/tmp/settings_apk-debug.apk to base.apk

03-30 10:50:46.180  2044  2126 I PackageParser: io.appium.settings: compat added android.permission.WRITE_EXTERNAL_STORAGE

03-30 10:50:46.196  2044  2126 W PackageManager: Package io.appium.settings signatures do not match the previously installed version; ignoring!

03-30 10:50:46.443  2044  2126 I com.android.server.pm.PackageManagerServiceInjector: MIUILOG-onPackageInstalled: PackageEvent { mTimeStamp=2017-03-30 10:50:46 mAction=Install mPackageName=io.appium.settings mReturnCode=-7 mVersionCode=0 mVersionName=mInstallerPkgName=

03-30 10:50:47.365  2044  3807 I ActivityManager: START u0 {act=android.intent.action.VIEW dat=file:///data/local/tmp/unlock_apk-debug.apk typ=application/vnd.android.package-archive flg=0x18000000 cmp=com.miui.securitycenter/com.miui.permcenter.install.AdbInstallActivity (has extras)} from uid 2000 on display 0

03-30 10:50:47.441  2044  4283 E ActivityManager: Invalid thumbnail dimensions: 0x0

03-30 10:50:47.451  2044  4245 W InputMethodManagerService: Window already focused, ignoring focus gain of: com.android.internal.view.IInputMethodClient$Stub$Proxy@2e322a4 attribute=null, token = android.os.BinderProxy@6350dbe

03-30 10:50:47.521  2044  4245 D com.android.server.pm.PackageManagerServiceInjector: check if need preinstall apps

03-30 10:50:47.534  6143  6167 D DefContainer: Copying /data/local/tmp/unlock_apk-debug.apk to base.apk

03-30 10:50:47.566  2044  2126 W PackageManager: Package io.appium.unlock signatures do not match the previously installed version; ignoring!

03-30 10:50:47.749  2044  2126 I com.android.server.pm.PackageManagerServiceInjector: MIUILOG-onPackageInstalled: PackageEvent { mTimeStamp=2017-03-30 10:50:47 mAction=Install mPackageName=io.appium.unlock mReturnCode=-7 mVersionCode=0 mVersionName=mInstallerPkgName=

03-30 10:50:55.682  2044  3765 I ActivityManager: Force stopping com.orvibo.homemate appid=10143 user=0: from pid 27783

03-30 10:50:55.685  2044  2078 V BroadcastQueueInjector: Skipping BroadcastRecord{f68cce6 u0 android.intent.action.PACKAGE_RESTARTED} to ProcessRecord{7828589 25685:com.tencent.android.qqdownloader/u0a144}

03-30 10:50:55.685  2044  2078 D Whetstone-FW: MiuiLog-Whetstone-BroadcastControl BroadcastRecord{f68cce6 u0 android.intent.action.PACKAGE_RESTARTED} is discarded

03-30 10:50:55.685  2044  2078 V BroadcastQueueInjector: Skipping BroadcastRecord{f68cce6 u0 android.intent.action.PACKAGE_RESTARTED} to ProcessRecord{830b23e 25723:com.tencent.android.qqdownloader:connect/u0a144}

03-30 10:50:55.685  2044  2078 D Whetstone-FW: MiuiLog-Whetstone-BroadcastControl BroadcastRecord{f68cce6 u0 android.intent.action.PACKAGE_RESTARTED} is discarded

03-30 10:50:55.948  2044  4245 I ActivityManager: START u0 {act=android.intent.action.MAIN cat=[android.intent.category.LAUNCHER] flg=0x10200000 cmp=com.orvibo.homemate/.common.launch.LaunchActivity} from uid 2000 on display 0

03-30 10:50:55.982  2044  4266 I ActivityManager: Start proc 27823:com.orvibo.homemate/u0a143 for activity com.orvibo.homemate/.common.launch.LaunchActivity

03-30 10:50:57.603  2044  3621 D WifiService: New client listening to asynchronous messages

03-30 10:50:58.430  2044  3799 I ActivityManager: Start proc 27919:com.orvibo.homemate:moon/u0a143 for service com.orvibo.homemate/.service.MoonService

03-30 10:50:59.992  2044  4283 I ActivityManager: START u0 {cmp=com.orvibo.homemate/.common.main.MainActivity (has extras)} from uid 10143 on display 0

03-30 10:51:00.178  2044  3765 V LocationPolicy: writePolicyLocked()

03-30 10:51:00.208  2044  2078 V ActivityManager: Attempted to start a foreground service (ComponentInfo{com.orvibo.homemate/com.orvibo.homemate.service.MoonService}) with a broken notification (no icon: Notification(pri=0 contentView=null vibrate=null sound=null defaults=0x0 flags=0x40 color=0x00000000 vis=PRIVATE))

03-30 10:51:00.212  2044  2044 V NotificationService: pkg=com.orvibo.homemate canInterrupt=true intercept=true

03-30 10:51:00.222  2044  2078 V ActivityManager: Attempted to start a foreground service (ComponentInfo{com.orvibo.homemate/com.orvibo.homemate.service.TempService}) with a broken notification (no icon: Notification(pri=0 contentView=null vibrate=null sound=null defaults=0x0 flags=0x40 color=0x00000000 vis=PRIVATE))

03-30 10:51:00.236  2044  2044 V NotificationService: pkg=com.orvibo.homemate canInterrupt=true intercept=true

03-30 10:51:00.325  3746  3879 W ContextImpl: Calling a method in the system process without a qualified user: android.app.ContextImpl.bindService:1295 android.content.ContextWrapper.bindService:614 com.xiaomi.mistatistic.sdk.controller.LocalEventRecorder.a:90 com.xiaomi.mistatistic.sdk.controller.LocalEventRecorder.b:70 com.xiaomi.mistatistic.sdk.controller.LocalEventRecorder.a:25 

03-30 10:51:02.803  2044  4123 D SystemSettings: Want to modify SystemSettings? See MiuiSettings.System.PUBLIC_SETTINGS

03-30 10:51:02.803  2044  4123 W SettingsProvider: You shouldn't keep your settings in the secure settings. This will soon become an error.

--------- beginning of main

03-30 10:51:03.343  3745  3745 D wpa_supplicant: CTRL-DEBUG: global_ctrl_sock-sendto: sock=11 sndbuf=163840 outq=0 send_len=3774

03-30 10:51:03.345  3745  3745 D wpa_supplicant: CTRL-DEBUG: global_ctrl_sock-sendto: sock=11 sndbuf=163840 outq=0 send_len=3828

03-30 10:51:03.347  3745  3745 D wpa_supplicant: CTRL-DEBUG: global_ctrl_sock-sendto: sock=11 sndbuf=163840 outq=0 send_len=566

03-30 10:51:03.368  3745  3745 D wpa_supplicant: EAPOL: EAP Session-Id not available

03-30 10:51:03.368  3745  3745 D wpa_supplicant: CTRL-DEBUG: global_ctrl_sock-sendto: sock=11 sndbuf=163840 outq=0 send_len=279

03-30 10:51:03.370  2044  2078 I WhetstoneClientManager: pid = 2465, uid = 10144 is frozen, not allowed Broadcast

03-30 10:51:03.370  2044  2078 V BroadcastQueueInjector: Skipping BroadcastRecord{18a7f00 u-1 android.net.wifi.SCAN_RESULTS} to ProcessRecord{8fb4531 2465:com.tencent.android.qqdownloader:daemon/u0a144}

03-30 10:51:03.370  2044  2078 D Whetstone-FW: MiuiLog-Whetstone-BroadcastControl BroadcastRecord{18a7f00 u-1 android.net.wifi.SCAN_RESULTS} is discarded

03-30 10:51:03.378  4229 32604 I StepsProvider: Steps Provider Query

03-30 10:51:03.420   379   493 I ThermalEngine: Sensor:batt_temp:366 mC

03-30 10:51:03.815  3745  3745 D wpa_supplicant: wlan0: Control interface command 'SIGNAL_POLL'

03-30 10:51:03.831  3745  3745 D wpa_supplicant: CTRL-DEBUG: global_ctrl_sock-sendto: sock=11 sndbuf=163840 outq=0 send_len=49

03-30 10:51:03.848  6151  6186 I octvm_klo: read wakeups from wakealarm_fd:1

03-30 10:51:03.848  6151  6186 I octvm_klo: new timerfd interval:

03-30 10:51:03.848  6151  6186 I octvm_klo: 	itval.it_interval.tv_sec 1, itval.it_interval.tv_nsec 0

03-30 10:51:03.848  6151  6186 I octvm_klo: 	itval.it_value.tv_sec 0, itval.it_value.tv_nsec 999996875

03-30 10:51:04.120  4513  4642 W Metok_Tag: < metok_app > invalid network operator 

03-30 10:51:04.159  4513  4642 W Metok_Tag: < metok_app > invalid network operator 

03-30 10:51:04.390 27823 27890 D UTAnalytics:LogStoreMgr: pid:27823 [store],

03-30 10:51:04.404 27823 27890 D UTAnalytics:UTSqliteLogStore: pid:27823 sql:SELECT * FROM log ORDER BY time ASC  LIMIT 172,

03-30 10:51:04.405 27823 27890 D UTAnalytics:LogStoreMgr: pid:27823 [get],[],

03-30 10:51:04.415 27823 27890 D UTAnalytics:UploadEngine: pid:27823 UTDC.bBackground:false,AppInfoUtil.isForeground(UTDC.getContext()) ,true,

03-30 10:51:04.421   379   493 I ThermalEngine: Sensor:batt_temp:367 mC

03-30 10:51:04.471 27823 28062 D HomeMate: comm[ AsyncTask #1: OrviboUpdateAgent.java:259 doInBackground() ] - result =ï»¿{  "oldVersion": 90,  "day": "7",  "version": 22000302 ,  "name": "HomeMate",  "packagename":"com.orvibo.homemate",  "url": "http://firmware.orvibo.com/androidapk/homemate.apk",  "message": "ä¿®å¤BUGï¼Œæå‡ç¨³å®šæ?§ã??",  "message_en": "Bug fixes and overall performance improvements.",  "size": ""}

03-30 10:51:04.482 27823 27823 E HomeMate: comm[ main: OrviboUpdateAgent.java:311 onPostExecute() ] - localVersionCode=23000300

03-30 10:51:04.485 27823 27823 D HomeMate: comm[ main: MainPresenter.java:331 onUpdateReturned() ] - isCanUpdate:false,responseInfos:{packagename=com.orvibo.homemate, oldVersion=90, size=, url=http://firmware.orvibo.com/androidapk/homemate.apk, version=22000302, name=HomeMate, day=7, message=ä¿®å¤BUGï¼Œæå‡ç¨³å®šæ?§ã??, message_en=Bug fixes and overall performance improvements.}

03-30 10:51:04.485 27823 27823 D HomeMate: comm[ main: MainActivity.java:176 setTabReadTip() ] - showRedTip:false,position:3

03-30 10:51:04.486 27823 27890 D UTAnalytics:UploadTask: pid:27823 mPeriod:30000,

03-30 10:51:04.669 25810 25810 W AppWatcher: type=1400 audit(0.0:55249710): avc: denied { getattr } for path="/proc/opalum-temp-calib" dev="proc" ino=4026534631 scontext=u:r:untrusted_app:s0:c512,c768 tcontext=u:object_r:proc_opalum:s0 tclass=file permissive=0

03-30 10:51:04.669 25810 25810 W AppWatcher: type=1400 audit(0.0:55249711): avc: denied { getattr } for path="/proc/opalum-f0-calib" dev="proc" ino=4026534630 scontext=u:r:untrusted_app:s0:c512,c768 tcontext=u:object_r:proc_opalum:s0 tclass=file permissive=0

03-30 10:51:04.669 25810 25810 W AppWatcher: type=1400 audit(0.0:55249712): avc: denied { getattr } for path="/proc/sysrq-trigger" dev="proc" ino=4026533735 scontext=u:r:untrusted_app:s0:c512,c768 tcontext=u:object_r:proc_sysrq:s0 tclass=file permissive=0

03-30 10:51:04.679 25810 25810 W AppWatcher: type=1400 audit(0.0:55249713): avc: denied { getattr } for path="/proc/1" dev="proc" ino=11921139 scontext=u:r:untrusted_app:s0:c512,c768 tcontext=u:r:init:s0 tclass=dir permissive=0

03-30 10:51:04.679 25810 25810 W AppWatcher: type=1400 audit(0.0:55249714): avc: denied { getattr } for path="/proc/2" dev="proc" ino=11961941 scontext=u:r:untrusted_app:s0:c512,c768 tcontext=u:r:kernel:s0 tclass=dir permissive=0

03-30 10:51:04.679 25810 25810 W AppWatcher: type=1400 audit(0.0:55249715): avc: denied { getattr } for path="/proc/3" dev="proc" ino=11961942 scontext=u:r:untrusted_app:s0:c512,c768 tcontext=u:r:kernel:s0 tclass=dir permissive=0

03-30 10:51:04.679 25810 25810 W AppWatcher: type=1400 audit(0.0:55249716): avc: denied { getattr } for path="/proc/6" dev="proc" ino=11961943 scontext=u:r:untrusted_app:s0:c512,c768 tcontext=u:r:kernel:s0 tclass=dir permissive=0

03-30 10:51:04.679 25810 25810 W AppWatcher: type=1400 audit(0.0:55249717): avc: denied { getattr } for path="/proc/7" dev="proc" ino=11961944 scontext=u:r:untrusted_app:s0:c512,c768 tcontext=u:r:kernel:s0 tclass=dir permissive=0

03-30 10:51:04.689 25810 25810 W AppWatcher: type=1400 audit(0.0:55249718): avc: denied { getattr } for path="/proc/8" dev="proc" ino=11961945 scontext=u:r:untrusted_app:s0:c512,c768 tcontext=u:r:kernel:s0 tclass=dir permissive=0

03-30 10:51:04.689 25810 25810 W AppWatcher: type=1400 audit(0.0:55249719): avc: denied { getattr } for path="/proc/21" dev="proc" ino=11961946 scontext=u:r:untrusted_app:s0:c512,c768 tcontext=u:r:kernel:s0 tclass=dir permissive=0

03-30 10:51:04.689 25810 25810 W AppWatcher: type=1400 audit(0.0:55249720): avc: denied { getattr } for path="/proc/22" dev="proc" ino=11961947 scontext=u:r:untrusted_app:s0:c512,c768 tcontext=u:r:kernel:s0 tclass=dir permissive=0

03-30 10:51:04.689 25810 25810 W AppWatcher: type=1400 audit(0.0:55249721): avc: denied { getattr } for path="/proc/28" dev="proc" ino=11961948 scontext=u:r:untrusted_app:s0:c512,c768 tcontext=u:r:kernel:s0 tclass=dir permissive=0

03-30 10:51:04.689 25810 25810 W AppWatcher: type=1400 audit(0.0:55249722): avc: denied { getattr } for path="/proc/29" dev="proc" ino=11961949 scontext=u:r:untrusted_app:s0:c512,c768 tcontext=u:r:kernel:s0 tclass=dir permissive=0

03-30 10:51:04.699 25810 25810 W AppWatcher: type=1400 audit(0.0:55249723): avc: denied { getattr } for path="/proc/30" dev="proc" ino=11961950 scontext=u:r:untrusted_app:s0:c512,c768 tcontext=u:r:kernel:s0 tclass=dir permissive=0

03-30 10:51:04.699 25810 25810 W AppWatcher: type=1400 audit(0.0:55249724): avc: denied { getattr } for path="/proc/32" dev="proc" ino=11961951 scontext=u:r:untrusted_app:s0:c512,c768 tcontext=u:r:kernel:s0 tclass=dir permissive=0

03-30 10:51:04.699 25810 25810 W AppWatcher: type=1400 audit(0.0:55249725): avc: denied { getattr } for path="/proc/33" dev="proc" ino=11961952 scontext=u:r:untrusted_app:s0:c512,c768 tcontext=u:r:kernel:s0 tclass=dir permissive=0

03-30 10:51:04.699 25810 25810 W AppWatcher: type=1400 audit(0.0:55249726): avc: denied { getattr } for path="/proc/34" dev="proc" ino=11961953 scontext=u:r:untrusted_app:s0:c512,c768 tcontext=u:r:kernel:s0 tclass=dir permissive=0

03-30 10:51:04.699 25810 25810 W AppWatcher: type=1400 audit(0.0:55249727): avc: denied { getattr } for path="/proc/61" dev="proc" ino=11961954 scontext=u:r:untrusted_app:s0:c512,c768 tcontext=u:r:kernel:s0 tclass=dir permissive=0

03-30 10:51:04.699 25810 25810 W AppWatcher: type=1400 audit(0.0:55249728): avc: denied { getattr } for path="/proc/62" dev="proc" ino=11961955 scontext=u:r:untrusted_app:s0:c512,c768 tcontext=u:r:kernel:s0 tclass=dir permissive=0

03-30 10:51:04.699 25810 25810 W AppWatcher: type=1400 audit(0.0:55249729): avc: denied { getattr } for path="/proc/63" dev="proc" ino=11961956 scontext=u:r:untrusted_app:s0:c512,c768 tcontext=u:r:kernel:s0 tclass=dir permissive=0

03-30 10:51:04.709 25810 25810 W AppWatcher: type=1400 audit(0.0:55249730): avc: denied { getattr } for path="/proc/64" dev="proc" ino=11961957 scontext=u:r:untrusted_app:s0:c512,c768 tcontext=u:r:kernel:s0 tclass=dir permissive=0

03-30 10:51:04.709 25810 25810 W AppWatcher: type=1400 audit(0.0:55249731): avc: denied { getattr } for path="/proc/65" dev="proc" ino=11961958 scontext=u:r:untrusted_app:s0:c512,c768 tcontext=u:r:kernel:s0 tclass=dir permissive=0

03-30 10:51:04.709 25810 25810 W AppWatcher: type=1400 audit(0.0:55249732): avc: denied { getattr } for path="/proc/66" dev="proc" ino=11961959 scontext=u:r:untrusted_app:s0:c512,c768 tcontext=u:r:kernel:s0 tclass=dir permissive=0

03-30 10:51:04.709 25810 25810 W AppWatcher: type=1400 audit(0.0:55249733): avc: denied { getattr } for path="/proc/67" dev="proc" ino=11961960 scontext=u:r:untrusted_app:s0:c512,c768 tcontext=u:r:kernel:s0 tclass=dir permissive=0

03-30 10:51:04.709 25810 25810 W AppWatcher: type=1400 audit(0.0:55249734): avc: denied { getattr } for path="/proc/68" dev="proc" ino=11961961 scontext=u:r:untrusted_app:s0:c512,c768 tcontext=u:r:kernel:s0 tclass=dir permissive=0

03-30 10:51:04.709 25810 25810 W AppWatcher: type=1400 audit(0.0:55249735): avc: denied { getattr } for path="/proc/69" dev="proc" ino=11961962 scontext=u:r:untrusted_app:s0:c512,c768 tcontext=u:r:kernel:s0 tclass=dir permissive=0

03-30 10:51:04.848  6151  6186 I octvm_klo: read wakeups from wakealarm_fd:1

03-30 10:51:04.848  6151  6186 I octvm_klo: new timerfd interval:

03-30 10:51:04.848  6151  6186 I octvm_klo: 	itval.it_interval.tv_sec 1, itval.it_interval.tv_nsec 0

03-30 10:51:04.848  6151  6186 I octvm_klo: 	itval.it_value.tv_sec 0, itval.it_value.tv_nsec 999997969

03-30 10:51:05.423   379   493 I ThermalEngine: Sensor:batt_temp:366 mC

03-30 10:51:05.848  6151  6186 I octvm_klo: read wakeups from wakealarm_fd:1

03-30 10:51:05.848  6151  6186 I octvm_klo: new timerfd interval:

03-30 10:51:05.848  6151  6186 I octvm_klo: 	itval.it_interval.tv_sec 1, itval.it_interval.tv_nsec 0

03-30 10:51:05.848  6151  6186 I octvm_klo: 	itval.it_value.tv_sec 0, itval.it_value.tv_nsec 999997292

03-30 10:51:06.424   379   493 I ThermalEngine: Sensor:batt_temp:366 mC

03-30 10:51:06.836  3745  3745 D wpa_supplicant: wlan0: Control interface command 'SIGNAL_POLL'

03-30 10:51:06.838  3745  3745 D wpa_supplicant: CTRL-DEBUG: global_ctrl_sock-sendto: sock=11 sndbuf=163840 outq=0 send_len=49

03-30 10:51:06.849  6151  6186 I octvm_klo: read wakeups from wakealarm_fd:1

03-30 10:51:06.849  6151  6186 I octvm_klo: new timerfd interval:

03-30 10:51:06.849  6151  6186 I octvm_klo: 	itval.it_interval.tv_sec 1, itval.it_interval.tv_nsec 0

03-30 10:51:06.849  6151  6186 I octvm_klo: 	itval.it_value.tv_sec 0, itval.it_value.tv_nsec 999997813

03-30 10:51:06.872 28084 28084 D AndroidRuntime: >>>>>> START com.android.internal.os.RuntimeInit uid 2000 <<<<<<

03-30 10:51:06.878 28084 28084 D AndroidRuntime: CheckJNI is OFF

03-30 10:51:06.935 28084 28084 D ICU     : No timezone override file found: /data/misc/zoneinfo/current/icu/icu_tzdata.dat

03-30 10:51:07.003 28084 28084 I Radio-JNI: register_android_hardware_Radio DONE

03-30 10:51:07.046 28084 28084 D AndroidRuntime: Calling main entry com.android.commands.am.Am

03-30 10:51:07.061  3754  3754 D MediaScannerReceiver: action: android.intent.action.MEDIA_SCANNER_SCAN_FILE path: /data/local/tmp/screenshot.png

03-30 10:51:07.069 24778 24778 W om.miui.gallery: type=1400 audit(0.0:55249991): avc: denied { getattr } for path="/data/local/tmp" dev="mmcblk0p25" ino=253954 scontext=u:r:platform_app:s0:c512,c768 tcontext=u:object_r:shell_data_file:s0 tclass=dir permissive=0

03-30 10:51:07.072 24778 24778 I MiuiGallery2_MediaScannerReceiver: ACTION_MEDIA_SCANNER_SCAN_FILE /data/local/tmp/screenshot.png

03-30 10:51:07.078 24778 24778 I MiuiGallery2_MediaScannerService: onCreate

03-30 10:51:07.080 24778 24778 I MiuiGallery2_MediaScannerService: onStartCommand: 1

03-30 10:51:07.081 24778 24778 I MiuiGallery2_MediaScannerService: ScanFileTask scanPriority 1, path /data/local/tmp/screenshot.png

03-30 10:51:07.081 24778 24778 I MiuiGallery2_ScanTaskManager: priority 1, time 1490842267081

03-30 10:51:07.084 28084 28084 D AndroidRuntime: Shutting down VM

03-30 10:51:07.089 28099 28099 W thread-pool-0: type=1400 audit(0.0:55249992): avc: denied { getattr } for path="/data/local/tmp" dev="mmcblk0p25" ino=253954 scontext=u:r:platform_app:s0:c512,c768 tcontext=u:object_r:shell_data_file:s0 tclass=dir permissive=0

03-30 10:51:07.110 24778 28099 I MiuiGallery2_SaveToCloudUtil: insert /data/local/tmp/screenshot_1490842267109.png

03-30 10:51:07.110 24778 28099 W System.err: java.io.FileNotFoundException: /data/local/tmp/screenshot_1490842267109.png: open failed: ENOENT (No such file or directory)

03-30 10:51:07.111 24778 28099 W System.err: 	at libcore.io.IoBridge.open(IoBridge.java:452)

03-30 10:51:07.111 24778 28099 W System.err: 	at java.io.FileInputStream.<init>(FileInputStream.java:76)

