--------- beginning of system

03-30 11:13:23.160  2044  4298 I ActivityManager: START u0 {cmp=com.orvibo.homemate/.user.UserActivity (has extras)} from uid 10143 on display 0

03-30 11:13:32.148  2044  4298 I ActivityManager: START u0 {act=android.media.action.IMAGE_CAPTURE flg=0x3 cmp=com.android.camera/.Camera clip={text/uri-list U:file:///storage/emulated/0/HomeMate/temp_cropped.jpg} (has extras)} from uid 10143 on display 0

03-30 11:13:32.565  2044  2118 D AutomaticBrightnessController: setLightSensorEnabled disable

03-30 11:13:32.565  2044  2118 D AutomaticBrightnessController: setProximitySensorEnabled disable

03-30 11:13:32.956  2044  2044 V NotificationService: pkg=com.android.systemui canInterrupt=true intercept=true

03-30 11:13:34.918  3746  3879 W ContextImpl: Calling a method in the system process without a qualified user: android.app.ContextImpl.bindService:1295 android.content.ContextWrapper.bindService:614 com.xiaomi.mistatistic.sdk.controller.LocalEventRecorder.a:90 com.xiaomi.mistatistic.sdk.controller.LocalEventRecorder.b:70 com.xiaomi.mistatistic.sdk.controller.LocalEventRecorder.a:25 

03-30 11:13:35.168  2044  2118 D AutomaticBrightnessController: setLightSensorEnabled enable

03-30 11:13:35.170  2044  2118 D AutomaticBrightnessController: setProximitySensorEnabled enable

03-30 11:13:35.175  2044  2118 D AutomaticBrightnessController: mLightSensorListener mProximity=-1 ,time=339705955 ,lux=124.908165

03-30 11:13:35.175  2044  2118 D AutomaticBrightnessController: setAmbientLux: mAmbientLux=124.908165, mBrighteningLuxThreshold=187.36224, mDarkeningLuxThreshold=62.454082, angle_xy2horizon=1.2229751

03-30 11:13:37.721  2044  4348 I ActivityManager: START u0 {act=android.media.action.IMAGE_CAPTURE flg=0x3 cmp=com.android.camera/.Camera clip={text/uri-list U:file:///storage/emulated/0/HomeMate/temp_cropped.jpg} (has extras)} from uid 10143 on display 0

03-30 11:13:38.057  2044  2118 D AutomaticBrightnessController: setLightSensorEnabled disable

03-30 11:13:38.058  2044  2118 D AutomaticBrightnessController: setProximitySensorEnabled disable

03-30 11:13:38.457  2044  2044 V NotificationService: pkg=com.android.systemui canInterrupt=true intercept=true

03-30 11:13:43.419  2044  3885 I ActivityManager: START u0 {act=com.android.camera.action.CROP dat=file:///storage/emulated/0/HomeMate/temp_cropped.jpg typ=image/* cmp=com.miui.gallery/.picker.CropperActivity (has extras)} from uid 10143 on display 0

03-30 11:13:43.779  2044  2118 D AutomaticBrightnessController: setLightSensorEnabled enable

03-30 11:13:43.782  2044  2118 D AutomaticBrightnessController: setProximitySensorEnabled enable

03-30 11:13:43.800  2044  2118 D AutomaticBrightnessController: mLightSensorListener mProximity=-1 ,time=339714580 ,lux=125.64292

03-30 11:13:43.800  2044  2118 D AutomaticBrightnessController: setAmbientLux: mAmbientLux=125.64292, mBrighteningLuxThreshold=188.46439, mDarkeningLuxThreshold=62.82146, angle_xy2horizon=1.2479732

03-30 11:13:47.943  2044  2056 I ActivityManager: START u0 {act=android.media.action.IMAGE_CAPTURE flg=0x3 cmp=com.android.camera/.Camera clip={text/uri-list U:file:///storage/emulated/0/HomeMate/temp_cropped.jpg} (has extras)} from uid 10143 on display 0

03-30 11:13:48.288  2044  2118 D AutomaticBrightnessController: setLightSensorEnabled disable

03-30 11:13:48.289  2044  2118 D AutomaticBrightnessController: setProximitySensorEnabled disable

03-30 11:13:48.712  2044  2044 V NotificationService: pkg=com.android.systemui canInterrupt=true intercept=true

03-30 11:13:54.316  2044  2078 V BroadcastQueueInjector: Skipping BroadcastRecord{635ac8 u-1 android.intent.action.BATTERY_CHANGED} to ProcessRecord{41089 1553:com.sina.weibo/u0a98}

03-30 11:13:54.316  2044  2078 D Whetstone-FW: MiuiLog-Whetstone-BroadcastControl BroadcastRecord{635ac8 u-1 android.intent.action.BATTERY_CHANGED} is discarded

03-30 11:13:54.316  2044  2078 V BroadcastQueueInjector: Skipping BroadcastRecord{635ac8 u-1 android.intent.action.BATTERY_CHANGED} to ProcessRecord{1baf88e 1671:com.sina.weibo:remote/u0a98}

03-30 11:13:54.316  2044  2078 D Whetstone-FW: MiuiLog-Whetstone-BroadcastControl BroadcastRecord{635ac8 u-1 android.intent.action.BATTERY_CHANGED} is discarded

03-30 11:13:54.316  2044  2078 V BroadcastQueueInjector: Skipping BroadcastRecord{635ac8 u-1 android.intent.action.BATTERY_CHANGED} to ProcessRecord{8fb4531 2465:com.tencent.android.qqdownloader:daemon/u0a144}

03-30 11:13:54.316  2044  2078 D Whetstone-FW: MiuiLog-Whetstone-BroadcastControl BroadcastRecord{635ac8 u-1 android.intent.action.BATTERY_CHANGED} is discarded

03-30 11:13:54.317  2044  2078 V BroadcastQueueInjector: Skipping BroadcastRecord{635ac8 u-1 android.intent.action.BATTERY_CHANGED} to ProcessRecord{8fb4531 2465:com.tencent.android.qqdownloader:daemon/u0a144}

03-30 11:13:54.317  2044  2078 D Whetstone-FW: MiuiLog-Whetstone-BroadcastControl BroadcastRecord{635ac8 u-1 android.intent.action.BATTERY_CHANGED} is discarded

03-30 11:13:54.351  2044  2078 V BroadcastQueueInjector: Skipping BroadcastRecord{ea6c761 u-1 android.intent.action.BATTERY_CHANGED} to ProcessRecord{41089 1553:com.sina.weibo/u0a98}

03-30 11:13:54.351  2044  2078 D Whetstone-FW: MiuiLog-Whetstone-BroadcastControl BroadcastRecord{ea6c761 u-1 android.intent.action.BATTERY_CHANGED} is discarded

03-30 11:13:54.351  2044  2078 V BroadcastQueueInjector: Skipping BroadcastRecord{ea6c761 u-1 android.intent.action.BATTERY_CHANGED} to ProcessRecord{1baf88e 1671:com.sina.weibo:remote/u0a98}

03-30 11:13:54.351  2044  2078 D Whetstone-FW: MiuiLog-Whetstone-BroadcastControl BroadcastRecord{ea6c761 u-1 android.intent.action.BATTERY_CHANGED} is discarded

03-30 11:13:54.351  2044  2078 V BroadcastQueueInjector: Skipping BroadcastRecord{ea6c761 u-1 android.intent.action.BATTERY_CHANGED} to ProcessRecord{8fb4531 2465:com.tencent.android.qqdownloader:daemon/u0a144}

03-30 11:13:54.351  2044  2078 D Whetstone-FW: MiuiLog-Whetstone-BroadcastControl BroadcastRecord{ea6c761 u-1 android.intent.action.BATTERY_CHANGED} is discarded

03-30 11:13:54.351  2044  2078 V BroadcastQueueInjector: Skipping BroadcastRecord{ea6c761 u-1 android.intent.action.BATTERY_CHANGED} to ProcessRecord{8fb4531 2465:com.tencent.android.qqdownloader:daemon/u0a144}

03-30 11:13:54.351  2044  2078 D Whetstone-FW: MiuiLog-Whetstone-BroadcastControl BroadcastRecord{ea6c761 u-1 android.intent.action.BATTERY_CHANGED} is discarded

03-30 11:13:54.541  2044  4245 I ActivityManager: START u0 {act=com.android.camera.action.CROP dat=file:///storage/emulated/0/HomeMate/temp_cropped.jpg typ=image/* cmp=com.miui.gallery/.picker.CropperActivity (has extras)} from uid 10143 on display 0

03-30 11:13:54.719  3746  3879 W ContextImpl: Calling a method in the system process without a qualified user: android.app.ContextImpl.bindService:1295 android.content.ContextWrapper.bindService:614 com.xiaomi.mistatistic.sdk.controller.LocalEventRecorder.a:90 com.xiaomi.mistatistic.sdk.controller.LocalEventRecorder.b:70 com.xiaomi.mistatistic.sdk.controller.LocalEventRecorder.a:25 

03-30 11:13:54.938  2044  2118 D AutomaticBrightnessController: setLightSensorEnabled enable

03-30 11:13:54.939  2044  2118 D AutomaticBrightnessController: setProximitySensorEnabled enable

03-30 11:13:54.947  2044  2118 D AutomaticBrightnessController: mLightSensorListener mProximity=-1 ,time=339725727 ,lux=125.64292

03-30 11:13:54.947  2044  2118 D AutomaticBrightnessController: setAmbientLux: mAmbientLux=125.64292, mBrighteningLuxThreshold=188.46439, mDarkeningLuxThreshold=62.82146, angle_xy2horizon=1.3395563

03-30 11:13:56.830  4116  4577 W ContextImpl: Calling a method in the system process without a qualified user: android.app.ContextImpl.sendBroadcast:773 android.content.ContextWrapper.sendBroadcast:406 com.miui.networkassistant.service.tm.TrafficManageService.broadCastDataUsageUpdated:-1 com.miui.networkassistant.service.tm.TrafficManageService$8.onReceive:-1 android.app.LoadedApk$ReceiverDispatcher$Args.run:883 

03-30 11:13:57.924  2044  4323 D BaseMiuiPhoneWindowManager: keyCode:4 down:true 339728704 339728704 policyFlags=2b000000 deviceId:-1 isScreenOn:true

03-30 11:13:57.925  2044  4323 D WindowManager: keyguardActive=false

03-30 11:13:57.944  2044  4374 D BaseMiuiPhoneWindowManager: keyCode:4 down:false 339728704 339728704 policyFlags=2b000000 deviceId:-1 isScreenOn:true

03-30 11:13:57.944  2044  4374 D WindowManager: keyguardActive=false

03-30 11:14:06.249  2044  4283 I ActivityManager: Force stopping com.orvibo.homemate appid=10143 user=0: from pid 17509

03-30 11:14:06.249  2044  4283 I ActivityManager: Killing 16232:com.orvibo.homemate/u0a143 (adj 0): stop com.orvibo.homemate

03-30 11:14:06.250  2044  4283 D ActivityManager: cleanUpApplicationRecord -- 16232

03-30 11:14:06.250  2044  4283 I AutoStartManagerService: MIUILOG- Reject RestartService packageName :com.orvibo.homemate uid : 10143

03-30 11:14:06.251  2044  4283 I AutoStartManagerService: MIUILOG- Reject RestartService packageName :com.orvibo.homemate uid : 10143

03-30 11:14:06.251  2044  4283 I AutoStartManagerService: MIUILOG- Reject RestartService packageName :com.orvibo.homemate uid : 10143

03-30 11:14:06.251  2044  4283 I AutoStartManagerService: MIUILOG- Reject RestartService packageName :com.orvibo.homemate uid : 10143

03-30 11:14:06.251  2044  4283 W ActivityManager: Force removing ActivityRecord{5d90115 u0 com.orvibo.homemate/.common.main.MainActivity t17618}: app died, no saved state

03-30 11:14:06.256  2044  2080 I libprocessgroup: Killing pid 16433 in uid 10143 as part of process group 16232

03-30 11:14:06.286  2044  4283 I ActivityManager: Killing 16328:com.orvibo.homemate:moon/u0a143 (adj 2): stop com.orvibo.homemate

03-30 11:14:06.286  2044  4283 D ActivityManager: cleanUpApplicationRecord -- 16328

03-30 11:14:06.286  2044  4283 I AutoStartManagerService: MIUILOG- Reject RestartService packageName :com.orvibo.homemate uid : 10143

03-30 11:14:06.301  2044  2078 V BroadcastQueueInjector: Skipping BroadcastRecord{19996c u0 android.intent.action.PACKAGE_RESTARTED} to ProcessRecord{b98f09b 8403:com.tencent.android.qqdownloader/u0a144}

03-30 11:14:06.301  2044  2078 D Whetstone-FW: MiuiLog-Whetstone-BroadcastControl BroadcastRecord{19996c u0 android.intent.action.PACKAGE_RESTARTED} is discarded

03-30 11:14:06.301  2044  2078 V BroadcastQueueInjector: Skipping BroadcastRecord{19996c u0 android.intent.action.PACKAGE_RESTARTED} to ProcessRecord{6871976 8421:com.tencent.android.qqdownloader:connect/u0a144}

03-30 11:14:06.301  2044  2078 D Whetstone-FW: MiuiLog-Whetstone-BroadcastControl BroadcastRecord{19996c u0 android.intent.action.PACKAGE_RESTARTED} is discarded

03-30 11:14:06.342  2044  3621 D WifiService: Client connection lost with reason: 4

03-30 11:14:06.345  2044  4104 W InputMethodManagerService: Got RemoteException sending setActive(false) notification to pid 16232 uid 10143

03-30 11:14:07.535  2044  3885 D BaseMiuiPhoneWindowManager: keyCode:3 down:true 339738311 339738311 policyFlags=2b000000 deviceId:-1 isScreenOn:true

03-30 11:14:07.535  2044  3885 D WindowManager: keyguardActive=false

03-30 11:14:07.542  2044  3799 D BaseMiuiPhoneWindowManager: keyCode:3 down:false 339738311 339738311 policyFlags=2b000000 deviceId:-1 isScreenOn:true

03-30 11:14:07.542  2044  3799 D WindowManager: keyguardActive=false

03-30 11:14:07.549  2044  2078 V BroadcastQueueInjector: Skipping BroadcastRecord{b33a22 u-1 android.intent.action.CLOSE_SYSTEM_DIALOGS} to ProcessRecord{8fb4531 2465:com.tencent.android.qqdownloader:daemon/u0a144}

03-30 11:14:07.553  2044  2078 D Whetstone-FW: MiuiLog-Whetstone-BroadcastControl BroadcastRecord{b33a22 u-1 android.intent.action.CLOSE_SYSTEM_DIALOGS} is discarded

03-30 11:14:07.557  2044  3550 I ActivityManager: START u0 {act=android.intent.action.MAIN cat=[android.intent.category.HOME] flg=0x10200000 cmp=com.miui.home/.launcher.Launcher (has extras)} from uid 1000 on display 0

03-30 11:14:07.849  2044  2056 W WindowManager: Attempted to remove non-existing token: android.os.Binder@23fdfc5

03-30 11:14:09.135  2044  4245 I ActivityManager: Force stopping io.appium.unlock appid=10126 user=0: from pid 17571

03-30 11:14:09.141  2044  2078 V BroadcastQueueInjector: Skipping BroadcastRecord{e558a5d u0 android.intent.action.PACKAGE_RESTARTED} to ProcessRecord{b98f09b 8403:com.tencent.android.qqdownloader/u0a144}

03-30 11:14:09.141  2044  2078 D Whetstone-FW: MiuiLog-Whetstone-BroadcastControl BroadcastRecord{e558a5d u0 android.intent.action.PACKAGE_RESTARTED} is discarded

03-30 11:14:09.142  2044  2078 V BroadcastQueueInjector: Skipping BroadcastRecord{e558a5d u0 android.intent.action.PACKAGE_RESTARTED} to ProcessRecord{6871976 8421:com.tencent.android.qqdownloader:connect/u0a144}

03-30 11:14:09.142  2044  2078 D Whetstone-FW: MiuiLog-Whetstone-BroadcastControl BroadcastRecord{e558a5d u0 android.intent.action.PACKAGE_RESTARTED} is discarded

03-30 11:14:11.028  2044  4266 I ActivityManager: START u0 {act=android.intent.action.VIEW dat=file:///data/local/tmp/UnicodeIME-debug.apk typ=application/vnd.android.package-archive flg=0x18000000 cmp=com.miui.securitycenter/com.miui.permcenter.install.AdbInstallActivity (has extras)} from uid 2000 on display 0

03-30 11:14:11.113  2044  2057 E ActivityManager: Invalid thumbnail dimensions: 0x0

03-30 11:14:11.128  2044  3799 W InputMethodManagerService: Window already focused, ignoring focus gain of: com.android.internal.view.IInputMethodClient$Stub$Proxy@4444bff attribute=null, token = android.os.BinderProxy@6350dbe

03-30 11:14:11.216  2044  4123 D com.android.server.pm.PackageManagerServiceInjector: check if need preinstall apps

03-30 11:14:11.232  6143  1618 D DefContainer: Copying /data/local/tmp/UnicodeIME-debug.apk to base.apk

03-30 11:14:11.266  2044  2126 W PackageManager: Package io.appium.android.ime signatures do not match the previously installed version; ignoring!

03-30 11:14:11.531  2044  2126 I com.android.server.pm.PackageManagerServiceInjector: MIUILOG-onPackageInstalled: PackageEvent { mTimeStamp=2017-03-30 11:14:11 mAction=Install mPackageName=io.appium.android.ime mReturnCode=-7 mVersionCode=0 mVersionName=mInstallerPkgName=

03-30 11:14:17.119  2044  3765 I ActivityManager: START u0 {act=android.intent.action.VIEW dat=file:///data/local/tmp/settings_apk-debug.apk typ=application/vnd.android.package-archive flg=0x18000000 cmp=com.miui.securitycenter/com.miui.permcenter.install.AdbInstallActivity (has extras)} from uid 2000 on display 0

03-30 11:14:17.196 26123 26123 I PackageParser: io.appium.settings: compat added android.permission.WRITE_EXTERNAL_STORAGE

03-30 11:14:17.213  2044  4298 E ActivityManager: Invalid thumbnail dimensions: 0x0

03-30 11:14:17.227  2044  4266 W InputMethodManagerService: Window already focused, ignoring focus gain of: com.android.internal.view.IInputMethodClient$Stub$Proxy@7cb7b3d attribute=null, token = android.os.BinderProxy@6350dbe

03-30 11:14:17.290  2044  4123 D com.android.server.pm.PackageManagerServiceInjector: check if need preinstall apps

03-30 11:14:17.307  6143  6167 D DefContainer: Copying /data/local/tmp/settings_apk-debug.apk to base.apk

03-30 11:14:17.322  2044  2126 I PackageParser: io.appium.settings: compat added android.permission.WRITE_EXTERNAL_STORAGE

03-30 11:14:17.339  2044  2126 W PackageManager: Package io.appium.settings signatures do not match the previously installed version; ignoring!

03-30 11:14:17.538  2044  2126 I com.android.server.pm.PackageManagerServiceInjector: MIUILOG-onPackageInstalled: PackageEvent { mTimeStamp=2017-03-30 11:14:17 mAction=Install mPackageName=io.appium.settings mReturnCode=-7 mVersionCode=0 mVersionName=mInstallerPkgName=

03-30 11:14:18.530  2044  4245 I ActivityManager: START u0 {act=android.intent.action.VIEW dat=file:///data/local/tmp/unlock_apk-debug.apk typ=application/vnd.android.package-archive flg=0x18000000 cmp=com.miui.securitycenter/com.miui.permcenter.install.AdbInstallActivity (has extras)} from uid 2000 on display 0

03-30 11:14:18.606  2044  2057 E ActivityManager: Invalid thumbnail dimensions: 0x0

03-30 11:14:18.613  2044  4266 W InputMethodManagerService: Window already focused, ignoring focus gain of: com.android.internal.view.IInputMethodClient$Stub$Proxy@ef6adad attribute=null, token = android.os.BinderProxy@6350dbe

03-30 11:14:18.684  2044  4123 D com.android.server.pm.PackageManagerServiceInjector: check if need preinstall apps

03-30 11:14:18.702  6143  1618 D DefContainer: Copying /data/local/tmp/unlock_apk-debug.apk to base.apk

03-30 11:14:18.728  2044  2126 W PackageManager: Package io.appium.unlock signatures do not match the previously installed version; ignoring!

03-30 11:14:18.932  2044  2126 I com.android.server.pm.PackageManagerServiceInjector: MIUILOG-onPackageInstalled: PackageEvent { mTimeStamp=2017-03-30 11:14:18 mAction=Install mPackageName=io.appium.unlock mReturnCode=-7 mVersionCode=0 mVersionName=mInstallerPkgName=

03-30 11:14:21.102  2044  3547 D Whetstone-FW: MiuiLog-Whetstone-AlarmControl Alarm{8eb72e1 type 3 when 595080000 com.tencent.android.qqdownloader} is discarded

03-30 11:14:21.103  2044  3547 D Whetstone-FW: MiuiLog-Whetstone-AlarmControl Alarm{446a806 type 3 when 595080000 com.tencent.android.qqdownloader} is discarded

03-30 11:14:21.144  2044  4348 V BroadcastQueueInjector: Skipping BroadcastRecord{3eb8ec7 u0 action.scheduler.access.trigger.timer} to ProcessRecord{b98f09b 8403:com.tencent.android.qqdownloader/u0a144}

03-30 11:14:21.146  2044  4348 D Whetstone-FW: MiuiLog-Whetstone-BroadcastControl BroadcastRecord{3eb8ec7 u0 action.scheduler.access.trigger.timer} is discarded

03-30 11:14:22.688  2044  2078 V BroadcastQueueInjector: Skipping BroadcastRecord{51a9460 u-1 android.net.wifi.SCAN_RESULTS} to ProcessRecord{8fb4531 2465:com.tencent.android.qqdownloader:daemon/u0a144}

03-30 11:14:22.688  2044  2078 D Whetstone-FW: MiuiLog-Whetstone-BroadcastControl BroadcastRecord{51a9460 u-1 android.net.wifi.SCAN_RESULTS} is discarded

03-30 11:14:26.588  2044  4123 I ActivityManager: Force stopping com.orvibo.homemate appid=10143 user=0: from pid 17895

03-30 11:14:26.591  2044  2078 V BroadcastQueueInjector: Skipping BroadcastRecord{dc4b1de u0 android.intent.action.PACKAGE_RESTARTED} to ProcessRecord{b98f09b 8403:com.tencent.android.qqdownloader/u0a144}

03-30 11:14:26.591  2044  2078 D Whetstone-FW: MiuiLog-Whetstone-BroadcastControl BroadcastRecord{dc4b1de u0 android.intent.action.PACKAGE_RESTARTED} is discarded

03-30 11:14:26.591  2044  2078 V BroadcastQueueInjector: Skipping BroadcastRecord{dc4b1de u0 android.intent.action.PACKAGE_RESTARTED} to ProcessRecord{6871976 8421:com.tencent.android.qqdownloader:connect/u0a144}

03-30 11:14:26.592  2044  2078 D Whetstone-FW: MiuiLog-Whetstone-BroadcastControl BroadcastRecord{dc4b1de u0 android.intent.action.PACKAGE_RESTARTED} is discarded

03-30 11:14:26.858  2044  4323 I ActivityManager: START u0 {act=android.intent.action.MAIN cat=[android.intent.category.LAUNCHER] flg=0x10200000 cmp=com.orvibo.homemate/.common.launch.LaunchActivity} from uid 2000 on display 0

03-30 11:14:26.905  2044  4104 I ActivityManager: Start proc 17923:com.orvibo.homemate/u0a143 for activity com.orvibo.homemate/.common.launch.LaunchActivity

03-30 11:14:28.660  2044  3621 D WifiService: New client listening to asynchronous messages

03-30 11:14:29.447  2044  4374 I ActivityManager: Start proc 18024:com.orvibo.homemate:moon/u0a143 for service com.orvibo.homemate/.service.MoonService

03-30 11:14:31.303  2044  2078 V ActivityManager: Attempted to start a foreground service (ComponentInfo{com.orvibo.homemate/com.orvibo.homemate.service.MoonService}) with a broken notification (no icon: Notification(pri=0 contentView=null vibrate=null sound=null defaults=0x0 flags=0x40 color=0x00000000 vis=PRIVATE))

03-30 11:14:31.308  2044  2044 V NotificationService: pkg=com.orvibo.homemate canInterrupt=true intercept=true

03-30 11:14:31.315  2044  2078 V ActivityManager: Attempted to start a foreground service (ComponentInfo{com.orvibo.homemate/com.orvibo.homemate.service.TempService}) with a broken notification (no icon: Notification(pri=0 contentView=null vibrate=null sound=null defaults=0x0 flags=0x40 color=0x00000000 vis=PRIVATE))

03-30 11:14:31.319  2044  2044 V NotificationService: pkg=com.orvibo.homemate canInterrupt=true intercept=true

03-30 11:14:31.365  3746  3879 W ContextImpl: Calling a method in the system process without a qualified user: android.app.ContextImpl.bindService:1295 android.content.ContextWrapper.bindService:614 com.xiaomi.mistatistic.sdk.controller.LocalEventRecorder.a:90 com.xiaomi.mistatistic.sdk.controller.LocalEventRecorder.b:70 com.xiaomi.mistatistic.sdk.controller.LocalEventRecorder.a:25 

03-30 11:14:33.872  2044  4266 D SystemSettings: Want to modify SystemSettings? See MiuiSettings.System.PUBLIC_SETTINGS

03-30 11:14:33.872  2044  4266 W SettingsProvider: You shouldn't keep your settings in the secure settings. This will soon become an error.

--------- beginning of main

03-30 11:14:34.337  6151  6186 I octvm_klo: read wakeups from wakealarm_fd:1

03-30 11:14:34.337  6151  6186 I octvm_klo: new timerfd interval:

03-30 11:14:34.337  6151  6186 I octvm_klo: 	itval.it_interval.tv_sec 1, itval.it_interval.tv_nsec 0

03-30 11:14:34.337  6151  6186 I octvm_klo: 	itval.it_value.tv_sec 0, itval.it_value.tv_nsec 999997031

03-30 11:14:34.423  3745  3745 D wpa_supplicant: nl80211: Event message available

03-30 11:14:34.423  3745  3745 D wpa_supplicant: nl80211: Drv Event 34 (NL80211_CMD_NEW_SCAN_RESULTS) received for wlan0

03-30 11:14:34.423  3745  3745 D wpa_supplicant: wlan0: nl80211: New scan results available

03-30 11:14:34.423  3745  3745 D wpa_supplicant: nl80211: Scan included frequencies: 2412 2417 2422 2427 2432 2437 2442 2447 2452 2457 2462 2467 2472 5180 5200 5220 5240 5260 5280 5300 5320 5745 5765 5785 5805 5825

03-30 11:14:34.423  3745  3745 D wpa_supplicant: wlan0: Event SCAN_RESULTS (3) received

03-30 11:14:34.423  3745  3745 D wpa_supplicant: wlan0: Scan completed in 2.266802 seconds

03-30 11:14:34.423  3745  3745 D wpa_supplicant: nl80211: Associated on 5280 MHz

03-30 11:14:34.423  3745  3745 D wpa_supplicant: nl80211: Associated with cc:81:da:9c:13:28

03-30 11:14:34.424  3745  3745 D wpa_supplicant: nl80211: Received scan results (32 BSSes)

03-30 11:14:34.424  3745  3745 D wpa_supplicant: nl80211: Scan results indicate BSS status with cc:81:da:9c:13:28 as associated

03-30 11:14:34.424  3745  3745 D wpa_supplicant: wlan0: BSS: Start scan result update 5379

03-30 11:14:34.424  3745  3745 D wpa_supplicant: wlan0: BSS: Remove id 8684 BSSID d4:ee:07:3f:27:1c SSID 'zhanting' due to no match in scan

03-30 11:14:34.424  3745  3745 D wpa_supplicant: CTRL-DEBUG: ctrl_sock-sendmsg: sock=11 sndbuf=163840 outq=0 send_len=45

03-30 11:14:34.424  3745  3745 D wpa_supplicant: CTRL_IFACE monitor sent successfully to /data/misc/wifi/sockets/wpa_ctrl_2044-2\x00

03-30 11:14:34.424  3745  3745 D wpa_supplicant: wlan0: BSS: Remove id 8719 BSSID d4:68:ba:93:d4:33 SSID 'buydeemap' due to no match in scan

03-30 11:14:34.424  3745  3745 D wpa_supplicant: CTRL-DEBUG: ctrl_sock-sendmsg: sock=11 sndbuf=163840 outq=448 send_len=45

03-30 11:14:34.424  3745  3745 D wpa_supplicant: CTRL_IFACE monitor sent successfully to /data/misc/wifi/sockets/wpa_ctrl_2044-2\x00

03-30 11:14:34.424  3745  3745 D wpa_supplicant: BSS: last_scan_res_used=32/64

03-30 11:14:34.424  3745  3745 D wpa_supplicant: wlan0: Scan-only results received

03-30 11:14:34.424  3745  3745 D wpa_supplicant: CTRL-DEBUG: ctrl_sock-sendmsg: sock=11 sndbuf=163840 outq=896 send_len=24

03-30 11:14:34.424  3745  3745 D wpa_supplicant: CTRL_IFACE monitor sent successfully to /data/misc/wifi/sockets/wpa_ctrl_2044-2\x00

03-30 11:14:34.424  3745  3745 D wpa_supplicant: wlan0: Radio work 'scan'@0xb68d9398 done in 2.269989 seconds

03-30 11:14:34.429  3745  3745 D wpa_supplicant: RTM_NEWLINK: ifi_index=22 ifname=wlan0 wext ifi_family=0 ifi_flags=0x11043 ([UP][RUNNING][LOWER_UP])

03-30 11:14:34.445  3745  3745 D wpa_supplicant: CTRL-DEBUG: global_ctrl_sock-sendto: sock=11 sndbuf=163840 outq=0 send_len=3605

03-30 11:14:34.449  3745  3745 D wpa_supplicant: CTRL-DEBUG: global_ctrl_sock-sendto: sock=11 sndbuf=163840 outq=0 send_len=3830

03-30 11:14:34.452  3745  3745 D wpa_supplicant: CTRL-DEBUG: global_ctrl_sock-sendto: sock=11 sndbuf=163840 outq=0 send_len=3955

03-30 11:14:34.456  3745  3745 D wpa_supplicant: CTRL-DEBUG: global_ctrl_sock-sendto: sock=11 sndbuf=163840 outq=0 send_len=3263

03-30 11:14:34.459  3745  3745 D wpa_supplicant: CTRL-DEBUG: global_ctrl_sock-sendto: sock=11 sndbuf=163840 outq=0 send_len=3573

03-30 11:14:34.465  3745  3745 D wpa_supplicant: CTRL-DEBUG: global_ctrl_sock-sendto: sock=11 sndbuf=163840 outq=0 send_len=3220

03-30 11:14:34.487  3745  3745 D wpa_supplicant: EAPOL: EAP Session-Id not available

03-30 11:14:34.487  3745  3745 D wpa_supplicant: CTRL-DEBUG: global_ctrl_sock-sendto: sock=11 sndbuf=163840 outq=0 send_len=279

03-30 11:14:34.491  2044  2078 I WhetstoneClientManager: pid = 2465, uid = 10144 is frozen, not allowed Broadcast

03-30 11:14:34.491  2044  2078 V BroadcastQueueInjector: Skipping BroadcastRecord{1b87438 u-1 android.net.wifi.SCAN_RESULTS} to ProcessRecord{8fb4531 2465:com.tencent.android.qqdownloader:daemon/u0a144}

03-30 11:14:34.491  2044  2078 D Whetstone-FW: MiuiLog-Whetstone-BroadcastControl BroadcastRecord{1b87438 u-1 android.net.wifi.SCAN_RESULTS} is discarded

03-30 11:14:34.497  4229 30187 I StepsProvider: Steps Provider Query

03-30 11:14:34.539   379   493 I ThermalEngine: Sensor:batt_temp:367 mC

03-30 11:14:35.102 17876 17876 I QueryController: Matched selector: UiSelector[INSTANCE=0, RESOURCE_ID=com.orvibo.homemate:id/iv_personal_user_icon] <<==>> [android.view.accessibility.AccessibilityNodeInfo@8005371c; boundsInParent: Rect(0, 0 - 347, 347); boundsInScreen: Rect(366, 138 - 713, 485); packageName: com.orvibo.homemate; className: android.widget.ImageView; text: null; error: null; maxTextLength: -1; contentDescription: Áî®Êà∑Â§¥ÂÉè116; viewIdResName: com.orvibo.homemate:id/iv_personal_user_icon; checkable: false; checked: false; focusable: false; focused: false; selected: false; clickable: true; longClickable: false; contextClickable: false; enabled: true; password: false; scrollable: false; actions: [AccessibilityAction: ACTION_SELECT - null, AccessibilityAction: ACTION_CLEAR_SELECTION - null, AccessibilityAction: ACTION_CLICK - null, AccessibilityAction: ACTION_ACCESSIBILITY_FOCUS - null, AccessibilityAction: ACTION_NEXT_AT_MOVEMENT_GRANULARITY - null, AccessibilityAction: ACTION_PREVIOUS_AT_MOVEMENT_GRANULARITY - null, AccessibilityAction: ACTION_SET_SELECTION - null, AccessibilityAction: ACTION_UNKNOWN - null]]

03-30 11:14:35.202 17876 17876 I QueryController: Matched selector: UiSelector[INSTANCE=0, RESOURCE_ID=com.orvibo.homemate:id/iv_personal_user_icon] <<==>> [android.view.accessibility.AccessibilityNodeInfo@8005371c; boundsInParent: Rect(0, 0 - 347, 347); boundsInScreen: Rect(366, 138 - 713, 485); packageName: com.orvibo.homemate; className: android.widget.ImageView; text: null; error: null; maxTextLength: -1; contentDescription: Áî®Êà∑Â§¥ÂÉè116; viewIdResName: com.orvibo.homemate:id/iv_personal_user_icon; checkable: false; checked: false; focusable: false; focused: false; selected: false; clickable: true; longClickable: false; contextClickable: false; enabled: true; password: false; scrollable: false; actions: [AccessibilityAction: ACTION_SELECT - null, AccessibilityAction: ACTION_CLEAR_SELECTION - null, AccessibilityAction: ACTION_CLICK - null, AccessibilityAction: ACTION_ACCESSIBILITY_FOCUS - null, AccessibilityAction: ACTION_NEXT_AT_MOVEMENT_GRANULARITY - null, AccessibilityAction: ACTION_PREVIOUS_AT_MOVEMENT_GRANULARITY - null, AccessibilityAction: ACTION_SET_SELECTION - null, AccessibilityAction: ACTION_UNKNOWN - null]]

03-30 11:14:35.208 17876 17876 D InteractionController: clickAndSync(539, 311)

03-30 11:14:35.252  4513  4642 W Metok_Tag: < metok_app > invalid network operator 

03-30 11:14:35.329 17923 17923 I Timeline: Timeline: Activity_launch_request time:339766109

03-30 11:14:35.337  6151  6186 I octvm_klo: read wakeups from wakealarm_fd:1

03-30 11:14:35.338  6151  6186 I octvm_klo: new timerfd interval:

03-30 11:14:35.338  6151  6186 I octvm_klo: 	itval.it_interval.tv_sec 1, itval.it_interval.tv_nsec 0

03-30 11:14:35.338  6151  6186 I octvm_klo: 	itval.it_value.tv_sec 0, itval.it_value.tv_nsec 999991823

03-30 11:14:35.343  2044  3885 I ActivityManager: START u0 {cmp=com.orvibo.homemate/.user.UserActivity (has extras)} from uid 10143 on display 0

03-30 11:14:35.351  4229  4367 D WtProcessController: onAMCreateActivity callback

03-30 11:14:35.351  4229  4367 D WtProcessController: onAMPauseActivity callback

03-30 11:14:35.380 17923 17923 D UTAnalytics:UTDC: pid:17923 [commit] page:Main,eventId:2001,arg1:Launch,arg2:arg3:4032,args:{SDKTYPE=mini},

03-30 11:14:35.384 17923 17923 D UTAnalytics:UTLog: pid:17923 Log [id=0, eventId=2001, index=],867451020054497||460015796275061||Xiaomi||MI NOTE LTE||1920*1080||Unknown||Wi-Fi||Unknown||null||23256401||2.3.0.300||-||-||-||-||zh||a||6.0.1||2.5.1_for_bc||1490843668714||WJfwe+sntC4DAAdSBLpxQDCW||mini||-||-||-||-||_ap=1_mac=02:00:00:00:00:00||1490843675380||Main||2001||Launch||-||4032||-,

03-30 11:14:35.384 17923 17923 D UTAnalytics:LogStoreMgr: pid:17923 [add] :,

03-30 11:14:35.388 17923 17923 D HomeMate: comm[ main: BaseActivity.java:198 onPause() ] - MainActivity

03-30 11:14:35.393  4229  4367 D WtProcessController: onAMRestartActivity callback

03-30 11:14:35.393  2044  3885 I Timeline: Timeline: App_transition_ready time:339766174

03-30 11:14:35.415 17923 17923 D HomeMate: comm[ main: BaseActivity.java:127 onCreate() ] - onCreate:UserActivity

03-30 11:14:35.416 17923 17923 D HomeMate: allen[ main: ActivityManager.java:47 pushActivity() ] - pushActivity:com.orvibo.homemate.user.UserActivity@3b19718

03-30 11:14:35.445 17923 17923 V BoostFramework: BoostFramework() : mPerf = com.qualcomm.qti.Performance@ede443a

03-30 11:14:35.446 17923 17923 V BoostFramework: BoostFramework() : mPerf = com.qualcomm.qti.Performance@c48e8eb

03-30 11:14:35.473 17923 17923 D HomeMate: comm[ main: BaseActivity.java:154 onResume() ] - UserActivity

03-30 11:14:35.474 17923 17923 E HomeMate: comm[ main: UserActivity.java:189 refresh() ] - Account{userId='91a31ba24648493aad89636922662c04', familyId='null', password='E10ADC3949BA59ABBE56E057F20F883E', phone='', email='15079034630@126.com', userType=0, registerType=-1, idc=999999, country='Â±?ÂüüÁΩë', state='null', city=''} BaseBo{delFlag=0, updateTime='1490843483000', createTime='1490603889000', updateTimeSec=0, uid='null', userName='a'}

03-30 11:14:35.480 17923 17923 D HomeMate: comm[ main: GetAccountIcon.java:39 startGetAccountIcon() ] - params:source=ZhiJia365&sessionId=744b91450d2b4111800d6a03fbc31f07&userName=15079034630@126.com

03-30 11:14:35.479  3807  3807 W Binder_5: type=1400 audit(0.0:55329494): avc: denied { ioctl } for path="socket:[12299116]" dev="sockfs" ino=12299116 ioctlcmd=7704 scontext=u:r:system_server:s0 tcontext=u:r:system_server:s0 tclass=unix_stream_socket permissive=0

03-30 11:14:35.479  3807  3807 W Binder_5: type=1400 audit(0.0:55329495): avc: denied { ioctl } for path="socket:[12299116]" dev="sockfs" ino=12299116 ioctlcmd=7704 scontext=u:r:system_server:s0 tcontext=u:r:system_server:s0 tclass=unix_stream_socket permissive=0

03-30 11:14:35.487 17923 17923 D ActivityThreadInjector: clearCachedDrawables.

03-30 11:14:35.506  2044  3765 I Timeline: Timeline: App_transition_ready time:339766286

03-30 11:14:35.508  2044  3765 I Timeline: Timeline: App_transition_ready time:339766288

03-30 11:14:35.540   379   493 I ThermalEngine: Sensor:batt_temp:368 mC

03-30 11:14:35.543  2044  2115 I Timeline: Timeline: App_transition_ready time:339766323

03-30 11:14:35.546 28253 28253 I AppiumUnicodeIME: onFinishInput

03-30 11:14:35.539  4374  4374 W Binder_10: type=1400 audit(0.0:55329496): avc: denied { ioctl } for path="socket:[12296113]" dev="sockfs" ino=12296113 ioctlcmd=7704 scontext=u:r:system_server:s0 tcontext=u:r:system_server:s0 tclass=unix_stream_socket permissive=0

03-30 11:14:35.539  4374  4374 W Binder_10: type=1400 audit(0.0:55329497): avc: denied { ioctl } for path="socket:[12296113]" dev="sockfs" ino=12296113 ioctlcmd=7704 scontext=u:r:system_server:s0 tcontext=u:r:system_server:s0 tclass=unix_stream_socket permissive=0

03-30 11:14:35.548 28253 28253 I AppiumUnicodeIME: onStartInput

03-30 11:14:35.549  2044  2115 I ActivityManager: Displayed com.orvibo.homemate/.user.UserActivity: +160ms

03-30 11:14:35.550  3746  3746 V PhoneStatusBarPolicy: updateManagedProfile mManagedProfileFocused: false mKeyguardVisible: false mCurrentUserId:0 mCurrentProfileId:0 mSecondSpaceStatusIconVisible: true showIcon:false

03-30 11:14:35.568 17923 17923 V AsyncHttpRH: Progress 129 from 1 (12900%)

03-30 11:14:35.569 17923 17923 I HomeMate: comm[ main: GetAccountIcon.java:44 onSuccess() ] - {"errorMessage":"ÊàêÂäü","file":"https://homemate.orvibo.com/images/20170330/2f17c17dfb714820bc42ebe78251d67a.png","errorCode":0}

03-30 11:14:35.569 17923 17923 I HomeMate: comm[ main: GetAccountIcon.java:63 onSuccess() ] - ÊàêÂäü

03-30 11:14:35.807  2044  2115 I Timeline: Timeline: Activity_windows_visible id: ActivityRecord{a42bc11 u0 com.orvibo.homemate/.user.UserActivity t17622} time:339766587

03-30 11:14:35.809  2044  2115 I Timeline: Timeline: App_transition_stopped time:339766589

03-30 11:14:35.825 17923 17923 D HomeMate: comm[ main: BaseActivity.java:215 onStop() ] - MainActivity

03-30 11:14:36.338  6151  6186 I octvm_klo: read wakeups from wakealarm_fd:1

03-30 11:14:36.338  6151  6186 I octvm_klo: new timerfd interval:

03-30 11:14:36.338  6151  6186 I octvm_klo: 	itval.it_interval.tv_sec 1, itval.it_interval.tv_nsec 0

03-30 11:14:36.338  6151  6186 I octvm_klo: 	itval.it_value.tv_sec 0, itval.it_value.tv_nsec 999997448

03-30 11:14:36.344  4116  4556 I XiaomiFirewall: firewall pkgName:com.orvibo.homemate, result:0x0

03-30 11:14:36.367 17923 18183 D HomeMate: comm[ AsyncTask #1: OrviboUpdateAgent.java:259 doInBackground() ] - result =Ôªø{  "oldVersion": 90,  "day": "7",  "version": 22000302 ,  "name": "HomeMate",  "packagename":"com.orvibo.homemate",  "url": "http://firmware.orvibo.com/androidapk/homemate.apk",  "message": "‰øÆÂ§çBUGÔºåÊèêÂçáÁ®≥ÂÆöÊ?ß„??",  "message_en": "Bug fixes and overall performance improvements.",  "size": ""}

03-30 11:14:36.376 17923 17923 E HomeMate: comm[ main: OrviboUpdateAgent.java:311 onPostExecute() ] - localVersionCode=23000300

03-30 11:14:36.377 17923 17923 D HomeMate: comm[ main: MainPresenter.java:331 onUpdateReturned() ] - isCanUpdate:false,responseInfos:{packagename=com.orvibo.homemate, oldVersion=90, size=, url=http://firmware.orvibo.com/androidapk/homemate.apk, version=22000302, name=HomeMate, day=7, message=‰øÆÂ§çBUGÔºåÊèêÂçáÁ®≥ÂÆöÊ?ß„??, message_en=Bug fixes and overall performance improvements.}

03-30 11:14:36.378 17923 17923 D HomeMate: comm[ main: MainActivity.java:176 setTabReadTip() ] - showRedTip:false,position:3

03-30 11:14:36.541   379   493 I ThermalEngine: Sensor:batt_temp:367 mC

03-30 11:14:36.627 17876 17876 I QueryController: Matched selector: UiSelector[TEXT=‰øÆÊîπÂØÜÁ†Å] <<==>> [android.view.accessibility.AccessibilityNodeInfo@80062b1e; boundsInParent: Rect(0, 0 - 200, 67); boundsInScreen: Rect(44, 1061 - 244, 1128); packageName: com.orvibo.homemate; className: android.widget.TextView; text: ‰øÆÊîπÂØÜÁ†Å; error: null; maxTextLength: -1; contentDescription: null; viewIdResName: null; checkable: false; checked: false; focusable: false; focused: false; selected: false; clickable: false; longClickable: false; contextClickable: false; enabled: true; password: false; scrollable: false; actions: [AccessibilityAction: ACTION_SELECT - null, AccessibilityAction: ACTION_CLEAR_SELECTION - null, AccessibilityAction: ACTION_ACCESSIBILITY_FOCUS - null, AccessibilityAction: ACTION_NEXT_AT_MOVEMENT_GRANULARITY - null, AccessibilityAction: ACTION_PREVIOUS_AT_MOVEMENT_GRANULARITY - null, AccessibilityAction: ACTION_SET_SELECTION - null, AccessibilityAction: ACTION_UNKNOWN - null]]

03-30 11:14:36.665 17876 17876 I QueryController: Matched selector: UiSelector[TEXT=‰øÆÊîπÂØÜÁ†Å] <<==>> [android.view.accessibility.AccessibilityNodeInfo@80062b1e; boundsInParent: Rect(0, 0 - 200, 67); boundsInScreen: Rect(44, 1061 - 244, 1128); packageName: com.orvibo.homemate; className: android.widget.TextView; text: ‰øÆÊîπÂØÜÁ†Å; error: null; maxTextLength: -1; contentDescription: null; viewIdResName: null; checkable: false; checked: false; focusable: false; focused: false; selected: false; clickable: false; longClickable: false; contextClickable: false; enabled: true; password: false; scrollable: false; actions: [AccessibilityAction: ACTION_SELECT - null, AccessibilityAction: ACTION_CLEAR_SELECTION - null, AccessibilityAction: ACTION_ACCESSIBILITY_FOCUS - null, AccessibilityAction: ACTION_NEXT_AT_MOVEMENT_GRANULARITY - null, AccessibilityAction: ACTION_PREVIOUS_AT_MOVEMENT_GRANULARITY - null, AccessibilityAction: ACTION_SET_SELECTION - null, AccessibilityAction: ACTION_UNKNOWN - null]]

03-30 11:14:36.680 17876 17876 D InteractionController: clickAndSync(144, 1094)

03-30 11:14:36.841 17923 17923 I Timeline: Timeline: Activity_launch_request time:339767621

03-30 11:14:36.845  2044  3765 I ActivityManager: START u0 {cmp=com.orvibo.homemate/.user.UserPasswordChangeActivity} from uid 10143 on display 0

03-30 11:14:36.855  4229  4367 D WtProcessController: onAMCreateActivity callback

03-30 11:14:36.857  4229  4367 D WtProcessController: onAMPauseActivity callback

03-30 11:14:36.876 17923 17923 D UTAnalytics:UTDC: pid:17923 [commit] page:User,eventId:2001,arg1:Main,arg2:arg3:1403,args:{SDKTYPE=mini},

03-30 11:14:36.880  3745  3745 D wpa_supplicant: wlan0: Control interface command 'SIGNAL_POLL'

03-30 11:14:36.881 17923 17923 D UTAnalytics:UTLog: pid:17923 Log [id=0, eventId=2001, index=],867451020054497||460015796275061||Xiaomi||MI NOTE LTE||1920*1080||Unknown||Wi-Fi||Unknown||null||23256401||2.3.0.300||-||-||-||-||zh||a||6.0.1||2.5.1_for_bc||1490843668714||WJfwe+sntC4DAAdSBLpxQDCW||mini||-||-||-||-||_ap=1_mac=02:00:00:00:00:00||1490843676877||User||2001||Main||-||1403||-,

03-30 11:14:36.881 17923 17923 D UTAnalytics:LogStoreMgr: pid:17923 [add] :,

03-30 11:14:36.883  3745  3745 D wpa_supplicant: CTRL-DEBUG: global_ctrl_sock-sendto: sock=11 sndbuf=163840 outq=0 send_len=49

03-30 11:14:36.885 17923 17923 D HomeMate: comm[ main: BaseActivity.java:198 onPause() ] - UserActivity

03-30 11:14:36.890  4229  4367 D WtProcessController: onAMRestartActivity callback

03-30 11:14:36.891  2044  4298 I Timeline: Timeline: App_transition_ready time:339767671

03-30 11:14:36.903 17923 17923 D HomeMate: comm[ main: BaseActivity.java:127 onCreate() ] - onCreate:UserPasswordChangeActivity

03-30 11:14:36.903 17923 17923 D HomeMate: allen[ main: ActivityManager.java:47 pushActivity() ] - pushActivity:com.orvibo.homemate.user.UserPasswordChangeActivity@34cd6aa

03-30 11:14:36.962 17923 17923 D HomeMate: comm[ main: BaseActivity.java:154 onResume() ] - UserPasswordChangeActivity

03-30 11:14:36.959  4348  4348 W Binder_F: type=1400 audit(0.0:55329498): avc: denied { ioctl } for path="socket:[12299576]" dev="sockfs" ino=12299576 ioctlcmd=7704 scontext=u:r:system_server:s0 tcontext=u:r:system_server:s0 tclass=unix_stream_socket permissive=0

03-30 11:14:36.959  4348  4348 W Binder_F: type=1400 audit(0.0:55329499): avc: denied { ioctl } for path="socket:[12299576]" dev="sockfs" ino=12299576 ioctlcmd=7704 scontext=u:r:system_server:s0 tcontext=u:r:system_server:s0 tclass=unix_stream_socket permissive=0

03-30 11:14:36.977 17923 17923 D ActivityThreadInjector: clearCachedDrawables.

03-30 11:14:37.001  2044  2056 I Timeline: Timeline: App_transition_ready time:339767781

03-30 11:14:37.005  2044  2056 I Timeline: Timeline: App_transition_ready time:339767785

03-30 11:14:37.035  2044  2115 I Timeline: Timeline: App_transition_ready time:339767815

03-30 11:14:37.029  4323  4323 W Binder_E: type=1400 audit(0.0:55329500): avc: denied { ioctl } for path="socket:[12296113]" dev="sockfs" ino=12296113 ioctlcmd=7704 scontext=u:r:system_server:s0 tcontext=u:r:system_server:s0 tclass=unix_stream_socket permissive=0

03-30 11:14:37.039  4323  4323 W Binder_E: type=1400 audit(0.0:55329501): avc: denied { ioctl } for path="socket:[12296113]" dev="sockfs" ino=12296113 ioctlcmd=7704 scontext=u:r:system_server:s0 tcontext=u:r:system_server:s0 tclass=unix_stream_socket permissive=0

03-30 11:14:37.039  2044  2115 I ActivityManager: Displayed com.orvibo.homemate/.user.UserPasswordChangeActivity: +151ms

03-30 11:14:37.042 28253 28253 I AppiumUnicodeIME: onFinishInput

03-30 11:14:37.043  3746  3746 V PhoneStatusBarPolicy: updateManagedProfile mManagedProfileFocused: false mKeyguardVisible: false mCurrentUserId:0 mCurrentProfileId:0 mSecondSpaceStatusIconVisible: true showIcon:false

03-30 11:14:37.046 28253 28253 I AppiumUnicodeIME: onStartInput

03-30 11:14:37.076 17923 18019 D OpenGLRenderer: endAllStagingAnimators on 0x9ff10300 (RippleDrawable) with handle 0x9fd1aa40

03-30 11:14:37.134  4229  4367 W WtProcessController: do not trim { PackageName :com.orvibo.homemate Pid: 17923 Uid: 10143 Start by: activity Score:50 Old score:50 state:0 mBackgroundTimeInMillis:1490843675351 WakelockCount:0 wakelogsize:0  ActivityDestroied:false Activity size: 3 PackageInfo:{WhetstonePackageInfo#PacakgeName:com.orvibo.homemate uid:10143 uiMemoryThresold:0 nonUiMemoryThresold:0 Flag:1073745984,0x40001040 [,TRIMHEAPS,FLAG_DEAL_SCHEDULE] Type:64[,AUTO_START] } tasknum:17622}

03-30 11:14:37.309  2044  2115 I Timeline: Timeline: Activity_windows_visible id: ActivityRecord{6272f02 u0 com.orvibo.homemate/.user.UserPasswordChangeActivity t17622} time:339768089

03-30 11:14:37.310  2044  2115 I Timeline: Timeline: App_transition_stopped time:339768090

03-30 11:14:37.318 17923 17923 D HomeMate: comm[ main: BaseActivity.java:215 onStop() ] - UserActivity

03-30 11:14:37.338  6151  6186 I octvm_klo: read wakeups from wakealarm_fd:1

03-30 11:14:37.338  6151  6186 I octvm_klo: new timerfd interval:

03-30 11:14:37.338  6151  6186 I octvm_klo: 	itval.it_interval.tv_sec 1, itval.it_interval.tv_nsec 0

03-30 11:14:37.338  6151  6186 I octvm_klo: 	itval.it_value.tv_sec 0, itval.it_value.tv_nsec 999997344

03-30 11:14:37.542   379   493 I ThermalEngine: Sensor:batt_temp:366 mC

03-30 11:14:38.171 17876 17876 I QueryController: Matched selector: UiSelector[TEXT=ÂÆåÊàê] <<==>> [android.view.accessibility.AccessibilityNodeInfo@80068537; boundsInParent: Rect(0, 0 - 992, 132); boundsInScreen: Rect(44, 713 - 1036, 845); packageName: com.orvibo.homemate; className: android.widget.Button; text: ÂÆåÊàê; error: null; maxTextLength: -1; contentDescription: null; viewIdResName: com.orvibo.homemate:id/finishButton; checkable: false; checked: false; focusable: true; focused: false; selected: false; clickable: true; longClickable: false; contextClickable: false; enabled: false; password: false; scrollable: false; actions: [AccessibilityAction: ACTION_FOCUS - null, AccessibilityAction: ACTION_SELECT - null, AccessibilityAction: ACTION_CLEAR_SELECTION - null, AccessibilityAction: ACTION_ACCESSIBILITY_FOCUS - null, AccessibilityAction: ACTION_NEXT_AT_MOVEMENT_GRANULARITY - null, AccessibilityAction: ACTION_PREVIOUS_AT_MOVEMENT_GRANULARITY - null, AccessibilityAction: ACTION_SET_SELECTION - null, AccessibilityAction: ACTION_UNKNOWN - null]]

03-30 11:14:38.206 17876 17876 I QueryController: Matched selector: UiSelector[TEXT=ÂÆåÊàê] <<==>> [android.view.accessibility.AccessibilityNodeInfo@80068537; boundsInParent: Rect(0, 0 - 992, 132); boundsInScreen: Rect(44, 713 - 1036, 845); packageName: com.orvibo.homemate; className: android.widget.Button; text: ÂÆåÊàê; error: null; maxTextLength: -1; contentDescription: null; viewIdResName: com.orvibo.homemate:id/finishButton; checkable: false; checked: false; focusable: true; focused: false; selected: false; clickable: true; longClickable: false; contextClickable: false; enabled: false; password: false; scrollable: false; actions: [AccessibilityAction: ACTION_FOCUS - null, AccessibilityAction: ACTION_SELECT - null, AccessibilityAction: ACTION_CLEAR_SELECTION - null, AccessibilityAction: ACTION_ACCESSIBILITY_FOCUS - null, AccessibilityAction: ACTION_NEXT_AT_MOVEMENT_GRANULARITY - null, AccessibilityAction: ACTION_PREVIOUS_AT_MOVEMENT_GRANULARITY - null, AccessibilityAction: ACTION_SET_SELECTION - null, AccessibilityAction: ACTION_UNKNOWN - null]]

03-30 11:14:38.271 17876 17876 I QueryController: Matched selector: UiSelector[CLASS=android.widget.EditText, INSTANCE=0] <<==>> [android.view.accessibility.AccessibilityNodeInfo@80069bbd; boundsInParent: Rect(0, 0 - 992, 132); boundsInScreen: Rect(44, 308 - 1036, 440); packageName: com.orvibo.homemate; className: android.widget.EditText; text: null; error: null; maxTextLength: 16; contentDescription: null; viewIdResName: com.orvibo.homemate:id/oldPwdEditText; checkable: false; checked: false; focusable: true; focused: false; selected: false; clickable: true; longClickable: true; contextClickable: false; enabled: true; password: true; scrollable: false; actions: [AccessibilityAction: ACTION_FOCUS - null, AccessibilityAction: ACTION_SELECT - null, AccessibilityAction: ACTION_CLEAR_SELECTION - null, AccessibilityAction: ACTION_CLICK - null, AccessibilityAction: ACTION_LONG_CLICK - null, AccessibilityAction: ACTION_ACCESSIBILITY_FOCUS - null, AccessibilityAction: ACTION_UNKNOWN - null]]

03-30 11:14:38.306 17876 17876 I QueryController: Matched selector: UiSelector[CLASS=android.widget.EditText, INSTANCE=1, COUNT=1] <<==>> [android.view.accessibility.AccessibilityNodeInfo@8006a33f; boundsInParent: Rect(0, 0 - 992, 132); boundsInScreen: Rect(44, 537 - 1036, 669); packageName: com.orvibo.homemate; className: android.widget.EditText; text: null; error: null; maxTextLength: 16; contentDescription: null; viewIdResName: com.orvibo.homemate:id/newPwdEditText; checkable: false; checked: false; focusable: true; focused: false; selected: false; clickable: true; longClickable: true; contextClickable: false; enabled: true; password: true; scrollable: false; actions: [AccessibilityAction: ACTION_FOCUS - null, AccessibilityAction: ACTION_SELECT - null, AccessibilityAction: ACTION_CLEAR_SELECTION - null, AccessibilityAction: ACTION_CLICK - null, AccessibilityAction: ACTION_LONG_CLICK - null, AccessibilityAction: ACTION_ACCESSIBILITY_FOCUS - null, AccessibilityAction: ACTION_UNKNOWN - null]]

03-30 11:14:38.338  6151  6186 I octvm_klo: read wakeups from wakealarm_fd:1

03-30 11:14:38.338  6151  6186 I octvm_klo: new timerfd interval:

03-30 11:14:38.338  6151  6186 I octvm_klo: 	itval.it_interval.tv_sec 1, itval.it_interval.tv_nsec 0

03-30 11:14:38.338  6151  6186 I octvm_klo: 	itval.it_value.tv_sec 0, itval.it_value.tv_nsec 999997187

03-30 11:14:38.369 17876 17876 I QueryController: Matched selector: UiSelector[CLASS=android.widget.EditText, INSTANCE=0] <<==>> [android.view.accessibility.AccessibilityNodeInfo@80069bbd; boundsInParent: Rect(0, 0 - 992, 132); boundsInScreen: Rect(44, 308 - 1036, 440); packageName: com.orvibo.homemate; className: android.widget.EditText; text: null; error: null; maxTextLength: 16; contentDescription: null; viewIdResName: com.orvibo.homemate:id/oldPwdEditText; checkable: false; checked: false; focusable: true; focused: false; selected: false; clickable: true; longClickable: true; contextClickable: false; enabled: true; password: true; scrollable: false; actions: [AccessibilityAction: ACTION_FOCUS - null, AccessibilityAction: ACTION_SELECT - null, AccessibilityAction: ACTION_CLEAR_SELECTION - null, AccessibilityAction: ACTION_CLICK - null, AccessibilityAction: ACTION_LONG_CLICK - null, AccessibilityAction: ACTION_ACCESSIBILITY_FOCUS - null, AccessibilityAction: ACTION_UNKNOWN - null]]

03-30 11:14:38.369 17876 17876 D UiObject: getText() = 

03-30 11:14:38.390 17876 17876 I QueryController: Matched selector: UiSelector[CLASS=android.widget.EditText, INSTANCE=0] <<==>> [android.view.accessibility.AccessibilityNodeInfo@80069bbd; boundsInParent: Rect(0, 0 - 992, 132); boundsInScreen: Rect(44, 308 - 1036, 440); packageName: com.orvibo.homemate; className: android.widget.EditText; text: null; error: null; maxTextLength: 16; contentDescription: null; viewIdResName: com.orvibo.homemate:id/oldPwdEditText; checkable: false; checked: false; focusable: true; focused: false; selected: false; clickable: true; longClickable: true; contextClickable: false; enabled: true; password: true; scrollable: false; actions: [AccessibilityAction: ACTION_FOCUS - null, AccessibilityAction: ACTION_SELECT - null, AccessibilityAction: ACTION_CLEAR_SELECTION - null, AccessibilityAction: ACTION_CLICK - null, AccessibilityAction: ACTION_LONG_CLICK - null, AccessibilityAction: ACTION_ACCESSIBILITY_FOCUS - null, AccessibilityAction: ACTION_UNKNOWN - null]]

03-30 11:14:38.544   379   493 I ThermalEngine: Sensor:batt_temp:366 mC

03-30 11:14:38.648 17923 17953 I RestfulUtils: {"result":{"code":"200","msg":"Êìç‰ΩúÊàêÂäü!"}}

03-30 11:14:38.902 17923 17923 W TextView: TextView does not support text selection. Selection cancelled.

03-30 11:14:38.919 28253 28253 I AppiumUnicodeIME: onFinishInput

03-30 11:14:38.909  3885  3885 W Binder_6: type=1400 audit(0.0:55329502): avc: denied { ioctl } for path="socket:[12296113]" dev="sockfs" ino=12296113 ioctlcmd=7704 scontext=u:r:system_server:s0 tcontext=u:r:system_server:s0 tclass=unix_stream_socket permissive=0

03-30 11:14:38.919 28253 28253 I AppiumUnicodeIME: onStartInput

