03-30 10:36:24.161 11889 11983 D HomeMate: comm[ Thread-44416: FileTool.java:65 deleteOldFiles() ] - deleteOldFiles()-fileName:HomeMate_20170317142814.187.txt

03-30 10:36:24.161 11889 11983 D HomeMate: comm[ Thread-44416: FileTool.java:65 deleteOldFiles() ] - deleteOldFiles()-fileName:HomeMate_20170317142737.993.txt

03-30 10:36:24.161 11889 11983 D HomeMate: comm[ Thread-44416: FileTool.java:65 deleteOldFiles() ] - deleteOldFiles()-fileName:HomeMate_20170317142658.123.txt

03-30 10:36:24.162 11889 11983 D HomeMate: comm[ Thread-44416: FileTool.java:65 deleteOldFiles() ] - deleteOldFiles()-fileName:HomeMate_20170317142609.183.txt

03-30 10:36:24.162 11889 11983 D HomeMate: comm[ Thread-44416: FileTool.java:65 deleteOldFiles() ] - deleteOldFiles()-fileName:HomeMate_20170317142536.267.txt

03-30 10:36:24.162 11889 11983 D HomeMate: comm[ Thread-44416: FileTool.java:65 deleteOldFiles() ] - deleteOldFiles()-fileName:HomeMate_20170317142448.132.txt

03-30 10:36:24.163 11889 11983 D HomeMate: comm[ Thread-44416: FileTool.java:65 deleteOldFiles() ] - deleteOldFiles()-fileName:HomeMate_20170317142410.867.txt

03-30 10:36:24.163 11889 11889 D HomeMate: comm[ main: HomeFragment.java:382 doRefreshRooms() ] - HomeRefresh-do refresh

03-30 10:36:24.163 11889 11983 D HomeMate: comm[ Thread-44416: FileTool.java:65 deleteOldFiles() ] - deleteOldFiles()-fileName:HomeMate_20170317142320.861.txt

03-30 10:36:24.163 11889 11983 D HomeMate: comm[ Thread-44416: FileTool.java:65 deleteOldFiles() ] - deleteOldFiles()-fileName:HomeMate_20170317142246.323.txt

03-30 10:36:24.163 11889 11889 D HomeMate: allen[ main: HomeFragment.java:385 doRefreshRooms() ] - rooms:[Room{roomId='ea4205a93f1c46b4a6df9bb391513dd9', roomName='é»è®¤æ¿é´', floorId='714c9032b3ef488bbfe77bff438d53a4', roomType=0, sequence=0, isDefaultRoom=false, imgUrl='/storage/emulated/0/HomeMate/room/6_thumb'} BaseBo{delFlag=0, updateTime='0', createTime='0', updateTimeSec=0, uid='null', userName='null'}] selectRoomPosition:0

03-30 10:36:24.163 11889 11983 D HomeMate: comm[ Thread-44416: FileTool.java:65 deleteOldFiles() ] - deleteOldFiles()-fileName:HomeMate_20170317141114.492.txt

03-30 10:36:24.164 11889 11983 D HomeMate: comm[ Thread-44416: FileTool.java:65 deleteOldFiles() ] - deleteOldFiles()-fileName:HomeMate_20170317140814.231.txt

03-30 10:36:24.166 11889 11983 D HomeMate: comm[ Thread-44416: FileTool.java:65 deleteOldFiles() ] - deleteOldFiles()-fileName:HomeMate_20170317140757.261.txt

03-30 10:36:24.166 11889 11983 D HomeMate: comm[ Thread-44416: FileTool.java:65 deleteOldFiles() ] - deleteOldFiles()-fileName:HomeMate_20170317140733.786.txt

03-30 10:36:24.167 11889 11983 D HomeMate: comm[ Thread-44416: FileTool.java:65 deleteOldFiles() ] - deleteOldFiles()-fileName:HomeMate_20170317140642.902.txt

03-30 10:36:24.167 11889 11983 D HomeMate: comm[ Thread-44416: FileTool.java:65 deleteOldFiles() ] - deleteOldFiles()-fileName:HomeMate_20170317140609.558.txt

03-30 10:36:24.167 11889 11983 D HomeMate: comm[ Thread-44416: FileTool.java:65 deleteOldFiles() ] - deleteOldFiles()-fileName:HomeMate_20170317140444.955.txt

03-30 10:36:24.167 11889 11983 D HomeMate: comm[ Thread-44416: FileTool.java:65 deleteOldFiles() ] - deleteOldFiles()-fileName:HomeMate_20170317140353.233.txt

03-30 10:36:24.168 11889 11983 D HomeMate: comm[ Thread-44416: FileTool.java:65 deleteOldFiles() ] - deleteOldFiles()-fileName:HomeMate_20170317140304.707.txt

03-30 10:36:24.168 11889 11983 D HomeMate: comm[ Thread-44416: FileTool.java:65 deleteOldFiles() ] - deleteOldFiles()-fileName:HomeMate_20170317140226.490.txt

03-30 10:36:24.168 11889 11889 I HomeMate: comm[ main: BaseRequest.java:118 doRequestAsync() ] - registerEvent: com.orvibo.homemate.device.home.HomeRoomPresenter$1@78cdc16

03-30 10:36:24.168 11889 11983 D HomeMate: comm[ Thread-44416: FileTool.java:65 deleteOldFiles() ] - deleteOldFiles()-fileName:HomeMate_20170317134309.387.txt

03-30 10:36:24.169 11889 11983 D HomeMate: comm[ Thread-44416: FileTool.java:65 deleteOldFiles() ] - deleteOldFiles()-fileName:HomeMate_20170317133251.956.txt

03-30 10:36:24.169 11889 11983 D HomeMate: comm[ Thread-44416: FileTool.java:65 deleteOldFiles() ] - deleteOldFiles()-fileName:HomeMate_20170317122627.844.txt

03-30 10:36:24.169 11889 11983 D HomeMate: comm[ Thread-44416: FileTool.java:65 deleteOldFiles() ] - deleteOldFiles()-fileName:HomeMate_20170317122544.026.txt

03-30 10:36:24.170 11889 11983 D HomeMate: comm[ Thread-44416: FileTool.java:65 deleteOldFiles() ] - deleteOldFiles()-fileName:HomeMate_20170317122534.674.txt

03-30 10:36:24.170 11889 11889 D HomeMate: comm[ main: BaseRequest.java:978 saveSerial() ] - Record serial 1202741208 on com.orvibo.homemate.device.home.HomeRoomPresenter$1@78cdc16

03-30 10:36:24.170 11889 11983 D HomeMate: comm[ Thread-44416: FileTool.java:65 deleteOldFiles() ] - deleteOldFiles()-fileName:HomeMate_20170317122414.962.txt

03-30 10:36:24.171 11889 11889 D HomeMate: allen[ main: HomeFragment.java:203 onStart() ] - onStart()

03-30 10:36:24.171 11889 11992 D HomeMate: comm[ pool-4-thread-1: MinaSocket.java:139 send() ] - target:server,position:server start request.requestConfig:RequestConfig{state=2, type=0, target=1, requestConf=RequestConf{totalCount=2, intervalTime=3500, lastTimeoutTime=5000}},messageLength:138

03-30 10:36:24.171 11889 11992 D HomeMate: sConnectFutures:{server=org.apache.mina.core.polling.AbstractPollingIoConnector$ConnectionRequest@f063a20}

03-30 10:36:24.172 11889 11992 I HomeMate: comm[ pool-4-thread-1: CodecEncoder.java:44 encode() ] - encode()-ç¼ç å®æ,åIP:/192.168.2.242:10001åæ°æ?(138):68,64,00,8a,64,6b,5a,88,25,99,30,34,61,61,32,66,36,66,38,33,37,34,34,31,30,36,38,63,36,31,65,62,38,34,61,35,34,37,38,34,61,66,4d,11,33,45,79,b9,63,83,8a,67,0b,3b,ed,b9,dc,1a,28,cf,67,e2,00,6e,ec,20,ab,71,ed,f4,a8,77,47,0c,ba,3b,4a,90,a7,97,83,eb,0d,24,3f,25,6f,ec,a4,ee,6d,3e,4d,c6,a1,88,5a,0c,78,21,5e,b5,21,87,dc,eb,43,bd,e0,9d,3f,f4,6c,e3,8d,2c,f8,85,8c,b3,5e,84,36,d6,ee,d0,54,61,e0,9f,d1,f3,b9,16,2e,4c,91,f7

03-30 10:36:24.172 11889 11983 D HomeMate: comm[ Thread-44416: FileTool.java:65 deleteOldFiles() ] - deleteOldFiles()-fileName:HomeMate_20170317122330.472.txt

03-30 10:36:24.172 11889 11992 D HomeMate: comm[ pool-4-thread-1: MinaSocket.java:157 send() ] - isWritten:true,ioSession:(0x00000001: nio socket, client, /192.168.56.181:46846 => /192.168.2.242:10001)

03-30 10:36:24.173 11889 11992 V HomeMate: comm[ pool-4-thread-1: BaseRequest.java:180 onAsyncTick() ] - Send command:Command{

03-30 10:36:24.173 11889 11992 V HomeMate: uid='server'

03-30 10:36:24.173 11889 11992 V HomeMate: serial=1202741208

03-30 10:36:24.173 11889 11992 V HomeMate: cmd=201

03-30 10:36:24.173 11889 11992 V HomeMate: crc='5A882599'

03-30 10:36:24.173 11889 11992 V HomeMate: requestConfig=RequestConfig{state=2, type=0, target=1, requestConf=RequestConf{totalCount=2, intervalTime=3500, lastTimeoutTime=5000}}

03-30 10:36:24.173 11889 11992 V HomeMate: jsonObject={"userId":"91a31ba24648493aad89636922662c04","cmd":201,"serial":1202741208,"ver":"2.3.0"}}

03-30 10:36:24.173 11889 11983 D HomeMate: comm[ Thread-44416: FileTool.java:65 deleteOldFiles() ] - deleteOldFiles()-fileName:HomeMate_20170317122205.068.txt

03-30 10:36:24.174 11889 11983 D HomeMate: comm[ Thread-44416: FileTool.java:65 deleteOldFiles() ] - deleteOldFiles()-fileName:HomeMate_20170317122039.963.txt

03-30 10:36:24.174 11889 11983 D HomeMate: comm[ Thread-44416: FileTool.java:65 deleteOldFiles() ] - deleteOldFiles()-fileName:HomeMate_20170317121930.570.txt

03-30 10:36:24.174 11889 11983 D HomeMate: comm[ Thread-44416: FileTool.java:65 deleteOldFiles() ] - deleteOldFiles()-fileName:HomeMate_20170317121842.800.txt

03-30 10:36:24.174 11889 11983 D HomeMate: comm[ Thread-44416: FileTool.java:65 deleteOldFiles() ] - deleteOldFiles()-fileName:HomeMate_20170317121759.451.txt

03-30 10:36:24.175 11889 11983 D HomeMate: comm[ Thread-44416: FileTool.java:65 deleteOldFiles() ] - deleteOldFiles()-fileName:HomeMate_20170317121714.672.txt

03-30 10:36:24.175 11889 11983 D HomeMate: comm[ Thread-44416: FileTool.java:65 deleteOldFiles() ] - deleteOldFiles()-fileName:HomeMate_20170317121629.592.txt

03-30 10:36:24.175 11889 11983 D HomeMate: comm[ Thread-44416: FileTool.java:65 deleteOldFiles() ] - deleteOldFiles()-fileName:HomeMate_20170317121529.041.txt

03-30 10:36:24.176 11889 11983 D HomeMate: comm[ Thread-44416: FileTool.java:65 deleteOldFiles() ] - deleteOldFiles()-fileName:HomeMate_20170317121442.407.txt

03-30 10:36:24.176 11889 11983 D HomeMate: comm[ Thread-44416: FileTool.java:65 deleteOldFiles() ] - deleteOldFiles()-fileName:HomeMate_20170317121403.800.txt

03-30 10:36:24.176 11889 11983 D HomeMate: comm[ Thread-44416: FileTool.java:65 deleteOldFiles() ] - deleteOldFiles()-fileName:HomeMate_20170317121321.542.txt

03-30 10:36:24.177 11889 11983 D HomeMate: comm[ Thread-44416: FileTool.java:65 deleteOldFiles() ] - deleteOldFiles()-fileName:HomeMate_20170317121129.829.txt

03-30 10:36:24.177 11889 11983 D HomeMate: comm[ Thread-44416: FileTool.java:65 deleteOldFiles() ] - deleteOldFiles()-fileName:HomeMate_20170317121045.172.txt

03-30 10:36:24.177 11889 11983 D HomeMate: comm[ Thread-44416: FileTool.java:65 deleteOldFiles() ] - deleteOldFiles()-fileName:HomeMate_20170317120855.971.txt

03-30 10:36:24.177 11889 11983 D HomeMate: comm[ Thread-44416: FileTool.java:65 deleteOldFiles() ] - deleteOldFiles()-fileName:HomeMate_20170317115949.931.txt

03-30 10:36:24.178 11889 11983 D HomeMate: comm[ Thread-44416: FileTool.java:65 deleteOldFiles() ] - deleteOldFiles()-fileName:HomeMate_20170317115909.557.txt

03-30 10:36:24.178 11889 11983 D HomeMate: comm[ Thread-44416: FileTool.java:65 deleteOldFiles() ] - deleteOldFiles()-fileName:HomeMate_20170317115830.346.txt

03-30 10:36:24.178 11889 11983 D HomeMate: comm[ Thread-44416: FileTool.java:65 deleteOldFiles() ] - deleteOldFiles()-fileName:HomeMate_20170317115750.093.txt

03-30 10:36:24.179 11889 11983 D HomeMate: comm[ Thread-44416: FileTool.java:65 deleteOldFiles() ] - deleteOldFiles()-fileName:HomeMate_20170317115712.050.txt

03-30 10:36:24.179 11889 11983 D HomeMate: comm[ Thread-44416: FileTool.java:65 deleteOldFiles() ] - deleteOldFiles()-fileName:HomeMate_20170317115613.045.txt

03-30 10:36:24.179 11889 11983 D HomeMate: comm[ Thread-44416: FileTool.java:65 deleteOldFiles() ] - deleteOldFiles()-fileName:HomeMate_20170317115529.475.txt

03-30 10:36:24.180 11889 11983 D HomeMate: comm[ Thread-44416: FileTool.java:65 deleteOldFiles() ] - deleteOldFiles()-fileName:HomeMate_20170317115453.841.txt

03-30 10:36:24.180 11889 11983 D HomeMate: comm[ Thread-44416: FileTool.java:65 deleteOldFiles() ] - deleteOldFiles()-fileName:HomeMate_20170317115332.077.txt

03-30 10:36:24.180 11889 11983 D HomeMate: comm[ Thread-44416: FileTool.java:65 deleteOldFiles() ] - deleteOldFiles()-fileName:HomeMate_20170317115219.737.txt

03-30 10:36:24.181 11889 11983 D HomeMate: comm[ Thread-44416: FileTool.java:65 deleteOldFiles() ] - deleteOldFiles()-fileName:HomeMate_20170317115130.746.txt

03-30 10:36:24.181 11889 11983 D HomeMate: comm[ Thread-44416: FileTool.java:65 deleteOldFiles() ] - deleteOldFiles()-fileName:HomeMate_20170317115042.907.txt

03-30 10:36:24.181 11889 11983 D HomeMate: comm[ Thread-44416: FileTool.java:65 deleteOldFiles() ] - deleteOldFiles()-fileName:HomeMate_20170317115006.518.txt

03-30 10:36:24.182 11889 11983 D HomeMate: comm[ Thread-44416: FileTool.java:65 deleteOldFiles() ] - deleteOldFiles()-fileName:HomeMate_20170317114930.413.txt

03-30 10:36:24.182 11889 11983 D HomeMate: comm[ Thread-44416: FileTool.java:65 deleteOldFiles() ] - deleteOldFiles()-fileName:HomeMate_20170317114855.247.txt

03-30 10:36:24.182 11889 11983 D HomeMate: comm[ Thread-44416: FileTool.java:65 deleteOldFiles() ] - deleteOldFiles()-fileName:HomeMate_20170317114818.821.txt

03-30 10:36:24.183 11889 11983 D HomeMate: comm[ Thread-44416: FileTool.java:65 deleteOldFiles() ] - deleteOldFiles()-fileName:HomeMate_20170317114719.325.txt

03-30 10:36:24.183 11889 11983 D HomeMate: comm[ Thread-44416: FileTool.java:65 deleteOldFiles() ] - deleteOldFiles()-fileName:HomeMate_20170317114617.058.txt

03-30 10:36:24.183 11889 11983 D HomeMate: comm[ Thread-44416: FileTool.java:65 deleteOldFiles() ] - deleteOldFiles()-fileName:HomeMate_20170317114545.001.txt

03-30 10:36:24.184 11889 11983 D HomeMate: comm[ Thread-44416: FileTool.java:65 deleteOldFiles() ] - deleteOldFiles()-fileName:HomeMate_20170317114455.165.txt

03-30 10:36:24.184 11889 11983 D HomeMate: comm[ Thread-44416: FileTool.java:65 deleteOldFiles() ] - deleteOldFiles()-fileName:HomeMate_20170317114353.552.txt

03-30 10:36:24.184 11889 11983 D HomeMate: comm[ Thread-44416: FileTool.java:65 deleteOldFiles() ] - deleteOldFiles()-fileName:HomeMate_20170317114237.269.txt

03-30 10:36:24.185 11889 11983 D HomeMate: comm[ Thread-44416: FileTool.java:65 deleteOldFiles() ] - deleteOldFiles()-fileName:HomeMate_20170317114128.113.txt

03-30 10:36:24.185   379   493 I ThermalEngine: Sensor:batt_temp:351 mC

03-30 10:36:24.188 11889 11983 D HomeMate: comm[ Thread-44416: FileTool.java:65 deleteOldFiles() ] - deleteOldFiles()-fileName:HomeMate_20170317114041.829.txt

03-30 10:36:24.188 11889 12019 D HomeMate: comm[ NioProcessor-7: CodecDecoder.java:44 doDecode() ] - hd:6864,actualLen:1024

03-30 10:36:24.188 11889 11983 D HomeMate: comm[ Thread-44416: FileTool.java:65 deleteOldFiles() ] - deleteOldFiles()-fileName:HomeMate_20170317113951.814.txt

03-30 10:36:24.188 11889 12019 W HomeMate: comm[ NioProcessor-7: CodecDecoder.java:57 doDecode() ] - length is wrong.æ°æ®çæ?»é¿åº¦Len[2618]ï¼å®éæ¥æ¶å°çé¿åº¦actualLenï¼?1024

03-30 10:36:24.189 11889 11983 D HomeMate: comm[ Thread-44416: FileTool.java:65 deleteOldFiles() ] - deleteOldFiles()-fileName:HomeMate_20170317113841.777.txt

03-30 10:36:24.189 11889 11983 D HomeMate: comm[ Thread-44416: FileTool.java:65 deleteOldFiles() ] - deleteOldFiles()-fileName:HomeMate_20170317113802.061.txt

03-30 10:36:24.189 11889 12019 D HomeMate: comm[ NioProcessor-7: CodecDecoder.java:44 doDecode() ] - hd:6864,actualLen:2618

03-30 10:36:24.189 11889 11983 D HomeMate: comm[ Thread-44416: FileTool.java:65 deleteOldFiles() ] - deleteOldFiles()-fileName:HomeMate_20170317113726.429.txt

03-30 10:36:24.190 11889 11983 D HomeMate: comm[ Thread-44416: FileTool.java:65 deleteOldFiles() ] - deleteOldFiles()-fileName:HomeMate_20170317112858.696.txt

03-30 10:36:24.190 11889 11983 D HomeMate: comm[ Thread-44416: FileTool.java:65 deleteOldFiles() ] - deleteOldFiles()-fileName:HomeMate_20170317112752.951.txt

03-30 10:36:24.190 11889 11983 D HomeMate: comm[ Thread-44416: FileTool.java:65 deleteOldFiles() ] - deleteOldFiles()-fileName:HomeMate_20170317112705.364.txt

03-30 10:36:24.192 11889 11983 D HomeMate: comm[ Thread-44416: FileTool.java:65 deleteOldFiles() ] - deleteOldFiles()-fileName:HomeMate_20170317112629.695.txt

03-30 10:36:24.192 11889 11983 D HomeMate: comm[ Thread-44416: FileTool.java:65 deleteOldFiles() ] - deleteOldFiles()-fileName:HomeMate_20170317112517.837.txt

03-30 10:36:24.192 11889 11983 D HomeMate: comm[ Thread-44416: FileTool.java:65 deleteOldFiles() ] - deleteOldFiles()-fileName:HomeMate_20170317112122.479.txt

03-30 10:36:24.193 11889 11983 D HomeMate: comm[ Thread-44416: FileTool.java:65 deleteOldFiles() ] - deleteOldFiles()-fileName:HomeMate_20170317112030.870.txt

03-30 10:36:24.193 11889 11983 D HomeMate: comm[ Thread-44416: FileTool.java:65 deleteOldFiles() ] - deleteOldFiles()-fileName:HomeMate_20170317111928.439.txt

03-30 10:36:24.193 11889 11983 D HomeMate: comm[ Thread-44416: FileTool.java:65 deleteOldFiles() ] - deleteOldFiles()-fileName:HomeMate_20170317111840.449.txt

03-30 10:36:24.193 11889 11983 D HomeMate: comm[ Thread-44416: FileTool.java:65 deleteOldFiles() ] - deleteOldFiles()-fileName:HomeMate_20170317111743.857.txt

03-30 10:36:24.194 11889 11983 D HomeMate: comm[ Thread-44416: FileTool.java:65 deleteOldFiles() ] - deleteOldFiles()-fileName:HomeMate_20170317111700.624.txt

03-30 10:36:24.194 11889 11983 D HomeMate: comm[ Thread-44416: FileTool.java:65 deleteOldFiles() ] - deleteOldFiles()-fileName:HomeMate_20170317111609.836.txt

03-30 10:36:24.194 11889 11983 D HomeMate: comm[ Thread-44416: FileTool.java:65 deleteOldFiles() ] - deleteOldFiles()-fileName:HomeMate_20170317111309.815.txt

03-30 10:36:24.195 11889 11983 D HomeMate: comm[ Thread-44416: FileTool.java:65 deleteOldFiles() ] - deleteOldFiles()-fileName:HomeMate_20170317111139.428.txt

03-30 10:36:24.195 11889 11983 D HomeMate: comm[ Thread-44416: FileTool.java:65 deleteOldFiles() ] - deleteOldFiles()-fileName:HomeMate_20170317111125.948.txt

03-30 10:36:24.195 11889 11983 D HomeMate: comm[ Thread-44416: FileTool.java:65 deleteOldFiles() ] - deleteOldFiles()-fileName:HomeMate_20170317111036.499.txt

03-30 10:36:24.196 11889 11983 D HomeMate: comm[ Thread-44416: FileTool.java:65 deleteOldFiles() ] - deleteOldFiles()-fileName:HomeMate_20170317110944.424.txt

03-30 10:36:24.196 11889 11983 D HomeMate: comm[ Thread-44416: FileTool.java:65 deleteOldFiles() ] - deleteOldFiles()-fileName:HomeMate_20170317105712.497.txt

03-30 10:36:24.196 11889 11983 D HomeMate: comm[ Thread-44416: FileTool.java:65 deleteOldFiles() ] - deleteOldFiles()-fileName:HomeMate_20170317105607.498.txt

03-30 10:36:24.197 11889 11983 D HomeMate: comm[ Thread-44416: FileTool.java:65 deleteOldFiles() ] - deleteOldFiles()-fileName:HomeMate_20170317105257.417.txt

03-30 10:36:24.197 11889 11983 D HomeMate: comm[ Thread-44416: FileTool.java:65 deleteOldFiles() ] - deleteOldFiles()-fileName:HomeMate_20170317105216.209.txt

03-30 10:36:24.197 11889 11983 D HomeMate: comm[ Thread-44416: FileTool.java:65 deleteOldFiles() ] - deleteOldFiles()-fileName:HomeMate_20170317104847.775.txt

03-30 10:36:24.198 11889 11983 D HomeMate: comm[ Thread-44416: FileTool.java:65 deleteOldFiles() ] - deleteOldFiles()-fileName:HomeMate_20170317104838.919.txt

03-30 10:36:24.198 11889 11983 D HomeMate: comm[ Thread-44416: FileTool.java:65 deleteOldFiles() ] - deleteOldFiles()-fileName:HomeMate_20170317104803.709.txt

03-30 10:36:24.199 11889 11983 D HomeMate: comm[ Thread-44416: FileTool.java:65 deleteOldFiles() ] - deleteOldFiles()-fileName:HomeMate_20170317101726.109.txt

03-30 10:36:24.199 11889 12019 I HomeMate: comm[ NioProcessor-7: CodecDecoder.java:76 doDecode() ] - æ¥æ¶å°IP:192.168.2.242çæ°æ®ï¼68,64,a,3a,64,6b,19,ca,6e,fd,30,34,61,61,32,66,36,66,38,33,37,34,34,31,30,36,38,63,36,31,65,62,38,34,61,35,34,37,38,34,61,66,7d,d3,b2,53,8,ca,e9,26,f5,82,fc,85,57,6f,d6,fb,45,ad,84,6,47,77,d2,b7,c0,6b,3e,6,7d,b4,45,8c,f2,de,d8,7d,bd,2a,e8,13,a9,d6,ae,96,fd,5b,f6,41,77,b3,67,d,da,70,90,8e,73,b8,a9,20,1b,90,ef,b4,11,b8,92,31,aa,5,39,a8,6b,75,dc,b7,79,21,69,4f,46,af,60,dc,b2,10,9,a7,af,2c,35,c,43,c5,8f,3b,27,5e,d4,e3,28,ba,6,6d,b7,12,b7,3b,b1,97,93,a5,8c,d8,9c,c7,83,38,86,7e,3,47,45,f1,ca,ac,ef,eb,86,28,3a,ca,f1,8e,8e,f1,2d,5f,6,51,58,64,9d,56,b,11,6a,f5,40,64,ea,29,16,21,cf,63,4c,8,26,63,ab,6e,94,87,39,7a,42,97,c0,eb,2e,aa,b1,27,d4,ef,f0,8f,bb,30,5c,9f,30,61,ad,3e,dc,bf,12,33,2b,22,bd,3f,8d,11,b,37,7a,d8,12,41,98,49,c6,85,ac,7a,cc,97,57,32,dd,1,b,17,64,ba,64,21,97,e0,82,f3,55,8b,22,13,ba,e8,3,67,b2,ce,c,e9,b4,4a,2c,c7,90,fd,d3,b4,d6,b9,b9,d5,c8,99,e1,9b,6d,42,2c,2,27,8d,34,a7,c3,2f,2d,f7,c3,a6,36,e2,6d,9a,71,aa,f5,ad,e1,c1,0,77,a0,c9,71,f3,40,e0,5f,86,ef,bc,79,59,b7,ab,cf,6e,6e,83,36,1e,fb,e0,bb,3c,a7,83,34,8c,eb,8b,83,19,2e,0,95,46,bf,2f,64,7a,44,74,d8,44,d5,78,ed,a4,d0,c8,c,8b,10,9d,6d,c5,2d,b1,bf,de,f9,a1,10,64,f0,64,5a,92,61,4f,a6,29,f0,35,42,31,13,20,fa,b0,fd,4,94,ce,5d,e8,f5,e8,3a,9a,eb,a8,4d,5a,53,c5,4a,3d,43,ce,ab,96,f1,ad,93,11,e8,dd,88,3e,85,c7,9a,bf,4a,c2,78,4e,2c,9d,43,a1,6c,9c,63,ae,3f,b5,7e,e7,4a,19,11,51,90,e4,7f,64,a6,35,ab,dc,7b,80,c7,9c,6c,88,58,5d,cf,d1,cb,ce,3f,98,47,e8,fb,ae,46,3c,9e,17,5b,4d,78,81,71,ec,66,9,1a,7e,ed,76,95,8,f,fa,85,4f,26,ff,9b,65,a9,a9,d9,ab,88,4e,40,f3,ee,b2,28,fe,c1,52,f0,92,f8,d8,6a,92,30,72,d7,c8,a7,35,0,9a,f4,f6,89,92,16,3a,d7,2a,b8,d1,ed,86,6c,5b,3e,32,d5,f2,80,28,80,3e,25,f,8d,2,cb,ec,72,d9,3,72,a3,c,dc,e0,42,a2,dd,70,99,c7,e,c3,82,ee,5f,d0,8c,49,e6,11,c8,6f,6d,3c,43,62,17,8,b9,33,7e,39,b9,12,5d,15,72,13,fe,6c,c4,b8,cb,f0,f0,2e,92,8e,3b,7b,b9,bf,59,15,8e,cd,cd,85,11,a,14,e4,95,3a,90,a,ae,e,12,6b,63,90,ef,0,70,10,31,a1,15,4a,b4,af,24,75,c1,74,bd,f7,91,41,92,73,af,4c,8d,70,6,86,1d,ea,2d,d7,e,2e,4,6f,19,7c,e6,fd,9e,6c,63,2a,d9,3,3b,54,8f,dc,dd,2e,37,24,86,3f,4d,9f,e2,78,36,6a,3b,99,68,cd,80,5,7f,9f,3,a5,a6,5,1c,89,af,46,39,d3,1f,81,b6,8a,1d,96,85,a0,f3,de,8a,9a,3f,10,11,89,84,cd,ac,15,3,d3,fc,da,9d,54,13,2b,4d,d,cc,d0,66,3,4,be,e6,42,d8,c9,de,59,f1,6,18,5c,9b,bd,a0,40,42,29,7,a8,3c,87,5d,17,2e,5,b1,59,30,1,6d,b4,41,d0,c6,9a,23,d9,43,2f,ad,f6,c1,5,80,ed,60,db,48,9b,b9,a7,ff,21,85,65,9d,41,29,54,a6,d1,52,da,5,25,80,85,92,a7,35,aa,f6,23,ce,b3,db,55,2e,51,83,af,d4,b0,1f,b5,cd,2c,d9,a1,96,e1,ec,7a,83,ad,95,0,d2,9b,43,ef,d2,1e,c7,96,74,98,98,63,73,8,e2,97,d2,80,f1,c7,27,7f,88,f4,88,66,15,f6,6b,23,f4,5c,86,4,f,92,1a,e4,37,df,80,8,68,63,c3,f9,d6,6e,2c,41,99,bb,75,34,94,90,bd,1a,e2,5e,50,14,6a,6,f1,e4,31,b0,6c,9d,52,25,29,ef,e7,18,3,f3,54,53,ed,a4,db,5f,30,af,29,ea,e7,c9,5f,7c,94,88,6f,10,44,38,4c,29,a1,c6,ee,c8,8e,b9,e8,af,45,78,44,29,8f,b0,b9,74,7f,a2,ff,eb,38,7d,98,dd,17,93,f9,39,d7,e,40,1a,37,d1,3d,71,ed,b3,f3,4d,7d,cf,32,b2,33,e8,29,64,2f,be,57,5c,1f,84,7f,fc,7a,eb,40,21,d5,69,7d,ce,11,16,8b,95,e1,4c,a,5a,a3,d8,ed,7f,6,1f,52,fe,98,9f,7d,e9,9,11,dd,29,68,44,65,76,8f,7e,48,8e,57,6f,26,15,e4,a8,e8,c6,37,90,fb,c9,bf,3a,1b,db,7e,4f,89,be,b2,2e,40,ae,c5,a3,16,cb,9b,89,e3,17,ae,fe,98,49,88,24,54,a4,78,89,91,f8,f8,a,25,2a,1b,34,2a,f3,80,37,ee,64,bf,bb,50,36,e6,a5,e,1d,6c,bf,c0,a0,e5,9e,47,a8,23,50,33,ce,90,e7,42,f6,dd,a5,98,75,73,e6,c5,45,f4,3,ab,7a,1b,c,c2,1f,a4,bd,84,72,5d,cf,73,12,5a,a2,64,78,fd,2a,7c,ff,d7,c,9c,9d,81,4e,17,58,98,66,a2,dd,ae,41,70,96,49,7b,4a,72,c,3b,4f,ec,3f,5f,13,a1,11,7,de,d8,ef,71,45,e2,19,e2,3d,1f,ea,f8,23,f4,2e,2a,5e,21,aa,42,d8,ab,55,6d,11,6e,4,30,92,96,27,4e,d4,8,7,e0,3f,cd,9b,f2,ad,24,64,f1,30,19,2f,45,d9,ee,b7,15,5c,bb,40,8d,d6,74,9c,d4,3d,b0,51,9d,a2,c1,2a,92,af,8,2d,92,11,89,84,cd,ac,15,3,d3,fc,da,9d,54,13,2b,4d,d,cc,d0,66,3,4,be,e6,42,d8,c9,de,59,f1,6,18,5c,9b,bd,a0,40,42,29,7,a8,3c,87,5d,17,2e,5,b1,59,dc,3d,66,0,ed,18,17,d1,c8,69,65,d7,18,90,38,9a,80,ed,60,db,48,9b,b9,a7,ff,21,85,65,9d,41,29,54,c4,c7,8e,a2,5d,b6,4e,a6,98,f0,c,e7,58,b7

03-30 10:36:24.199 11889 11983 D HomeMate: comm[ Thread-44416: FileTool.java:65 deleteOldFiles() ] - deleteOldFiles()-fileName:HomeMate_20170317102935.263vicenter.db

03-30 10:36:24.199 11889 11983 D HomeMate: comm[ Thread-44416: FileTool.java:65 deleteOldFiles() ] - deleteOldFiles()-fileName:HomeMate_20170317102935.307device_desc.db

03-30 10:36:24.200 11889 11983 D HomeMate: comm[ Thread-44416: FileTool.java:65 deleteOldFiles() ] - deleteOldFiles()-fileName:HomeMate_20170317101610.735.txt

03-30 10:36:24.200 11889 11983 D HomeMate: comm[ Thread-44416: FileTool.java:65 deleteOldFiles() ] - deleteOldFiles()-fileName:HomeMate_20170317101531.040.txt

03-30 10:36:24.200 11889 11983 D HomeMate: comm[ Thread-44416: FileTool.java:65 deleteOldFiles() ] - deleteOldFiles()-fileName:HomeMate_20170317101355.039.txt

03-30 10:36:24.201 11889 11983 D HomeMate: comm[ Thread-44416: FileTool.java:65 deleteOldFiles() ] - deleteOldFiles()-fileName:HomeMate_20170317101315.554.txt

03-30 10:36:24.201 11889 11983 D HomeMate: comm[ Thread-44416: FileTool.java:65 deleteOldFiles() ] - deleteOldFiles()-fileName:HomeMate_20170317101214.429.txt

03-30 10:36:24.201 11889 12020 I HomeMate: comm[ pool-5-thread-1: SocketUtil.java:70 progressMessage() ] - protocolType[dk],crc:19CA6EFD,sessionId:04aa2f6f837441068c61eb84a54784af,jsonLen:2576,ip:192.168.2.242,port:10001

03-30 10:36:24.201 11889 11983 D HomeMate: comm[ Thread-44416: FileTool.java:65 deleteOldFiles() ] - deleteOldFiles()-fileName:HomeMate_20170317101134.838.txt

03-30 10:36:24.202 11889 12020 I HomeMate: comm[ pool-5-thread-1: SocketUtil.java:108 progressMessage() ] - After decrypt json[{"cmd":201,"userId":"91a31ba24648493aad89636922662c04","ver":"2.3.0","serial":1202741208,"status":0,"familyList":[{"email":"15079034630@126.com","phone":"","userName":"ahdhhddhhd","isAdmin":1,"familyId":"ea4205a93f1c46b4a6df9bb391513dd9","familyName":"ojrtx","creator":"91a31ba24648493aad89636922662c04","showIndex":1,"createTime":"2017-03-27 16:38:09","updateTime":"2017-03-30 10:31:48","longitude":"114.004849","latotide":"22.593931","country":"cn","city":"shenzhen","state":"guangdong","timeOffset":28800,"zoneOffset":28800,"delFlag":0},{"email":"15079034630@126.com","phone":"","userName":"ahdhhddhhd","isAdmin":1,"familyId":"7c9d5013119f46a2a89fe662794afe17","familyName":"gggy","creator":"91a31ba24648493aad89636922662c04","showIndex":2,"createTime":"2017-03-27 16:42:12","updateTime":"2017-03-28 19:54:38","longitude":"113.9997694882676","latotide":"22.59673235708171","country":"cn","city":"æ·±å³å¸?","state":"å¹¿ä¸ç?","timeOffset":28800,"zoneOffset":28800,"delFlag":0},{"email":"15079034630@126.com","phone":"","userName":"ahdhhddhhd","isAdmin":1,"familyId":"2f2e636022b94e218b3c2f9756c65cc5","familyName":"f30ow","pic":"http://homemate.orvibo.com/images/family/decd605137a041d3943517d8943621bf.png","creator":"91a31ba24648493aad89636922662c04","showIndex":3,"createTime":"2017-03-27 17:37:58","updateTime":"2017-03-28 19:54:38","longitude":"113.9997694882676","latotide":"22.59673235708171","country":"cn","city":"æ·±å³å¸?","state":"å¹¿ä¸ç?","timeOffset":28800,"zoneOffset":28800,"delFlag":0},{"email":"15079034630@126.com","phone":"","userName":"ahdhhddhhd","isAdmin":1,"familyId":"8a1ceb7b78034a539fbebe64efd979fc","familyName":"2fa1b","pic":"http://homemate.orvibo.com/images/family/5d1549631bde4bba877fa28498755239.png","creator":"91a31ba24648493aad89636922662c04","showIndex":4,"createTime":"2017-03-27 18:42:00","updateTime":"2017-03-28 19:54:38","longitude":"113.9997694882676","latotide":"22.59673235708171","country":"cn","city":"æ·±å³å¸?","state":"å¹¿ä¸ç?","timeOffset":28800,"zoneOffset":28800,"delFlag":0},{"email":"15079034630@126.com","phone":"","userName":"ahdhhddhhd","isAdmin":1,"familyId":"dbc10e32ebe547cc932bce19fe63d2c1","familyName":"iu299","pic":"http://homemate.orvibo.com/images/family/783967619a144ff182042bce99002bb1.png","creator":"91a31ba24648493aad89636922662c04","showIndex":5,"createTime":"2017-03-27 19:02:47","updateTime":"2017-03-28 19:54:38","longitude":"113.9997694882676","latotide":"22.59673235708171","country":"cn","city":"æ·±å³å¸?","state":"å¹¿ä¸ç?","timeOffset":28800,"zoneOffset":28800,"delFlag":0}]}]

03-30 10:36:24.202 11889 11983 D HomeMate: comm[ Thread-44416: FileTool.java:65 deleteOldFiles() ] - deleteOldFiles()-fileName:HomeMate_20170317100650.998.txt

03-30 10:36:24.202 11889 11983 D HomeMate: comm[ Thread-44416: FileTool.java:65 deleteOldFiles() ] - deleteOldFiles()-fileName:HomeMate_20170317100552.043.txt

03-30 10:36:24.202 11889 11983 D HomeMate: comm[ Thread-44416: FileTool.java:65 deleteOldFiles() ] - deleteOldFiles()-fileName:HomeMate_20170317100445.328.txt

03-30 10:36:24.202 11889 11983 D HomeMate: comm[ Thread-44416: FileTool.java:65 deleteOldFiles() ] - deleteOldFiles()-fileName:HomeMate_20170317100308.077.txt

03-30 10:36:24.203 11889 11983 D HomeMate: comm[ Thread-44416: FileTool.java:65 deleteOldFiles() ] - deleteOldFiles()-fileName:HomeMate_20170317100121.859.txt

03-30 10:36:24.203 11889 11983 D HomeMate: comm[ Thread-44416: FileTool.java:65 deleteOldFiles() ] - deleteOldFiles()-fileName:HomeMate_20170317095936.624.txt

03-30 10:36:24.203 11889 11983 D HomeMate: comm[ Thread-44416: FileTool.java:65 deleteOldFiles() ] - deleteOldFiles()-fileName:HomeMate_20170317095758.577.txt

03-30 10:36:24.204 11889 11983 D HomeMate: comm[ Thread-44416: FileTool.java:65 deleteOldFiles() ] - deleteOldFiles()-fileName:HomeMate_20170317095703.842.txt

03-30 10:36:24.204 11889 11983 D HomeMate: comm[ Thread-44416: FileTool.java:65 deleteOldFiles() ] - deleteOldFiles()-fileName:HomeMate_20170317095422.883.txt

03-30 10:36:24.204 11889 11983 D HomeMate: comm[ Thread-44416: FileTool.java:65 deleteOldFiles() ] - deleteOldFiles()-fileName:HomeMate_20170317095007.364.txt

03-30 10:36:24.205 11889 11983 D HomeMate: comm[ Thread-44416: FileTool.java:65 deleteOldFiles() ] - deleteOldFiles()-fileName:HomeMate_20170317094535.697.txt

03-30 10:36:24.205 11889 11983 D HomeMate: comm[ Thread-44416: FileTool.java:65 deleteOldFiles() ] - deleteOldFiles()-fileName:HomeMate_20170317094217.351.txt

03-30 10:36:24.205 11889 11983 D HomeMate: comm[ Thread-44416: FileTool.java:65 deleteOldFiles() ] - deleteOldFiles()-fileName:HomeMate_20170317094039.306.txt

03-30 10:36:24.206 11889 11983 D HomeMate: comm[ Thread-44416: FileTool.java:65 deleteOldFiles() ] - deleteOldFiles()-fileName:HomeMate_20170317093952.720.txt

03-30 10:36:24.206 11889 11983 D HomeMate: comm[ Thread-44416: FileTool.java:65 deleteOldFiles() ] - deleteOldFiles()-fileName:HomeMate_20170317093907.612.txt

03-30 10:36:24.206 11889 11983 D HomeMate: comm[ Thread-44416: FileTool.java:65 deleteOldFiles() ] - deleteOldFiles()-fileName:HomeMate_20170317093029.092.txt

03-30 10:36:24.206 11889 11983 D HomeMate: comm[ Thread-44416: FileTool.java:65 deleteOldFiles() ] - deleteOldFiles()-fileName:HomeMate_20170317092858.911.txt

03-30 10:36:24.207 11889 11983 D HomeMate: comm[ Thread-44416: FileTool.java:65 deleteOldFiles() ] - deleteOldFiles()-fileName:HomeMate_20170317092214.220.txt

03-30 10:36:24.207 11889 11983 D HomeMate: comm[ Thread-44416: FileTool.java:65 deleteOldFiles() ] - deleteOldFiles()-fileName:HomeMate_20170317091748.857.txt

03-30 10:36:24.207 11889 11983 D HomeMate: comm[ Thread-44416: FileTool.java:65 deleteOldFiles() ] - deleteOldFiles()-fileName:HomeMate_20170317091323.066.txt

03-30 10:36:24.208 11889 11983 D HomeMate: comm[ Thread-44416: FileTool.java:65 deleteOldFiles() ] - deleteOldFiles()-fileName:HomeMate_20170316193614.257.txt

03-30 10:36:24.208 11889 11983 D HomeMate: comm[ Thread-44416: FileTool.java:65 deleteOldFiles() ] - deleteOldFiles()-fileName:HomeMate_20170316193540.642.txt

03-30 10:36:24.208 11889 11983 D HomeMate: comm[ Thread-44416: FileTool.java:65 deleteOldFiles() ] - deleteOldFiles()-fileName:HomeMate_20170316193506.629.txt

03-30 10:36:24.209 11889 11983 D HomeMate: comm[ Thread-44416: FileTool.java:65 deleteOldFiles() ] - deleteOldFiles()-fileName:HomeMate_20170316193435.764.txt

03-30 10:36:24.209 11889 11983 D HomeMate: comm[ Thread-44416: FileTool.java:65 deleteOldFiles() ] - deleteOldFiles()-fileName:HomeMate_20170316193132.220.txt

03-30 10:36:24.210 11889 11983 D HomeMate: comm[ Thread-44416: FileTool.java:65 deleteOldFiles() ] - deleteOldFiles()-fileName:HomeMate_20170316193059.384.txt

03-30 10:36:24.210 11889 11983 D HomeMate: comm[ Thread-44416: FileTool.java:65 deleteOldFiles() ] - deleteOldFiles()-fileName:HomeMate_20170316193025.148.txt

03-30 10:36:24.210 11889 11983 D HomeMate: comm[ Thread-44416: FileTool.java:65 deleteOldFiles() ] - deleteOldFiles()-fileName:HomeMate_20170316192955.301.txt

03-30 10:36:24.211 11889 11983 D HomeMate: comm[ Thread-44416: FileTool.java:65 deleteOldFiles() ] - deleteOldFiles()-fileName:HomeMate_20170316185637.055.txt

03-30 10:36:24.211 11889 11983 D HomeMate: comm[ Thread-44416: FileTool.java:65 deleteOldFiles() ] - deleteOldFiles()-fileName:HomeMate_20170316185603.136.txt

03-30 10:36:24.212 11889 11983 D HomeMate: comm[ Thread-44416: FileTool.java:65 deleteOldFiles() ] - deleteOldFiles()-fileName:HomeMate_20170316185529.659.txt

03-30 10:36:24.212 11889 11983 D HomeMate: comm[ Thread-44416: FileTool.java:65 deleteOldFiles() ] - deleteOldFiles()-fileName:HomeMate_20170316185459.023.txt

03-30 10:36:24.213 11889 11983 D HomeMate: comm[ Thread-44416: FileTool.java:65 deleteOldFiles() ] - deleteOldFiles()-fileName:HomeMate_20170316183916.947.txt

03-30 10:36:24.213 11889 11983 D HomeMate: comm[ Thread-44416: FileTool.java:65 deleteOldFiles() ] - deleteOldFiles()-fileName:HomeMate_20170316180845.417.txt

03-30 10:36:24.214 11889 11983 D HomeMate: comm[ Thread-44416: FileTool.java:65 deleteOldFiles() ] - deleteOldFiles()-fileName:HomeMate_20170316180811.856.txt

03-30 10:36:24.214 11889 11983 D HomeMate: comm[ Thread-44416: FileTool.java:65 deleteOldFiles() ] - deleteOldFiles()-fileName:HomeMate_20170316180737.477.txt

03-30 10:36:24.215 11889 11983 D HomeMate: comm[ Thread-44416: FileTool.java:65 deleteOldFiles() ] - deleteOldFiles()-fileName:HomeMate_20170316180703.992.txt

03-30 10:36:24.215 11889 11983 D HomeMate: comm[ Thread-44416: FileTool.java:65 deleteOldFiles() ] - deleteOldFiles()-fileName:HomeMate_20170316180035.609.txt

03-30 10:36:24.216 11889 11983 D HomeMate: comm[ Thread-44416: FileTool.java:65 deleteOldFiles() ] - deleteOldFiles()-fileName:HomeMate_20170316175959.483.txt

03-30 10:36:24.216 11889 11983 D HomeMate: comm[ Thread-44416: FileTool.java:65 deleteOldFiles() ] - deleteOldFiles()-fileName:HomeMate_20170316175901.202.txt

03-30 10:36:24.216 11889 11983 D HomeMate: comm[ Thread-44416: FileTool.java:65 deleteOldFiles() ] - deleteOldFiles()-fileName:HomeMate_20170316175802.527.txt

03-30 10:36:24.217 11889 11983 D HomeMate: comm[ Thread-44416: FileTool.java:65 deleteOldFiles() ] - deleteOldFiles()-fileName:HomeMate_20170316174154.956.txt

03-30 10:36:24.217 11889 11983 D HomeMate: comm[ Thread-44416: FileTool.java:65 deleteOldFiles() ] - deleteOldFiles()-fileName:HomeMate_20170316175327.242vicenter.db

03-30 10:36:24.217 11889 11983 D HomeMate: comm[ Thread-44416: FileTool.java:65 deleteOldFiles() ] - deleteOldFiles()-fileName:HomeMate_20170316175327.274device_desc.db

03-30 10:36:24.217 11889 11983 D HomeMate: comm[ Thread-44416: FileTool.java:65 deleteOldFiles() ] - deleteOldFiles()-fileName:HomeMate_20170316174012.435.txt

03-30 10:36:24.218 11889 11983 D HomeMate: comm[ Thread-44416: FileTool.java:65 deleteOldFiles() ] - deleteOldFiles()-fileName:HomeMate_20170316173928.832.txt

03-30 10:36:24.218 11889 11983 D HomeMate: comm[ Thread-44416: FileTool.java:65 deleteOldFiles() ] - deleteOldFiles()-fileName:HomeMate_20170316173848.786.txt

03-30 10:36:24.218 11889 11983 D HomeMate: comm[ Thread-44416: FileTool.java:65 deleteOldFiles() ] - deleteOldFiles()-fileName:HomeMate_20170316173651.633.txt

03-30 10:36:24.219 11889 11983 D HomeMate: comm[ Thread-44416: FileTool.java:65 deleteOldFiles() ] - deleteOldFiles()-fileName:HomeMate_20170316173522.917.txt

03-30 10:36:24.219 11889 11983 D HomeMate: comm[ Thread-44416: FileTool.java:65 deleteOldFiles() ] - deleteOldFiles()-fileName:HomeMate_20170316173426.856.txt

03-30 10:36:24.219 11889 11983 D HomeMate: comm[ Thread-44416: FileTool.java:65 deleteOldFiles() ] - deleteOldFiles()-fileName:HomeMate_20170316173335.291.txt

03-30 10:36:24.220 11889 11983 D HomeMate: comm[ Thread-44416: FileTool.java:65 deleteOldFiles() ] - deleteOldFiles()-fileName:HomeMate_20170316173253.316.txt

03-30 10:36:24.220 11889 11983 D HomeMate: comm[ Thread-44416: FileTool.java:65 deleteOldFiles() ] - deleteOldFiles()-fileName:HomeMate_20170316173125.326.txt

03-30 10:36:24.221 11889 11983 D HomeMate: comm[ Thread-44416: FileTool.java:65 deleteOldFiles() ] - deleteOldFiles()-fileName:HomeMate_20170316173037.569.txt

03-30 10:36:24.221 11889 11983 D HomeMate: comm[ Thread-44416: FileTool.java:65 deleteOldFiles() ] - deleteOldFiles()-fileName:HomeMate_20170316172955.231.txt

03-30 10:36:24.221 11889 11983 D HomeMate: comm[ Thread-44416: FileTool.java:65 deleteOldFiles() ] - deleteOldFiles()-fileName:HomeMate_20170316172912.233.txt

03-30 10:36:24.222 11889 11983 D HomeMate: comm[ Thread-44416: FileTool.java:65 deleteOldFiles() ] - deleteOldFiles()-fileName:HomeMate_20170316172827.125.txt

03-30 10:36:24.222 11889 11983 D HomeMate: comm[ Thread-44416: FileTool.java:65 deleteOldFiles() ] - deleteOldFiles()-fileName:HomeMate_20170316172742.544.txt

03-30 10:36:24.222 11889 11983 D HomeMate: comm[ Thread-44416: FileTool.java:65 deleteOldFiles() ] - deleteOldFiles()-fileName:HomeMate_20170316172615.201.txt

03-30 10:36:24.223 11889 11983 D HomeMate: comm[ Thread-44416: FileTool.java:65 deleteOldFiles() ] - deleteOldFiles()-fileName:HomeMate_20170316172501.591.txt

03-30 10:36:24.223 11889 11983 D HomeMate: comm[ Thread-44416: FileTool.java:65 deleteOldFiles() ] - deleteOldFiles()-fileName:HomeMate_20170316172356.830.txt

03-30 10:36:24.223 11889 11983 D HomeMate: comm[ Thread-44416: FileTool.java:65 deleteOldFiles() ] - deleteOldFiles()-fileName:HomeMate_20170316172303.953.txt

03-30 10:36:24.224 11889 11983 D HomeMate: comm[ Thread-44416: FileTool.java:65 deleteOldFiles() ] - deleteOldFiles()-fileName:HomeMate_20170316172212.586.txt

03-30 10:36:24.224 11889 11983 D HomeMate: comm[ Thread-44416: FileTool.java:65 deleteOldFiles() ] - deleteOldFiles()-fileName:HomeMate_20170316172126.980.txt

03-30 10:36:24.224 11889 11983 D HomeMate: comm[ Thread-44416: FileTool.java:65 deleteOldFiles() ] - deleteOldFiles()-fileName:HomeMate_20170316172035.944.txt

03-30 10:36:24.224 11889 11983 D HomeMate: comm[ Thread-44416: FileTool.java:65 deleteOldFiles() ] - deleteOldFiles()-fileName:HomeMate_20170316171919.463.txt

03-30 10:36:24.225 11889 11983 D HomeMate: comm[ Thread-44416: FileTool.java:65 deleteOldFiles() ] - deleteOldFiles()-fileName:HomeMate_20170316171813.541.txt

03-30 10:36:24.225 11889 11983 D HomeMate: comm[ Thread-44416: FileTool.java:65 deleteOldFiles() ] - deleteOldFiles()-fileName:HomeMate_20170316171726.614.txt

03-30 10:36:24.225 11889 11983 D HomeMate: comm[ Thread-44416: FileTool.java:65 deleteOldFiles() ] - deleteOldFiles()-fileName:HomeMate_20170316171634.679.txt

03-30 10:36:24.226 11889 11983 D HomeMate: comm[ Thread-44416: FileTool.java:65 deleteOldFiles() ] - deleteOldFiles()-fileName:HomeMate_20170316171520.543.txt

03-30 10:36:24.226 11889 11983 D HomeMate: comm[ Thread-44416: FileTool.java:65 deleteOldFiles() ] - deleteOldFiles()-fileName:HomeMate_20170316171443.800.txt

03-30 10:36:24.226 11889 11983 D HomeMate: comm[ Thread-44416: FileTool.java:65 deleteOldFiles() ] - deleteOldFiles()-fileName:HomeMate_20170316171410.991.txt

03-30 10:36:24.226 11889 11983 D HomeMate: comm[ Thread-44416: FileTool.java:65 deleteOldFiles() ] - deleteOldFiles()-fileName:HomeMate_20170316171231.739.txt

03-30 10:36:24.227 11889 11983 D HomeMate: comm[ Thread-44416: FileTool.java:65 deleteOldFiles() ] - deleteOldFiles()-fileName:HomeMate_20170316171104.886.txt

03-30 10:36:24.227 11889 11983 D HomeMate: comm[ Thread-44416: FileTool.java:65 deleteOldFiles() ] - deleteOldFiles()-fileName:HomeMate_20170316171010.935.txt

03-30 10:36:24.227 11889 11983 D HomeMate: comm[ Thread-44416: FileTool.java:65 deleteOldFiles() ] - deleteOldFiles()-fileName:HomeMate_20170316170856.935.txt

03-30 10:36:24.228 11889 11983 D HomeMate: comm[ Thread-44416: FileTool.java:65 deleteOldFiles() ] - deleteOldFiles()-fileName:HomeMate_20170316170620.582.txt

03-30 10:36:24.228 11889 11983 D HomeMate: comm[ Thread-44416: FileTool.java:65 deleteOldFiles() ] - deleteOldFiles()-fileName:HomeMate_20170316170327.907.txt

03-30 10:36:24.228 11889 11983 D HomeMate: comm[ Thread-44416: FileTool.java:65 deleteOldFiles() ] - deleteOldFiles()-fileName:HomeMate_20170316170207.185.txt

03-30 10:36:24.229 11889 11983 D HomeMate: comm[ Thread-44416: FileTool.java:65 deleteOldFiles() ] - deleteOldFiles()-fileName:HomeMate_20170316170132.198.txt

03-30 10:36:24.229 11889 11983 D HomeMate: comm[ Thread-44416: FileTool.java:65 deleteOldFiles() ] - deleteOldFiles()-fileName:HomeMate_20170316170048.760.txt

03-30 10:36:24.229 11889 11983 D HomeMate: comm[ Thread-44416: FileTool.java:65 deleteOldFiles() ] - deleteOldFiles()-fileName:HomeMate_20170316165931.946.txt

03-30 10:36:24.229 11889 11983 D HomeMate: comm[ Thread-44416: FileTool.java:65 deleteOldFiles() ] - deleteOldFiles()-fileName:HomeMate_20170316165858.632.txt

03-30 10:36:24.230 11889 11983 D HomeMate: comm[ Thread-44416: FileTool.java:65 deleteOldFiles() ] - deleteOldFiles()-fileName:HomeMate_20170316165753.793.txt

03-30 10:36:24.230 11889 11983 D HomeMate: comm[ Thread-44416: FileTool.java:65 deleteOldFiles() ] - deleteOldFiles()-fileName:HomeMate_20170316165655.612.txt

03-30 10:36:24.230 11889 11983 D HomeMate: comm[ Thread-44416: FileTool.java:65 deleteOldFiles() ] - deleteOldFiles()-fileName:HomeMate_20170316165604.904.txt

03-30 10:36:24.231 11889 11983 D HomeMate: comm[ Thread-44416: FileTool.java:65 deleteOldFiles() ] - deleteOldFiles()-fileName:HomeMate_20170316165443.605.txt

03-30 10:36:24.231 11889 11983 D HomeMate: comm[ Thread-44416: FileTool.java:65 deleteOldFiles() ] - deleteOldFiles()-fileName:HomeMate_20170316165347.316.txt

03-30 10:36:24.231 11889 11983 D HomeMate: comm[ Thread-44416: FileTool.java:65 deleteOldFiles() ] - deleteOldFiles()-fileName:HomeMate_20170316165250.233.txt

03-30 10:36:24.232 11889 11983 D HomeMate: comm[ Thread-44416: FileTool.java:65 deleteOldFiles() ] - deleteOldFiles()-fileName:HomeMate_20170316165208.268.txt

03-30 10:36:24.232 11889 11983 D HomeMate: comm[ Thread-44416: FileTool.java:65 deleteOldFiles() ] - deleteOldFiles()-fileName:HomeMate_20170316165129.676.txt

03-30 10:36:24.232 11889 11983 D HomeMate: comm[ Thread-44416: FileTool.java:65 deleteOldFiles() ] - deleteOldFiles()-fileName:HomeMate_20170316165013.461.txt

03-30 10:36:24.233 11889 11983 D HomeMate: comm[ Thread-44416: FileTool.java:65 deleteOldFiles() ] - deleteOldFiles()-fileName:HomeMate_20170316164904.681.txt

03-30 10:36:24.233 11889 11983 D HomeMate: comm[ Thread-44416: FileTool.java:65 deleteOldFiles() ] - deleteOldFiles()-fileName:HomeMate_20170316164830.481.txt

03-30 10:36:24.233 11889 11983 D HomeMate: comm[ Thread-44416: FileTool.java:65 deleteOldFiles() ] - deleteOldFiles()-fileName:HomeMate_20170316164756.267.txt

03-30 10:36:24.234 11889 11983 D HomeMate: comm[ Thread-44416: FileTool.java:65 deleteOldFiles() ] - deleteOldFiles()-fileName:HomeMate_20170316164719.976.txt

03-30 10:36:24.234 11889 11983 D HomeMate: comm[ Thread-44416: FileTool.java:65 deleteOldFiles() ] - deleteOldFiles()-fileName:HomeMate_20170316164637.242.txt

03-30 10:36:24.234 11889 11983 D HomeMate: comm[ Thread-44416: FileTool.java:65 deleteOldFiles() ] - deleteOldFiles()-fileName:HomeMate_20170316164545.565.txt

03-30 10:36:24.235 11889 11983 D HomeMate: comm[ Thread-44416: FileTool.java:65 deleteOldFiles() ] - deleteOldFiles()-fileName:HomeMate_20170316164434.118.txt

03-30 10:36:24.235 11889 11983 D HomeMate: comm[ Thread-44416: FileTool.java:65 deleteOldFiles() ] - deleteOldFiles()-fileName:HomeMate_20170316164357.153.txt

03-30 10:36:24.235 11889 11983 D HomeMate: comm[ Thread-44416: FileTool.java:65 deleteOldFiles() ] - deleteOldFiles()-fileName:HomeMate_20170316164324.603.txt

03-30 10:36:24.236 11889 11983 D HomeMate: comm[ Thread-44416: FileTool.java:65 deleteOldFiles() ] - deleteOldFiles()-fileName:HomeMate_20170316164222.699.txt

03-30 10:36:24.236 11889 11983 D HomeMate: comm[ Thread-44416: FileTool.java:65 deleteOldFiles() ] - deleteOldFiles()-fileName:HomeMate_20170316164059.740.txt

03-30 10:36:24.237 11889 11983 D HomeMate: comm[ Thread-44416: FileTool.java:65 deleteOldFiles() ] - deleteOldFiles()-fileName:HomeMate_20170316164000.538.txt

03-30 10:36:24.237 11889 11983 D HomeMate: comm[ Thread-44416: FileTool.java:65 deleteOldFiles() ] - deleteOldFiles()-fileName:HomeMate_20170316163928.231.txt

03-30 10:36:24.237 11889 11983 D HomeMate: comm[ Thread-44416: FileTool.java:65 deleteOldFiles() ] - deleteOldFiles()-fileName:HomeMate_20170316163802.063.txt

03-30 10:36:24.238 11889 11983 D HomeMate: comm[ Thread-44416: FileTool.java:65 deleteOldFiles() ] - deleteOldFiles()-fileName:HomeMate_20170316163729.162.txt

03-30 10:36:24.238 11889 11983 D HomeMate: comm[ Thread-44416: FileTool.java:65 deleteOldFiles() ] - deleteOldFiles()-fileName:HomeMate_20170316163654.626.txt

03-30 10:36:24.238 11889 11983 D HomeMate: comm[ Thread-44416: FileTool.java:65 deleteOldFiles() ] - deleteOldFiles()-fileName:HomeMate_20170316163304.030.txt

03-30 10:36:24.239 11889 11983 D HomeMate: comm[ Thread-44416: FileTool.java:65 deleteOldFiles() ] - deleteOldFiles()-fileName:HomeMate_20170316162743.464.txt

03-30 10:36:24.239 11889 11983 D HomeMate: comm[ Thread-44416: FileTool.java:65 deleteOldFiles() ] - deleteOldFiles()-fileName:HomeMate_20170316162212.462.txt

03-30 10:36:24.239 11889 11983 D HomeMate: comm[ Thread-44416: FileTool.java:65 deleteOldFiles() ] - deleteOldFiles()-fileName:HomeMate_20170316161206.276.txt

03-30 10:36:24.240 11889 11983 D HomeMate: comm[ Thread-44416: FileTool.java:65 deleteOldFiles() ] - deleteOldFiles()-fileName:HomeMate_20170316154418.161.txt

03-30 10:36:24.240 11889 11983 D HomeMate: comm[ Thread-44416: FileTool.java:65 deleteOldFiles() ] - deleteOldFiles()-fileName:HomeMate_20170316154352.318.txt

03-30 10:36:24.241 11889 11983 D HomeMate: comm[ Thread-44416: FileTool.java:65 deleteOldFiles() ] - deleteOldFiles()-fileName:HomeMate_20170316154129.867.txt

03-30 10:36:24.241 11889 11983 D HomeMate: comm[ Thread-44416: FileTool.java:65 deleteOldFiles() ] - deleteOldFiles()-fileName:HomeMate_20170316154058.933.txt

03-30 10:36:24.242 11889 11983 D HomeMate: comm[ Thread-44416: FileTool.java:65 deleteOldFiles() ] - deleteOldFiles()-fileName:HomeMate_20170316153913.732.txt

03-30 10:36:24.242 11889 11983 D HomeMate: comm[ Thread-44416: FileTool.java:65 deleteOldFiles() ] - deleteOldFiles()-fileName:HomeMate_20170316153809.712.txt

03-30 10:36:24.243 11889 11983 D HomeMate: comm[ Thread-44416: FileTool.java:65 deleteOldFiles() ] - deleteOldFiles()-fileName:HomeMate_20170316153718.424.txt

03-30 10:36:24.243 11889 11983 D HomeMate: comm[ Thread-44416: FileTool.java:65 deleteOldFiles() ] - deleteOldFiles()-fileName:HomeMate_20170316153558.131.txt

03-30 10:36:24.243 11889 11983 D HomeMate: comm[ Thread-44416: FileTool.java:65 deleteOldFiles() ] - deleteOldFiles()-fileName:HomeMate_20170316153454.463.txt

03-30 10:36:24.244 11889 11983 D HomeMate: comm[ Thread-44416: FileTool.java:65 deleteOldFiles() ] - deleteOldFiles()-fileName:HomeMate_20170316153353.346.txt

03-30 10:36:24.244 11889 11983 D HomeMate: comm[ Thread-44416: FileTool.java:65 deleteOldFiles() ] - deleteOldFiles()-fileName:HomeMate_20170316153240.537.txt

03-30 10:36:24.244 11889 11983 D HomeMate: comm[ Thread-44416: FileTool.java:65 deleteOldFiles() ] - deleteOldFiles()-fileName:HomeMate_20170316153134.718.txt

03-30 10:36:24.245 11889 11983 D HomeMate: comm[ Thread-44416: FileTool.java:65 deleteOldFiles() ] - deleteOldFiles()-fileName:HomeMate_20170316153013.807.txt

03-30 10:36:24.245 11889 11983 D HomeMate: comm[ Thread-44416: FileTool.java:65 deleteOldFiles() ] - deleteOldFiles()-fileName:HomeMate_20170316152916.779.txt

03-30 10:36:24.245 11889 11983 D HomeMate: comm[ Thread-44416: FileTool.java:65 deleteOldFiles() ] - deleteOldFiles()-fileName:HomeMate_20170316152821.894.txt

03-30 10:36:24.246 11889 11983 D HomeMate: comm[ Thread-44416: FileTool.java:65 deleteOldFiles() ] - deleteOldFiles()-fileName:HomeMate_20170316152746.035.txt

03-30 10:36:24.246 11889 11983 D HomeMate: comm[ Thread-44416: FileTool.java:65 deleteOldFiles() ] - deleteOldFiles()-fileName:HomeMate_20170316152710.752.txt

03-30 10:36:24.246 11889 11983 D HomeMate: comm[ Thread-44416: FileTool.java:65 deleteOldFiles() ] - deleteOldFiles()-fileName:HomeMate_20170316152627.283.txt

03-30 10:36:24.247 11889 11983 D HomeMate: comm[ Thread-44416: FileTool.java:65 deleteOldFiles() ] - deleteOldFiles()-fileName:HomeMate_20170316152532.124.txt

03-30 10:36:24.247 11889 11983 D HomeMate: comm[ Thread-44416: FileTool.java:65 deleteOldFiles() ] - deleteOldFiles()-fileName:HomeMate_20170316152420.296.txt

03-30 10:36:24.247 11889 11983 D HomeMate: comm[ Thread-44416: FileTool.java:65 deleteOldFiles() ] - deleteOldFiles()-fileName:HomeMate_20170316152342.707.txt

03-30 10:36:24.248 11889 11983 D HomeMate: comm[ Thread-44416: FileTool.java:65 deleteOldFiles() ] - deleteOldFiles()-fileName:HomeMate_20170316152309.404.txt

03-30 10:36:24.248 11889 11983 D HomeMate: comm[ Thread-44416: FileTool.java:65 deleteOldFiles() ] - deleteOldFiles()-fileName:HomeMate_20170316151643.318.txt

03-30 10:36:24.248 11889 11983 D HomeMate: comm[ Thread-44416: FileTool.java:65 deleteOldFiles() ] - deleteOldFiles()-fileName:HomeMate_20170316151520.667.txt

03-30 10:36:24.249 11889 11983 D HomeMate: comm[ Thread-44416: FileTool.java:65 deleteOldFiles() ] - deleteOldFiles()-fileName:HomeMate_20170316151446.775.txt

03-30 10:36:24.249 11889 11983 D HomeMate: comm[ Thread-44416: FileTool.java:65 deleteOldFiles() ] - deleteOldFiles()-fileName:HomeMate_20170316151412.891.txt

03-30 10:36:24.249 11889 11983 D HomeMate: comm[ Thread-44416: FileTool.java:65 deleteOldFiles() ] - deleteOldFiles()-fileName:HomeMate_20170316151329.913.txt

03-30 10:36:24.250 11889 11983 D HomeMate: comm[ Thread-44416: FileTool.java:65 deleteOldFiles() ] - deleteOldFiles()-fileName:HomeMate_20170316151234.532.txt

03-30 10:36:24.250 11889 11983 D HomeMate: comm[ Thread-44416: FileTool.java:65 deleteOldFiles() ] - deleteOldFiles()-fileName:HomeMate_20170316151121.638.txt

03-30 10:36:24.250 11889 11983 D HomeMate: comm[ Thread-44416: FileTool.java:65 deleteOldFiles() ] - deleteOldFiles()-fileName:HomeMate_20170316151044.337.txt

03-30 10:36:24.251 11889 11983 D HomeMate: comm[ Thread-44416: FileTool.java:65 deleteOldFiles() ] - deleteOldFiles()-fileName:HomeMate_20170316151008.804.txt

03-30 10:36:24.251 11889 11983 D HomeMate: comm[ Thread-44416: FileTool.java:65 deleteOldFiles() ] - deleteOldFiles()-fileName:HomeMate_20170316150931.925.txt

03-30 10:36:24.253 11889 11983 D HomeMate: comm[ Thread-44416: FileTool.java:65 deleteOldFiles() ] - deleteOldFiles()-fileName:HomeMate_20170316150858.065.txt

