--------- beginning of system

03-17 16:57:22.989  1534  1669 V ActivityManager: Attempted to start a foreground service (ComponentInfo{com.orvibo.homemate/com.orvibo.homemate.service.MoonService}) with a broken notification (no icon: Notification(pri=0 contentView=null vibrate=null sound=null defaults=0x0 flags=0x40 color=0x00000000 vis=PRIVATE))

03-17 16:57:23.020  1534  1669 V ActivityManager: Attempted to start a foreground service (ComponentInfo{com.orvibo.homemate/com.orvibo.homemate.service.TempService}) with a broken notification (no icon: Notification(pri=0 contentView=null vibrate=null sound=null defaults=0x0 flags=0x40 color=0x00000000 vis=PRIVATE))

03-17 16:57:23.177  3580  3697 W ContextImpl: Calling a method in the system process without a qualified user: android.app.ContextImpl.bindService:1295 android.content.ContextWrapper.bindService:614 com.xiaomi.mistatistic.sdk.controller.LocalEventRecorder.a:90 com.xiaomi.mistatistic.sdk.controller.LocalEventRecorder.b:70 com.xiaomi.mistatistic.sdk.controller.LocalEventRecorder.a:25 

03-17 16:57:23.453  1534  1595 D SystemSettings: Want to modify SystemSettings? See MiuiSettings.System.PUBLIC_SETTINGS

03-17 16:57:23.454  1534  1595 W SettingsProvider: You shouldn't keep your settings in the secure settings. This will soon become an error.

03-17 16:57:25.425  1534  1669 V BroadcastQueueInjector: Skipping BroadcastRecord{dff50e5 u-1 android.net.wifi.SCAN_RESULTS} to ProcessRecord{d279ccd 16082:com.sina.weibo:remote/u0a98}

03-17 16:57:25.425  1534  1669 D Whetstone-FW: MiuiLog-Whetstone-BroadcastControl BroadcastRecord{dff50e5 u-1 android.net.wifi.SCAN_RESULTS} is discarded

03-17 16:57:26.301  1534  1595 I ActivityManager: START u0 {cmp=com.orvibo.homemate/.user.UserActivity (has extras)} from uid 10136 on display 0

03-17 16:57:29.567  1534  3631 I ActivityManager: Killing 28246:com.sohu.inputmethod.sogou.xiaomi/u0a76 (adj 15): empty for 1625s

03-17 16:57:29.593  1534  4041 D ActivityManagerInjector: com.sohu.inputmethod.sogou.xiaomi is killed by AMS with adj 15 ,do not allow restart

03-17 16:57:29.593  1534  4041 D ActivityManager: cleanUpApplicationRecord -- 28246

03-17 16:57:29.594  1534  3436 D WifiService: Client connection lost with reason: 4

03-17 16:57:29.694  1534  1595 I ActivityManager: START u0 {cmp=com.orvibo.homemate/.user.LoginActivity} from uid 10136 on display 0

03-17 16:57:29.743  1534  3631 W ActivityManager: Duplicate finish request for ActivityRecord{67967ba u0 com.orvibo.homemate/.user.UserActivity t10267 f}

03-17 16:57:35.668  1534  4093 I ActivityManager: START u0 {cmp=com.orvibo.homemate/.user.RegisterActivity} from uid 10136 on display 0

03-17 16:57:37.497  1534  4188 I ActivityManager: START u0 {cmp=com.orvibo.homemate/.user.UserAgreementActivity} from uid 10136 on display 0

03-17 16:57:38.241  1534  4093 D ConnectivityService: listenForNetwork for Listen from uid/pid:10136/22238 for NetworkRequest [ id=207, legacyType=-1, [ Capabilities: INTERNET&NOT_RESTRICTED&TRUSTED] ]

03-17 16:57:38.410  1534  3826 D ConnectivityService: listenForNetwork for Listen from uid/pid:10136/22238 for NetworkRequest [ id=208, legacyType=-1, [ Capabilities: INTERNET&NOT_RESTRICTED&TRUSTED] ]

03-17 16:57:46.553  1534  4008 D BaseMiuiPhoneWindowManager: keyCode:67 down:true 200890581 200890581 policyFlags=2b000000 deviceId:-1 isScreenOn:true

03-17 16:57:46.554  1534  4008 D WindowManager: keyguardActive=false

03-17 16:57:46.577  1534  4188 D BaseMiuiPhoneWindowManager: keyCode:67 down:false 200890581 200890581 policyFlags=2b000000 deviceId:-1 isScreenOn:true

03-17 16:57:46.577  1534  4188 D WindowManager: keyguardActive=false

03-17 16:57:46.620  1534  3973 D BaseMiuiPhoneWindowManager: keyCode:67 down:true 200890662 200890662 policyFlags=2b000000 deviceId:-1 isScreenOn:true

03-17 16:57:46.620  1534  3973 D WindowManager: keyguardActive=false

03-17 16:57:46.633  1534  3621 D BaseMiuiPhoneWindowManager: keyCode:67 down:false 200890662 200890662 policyFlags=2b000000 deviceId:-1 isScreenOn:true

03-17 16:57:46.633  1534  3621 D WindowManager: keyguardActive=false

03-17 16:57:46.643  1534  4008 D BaseMiuiPhoneWindowManager: keyCode:112 down:true 200890684 200890684 policyFlags=2b000000 deviceId:-1 isScreenOn:true

03-17 16:57:46.643  1534  4008 D WindowManager: keyguardActive=false

03-17 16:57:46.656  1534  1597 D BaseMiuiPhoneWindowManager: keyCode:112 down:false 200890684 200890684 policyFlags=2b000000 deviceId:-1 isScreenOn:true

03-17 16:57:46.656  1534  1597 D WindowManager: keyguardActive=false

03-17 16:57:49.043  1534  3631 D BaseMiuiPhoneWindowManager: keyCode:67 down:true 200893084 200893084 policyFlags=2b000000 deviceId:-1 isScreenOn:true

03-17 16:57:49.043  1534  3631 D WindowManager: keyguardActive=false

03-17 16:57:49.050  1534  4024 D BaseMiuiPhoneWindowManager: keyCode:67 down:false 200893084 200893084 policyFlags=2b000000 deviceId:-1 isScreenOn:true

03-17 16:57:49.050  1534  4024 D WindowManager: keyguardActive=false

03-17 16:57:49.078  1534  4008 D BaseMiuiPhoneWindowManager: keyCode:8 down:true 200893120 200893098 policyFlags=2b000000 deviceId:-1 isScreenOn:true

03-17 16:57:49.078  1534  4008 D WindowManager: keyguardActive=false

03-17 16:57:49.105  1534  4093 D BaseMiuiPhoneWindowManager: keyCode:8 down:false 200893146 200893098 policyFlags=2b000000 deviceId:-1 isScreenOn:true

03-17 16:57:49.105  1534  4093 D WindowManager: keyguardActive=false

03-17 16:57:49.120  1534  3973 D BaseMiuiPhoneWindowManager: keyCode:10 down:true 200893161 200893098 policyFlags=2b000000 deviceId:-1 isScreenOn:true

03-17 16:57:49.120  1534  3973 D WindowManager: keyguardActive=false

03-17 16:57:49.130  1534  4166 D BaseMiuiPhoneWindowManager: keyCode:10 down:false 200893172 200893098 policyFlags=2b000000 deviceId:-1 isScreenOn:true

03-17 16:57:49.131  1534  4166 D WindowManager: keyguardActive=false

03-17 16:57:49.147  1534  1595 D BaseMiuiPhoneWindowManager: keyCode:9 down:true 200893189 200893098 policyFlags=2b000000 deviceId:-1 isScreenOn:true

03-17 16:57:49.147  1534  1595 D WindowManager: keyguardActive=false

03-17 16:57:49.160  1534  3826 D BaseMiuiPhoneWindowManager: keyCode:9 down:false 200893201 200893098 policyFlags=2b000000 deviceId:-1 isScreenOn:true

03-17 16:57:49.160  1534  3826 D WindowManager: keyguardActive=false

03-17 16:57:49.177  1534  4024 D BaseMiuiPhoneWindowManager: keyCode:13 down:true 200893218 200893098 policyFlags=2b000000 deviceId:-1 isScreenOn:true

03-17 16:57:49.177  1534  4024 D WindowManager: keyguardActive=false

03-17 16:57:49.186  1534  3633 D BaseMiuiPhoneWindowManager: keyCode:13 down:false 200893228 200893098 policyFlags=2b000000 deviceId:-1 isScreenOn:true

03-17 16:57:49.186  1534  3633 D WindowManager: keyguardActive=false

03-17 16:57:49.199  1534  3973 D BaseMiuiPhoneWindowManager: keyCode:12 down:true 200893240 200893098 policyFlags=2b000000 deviceId:-1 isScreenOn:true

03-17 16:57:49.199  1534  3973 D WindowManager: keyguardActive=false

03-17 16:57:49.216  1534  3631 D BaseMiuiPhoneWindowManager: keyCode:12 down:false 200893257 200893098 policyFlags=2b000000 deviceId:-1 isScreenOn:true

03-17 16:57:49.216  1534  3631 D WindowManager: keyguardActive=false

03-17 16:57:49.236  1534  3633 D BaseMiuiPhoneWindowManager: keyCode:14 down:true 200893278 200893098 policyFlags=2b000000 deviceId:-1 isScreenOn:true

03-17 16:57:49.236  1534  3633 D WindowManager: keyguardActive=false

03-17 16:57:49.242  1534  3621 D BaseMiuiPhoneWindowManager: keyCode:14 down:false 200893284 200893098 policyFlags=2b000000 deviceId:-1 isScreenOn:true

03-17 16:57:49.243  1534  3621 D WindowManager: keyguardActive=false

03-17 16:57:49.250  1534  1595 D BaseMiuiPhoneWindowManager: keyCode:15 down:true 200893291 200893098 policyFlags=2b000000 deviceId:-1 isScreenOn:true

03-17 16:57:49.250  1534  1595 D WindowManager: keyguardActive=false

03-17 16:57:49.265  1534  1597 D BaseMiuiPhoneWindowManager: keyCode:15 down:false 200893306 200893098 policyFlags=2b000000 deviceId:-1 isScreenOn:true

03-17 16:57:49.265  1534  1597 D WindowManager: keyguardActive=false

03-17 16:57:49.284  1534  3621 D BaseMiuiPhoneWindowManager: keyCode:11 down:true 200893325 200893098 policyFlags=2b000000 deviceId:-1 isScreenOn:true

03-17 16:57:49.284  1534  3621 D WindowManager: keyguardActive=false

03-17 16:57:49.293  1534  3973 D BaseMiuiPhoneWindowManager: keyCode:11 down:false 200893335 200893098 policyFlags=2b000000 deviceId:-1 isScreenOn:true

03-17 16:57:49.293  1534  3973 D WindowManager: keyguardActive=false

03-17 16:57:49.304  1534  3631 D BaseMiuiPhoneWindowManager: keyCode:12 down:true 200893345 200893098 policyFlags=2b000000 deviceId:-1 isScreenOn:true

03-17 16:57:49.304  1534  3631 D WindowManager: keyguardActive=false

03-17 16:57:49.310  1534  1597 D BaseMiuiPhoneWindowManager: keyCode:12 down:false 200893351 200893098 policyFlags=2b000000 deviceId:-1 isScreenOn:true

03-17 16:57:49.310  1534  1597 D WindowManager: keyguardActive=false

03-17 16:57:49.312  1534  3633 D BaseMiuiPhoneWindowManager: keyCode:11 down:true 200893354 200893098 policyFlags=2b000000 deviceId:-1 isScreenOn:true

03-17 16:57:49.313  1534  3633 D WindowManager: keyguardActive=false

03-17 16:57:49.323  1534  1595 D BaseMiuiPhoneWindowManager: keyCode:11 down:false 200893365 200893098 policyFlags=2b000000 deviceId:-1 isScreenOn:true

03-17 16:57:49.323  1534  1595 D WindowManager: keyguardActive=false

03-17 16:57:49.328  1534  3826 D BaseMiuiPhoneWindowManager: keyCode:7 down:true 200893369 200893098 policyFlags=2b000000 deviceId:-1 isScreenOn:true

03-17 16:57:49.328  1534  3826 D WindowManager: keyguardActive=false

03-17 16:57:49.341  1534  4166 D BaseMiuiPhoneWindowManager: keyCode:7 down:false 200893382 200893098 policyFlags=2b000000 deviceId:-1 isScreenOn:true

03-17 16:57:49.341  1534  4166 D WindowManager: keyguardActive=false

03-17 16:57:54.425  1534  3796 I ActivityManager: START u0 {cmp=com.orvibo.homemate/.user.UserPhoneIdentifyActivity (has extras)} from uid 10136 on display 0

--------- beginning of main

03-17 16:57:55.604   334 24227 D NuPlayerDriver: stop(0xb107d680)

03-17 16:57:55.604   334 24227 D NuPlayerDriver: notifyListener_l(0xb107d680), (8, 0, 0)

03-17 16:57:55.611   334 22499 D NuPlayerDriver: reset(0xb107d680)

03-17 16:57:55.622   334 13226 D NuPlayerDriver: notifyResetComplete(0xb107d680)

03-17 16:57:58.738  1534  4093 D PerfShielderService: Jank raised from pkg: com.android.systemui window: StatusBar Janky Duration: 237487604 LargestFrameDuration: 237376093 reason: Slow handle traversal

03-17 16:58:42.158   330  1854 E NetlinkEvent: NetlinkEvent::FindParam(): Parameter 'TIME_NS' not found

03-17 16:58:42.158   330  1854 E NetlinkEvent: NetlinkEvent::FindParam(): Parameter 'UID' not found

03-17 16:58:42.279  1534  1906 D AutomaticBrightnessController: drop the lightsensor event ,time=200946320 ,lux=7.347539

03-17 16:58:42.448  1534  1906 D AutomaticBrightnessController: drop the lightsensor event ,time=200946490 ,lux=2.9390156

03-17 16:58:42.620  1534  1906 D AutomaticBrightnessController: drop the lightsensor event ,time=200946662 ,lux=1.4695078

03-17 16:58:42.789  1534  1906 D AutomaticBrightnessController: drop the lightsensor event ,time=200946831 ,lux=1.4695078

03-17 16:58:42.958  1534  1906 D AutomaticBrightnessController: drop the lightsensor event ,time=200947000 ,lux=2.2042618

03-17 16:58:43.129  1534  1906 D AutomaticBrightnessController: drop the lightsensor event ,time=200947170 ,lux=7.347539

03-17 16:58:43.299  1534  1906 D AutomaticBrightnessController: drop the lightsensor event ,time=200947340 ,lux=4.4085236

03-17 16:58:43.468  1534  1906 D AutomaticBrightnessController: drop the lightsensor event ,time=200947510 ,lux=1.4695078

03-17 16:58:43.639  1534  1906 D AutomaticBrightnessController: drop the lightsensor event ,time=200947681 ,lux=4.4085236

03-17 16:58:43.809  1534  1906 D AutomaticBrightnessController: drop the lightsensor event ,time=200947850 ,lux=7.347539

03-17 16:58:43.978  1534  1906 D AutomaticBrightnessController: drop the lightsensor event ,time=200948020 ,lux=5.1432776

03-17 16:58:44.658  1534  1906 D AutomaticBrightnessController: drop the lightsensor event ,time=200948700 ,lux=16.164587

03-17 16:58:44.829  1534  1906 D AutomaticBrightnessController: drop the lightsensor event ,time=200948870 ,lux=5.8780313

03-17 16:58:44.999  1534  1906 D AutomaticBrightnessController: drop the lightsensor event ,time=200949040 ,lux=1.4695078

03-17 16:58:45.169  1534  1906 D AutomaticBrightnessController: drop the lightsensor event ,time=200949210 ,lux=1.4695078

03-17 16:58:45.340  1534  1906 D AutomaticBrightnessController: drop the lightsensor event ,time=200949381 ,lux=5.1432776

03-17 16:58:45.509  1534  1906 D AutomaticBrightnessController: drop the lightsensor event ,time=200949551 ,lux=2.2042618

03-17 16:58:45.562   330  1854 E NetlinkEvent: NetlinkEvent::FindParam(): Parameter 'TIME_NS' not found

03-17 16:58:45.562   330  1854 E NetlinkEvent: NetlinkEvent::FindParam(): Parameter 'UID' not found

03-17 16:58:45.679  1534  1906 D AutomaticBrightnessController: drop the lightsensor event ,time=200949720 ,lux=2.9390156

03-17 16:58:45.848  1534  1906 D AutomaticBrightnessController: drop the lightsensor event ,time=200949890 ,lux=2.9390156

03-17 16:58:46.018  1534  1906 D AutomaticBrightnessController: drop the lightsensor event ,time=200950060 ,lux=2.2042618

03-17 16:58:46.192  1534  1906 D AutomaticBrightnessController: drop the lightsensor event ,time=200950234 ,lux=1.4695078

03-17 16:58:46.362  1534  1906 D AutomaticBrightnessController: drop the lightsensor event ,time=200950403 ,lux=3.6737695

03-17 16:58:46.528  1534  1906 D AutomaticBrightnessController: drop the lightsensor event ,time=200950570 ,lux=8.817047

03-17 16:58:46.700  1534  1906 D AutomaticBrightnessController: drop the lightsensor event ,time=200950742 ,lux=2.9390156

03-17 16:58:46.869  1534  1906 D AutomaticBrightnessController: drop the lightsensor event ,time=200950910 ,lux=2.2042618

03-17 16:58:46.970  1534  3796 I ActivityManager: Process com.miui.gallery (pid 28802) has died

03-17 16:58:46.971  1534  3796 D ActivityManagerInjector: com.miui.gallery is killed by AMS with adj 15 ,do not allow restart

03-17 16:58:46.971  1534  3796 D ActivityManager: cleanUpApplicationRecord -- 28802

03-17 16:58:46.990  1534  4166 I WindowState: WIN DEATH: Window{c2a07bb u0 com.qihoo.appstore}

03-17 16:58:46.991  1534  1595 I ActivityManager: Process com.qihoo.appstore (pid 17662) has died

03-17 16:58:46.991  1534  1595 D ActivityManagerInjector: com.qihoo.appstore is a long inactive service(millionsecond) 188592603 with adj 15,do not allow restart

03-17 16:58:46.991  1534  1595 D ActivityManager: cleanUpApplicationRecord -- 17662

03-17 16:58:46.994  1534  3436 D WifiService: Client connection lost with reason: 4

03-17 16:58:46.999  1534  4166 W AppOps  : Finishing op nesting under-run: uid 10120 pkg com.qihoo.appstore code 24 time=0 duration=0 nesting=0

03-17 16:58:47.038  1534  1906 D AutomaticBrightnessController: drop the lightsensor event ,time=200951080 ,lux=2.9390156

03-17 16:58:47.053  1534  3621 I ActivityManager: Process com.android.camera (pid 18319) has died

03-17 16:58:47.053  1534  3621 D ActivityManagerInjector: com.android.camera is killed by AMS with adj 15 ,do not allow restart

03-17 16:58:47.053  1534  3621 D ActivityManager: cleanUpApplicationRecord -- 18319

03-17 16:58:47.217  1534  1906 D AutomaticBrightnessController: drop the lightsensor event ,time=200951258 ,lux=2.9390156

03-17 16:58:47.384  1534  1906 D AutomaticBrightnessController: drop the lightsensor event ,time=200951425 ,lux=3.6737695

03-17 16:58:47.548  1534  1906 D AutomaticBrightnessController: drop the lightsensor event ,time=200951590 ,lux=4.4085236

03-17 16:58:47.718  1534  1906 D AutomaticBrightnessController: drop the lightsensor event ,time=200951760 ,lux=1.4695078

03-17 16:58:47.888  1534  1906 D AutomaticBrightnessController: drop the lightsensor event ,time=200951930 ,lux=2.9390156

03-17 16:58:48.058  1534  1906 D AutomaticBrightnessController: drop the lightsensor event ,time=200952100 ,lux=3.6737695

03-17 16:58:48.229  1534  1906 D AutomaticBrightnessController: drop the lightsensor event ,time=200952270 ,lux=4.4085236

03-17 16:58:48.398  1534  1906 D AutomaticBrightnessController: drop the lightsensor event ,time=200952440 ,lux=1.4695078

03-17 16:58:48.569  1534  1906 D AutomaticBrightnessController: drop the lightsensor event ,time=200952611 ,lux=6.6127853

03-17 16:58:48.738  1534  1906 D AutomaticBrightnessController: drop the lightsensor event ,time=200952780 ,lux=1.4695078

03-17 16:58:48.908  1534  1906 D AutomaticBrightnessController: drop the lightsensor event ,time=200952950 ,lux=3.6737695

03-17 16:58:49.079  1534  1906 D AutomaticBrightnessController: drop the lightsensor event ,time=200953121 ,lux=11.7560625

03-17 16:58:49.249  1534  1906 D AutomaticBrightnessController: drop the lightsensor event ,time=200953291 ,lux=8.817047

03-17 16:58:49.418  1534  1906 D AutomaticBrightnessController: drop the lightsensor event ,time=200953460 ,lux=9.551801

03-17 16:58:49.588  1534  1906 D AutomaticBrightnessController: drop the lightsensor event ,time=200953630 ,lux=4.4085236

03-17 16:58:49.758  1534  1906 D AutomaticBrightnessController: drop the lightsensor event ,time=200953800 ,lux=16.89934

03-17 16:58:49.929  1534  1906 D AutomaticBrightnessController: drop the lightsensor event ,time=200953971 ,lux=4.4085236

03-17 16:58:50.099  1534  1906 D AutomaticBrightnessController: drop the lightsensor event ,time=200954141 ,lux=2.2042618

03-17 16:58:50.268  1534  1906 D AutomaticBrightnessController: drop the lightsensor event ,time=200954310 ,lux=5.8780313

03-17 16:58:50.438  1534  1906 D AutomaticBrightnessController: drop the lightsensor event ,time=200954480 ,lux=3.6737695

03-17 16:58:50.608  1534  1906 D AutomaticBrightnessController: drop the lightsensor event ,time=200954650 ,lux=3.6737695

03-17 16:58:50.779  1534  1906 D AutomaticBrightnessController: drop the lightsensor event ,time=200954821 ,lux=4.4085236

03-17 16:58:50.949  1534  1906 D AutomaticBrightnessController: drop the lightsensor event ,time=200954990 ,lux=1.4695078

03-17 16:58:51.118  1534  1906 D AutomaticBrightnessController: drop the lightsensor event ,time=200955160 ,lux=4.4085236

03-17 16:58:51.288  1534  1906 D AutomaticBrightnessController: drop the lightsensor event ,time=200955330 ,lux=2.2042618

03-17 16:58:51.459  1534  1906 D AutomaticBrightnessController: drop the lightsensor event ,time=200955500 ,lux=3.6737695

03-17 16:58:51.628  1534  1906 D AutomaticBrightnessController: drop the lightsensor event ,time=200955670 ,lux=2.9390156

03-17 16:58:51.798  1534  1906 D AutomaticBrightnessController: drop the lightsensor event ,time=200955840 ,lux=1.4695078

03-17 16:58:51.969  1534  1906 D AutomaticBrightnessController: drop the lightsensor event ,time=200956010 ,lux=5.1432776

03-17 16:58:52.139  1534  1906 D AutomaticBrightnessController: drop the lightsensor event ,time=200956181 ,lux=3.6737695

03-17 16:58:52.309  1534  1906 D AutomaticBrightnessController: drop the lightsensor event ,time=200956350 ,lux=5.1432776

03-17 16:58:52.479  1534  1906 D AutomaticBrightnessController: drop the lightsensor event ,time=200956520 ,lux=5.1432776

03-17 16:58:52.648  1534  1906 D AutomaticBrightnessController: drop the lightsensor event ,time=200956690 ,lux=2.9390156

03-17 16:58:52.819  1534  1906 D AutomaticBrightnessController: drop the lightsensor event ,time=200956860 ,lux=2.2042618

03-17 16:58:52.989  1534  1906 D AutomaticBrightnessController: drop the lightsensor event ,time=200957031 ,lux=3.6737695

03-17 16:58:53.162  1534  1906 D AutomaticBrightnessController: drop the lightsensor event ,time=200957203 ,lux=1.4695078

03-17 16:58:53.328  1534  1906 D AutomaticBrightnessController: drop the lightsensor event ,time=200957370 ,lux=3.6737695

03-17 16:58:53.498  1534  1906 D AutomaticBrightnessController: drop the lightsensor event ,time=200957540 ,lux=2.2042618

03-17 16:58:53.669  1534  1906 D AutomaticBrightnessController: drop the lightsensor event ,time=200957711 ,lux=3.6737695

03-17 16:58:53.838  1534  1906 D AutomaticBrightnessController: drop the lightsensor event ,time=200957880 ,lux=1.4695078

03-17 16:58:54.008  1534  1906 D AutomaticBrightnessController: drop the lightsensor event ,time=200958050 ,lux=2.2042618

03-17 16:58:54.179  1534  1906 D AutomaticBrightnessController: drop the lightsensor event ,time=200958220 ,lux=2.2042618

03-17 16:58:54.348  1534  1906 D AutomaticBrightnessController: drop the lightsensor event ,time=200958390 ,lux=3.6737695

03-17 16:58:54.519  1534  1906 D AutomaticBrightnessController: drop the lightsensor event ,time=200958560 ,lux=2.2042618

03-17 16:58:54.688  1534  1906 D AutomaticBrightnessController: drop the lightsensor event ,time=200958730 ,lux=2.2042618

03-17 16:58:54.859  1534  1906 D AutomaticBrightnessController: drop the lightsensor event ,time=200958901 ,lux=5.8780313

03-17 16:58:55.028  1534  1906 D AutomaticBrightnessController: drop the lightsensor event ,time=200959070 ,lux=1.4695078

03-17 16:58:55.198  1534  1906 D AutomaticBrightnessController: drop the lightsensor event ,time=200959240 ,lux=2.2042618

03-17 16:58:55.369  1534  1906 D AutomaticBrightnessController: drop the lightsensor event ,time=200959411 ,lux=4.4085236

03-17 16:58:55.538  1534  1906 D AutomaticBrightnessController: drop the lightsensor event ,time=200959580 ,lux=1.4695078

03-17 16:58:55.708  1534  1906 D AutomaticBrightnessController: drop the lightsensor event ,time=200959750 ,lux=1.4695078

03-17 16:58:55.878  1534  1906 D AutomaticBrightnessController: drop the lightsensor event ,time=200959920 ,lux=3.6737695

03-17 16:58:56.048  1534  1906 D AutomaticBrightnessController: drop the lightsensor event ,time=200960090 ,lux=2.9390156

03-17 16:58:56.219  1534  1906 D AutomaticBrightnessController: drop the lightsensor event ,time=200960260 ,lux=3.6737695

03-17 16:58:56.388  1534  1906 D AutomaticBrightnessController: drop the lightsensor event ,time=200960430 ,lux=2.2042618

03-17 16:58:56.558  1534  1906 D AutomaticBrightnessController: drop the lightsensor event ,time=200960600 ,lux=4.4085236

03-17 16:58:56.729  1534  1906 D AutomaticBrightnessController: drop the lightsensor event ,time=200960771 ,lux=3.6737695

03-17 16:58:57.649  1534  3631 I ActivityManager: Process com.sina.weibo (pid 27600) has died

03-17 16:58:57.649  1534  3631 D ActivityManagerInjector: com.sina.weibo is a long inactive service(millionsecond) 185214309 with adj 15,do not allow restart

03-17 16:58:57.649  1534  3631 D ActivityManager: cleanUpApplicationRecord -- 27600

03-17 16:58:57.649  1534  3436 D WifiService: Client connection lost with reason: 4

03-17 16:58:57.651  1534  3631 D ConnectivityService: ConnectivityService NetworkRequestInfo binderDied(NetworkRequest [ id=176, legacyType=-1, [ Capabilities: INTERNET&NOT_RESTRICTED&TRUSTED] ], android.os.BinderProxy@38fbf91)

03-17 16:58:57.651  1534  4166 D ConnectivityService: ConnectivityService NetworkRequestInfo binderDied(NetworkRequest [ id=175, legacyType=-1, [ Capabilities: INTERNET&NOT_RESTRICTED&TRUSTED] ], android.os.BinderProxy@6d155b8)

03-17 16:58:57.653  1534  1672 I libprocessgroup: Killing pid 27666 in uid 10098 as part of process group 27600

03-17 16:58:57.676  1534  3437 D ConnectivityService: releasing NetworkRequest NetworkRequest [ id=176, legacyType=-1, [ Capabilities: INTERNET&NOT_RESTRICTED&TRUSTED] ]

03-17 16:58:57.680  1534  3633 D PowerKeeperPolicy: Caller[1000] updateWakelockBlockedUid:uid=10098, tag=null, block=false

03-17 16:58:57.684  1534  1672 I libprocessgroup: Killing pid 27666 in uid 10098 as part of process group 27600

03-17 16:58:57.688  1534  3437 E ConnectivityService: RemoteException caught trying to send a callback msg for NetworkRequest [ id=176, legacyType=-1, [ Capabilities: INTERNET&NOT_RESTRICTED&TRUSTED] ]

03-17 16:58:57.688  1534  3437 D ConnectivityService: releasing NetworkRequest NetworkRequest [ id=175, legacyType=-1, [ Capabilities: INTERNET&NOT_RESTRICTED&TRUSTED] ]

03-17 16:58:57.689  1534  3437 E ConnectivityService: RemoteException caught trying to send a callback msg for NetworkRequest [ id=175, legacyType=-1, [ Capabilities: INTERNET&NOT_RESTRICTED&TRUSTED] ]

03-17 16:58:57.701  1534  4094 V LocationPolicy: writePolicyLocked()

03-17 16:58:57.727  1534  1672 I libprocessgroup: Killing pid 27666 in uid 10098 as part of process group 27600

03-17 16:58:58.599  1534  1906 D AutomaticBrightnessController: drop the lightsensor event ,time=200962640 ,lux=4.4085236

03-17 16:58:58.769  1534  1906 D AutomaticBrightnessController: drop the lightsensor event ,time=200962810 ,lux=2.2042618

03-17 16:58:58.938  1534  1906 D AutomaticBrightnessController: drop the lightsensor event ,time=200962980 ,lux=2.2042618

03-17 16:58:59.108  1534  1906 D AutomaticBrightnessController: drop the lightsensor event ,time=200963150 ,lux=1.4695078

03-17 16:59:02.168  1534  1906 D AutomaticBrightnessController: drop the lightsensor event ,time=200966210 ,lux=6.6127853

03-17 16:59:02.338  1534  1906 D AutomaticBrightnessController: drop the lightsensor event ,time=200966380 ,lux=2.9390156

03-17 16:59:02.509  1534  1906 D AutomaticBrightnessController: drop the lightsensor event ,time=200966551 ,lux=5.1432776

03-17 16:59:02.678  1534  1906 D AutomaticBrightnessController: drop the lightsensor event ,time=200966720 ,lux=16.89934

03-17 16:59:02.848  1534  1906 D AutomaticBrightnessController: drop the lightsensor event ,time=200966890 ,lux=7.347539

03-17 16:59:03.019  1534  1906 D AutomaticBrightnessController: drop the lightsensor event ,time=200967060 ,lux=5.1432776

03-17 16:59:03.189  1534  1906 D AutomaticBrightnessController: drop the lightsensor event ,time=200967230 ,lux=3.6737695

03-17 16:59:03.358  1534  1906 D AutomaticBrightnessController: drop the lightsensor event ,time=200967400 ,lux=2.2042618

03-17 16:59:03.529  1534  1906 D AutomaticBrightnessController: drop the lightsensor event ,time=200967570 ,lux=5.8780313

03-17 16:59:03.698  1534  1906 D AutomaticBrightnessController: drop the lightsensor event ,time=200967740 ,lux=2.9390156

03-17 16:59:03.869  1534  1906 D AutomaticBrightnessController: drop the lightsensor event ,time=200967910 ,lux=3.6737695

03-17 16:59:04.038  1534  1906 D AutomaticBrightnessController: drop the lightsensor event ,time=200968080 ,lux=2.2042618

03-17 16:59:04.209  1534  1906 D AutomaticBrightnessController: drop the lightsensor event ,time=200968251 ,lux=3.6737695

03-17 16:59:04.379  1534  1906 D AutomaticBrightnessController: drop the lightsensor event ,time=200968421 ,lux=3.6737695

03-17 16:59:04.548  1534  1906 D AutomaticBrightnessController: drop the lightsensor event ,time=200968590 ,lux=2.9390156

03-17 16:59:04.719  1534  1906 D AutomaticBrightnessController: drop the lightsensor event ,time=200968760 ,lux=5.1432776

03-17 16:59:04.888  1534  1906 D AutomaticBrightnessController: drop the lightsensor event ,time=200968930 ,lux=2.9390156

03-17 16:59:05.061  1534  1906 D AutomaticBrightnessController: drop the lightsensor event ,time=200969103 ,lux=2.2042618

03-17 16:59:05.228  1534  1906 D AutomaticBrightnessController: drop the lightsensor event ,time=200969270 ,lux=4.4085236

03-17 16:59:05.398  1534  1906 D AutomaticBrightnessController: drop the lightsensor event ,time=200969440 ,lux=2.2042618

03-17 16:59:05.569  1534  1906 D AutomaticBrightnessController: drop the lightsensor event ,time=200969611 ,lux=5.1432776

03-17 16:59:05.738  1534  1906 D AutomaticBrightnessController: drop the lightsensor event ,time=200969780 ,lux=1.4695078

03-17 16:59:05.908  1534  1906 D AutomaticBrightnessController: drop the lightsensor event ,time=200969950 ,lux=1.4695078

03-17 16:59:06.080  1534  1906 D AutomaticBrightnessController: drop the lightsensor event ,time=200970122 ,lux=1.4695078

03-17 16:59:06.248  1534  1906 D AutomaticBrightnessController: drop the lightsensor event ,time=200970290 ,lux=1.4695078

03-17 16:59:06.418  1534  1906 D AutomaticBrightnessController: drop the lightsensor event ,time=200970460 ,lux=2.2042618

03-17 16:59:06.588  1534  1906 D AutomaticBrightnessController: drop the lightsensor event ,time=200970630 ,lux=1.4695078

03-17 16:59:06.759  1534  1906 D AutomaticBrightnessController: drop the lightsensor event ,time=200970800 ,lux=1.4695078

03-17 16:59:06.928  1534  1906 D AutomaticBrightnessController: drop the lightsensor event ,time=200970970 ,lux=4.4085236

03-17 16:59:07.099  1534  1906 D AutomaticBrightnessController: drop the lightsensor event ,time=200971141 ,lux=2.2042618

03-17 16:59:07.268  1534  1906 D AutomaticBrightnessController: drop the lightsensor event ,time=200971310 ,lux=2.9390156

03-17 16:59:07.438  1534  1906 D AutomaticBrightnessController: drop the lightsensor event ,time=200971480 ,lux=1.4695078

03-17 16:59:07.609  1534  1906 D AutomaticBrightnessController: drop the lightsensor event ,time=200971650 ,lux=1.4695078

03-17 16:59:07.779  1534  1906 D AutomaticBrightnessController: drop the lightsensor event ,time=200971820 ,lux=3.6737695

03-17 16:59:07.948  1534  1906 D AutomaticBrightnessController: drop the lightsensor event ,time=200971990 ,lux=3.6737695

03-17 16:59:08.119  1534  1906 D AutomaticBrightnessController: drop the lightsensor event ,time=200972161 ,lux=3.6737695

03-17 16:59:08.288  1534  1906 D AutomaticBrightnessController: drop the lightsensor event ,time=200972330 ,lux=1.4695078

03-17 16:59:08.458  1534  1906 D AutomaticBrightnessController: drop the lightsensor event ,time=200972500 ,lux=2.9390156

03-17 16:59:08.628  1534  1906 D AutomaticBrightnessController: drop the lightsensor event ,time=200972670 ,lux=5.1432776

03-17 16:59:08.800  1534  1906 D AutomaticBrightnessController: drop the lightsensor event ,time=200972841 ,lux=3.6737695

03-17 16:59:08.968  1534  1906 D AutomaticBrightnessController: drop the lightsensor event ,time=200973010 ,lux=2.2042618

03-17 16:59:09.138  1534  1906 D AutomaticBrightnessController: drop the lightsensor event ,time=200973180 ,lux=1.4695078

03-17 16:59:09.309  1534  1906 D AutomaticBrightnessController: drop the lightsensor event ,time=200973350 ,lux=5.1432776

03-17 16:59:09.478  1534  1906 D AutomaticBrightnessController: drop the lightsensor event ,time=200973520 ,lux=2.2042618

03-17 16:59:09.648  1534  1906 D AutomaticBrightnessController: drop the lightsensor event ,time=200973690 ,lux=3.6737695

03-17 16:59:09.821  1534  1906 D AutomaticBrightnessController: drop the lightsensor event ,time=200973862 ,lux=1.4695078

03-17 16:59:09.988  1534  1906 D AutomaticBrightnessController: drop the lightsensor event ,time=200974030 ,lux=1.4695078

03-17 16:59:10.158  1534  1906 D AutomaticBrightnessController: drop the lightsensor event ,time=200974200 ,lux=8.0822935

03-17 16:59:10.328  1534  1906 D AutomaticBrightnessController: drop the lightsensor event ,time=200974370 ,lux=5.1432776

03-17 16:59:10.498  1534  1906 D AutomaticBrightnessController: drop the lightsensor event ,time=200974540 ,lux=3.6737695

03-17 16:59:10.668  1534  1906 D AutomaticBrightnessController: drop the lightsensor event ,time=200974710 ,lux=2.2042618

03-17 16:59:10.838  1534  1906 D AutomaticBrightnessController: drop the lightsensor event ,time=200974880 ,lux=2.9390156

03-17 16:59:11.008  1534  1906 D AutomaticBrightnessController: drop the lightsensor event ,time=200975050 ,lux=7.347539

03-17 16:59:11.179  1534  1906 D AutomaticBrightnessController: drop the lightsensor event ,time=200975221 ,lux=1.4695078

03-17 16:59:11.348  1534  1906 D AutomaticBrightnessController: drop the lightsensor event ,time=200975390 ,lux=5.8780313

03-17 16:59:11.518  1534  1906 D AutomaticBrightnessController: drop the lightsensor event ,time=200975560 ,lux=6.6127853

03-17 16:59:11.858  1534  1906 D AutomaticBrightnessController: drop the lightsensor event ,time=200975900 ,lux=30.124912

03-17 16:59:12.028  1534  1906 D AutomaticBrightnessController: drop the lightsensor event ,time=200976070 ,lux=5.1432776

03-17 16:59:12.201  1534  1906 D AutomaticBrightnessController: drop the lightsensor event ,time=200976243 ,lux=3.6737695

03-17 16:59:12.369  1534  1906 D AutomaticBrightnessController: drop the lightsensor event ,time=200976411 ,lux=2.2042618

03-17 16:59:12.538  1534  1906 D AutomaticBrightnessController: drop the lightsensor event ,time=200976580 ,lux=3.6737695

03-17 16:59:12.708  1534  1906 D AutomaticBrightnessController: drop the lightsensor event ,time=200976750 ,lux=1.4695078

03-17 16:59:12.878  1534  1906 D AutomaticBrightnessController: drop the lightsensor event ,time=200976920 ,lux=2.9390156

03-17 16:59:13.048  1534  1906 D AutomaticBrightnessController: drop the lightsensor event ,time=200977090 ,lux=1.4695078

03-17 16:59:13.218  1534  1906 D AutomaticBrightnessController: drop the lightsensor event ,time=200977260 ,lux=1.4695078

03-17 16:59:13.388  1534  1906 D AutomaticBrightnessController: drop the lightsensor event ,time=200977430 ,lux=2.2042618

03-17 16:59:13.560  1534  1906 D AutomaticBrightnessController: drop the lightsensor event ,time=200977601 ,lux=2.2042618

03-17 16:59:13.728  1534  1906 D AutomaticBrightnessController: drop the lightsensor event ,time=200977770 ,lux=8.817047

03-17 16:59:14.238  1534  1906 D AutomaticBrightnessController: drop the lightsensor event ,time=200978280 ,lux=10.286555

03-17 16:59:14.408  1534  1906 D AutomaticBrightnessController: drop the lightsensor event ,time=200978450 ,lux=2.2042618

03-17 16:59:14.579  1534  1906 D AutomaticBrightnessController: drop the lightsensor event ,time=200978620 ,lux=2.9390156

03-17 16:59:14.750  1534  1906 D AutomaticBrightnessController: drop the lightsensor event ,time=200978791 ,lux=4.4085236

03-17 16:59:14.918  1534  1906 D AutomaticBrightnessController: drop the lightsensor event ,time=200978960 ,lux=2.2042618

03-17 16:59:15.089  1534  1906 D AutomaticBrightnessController: drop the lightsensor event ,time=200979131 ,lux=5.8780313

03-17 16:59:15.258  1534  1906 D AutomaticBrightnessController: drop the lightsensor event ,time=200979300 ,lux=3.6737695

03-17 16:59:15.429  1534  1906 D AutomaticBrightnessController: drop the lightsensor event ,time=200979470 ,lux=1.4695078

03-17 16:59:15.598  1534  1906 D AutomaticBrightnessController: drop the lightsensor event ,time=200979640 ,lux=1.4695078

03-17 16:59:15.769  1534  1906 D AutomaticBrightnessController: drop the lightsensor event ,time=200979810 ,lux=6.6127853

03-17 16:59:15.938  1534  1906 D AutomaticBrightnessController: drop the lightsensor event ,time=200979980 ,lux=5.1432776

03-17 16:59:16.109  1534  1906 D AutomaticBrightnessController: drop the lightsensor event ,time=200980151 ,lux=4.4085236

03-17 16:59:16.278  1534  1906 D AutomaticBrightnessController: drop the lightsensor event ,time=200980320 ,lux=3.6737695

03-17 16:59:16.618  1534  1906 D AutomaticBrightnessController: drop the lightsensor event ,time=200980660 ,lux=25.716389

03-17 16:59:16.788  1534  1906 D AutomaticBrightnessController: drop the lightsensor event ,time=200980830 ,lux=2.2042618

03-17 16:59:16.959  1534  1906 D AutomaticBrightnessController: drop the lightsensor event ,time=200981001 ,lux=2.9390156

03-17 16:59:17.129  1534  1906 D AutomaticBrightnessController: drop the lightsensor event ,time=200981170 ,lux=3.6737695

03-17 16:59:17.298  1534  1906 D AutomaticBrightnessController: drop the lightsensor event ,time=200981340 ,lux=3.6737695

03-17 16:59:17.468  1534  1906 D AutomaticBrightnessController: drop the lightsensor event ,time=200981510 ,lux=2.2042618

03-17 16:59:17.638  1534  1906 D AutomaticBrightnessController: drop the lightsensor event ,time=200981680 ,lux=3.6737695

03-17 16:59:17.808  1534  1906 D AutomaticBrightnessController: drop the lightsensor event ,time=200981850 ,lux=2.9390156

03-17 16:59:17.979  1534  1906 D AutomaticBrightnessController: drop the lightsensor event ,time=200982020 ,lux=5.1432776

03-17 16:59:18.149  1534  1906 D AutomaticBrightnessController: drop the lightsensor event ,time=200982191 ,lux=2.2042618

03-17 16:59:18.320  1534  1906 D AutomaticBrightnessController: drop the lightsensor event ,time=200982361 ,lux=2.2042618

03-17 16:59:18.488  1534  1906 D AutomaticBrightnessController: drop the lightsensor event ,time=200982530 ,lux=1.4695078

03-17 16:59:18.658  1534  1906 D AutomaticBrightnessController: drop the lightsensor event ,time=200982700 ,lux=4.4085236

03-17 16:59:18.828  1534  1906 D AutomaticBrightnessController: drop the lightsensor event ,time=200982870 ,lux=2.9390156

03-17 16:59:18.999  1534  1906 D AutomaticBrightnessController: drop the lightsensor event ,time=200983040 ,lux=2.2042618

03-17 16:59:19.169  1534  1906 D AutomaticBrightnessController: drop the lightsensor event ,time=200983211 ,lux=8.0822935

03-17 16:59:19.338  1534  1906 D AutomaticBrightnessController: drop the lightsensor event ,time=200983380 ,lux=1.4695078

03-17 16:59:19.508  1534  1906 D AutomaticBrightnessController: drop the lightsensor event ,time=200983550 ,lux=2.9390156

03-17 16:59:19.679  1534  1906 D AutomaticBrightnessController: drop the lightsensor event ,time=200983721 ,lux=3.6737695

03-17 16:59:19.849  1534  1906 D AutomaticBrightnessController: drop the lightsensor event ,time=200983891 ,lux=7.347539

03-17 16:59:20.018  1534  1906 D AutomaticBrightnessController: drop the lightsensor event ,time=200984060 ,lux=2.2042618

03-17 16:59:20.189  1534  1906 D AutomaticBrightnessController: drop the lightsensor event ,time=200984230 ,lux=5.1432776

03-17 16:59:20.359  1534  1906 D AutomaticBrightnessController: drop the lightsensor event ,time=200984401 ,lux=2.9390156

03-17 16:59:20.528  1534  1906 D AutomaticBrightnessController: drop the lightsensor event ,time=200984570 ,lux=3.6737695

03-17 16:59:20.698  1534  1906 D AutomaticBrightnessController: drop the lightsensor event ,time=200984740 ,lux=5.1432776

03-17 16:59:20.868  1534  1906 D AutomaticBrightnessController: drop the lightsensor event ,time=200984910 ,lux=2.9390156

03-17 16:59:21.038  1534  1906 D AutomaticBrightnessController: drop the lightsensor event ,time=200985080 ,lux=1.4695078

03-17 16:59:21.208  1534  1906 D AutomaticBrightnessController: drop the lightsensor event ,time=200985250 ,lux=4.4085236

03-17 16:59:21.382  1534  1906 D AutomaticBrightnessController: drop the lightsensor event ,time=200985423 ,lux=2.9390156

03-17 16:59:21.549  1534  1906 D AutomaticBrightnessController: drop the lightsensor event ,time=200985591 ,lux=2.2042618

03-17 16:59:21.719  1534  1906 D AutomaticBrightnessController: drop the lightsensor event ,time=200985761 ,lux=2.9390156

03-17 16:59:21.888  1534  1906 D AutomaticBrightnessController: drop the lightsensor event ,time=200985930 ,lux=1.4695078

03-17 16:59:22.058  1534  1906 D AutomaticBrightnessController: drop the lightsensor event ,time=200986100 ,lux=3.6737695

03-17 16:59:22.069  1534  1906 D AutomaticBrightnessController: setAmbientLux: mAmbientLux=52.542965, mBrighteningLuxThreshold=78.814445, mDarkeningLuxThreshold=26.271482, angle_xy2horizon=0.7013368

03-17 16:59:22.069  1534  1906 D AutomaticBrightnessController: updateAutoBrightness: mScreenAutoBrightness=150, newScreenAutoBrightness=146

03-17 16:59:22.228  1534  1906 D AutomaticBrightnessController: drop the lightsensor event ,time=200986270 ,lux=3.6737695

03-17 16:59:22.398  1534  1906 D AutomaticBrightnessController: drop the lightsensor event ,time=200986440 ,lux=1.4695078

03-17 16:59:22.569  1534  1906 D AutomaticBrightnessController: drop the lightsensor event ,time=200986611 ,lux=3.6737695

03-17 16:59:22.738  1534  1906 D AutomaticBrightnessController: drop the lightsensor event ,time=200986780 ,lux=3.6737695

03-17 16:59:22.908  1534  1906 D AutomaticBrightnessController: drop the lightsensor event ,time=200986950 ,lux=2.9390156

03-17 16:59:23.078  1534  1906 D AutomaticBrightnessController: drop the lightsensor event ,time=200987120 ,lux=1.4695078

03-17 16:59:23.251  1534  1906 D AutomaticBrightnessController: drop the lightsensor event ,time=200987292 ,lux=2.2042618

03-17 16:59:23.418  1534  1906 D AutomaticBrightnessController: drop the lightsensor event ,time=200987460 ,lux=2.2042618

03-17 16:59:23.588  1534  1906 D AutomaticBrightnessController: drop the lightsensor event ,time=200987630 ,lux=1.4695078

03-17 16:59:23.766  1534  1906 D AutomaticBrightnessController: drop the lightsensor event ,time=200987808 ,lux=4.4085236

03-17 16:59:23.928  1534  1906 D AutomaticBrightnessController: drop the lightsensor event ,time=200987970 ,lux=2.9390156

03-17 16:59:24.099  1534  1906 D AutomaticBrightnessController: drop the lightsensor event ,time=200988140 ,lux=2.9390156

03-17 16:59:24.268  1534  1906 D AutomaticBrightnessController: drop the lightsensor event ,time=200988310 ,lux=3.6737695

03-17 16:59:24.439  1534  1906 D AutomaticBrightnessController: drop the lightsensor event ,time=200988480 ,lux=1.4695078

03-17 16:59:24.608  1534  1906 D AutomaticBrightnessController: drop the lightsensor event ,time=200988650 ,lux=1.4695078

03-17 16:59:24.780  1534  1906 D AutomaticBrightnessController: drop the lightsensor event ,time=200988821 ,lux=3.6737695

03-17 16:59:24.948  1534  1906 D AutomaticBrightnessController: drop the lightsensor event ,time=200988990 ,lux=5.1432776

03-17 16:59:25.119  1534  1906 D AutomaticBrightnessController: drop the lightsensor event ,time=200989160 ,lux=4.4085236

03-17 16:59:25.289  1534  1906 D AutomaticBrightnessController: drop the lightsensor event ,time=200989330 ,lux=6.6127853

03-17 16:59:29.629  1534  1906 D AutomaticBrightnessController: setAmbientLux: mAmbientLux=99.57884, mBrighteningLuxThreshold=149.36826, mDarkeningLuxThreshold=49.78942, angle_xy2horizon=1.5649581

03-17 16:59:29.629  1534  1906 D AutomaticBrightnessController: updateAutoBrightness: mScreenAutoBrightness=146, newScreenAutoBrightness=149

03-17 16:59:40.938  1534  1906 D AutomaticBrightnessController: drop the lightsensor event ,time=201004980 ,lux=3.6737695

03-17 16:59:41.110  1534  1906 D AutomaticBrightnessController: drop the lightsensor event ,time=201005151 ,lux=3.6737695

03-17 16:59:41.278  1534  1906 D AutomaticBrightnessController: drop the lightsensor event ,time=201005320 ,lux=2.9390156

03-17 16:59:41.449  1534  1906 D AutomaticBrightnessController: drop the lightsensor event ,time=201005490 ,lux=5.8780313

03-17 16:59:41.619  1534  1906 D AutomaticBrightnessController: drop the lightsensor event ,time=201005661 ,lux=5.8780313

03-17 16:59:41.788  1534  1906 D AutomaticBrightnessController: drop the lightsensor event ,time=201005830 ,lux=3.6737695

03-17 16:59:41.959  1534  1906 D AutomaticBrightnessController: drop the lightsensor event ,time=201006000 ,lux=5.1432776

03-17 16:59:42.128  1534  1906 D AutomaticBrightnessController: drop the lightsensor event ,time=201006170 ,lux=1.4695078

03-17 16:59:42.359   330  1854 E NetlinkEvent: NetlinkEvent::FindParam(): Parameter 'TIME_NS' not found

03-17 16:59:42.359   330  1854 E NetlinkEvent: NetlinkEvent::FindParam(): Parameter 'UID' not found

03-17 16:59:42.369  1534  1669 W ProcessCpuTracker: Skipping unknown process pid 23693

03-17 16:59:42.373  1534  1669 W ProcessCpuTracker: Skipping unknown process pid 23694

03-17 16:59:42.379  1534  1669 W ProcessCpuTracker: Skipping unknown process pid 23696

03-17 16:59:42.387  1534  1669 W ProcessCpuTracker: Skipping unknown process pid 23699

03-17 16:59:44.509  1534  1906 D AutomaticBrightnessController: drop the lightsensor event ,time=201008550 ,lux=2.9390156

03-17 16:59:44.678  1534  1906 D AutomaticBrightnessController: drop the lightsensor event ,time=201008720 ,lux=1.4695078

03-17 16:59:44.848  1534  1906 D AutomaticBrightnessController: drop the lightsensor event ,time=201008890 ,lux=5.8780313

03-17 16:59:45.018  1534  1906 D AutomaticBrightnessController: drop the lightsensor event ,time=201009060 ,lux=5.1432776

03-17 16:59:45.188  1534  1906 D AutomaticBrightnessController: drop the lightsensor event ,time=201009230 ,lux=1.4695078

03-17 16:59:45.359  1534  1906 D AutomaticBrightnessController: drop the lightsensor event ,time=201009400 ,lux=3.6737695

03-17 16:59:45.528  1534  1906 D AutomaticBrightnessController: drop the lightsensor event ,time=201009570 ,lux=4.4085236

03-17 16:59:45.698  1534  1906 D AutomaticBrightnessController: drop the lightsensor event ,time=201009740 ,lux=5.1432776

03-17 16:59:45.868  1534  1906 D AutomaticBrightnessController: drop the lightsensor event ,time=201009910 ,lux=1.4695078

03-17 16:59:46.039  1534  1906 D AutomaticBrightnessController: drop the lightsensor event ,time=201010080 ,lux=4.4085236

03-17 16:59:46.209  1534  1906 D AutomaticBrightnessController: drop the lightsensor event ,time=201010250 ,lux=5.1432776

03-17 16:59:46.378  1534  1906 D AutomaticBrightnessController: drop the lightsensor event ,time=201010420 ,lux=2.9390156

03-17 16:59:46.549  1534  1906 D AutomaticBrightnessController: drop the lightsensor event ,time=201010591 ,lux=3.6737695

03-17 16:59:46.718  1534  1906 D AutomaticBrightnessController: drop the lightsensor event ,time=201010760 ,lux=3.6737695

03-17 16:59:46.889  1534  1906 D AutomaticBrightnessController: drop the lightsensor event ,time=201010930 ,lux=1.4695078

03-17 16:59:47.909  1534  1906 D AutomaticBrightnessController: drop the lightsensor event ,time=201011950 ,lux=81.55769

03-17 16:59:48.078  1534  1906 D AutomaticBrightnessController: drop the lightsensor event ,time=201012120 ,lux=6.6127853

03-17 16:59:48.248  1534  1906 D AutomaticBrightnessController: drop the lightsensor event ,time=201012290 ,lux=4.4085236

03-17 16:59:48.419  1534  1906 D AutomaticBrightnessController: drop the lightsensor event ,time=201012460 ,lux=4.4085236

03-17 16:59:54.269   330  1854 E NetlinkEvent: NetlinkEvent::FindParam(): Parameter 'TIME_NS' not found

03-17 16:59:54.269   330  1854 E NetlinkEvent: NetlinkEvent::FindParam(): Parameter 'UID' not found

03-17 17:00:16.978  1534  1906 D AutomaticBrightnessController: drop the lightsensor event ,time=201041020 ,lux=33.063927

03-17 17:00:17.149  1534  1906 D AutomaticBrightnessController: drop the lightsensor event ,time=201041191 ,lux=1.4695078

03-17 17:00:17.318  1534  1906 D AutomaticBrightnessController: drop the lightsensor event ,time=201041360 ,lux=2.2042618

03-17 17:00:17.488  1534  1906 D AutomaticBrightnessController: drop the lightsensor event ,time=201041530 ,lux=1.4695078

03-17 17:00:17.659  1534  1906 D AutomaticBrightnessController: drop the lightsensor event ,time=201041701 ,lux=2.2042618

03-17 17:00:17.830  1534  1906 D AutomaticBrightnessController: drop the lightsensor event ,time=201041871 ,lux=2.9390156

03-17 17:00:17.998  1534  1906 D AutomaticBrightnessController: drop the lightsensor event ,time=201042040 ,lux=1.4695078

03-17 17:00:18.168  1534  1906 D AutomaticBrightnessController: drop the lightsensor event ,time=201042210 ,lux=2.2042618

03-17 17:00:18.338  1534  1906 D AutomaticBrightnessController: drop the lightsensor event ,time=201042380 ,lux=7.347539

03-17 17:00:18.508  1534  1906 D AutomaticBrightnessController: drop the lightsensor event ,time=201042550 ,lux=5.8780313

03-17 17:00:24.798  1534  1906 D AutomaticBrightnessController: drop the lightsensor event ,time=201048840 ,lux=4.4085236

03-17 17:00:24.969  1534  1906 D AutomaticBrightnessController: drop the lightsensor event ,time=201049010 ,lux=2.9390156

03-17 17:00:25.139  1534  1906 D AutomaticBrightnessController: drop the lightsensor event ,time=201049181 ,lux=1.4695078

03-17 17:00:25.309  1534  1906 D AutomaticBrightnessController: drop the lightsensor event ,time=201049350 ,lux=5.1432776

03-17 17:00:25.479  1534  1906 D AutomaticBrightnessController: drop the lightsensor event ,time=201049521 ,lux=3.6737695

03-17 17:00:25.649  1534  1906 D AutomaticBrightnessController: drop the lightsensor event ,time=201049690 ,lux=2.2042618

03-17 17:00:25.818  1534  1906 D AutomaticBrightnessController: drop the lightsensor event ,time=201049860 ,lux=7.347539

03-17 17:00:25.988  1534  1906 D AutomaticBrightnessController: drop the lightsensor event ,time=201050030 ,lux=3.6737695

03-17 17:00:28.163 22189 22213 I QueryController: Matched selector: UiSelector[PACKAGE NAME=com.android.systemui] <<==>> [android.view.accessibility.AccessibilityNodeInfo@8005a8d1; boundsInParent: Rect(0, 0 - 1080, 1920); boundsInScreen: Rect(0, 0 - 1080, 1920); packageName: com.android.systemui; className: android.widget.FrameLayout; text: null; error: null; maxTextLength: -1; contentDescription: null; viewIdResName: null; checkable: false; checked: false; focusable: true; focused: false; selected: false; clickable: false; longClickable: false; contextClickable: false; enabled: true; password: false; scrollable: false; actions: [AccessibilityAction: ACTION_FOCUS - null, AccessibilityAction: ACTION_SELECT - null, AccessibilityAction: ACTION_CLEAR_SELECTION - null, AccessibilityAction: ACTION_ACCESSIBILITY_FOCUS - null, AccessibilityAction: ACTION_UNKNOWN - null]]

