--------- beginning of main

03-30 10:47:18.344 23914 24026 D HomeMate: comm[ Thread-44567: FileTool.java:65 deleteOldFiles() ] - deleteOldFiles()-fileName:HomeMate_20170322163754.223.txt

03-30 10:47:18.344  3746 29851 D StatusBar: onNotificationPosted:  Key: 0|com.orvibo.homemate|1|null|10143 GroupKey: 0|com.orvibo.homemate|1|null|10143 Connected: true

03-30 10:47:18.344  3746  3746 D StatusBar:  GroupChild: false  GroupsContainsKey: false  IsUpdate: false IsGroupSummary: false hasIcon: true

03-30 10:47:18.344 23914 24026 D HomeMate: comm[ Thread-44567: FileTool.java:65 deleteOldFiles() ] - deleteOldFiles()-fileName:HomeMate_20170322163710.141.txt

03-30 10:47:18.344 23914 24026 D HomeMate: comm[ Thread-44567: FileTool.java:65 deleteOldFiles() ] - deleteOldFiles()-fileName:HomeMate_20170322163623.898.txt

03-30 10:47:18.345 23914 24026 D HomeMate: comm[ Thread-44567: FileTool.java:65 deleteOldFiles() ] - deleteOldFiles()-fileName:HomeMate_20170322163518.340.txt

03-30 10:47:18.345 23914 24026 D HomeMate: comm[ Thread-44567: FileTool.java:65 deleteOldFiles() ] - deleteOldFiles()-fileName:HomeMate_20170322163443.746.txt

03-30 10:47:18.345 24029 24029 D HomeMate: comm[ main: BaseService.java:25 onCreate() ] - TempService

03-30 10:47:18.345  3746  3746 D PhoneStatusBar: addNotification pkg=com.orvibo.homemate;basepkg=com.orvibo.homemate;id=1

03-30 10:47:18.345 23914 24026 D HomeMate: comm[ Thread-44567: FileTool.java:65 deleteOldFiles() ] - deleteOldFiles()-fileName:HomeMate_20170322163412.232.txt

03-30 10:47:18.345 23914 24026 D HomeMate: comm[ Thread-44567: FileTool.java:65 deleteOldFiles() ] - deleteOldFiles()-fileName:HomeMate_20170322163312.126.txt

--------- beginning of system

03-30 10:47:18.346  2044  2078 V ActivityManager: Attempted to start a foreground service (ComponentInfo{com.orvibo.homemate/com.orvibo.homemate.service.TempService}) with a broken notification (no icon: Notification(pri=0 contentView=null vibrate=null sound=null defaults=0x0 flags=0x40 color=0x00000000 vis=PRIVATE))

03-30 10:47:18.346 23914 24026 D HomeMate: comm[ Thread-44567: FileTool.java:65 deleteOldFiles() ] - deleteOldFiles()-fileName:HomeMate_20170322163242.728.txt

03-30 10:47:18.346 23914 24026 D HomeMate: comm[ Thread-44567: FileTool.java:65 deleteOldFiles() ] - deleteOldFiles()-fileName:HomeMate_20170322163150.591.txt

03-30 10:47:18.346 23914 24026 D HomeMate: comm[ Thread-44567: FileTool.java:65 deleteOldFiles() ] - deleteOldFiles()-fileName:HomeMate_20170322163103.300.txt

03-30 10:47:18.346 23914 24026 D HomeMate: comm[ Thread-44567: FileTool.java:65 deleteOldFiles() ] - deleteOldFiles()-fileName:HomeMate_20170322162957.334.txt

03-30 10:47:18.347 23914 24026 D HomeMate: comm[ Thread-44567: FileTool.java:65 deleteOldFiles() ] - deleteOldFiles()-fileName:HomeMate_20170322162922.304.txt

03-30 10:47:18.347 23914 24026 D HomeMate: comm[ Thread-44567: FileTool.java:65 deleteOldFiles() ] - deleteOldFiles()-fileName:HomeMate_20170322162850.082.txt

03-30 10:47:18.347 23914 24026 D HomeMate: comm[ Thread-44567: FileTool.java:65 deleteOldFiles() ] - deleteOldFiles()-fileName:HomeMate_20170322162756.161.txt

03-30 10:47:18.347 23914 24026 D HomeMate: comm[ Thread-44567: FileTool.java:65 deleteOldFiles() ] - deleteOldFiles()-fileName:HomeMate_20170322162749.065.txt

03-30 10:47:18.348 23914 24026 D HomeMate: comm[ Thread-44567: FileTool.java:65 deleteOldFiles() ] - deleteOldFiles()-fileName:HomeMate_20170322162644.527.txt

03-30 10:47:18.348 23914 24026 D HomeMate: comm[ Thread-44567: FileTool.java:65 deleteOldFiles() ] - deleteOldFiles()-fileName:HomeMate_20170322162414.641.txt

03-30 10:47:18.348 23914 24026 D HomeMate: comm[ Thread-44567: FileTool.java:65 deleteOldFiles() ] - deleteOldFiles()-fileName:HomeMate_20170322152959.122.txt

03-30 10:47:18.348 23914 24026 D HomeMate: comm[ Thread-44567: FileTool.java:65 deleteOldFiles() ] - deleteOldFiles()-fileName:HomeMate_20170322152343.313.txt

03-30 10:47:18.350  2044  2044 V NotificationService: pkg=com.orvibo.homemate canInterrupt=true intercept=true

03-30 10:47:18.350 24029 24029 D HomeMate: comm[ main: BaseService.java:30 onStartCommand() ] - TempService

03-30 10:47:18.351 24029 24029 D HomeMate: comm[ main: BaseService.java:37 onDestroy() ] - TempService

03-30 10:47:18.352  3746  3467 D StatusBar: onNotificationPosted:  Key: 0|com.orvibo.homemate|1|null|10143 GroupKey: 0|com.orvibo.homemate|1|null|10143 Connected: true

03-30 10:47:18.354  3746  3798 D StatusBar: onNotificationRemoved:  Key: 0|com.orvibo.homemate|1|null|10143

03-30 10:47:18.357 23914 24026 D HomeMate: comm[ Thread-44567: FileTool.java:65 deleteOldFiles() ] - deleteOldFiles()-fileName:HomeMate_20170322152139.680.txt

03-30 10:47:18.357 23914 24026 D HomeMate: comm[ Thread-44567: FileTool.java:65 deleteOldFiles() ] - deleteOldFiles()-fileName:HomeMate_20170322151947.919.txt

03-30 10:47:18.357 23914 24026 D HomeMate: comm[ Thread-44567: FileTool.java:65 deleteOldFiles() ] - deleteOldFiles()-fileName:HomeMate_20170322151307.402.txt

03-30 10:47:18.358 23914 24026 D HomeMate: comm[ Thread-44567: FileTool.java:65 deleteOldFiles() ] - deleteOldFiles()-fileName:HomeMate_20170322151122.828.txt

03-30 10:47:18.358 23914 24026 D HomeMate: comm[ Thread-44567: FileTool.java:65 deleteOldFiles() ] - deleteOldFiles()-fileName:HomeMate_20170322150913.480.txt

03-30 10:47:18.358 23914 24026 D HomeMate: comm[ Thread-44567: FileTool.java:65 deleteOldFiles() ] - deleteOldFiles()-fileName:HomeMate_20170322150724.876.txt

03-30 10:47:18.358 23914 24026 D HomeMate: comm[ Thread-44567: FileTool.java:65 deleteOldFiles() ] - deleteOldFiles()-fileName:HomeMate_20170322150538.089.txt

03-30 10:47:18.358 23914 24026 D HomeMate: comm[ Thread-44567: FileTool.java:65 deleteOldFiles() ] - deleteOldFiles()-fileName:HomeMate_20170322150426.008.txt

03-30 10:47:18.359 23914 24026 D HomeMate: comm[ Thread-44567: FileTool.java:65 deleteOldFiles() ] - deleteOldFiles()-fileName:HomeMate_20170322150327.724.txt

03-30 10:47:18.359 23914 24026 D HomeMate: comm[ Thread-44567: FileTool.java:65 deleteOldFiles() ] - deleteOldFiles()-fileName:HomeMate_20170322145140.687.txt

03-30 10:47:18.359  3746  3746 W ProgressBarDelegate: Unknown Drawable subclass, src=android.graphics.drawable.ScaleDrawable@c56acf

03-30 10:47:18.359 23914 24026 D HomeMate: comm[ Thread-44567: FileTool.java:65 deleteOldFiles() ] - deleteOldFiles()-fileName:HomeMate_20170322145128.439.txt

03-30 10:47:18.359  3746  3746 W ProgressBarDelegate: Unknown Drawable subclass, src=android.graphics.drawable.ScaleDrawable@5b3bc5c

03-30 10:47:18.359 23914 24026 D HomeMate: comm[ Thread-44567: FileTool.java:65 deleteOldFiles() ] - deleteOldFiles()-fileName:HomeMate_20170322145004.863.txt

03-30 10:47:18.360 23914 24026 D HomeMate: comm[ Thread-44567: FileTool.java:65 deleteOldFiles() ] - deleteOldFiles()-fileName:HomeMate_20170322144835.065.txt

03-30 10:47:18.360 23914 24026 D HomeMate: comm[ Thread-44567: FileTool.java:65 deleteOldFiles() ] - deleteOldFiles()-fileName:HomeMate_20170322144749.612.txt

03-30 10:47:18.360 23914 24026 D HomeMate: comm[ Thread-44567: FileTool.java:65 deleteOldFiles() ] - deleteOldFiles()-fileName:HomeMate_20170322144647.131.txt

03-30 10:47:18.360 23914 24026 D HomeMate: comm[ Thread-44567: FileTool.java:65 deleteOldFiles() ] - deleteOldFiles()-fileName:HomeMate_20170322144558.672.txt

03-30 10:47:18.361 23914 24026 D HomeMate: comm[ Thread-44567: FileTool.java:65 deleteOldFiles() ] - deleteOldFiles()-fileName:HomeMate_20170322144536.963.txt

03-30 10:47:18.361 23914 24026 D HomeMate: comm[ Thread-44567: FileTool.java:65 deleteOldFiles() ] - deleteOldFiles()-fileName:HomeMate_20170322144516.321.txt

03-30 10:47:18.361 23914 24026 D HomeMate: comm[ Thread-44567: FileTool.java:65 deleteOldFiles() ] - deleteOldFiles()-fileName:HomeMate_20170322144247.303.txt

03-30 10:47:18.361 23914 24026 D HomeMate: comm[ Thread-44567: FileTool.java:65 deleteOldFiles() ] - deleteOldFiles()-fileName:HomeMate_20170322144143.379.txt

03-30 10:47:18.362 23914 24026 D HomeMate: comm[ Thread-44567: FileTool.java:65 deleteOldFiles() ] - deleteOldFiles()-fileName:HomeMate_20170322144101.584.txt

03-30 10:47:18.362 23914 24026 D HomeMate: comm[ Thread-44567: FileTool.java:65 deleteOldFiles() ] - deleteOldFiles()-fileName:HomeMate_20170322144038.208.txt

03-30 10:47:18.362 23914 24026 D HomeMate: comm[ Thread-44567: FileTool.java:65 deleteOldFiles() ] - deleteOldFiles()-fileName:HomeMate_20170322144017.301.txt

03-30 10:47:18.362 23914 24026 D HomeMate: comm[ Thread-44567: FileTool.java:65 deleteOldFiles() ] - deleteOldFiles()-fileName:HomeMate_20170322143654.828.txt

03-30 10:47:18.362 23914 24026 D HomeMate: comm[ Thread-44567: FileTool.java:65 deleteOldFiles() ] - deleteOldFiles()-fileName:HomeMate_20170322143616.605.txt

03-30 10:47:18.363 23914 24026 D HomeMate: comm[ Thread-44567: FileTool.java:65 deleteOldFiles() ] - deleteOldFiles()-fileName:HomeMate_20170322143433.889.txt

03-30 10:47:18.363 23914 24026 D HomeMate: comm[ Thread-44567: FileTool.java:65 deleteOldFiles() ] - deleteOldFiles()-fileName:HomeMate_20170322143326.569.txt

03-30 10:47:18.363 23914 24026 D HomeMate: comm[ Thread-44567: FileTool.java:65 deleteOldFiles() ] - deleteOldFiles()-fileName:HomeMate_20170322143213.996.txt

03-30 10:47:18.364 23914 24026 D HomeMate: comm[ Thread-44567: FileTool.java:65 deleteOldFiles() ] - deleteOldFiles()-fileName:HomeMate_20170322143131.395.txt

03-30 10:47:18.364 23914 24026 D HomeMate: comm[ Thread-44567: FileTool.java:65 deleteOldFiles() ] - deleteOldFiles()-fileName:HomeMate_20170322143036.538.txt

03-30 10:47:18.365 23914 24026 D HomeMate: comm[ Thread-44567: FileTool.java:65 deleteOldFiles() ] - deleteOldFiles()-fileName:HomeMate_20170322142933.145.txt

03-30 10:47:18.365 23914 24026 D HomeMate: comm[ Thread-44567: FileTool.java:65 deleteOldFiles() ] - deleteOldFiles()-fileName:HomeMate_20170322142855.149.txt

03-30 10:47:18.365 23914 24026 D HomeMate: comm[ Thread-44567: FileTool.java:65 deleteOldFiles() ] - deleteOldFiles()-fileName:HomeMate_20170322142817.900.txt

03-30 10:47:18.365 23914 24026 D HomeMate: comm[ Thread-44567: FileTool.java:65 deleteOldFiles() ] - deleteOldFiles()-fileName:HomeMate_20170322142731.244.txt

03-30 10:47:18.366 23914 24026 D HomeMate: comm[ Thread-44567: FileTool.java:65 deleteOldFiles() ] - deleteOldFiles()-fileName:HomeMate_20170322142655.936.txt

03-30 10:47:18.366 23914 24026 D HomeMate: comm[ Thread-44567: FileTool.java:65 deleteOldFiles() ] - deleteOldFiles()-fileName:HomeMate_20170322142609.836.txt

03-30 10:47:18.366 23914 24026 D HomeMate: comm[ Thread-44567: FileTool.java:65 deleteOldFiles() ] - deleteOldFiles()-fileName:HomeMate_20170322142529.291.txt

03-30 10:47:18.366 23914 24026 D HomeMate: comm[ Thread-44567: FileTool.java:65 deleteOldFiles() ] - deleteOldFiles()-fileName:HomeMate_20170322142449.961.txt

03-30 10:47:18.367 23914 24026 D HomeMate: comm[ Thread-44567: FileTool.java:65 deleteOldFiles() ] - deleteOldFiles()-fileName:HomeMate_20170322142413.536.txt

03-30 10:47:18.371 23914 24026 D HomeMate: comm[ Thread-44567: FileTool.java:65 deleteOldFiles() ] - deleteOldFiles()-fileName:HomeMate_20170322142337.764.txt

03-30 10:47:18.371 23914 24026 D HomeMate: comm[ Thread-44567: FileTool.java:65 deleteOldFiles() ] - deleteOldFiles()-fileName:HomeMate_20170322142302.337.txt

03-30 10:47:18.371 23914 24026 D HomeMate: comm[ Thread-44567: FileTool.java:65 deleteOldFiles() ] - deleteOldFiles()-fileName:HomeMate_20170322142218.721.txt

03-30 10:47:18.372 23914 24026 D HomeMate: comm[ Thread-44567: FileTool.java:65 deleteOldFiles() ] - deleteOldFiles()-fileName:HomeMate_20170322142141.311.txt

03-30 10:47:18.372 23914 24026 D HomeMate: comm[ Thread-44567: FileTool.java:65 deleteOldFiles() ] - deleteOldFiles()-fileName:HomeMate_20170322142040.495.txt

03-30 10:47:18.372 23914 24026 D HomeMate: comm[ Thread-44567: FileTool.java:65 deleteOldFiles() ] - deleteOldFiles()-fileName:HomeMate_20170322141956.800.txt

03-30 10:47:18.372 23914 24026 D HomeMate: comm[ Thread-44567: FileTool.java:65 deleteOldFiles() ] - deleteOldFiles()-fileName:HomeMate_20170322141925.046.txt

03-30 10:47:18.372 23914 24026 D HomeMate: comm[ Thread-44567: FileTool.java:65 deleteOldFiles() ] - deleteOldFiles()-fileName:HomeMate_20170322141825.413.txt

03-30 10:47:18.373 23914 24026 D HomeMate: comm[ Thread-44567: FileTool.java:65 deleteOldFiles() ] - deleteOldFiles()-fileName:HomeMate_20170322141735.258.txt

03-30 10:47:18.373 23914 24026 D HomeMate: comm[ Thread-44567: FileTool.java:65 deleteOldFiles() ] - deleteOldFiles()-fileName:HomeMate_20170322141651.825.txt

03-30 10:47:18.373 23914 24026 D HomeMate: comm[ Thread-44567: FileTool.java:65 deleteOldFiles() ] - deleteOldFiles()-fileName:HomeMate_20170322141434.651.txt

03-30 10:47:18.373 23914 24026 D HomeMate: comm[ Thread-44567: FileTool.java:65 deleteOldFiles() ] - deleteOldFiles()-fileName:HomeMate_20170322141332.090.txt

03-30 10:47:18.374 23914 24026 D HomeMate: comm[ Thread-44567: FileTool.java:65 deleteOldFiles() ] - deleteOldFiles()-fileName:HomeMate_20170322141258.012.txt

03-30 10:47:18.374 23914 24026 D HomeMate: comm[ Thread-44567: FileTool.java:65 deleteOldFiles() ] - deleteOldFiles()-fileName:HomeMate_20170322141208.211.txt

03-30 10:47:18.374 23914 24026 D HomeMate: comm[ Thread-44567: FileTool.java:65 deleteOldFiles() ] - deleteOldFiles()-fileName:HomeMate_20170322141124.066.txt

03-30 10:47:18.374 23914 24026 D HomeMate: comm[ Thread-44567: FileTool.java:65 deleteOldFiles() ] - deleteOldFiles()-fileName:HomeMate_20170322141031.906.txt

03-30 10:47:18.375 23914 24026 D HomeMate: comm[ Thread-44567: FileTool.java:65 deleteOldFiles() ] - deleteOldFiles()-fileName:HomeMate_20170322140924.759.txt

03-30 10:47:18.375 23914 24026 D HomeMate: comm[ Thread-44567: FileTool.java:65 deleteOldFiles() ] - deleteOldFiles()-fileName:HomeMate_20170322140845.281.txt

03-30 10:47:18.375 23914 24026 D HomeMate: comm[ Thread-44567: FileTool.java:65 deleteOldFiles() ] - deleteOldFiles()-fileName:HomeMate_20170322140809.442.txt

03-30 10:47:18.375 23914 24026 D HomeMate: comm[ Thread-44567: FileTool.java:65 deleteOldFiles() ] - deleteOldFiles()-fileName:HomeMate_20170322140716.204.txt

03-30 10:47:18.376 23914 24026 D HomeMate: comm[ Thread-44567: FileTool.java:65 deleteOldFiles() ] - deleteOldFiles()-fileName:HomeMate_20170322140534.587.txt

03-30 10:47:18.376 23914 24026 D HomeMate: comm[ Thread-44567: FileTool.java:65 deleteOldFiles() ] - deleteOldFiles()-fileName:HomeMate_20170322140423.699.txt

03-30 10:47:18.376 23914 24026 D HomeMate: comm[ Thread-44567: FileTool.java:65 deleteOldFiles() ] - deleteOldFiles()-fileName:HomeMate_20170322140412.308.txt

03-30 10:47:18.376 23914 24026 D HomeMate: comm[ Thread-44567: FileTool.java:65 deleteOldFiles() ] - deleteOldFiles()-fileName:HomeMate_20170322140346.088.txt

03-30 10:47:18.377 23914 24026 D HomeMate: comm[ Thread-44567: FileTool.java:65 deleteOldFiles() ] - deleteOldFiles()-fileName:HomeMate_20170322140309.053.txt

03-30 10:47:18.377 23914 24026 D HomeMate: comm[ Thread-44567: FileTool.java:65 deleteOldFiles() ] - deleteOldFiles()-fileName:HomeMate_20170322140202.198.txt

03-30 10:47:18.377 23914 24026 D HomeMate: comm[ Thread-44567: FileTool.java:65 deleteOldFiles() ] - deleteOldFiles()-fileName:HomeMate_20170322140125.307.txt

03-30 10:47:18.377 23914 24026 D HomeMate: comm[ Thread-44567: FileTool.java:65 deleteOldFiles() ] - deleteOldFiles()-fileName:HomeMate_20170322140048.522.txt

03-30 10:47:18.378 23914 24026 D HomeMate: comm[ Thread-44567: FileTool.java:65 deleteOldFiles() ] - deleteOldFiles()-fileName:HomeMate_20170322140001.636.txt

03-30 10:47:18.378 23914 24026 D HomeMate: comm[ Thread-44567: FileTool.java:65 deleteOldFiles() ] - deleteOldFiles()-fileName:HomeMate_20170322135918.500.txt

03-30 10:47:18.378 23914 24026 D HomeMate: comm[ Thread-44567: FileTool.java:65 deleteOldFiles() ] - deleteOldFiles()-fileName:HomeMate_20170322135456.806.txt

03-30 10:47:18.378 23914 24026 D HomeMate: comm[ Thread-44567: FileTool.java:65 deleteOldFiles() ] - deleteOldFiles()-fileName:HomeMate_20170322135418.496.txt

03-30 10:47:18.379 23914 24026 D HomeMate: comm[ Thread-44567: FileTool.java:65 deleteOldFiles() ] - deleteOldFiles()-fileName:HomeMate_20170322135357.278.txt

03-30 10:47:18.379 23914 24026 D HomeMate: comm[ Thread-44567: FileTool.java:65 deleteOldFiles() ] - deleteOldFiles()-fileName:HomeMate_20170322135340.693.txt

03-30 10:47:18.379 23914 24026 D HomeMate: comm[ Thread-44567: FileTool.java:65 deleteOldFiles() ] - deleteOldFiles()-fileName:HomeMate_20170322133812.254.txt

03-30 10:47:18.379 23914 24026 D HomeMate: comm[ Thread-44567: FileTool.java:65 deleteOldFiles() ] - deleteOldFiles()-fileName:HomeMate_20170322133512.509.txt

03-30 10:47:18.385 23914 24026 D HomeMate: comm[ Thread-44567: FileTool.java:65 deleteOldFiles() ] - deleteOldFiles()-fileName:HomeMate_20170322133427.503.txt

03-30 10:47:18.386 23914 24026 D HomeMate: comm[ Thread-44567: FileTool.java:65 deleteOldFiles() ] - deleteOldFiles()-fileName:HomeMate_20170322133407.652.txt

03-30 10:47:18.386 23914 24026 D HomeMate: comm[ Thread-44567: FileTool.java:65 deleteOldFiles() ] - deleteOldFiles()-fileName:HomeMate_20170322133348.140.txt

03-30 10:47:18.387 23914 24026 D HomeMate: comm[ Thread-44567: FileTool.java:65 deleteOldFiles() ] - deleteOldFiles()-fileName:HomeMate_20170322133020.328.txt

03-30 10:47:18.387 23914 24026 D HomeMate: comm[ Thread-44567: FileTool.java:65 deleteOldFiles() ] - deleteOldFiles()-fileName:HomeMate_20170322132941.802.txt

03-30 10:47:18.388 23914 24026 D HomeMate: comm[ Thread-44567: FileTool.java:65 deleteOldFiles() ] - deleteOldFiles()-fileName:HomeMate_20170322132921.761.txt

03-30 10:47:18.388 23914 24026 D HomeMate: comm[ Thread-44567: FileTool.java:65 deleteOldFiles() ] - deleteOldFiles()-fileName:HomeMate_20170322132903.953.txt

03-30 10:47:18.388 23914 24026 D HomeMate: comm[ Thread-44567: FileTool.java:65 deleteOldFiles() ] - deleteOldFiles()-fileName:HomeMate_20170322132303.992.txt

03-30 10:47:18.388 23914 24026 D HomeMate: comm[ Thread-44567: FileTool.java:65 deleteOldFiles() ] - deleteOldFiles()-fileName:HomeMate_20170322131637.007.txt

03-30 10:47:18.389 23914 24026 D HomeMate: comm[ Thread-44567: FileTool.java:65 deleteOldFiles() ] - deleteOldFiles()-fileName:HomeMate_20170322121538.310.txt

03-30 10:47:18.389 23914 24026 D HomeMate: comm[ Thread-44567: FileTool.java:65 deleteOldFiles() ] - deleteOldFiles()-fileName:HomeMate_20170322121454.055.txt

03-30 10:47:18.389 23914 24026 D HomeMate: comm[ Thread-44567: FileTool.java:65 deleteOldFiles() ] - deleteOldFiles()-fileName:HomeMate_20170322121415.107.txt

03-30 10:47:18.390 23914 24026 D HomeMate: comm[ Thread-44567: FileTool.java:65 deleteOldFiles() ] - deleteOldFiles()-fileName:HomeMate_20170322121305.636.txt

03-30 10:47:18.395 23914 24026 D HomeMate: comm[ Thread-44567: FileTool.java:65 deleteOldFiles() ] - deleteOldFiles()-fileName:HomeMate_20170322120446.100.txt

03-30 10:47:18.396 23914 24026 D HomeMate: comm[ Thread-44567: FileTool.java:65 deleteOldFiles() ] - deleteOldFiles()-fileName:HomeMate_20170322120435.490.txt

03-30 10:47:18.396 23914 24026 D HomeMate: comm[ Thread-44567: FileTool.java:65 deleteOldFiles() ] - deleteOldFiles()-fileName:HomeMate_20170322120311.417.txt

03-30 10:47:18.397 23914 24026 D HomeMate: comm[ Thread-44567: FileTool.java:65 deleteOldFiles() ] - deleteOldFiles()-fileName:HomeMate_20170322120145.313.txt

03-30 10:47:18.398 23914 24026 D HomeMate: comm[ Thread-44567: FileTool.java:65 deleteOldFiles() ] - deleteOldFiles()-fileName:HomeMate_20170322120101.568.txt

03-30 10:47:18.398 23914 24026 D HomeMate: comm[ Thread-44567: FileTool.java:65 deleteOldFiles() ] - deleteOldFiles()-fileName:HomeMate_20170322120002.248.txt

03-30 10:47:18.399 23914 24026 D HomeMate: comm[ Thread-44567: FileTool.java:65 deleteOldFiles() ] - deleteOldFiles()-fileName:HomeMate_20170322115916.154.txt

03-30 10:47:18.399 23914 24026 D HomeMate: comm[ Thread-44567: FileTool.java:65 deleteOldFiles() ] - deleteOldFiles()-fileName:HomeMate_20170322115854.816.txt

03-30 10:47:18.401 23914 24026 D HomeMate: comm[ Thread-44567: FileTool.java:65 deleteOldFiles() ] - deleteOldFiles()-fileName:HomeMate_20170322115836.063.txt

03-30 10:47:18.402 23914 24026 D HomeMate: comm[ Thread-44567: FileTool.java:65 deleteOldFiles() ] - deleteOldFiles()-fileName:HomeMate_20170322115607.081.txt

03-30 10:47:18.402 23914 24026 D HomeMate: comm[ Thread-44567: FileTool.java:65 deleteOldFiles() ] - deleteOldFiles()-fileName:HomeMate_20170322115505.130.txt

03-30 10:47:18.402 23914 24026 D HomeMate: comm[ Thread-44567: FileTool.java:65 deleteOldFiles() ] - deleteOldFiles()-fileName:HomeMate_20170322115400.212.txt

03-30 10:47:18.406 23914 24026 D HomeMate: comm[ Thread-44567: FileTool.java:65 deleteOldFiles() ] - deleteOldFiles()-fileName:HomeMate_20170322115320.870.txt

03-30 10:47:18.406 23914 24026 D HomeMate: comm[ Thread-44567: FileTool.java:65 deleteOldFiles() ] - deleteOldFiles()-fileName:HomeMate_20170322115300.173.txt

03-30 10:47:18.406 23914 24026 D HomeMate: comm[ Thread-44567: FileTool.java:65 deleteOldFiles() ] - deleteOldFiles()-fileName:HomeMate_20170322115240.238.txt

03-30 10:47:18.407 23914 24026 D HomeMate: comm[ Thread-44567: FileTool.java:65 deleteOldFiles() ] - deleteOldFiles()-fileName:HomeMate_20170322114924.620.txt

03-30 10:47:18.407 23914 24026 D HomeMate: comm[ Thread-44567: FileTool.java:65 deleteOldFiles() ] - deleteOldFiles()-fileName:HomeMate_20170322114825.609.txt

03-30 10:47:18.407 23914 24026 D HomeMate: comm[ Thread-44567: FileTool.java:65 deleteOldFiles() ] - deleteOldFiles()-fileName:HomeMate_20170322114643.688.txt

03-30 10:47:18.407 23914 24026 D HomeMate: comm[ Thread-44567: FileTool.java:65 deleteOldFiles() ] - deleteOldFiles()-fileName:HomeMate_20170322114514.246.txt

03-30 10:47:18.408 23914 24026 D HomeMate: comm[ Thread-44567: FileTool.java:65 deleteOldFiles() ] - deleteOldFiles()-fileName:HomeMate_20170322114403.586.txt

03-30 10:47:18.408 23914 24026 D HomeMate: comm[ Thread-44567: FileTool.java:65 deleteOldFiles() ] - deleteOldFiles()-fileName:HomeMate_20170322114324.872.txt

03-30 10:47:18.408 23914 24026 D HomeMate: comm[ Thread-44567: FileTool.java:65 deleteOldFiles() ] - deleteOldFiles()-fileName:HomeMate_20170322114231.415.txt

03-30 10:47:18.408 23914 24026 D HomeMate: comm[ Thread-44567: FileTool.java:65 deleteOldFiles() ] - deleteOldFiles()-fileName:HomeMate_20170322114132.647.txt

03-30 10:47:18.409 23914 24026 D HomeMate: comm[ Thread-44567: FileTool.java:65 deleteOldFiles() ] - deleteOldFiles()-fileName:HomeMate_20170322114032.433.txt

03-30 10:47:18.409 23914 24026 D HomeMate: comm[ Thread-44567: FileTool.java:65 deleteOldFiles() ] - deleteOldFiles()-fileName:HomeMate_20170322113958.014.txt

03-30 10:47:18.409 23914 24026 D HomeMate: comm[ Thread-44567: FileTool.java:65 deleteOldFiles() ] - deleteOldFiles()-fileName:HomeMate_20170322113913.948.txt

03-30 10:47:18.409 23914 24026 D HomeMate: comm[ Thread-44567: FileTool.java:65 deleteOldFiles() ] - deleteOldFiles()-fileName:HomeMate_20170322113839.567.txt

03-30 10:47:18.410 23914 24026 D HomeMate: comm[ Thread-44567: FileTool.java:65 deleteOldFiles() ] - deleteOldFiles()-fileName:HomeMate_20170322113756.290.txt

03-30 10:47:18.410 23914 24026 D HomeMate: comm[ Thread-44567: FileTool.java:65 deleteOldFiles() ] - deleteOldFiles()-fileName:HomeMate_20170322113716.648.txt

03-30 10:47:18.410 23914 24026 D HomeMate: comm[ Thread-44567: FileTool.java:65 deleteOldFiles() ] - deleteOldFiles()-fileName:HomeMate_20170322113637.399.txt

03-30 10:47:18.410 23914 24026 D HomeMate: comm[ Thread-44567: FileTool.java:65 deleteOldFiles() ] - deleteOldFiles()-fileName:HomeMate_20170322113603.212.txt

03-30 10:47:18.411 23914 24026 D HomeMate: comm[ Thread-44567: FileTool.java:65 deleteOldFiles() ] - deleteOldFiles()-fileName:HomeMate_20170322113528.284.txt

03-30 10:47:18.411 23914 24026 D HomeMate: comm[ Thread-44567: FileTool.java:65 deleteOldFiles() ] - deleteOldFiles()-fileName:HomeMate_20170322113452.169.txt

03-30 10:47:18.411 23914 24026 D HomeMate: comm[ Thread-44567: FileTool.java:65 deleteOldFiles() ] - deleteOldFiles()-fileName:HomeMate_20170322113409.491.txt

03-30 10:47:18.411 23914 24026 D HomeMate: comm[ Thread-44567: FileTool.java:65 deleteOldFiles() ] - deleteOldFiles()-fileName:HomeMate_20170322113332.588.txt

03-30 10:47:18.412 23914 24026 D HomeMate: comm[ Thread-44567: FileTool.java:65 deleteOldFiles() ] - deleteOldFiles()-fileName:HomeMate_20170322113235.517.txt

03-30 10:47:18.412 23914 24026 D HomeMate: comm[ Thread-44567: FileTool.java:65 deleteOldFiles() ] - deleteOldFiles()-fileName:HomeMate_20170322113150.920.txt

03-30 10:47:18.412 23914 24026 D HomeMate: comm[ Thread-44567: FileTool.java:65 deleteOldFiles() ] - deleteOldFiles()-fileName:HomeMate_20170322113120.522.txt

03-30 10:47:18.412 23914 24026 D HomeMate: comm[ Thread-44567: FileTool.java:65 deleteOldFiles() ] - deleteOldFiles()-fileName:HomeMate_20170322113022.970.txt

03-30 10:47:18.413 23914 24026 D HomeMate: comm[ Thread-44567: FileTool.java:65 deleteOldFiles() ] - deleteOldFiles()-fileName:HomeMate_20170322112935.772.txt

03-30 10:47:18.413 23914 24026 D HomeMate: comm[ Thread-44567: FileTool.java:65 deleteOldFiles() ] - deleteOldFiles()-fileName:HomeMate_20170322112853.975.txt

03-30 10:47:18.413 23914 24026 D HomeMate: comm[ Thread-44567: FileTool.java:65 deleteOldFiles() ] - deleteOldFiles()-fileName:HomeMate_20170322112635.689.txt

03-30 10:47:18.413 23914 24026 D HomeMate: comm[ Thread-44567: FileTool.java:65 deleteOldFiles() ] - deleteOldFiles()-fileName:HomeMate_20170322112535.926.txt

03-30 10:47:18.414 23914 24026 D HomeMate: comm[ Thread-44567: FileTool.java:65 deleteOldFiles() ] - deleteOldFiles()-fileName:HomeMate_20170322112504.697.txt

03-30 10:47:18.414 23914 24026 D HomeMate: comm[ Thread-44567: FileTool.java:65 deleteOldFiles() ] - deleteOldFiles()-fileName:HomeMate_20170322112416.378.txt

03-30 10:47:18.414 23914 24026 D HomeMate: comm[ Thread-44567: FileTool.java:65 deleteOldFiles() ] - deleteOldFiles()-fileName:HomeMate_20170322112332.525.txt

03-30 10:47:18.414 23914 24026 D HomeMate: comm[ Thread-44567: FileTool.java:65 deleteOldFiles() ] - deleteOldFiles()-fileName:HomeMate_20170322112242.866.txt

03-30 10:47:18.415 23914 24026 D HomeMate: comm[ Thread-44567: FileTool.java:65 deleteOldFiles() ] - deleteOldFiles()-fileName:HomeMate_20170322112135.055.txt

03-30 10:47:18.415 23914 24026 D HomeMate: comm[ Thread-44567: FileTool.java:65 deleteOldFiles() ] - deleteOldFiles()-fileName:HomeMate_20170322112057.819.txt

03-30 10:47:18.415 23914 24026 D HomeMate: comm[ Thread-44567: FileTool.java:65 deleteOldFiles() ] - deleteOldFiles()-fileName:HomeMate_20170322112026.381.txt

03-30 10:47:18.415 23914 24026 D HomeMate: comm[ Thread-44567: FileTool.java:65 deleteOldFiles() ] - deleteOldFiles()-fileName:HomeMate_20170322111457.726.txt

03-30 10:47:18.416 23914 24026 D HomeMate: comm[ Thread-44567: FileTool.java:65 deleteOldFiles() ] - deleteOldFiles()-fileName:HomeMate_20170322111413.968.txt

03-30 10:47:18.416 23914 24026 D HomeMate: comm[ Thread-44567: FileTool.java:65 deleteOldFiles() ] - deleteOldFiles()-fileName:HomeMate_20170322111237.465.txt

03-30 10:47:18.416 23914 24026 D HomeMate: comm[ Thread-44567: FileTool.java:65 deleteOldFiles() ] - deleteOldFiles()-fileName:HomeMate_20170322111136.078.txt

03-30 10:47:18.416 23914 24026 D HomeMate: comm[ Thread-44567: FileTool.java:65 deleteOldFiles() ] - deleteOldFiles()-fileName:HomeMate_20170322104811.256.txt

03-30 10:47:18.417 23914 24026 D HomeMate: comm[ Thread-44567: FileTool.java:65 deleteOldFiles() ] - deleteOldFiles()-fileName:HomeMate_20170322104702.378.txt

03-30 10:47:18.417 23914 24026 D HomeMate: comm[ Thread-44567: FileTool.java:65 deleteOldFiles() ] - deleteOldFiles()-fileName:HomeMate_20170322104613.610.txt

03-30 10:47:18.417 23914 24026 D HomeMate: comm[ Thread-44567: FileTool.java:65 deleteOldFiles() ] - deleteOldFiles()-fileName:HomeMate_20170322104509.241.txt

03-30 10:47:18.417 23914 24026 D HomeMate: comm[ Thread-44567: FileTool.java:65 deleteOldFiles() ] - deleteOldFiles()-fileName:HomeMate_20170322104259.742.txt

03-30 10:47:18.417 23914 24026 D HomeMate: comm[ Thread-44567: FileTool.java:65 deleteOldFiles() ] - deleteOldFiles()-fileName:HomeMate_20170322104248.624.txt

03-30 10:47:18.418 23914 24026 D HomeMate: comm[ Thread-44567: FileTool.java:65 deleteOldFiles() ] - deleteOldFiles()-fileName:HomeMate_20170322104208.477.txt

03-30 10:47:18.418 23914 24026 D HomeMate: comm[ Thread-44567: FileTool.java:65 deleteOldFiles() ] - deleteOldFiles()-fileName:HomeMate_20170322104158.361.txt

03-30 10:47:18.418 23914 24026 D HomeMate: comm[ Thread-44567: FileTool.java:65 deleteOldFiles() ] - deleteOldFiles()-fileName:HomeMate_20170322104139.433.txt

03-30 10:47:18.418 23914 24026 D HomeMate: comm[ Thread-44567: FileTool.java:65 deleteOldFiles() ] - deleteOldFiles()-fileName:HomeMate_20170322104111.471.txt

03-30 10:47:18.419 23914 24026 D HomeMate: comm[ Thread-44567: FileTool.java:65 deleteOldFiles() ] - deleteOldFiles()-fileName:HomeMate_20170322103825.769.txt

03-30 10:47:18.419 23914 24026 D HomeMate: comm[ Thread-44567: FileTool.java:65 deleteOldFiles() ] - deleteOldFiles()-fileName:HomeMate_20170322103523.472.txt

03-30 10:47:18.419 23914 24026 D HomeMate: comm[ Thread-44567: FileTool.java:65 deleteOldFiles() ] - deleteOldFiles()-fileName:HomeMate_20170322103450.795.txt

03-30 10:47:18.431  3746  3746 D StatusBar:  GroupChild: false  GroupsContainsKey: false  IsUpdate: true IsGroupSummary: false hasIcon: true

03-30 10:47:18.432  3746  3746 D PhoneStatusBar: updateNotification pkg=com.orvibo.homemate;id=1

03-30 10:47:18.434 23914 24026 D HomeMate: comm[ Thread-44567: FileTool.java:65 deleteOldFiles() ] - deleteOldFiles()-fileName:HomeMate_20170322103352.278.txt

03-30 10:47:18.437 23914 24026 D HomeMate: comm[ Thread-44567: FileTool.java:65 deleteOldFiles() ] - deleteOldFiles()-fileName:HomeMate_20170322103254.955.txt

03-30 10:47:18.437 23914 24026 D HomeMate: comm[ Thread-44567: FileTool.java:65 deleteOldFiles() ] - deleteOldFiles()-fileName:HomeMate_20170322103210.894.txt

03-30 10:47:18.438 23914 24026 D HomeMate: comm[ Thread-44567: FileTool.java:65 deleteOldFiles() ] - deleteOldFiles()-fileName:HomeMate_20170322103202.606.txt

03-30 10:47:18.438 23914 24026 D HomeMate: comm[ Thread-44567: FileTool.java:65 deleteOldFiles() ] - deleteOldFiles()-fileName:HomeMate_20170322103005.006.txt

03-30 10:47:18.438 23914 24026 D HomeMate: comm[ Thread-44567: FileTool.java:65 deleteOldFiles() ] - deleteOldFiles()-fileName:HomeMate_20170322101856.966.txt

03-30 10:47:18.439 23914 24026 D HomeMate: comm[ Thread-44567: FileTool.java:65 deleteOldFiles() ] - deleteOldFiles()-fileName:HomeMate_20170322101816.394.txt

03-30 10:47:18.439 23914 24026 D HomeMate: comm[ Thread-44567: FileTool.java:65 deleteOldFiles() ] - deleteOldFiles()-fileName:HomeMate_20170322100936.471.txt

03-30 10:47:18.439 23914 24026 D HomeMate: comm[ Thread-44567: FileTool.java:65 deleteOldFiles() ] - deleteOldFiles()-fileName:HomeMate_20170322100926.189.txt

03-30 10:47:18.439 23914 24026 D HomeMate: comm[ Thread-44567: FileTool.java:65 deleteOldFiles() ] - deleteOldFiles()-fileName:HomeMate_20170322100745.627.txt

03-30 10:47:18.440 23914 24026 D HomeMate: comm[ Thread-44567: FileTool.java:65 deleteOldFiles() ] - deleteOldFiles()-fileName:HomeMate_20170322100604.316.txt

03-30 10:47:18.443 23914 24072 D a       : stopMDNSSocket()-Stop mDns

03-30 10:47:18.444 23914 24071 E b       : run()-error:Socket closed

03-30 10:47:18.444 23914 24026 D HomeMate: comm[ Thread-44567: FileTool.java:65 deleteOldFiles() ] - deleteOldFiles()-fileName:HomeMate_20170322100521.897.txt

03-30 10:47:18.445  3745  3745 D wpa_supplicant: wlan0: Control interface command 'DRIVER RXFILTER-STOP'

03-30 10:47:18.445  3745  3745 D wpa_supplicant: wpa_driver_nl80211_driver_cmd RXFILTER-STOP len = 0, 4096

03-30 10:47:18.445  3745  3745 D wpa_supplicant: CTRL-DEBUG: global_ctrl_sock-sendto: sock=11 sndbuf=163840 outq=0 send_len=3

03-30 10:47:18.446  3746  3746 D PhoneStatusBar: removeNotification key=android.os.Binder@1ccab56 keyCode=30190422 old=StatusBarNotification(pkg=com.orvibo.homemate user=UserHandle{0} id=1 tag=null score=-20 key=0|com.orvibo.homemate|1|null|10143: Notification(pri=-2 contentView=com.orvibo.homemate/0x1090091 vibrate=null sound=null defaults=0x0 flags=0x62 color=0xff607d8b vis=PRIVATE))

03-30 10:47:18.446 23914 24071 V b       : stopping network thread

03-30 10:47:18.446  3745  3745 D wpa_supplicant: wlan0: Control interface command 'DRIVER RXFILTER-REMOVE 2'

03-30 10:47:18.446  3745  3745 D wpa_supplicant: wpa_driver_nl80211_driver_cmd RXFILTER-REMOVE 2 len = 0, 4096

03-30 10:47:18.446  3745  3745 D wpa_supplicant: CTRL-DEBUG: global_ctrl_sock-sendto: sock=11 sndbuf=163840 outq=0 send_len=3

03-30 10:47:18.447  3745  3745 D wpa_supplicant: wlan0: Control interface command 'DRIVER RXFILTER-START'

03-30 10:47:18.447  3745  3745 D wpa_supplicant: wpa_driver_nl80211_driver_cmd RXFILTER-START len = 0, 4096

03-30 10:47:18.447  3745  3745 D wpa_supplicant: CTRL-DEBUG: global_ctrl_sock-sendto: sock=11 sndbuf=163840 outq=0 send_len=3

03-30 10:47:18.450  3746  3879 W ContextImpl: Calling a method in the system process without a qualified user: android.app.ContextImpl.bindService:1295 android.content.ContextWrapper.bindService:614 com.xiaomi.mistatistic.sdk.controller.LocalEventRecorder.a:90 com.xiaomi.mistatistic.sdk.controller.LocalEventRecorder.b:70 com.xiaomi.mistatistic.sdk.controller.LocalEventRecorder.a:25 

03-30 10:47:18.454 23914 24026 D HomeMate: comm[ Thread-44567: FileTool.java:65 deleteOldFiles() ] - deleteOldFiles()-fileName:HomeMate_20170322100423.542.txt

03-30 10:47:18.455 23914 24026 D HomeMate: comm[ Thread-44567: FileTool.java:65 deleteOldFiles() ] - deleteOldFiles()-fileName:HomeMate_20170322100337.893.txt

03-30 10:47:18.455 23914 24026 D HomeMate: comm[ Thread-44567: FileTool.java:65 deleteOldFiles() ] - deleteOldFiles()-fileName:HomeMate_20170322100300.589.txt

03-30 10:47:18.455 23914 24026 D HomeMate: comm[ Thread-44567: FileTool.java:65 deleteOldFiles() ] - deleteOldFiles()-fileName:HomeMate_20170322100113.766.txt

03-30 10:47:18.455 23914 24026 D HomeMate: comm[ Thread-44567: FileTool.java:65 deleteOldFiles() ] - deleteOldFiles()-fileName:HomeMate_20170322100009.305.txt

03-30 10:47:18.456 23914 24026 D HomeMate: comm[ Thread-44567: FileTool.java:65 deleteOldFiles() ] - deleteOldFiles()-fileName:HomeMate_20170322095907.399.txt

03-30 10:47:18.456 23914 24026 D HomeMate: comm[ Thread-44567: FileTool.java:65 deleteOldFiles() ] - deleteOldFiles()-fileName:HomeMate_20170322095830.659.txt

03-30 10:47:18.456 23914 24026 D HomeMate: comm[ Thread-44567: FileTool.java:65 deleteOldFiles() ] - deleteOldFiles()-fileName:HomeMate_20170322095754.558.txt

03-30 10:47:18.456 23914 24026 D HomeMate: comm[ Thread-44567: FileTool.java:65 deleteOldFiles() ] - deleteOldFiles()-fileName:HomeMate_20170322095514.981.txt

03-30 10:47:18.457 23914 24026 D HomeMate: comm[ Thread-44567: FileTool.java:65 deleteOldFiles() ] - deleteOldFiles()-fileName:HomeMate_20170322095415.379.txt

03-30 10:47:18.457 23914 24026 D HomeMate: comm[ Thread-44567: FileTool.java:65 deleteOldFiles() ] - deleteOldFiles()-fileName:HomeMate_20170322095238.171.txt

03-30 10:47:18.457 23914 24026 D HomeMate: comm[ Thread-44567: FileTool.java:65 deleteOldFiles() ] - deleteOldFiles()-fileName:HomeMate_20170322095110.207.txt

03-30 10:47:18.457 23914 24026 D HomeMate: comm[ Thread-44567: FileTool.java:65 deleteOldFiles() ] - deleteOldFiles()-fileName:HomeMate_20170322095001.229.txt

03-30 10:47:18.458 23914 24026 D HomeMate: comm[ Thread-44567: FileTool.java:65 deleteOldFiles() ] - deleteOldFiles()-fileName:HomeMate_20170322094924.974.txt

03-30 10:47:18.458 23914 24026 D HomeMate: comm[ Thread-44567: FileTool.java:65 deleteOldFiles() ] - deleteOldFiles()-fileName:HomeMate_20170322094834.720.txt

03-30 10:47:18.458 23914 24026 D HomeMate: comm[ Thread-44567: FileTool.java:65 deleteOldFiles() ] - deleteOldFiles()-fileName:HomeMate_20170322094736.060.txt

03-30 10:47:18.458 23914 24026 D HomeMate: comm[ Thread-44567: FileTool.java:65 deleteOldFiles() ] - deleteOldFiles()-fileName:HomeMate_20170322094655.769.txt

03-30 10:47:18.459 23914 24026 D HomeMate: comm[ Thread-44567: FileTool.java:65 deleteOldFiles() ] - deleteOldFiles()-fileName:HomeMate_20170322094625.619.txt

03-30 10:47:18.459 23914 24026 D HomeMate: comm[ Thread-44567: FileTool.java:65 deleteOldFiles() ] - deleteOldFiles()-fileName:HomeMate_20170322094542.888.txt

03-30 10:47:18.459 23914 24026 D HomeMate: comm[ Thread-44567: FileTool.java:65 deleteOldFiles() ] - deleteOldFiles()-fileName:HomeMate_20170322094506.083.txt

03-30 10:47:18.460 23914 24026 D HomeMate: comm[ Thread-44567: FileTool.java:65 deleteOldFiles() ] - deleteOldFiles()-fileName:HomeMate_20170322094430.345.txt

03-30 10:47:18.460 23914 24026 D HomeMate: comm[ Thread-44567: FileTool.java:65 deleteOldFiles() ] - deleteOldFiles()-fileName:HomeMate_20170322094357.576.txt

03-30 10:47:18.460 23914 24026 D HomeMate: comm[ Thread-44567: FileTool.java:65 deleteOldFiles() ] - deleteOldFiles()-fileName:HomeMate_20170322094321.819.txt

03-30 10:47:18.460 23914 24026 D HomeMate: comm[ Thread-44567: FileTool.java:65 deleteOldFiles() ] - deleteOldFiles()-fileName:HomeMate_20170322094247.984.txt

03-30 10:47:18.462  4060  9771 D PushService: 2017-03-30 10:47:18,456 - [DEBUG::PushService] - com.android.systemuiis system app. StatService

03-30 10:47:18.463 23914 23914 D HomeMate: allen[ main: HomeFragment.java:184 onActivityCreated() ] - onActivityCreated()

03-30 10:47:18.463 23914 23914 D HomeMate: comm[ main: HomeFragment.java:185 onActivityCreated() ] - HomeFragment{dd4a7f0 #0 id=0x7f0d0299 å®¶}

03-30 10:47:18.463 23914 23914 D HomeMate: comm[ main: HomeFragment.java:187 onActivityCreated() ] - HomeRefresh

03-30 10:47:18.464 23914 23914 D HomeMate: comm[ main: HomeRoomPresenter.java:58 init() ] - HomeRefresh

03-30 10:47:18.465 23914 24026 D HomeMate: comm[ Thread-44567: FileTool.java:65 deleteOldFiles() ] - deleteOldFiles()-fileName:HomeMate_20170322094209.651.txt

03-30 10:47:18.468 23914 24026 D HomeMate: comm[ Thread-44567: FileTool.java:65 deleteOldFiles() ] - deleteOldFiles()-fileName:HomeMate_20170322094135.994.txt

03-30 10:47:18.468 23914 24026 D HomeMate: comm[ Thread-44567: FileTool.java:65 deleteOldFiles() ] - deleteOldFiles()-fileName:HomeMate_20170322094038.648.txt

03-30 10:47:18.469 23914 24026 D HomeMate: comm[ Thread-44567: FileTool.java:65 deleteOldFiles() ] - deleteOldFiles()-fileName:HomeMate_20170322094002.883.txt

03-30 10:47:18.469 23914 24026 D HomeMate: comm[ Thread-44567: FileTool.java:65 deleteOldFiles() ] - deleteOldFiles()-fileName:HomeMate_20170322093934.004.txt

03-30 10:47:18.469 23914 24026 D HomeMate: comm[ Thread-44567: FileTool.java:65 deleteOldFiles() ] - deleteOldFiles()-fileName:HomeMate_20170322093839.220.txt

03-30 10:47:18.469 23914 24026 D HomeMate: comm[ Thread-44567: FileTool.java:65 deleteOldFiles() ] - deleteOldFiles()-fileName:HomeMate_20170322093752.699.txt

03-30 10:47:18.470 23914 24026 D HomeMate: comm[ Thread-44567: FileTool.java:65 deleteOldFiles() ] - deleteOldFiles()-fileName:HomeMate_20170322093649.609.txt

03-30 10:47:18.473 23914 24026 D HomeMate: comm[ Thread-44567: FileTool.java:65 deleteOldFiles() ] - deleteOldFiles()-fileName:HomeMate_20170322093515.390.txt

03-30 10:47:18.473 23914 24026 D HomeMate: comm[ Thread-44567: FileTool.java:65 deleteOldFiles() ] - deleteOldFiles()-fileName:HomeMate_20170322093359.478.txt

03-30 10:47:18.473 23914 24026 D HomeMate: comm[ Thread-44567: FileTool.java:65 deleteOldFiles() ] - deleteOldFiles()-fileName:HomeMate_20170322093328.097.txt

03-30 10:47:18.474 23914 24026 D HomeMate: comm[ Thread-44567: FileTool.java:65 deleteOldFiles() ] - deleteOldFiles()-fileName:HomeMate_20170322093219.468.txt

03-30 10:47:18.474 23914 24026 D HomeMate: comm[ Thread-44567: FileTool.java:65 deleteOldFiles() ] - deleteOldFiles()-fileName:HomeMate_20170322093139.235.txt

03-30 10:47:18.474 23914 24026 D HomeMate: comm[ Thread-44567: FileTool.java:65 deleteOldFiles() ] - deleteOldFiles()-fileName:HomeMate_20170322093053.837.txt

03-30 10:47:18.474 23914 24026 D HomeMate: comm[ Thread-44567: FileTool.java:65 deleteOldFiles() ] - deleteOldFiles()-fileName:HomeMate_20170322092915.805.txt

03-30 10:47:18.475 23914 24026 D HomeMate: comm[ Thread-44567: FileTool.java:65 deleteOldFiles() ] - deleteOldFiles()-fileName:HomeMate_20170322092756.953.txt

03-30 10:47:18.475 23914 24026 D HomeMate: comm[ Thread-44567: FileTool.java:65 deleteOldFiles() ] - deleteOldFiles()-fileName:HomeMate_20170322092640.777.txt

03-30 10:47:18.475 23914 24026 D HomeMate: comm[ Thread-44567: FileTool.java:65 deleteOldFiles() ] - deleteOldFiles()-fileName:HomeMate_20170322092605.450.txt

03-30 10:47:18.476 23914 24026 D HomeMate: comm[ Thread-44567: FileTool.java:65 deleteOldFiles() ] - deleteOldFiles()-fileName:HomeMate_20170322092533.831.txt

03-30 10:47:18.476 23914 23914 D HomeMate: comm[ main: HomeFragment.java:279 onInit() ] - HomeRefresh

03-30 10:47:18.476 23914 24026 D HomeMate: comm[ Thread-44567: FileTool.java:65 deleteOldFiles() ] - deleteOldFiles()-fileName:HomeMate_20170322025335.517.txt

03-30 10:47:18.476 23914 24026 D HomeMate: comm[ Thread-44567: FileTool.java:65 deleteOldFiles() ] - deleteOldFiles()-fileName:HomeMate_20170321184252.776.txt

03-30 10:47:18.476 23914 23914 D HomeMate: allen[ main: HomeFragment.java:291 onRefreshFamilies() ] - families:[Family{familyId='ea4205a93f1c46b4a6df9bb391513dd9', pic='', creator='91a31ba24648493aad89636922662c04', familyName='ojrtx', nickname_in_family='null', email='15079034630@126.com', phone='', showIndex=1, isAdmin=1, userid='91a31ba24648493aad89636922662c04', userName=ahdhhddhhd, updateTimeSec=1490841108000} , Family{familyId='7c9d5013119f46a2a89fe662794afe17', pic='', creator='91a31ba24648493aad89636922662c04', familyName='gggy', nickname_in_family='null', email='15079034630@126.com', phone='', showIndex=2, isAdmin=1, userid='91a31ba24648493aad89636922662c04', userName=ahdhhddhhd, updateTimeSec=1490702078000} , Family{familyId='2f2e636022b94e218b3c2f9756c65cc5', pic='http://homemate.orvibo.com/images/family/decd605137a041d3943517d8943621bf.png', creator='91a31ba24648493aad89636922662c04', familyName='f30ow', nickname_in_family='null', email='15079034630@126.com', phone='', showIndex=3, isAdmin=1, userid='91a31ba24648493aad89636922662c04', userName=ahdhhddhhd, updateTimeSec=1490702078000} , Family{familyId='8a1ceb7b78034a539fbebe64efd979fc', pic='http://homemate.orvibo.com/images/family/5d1549631bde4bba877fa28498755239.png', creator='91a31ba24648493aad89636922662c04', familyName='2fa1b', nickname_in_family='null', email='15079034630@126.com', phone='', showIndex=4, isAdmin=1, userid='91a31ba24648493aad89636922662c04', userName=ahdhhddhhd, updateTimeSec=1490702078000} , Family{familyId='dbc10e32ebe547cc932bce19fe63d2c1', pic='http://homemate.orvibo.com/images/family/783967619a144ff182042bce99002bb1.png', creator='91a31ba24648493aad89636922662c04', familyName='iu299', nickname_in_family='null', email='15079034630@126.com', phone='', showIndex=5, isAdmin=1, userid='91a31ba24648493aad89636922662c04', userName=ahdhhddhhd, updateTimeSec=1490702078000} ] selectFamilyPosition:0

03-30 10:47:18.476 23914 24026 D HomeMate: comm[ Thread-44567: FileTool.java:65 deleteOldFiles() ] - deleteOldFiles()-fileName:HomeMate_20170321184244.288.txt

03-30 10:47:18.477 23914 24026 D HomeMate: comm[ Thread-44567: FileTool.java:65 deleteOldFiles() ] - deleteOldFiles()-fileName:HomeMate_20170321184141.170.txt

03-30 10:47:18.480 23914 24026 D HomeMate: comm[ Thread-44567: FileTool.java:65 deleteOldFiles() ] - deleteOldFiles()-fileName:HomeMate_20170321183956.808.txt

03-30 10:47:18.480 23914 24026 D HomeMate: comm[ Thread-44567: FileTool.java:65 deleteOldFiles() ] - deleteOldFiles()-fileName:HomeMate_20170321183812.248.txt

03-30 10:47:18.481 23914 24026 D HomeMate: comm[ Thread-44567: FileTool.java:65 deleteOldFiles() ] - deleteOldFiles()-fileName:HomeMate_20170321183636.341.txt

03-30 10:47:18.481 23914 24078 D HomeMate: hank[ Thread-44595: FeedBackService.java:94 onSuccess() ] - FeedbackAPI unreadCount:18

03-30 10:47:18.481 23914 24026 D HomeMate: comm[ Thread-44567: FileTool.java:65 deleteOldFiles() ] - deleteOldFiles()-fileName:HomeMate_20170321183525.286.txt

03-30 10:47:18.481 23914 24026 D HomeMate: comm[ Thread-44567: FileTool.java:65 deleteOldFiles() ] - deleteOldFiles()-fileName:HomeMate_20170321183419.161.txt

03-30 10:47:18.482 23914 24026 D HomeMate: comm[ Thread-44567: FileTool.java:65 deleteOldFiles() ] - deleteOldFiles()-fileName:HomeMate_20170321183308.293.txt

03-30 10:47:18.482 23914 24026 D HomeMate: comm[ Thread-44567: FileTool.java:65 deleteOldFiles() ] - deleteOldFiles()-fileName:HomeMate_20170321183236.101.txt

03-30 10:47:18.483 23914 24026 D HomeMate: comm[ Thread-44567: FileTool.java:65 deleteOldFiles() ] - deleteOldFiles()-fileName:HomeMate_20170321175415.214.txt

03-30 10:47:18.483 23914 24026 D HomeMate: comm[ Thread-44567: FileTool.java:65 deleteOldFiles() ] - deleteOldFiles()-fileName:HomeMate_20170321175405.311.txt

03-30 10:47:18.483 23914 24026 D HomeMate: comm[ Thread-44567: FileTool.java:65 deleteOldFiles() ] - deleteOldFiles()-fileName:HomeMate_20170321175248.144.txt

03-30 10:47:18.484 23914 24026 D HomeMate: comm[ Thread-44567: FileTool.java:65 deleteOldFiles() ] - deleteOldFiles()-fileName:HomeMate_20170321175050.012.txt

03-30 10:47:18.484 23914 24026 D HomeMate: comm[ Thread-44567: FileTool.java:65 deleteOldFiles() ] - deleteOldFiles()-fileName:HomeMate_20170321174901.048.txt

03-30 10:47:18.485 23914 24026 D HomeMate: comm[ Thread-44567: FileTool.java:65 deleteOldFiles() ] - deleteOldFiles()-fileName:HomeMate_20170321174752.101.txt

03-30 10:47:18.485 23914 24026 D HomeMate: comm[ Thread-44567: FileTool.java:65 deleteOldFiles() ] - deleteOldFiles()-fileName:HomeMate_20170321174640.651.txt

03-30 10:47:18.485 23914 24026 D HomeMate: comm[ Thread-44567: FileTool.java:65 deleteOldFiles() ] - deleteOldFiles()-fileName:HomeMate_20170321174533.298.txt

03-30 10:47:18.485 23914 24026 D HomeMate: comm[ Thread-44567: FileTool.java:65 deleteOldFiles() ] - deleteOldFiles()-fileName:HomeMate_20170321174420.606.txt

03-30 10:47:18.486 23914 24026 D HomeMate: comm[ Thread-44567: FileTool.java:65 deleteOldFiles() ] - deleteOldFiles()-fileName:HomeMate_20170321174337.650.txt

03-30 10:47:18.486 23914 24026 D HomeMate: comm[ Thread-44567: FileTool.java:65 deleteOldFiles() ] - deleteOldFiles()-fileName:HomeMate_20170321174012.593.txt

03-30 10:47:18.486 23914 24026 D HomeMate: comm[ Thread-44567: FileTool.java:65 deleteOldFiles() ] - deleteOldFiles()-fileName:HomeMate_20170321173719.394.txt

03-30 10:47:18.486 23914 24026 D HomeMate: comm[ Thread-44567: FileTool.java:65 deleteOldFiles() ] - deleteOldFiles()-fileName:HomeMate_20170321173525.403.txt

03-30 10:47:18.487 23914 24026 D HomeMate: comm[ Thread-44567: FileTool.java:65 deleteOldFiles() ] - deleteOldFiles()-fileName:HomeMate_20170321173404.975.txt

03-30 10:47:18.487 23914 24026 D HomeMate: comm[ Thread-44567: FileTool.java:65 deleteOldFiles() ] - deleteOldFiles()-fileName:HomeMate_20170321173233.803.txt

03-30 10:47:18.490 23914 24026 D HomeMate: comm[ Thread-44567: FileTool.java:65 deleteOldFiles() ] - deleteOldFiles()-fileName:HomeMate_20170321173104.518.txt

03-30 10:47:18.490 23914 24026 D HomeMate: comm[ Thread-44567: FileTool.java:65 deleteOldFiles() ] - deleteOldFiles()-fileName:HomeMate_20170321172948.945.txt

03-30 10:47:18.491 23914 24026 D HomeMate: comm[ Thread-44567: FileTool.java:65 deleteOldFiles() ] - deleteOldFiles()-fileName:HomeMate_20170321172908.658.txt

03-30 10:47:18.492 23914 24026 D HomeMate: comm[ Thread-44567: FileTool.java:65 deleteOldFiles() ] - deleteOldFiles()-fileName:HomeMate_20170321172805.794.txt

03-30 10:47:18.492 23914 24026 D HomeMate: comm[ Thread-44567: FileTool.java:65 deleteOldFiles() ] - deleteOldFiles()-fileName:HomeMate_20170321172649.532.txt

03-30 10:47:18.493 23914 24026 D HomeMate: comm[ Thread-44567: FileTool.java:65 deleteOldFiles() ] - deleteOldFiles()-fileName:HomeMate_20170321172449.355.txt

03-30 10:47:18.493 23914 24026 D HomeMate: comm[ Thread-44567: FileTool.java:65 deleteOldFiles() ] - deleteOldFiles()-fileName:HomeMate_20170321172430.541.txt

03-30 10:47:18.493 23914 24026 D HomeMate: comm[ Thread-44567: FileTool.java:65 deleteOldFiles() ] - deleteOldFiles()-fileName:HomeMate_20170321172400.112.txt

03-30 10:47:18.494 23914 24026 D HomeMate: comm[ Thread-44567: FileTool.java:65 deleteOldFiles() ] - deleteOldFiles()-fileName:HomeMate_20170321172253.694.txt

03-30 10:47:18.494 23914 24026 D HomeMate: comm[ Thread-44567: FileTool.java:65 deleteOldFiles() ] - deleteOldFiles()-fileName:HomeMate_20170321172208.057.txt

03-30 10:47:18.496 23914 24026 D HomeMate: comm[ Thread-44567: FileTool.java:65 deleteOldFiles() ] - deleteOldFiles()-fileName:HomeMate_20170321172051.537.txt

03-30 10:47:18.496 23914 24026 D HomeMate: comm[ Thread-44567: FileTool.java:65 deleteOldFiles() ] - deleteOldFiles()-fileName:HomeMate_20170321172014.530.txt

03-30 10:47:18.498 23914 24026 D HomeMate: comm[ Thread-44567: FileTool.java:65 deleteOldFiles() ] - deleteOldFiles()-fileName:HomeMate_20170321171936.974.txt

03-30 10:47:18.498 23914 24026 D HomeMate: comm[ Thread-44567: FileTool.java:65 deleteOldFiles() ] - deleteOldFiles()-fileName:HomeMate_20170321171614.946.txt

