--------- beginning of main

03-08 10:52:54.782  4269  4269 D wpa_supplicant: wlan0: Control interface command 'SIGNAL_POLL'

03-08 10:52:54.787  4269  4269 D wpa_supplicant: CTRL-DEBUG: global_ctrl_sock-sendto: sock=11 sndbuf=163840 outq=0 send_len=48

03-08 10:52:54.925 17995 17995 I QueryController: Matched selector: UiSelector[TEXT=ÊàøÈó¥ÁÆ°ÁêÜ] <<==>> [android.view.accessibility.AccessibilityNodeInfo@80027610; boundsInParent: Rect(0, 0 - 176, 59); boundsInScreen: Rect(176, 830 - 352, 889); packageName: com.orvibo.homemate; className: android.widget.TextView; text: ÊàøÈó¥ÁÆ°ÁêÜ; error: null; maxTextLength: -1; contentDescription: null; viewIdResName: null; checkable: false; checked: false; focusable: false; focused: false; selected: false; clickable: false; longClickable: false; contextClickable: false; enabled: true; password: false; scrollable: false; actions: [AccessibilityAction: ACTION_SELECT - null, AccessibilityAction: ACTION_CLEAR_SELECTION - null, AccessibilityAction: ACTION_ACCESSIBILITY_FOCUS - null, AccessibilityAction: ACTION_NEXT_AT_MOVEMENT_GRANULARITY - null, AccessibilityAction: ACTION_PREVIOUS_AT_MOVEMENT_GRANULARITY - null, AccessibilityAction: ACTION_SET_SELECTION - null, AccessibilityAction: ACTION_UNKNOWN - null]]

03-08 10:52:54.963 17995 17995 I QueryController: Matched selector: UiSelector[TEXT=ÊàøÈó¥ÁÆ°ÁêÜ] <<==>> [android.view.accessibility.AccessibilityNodeInfo@80027610; boundsInParent: Rect(0, 0 - 176, 59); boundsInScreen: Rect(176, 830 - 352, 889); packageName: com.orvibo.homemate; className: android.widget.TextView; text: ÊàøÈó¥ÁÆ°ÁêÜ; error: null; maxTextLength: -1; contentDescription: null; viewIdResName: null; checkable: false; checked: false; focusable: false; focused: false; selected: false; clickable: false; longClickable: false; contextClickable: false; enabled: true; password: false; scrollable: false; actions: [AccessibilityAction: ACTION_SELECT - null, AccessibilityAction: ACTION_CLEAR_SELECTION - null, AccessibilityAction: ACTION_ACCESSIBILITY_FOCUS - null, AccessibilityAction: ACTION_NEXT_AT_MOVEMENT_GRANULARITY - null, AccessibilityAction: ACTION_PREVIOUS_AT_MOVEMENT_GRANULARITY - null, AccessibilityAction: ACTION_SET_SELECTION - null, AccessibilityAction: ACTION_UNKNOWN - null]]

03-08 10:52:54.965 17995 17995 D InteractionController: clickAndSync(264, 859)

03-08 10:52:55.081   372   476 I ThermalEngine: Sensor:batt_temp:319 mC

03-08 10:52:55.112 18065 18065 I Timeline: Timeline: Activity_launch_request time:84468049

--------- beginning of system

03-08 10:52:55.123  1923  3723 I ActivityManager: START u0 {cmp=com.orvibo.homemate/.roomfloor.manager.RoomManagerActivity} from uid 10133 on display 0

03-08 10:52:55.129  4188  4327 D WtProcessController: onAMCreateActivity callback

03-08 10:52:55.130  4188  4327 D WtProcessController: onAMPauseActivity callback

03-08 10:52:55.147 18065 18065 D HomeMate: comm[ main: BaseFragment.java:105 onPause() ] - HomePagerFragment

03-08 10:52:55.149 18065 18065 D HomeMate: comm[ main: BaseFragment.java:105 onPause() ] - PersonalFragment

03-08 10:52:55.163 18065 18065 D HomeMate: comm[ main: BaseFragment.java:105 onPause() ] - HomePagerFragment

03-08 10:52:55.165 18065 18065 D HomeMate: comm[ main: BaseFragment.java:105 onPause() ] - HomePagerFragment

03-08 10:52:55.167 18065 18065 D UTAnalytics:UTDC: pid:18065 [commit] page:Main,eventId:2001,arg1:Launch,arg2:arg3:5248,args:{SDKTYPE=mini},

03-08 10:52:55.171 18065 18065 D UTAnalytics:UTLog: pid:18065 Log [id=0, eventId=2001, index=],867451020054497||WL4Uxp3/0mBYvRluo5uk/g==||Xiaomi||MI NOTE LTE||1920*1080||Unknown||Wi-Fi||Unknown||null||23256401||2.3.0.200||-||-||-||-||zh||a||6.0.1||2.5.1_for_bc||1488941567492||WJfwe+sntC4DAAdSBLpxQDCW||mini||-||-||-||-||_ap=1_mac=02:00:00:00:00:00||1488941575167||Main||2001||Launch||-||5248||-,

03-08 10:52:55.171 18065 18065 D UTAnalytics:LogStoreMgr: pid:18065 [add] :,

03-08 10:52:55.173 18065 18065 D HomeMate: comm[ main: BaseActivity.java:198 onPause() ] - MainActivity

03-08 10:52:55.176  4188  4327 D WtProcessController: onAMRestartActivity callback

03-08 10:52:55.176  1923  1987 I Timeline: Timeline: App_transition_ready time:84468113

03-08 10:52:55.191 18065 18065 D HomeMate: comm[ main: BaseActivity.java:128 onCreate() ] - onCreate:RoomManagerActivity

03-08 10:52:55.191 18065 18065 D HomeMate: allen[ main: ActivityManager.java:43 pushActivity() ] - pushActivity:com.orvibo.homemate.roomfloor.manager.RoomManagerActivity@e612ba6

03-08 10:52:55.235 18065 18065 V BoostFramework: BoostFramework() : mPerf = com.qualcomm.qti.Performance@521ca56

03-08 10:52:55.235 18065 18065 V BoostFramework: BoostFramework() : mPerf = com.qualcomm.qti.Performance@f8d8ad7

03-08 10:52:55.237 18065 18065 V BoostFramework: BoostFramework() : mPerf = com.qualcomm.qti.Performance@8dbcfc4

03-08 10:52:55.237 18065 18065 V BoostFramework: BoostFramework() : mPerf = com.qualcomm.qti.Performance@47d5ead

03-08 10:52:55.241 18065 18065 I HomeMate: comm[ main: AbstractBaseDao.java:263 getListData() ] - select * from floor where floor.delFlag= 0 and familyId=? order by sequence asc

03-08 10:52:55.254 18065 18065 D HomeMate: comm[ main: BaseActivity.java:155 onResume() ] - RoomManagerActivity

03-08 10:52:55.255 18065 18146 I HomeMate: comm[ pool-6-thread-1: AbstractBaseDao.java:263 getListData() ] - select * from floor where floor.delFlag= 0 and familyId=? or floorId=? order by sequence asc

03-08 10:52:55.258 18065 18146 I HomeMate: comm[ pool-6-thread-1: AbstractBaseDao.java:263 getListData() ] - select * from room where room.delFlag= 0 and floorId=? order by sequence asc

03-08 10:52:55.260 18065 18146 I HomeMate: comm[ pool-6-thread-1: AbstractBaseDao.java:263 getListData() ] - select * from room where room.delFlag= 0 and floorId=? order by sequence asc

03-08 10:52:55.261 18065 18146 D HomeMate: comm[ pool-6-thread-1: AbstractBaseDao.java:328 getListDataByMultiTable() ] - sql:SELECT * FROM room INNER JOIN floor ON room.floorId = floor.floorId WHERE room.delFlag = 0 AND floor.delFlag = 0 AND floor.familyId=?

03-08 10:52:55.247  4238  4238 W Binder_B: type=1400 audit(0.0:947088): avc: denied { ioctl } for path="socket:[3077137]" dev="sockfs" ino=3077137 ioctlcmd=7704 scontext=u:r:system_server:s0 tcontext=u:r:system_server:s0 tclass=unix_stream_socket permissive=0

03-08 10:52:55.247  4238  4238 W Binder_B: type=1400 audit(0.0:947089): avc: denied { ioctl } for path="socket:[3077137]" dev="sockfs" ino=3077137 ioctlcmd=7704 scontext=u:r:system_server:s0 tcontext=u:r:system_server:s0 tclass=unix_stream_socket permissive=0

03-08 10:52:55.264 18065 18065 D ActivityThreadInjector: clearCachedDrawables.

03-08 10:52:55.265 18065 18146 D HomeMate: comm[ pool-6-thread-1: AbstractBaseDao.java:328 getListDataByMultiTable() ] - sql:SELECT * FROM device INNER JOIN userGatewayBind ON device.uid = userGatewayBind.uid WHERE device.delFlag = 0 AND userGatewayBind.delFlag = 0 AND familyId = ? AND roomId IN ('','0','657e5607dc0d4a679b6c08743f8792e9') AND deviceType IN (22,23,65,66,18,14,1,0,38,19,43,2,29,67,30,11,8,52,5,58,7,32,6,59,60,33,36,34,42,35,4,37,3,39,57,64,9,10,17,20)  ORDER BY createTime DESC

03-08 10:52:55.266 18065 18146 I HomeMate: comm[ pool-6-thread-1: AbstractBaseDao.java:263 getListData() ] - select * from userGatewayBind where userGatewayBind.delFlag= 0 and familyId=? 

03-08 10:52:55.285  1923  4419 I Timeline: Timeline: App_transition_ready time:84468222

03-08 10:52:55.287  1923  4419 I Timeline: Timeline: App_transition_ready time:84468224

03-08 10:52:55.291 18065 18065 E RecyclerView: No adapter attached; skipping layout

03-08 10:52:55.307  1923  2113 I Timeline: Timeline: App_transition_ready time:84468244

03-08 10:52:55.311  1923  2113 I ActivityManager: Displayed com.orvibo.homemate/.roomfloor.manager.RoomManagerActivity: +136ms

03-08 10:52:55.297  4325  4325 W Binder_C: type=1400 audit(0.0:947090): avc: denied { ioctl } for path="socket:[3074352]" dev="sockfs" ino=3074352 ioctlcmd=7704 scontext=u:r:system_server:s0 tcontext=u:r:system_server:s0 tclass=unix_stream_socket permissive=0

03-08 10:52:55.311 14596 14596 I AppiumUnicodeIME: onFinishInput

03-08 10:52:55.297  4325  4325 W Binder_C: type=1400 audit(0.0:947091): avc: denied { ioctl } for path="socket:[3074352]" dev="sockfs" ino=3074352 ioctlcmd=7704 scontext=u:r:system_server:s0 tcontext=u:r:system_server:s0 tclass=unix_stream_socket permissive=0

03-08 10:52:55.311  3887  3887 V PhoneStatusBarPolicy: updateManagedProfile mManagedProfileFocused: false mKeyguardVisible: false mCurrentUserId:0 mCurrentProfileId:0 mSecondSpaceStatusIconVisible: true showIcon:false

03-08 10:52:55.312 14596 14596 I AppiumUnicodeIME: onStartInput

03-08 10:52:55.324 18065 18065 V BoostFramework: BoostFramework() : mPerf = com.qualcomm.qti.Performance@dbc9478

03-08 10:52:55.324 18065 18065 V BoostFramework: BoostFramework() : mPerf = com.qualcomm.qti.Performance@b57f751

03-08 10:52:55.359 18065 18065 V BoostFramework: BoostFramework() : mPerf = com.qualcomm.qti.Performance@88049a1

03-08 10:52:55.359 18065 18065 V BoostFramework: BoostFramework() : mPerf = com.qualcomm.qti.Performance@89497c6

03-08 10:52:55.421 18065 18152 D OpenGLRenderer: endAllStagingAnimators on 0x9fcf8480 (RippleDrawable) with handle 0x9fb5dff0

03-08 10:52:55.494  4269  4269 D wpa_supplicant: nl80211: Event message available

03-08 10:52:55.494  4269  4269 D wpa_supplicant: nl80211: Drv Event 34 (NL80211_CMD_NEW_SCAN_RESULTS) received for wlan0

03-08 10:52:55.494  4269  4269 D wpa_supplicant: wlan0: nl80211: New scan results available

03-08 10:52:55.494  4269  4269 D wpa_supplicant: nl80211: Scan included frequencies: 2412 2417 2422 2427 2432 2437 2442 2447 2452 2457 2462 2467 2472 5180 5200 5220 5240 5260 5280 5300 5320 5500 5520 5540 5560 5580 5600 5620 5640 5660 5680 5700 5745 5765 5785 5805 5825

03-08 10:52:55.494  4269  4269 D wpa_supplicant: wlan0: Event SCAN_RESULTS (3) received

03-08 10:52:55.494  4269  4269 D wpa_supplicant: wlan0: Scan completed in 4.010805 seconds

03-08 10:52:55.494  4269  4269 D wpa_supplicant: nl80211: Associated on 2422 MHz

03-08 10:52:55.494  4269  4269 D wpa_supplicant: nl80211: Associated with c0:3d:46:00:1a:5a

03-08 10:52:55.494  4269  4269 D wpa_supplicant: nl80211: Received scan results (33 BSSes)

03-08 10:52:55.494  4269  4269 D wpa_supplicant: nl80211: Scan results indicate BSS status with c0:3d:46:00:1a:5a as associated

03-08 10:52:55.494  4269  4269 D wpa_supplicant: wlan0: BSS: Start scan result update 8871

03-08 10:52:55.494  4269  4269 D wpa_supplicant: wlan0: BSS: Add new id 26627 BSSID e0:10:7f:0b:f3:68 SSID 'ORVIBO'

03-08 10:52:55.494  4269  4269 D wpa_supplicant: CTRL-DEBUG: ctrl_sock-sendmsg: sock=11 sndbuf=163840 outq=0 send_len=44

03-08 10:52:55.494  4269  4269 D wpa_supplicant: CTRL_IFACE monitor sent successfully to /data/misc/wifi/sockets/wpa_ctrl_1923-2\x00

03-08 10:52:55.494  4269  4269 D wpa_supplicant: wlan0: BSS: Add new id 26628 BSSID e0:10:7f:4b:f3:68 SSID 'WX-ORVIBO-Guest'

03-08 10:52:55.495  4269  4269 D wpa_supplicant: CTRL-DEBUG: ctrl_sock-sendmsg: sock=11 sndbuf=163840 outq=448 send_len=44

03-08 10:52:55.495  4269  4269 D wpa_supplicant: CTRL_IFACE monitor sent successfully to /data/misc/wifi/sockets/wpa_ctrl_1923-2\x00

03-08 10:52:55.495  4269  4269 D wpa_supplicant: wlan0: BSS: Add new id 26629 BSSID 00:6b:8e:f0:3c:50 SSID '@ZigbeeTeam_5G'

03-08 10:52:55.495  4269  4269 D wpa_supplicant: CTRL-DEBUG: ctrl_sock-sendmsg: sock=11 sndbuf=163840 outq=896 send_len=44

03-08 10:52:55.495  4269  4269 D wpa_supplicant: CTRL_IFACE monitor sent successfully to /data/misc/wifi/sockets/wpa_ctrl_1923-2\x00

03-08 10:52:55.495  4269  4269 D wpa_supplicant: wlan0: BSS: Add new id 26630 BSSID d0:ee:07:3f:27:1c SSID 'zhanting_5G'

03-08 10:52:55.495  4269  4269 D wpa_supplicant: CTRL-DEBUG: ctrl_sock-sendmsg: sock=11 sndbuf=163840 outq=1344 send_len=44

03-08 10:52:55.495  4269  4269 D wpa_supplicant: CTRL_IFACE monitor sent successfully to /data/misc/wifi/sockets/wpa_ctrl_1923-2\x00

03-08 10:52:55.495  4269  4269 D wpa_supplicant: wlan0: BSS: Add new id 26631 BSSID 10:bd:18:08:36:17 SSID 'cisco-3615'

03-08 10:52:55.495  4269  4269 D wpa_supplicant: CTRL-DEBUG: ctrl_sock-sendmsg: sock=11 sndbuf=163840 outq=1792 send_len=44

03-08 10:52:55.495  4269  4269 D wpa_supplicant: CTRL_IFACE monitor sent successfully to /data/misc/wifi/sockets/wpa_ctrl_1923-2\x00

03-08 10:52:55.495  4269  4269 D wpa_supplicant: wlan0: BSS: Add new id 26632 BSSID 04:f0:21:26:f9:27 SSID 'yunji-tele'

03-08 10:52:55.495  4269  4269 D wpa_supplicant: CTRL-DEBUG: ctrl_sock-sendmsg: sock=11 sndbuf=163840 outq=2240 send_len=44

03-08 10:52:55.495  4269  4269 D wpa_supplicant: CTRL_IFACE monitor sent successfully to /data/misc/wifi/sockets/wpa_ctrl_1923-2\x00

03-08 10:52:55.495  4269  4269 D wpa_supplicant: wlan0: BSS: Remove id 26589 BSSID 24:69:68:b1:36:12 SSID 'bin' due to no match in scan

03-08 10:52:55.495  4269  4269 D wpa_supplicant: CTRL-DEBUG: ctrl_sock-sendmsg: sock=11 sndbuf=163840 outq=2688 send_len=46

03-08 10:52:55.495  4269  4269 D wpa_supplicant: CTRL_IFACE monitor sent successfully to /data/misc/wifi/sockets/wpa_ctrl_1923-2\x00

03-08 10:52:55.495  4269  4269 D wpa_supplicant: wlan0: BSS: Remove id 26599 BSSID b8:f8:83:ee:be:7b SSID 'HostGroup-InnerNet' due to no match in scan

03-08 10:52:55.495  4269  4269 D wpa_supplicant: CTRL-DEBUG: ctrl_sock-sendmsg: sock=11 sndbuf=163840 outq=3136 send_len=46

03-08 10:52:55.495  4269  4269 D wpa_supplicant: CTRL_IFACE monitor sent successfully to /data/misc/wifi/sockets/wpa_ctrl_1923-2\x00

03-08 10:52:55.495  4269  4269 D wpa_supplicant: wlan0: BSS: Remove id 26607 BSSID 9c:21:6a:9e:48:f8 SSID 'FAST_9E48F8' due to no match in scan

03-08 10:52:55.495  4269  4269 D wpa_supplicant: CTRL-DEBUG: ctrl_sock-sendmsg: sock=11 sndbuf=163840 outq=3584 send_len=46

03-08 10:52:55.495  4269  4269 D wpa_supplicant: CTRL_IFACE monitor sent successfully to /data/misc/wifi/sockets/wpa_ctrl_1923-2\x00

03-08 10:52:55.495  4269  4269 D wpa_supplicant: wlan0: BSS: Remove id 26619 BSSID 3c:df:bd:39:72:f4 SSID '55.1_neiwang' due to no match in scan

03-08 10:52:55.495  4269  4269 D wpa_supplicant: CTRL-DEBUG: ctrl_sock-sendmsg: sock=11 sndbuf=163840 outq=4032 send_len=46

03-08 10:52:55.495  4269  4269 D wpa_supplicant: CTRL_IFACE monitor sent successfully to /data/misc/wifi/sockets/wpa_ctrl_1923-2\x00

03-08 10:52:55.495  4269  4269 D wpa_supplicant: wlan0: BSS: Remove id 26620 BSSID 10:bd:18:09:51:6d SSID 'iOS-NW' due to no match in scan

03-08 10:52:55.496  4269  4269 D wpa_supplicant: CTRL-DEBUG: ctrl_sock-sendmsg: sock=11 sndbuf=163840 outq=4032 send_len=46

03-08 10:52:55.496  4269  4269 D wpa_supplicant: CTRL_IFACE monitor sent successfully to /data/misc/wifi/sockets/wpa_ctrl_1923-2\x00

03-08 10:52:55.496  4269  4269 D wpa_supplicant: BSS: last_scan_res_used=33/64

03-08 10:52:55.496  4269  4269 D wpa_supplicant: wlan0: Scan-only results received

03-08 10:52:55.496  4269  4269 D wpa_supplicant: CTRL-DEBUG: ctrl_sock-sendmsg: sock=11 sndbuf=163840 outq=4480 send_len=24

03-08 10:52:55.496  4269  4269 D wpa_supplicant: CTRL_IFACE monitor sent successfully to /data/misc/wifi/sockets/wpa_ctrl_1923-2\x00

03-08 10:52:55.496  4269  4269 D wpa_supplicant: wlan0: Radio work 'scan'@0xb6919398 done in 4.014886 seconds

03-08 10:52:55.496  4269  4269 D wpa_supplicant: RTM_NEWLINK: ifi_index=22 ifname=wlan0 wext ifi_family=0 ifi_flags=0x11043 ([UP][RUNNING][LOWER_UP])

03-08 10:52:55.504  4269  4269 D wpa_supplicant: CTRL-DEBUG: global_ctrl_sock-sendto: sock=11 sndbuf=163840 outq=0 send_len=3995

03-08 10:52:55.507  4269  4269 D wpa_supplicant: CTRL-DEBUG: global_ctrl_sock-sendto: sock=11 sndbuf=163840 outq=0 send_len=3849

03-08 10:52:55.509   433   644 W XTCC-5.1.0.8: [WifiScanner] WiFi scan result : [33] AP's

03-08 10:52:55.509  4269  4269 D wpa_supplicant: CTRL-DEBUG: global_ctrl_sock-sendto: sock=11 sndbuf=163840 outq=0 send_len=3837

03-08 10:52:55.512  4269  4269 D wpa_supplicant: CTRL-DEBUG: global_ctrl_sock-sendto: sock=11 sndbuf=163840 outq=0 send_len=3806

03-08 10:52:55.515  4269  4269 D wpa_supplicant: CTRL-DEBUG: global_ctrl_sock-sendto: sock=11 sndbuf=163840 outq=0 send_len=3845

03-08 10:52:55.518  4269  4269 D wpa_supplicant: CTRL-DEBUG: global_ctrl_sock-sendto: sock=11 sndbuf=163840 outq=0 send_len=3791

03-08 10:52:55.519  4269  4269 D wpa_supplicant: CTRL-DEBUG: global_ctrl_sock-sendto: sock=11 sndbuf=163840 outq=0 send_len=1275

03-08 10:52:55.582  4269  4269 D wpa_supplicant: EAPOL: EAP Session-Id not available

03-08 10:52:55.583  4269  4269 D wpa_supplicant: CTRL-DEBUG: global_ctrl_sock-sendto: sock=11 sndbuf=163840 outq=0 send_len=278

03-08 10:52:55.587  1923  2113 I Timeline: Timeline: Activity_windows_visible id: ActivityRecord{bb93af u0 com.orvibo.homemate/.roomfloor.manager.RoomManagerActivity t6826} time:84468524

03-08 10:52:55.589  1923  2113 I Timeline: Timeline: App_transition_stopped time:84468526

03-08 10:52:55.601 18065 18065 D HomeMate: comm[ main: BaseFragment.java:116 onStop() ] - HomePagerFragment

03-08 10:52:55.601 18065 18065 D HomeMate: comm[ main: BaseFragment.java:116 onStop() ] - PersonalFragment

03-08 10:52:55.602 18065 18065 D HomeMate: comm[ main: BaseFragment.java:116 onStop() ] - HomePagerFragment

03-08 10:52:55.602 18065 18065 D HomeMate: comm[ main: BaseFragment.java:116 onStop() ] - HomePagerFragment

03-08 10:52:55.602 18065 18065 D HomeMate: comm[ main: BaseActivity.java:214 onStop() ] - MainActivity

03-08 10:52:55.621 26390 27008 E WifiDeviceFinder: start process end time - 21

03-08 10:52:55.625 26390 26435 E WifiScanHomelog: start process end time - 19

03-08 10:52:55.632  5352  9829 D FrozenAppController: FrozenAPP, is HasProcessOOMTooLow

03-08 10:52:55.632  5352  9829 D FrozenAppController: >>> event = 22 >>> state = 0 uid 10122

03-08 10:52:55.632  5352  9829 V FrozenAppController:     >>>>  MSG_FROZEN_APP : { uid: 10122 mState:0 mEvent:22 mIsForeground:false mLocationPolicy:255}

03-08 10:52:56.082   372   476 I ThermalEngine: Sensor:batt_temp:319 mC

03-08 10:52:56.147 18065 18135 D UTAnalytics:LogStoreMgr: pid:18065 [store],

03-08 10:52:56.157 18065 18135 D UTAnalytics:UTSqliteLogStore: pid:18065 [insert] ,, isSuccess:true,ret,1328,

03-08 10:52:56.182 18065 18135 D UTAnalytics:UTSqliteLogStore: pid:18065 sql:SELECT * FROM log ORDER BY time ASC  LIMIT 350,

03-08 10:52:56.190 18065 18135 D UTAnalytics:UTSqliteLogStore: pid:18065 pos,0,count,1,

03-08 10:52:56.191 18065 18135 D UTAnalytics:LogStoreMgr: pid:18065 [get],[Log [id=1328, eventId=2001, index=]],

03-08 10:52:56.191 18065 18135 D UTAnalytics:UploadTask: pid:18065 averagePackageSize:237.0,

03-08 10:52:56.247  6869 24532 D MSF.C.NetConnTag: netRecv ssoSeq:-1559255850 uin:*2908 cmd:-316037937 -1559254699

03-08 10:52:56.265  2859  2922 D Q.msg.TroopMsgProxy: insertToList MessageRecord=friendUin:3239senderuin:5866,istroop:1,msgType:-1035,time:1488941576,shmsgseq:25919

03-08 10:52:56.273  2859  2922 D Q.unread.ProxyUnreadMonitor: insertOrUpdateUnread update=--ConversationInfo--,shortUin:*3239,type:1,lastread:25142,unreadCount:777,unreadGiftCount:0,unreadRedPacketCount:0,unreadMark:0

03-08 10:52:56.324  2859  2922 D Q.msg.QQMessageFacadeUnreadMonitor: Recent Msg Unread: (0,0,43) (9980,9000,0) (9953,7230,4) (9992,7000,0) 

03-08 10:52:56.329  4099  5103 I XiaomiFirewall: firewall pkgName:com.orvibo.homemate, result:0x0

03-08 10:52:56.347 18065 18074 I art     : Background partial concurrent mark sweep GC freed 338876(27MB) AllocSpace objects, 7(11MB) LOS objects, 39% free, 54MB/90MB, paused 5.077ms total 150.328ms

03-08 10:52:56.353  2859 18380 D ProxyIpManagerImpl: Load local proxy ip failed, uin:*2908 type: 3 reason: not mobile network!

03-08 10:52:56.354  2859 18380 D TicketManager: get ticket succ, stKey!

03-08 10:52:56.356  2859 18380 D TicketManager: get ticket succ, st!

03-08 10:52:56.374  4099  5103 I XiaomiFirewall: firewall pkgName:com.tencent.mobileqq, result:0x0

03-08 10:52:56.428 17995 17995 I QueryController: Matched selector: UiSelector[TEXT=+Ê∑ªÂä†ÊàøÈó¥] <<==>> [android.view.accessibility.AccessibilityNodeInfo@800403fb; boundsInParent: Rect(524147, 0 - 524430, 124); boundsInScreen: Rect(739, 565 - 1022, 689); packageName: com.orvibo.homemate; className: android.widget.TextView; text: +Ê∑ªÂä†ÊàøÈó¥; error: null; maxTextLength: -1; contentDescription: null; viewIdResName: com.orvibo.homemate:id/tag_tv; checkable: false; checked: false; focusable: false; focused: false; selected: false; clickable: true; longClickable: false; contextClickable: false; enabled: true; password: false; scrollable: false; actions: [AccessibilityAction: ACTION_SELECT - null, AccessibilityAction: ACTION_CLEAR_SELECTION - null, AccessibilityAction: ACTION_CLICK - null, AccessibilityAction: ACTION_ACCESSIBILITY_FOCUS - null, AccessibilityAction: ACTION_NEXT_AT_MOVEMENT_GRANULARITY - null, AccessibilityAction: ACTION_PREVIOUS_AT_MOVEMENT_GRANULARITY - null, AccessibilityAction: ACTION_SET_SELECTION - null, AccessibilityAction: ACTION_UNKNOWN - null]]

03-08 10:52:56.454 17995 17995 I QueryController: Matched selector: UiSelector[TEXT=+Ê∑ªÂä†ÊàøÈó¥] <<==>> [android.view.accessibility.AccessibilityNodeInfo@800403fb; boundsInParent: Rect(524147, 0 - 524430, 124); boundsInScreen: Rect(739, 565 - 1022, 689); packageName: com.orvibo.homemate; className: android.widget.TextView; text: +Ê∑ªÂä†ÊàøÈó¥; error: null; maxTextLength: -1; contentDescription: null; viewIdResName: com.orvibo.homemate:id/tag_tv; checkable: false; checked: false; focusable: false; focused: false; selected: false; clickable: true; longClickable: false; contextClickable: false; enabled: true; password: false; scrollable: false; actions: [AccessibilityAction: ACTION_SELECT - null, AccessibilityAction: ACTION_CLEAR_SELECTION - null, AccessibilityAction: ACTION_CLICK - null, AccessibilityAction: ACTION_ACCESSIBILITY_FOCUS - null, AccessibilityAction: ACTION_NEXT_AT_MOVEMENT_GRANULARITY - null, AccessibilityAction: ACTION_PREVIOUS_AT_MOVEMENT_GRANULARITY - null, AccessibilityAction: ACTION_SET_SELECTION - null, AccessibilityAction: ACTION_UNKNOWN - null]]

03-08 10:52:56.455 17995 17995 D InteractionController: clickAndSync(880, 627)

03-08 10:52:56.462 18065 18135 W System.err: java.lang.reflect.InvocationTargetException

03-08 10:52:56.463 18065 18135 W System.err: 	at java.lang.reflect.Method.invoke(Native Method)

03-08 10:52:56.463 18065 18135 W System.err: 	at com.alibaba.mtl.log.sign.SecurityRequestAuth.getSign(SecurityRequestAuth.java:135)

03-08 10:52:56.463 18065 18135 W System.err: 	at com.alibaba.mtl.log.e.t.a(UrlWrapper.java:204)

03-08 10:52:56.463 18065 18135 W System.err: 	at com.alibaba.mtl.log.e.t.a(UrlWrapper.java:58)

03-08 10:52:56.463 18065 18135 W System.err: 	at com.alibaba.mtl.log.d.b.M(UploadTask.java:136)

03-08 10:52:56.463 18065 18135 W System.err: 	at com.alibaba.mtl.log.d.b.run(UploadTask.java:52)

03-08 10:52:56.463 18065 18135 W System.err: 	at java.util.concurrent.Executors$RunnableAdapter.call(Executors.java:423)

03-08 10:52:56.463 18065 18135 W System.err: 	at java.util.concurrent.FutureTask.run(FutureTask.java:237)

03-08 10:52:56.463 18065 18135 W System.err: 	at java.util.concurrent.ThreadPoolExecutor.runWorker(ThreadPoolExecutor.java:1113)

03-08 10:52:56.463 18065 18135 W System.err: 	at java.util.concurrent.ThreadPoolExecutor$Worker.run(ThreadPoolExecutor.java:588)

03-08 10:52:56.463 18065 18135 W System.err: 	at java.lang.Thread.run(Thread.java:818)

03-08 10:52:56.463 18065 18135 W System.err: Caused by: com.alibaba.wireless.security.open.SecException: 

03-08 10:52:56.463 18065 18135 W System.err: 	at com.taobao.wireless.security.adapter.JNICLibrary.doCommandNative(Native Method)

03-08 10:52:56.463 18065 18135 W System.err: 	at com.alibaba.wireless.security.mainplugin.a.doCommandNative(Unknown Source)

03-08 10:52:56.463 18065 18135 W System.err: 	at com.taobao.wireless.security.adapter.b.b.b(Unknown Source)

03-08 10:52:56.463 18065 18135 W System.err: 	at com.taobao.wireless.security.adapter.b.b.a(Unknown Source)

03-08 10:52:56.463 18065 18135 W System.err: 	at com.taobao.wireless.security.adapter.b.b.a(Unknown Source)

03-08 10:52:56.463 18065 18135 W System.err: 	at com.alibaba.wireless.security.a.h.a.signRequest(Unknown Source)

03-08 10:52:56.463 18065 18135 W System.err: 	... 11 more

03-08 10:52:56.539 18065 18135 D UTAnalytics:UploadTask: pid:18065 url:http://adashbc.m.taobao.com/rest/sur?ak=23256401&av=2.3.0.200&c=null&v=3.0&s=&d=WJfwe%2BsntC4DAAdSBLpxQDCW&sv=2.5.1_for_bc&p=a&t=1488941576208&u=&is=1&k=0,

03-08 10:52:56.539 18065 18135 D UTAnalytics:UploadTask: pid:18065 result:{"t":1488941576415,"ret":"","success":"success"}

03-08 10:52:56.539 18065 18135 D UTAnalytics:UploadTask: ,

03-08 10:52:56.539 18065 18135 D UTAnalytics:UploadTask: pid:18065 winsize:128,

03-08 10:52:56.539 18065 18135 D UTAnalytics:LogStoreMgr: pid:18065 [Log [id=1328, eventId=2001, index=]],

03-08 10:52:56.572 18065 18135 D UTAnalytics:UTSqliteLogStore: pid:18065 delete ,1, isSuccess:true,

03-08 10:52:56.572 18065 18135 D UTAnalytics:CoreStatics: pid:18065 [uploadInc]:4,count:1,

03-08 10:52:56.572 18065 18135 D UTAnalytics:CoreStatics: pid:18065 [uploadInc]:5,

03-08 10:52:56.572 18065 18135 D UTAnalytics:UploadTask: pid:18065 logs.size():1, selfMonitorLogCount:0,

03-08 10:52:56.572 18065 18135 D UTAnalytics:UploadTask: pid:18065 upload isSendSuccess:true, consume:349, delete consume:32,

03-08 10:52:56.575 18065 18065 I Timeline: Timeline: Activity_launch_request time:84469512

03-08 10:52:56.579  1923  1987 I ActivityManager: START u0 {cmp=com.orvibo.homemate/.roomfloor.room.AddOrModifyRoomActivity (has extras)} from uid 10133 on display 0

03-08 10:52:56.583  4188  4327 D WtProcessController: onAMCreateActivity callback

03-08 10:52:56.585  4188  4327 D WtProcessController: onAMPauseActivity callback

03-08 10:52:56.597 18065 18065 D UTAnalytics:UTDC: pid:18065 [commit] page:RoomManager,eventId:2001,arg1:Main,arg2:arg3:1344,args:{SDKTYPE=mini},

03-08 10:52:56.601 18065 18065 D UTAnalytics:UTLog: pid:18065 Log [id=0, eventId=2001, index=],867451020054497||WL4Uxp3/0mBYvRluo5uk/g==||Xiaomi||MI NOTE LTE||1920*1080||Unknown||Wi-Fi||Unknown||null||23256401||2.3.0.200||-||-||-||-||zh||a||6.0.1||2.5.1_for_bc||1488941567492||WJfwe+sntC4DAAdSBLpxQDCW||mini||-||-||-||-||_ap=1_mac=02:00:00:00:00:00||1488941576597||RoomManager||2001||Main||-||1344||-,

03-08 10:52:56.601 18065 18065 D UTAnalytics:LogStoreMgr: pid:18065 [add] :,

03-08 10:52:56.602 18065 18065 D HomeMate: comm[ main: BaseActivity.java:198 onPause() ] - RoomManagerActivity

03-08 10:52:56.605  4188  4327 D WtProcessController: onAMRestartActivity callback

03-08 10:52:56.606  1923  3723 I Timeline: Timeline: App_transition_ready time:84469543

03-08 10:52:56.615 18065 18065 D HomeMate: comm[ main: BaseActivity.java:128 onCreate() ] - onCreate:AddOrModifyRoomActivity

03-08 10:52:56.615 18065 18065 D HomeMate: allen[ main: ActivityManager.java:43 pushActivity() ] - pushActivity:com.orvibo.homemate.roomfloor.room.AddOrModifyRoomActivity@a7b7126

03-08 10:52:56.636 18065 18065 D HomeMate: comm[ main: AddOrModifyRoomActivity.java:238 initData() ] - room:null,mEditType:10,mSequence:5,cameraImageUrl:null

03-08 10:52:56.658  4188  4327 W WtProcessController: do not trim { PackageName :com.orvibo.homemate Pid: 18065 Uid: 10133 Start by: activity Score:50 Old score:50 state:0 mBackgroundTimeInMillis:1488941575130 WakelockCount:0 wakelogsize:0  ActivityDestroied:false Activity size: 3 PackageInfo:{WhetstonePackageInfo#PacakgeName:com.orvibo.homemate uid:10133 uiMemoryThresold:0 nonUiMemoryThresold:0 Flag:5184,0x1440 [,TRIMHEAPS,SOFT_RESET,FLAG_DEAL_SCHEDULE] Type:0[] } tasknum:6826}

03-08 10:52:56.662   372   460 I ThermalEngine: Sensor:tsens_tz_sensor5:55000 mC

03-08 10:52:56.662   372   509 I ThermalEngine: Sensor:tsens_tz_sensor5:55000 mC

03-08 10:52:56.662   372   509 I ThermalEngine: TM Id 'CPU0_MONITOR' Sensor 'cpu0' - alarm raised 1 at 55.0 degC

03-08 10:52:56.663   372   509 I ThermalEngine: ACTION: CPU - Setting CPU[0] to 1728000

03-08 10:52:56.663 26902 18026 W System.err: java.net.SocketTimeoutException: failed to connect to loc.map.baidu.com/14.215.177.33 (port 443) after 12000ms

03-08 10:52:56.663 26902 18026 W System.err: 	at libcore.io.IoBridge.connectErrno(IoBridge.java:169)

03-08 10:52:56.663 26902 18026 W System.err: 	at libcore.io.IoBridge.connect(IoBridge.java:122)

03-08 10:52:56.663 26902 18026 W System.err: 	at java.net.PlainSocketImpl.connect(PlainSocketImpl.java:183)

03-08 10:52:56.663 26902 18026 W System.err: 	at java.net.PlainSocketImpl.connect(PlainSocketImpl.java:452)

03-08 10:52:56.663 26902 18026 W System.err: 	at java.net.Socket.connect(Socket.java:884)

03-08 10:52:56.663 26902 18026 W System.err: 	at com.android.okhttp.internal.Platform.connectSocket(Platform.java:117)

03-08 10:52:56.663 26902 18026 W System.err: 	at com.android.okhttp.internal.http.SocketConnector.connectRawSocket(SocketConnector.java:160)

03-08 10:52:56.663 26902 18026 W System.err: 	at com.android.okhttp.internal.http.SocketConnector.connectTls(SocketConnector.java:79)

03-08 10:52:56.663 26902 18026 W System.err: 	at com.android.okhttp.Connection.connect(Connection.java:143)

03-08 10:52:56.663 26902 18026 W System.err: 	at com.android.okhttp.Connection.connectAndSetOwner(Connection.java:185)

03-08 10:52:56.663 26902 18026 W System.err: 	at com.android.okhttp.OkHttpClient$1.connectAndSetOwner(OkHttpClient.java:128)

03-08 10:52:56.663 26902 18026 W System.err: 	at com.android.okhttp.internal.http.HttpEngine.nextConnection(HttpEngine.java:342)

03-08 10:52:56.663   372   509 I ThermalEngine: Mitigation:CPU[0]:1728000 Khz

03-08 10:52:56.663 26902 18026 W System.err: 	at com.android.okhttp.internal.http.HttpEngine.connect(HttpEngine.java:331)

03-08 10:52:56.663   372   509 I ThermalEngine: ACTION: CPU - Setting CPU[1] to 1728000

03-08 10:52:56.663 26902 18026 W System.err: 	at com.android.okhttp.internal.http.HttpEngine.sendRequest(HttpEngine.java:249)

03-08 10:52:56.663 26902 18026 W System.err: 	at com.android.okhttp.internal.huc.HttpURLConnectionImpl.execute(HttpURLConnectionImpl.java:437)

03-08 10:52:56.663 26902 18026 W System.err: 	at com.android.okhttp.internal.huc.HttpURLConnectionImpl.connect(HttpURLConnectionImpl.java:114)

03-08 10:52:56.663   372   509 E ThermalEngine: Failed to set desired CPU[1] frequency limit to 1728000

03-08 10:52:56.663 26902 18026 W System.err: 	at com.android.okhttp.internal.huc.DelegatingHttpsURLConnection.connect(DelegatingHttpsURLConnection.java:89)

03-08 10:52:56.663   372   509 I ThermalEngine: ACTION: CPU - Setting CPU[2] to 1728000

03-08 10:52:56.663 26902 18026 W System.err: 	at com.android.okhttp.internal.huc.HttpsURLConnectionImpl.connect(HttpsURLConnectionImpl.java:25)

03-08 10:52:56.663 26902 18026 W System.err: 	at com.baidu.location.h.e$4.run(Unknown Source)

03-08 10:52:56.664 26902 18026 I baidu_location_service: https NetworkCommunicationException!

03-08 10:52:56.664   372   509 E ThermalEngine: Failed to set desired CPU[2] frequency limit to 1728000

03-08 10:52:56.664   372   509 I ThermalEngine: ACTION: CPU - Setting CPU[3] to 1728000

03-08 10:52:56.664   372   509 I ThermalEngine: Mitigation:CPU[3]:1728000 Khz

03-08 10:52:56.702  4099  5103 I XiaomiFirewall: firewall pkgName:com.baidu.BaiduMap, result:0x0

03-08 10:52:56.718 18065 18065 D HomeMate: comm[ main: BaseActivity.java:155 onResume() ] - AddOrModifyRoomActivity

03-08 10:52:56.707  4325  4325 W Binder_C: type=1400 audit(0.0:947092): avc: denied { ioctl } for path="socket:[3077210]" dev="sockfs" ino=3077210 ioctlcmd=7704 scontext=u:r:system_server:s0 tcontext=u:r:system_server:s0 tclass=unix_stream_socket permissive=0

03-08 10:52:56.707  4325  4325 W Binder_C: type=1400 audit(0.0:947093): avc: denied { ioctl } for path="socket:[3077210]" dev="sockfs" ino=3077210 ioctlcmd=7704 scontext=u:r:system_server:s0 tcontext=u:r:system_server:s0 tclass=unix_stream_socket permissive=0

03-08 10:52:56.722 18065 18065 D ActivityThreadInjector: clearCachedDrawables.

03-08 10:52:56.737 26902 26918 W Settings: Setting airplane_mode_on has moved from android.provider.Settings.System to android.provider.Settings.Global, returning read-only value.

03-08 10:52:56.747  1923  4106 I Timeline: Timeline: App_transition_ready time:84469684

03-08 10:52:56.749  1923  4106 I Timeline: Timeline: App_transition_ready time:84469686

03-08 10:52:56.776  1923  2113 I Timeline: Timeline: App_transition_ready time:84469713

03-08 10:52:56.767  4106  4106 W Binder_7: type=1400 audit(0.0:947094): avc: denied { ioctl } for path="socket:[3074352]" dev="sockfs" ino=3074352 ioctlcmd=7704 scontext=u:r:system_server:s0 tcontext=u:r:system_server:s0 tclass=unix_stream_socket permissive=0

03-08 10:52:56.782  1923  2113 I ActivityManager: Displayed com.orvibo.homemate/.roomfloor.room.AddOrModifyRoomActivity: +179ms

03-08 10:52:56.783 14596 14596 I AppiumUnicodeIME: onFinishInput

03-08 10:52:56.783 14596 14596 I AppiumUnicodeIME: onStartInput

03-08 10:52:56.767  4106  4106 W Binder_7: type=1400 audit(0.0:947095): avc: denied { ioctl } for path="socket:[3074352]" dev="sockfs" ino=3074352 ioctlcmd=7704 scontext=u:r:system_server:s0 tcontext=u:r:system_server:s0 tclass=unix_stream_socket permissive=0

03-08 10:52:56.784  3887  3887 V PhoneStatusBarPolicy: updateManagedProfile mManagedProfileFocused: false mKeyguardVisible: false mCurrentUserId:0 mCurrentProfileId:0 mSecondSpaceStatusIconVisible: true showIcon:false

03-08 10:52:57.050  1923  2113 I Timeline: Timeline: Activity_windows_visible id: ActivityRecord{1f4ffa8 u0 com.orvibo.homemate/.roomfloor.room.AddOrModifyRoomActivity t6826} time:84469987

03-08 10:52:57.051  1923  2113 I Timeline: Timeline: App_transition_stopped time:84469988

03-08 10:52:57.056 18065 18065 D HomeMate: comm[ main: BaseActivity.java:214 onStop() ] - RoomManagerActivity

03-08 10:52:57.083   372   476 I ThermalEngine: Sensor:batt_temp:319 mC

03-08 10:52:57.111   372   460 I ThermalEngine: Sensor:tsens_tz_sensor5:49000 mC

03-08 10:52:57.112   372   509 I ThermalEngine: Sensor:tsens_tz_sensor5:49000 mC

03-08 10:52:57.112   372   509 I ThermalEngine: TM Id 'CPU0_MONITOR' Sensor 'cpu0' - alarm cleared 1 at 49.0 degC

03-08 10:52:57.113   372   509 I ThermalEngine: ACTION: CPU - Setting CPU[0] to 2457600

03-08 10:52:57.113   372   509 I ThermalEngine: Mitigation:CPU[0]:2457600 Khz

03-08 10:52:57.113   372   509 I ThermalEngine: ACTION: CPU - Setting CPU[1] to 2457600

03-08 10:52:57.113   372   509 E ThermalEngine: Failed to set desired CPU[1] frequency limit to 2457600

03-08 10:52:57.113   372   509 I ThermalEngine: ACTION: CPU - Setting CPU[2] to 2457600

03-08 10:52:57.113   372   509 E ThermalEngine: Failed to set desired CPU[2] frequency limit to 2457600

03-08 10:52:57.113   372   509 I ThermalEngine: ACTION: CPU - Setting CPU[3] to 2457600

03-08 10:52:57.113   372   509 I ThermalEngine: Mitigation:CPU[3]:2457600 Khz

03-08 10:52:57.680  1923  1923 E JavaBinder: !!! FAILED BINDER TRANSACTION !!!  (parcel size = 104)

03-08 10:52:57.792  4269  4269 D wpa_supplicant: wlan0: Control interface command 'SIGNAL_POLL'

03-08 10:52:57.808  4269  4269 D wpa_supplicant: CTRL-DEBUG: global_ctrl_sock-sendto: sock=11 sndbuf=163840 outq=0 send_len=48

03-08 10:52:57.849 17995 17995 I QueryController: Matched selector: UiSelector[INSTANCE=0, RESOURCE_ID=com.orvibo.homemate:id/room_name_et] <<==>> [android.view.accessibility.AccessibilityNodeInfo@80041300; boundsInParent: Rect(0, 0 - 816, 132); boundsInScreen: Rect(264, 189 - 1080, 321); packageName: com.orvibo.homemate; className: android.widget.EditText; text: ËØ∑ËæìÂÖ•ÊàøÈó¥ÂêçÁß?; error: null; maxTextLength: 32; contentDescription: null; viewIdResName: com.orvibo.homemate:id/room_name_et; checkable: false; checked: false; focusable: true; focused: true; selected: false; clickable: true; longClickable: true; contextClickable: false; enabled: true; password: false; scrollable: false; actions: [AccessibilityAction: ACTION_CLEAR_FOCUS - null, AccessibilityAction: ACTION_SELECT - null, AccessibilityAction: ACTION_CLEAR_SELECTION - null, AccessibilityAction: ACTION_CLICK - null, AccessibilityAction: ACTION_LONG_CLICK - null, AccessibilityAction: ACTION_ACCESSIBILITY_FOCUS - null, AccessibilityAction: ACTION_PASTE - null, AccessibilityAction: ACTION_UNKNOWN - null]]

03-08 10:52:57.879 17995 17995 I QueryController: Matched selector: UiSelector[INSTANCE=0, RESOURCE_ID=com.orvibo.homemate:id/room_name_et] <<==>> [android.view.accessibility.AccessibilityNodeInfo@80041300; boundsInParent: Rect(0, 0 - 816, 132); boundsInScreen: Rect(264, 189 - 1080, 321); packageName: com.orvibo.homemate; className: android.widget.EditText; text: ËØ∑ËæìÂÖ•ÊàøÈó¥ÂêçÁß?; error: null; maxTextLength: 32; contentDescription: null; viewIdResName: com.orvibo.homemate:id/room_name_et; checkable: false; checked: false; focusable: true; focused: true; selected: false; clickable: true; longClickable: true; contextClickable: false; enabled: true; password: false; scrollable: false; actions: [AccessibilityAction: ACTION_CLEAR_FOCUS - null, AccessibilityAction: ACTION_SELECT - null, AccessibilityAction: ACTION_CLEAR_SELECTION - null, AccessibilityAction: ACTION_CLICK - null, AccessibilityAction: ACTION_LONG_CLICK - null, AccessibilityAction: ACTION_ACCESSIBILITY_FOCUS - null, AccessibilityAction: ACTION_PASTE - null, AccessibilityAction: ACTION_UNKNOWN - null]]

03-08 10:52:57.879 17995 17995 D UiObject: getText() = ËØ∑ËæìÂÖ•ÊàøÈó¥ÂêçÁß?

03-08 10:52:57.895 17995 17995 I QueryController: Matched selector: UiSelector[INSTANCE=0, RESOURCE_ID=com.orvibo.homemate:id/room_name_et] <<==>> [android.view.accessibility.AccessibilityNodeInfo@80041300; boundsInParent: Rect(0, 0 - 816, 132); boundsInScreen: Rect(264, 189 - 1080, 321); packageName: com.orvibo.homemate; className: android.widget.EditText; text: ËØ∑ËæìÂÖ•ÊàøÈó¥ÂêçÁß?; error: null; maxTextLength: 32; contentDescription: null; viewIdResName: com.orvibo.homemate:id/room_name_et; checkable: false; checked: false; focusable: true; focused: true; selected: false; clickable: true; longClickable: true; contextClickable: false; enabled: true; password: false; scrollable: false; actions: [AccessibilityAction: ACTION_CLEAR_FOCUS - null, AccessibilityAction: ACTION_SELECT - null, AccessibilityAction: ACTION_CLEAR_SELECTION - null, AccessibilityAction: ACTION_CLICK - null, AccessibilityAction: ACTION_LONG_CLICK - null, AccessibilityAction: ACTION_ACCESSIBILITY_FOCUS - null, AccessibilityAction: ACTION_PASTE - null, AccessibilityAction: ACTION_UNKNOWN - null]]

03-08 10:52:58.084   372   476 I ThermalEngine: Sensor:batt_temp:319 mC

03-08 10:52:58.499 18065 18065 W Settings: Setting device_provisioned has moved from android.provider.Settings.Secure to android.provider.Settings.Global.

03-08 10:52:58.497  4377  4377 W Binder_E: type=1400 audit(0.0:947096): avc: denied { ioctl } for path="socket:[3078223]" dev="sockfs" ino=3078223 ioctlcmd=7704 scontext=u:r:system_server:s0 tcontext=u:r:system_server:s0 tclass=unix_stream_socket permissive=0

03-08 10:52:58.497  4377  4377 W Binder_E: type=1400 audit(0.0:947097): avc: denied { ioctl } for path="socket:[3078223]" dev="sockfs" ino=3078223 ioctlcmd=7704 scontext=u:r:system_server:s0 tcontext=u:r:system_server:s0 tclass=unix_stream_socket permissive=0

03-08 10:52:58.797  1980  1980 W Binder_1: type=1400 audit(0.0:947098): avc: denied { ioctl } for path="socket:[3076923]" dev="sockfs" ino=3076923 ioctlcmd=7704 scontext=u:r:system_server:s0 tcontext=u:r:system_server:s0 tclass=unix_stream_socket permissive=0

03-08 10:52:58.797  1980  1980 W Binder_1: type=1400 audit(0.0:947099): avc: denied { ioctl } for path="socket:[3076923]" dev="sockfs" ino=3076923 ioctlcmd=7704 scontext=u:r:system_server:s0 tcontext=u:r:system_server:s0 tclass=unix_stream_socket permissive=0

03-08 10:52:59.005  6869  6988 W Settings: Setting airplane_mode_on has moved from android.provider.Settings.System to android.provider.Settings.Global, returning read-only value.

03-08 10:52:59.007  6869  6988 W beacon  : onUserAction return false, because eventName:[MixedMsgReceived] is not allowed in server strategy!

03-08 10:52:59.009  6869  6988 W Settings: Setting airplane_mode_on has moved from android.provider.Settings.System to android.provider.Settings.Global, returning read-only value.

03-08 10:52:59.011  6869  6988 W beacon  : onUserAction return false, because eventName:[actDnsReq] is not allowed in server strategy!

03-08 10:52:59.014  6869  6988 W Settings: Setting airplane_mode_on has moved from android.provider.Settings.System to android.provider.Settings.Global, returning read-only value.

03-08 10:52:59.015  6869  6988 W beacon  : onUserAction return false, because eventName:[actGroupPicSmallDownV1] is not allowed in server strategy!

03-08 10:52:59.085   372   476 I ThermalEngine: Sensor:batt_temp:319 mC

03-08 10:52:59.797 29006 29006 W AppWatcher: type=1400 audit(0.0:947100): avc: denied { getattr } for path="/proc/opalum-temp-calib" dev="proc" ino=4026534634 scontext=u:r:untrusted_app:s0:c512,c768 tcontext=u:object_r:proc_opalum:s0 tclass=file permissive=0

03-08 10:52:59.797 29006 29006 W AppWatcher: type=1400 audit(0.0:947101): avc: denied { getattr } for path="/proc/opalum-f0-calib" dev="proc" ino=4026534633 scontext=u:r:untrusted_app:s0:c512,c768 tcontext=u:object_r:proc_opalum:s0 tclass=file permissive=0

03-08 10:52:59.797 29006 29006 W AppWatcher: type=1400 audit(0.0:947102): avc: denied { getattr } for path="/proc/sysrq-trigger" dev="proc" ino=4026533735 scontext=u:r:untrusted_app:s0:c512,c768 tcontext=u:object_r:proc_sysrq:s0 tclass=file permissive=0

03-08 10:52:59.817 29006 29006 W AppWatcher: type=1400 audit(0.0:947103): avc: denied { getattr } for path="/proc/1" dev="proc" ino=907269 scontext=u:r:untrusted_app:s0:c512,c768 tcontext=u:r:init:s0 tclass=dir permissive=0

03-08 10:52:59.817 29006 29006 W AppWatcher: type=1400 audit(0.0:947104): avc: denied { getattr } for path="/proc/2" dev="proc" ino=907270 scontext=u:r:untrusted_app:s0:c512,c768 tcontext=u:r:kernel:s0 tclass=dir permissive=0

03-08 10:52:59.817 29006 29006 W AppWatcher: type=1400 audit(0.0:947105): avc: denied { getattr } for path="/proc/3" dev="proc" ino=907271 scontext=u:r:untrusted_app:s0:c512,c768 tcontext=u:r:kernel:s0 tclass=dir permissive=0

03-08 10:52:59.817 29006 29006 W AppWatcher: type=1400 audit(0.0:947106): avc: denied { getattr } for path="/proc/6" dev="proc" ino=907272 scontext=u:r:untrusted_app:s0:c512,c768 tcontext=u:r:kernel:s0 tclass=dir permissive=0

03-08 10:52:59.827 29006 29006 W AppWatcher: type=1400 audit(0.0:947107): avc: denied { getattr } for path="/proc/7" dev="proc" ino=907273 scontext=u:r:untrusted_app:s0:c512,c768 tcontext=u:r:kernel:s0 tclass=dir permissive=0

03-08 10:52:59.827 29006 29006 W AppWatcher: type=1400 audit(0.0:947108): avc: denied { getattr } for path="/proc/8" dev="proc" ino=907274 scontext=u:r:untrusted_app:s0:c512,c768 tcontext=u:r:kernel:s0 tclass=dir permissive=0

03-08 10:52:59.827 29006 29006 W AppWatcher: type=1400 audit(0.0:947109): avc: denied { getattr } for path="/proc/21" dev="proc" ino=907275 scontext=u:r:untrusted_app:s0:c512,c768 tcontext=u:r:kernel:s0 tclass=dir permissive=0

03-08 10:52:59.827 29006 29006 W AppWatcher: type=1400 audit(0.0:947110): avc: denied { getattr } for path="/proc/22" dev="proc" ino=907276 scontext=u:r:untrusted_app:s0:c512,c768 tcontext=u:r:kernel:s0 tclass=dir permissive=0

03-08 10:52:59.827 29006 29006 W AppWatcher: type=1400 audit(0.0:947111): avc: denied { getattr } for path="/proc/28" dev="proc" ino=907278 scontext=u:r:untrusted_app:s0:c512,c768 tcontext=u:r:kernel:s0 tclass=dir permissive=0

03-08 10:52:59.827 29006 29006 W AppWatcher: type=1400 audit(0.0:947112): avc: denied { getattr } for path="/proc/29" dev="proc" ino=907279 scontext=u:r:untrusted_app:s0:c512,c768 tcontext=u:r:kernel:s0 tclass=dir permissive=0

03-08 10:52:59.827 29006 29006 W AppWatcher: type=1400 audit(0.0:947113): avc: denied { getattr } for path="/proc/30" dev="proc" ino=907280 scontext=u:r:untrusted_app:s0:c512,c768 tcontext=u:r:kernel:s0 tclass=dir permissive=0

03-08 10:52:59.827 29006 29006 W AppWatcher: type=1400 audit(0.0:947114): avc: denied { getattr } for path="/proc/32" dev="proc" ino=907281 scontext=u:r:untrusted_app:s0:c512,c768 tcontext=u:r:kernel:s0 tclass=dir permissive=0

03-08 10:52:59.827 29006 29006 W AppWatcher: type=1400 audit(0.0:947115): avc: denied { getattr } for path="/proc/33" dev="proc" ino=907282 scontext=u:r:untrusted_app:s0:c512,c768 tcontext=u:r:kernel:s0 tclass=dir permissive=0

03-08 10:52:59.827 29006 29006 W AppWatcher: type=1400 audit(0.0:947116): avc: denied { getattr } for path="/proc/34" dev="proc" ino=907283 scontext=u:r:untrusted_app:s0:c512,c768 tcontext=u:r:kernel:s0 tclass=dir permissive=0

03-08 10:52:59.827 29006 29006 W AppWatcher: type=1400 audit(0.0:947117): avc: denied { getattr } for path="/proc/61" dev="proc" ino=907284 scontext=u:r:untrusted_app:s0:c512,c768 tcontext=u:r:kernel:s0 tclass=dir permissive=0

03-08 10:52:59.827 29006 29006 W AppWatcher: type=1400 audit(0.0:947118): avc: denied { getattr } for path="/proc/62" dev="proc" ino=907285 scontext=u:r:untrusted_app:s0:c512,c768 tcontext=u:r:kernel:s0 tclass=dir permissive=0

03-08 10:52:59.837 29006 29006 W AppWatcher: type=1400 audit(0.0:947119): avc: denied { getattr } for path="/proc/63" dev="proc" ino=907286 scontext=u:r:untrusted_app:s0:c512,c768 tcontext=u:r:kernel:s0 tclass=dir permissive=0

03-08 10:52:59.837 29006 29006 W AppWatcher: type=1400 audit(0.0:947120): avc: denied { getattr } for path="/proc/64" dev="proc" ino=907287 scontext=u:r:untrusted_app:s0:c512,c768 tcontext=u:r:kernel:s0 tclass=dir permissive=0

03-08 10:52:59.837 29006 29006 W AppWatcher: type=1400 audit(0.0:947121): avc: denied { getattr } for path="/proc/65" dev="proc" ino=907288 scontext=u:r:untrusted_app:s0:c512,c768 tcontext=u:r:kernel:s0 tclass=dir permissive=0

03-08 10:52:59.837 29006 29006 W AppWatcher: type=1400 audit(0.0:947122): avc: denied { getattr } for path="/proc/66" dev="proc" ino=907289 scontext=u:r:untrusted_app:s0:c512,c768 tcontext=u:r:kernel:s0 tclass=dir permissive=0

03-08 10:52:59.837 29006 29006 W AppWatcher: type=1400 audit(0.0:947123): avc: denied { getattr } for path="/proc/67" dev="proc" ino=907290 scontext=u:r:untrusted_app:s0:c512,c768 tcontext=u:r:kernel:s0 tclass=dir permissive=0

03-08 10:52:59.837 29006 29006 W AppWatcher: type=1400 audit(0.0:947124): avc: denied { getattr } for path="/proc/68" dev="proc" ino=907291 scontext=u:r:untrusted_app:s0:c512,c768 tcontext=u:r:kernel:s0 tclass=dir permissive=0

03-08 10:52:59.837 29006 29006 W AppWatcher: type=1400 audit(0.0:947125): avc: denied { getattr } for path="/proc/69" dev="proc" ino=907292 scontext=u:r:untrusted_app:s0:c512,c768 tcontext=u:r:kernel:s0 tclass=dir permissive=0

03-08 10:52:59.837 29006 29006 W AppWatcher: type=1400 audit(0.0:947126): avc: denied { getattr } for path="/proc/70" dev="proc" ino=907293 scontext=u:r:untrusted_app:s0:c512,c768 tcontext=u:r:kernel:s0 tclass=dir permissive=0

03-08 10:52:59.837 29006 29006 W AppWatcher: type=1400 audit(0.0:947127): avc: denied { getattr } for path="/proc/71" dev="proc" ino=907294 scontext=u:r:untrusted_app:s0:c512,c768 tcontext=u:r:kernel:s0 tclass=dir permissive=0

03-08 10:53:00.086   372   476 I ThermalEngine: Sensor:batt_temp:319 mC

03-08 10:53:00.178 18065 18132 D UTAnalytics:LogStoreMgr: pid:18065 [store],

03-08 10:53:00.189  1923  1980 D BaseMiuiPhoneWindowManager: keyCode:67 down:true 84473124 84473124 policyFlags=2b000000 deviceId:-1 isScreenOn:true

03-08 10:53:00.189  1923  1980 D WindowManager: keyguardActive=false

03-08 10:53:00.197 14596 14596 I AppiumUnicodeIME: onKeyDown (keyCode='67', event.keyCode='67', metaState='0')

03-08 10:53:00.205 18065 18132 D UTAnalytics:UTSqliteLogStore: pid:18065 [insert] ,, isSuccess:true,ret,1329,

03-08 10:53:00.217  1923  4377 D BaseMiuiPhoneWindowManager: keyCode:67 down:false 84473124 84473124 policyFlags=2b000000 deviceId:-1 isScreenOn:true

03-08 10:53:00.217  1923  4377 D WindowManager: keyguardActive=false

03-08 10:53:00.218 14596 14596 I AppiumUnicodeIME: onKeyUp (keyCode='67', event.keyCode='67', metaState='0')

03-08 10:53:00.534 17995 17995 I QueryController: Matched selector: UiSelector[INSTANCE=0, RESOURCE_ID=com.orvibo.homemate:id/room_name_et] <<==>> [android.view.accessibility.AccessibilityNodeInfo@80041300; boundsInParent: Rect(0, 0 - 816, 132); boundsInScreen: Rect(264, 189 - 1080, 321); packageName: com.orvibo.homemate; className: android.widget.EditText; text: ËØ∑ËæìÂÖ•ÊàøÈó¥ÂêçÁß?; error: null; maxTextLength: 32; contentDescription: null; viewIdResName: com.orvibo.homemate:id/room_name_et; checkable: false; checked: false; focusable: true; focused: true; selected: false; clickable: true; longClickable: true; contextClickable: false; enabled: true; password: false; scrollable: false; actions: [AccessibilityAction: ACTION_CLEAR_FOCUS - null, AccessibilityAction: ACTION_SELECT - null, AccessibilityAction: ACTION_CLEAR_SELECTION - null, AccessibilityAction: ACTION_CLICK - null, AccessibilityAction: ACTION_LONG_CLICK - null, AccessibilityAction: ACTION_ACCESSIBILITY_FOCUS - null, AccessibilityAction: ACTION_PASTE - null, AccessibilityAction: ACTION_UNKNOWN - null]]

03-08 10:53:00.538 17995 17995 D UiObject: getText() = ËØ∑ËæìÂÖ•ÊàøÈó¥ÂêçÁß?

