03-17 16:56:05.882 17661 17661 W AppWatcher: type=1400 audit(0.0:3080350): avc: denied { getattr } for path="/proc/3" dev="proc" ino=2557284 scontext=u:r:untrusted_app:s0:c512,c768 tcontext=u:r:kernel:s0 tclass=dir permissive=0

03-17 16:56:05.882 17661 17661 W AppWatcher: type=1400 audit(0.0:3080351): avc: denied { getattr } for path="/proc/6" dev="proc" ino=2557286 scontext=u:r:untrusted_app:s0:c512,c768 tcontext=u:r:kernel:s0 tclass=dir permissive=0

03-17 16:56:05.892 17661 17661 W AppWatcher: type=1400 audit(0.0:3080352): avc: denied { getattr } for path="/proc/7" dev="proc" ino=2557287 scontext=u:r:untrusted_app:s0:c512,c768 tcontext=u:r:kernel:s0 tclass=dir permissive=0

03-17 16:56:05.902 17661 17661 W AppWatcher: type=1400 audit(0.0:3080353): avc: denied { getattr } for path="/proc/8" dev="proc" ino=2557288 scontext=u:r:untrusted_app:s0:c512,c768 tcontext=u:r:kernel:s0 tclass=dir permissive=0

03-17 16:56:05.902 17661 17661 W AppWatcher: type=1400 audit(0.0:3080354): avc: denied { getattr } for path="/proc/21" dev="proc" ino=2557289 scontext=u:r:untrusted_app:s0:c512,c768 tcontext=u:r:kernel:s0 tclass=dir permissive=0

03-17 16:56:05.960   370   482 I ThermalEngine: Sensor:batt_temp:374 mC

03-17 16:56:05.972 17661 17661 W AppWatcher: type=1400 audit(0.0:3080355): avc: denied { getattr } for path="/proc/22" dev="proc" ino=2557290 scontext=u:r:untrusted_app:s0:c512,c768 tcontext=u:r:kernel:s0 tclass=dir permissive=0

03-17 16:56:05.972 17661 17661 W AppWatcher: type=1400 audit(0.0:3080356): avc: denied { getattr } for path="/proc/28" dev="proc" ino=2557291 scontext=u:r:untrusted_app:s0:c512,c768 tcontext=u:r:kernel:s0 tclass=dir permissive=0

03-17 16:56:05.972 17661 17661 W AppWatcher: type=1400 audit(0.0:3080357): avc: denied { getattr } for path="/proc/29" dev="proc" ino=2557292 scontext=u:r:untrusted_app:s0:c512,c768 tcontext=u:r:kernel:s0 tclass=dir permissive=0

03-17 16:56:05.972 17661 17661 W AppWatcher: type=1400 audit(0.0:3080358): avc: denied { getattr } for path="/proc/30" dev="proc" ino=2557293 scontext=u:r:untrusted_app:s0:c512,c768 tcontext=u:r:kernel:s0 tclass=dir permissive=0

03-17 16:56:05.982 17661 17661 W AppWatcher: type=1400 audit(0.0:3080359): avc: denied { getattr } for path="/proc/32" dev="proc" ino=2557294 scontext=u:r:untrusted_app:s0:c512,c768 tcontext=u:r:kernel:s0 tclass=dir permissive=0

03-17 16:56:05.982 17661 17661 W AppWatcher: type=1400 audit(0.0:3080360): avc: denied { getattr } for path="/proc/33" dev="proc" ino=2557295 scontext=u:r:untrusted_app:s0:c512,c768 tcontext=u:r:kernel:s0 tclass=dir permissive=0

03-17 16:56:05.982 17661 17661 W AppWatcher: type=1400 audit(0.0:3080361): avc: denied { getattr } for path="/proc/34" dev="proc" ino=2557296 scontext=u:r:untrusted_app:s0:c512,c768 tcontext=u:r:kernel:s0 tclass=dir permissive=0

03-17 16:56:05.992 17661 17661 W AppWatcher: type=1400 audit(0.0:3080362): avc: denied { getattr } for path="/proc/61" dev="proc" ino=2557297 scontext=u:r:untrusted_app:s0:c512,c768 tcontext=u:r:kernel:s0 tclass=dir permissive=0

03-17 16:56:05.992 17661 17661 W AppWatcher: type=1400 audit(0.0:3080363): avc: denied { getattr } for path="/proc/62" dev="proc" ino=2557298 scontext=u:r:untrusted_app:s0:c512,c768 tcontext=u:r:kernel:s0 tclass=dir permissive=0

03-17 16:56:05.992 17661 17661 W AppWatcher: type=1400 audit(0.0:3080364): avc: denied { getattr } for path="/proc/63" dev="proc" ino=2557299 scontext=u:r:untrusted_app:s0:c512,c768 tcontext=u:r:kernel:s0 tclass=dir permissive=0

03-17 16:56:06.692 22823 22823 D wpa_supplicant: wlan0: Control interface command 'SIGNAL_POLL'

03-17 16:56:06.708 22823 22823 D wpa_supplicant: CTRL-DEBUG: global_ctrl_sock-sendto: sock=11 sndbuf=163840 outq=0 send_len=48

03-17 16:56:06.753  5869  5938 I octvm_klo: read wakeups from wakealarm_fd:1

03-17 16:56:06.753  5869  5938 I octvm_klo: new timerfd interval:

03-17 16:56:06.753  5869  5938 I octvm_klo: 	itval.it_interval.tv_sec 4, itval.it_interval.tv_nsec 0

03-17 16:56:06.753  5869  5938 I octvm_klo: 	itval.it_value.tv_sec 3, itval.it_value.tv_nsec 999996615

03-17 16:56:06.874 21078 21134 W System.err: Êó†Ê≥ïËÆøÈóÆÊàñÁΩëÁªú‰∏çÁ®≥ÂÆö

03-17 16:56:06.875 21078 21134 W System.err: 	at com.danale.video.sdk.http.impl.apache.ApacheHttpClient.readDataWithRetriesAndReportDanaleError(Unknown Source)

03-17 16:56:06.875 21078 21134 W System.err: 	at com.danale.video.sdk.http.impl.apache.ApacheHttpClient.execute(Unknown Source)

03-17 16:56:06.875 21078 21134 W System.err: 	at com.danale.video.sdk.utils.DnsAnalysisUtil.dnsAnalysisByDanale(Unknown Source)

03-17 16:56:06.875 21078 21134 W System.err: 	at com.danale.video.sdk.platform.entity.Session$7.doInBackground(Unknown Source)

03-17 16:56:06.875 21078 21134 W System.err: 	at com.danale.video.sdk.platform.entity.Session$7.doInBackground(Unknown Source)

03-17 16:56:06.875 21078 21134 W System.err: 	at com.danale.video.sdk.async.AsyncTask$2.call(Unknown Source)

03-17 16:56:06.875 21078 21134 W System.err: 	at java.util.concurrent.FutureTask.run(FutureTask.java:237)

03-17 16:56:06.875 21078 21134 W System.err: 	at java.util.concurrent.ThreadPoolExecutor.runWorker(ThreadPoolExecutor.java:1113)

03-17 16:56:06.875 21078 21134 W System.err: 	at java.util.concurrent.ThreadPoolExecutor$Worker.run(ThreadPoolExecutor.java:588)

03-17 16:56:06.875 21078 21134 W System.err: 	at java.lang.Thread.run(Thread.java:818)

03-17 16:56:06.875 21078 21134 W System.err: Caused by: org.apache.http.conn.ConnectTimeoutException: Connect to /54.93.73.119:443 timed out

03-17 16:56:06.875 21078 21134 W System.err: 	at org.apache.http.conn.scheme.PlainSocketFactory.connectSocket(PlainSocketFactory.java:126)

03-17 16:56:06.875 21078 21134 W System.err: 	at org.apache.http.impl.conn.DefaultClientConnectionOperator.openConnection(DefaultClientConnectionOperator.java:149)

03-17 16:56:06.876 21078 21134 W System.err: 	at org.apache.http.impl.conn.AbstractPoolEntry.open(AbstractPoolEntry.java:169)

03-17 16:56:06.876 21078 21134 W System.err: 	at org.apache.http.impl.conn.AbstractPooledConnAdapter.open(AbstractPooledConnAdapter.java:124)

03-17 16:56:06.876 21078 21134 W System.err: 	at org.apache.http.impl.client.DefaultRequestDirector.execute(DefaultRequestDirector.java:370)

03-17 16:56:06.876 21078 21134 W System.err: 	at org.apache.http.impl.client.AbstractHttpClient.execute(AbstractHttpClient.java:560)

03-17 16:56:06.876 21078 21134 W System.err: 	at org.apache.http.impl.client.AbstractHttpClient.execute(AbstractHttpClient.java:492)

03-17 16:56:06.876 21078 21134 W System.err: 	at org.apache.http.impl.client.AbstractHttpClient.execute(AbstractHttpClient.java:470)

03-17 16:56:06.876 21078 21134 W System.err: 	at com.danale.video.sdk.http.impl.apache.ApacheHttpClient.readDataWithRetriesAndReportDanaleError(Unknown Source)

03-17 16:56:06.876 21078 21134 W System.err: 	... 9 more

03-17 16:56:06.946  1534  1534 E JavaBinder: !!! FAILED BINDER TRANSACTION !!!  (parcel size = 104)

03-17 16:56:06.950  1534  1534 E JavaBinder: !!! FAILED BINDER TRANSACTION !!!  (parcel size = 104)

03-17 16:56:06.953  1534  1534 E JavaBinder: !!! FAILED BINDER TRANSACTION !!!  (parcel size = 104)

03-17 16:56:06.953  1534  1534 E JavaBinder: !!! FAILED BINDER TRANSACTION !!!  (parcel size = 104)

03-17 16:56:06.961   370   482 I ThermalEngine: Sensor:batt_temp:374 mC

03-17 16:56:07.961  1534  1534 E JavaBinder: !!! FAILED BINDER TRANSACTION !!!  (parcel size = 104)

03-17 16:56:07.966   370   482 I ThermalEngine: Sensor:batt_temp:374 mC

03-17 16:56:07.973  1534  1534 E JavaBinder: !!! FAILED BINDER TRANSACTION !!!  (parcel size = 104)

03-17 16:56:07.974  1534  1534 E JavaBinder: !!! FAILED BINDER TRANSACTION !!!  (parcel size = 104)

03-17 16:56:07.974  1534  1534 E JavaBinder: !!! FAILED BINDER TRANSACTION !!!  (parcel size = 104)

03-17 16:56:08.967   370   482 I ThermalEngine: Sensor:batt_temp:374 mC

03-17 16:56:08.982  1534  1534 E JavaBinder: !!! FAILED BINDER TRANSACTION !!!  (parcel size = 104)

03-17 16:56:08.983  1534  1534 E JavaBinder: !!! FAILED BINDER TRANSACTION !!!  (parcel size = 104)

03-17 16:56:08.983  1534  1534 E JavaBinder: !!! FAILED BINDER TRANSACTION !!!  (parcel size = 104)

03-17 16:56:08.984  1534  1534 E JavaBinder: !!! FAILED BINDER TRANSACTION !!!  (parcel size = 104)

03-17 16:56:09.716 22823 22823 D wpa_supplicant: wlan0: Control interface command 'SIGNAL_POLL'

03-17 16:56:09.731 22823 22823 D wpa_supplicant: CTRL-DEBUG: global_ctrl_sock-sendto: sock=11 sndbuf=163840 outq=0 send_len=48

03-17 16:56:09.969   370   482 I ThermalEngine: Sensor:batt_temp:374 mC

03-17 16:56:09.989  1534  1534 E JavaBinder: !!! FAILED BINDER TRANSACTION !!!  (parcel size = 104)

03-17 16:56:09.995  1534  1534 E JavaBinder: !!! FAILED BINDER TRANSACTION !!!  (parcel size = 104)

03-17 16:56:10.000  1534  1534 E JavaBinder: !!! FAILED BINDER TRANSACTION !!!  (parcel size = 104)

03-17 16:56:10.000  1534  1534 E JavaBinder: !!! FAILED BINDER TRANSACTION !!!  (parcel size = 104)

03-17 16:56:10.753  5869  5938 I octvm_klo: read wakeups from wakealarm_fd:1

03-17 16:56:10.753  5869  5938 I octvm_klo: new timerfd interval:

03-17 16:56:10.753  5869  5938 I octvm_klo: 	itval.it_interval.tv_sec 4, itval.it_interval.tv_nsec 0

03-17 16:56:10.753  5869  5938 I octvm_klo: 	itval.it_value.tv_sec 3, itval.it_value.tv_nsec 999989375

03-17 16:56:10.970   370   482 I ThermalEngine: Sensor:batt_temp:374 mC

03-17 16:56:11.006  3852  4239 I XiaomiFirewall: firewall pkgName:com.orvibo.homemate, result:0x0

03-17 16:56:11.012  1534  1534 E JavaBinder: !!! FAILED BINDER TRANSACTION !!!  (parcel size = 104)

03-17 16:56:11.022  1534  1534 E JavaBinder: !!! FAILED BINDER TRANSACTION !!!  (parcel size = 104)

03-17 16:56:11.027  1534  1534 E JavaBinder: !!! FAILED BINDER TRANSACTION !!!  (parcel size = 104)

03-17 16:56:11.027  1534  1534 E JavaBinder: !!! FAILED BINDER TRANSACTION !!!  (parcel size = 104)

03-17 16:56:11.971   370   482 I ThermalEngine: Sensor:batt_temp:374 mC

03-17 16:56:12.035  1534  1534 E JavaBinder: !!! FAILED BINDER TRANSACTION !!!  (parcel size = 104)

03-17 16:56:12.037  1534  1534 E JavaBinder: !!! FAILED BINDER TRANSACTION !!!  (parcel size = 104)

03-17 16:56:12.048  1534  1534 E JavaBinder: !!! FAILED BINDER TRANSACTION !!!  (parcel size = 104)

03-17 16:56:12.051  1534  1534 E JavaBinder: !!! FAILED BINDER TRANSACTION !!!  (parcel size = 104)

03-17 16:56:12.092 21078 21167 D UTAnalytics:CommitTask: pid:21078 check&commit event:65502,

03-17 16:56:12.092 21078 21167 D UTAnalytics:CommitTask: pid:21078 next:65502,

03-17 16:56:12.092 21078 21167 D UTAnalytics:CommitTask: pid:21078 check&commit event:65503,

03-17 16:56:12.092 21078 21167 D UTAnalytics:CommitTask: pid:21078 next:65503,

03-17 16:56:12.102 21078 21165 D UTAnalytics:CommitTask: pid:21078 check&commit event:65501,

03-17 16:56:12.107 21078 21165 D UTAnalytics:CommitTask: pid:21078 next:65501,

03-17 16:56:12.738 22823 22823 D wpa_supplicant: wlan0: Control interface command 'SIGNAL_POLL'

03-17 16:56:12.755 22823 22823 D wpa_supplicant: CTRL-DEBUG: global_ctrl_sock-sendto: sock=11 sndbuf=163840 outq=0 send_len=48

03-17 16:56:12.973   370   482 I ThermalEngine: Sensor:batt_temp:374 mC

03-17 16:56:13.974   370   482 I ThermalEngine: Sensor:batt_temp:374 mC

03-17 16:56:14.753  5869  5938 I octvm_klo: read wakeups from wakealarm_fd:1

03-17 16:56:14.753  5869  5938 I octvm_klo: new timerfd interval:

03-17 16:56:14.753  5869  5938 I octvm_klo: 	itval.it_interval.tv_sec 4, itval.it_interval.tv_nsec 0

03-17 16:56:14.753  5869  5938 I octvm_klo: 	itval.it_value.tv_sec 3, itval.it_value.tv_nsec 999996146

03-17 16:56:14.975   370   482 I ThermalEngine: Sensor:batt_temp:374 mC

03-17 16:56:15.763 22823 22823 D wpa_supplicant: wlan0: Control interface command 'SIGNAL_POLL'

03-17 16:56:15.783 22823 22823 D wpa_supplicant: CTRL-DEBUG: global_ctrl_sock-sendto: sock=11 sndbuf=163840 outq=0 send_len=48

03-17 16:56:15.976   370   482 I ThermalEngine: Sensor:batt_temp:374 mC

03-17 16:56:16.065  1534  1534 E JavaBinder: !!! FAILED BINDER TRANSACTION !!!  (parcel size = 104)

03-17 16:56:16.066 21078 21144 D NAT     : SYMMETRIC_NAT

03-17 16:56:16.067 21078 21144 D NAT     : call void method before

03-17 16:56:16.068 21078 21144 D NAT     : call void method after

03-17 16:56:16.071  1534  1534 E JavaBinder: !!! FAILED BINDER TRANSACTION !!!  (parcel size = 104)

03-17 16:56:16.089  1534  1534 E JavaBinder: !!! FAILED BINDER TRANSACTION !!!  (parcel size = 104)

03-17 16:56:16.091  1534  1534 E JavaBinder: !!! FAILED BINDER TRANSACTION !!!  (parcel size = 104)

03-17 16:56:16.242 17661 17661 W AppWatcher: type=1400 audit(0.0:3080639): avc: denied { getattr } for path="/proc/opalum-temp-calib" dev="proc" ino=4026534627 scontext=u:r:untrusted_app:s0:c512,c768 tcontext=u:object_r:proc_opalum:s0 tclass=file permissive=0

03-17 16:56:16.242 17661 17661 W AppWatcher: type=1400 audit(0.0:3080640): avc: denied { getattr } for path="/proc/opalum-f0-calib" dev="proc" ino=4026534626 scontext=u:r:untrusted_app:s0:c512,c768 tcontext=u:object_r:proc_opalum:s0 tclass=file permissive=0

03-17 16:56:16.242 17661 17661 W AppWatcher: type=1400 audit(0.0:3080641): avc: denied { getattr } for path="/proc/sysrq-trigger" dev="proc" ino=4026533735 scontext=u:r:untrusted_app:s0:c512,c768 tcontext=u:object_r:proc_sysrq:s0 tclass=file permissive=0

03-17 16:56:16.252 17661 17661 W AppWatcher: type=1400 audit(0.0:3080642): avc: denied { getattr } for path="/proc/1" dev="proc" ino=8200 scontext=u:r:untrusted_app:s0:c512,c768 tcontext=u:r:init:s0 tclass=dir permissive=0

03-17 16:56:16.252 17661 17661 W AppWatcher: type=1400 audit(0.0:3080643): avc: denied { getattr } for path="/proc/2" dev="proc" ino=2557283 scontext=u:r:untrusted_app:s0:c512,c768 tcontext=u:r:kernel:s0 tclass=dir permissive=0

03-17 16:56:16.252 17661 17661 W AppWatcher: type=1400 audit(0.0:3080644): avc: denied { getattr } for path="/proc/3" dev="proc" ino=2557284 scontext=u:r:untrusted_app:s0:c512,c768 tcontext=u:r:kernel:s0 tclass=dir permissive=0

03-17 16:56:16.252 17661 17661 W AppWatcher: type=1400 audit(0.0:3080645): avc: denied { getattr } for path="/proc/6" dev="proc" ino=2557286 scontext=u:r:untrusted_app:s0:c512,c768 tcontext=u:r:kernel:s0 tclass=dir permissive=0

03-17 16:56:16.252 17661 17661 W AppWatcher: type=1400 audit(0.0:3080646): avc: denied { getattr } for path="/proc/7" dev="proc" ino=2557287 scontext=u:r:untrusted_app:s0:c512,c768 tcontext=u:r:kernel:s0 tclass=dir permissive=0

03-17 16:56:16.252 17661 17661 W AppWatcher: type=1400 audit(0.0:3080647): avc: denied { getattr } for path="/proc/8" dev="proc" ino=2557288 scontext=u:r:untrusted_app:s0:c512,c768 tcontext=u:r:kernel:s0 tclass=dir permissive=0

03-17 16:56:16.252 17661 17661 W AppWatcher: type=1400 audit(0.0:3080648): avc: denied { getattr } for path="/proc/21" dev="proc" ino=2557289 scontext=u:r:untrusted_app:s0:c512,c768 tcontext=u:r:kernel:s0 tclass=dir permissive=0

03-17 16:56:16.252 17661 17661 W AppWatcher: type=1400 audit(0.0:3080649): avc: denied { getattr } for path="/proc/22" dev="proc" ino=2557290 scontext=u:r:untrusted_app:s0:c512,c768 tcontext=u:r:kernel:s0 tclass=dir permissive=0

03-17 16:56:16.252 17661 17661 W AppWatcher: type=1400 audit(0.0:3080650): avc: denied { getattr } for path="/proc/28" dev="proc" ino=2557291 scontext=u:r:untrusted_app:s0:c512,c768 tcontext=u:r:kernel:s0 tclass=dir permissive=0

03-17 16:56:16.252 17661 17661 W AppWatcher: type=1400 audit(0.0:3080651): avc: denied { getattr } for path="/proc/29" dev="proc" ino=2557292 scontext=u:r:untrusted_app:s0:c512,c768 tcontext=u:r:kernel:s0 tclass=dir permissive=0

03-17 16:56:16.252 17661 17661 W AppWatcher: type=1400 audit(0.0:3080652): avc: denied { getattr } for path="/proc/30" dev="proc" ino=2557293 scontext=u:r:untrusted_app:s0:c512,c768 tcontext=u:r:kernel:s0 tclass=dir permissive=0

03-17 16:56:16.252 17661 17661 W AppWatcher: type=1400 audit(0.0:3080653): avc: denied { getattr } for path="/proc/32" dev="proc" ino=2557294 scontext=u:r:untrusted_app:s0:c512,c768 tcontext=u:r:kernel:s0 tclass=dir permissive=0

03-17 16:56:16.252 17661 17661 W AppWatcher: type=1400 audit(0.0:3080654): avc: denied { getattr } for path="/proc/33" dev="proc" ino=2557295 scontext=u:r:untrusted_app:s0:c512,c768 tcontext=u:r:kernel:s0 tclass=dir permissive=0

03-17 16:56:16.252 17661 17661 W AppWatcher: type=1400 audit(0.0:3080655): avc: denied { getattr } for path="/proc/34" dev="proc" ino=2557296 scontext=u:r:untrusted_app:s0:c512,c768 tcontext=u:r:kernel:s0 tclass=dir permissive=0

03-17 16:56:16.252 17661 17661 W AppWatcher: type=1400 audit(0.0:3080656): avc: denied { getattr } for path="/proc/61" dev="proc" ino=2557297 scontext=u:r:untrusted_app:s0:c512,c768 tcontext=u:r:kernel:s0 tclass=dir permissive=0

03-17 16:56:16.252 17661 17661 W AppWatcher: type=1400 audit(0.0:3080657): avc: denied { getattr } for path="/proc/62" dev="proc" ino=2557298 scontext=u:r:untrusted_app:s0:c512,c768 tcontext=u:r:kernel:s0 tclass=dir permissive=0

03-17 16:56:16.252 17661 17661 W AppWatcher: type=1400 audit(0.0:3080658): avc: denied { getattr } for path="/proc/63" dev="proc" ino=2557299 scontext=u:r:untrusted_app:s0:c512,c768 tcontext=u:r:kernel:s0 tclass=dir permissive=0

03-17 16:56:16.977   370   482 I ThermalEngine: Sensor:batt_temp:374 mC

03-17 16:56:17.106  1534  1534 E JavaBinder: !!! FAILED BINDER TRANSACTION !!!  (parcel size = 104)

03-17 16:56:17.118  1534  1534 E JavaBinder: !!! FAILED BINDER TRANSACTION !!!  (parcel size = 104)

03-17 16:56:17.123  1534  1534 E JavaBinder: !!! FAILED BINDER TRANSACTION !!!  (parcel size = 104)

03-17 16:56:17.126  1534  1534 E JavaBinder: !!! FAILED BINDER TRANSACTION !!!  (parcel size = 104)

03-17 16:56:17.978   370   482 I ThermalEngine: Sensor:batt_temp:374 mC

03-17 16:56:18.136  1534  1534 E JavaBinder: !!! FAILED BINDER TRANSACTION !!!  (parcel size = 104)

03-17 16:56:18.146  1534  1534 E JavaBinder: !!! FAILED BINDER TRANSACTION !!!  (parcel size = 104)

03-17 16:56:18.150  1534  1534 E JavaBinder: !!! FAILED BINDER TRANSACTION !!!  (parcel size = 104)

03-17 16:56:18.150  1534  1534 E JavaBinder: !!! FAILED BINDER TRANSACTION !!!  (parcel size = 104)

03-17 16:56:18.753  5869  5938 I octvm_klo: read wakeups from wakealarm_fd:1

03-17 16:56:18.754  5869  5938 I octvm_klo: new timerfd interval:

03-17 16:56:18.754  5869  5938 I octvm_klo: 	itval.it_interval.tv_sec 4, itval.it_interval.tv_nsec 0

03-17 16:56:18.754  5869  5938 I octvm_klo: 	itval.it_value.tv_sec 3, itval.it_value.tv_nsec 999995261

03-17 16:56:18.793 22823 22823 D wpa_supplicant: wlan0: Control interface command 'SIGNAL_POLL'

03-17 16:56:18.808 22823 22823 D wpa_supplicant: CTRL-DEBUG: global_ctrl_sock-sendto: sock=11 sndbuf=163840 outq=0 send_len=48

03-17 16:56:18.980   370   482 I ThermalEngine: Sensor:batt_temp:374 mC

03-17 16:56:19.054  3782  3782 W PushService: 2017-03-17 16:56:19,054 - [WARN::PushService] - [Thread:1] register timer 1489741279046

03-17 16:56:19.055  3782  3782 W PushService: 2017-03-17 16:56:19,054 - [WARN::PushService] - [Thread:1] com.xiaomi.xmsf is the package name

03-17 16:56:19.055  3782  3782 W PushService: 2017-03-17 16:56:19,055 - [WARN::PushService] - [Thread:1] Ping XMChannelService on timer

03-17 16:56:19.066  4153  4153 I MiuiVoip: PingManager, ping broadcast received

03-17 16:56:19.067  3782  3782 W PushService: 2017-03-17 16:56:19,067 - [WARN::PushService] - [Thread:1] onStart() with intent.Action = com.xiaomi.push.timer, chid = null

03-17 16:56:19.068  3782  3782 W PushService: 2017-03-17 16:56:19,067 - [WARN::PushService] - [Thread:1] Service called on timer

03-17 16:56:19.072  3782  3961 W PushService: 2017-03-17 16:56:19,072 - [WARN::PushService] - [Thread:54] [Slim] SND ping id=0

03-17 16:56:19.073  3782  3961 W PushService: 2017-03-17 16:56:19,073 - [WARN::PushService] - [Thread:54] [Slim] Wrote {cmd=PING;chid=0;len=33}

03-17 16:56:19.074  3782  3961 W PushService: 2017-03-17 16:56:19,074 - [WARN::PushService] - [Thread:54] [Slim] 04:56:19 ‰∏ãÂçà Sent  Blob [PING,0,0]

03-17 16:56:19.076  4153  4153 I MiuiVoip: yysdk-svc, [YYService]onStartCommand:com.yy.nmob.voip.service.KEEPALIVE

03-17 16:56:19.076  4153  4153 I MiuiVoip: PingManager, send ping firstPing=false

03-17 16:56:19.083  4153  4153 V PingManager: register timer 1489741279046

03-17 16:56:19.116  4153  4809 I MiuiVoip: yysdk-linkd, receive push res:{}

03-17 16:56:19.125  3782 13211 W PushService: 2017-03-17 16:56:19,125 - [WARN::PushService] - [Thread:166] [Slim] Read {cmd=PING;chid=0;len=27}

03-17 16:56:19.125  3782 13211 W PushService: 2017-03-17 16:56:19,125 - [WARN::PushService] - [Thread:166] [Slim] RCV ping id=0

03-17 16:56:19.126  3782 13211 W PushService: 2017-03-17 16:56:19,125 - [WARN::PushService] - [Thread:166] [Slim] 04:56:19 ‰∏ãÂçà RCV  Blob [PING,0,0]

03-17 16:56:19.156  1534  1534 E JavaBinder: !!! FAILED BINDER TRANSACTION !!!  (parcel size = 104)

03-17 16:56:19.157  1534  1534 E JavaBinder: !!! FAILED BINDER TRANSACTION !!!  (parcel size = 104)

03-17 16:56:19.163  1534  1534 E JavaBinder: !!! FAILED BINDER TRANSACTION !!!  (parcel size = 104)

03-17 16:56:19.163  1534  1534 E JavaBinder: !!! FAILED BINDER TRANSACTION !!!  (parcel size = 104)

03-17 16:56:19.185  3962  4066 W WtProcessController: do not trim { PackageName :com.miui.home Pid: 3994 Uid: 10019 Start by: unknown Score:50 Old score:50 state:0 mBackgroundTimeInMillis:1489740943818 WakelockCount:0 wakelogsize:0  ActivityDestroied:false Activity size: 1 PackageInfo:{WhetstonePackageInfo#PacakgeName:com.miui.home uid:10019 uiMemoryThresold:0 nonUiMemoryThresold:0 Flag:-2147483392,0x80000100 [,APP_SYSTEM] Type:0[] } tasknum:10262}

03-17 16:56:19.281  3962  4066 W WtProcessController: do not trim { PackageName :com.orvibo.homemate Pid: 21194 Uid: 10136 Start by: service Score:50 Old score:50 state:0 mBackgroundTimeInMillis:1489740951877 WakelockCount:0 wakelogsize:0  ActivityDestroied:false Activity size: 0 PackageInfo:{WhetstonePackageInfo#PacakgeName:com.orvibo.homemate uid:10136 uiMemoryThresold:0 nonUiMemoryThresold:0 Flag:5184,0x1440 [,TRIMHEAPS,SOFT_RESET,FLAG_DEAL_SCHEDULE] Type:0[] } tasknum:-1}

03-17 16:56:19.982   370   482 I ThermalEngine: Sensor:batt_temp:374 mC

03-17 16:56:20.172  1534  1534 E JavaBinder: !!! FAILED BINDER TRANSACTION !!!  (parcel size = 104)

03-17 16:56:20.181  1534  1534 E JavaBinder: !!! FAILED BINDER TRANSACTION !!!  (parcel size = 104)

03-17 16:56:20.187  1534  1534 E JavaBinder: !!! FAILED BINDER TRANSACTION !!!  (parcel size = 104)

03-17 16:56:20.188  1534  1534 E JavaBinder: !!! FAILED BINDER TRANSACTION !!!  (parcel size = 104)

03-17 16:56:20.261  4326  7153 D FrozenAppController: FrozenAPP, is HasProcessOOMTooLow

03-17 16:56:20.261  4326  7153 D FrozenAppController: >>> event = 22 >>> state = 2 uid 10124

03-17 16:56:20.262  4326  7153 V FrozenAppController:     >>>>  MSG_FROZEN_APP : { uid: 10124 mState:2 mEvent:22 mIsForeground:false mLocationPolicy:0}

03-17 16:56:20.275  4326  7153 D FrozenAppController: FrozenAPP, is HasProcessOOMTooLow

03-17 16:56:20.275  4326  7153 D FrozenAppController: >>> event = 22 >>> state = 0 uid 10120

03-17 16:56:20.275  4326  7153 V FrozenAppController:     >>>>  MSG_FROZEN_APP : { uid: 10120 mState:0 mEvent:22 mIsForeground:false mLocationPolicy:255}

03-17 16:56:20.983   370   482 I ThermalEngine: Sensor:batt_temp:374 mC

03-17 16:56:21.812 22823 22823 D wpa_supplicant: wlan0: Control interface command 'SIGNAL_POLL'

03-17 16:56:21.828 22823 22823 D wpa_supplicant: CTRL-DEBUG: global_ctrl_sock-sendto: sock=11 sndbuf=163840 outq=0 send_len=48

03-17 16:56:21.984   370   482 I ThermalEngine: Sensor:batt_temp:374 mC

03-17 16:56:22.754  5869  5938 I octvm_klo: read wakeups from wakealarm_fd:1

03-17 16:56:22.754  5869  5938 I octvm_klo: new timerfd interval:

03-17 16:56:22.754  5869  5938 I octvm_klo: 	itval.it_interval.tv_sec 4, itval.it_interval.tv_nsec 0

03-17 16:56:22.754  5869  5938 I octvm_klo: 	itval.it_value.tv_sec 3, itval.it_value.tv_nsec 999995261

03-17 16:56:22.985   370   482 I ThermalEngine: Sensor:batt_temp:374 mC

03-17 16:56:23.987   370   482 I ThermalEngine: Sensor:batt_temp:374 mC

03-17 16:56:24.833 22823 22823 D wpa_supplicant: wlan0: Control interface command 'SIGNAL_POLL'

03-17 16:56:24.849 22823 22823 D wpa_supplicant: CTRL-DEBUG: global_ctrl_sock-sendto: sock=11 sndbuf=163840 outq=0 send_len=48

03-17 16:56:24.989   370   482 I ThermalEngine: Sensor:batt_temp:374 mC

03-17 16:56:25.991   370   482 I ThermalEngine: Sensor:batt_temp:374 mC

03-17 16:56:26.462 17661 17661 W AppWatcher: type=1400 audit(0.0:3080934): avc: denied { getattr } for path="/proc/opalum-temp-calib" dev="proc" ino=4026534627 scontext=u:r:untrusted_app:s0:c512,c768 tcontext=u:object_r:proc_opalum:s0 tclass=file permissive=0

03-17 16:56:26.462 17661 17661 W AppWatcher: type=1400 audit(0.0:3080935): avc: denied { getattr } for path="/proc/opalum-f0-calib" dev="proc" ino=4026534626 scontext=u:r:untrusted_app:s0:c512,c768 tcontext=u:object_r:proc_opalum:s0 tclass=file permissive=0

03-17 16:56:26.472 17661 17661 W AppWatcher: type=1400 audit(0.0:3080936): avc: denied { getattr } for path="/proc/sysrq-trigger" dev="proc" ino=4026533735 scontext=u:r:untrusted_app:s0:c512,c768 tcontext=u:object_r:proc_sysrq:s0 tclass=file permissive=0

03-17 16:56:26.502 17661 17661 W AppWatcher: type=1400 audit(0.0:3080937): avc: denied { getattr } for path="/proc/1" dev="proc" ino=8200 scontext=u:r:untrusted_app:s0:c512,c768 tcontext=u:r:init:s0 tclass=dir permissive=0

03-17 16:56:26.502 17661 17661 W AppWatcher: type=1400 audit(0.0:3080938): avc: denied { getattr } for path="/proc/2" dev="proc" ino=2557283 scontext=u:r:untrusted_app:s0:c512,c768 tcontext=u:r:kernel:s0 tclass=dir permissive=0

03-17 16:56:26.512 17661 17661 W AppWatcher: type=1400 audit(0.0:3080939): avc: denied { getattr } for path="/proc/3" dev="proc" ino=2557284 scontext=u:r:untrusted_app:s0:c512,c768 tcontext=u:r:kernel:s0 tclass=dir permissive=0

03-17 16:56:26.512 17661 17661 W AppWatcher: type=1400 audit(0.0:3080940): avc: denied { getattr } for path="/proc/6" dev="proc" ino=2557286 scontext=u:r:untrusted_app:s0:c512,c768 tcontext=u:r:kernel:s0 tclass=dir permissive=0

03-17 16:56:26.522 17661 17661 W AppWatcher: type=1400 audit(0.0:3080941): avc: denied { getattr } for path="/proc/7" dev="proc" ino=2557287 scontext=u:r:untrusted_app:s0:c512,c768 tcontext=u:r:kernel:s0 tclass=dir permissive=0

03-17 16:56:26.522 17661 17661 W AppWatcher: type=1400 audit(0.0:3080942): avc: denied { getattr } for path="/proc/8" dev="proc" ino=2557288 scontext=u:r:untrusted_app:s0:c512,c768 tcontext=u:r:kernel:s0 tclass=dir permissive=0

03-17 16:56:26.522 17661 17661 W AppWatcher: type=1400 audit(0.0:3080943): avc: denied { getattr } for path="/proc/21" dev="proc" ino=2557289 scontext=u:r:untrusted_app:s0:c512,c768 tcontext=u:r:kernel:s0 tclass=dir permissive=0

03-17 16:56:26.532 17661 17661 W AppWatcher: type=1400 audit(0.0:3080944): avc: denied { getattr } for path="/proc/22" dev="proc" ino=2557290 scontext=u:r:untrusted_app:s0:c512,c768 tcontext=u:r:kernel:s0 tclass=dir permissive=0

03-17 16:56:26.532 17661 17661 W AppWatcher: type=1400 audit(0.0:3080945): avc: denied { getattr } for path="/proc/28" dev="proc" ino=2557291 scontext=u:r:untrusted_app:s0:c512,c768 tcontext=u:r:kernel:s0 tclass=dir permissive=0

03-17 16:56:26.542 17661 17661 W AppWatcher: type=1400 audit(0.0:3080946): avc: denied { getattr } for path="/proc/29" dev="proc" ino=2557292 scontext=u:r:untrusted_app:s0:c512,c768 tcontext=u:r:kernel:s0 tclass=dir permissive=0

03-17 16:56:26.542 17661 17661 W AppWatcher: type=1400 audit(0.0:3080947): avc: denied { getattr } for path="/proc/30" dev="proc" ino=2557293 scontext=u:r:untrusted_app:s0:c512,c768 tcontext=u:r:kernel:s0 tclass=dir permissive=0

03-17 16:56:26.552 17661 17661 W AppWatcher: type=1400 audit(0.0:3080948): avc: denied { getattr } for path="/proc/32" dev="proc" ino=2557294 scontext=u:r:untrusted_app:s0:c512,c768 tcontext=u:r:kernel:s0 tclass=dir permissive=0

03-17 16:56:26.562 17661 17661 W AppWatcher: type=1400 audit(0.0:3080949): avc: denied { getattr } for path="/proc/33" dev="proc" ino=2557295 scontext=u:r:untrusted_app:s0:c512,c768 tcontext=u:r:kernel:s0 tclass=dir permissive=0

03-17 16:56:26.562 17661 17661 W AppWatcher: type=1400 audit(0.0:3080950): avc: denied { getattr } for path="/proc/34" dev="proc" ino=2557296 scontext=u:r:untrusted_app:s0:c512,c768 tcontext=u:r:kernel:s0 tclass=dir permissive=0

03-17 16:56:26.572 17661 17661 W AppWatcher: type=1400 audit(0.0:3080951): avc: denied { getattr } for path="/proc/61" dev="proc" ino=2557297 scontext=u:r:untrusted_app:s0:c512,c768 tcontext=u:r:kernel:s0 tclass=dir permissive=0

03-17 16:56:26.572 17661 17661 W AppWatcher: type=1400 audit(0.0:3080952): avc: denied { getattr } for path="/proc/62" dev="proc" ino=2557298 scontext=u:r:untrusted_app:s0:c512,c768 tcontext=u:r:kernel:s0 tclass=dir permissive=0

03-17 16:56:26.572 17661 17661 W AppWatcher: type=1400 audit(0.0:3080953): avc: denied { getattr } for path="/proc/63" dev="proc" ino=2557299 scontext=u:r:untrusted_app:s0:c512,c768 tcontext=u:r:kernel:s0 tclass=dir permissive=0

03-17 16:56:26.621 21078 21165 D UTAnalytics:LogStoreMgr: pid:21078 [store],

03-17 16:56:26.632 21078 21165 D UTAnalytics:UTSqliteLogStore: pid:21078 sql:SELECT * FROM log ORDER BY time ASC  LIMIT 112,

03-17 16:56:26.642 21078 21165 D UTAnalytics:LogStoreMgr: pid:21078 [get],[],

03-17 16:56:26.647 21078 21165 D UTAnalytics:UploadEngine: pid:21078 UTDC.bBackground:false,AppInfoUtil.isForeground(UTDC.getContext()) ,true,

03-17 16:56:26.654 21078 21165 D UTAnalytics:UploadTask: pid:21078 mPeriod:30000,

03-17 16:56:26.752  6194  6207 I art     : Background sticky concurrent mark sweep GC freed 38615(7MB) AllocSpace objects, 449(8MB) LOS objects, 54% free, 12MB/28MB, paused 26.474ms total 67.935ms

03-17 16:56:26.754  5869  5938 I octvm_klo: read wakeups from wakealarm_fd:1

03-17 16:56:26.754  5869  5938 I octvm_klo: new timerfd interval:

03-17 16:56:26.754  5869  5938 I octvm_klo: 	itval.it_interval.tv_sec 4, itval.it_interval.tv_nsec 0

03-17 16:56:26.754  5869  5938 I octvm_klo: 	itval.it_value.tv_sec 3, itval.it_value.tv_nsec 999983542

03-17 16:56:26.992   370   482 I ThermalEngine: Sensor:batt_temp:374 mC

03-17 16:56:27.852 22823 22823 D wpa_supplicant: wlan0: Control interface command 'SIGNAL_POLL'

03-17 16:56:27.869 22823 22823 D wpa_supplicant: CTRL-DEBUG: global_ctrl_sock-sendto: sock=11 sndbuf=163840 outq=0 send_len=48

03-17 16:56:27.993   370   482 I ThermalEngine: Sensor:batt_temp:374 mC

03-17 16:56:28.995   370   482 I ThermalEngine: Sensor:batt_temp:373 mC

03-17 16:56:29.074  3782  3961 W PushService: 2017-03-17 16:56:29,074 - [WARN::PushService] - [Thread:54] JOB: check the ping-pong.1489740979071

03-17 16:56:29.996   370   482 I ThermalEngine: Sensor:batt_temp:374 mC

03-17 16:56:30.754  5869  5938 I octvm_klo: read wakeups from wakealarm_fd:1

03-17 16:56:30.754  5869  5938 I octvm_klo: new timerfd interval:

03-17 16:56:30.754  5869  5938 I octvm_klo: 	itval.it_interval.tv_sec 4, itval.it_interval.tv_nsec 0

03-17 16:56:30.754  5869  5938 I octvm_klo: 	itval.it_value.tv_sec 3, itval.it_value.tv_nsec 999996719

03-17 16:56:30.876 22823 22823 D wpa_supplicant: wlan0: Control interface command 'SIGNAL_POLL'

03-17 16:56:30.892 22823 22823 D wpa_supplicant: CTRL-DEBUG: global_ctrl_sock-sendto: sock=11 sndbuf=163840 outq=0 send_len=48

03-17 16:56:30.997   370   482 I ThermalEngine: Sensor:batt_temp:373 mC

03-17 16:56:31.998   370   482 I ThermalEngine: Sensor:batt_temp:373 mC

03-17 16:56:33.000   370   482 I ThermalEngine: Sensor:batt_temp:373 mC

03-17 16:56:33.895 22823 22823 D wpa_supplicant: wlan0: Control interface command 'SIGNAL_POLL'

03-17 16:56:33.900 22823 22823 D wpa_supplicant: CTRL-DEBUG: global_ctrl_sock-sendto: sock=11 sndbuf=163840 outq=0 send_len=48

03-17 16:56:34.001   370   482 I ThermalEngine: Sensor:batt_temp:373 mC

03-17 16:56:34.226  1534  1534 E JavaBinder: !!! FAILED BINDER TRANSACTION !!!  (parcel size = 104)
