03-08 11:42:57.910 18989 18989 V BoostFramework: BoostFramework() : mPerf = com.qualcomm.qti.Performance@b8e6a01

03-08 11:42:57.910 18989 18989 V BoostFramework: BoostFramework() : mPerf = com.qualcomm.qti.Performance@db5a0a6

03-08 11:42:57.915 18989 18989 I HomeMate: comm[ main: AbstractBaseDao.java:263 getListData() ] - select * from floor where floor.delFlag= 0 and familyId=? order by sequence asc

03-08 11:42:57.920 18989 18989 D HomeMate: comm[ main: BaseActivity.java:155 onResume() ] - RoomManagerActivity

03-08 11:42:57.922 18989 19067 I HomeMate: comm[ pool-6-thread-1: AbstractBaseDao.java:263 getListData() ] - select * from floor where floor.delFlag= 0 and familyId=? or floorId=? order by sequence asc

03-08 11:42:57.925 18989 19067 I HomeMate: comm[ pool-6-thread-1: AbstractBaseDao.java:263 getListData() ] - select * from room where room.delFlag= 0 and floorId=? order by sequence asc

03-08 11:42:57.927 18989 19067 I HomeMate: comm[ pool-6-thread-1: AbstractBaseDao.java:263 getListData() ] - select * from room where room.delFlag= 0 and floorId=? order by sequence asc

03-08 11:42:57.927 18989 19067 D HomeMate: comm[ pool-6-thread-1: AbstractBaseDao.java:328 getListDataByMultiTable() ] - sql:SELECT * FROM room INNER JOIN floor ON room.floorId = floor.floorId WHERE room.delFlag = 0 AND floor.delFlag = 0 AND floor.familyId=?

03-08 11:42:57.917  3723  3723 W Binder_3: type=1400 audit(0.0:1002173): avc: denied { ioctl } for path="socket:[3264027]" dev="sockfs" ino=3264027 ioctlcmd=7704 scontext=u:r:system_server:s0 tcontext=u:r:system_server:s0 tclass=unix_stream_socket permissive=0

03-08 11:42:57.917  3723  3723 W Binder_3: type=1400 audit(0.0:1002174): avc: denied { ioctl } for path="socket:[3264027]" dev="sockfs" ino=3264027 ioctlcmd=7704 scontext=u:r:system_server:s0 tcontext=u:r:system_server:s0 tclass=unix_stream_socket permissive=0

03-08 11:42:57.931 18989 19067 D HomeMate: comm[ pool-6-thread-1: AbstractBaseDao.java:328 getListDataByMultiTable() ] - sql:SELECT * FROM device INNER JOIN userGatewayBind ON device.uid = userGatewayBind.uid WHERE device.delFlag = 0 AND userGatewayBind.delFlag = 0 AND familyId = ? AND roomId IN ('','0','657e5607dc0d4a679b6c08743f8792e9') AND deviceType IN (22,23,65,66,18,14,1,0,38,19,43,2,29,67,30,11,8,52,5,58,7,32,6,59,60,33,36,34,42,35,4,37,3,39,57,64,9,10,17,20)  ORDER BY createTime DESC

03-08 11:42:57.934 18989 18989 D ActivityThreadInjector: clearCachedDrawables.

03-08 11:42:57.934 18989 19067 I HomeMate: comm[ pool-6-thread-1: AbstractBaseDao.java:263 getListData() ] - select * from userGatewayBind where userGatewayBind.delFlag= 0 and familyId=? 

03-08 11:42:57.949  1923  4325 I Timeline: Timeline: App_transition_ready time:87470886

03-08 11:42:57.951  1923  4325 I Timeline: Timeline: App_transition_ready time:87470888

03-08 11:42:57.959 18989 18989 E RecyclerView: No adapter attached; skipping layout

03-08 11:42:57.974  1923  2113 I Timeline: Timeline: App_transition_ready time:87470911

03-08 11:42:57.976  1923  2113 I ActivityManager: Displayed com.orvibo.homemate/.roomfloor.manager.RoomManagerActivity: +113ms

03-08 11:42:57.967  4416  4416 W Binder_F: type=1400 audit(0.0:1002175): avc: denied { ioctl } for path="socket:[3262330]" dev="sockfs" ino=3262330 ioctlcmd=7704 scontext=u:r:system_server:s0 tcontext=u:r:system_server:s0 tclass=unix_stream_socket permissive=0

03-08 11:42:57.967  4416  4416 W Binder_F: type=1400 audit(0.0:1002176): avc: denied { ioctl } for path="socket:[3262330]" dev="sockfs" ino=3262330 ioctlcmd=7704 scontext=u:r:system_server:s0 tcontext=u:r:system_server:s0 tclass=unix_stream_socket permissive=0

03-08 11:42:57.977  3887  3887 V PhoneStatusBarPolicy: updateManagedProfile mManagedProfileFocused: false mKeyguardVisible: false mCurrentUserId:0 mCurrentProfileId:0 mSecondSpaceStatusIconVisible: true showIcon:false

03-08 11:42:57.977 14596 14596 I AppiumUnicodeIME: onFinishInput

03-08 11:42:57.977 14596 14596 I AppiumUnicodeIME: onStartInput

03-08 11:42:57.991 18989 18989 V BoostFramework: BoostFramework() : mPerf = com.qualcomm.qti.Performance@5a1cf65

03-08 11:42:57.991 18989 18989 V BoostFramework: BoostFramework() : mPerf = com.qualcomm.qti.Performance@34443a

03-08 11:42:58.008 18989 18989 V BoostFramework: BoostFramework() : mPerf = com.qualcomm.qti.Performance@c07308d

03-08 11:42:58.008 18989 18989 V BoostFramework: BoostFramework() : mPerf = com.qualcomm.qti.Performance@9e8d242

03-08 11:42:58.041 18989 19073 D OpenGLRenderer: endAllStagingAnimators on 0x9fcc3500 (RippleDrawable) with handle 0x9fcf2e00

03-08 11:42:58.251  1923  2113 I Timeline: Timeline: Activity_windows_visible id: ActivityRecord{ba15a5c u0 com.orvibo.homemate/.roomfloor.manager.RoomManagerActivity t6908} time:87471188

03-08 11:42:58.252  1923  2113 I Timeline: Timeline: App_transition_stopped time:87471189

03-08 11:42:58.266 18989 18989 D HomeMate: comm[ main: BaseFragment.java:116 onStop() ] - PersonalFragment

03-08 11:42:58.266 18989 18989 D HomeMate: comm[ main: BaseActivity.java:214 onStop() ] - MainActivity

03-08 11:42:58.790   372   476 I ThermalEngine: Sensor:batt_temp:335 mC

03-08 11:42:59.771  1923  1923 E JavaBinder: !!! FAILED BINDER TRANSACTION !!!  (parcel size = 104)

03-08 11:42:59.791   372   476 I ThermalEngine: Sensor:batt_temp:335 mC

03-08 11:43:00.080  5352  9829 D FrozenAppController: FrozenAPP, is HasProcessOOMTooLow

03-08 11:43:00.080  5352  9829 D FrozenAppController: >>> event = 22 >>> state = 0 uid 10122

03-08 11:43:00.081  5352  9829 V FrozenAppController:     >>>>  MSG_FROZEN_APP : { uid: 10122 mState:0 mEvent:22 mIsForeground:false mLocationPolicy:255}

03-08 11:43:00.123  4188  4327 W WtProcessController: do not trim { PackageName :com.orvibo.homemate Pid: 18989 Uid: 10133 Start by: activity Score:50 Old score:50 state:0 mBackgroundTimeInMillis:1488944577811 WakelockCount:0 wakelogsize:0  ActivityDestroied:false Activity size: 2 PackageInfo:{WhetstonePackageInfo#PacakgeName:com.orvibo.homemate uid:10133 uiMemoryThresold:0 nonUiMemoryThresold:0 Flag:5184,0x1440 [,TRIMHEAPS,SOFT_RESET,FLAG_DEAL_SCHEDULE] Type:0[] } tasknum:6908}

03-08 11:43:00.264   372   460 I ThermalEngine: Sensor:tsens_tz_sensor5:55000 mC

03-08 11:43:00.265   372   509 I ThermalEngine: Sensor:tsens_tz_sensor5:55000 mC

03-08 11:43:00.265   372   509 I ThermalEngine: TM Id 'CPU0_MONITOR' Sensor 'cpu0' - alarm raised 1 at 55.0 degC

03-08 11:43:00.266   372   509 I ThermalEngine: ACTION: CPU - Setting CPU[0] to 1728000

03-08 11:43:00.267   372   509 I ThermalEngine: Mitigation:CPU[0]:1728000 Khz

03-08 11:43:00.267   372   509 I ThermalEngine: ACTION: CPU - Setting CPU[1] to 1728000

03-08 11:43:00.267   372   509 E ThermalEngine: Failed to set desired CPU[1] frequency limit to 1728000

03-08 11:43:00.268   372   509 I ThermalEngine: ACTION: CPU - Setting CPU[2] to 1728000

03-08 11:43:00.268   372   509 E ThermalEngine: Failed to set desired CPU[2] frequency limit to 1728000

03-08 11:43:00.268   372   509 I ThermalEngine: ACTION: CPU - Setting CPU[3] to 1728000

03-08 11:43:00.269   372   509 I ThermalEngine: Mitigation:CPU[3]:1728000 Khz

03-08 11:43:00.328   372   460 I ThermalEngine: Sensor:tsens_tz_sensor5:49000 mC

03-08 11:43:00.330   372   509 I ThermalEngine: Sensor:tsens_tz_sensor5:49000 mC

03-08 11:43:00.330   372   509 I ThermalEngine: TM Id 'CPU0_MONITOR' Sensor 'cpu0' - alarm cleared 1 at 49.0 degC

03-08 11:43:00.332   372   509 I ThermalEngine: ACTION: CPU - Setting CPU[0] to 2457600

03-08 11:43:00.332   372   509 I ThermalEngine: Mitigation:CPU[0]:2457600 Khz

03-08 11:43:00.332   372   509 I ThermalEngine: ACTION: CPU - Setting CPU[1] to 2457600

03-08 11:43:00.333   372   509 E ThermalEngine: Failed to set desired CPU[1] frequency limit to 2457600

03-08 11:43:00.334   372   509 I ThermalEngine: ACTION: CPU - Setting CPU[2] to 2457600

03-08 11:43:00.334   372   509 E ThermalEngine: Failed to set desired CPU[2] frequency limit to 2457600

03-08 11:43:00.334   372   509 I ThermalEngine: ACTION: CPU - Setting CPU[3] to 2457600

03-08 11:43:00.335   372   509 I ThermalEngine: Mitigation:CPU[3]:2457600 Khz

