03-30 10:44:52.724  6151  6186 I octvm_klo: 	itval.it_interval.tv_sec 1, itval.it_interval.tv_nsec 0

03-30 10:44:52.724  6151  6186 I octvm_klo: 	itval.it_value.tv_sec 0, itval.it_value.tv_nsec 999996511

03-30 10:44:52.873   379   493 I ThermalEngine: Sensor:batt_temp:361 mC

03-30 10:44:53.098  4223  4223 I PowerUtils: Device name:virgo

03-30 10:44:53.102  4223  4223 I PowerUtils: Device name:virgo

03-30 10:44:53.104  4223  4223 W BatteryChargeTimeHelper: Use max, leftChargeTime 7346673 maxChargeTime 4568000

03-30 10:44:53.117  2044  2044 V NotificationService: pkg=com.miui.securitycenter canInterrupt=true intercept=true

03-30 10:44:53.122  4223  4223 I PowerSaveService: Update connected notification, charging true

03-30 10:44:53.123  3746  3778 D StatusBar: onNotificationPosted:  Key: 0|com.miui.securitycenter|2131296947|null|1000 GroupKey: 0|com.miui.securitycenter|2131296947|null|1000 Connected: true

03-30 10:44:53.123  3746  3746 D StatusBar:  GroupChild: false  GroupsContainsKey: false  IsUpdate: true IsGroupSummary: false hasIcon: true

03-30 10:44:53.124  3746  3746 D PhoneStatusBar: updateNotification pkg=com.miui.securitycenter;id=2131296947

03-30 10:44:53.724  6151  6186 I octvm_klo: read wakeups from wakealarm_fd:1

03-30 10:44:53.725  6151  6186 I octvm_klo: new timerfd interval:

03-30 10:44:53.725  6151  6186 I octvm_klo: 	itval.it_interval.tv_sec 1, itval.it_interval.tv_nsec 0

03-30 10:44:53.725  6151  6186 I octvm_klo: 	itval.it_value.tv_sec 0, itval.it_value.tv_nsec 999996354

03-30 10:44:53.874   379   493 I ThermalEngine: Sensor:batt_temp:362 mC

03-30 10:44:54.513 20981 21040 W System.err: Êó†Ê≥ïËÆøÈóÆÊàñÁΩëÁªú‰∏çÁ®≥ÂÆö

03-30 10:44:54.513 20981 21040 W System.err: 	at com.danale.video.sdk.http.impl.apache.ApacheHttpClient.readDataWithRetriesAndReportDanaleError(Unknown Source)

03-30 10:44:54.514 20981 21040 W System.err: 	at com.danale.video.sdk.http.impl.apache.ApacheHttpClient.execute(Unknown Source)

03-30 10:44:54.514 20981 21040 W System.err: 	at com.danale.video.sdk.utils.DnsAnalysisUtil.dnsAnalysisByDanale(Unknown Source)

03-30 10:44:54.514 20981 21040 W System.err: 	at com.danale.video.sdk.platform.entity.Session$7.doInBackground(Unknown Source)

03-30 10:44:54.514 20981 21040 W System.err: 	at com.danale.video.sdk.platform.entity.Session$7.doInBackground(Unknown Source)

03-30 10:44:54.514 20981 21040 W System.err: 	at com.danale.video.sdk.async.AsyncTask$2.call(Unknown Source)

03-30 10:44:54.514 20981 21040 W System.err: 	at java.util.concurrent.FutureTask.run(FutureTask.java:237)

03-30 10:44:54.514 20981 21040 W System.err: 	at java.util.concurrent.ThreadPoolExecutor.runWorker(ThreadPoolExecutor.java:1113)

03-30 10:44:54.514 20981 21040 W System.err: 	at java.util.concurrent.ThreadPoolExecutor$Worker.run(ThreadPoolExecutor.java:588)

03-30 10:44:54.514 20981 21040 W System.err: 	at java.lang.Thread.run(Thread.java:818)

03-30 10:44:54.515 20981 21040 W System.err: Caused by: org.apache.http.conn.ConnectTimeoutException: Connect to /54.93.73.119:443 timed out

03-30 10:44:54.515 20981 21040 W System.err: 	at org.apache.http.conn.scheme.PlainSocketFactory.connectSocket(PlainSocketFactory.java:126)

03-30 10:44:54.516 20981 21040 W System.err: 	at org.apache.http.impl.conn.DefaultClientConnectionOperator.openConnection(DefaultClientConnectionOperator.java:149)

03-30 10:44:54.516 20981 21040 W System.err: 	at org.apache.http.impl.conn.AbstractPoolEntry.open(AbstractPoolEntry.java:169)

03-30 10:44:54.516 20981 21040 W System.err: 	at org.apache.http.impl.conn.AbstractPooledConnAdapter.open(AbstractPooledConnAdapter.java:124)

03-30 10:44:54.516 20981 21040 W System.err: 	at org.apache.http.impl.client.DefaultRequestDirector.execute(DefaultRequestDirector.java:370)

03-30 10:44:54.516 20981 21040 W System.err: 	at org.apache.http.impl.client.AbstractHttpClient.execute(AbstractHttpClient.java:560)

03-30 10:44:54.516 20981 21040 W System.err: 	at org.apache.http.impl.client.AbstractHttpClient.execute(AbstractHttpClient.java:492)

03-30 10:44:54.516 20981 21040 W System.err: 	at org.apache.http.impl.client.AbstractHttpClient.execute(AbstractHttpClient.java:470)

03-30 10:44:54.516 20981 21040 W System.err: 	at com.danale.video.sdk.http.impl.apache.ApacheHttpClient.readDataWithRetriesAndReportDanaleError(Unknown Source)

03-30 10:44:54.517 20981 21040 W System.err: 	... 9 more

03-30 10:44:54.725  6151  6186 I octvm_klo: read wakeups from wakealarm_fd:1

03-30 10:44:54.725  6151  6186 I octvm_klo: new timerfd interval:

03-30 10:44:54.725  6151  6186 I octvm_klo: 	itval.it_interval.tv_sec 1, itval.it_interval.tv_nsec 0

03-30 10:44:54.725  6151  6186 I octvm_klo: 	itval.it_value.tv_sec 0, itval.it_value.tv_nsec 999996875

03-30 10:44:54.876   379   493 I ThermalEngine: Sensor:batt_temp:362 mC

03-30 10:44:55.660  2044  2118 D AutomaticBrightnessController: drop the lightsensor event ,time=337986440 ,lux=2.9390156

03-30 10:44:55.667  3745  3745 D wpa_supplicant: wlan0: Control interface command 'SIGNAL_POLL'

03-30 10:44:55.681  3745  3745 D wpa_supplicant: CTRL-DEBUG: global_ctrl_sock-sendto: sock=11 sndbuf=163840 outq=0 send_len=49

03-30 10:44:55.725  6151  6186 I octvm_klo: read wakeups from wakealarm_fd:1

03-30 10:44:55.725  6151  6186 I octvm_klo: new timerfd interval:

03-30 10:44:55.725  6151  6186 I octvm_klo: 	itval.it_interval.tv_sec 1, itval.it_interval.tv_nsec 0

03-30 10:44:55.725  6151  6186 I octvm_klo: 	itval.it_value.tv_sec 0, itval.it_value.tv_nsec 999997500

03-30 10:44:55.830  2044  2118 D AutomaticBrightnessController: drop the lightsensor event ,time=337986610 ,lux=2.2042618

03-30 10:44:55.877   379   493 I ThermalEngine: Sensor:batt_temp:361 mC

03-30 10:44:56.000  2044  2118 D AutomaticBrightnessController: drop the lightsensor event ,time=337986780 ,lux=5.1432776

03-30 10:44:56.170  2044  2118 D AutomaticBrightnessController: drop the lightsensor event ,time=337986950 ,lux=4.4085236

03-30 10:44:56.341  2044  2118 D AutomaticBrightnessController: drop the lightsensor event ,time=337987121 ,lux=5.1432776

03-30 10:44:56.510  2044  2118 D AutomaticBrightnessController: drop the lightsensor event ,time=337987290 ,lux=5.1432776

03-30 10:44:56.562 20981 21074 D UTAnalytics:LogStoreMgr: pid:20981 [store],

03-30 10:44:56.572 20981 21074 D UTAnalytics:UTSqliteLogStore: pid:20981 sql:SELECT * FROM log ORDER BY time ASC  LIMIT 98,

03-30 10:44:56.580 20981 21074 D UTAnalytics:LogStoreMgr: pid:20981 [get],[],

03-30 10:44:56.585 20981 21074 D UTAnalytics:UploadEngine: pid:20981 UTDC.bBackground:false,AppInfoUtil.isForeground(UTDC.getContext()) ,true,

03-30 10:44:56.588 20981 21074 D UTAnalytics:UploadTask: pid:20981 mPeriod:30000,

03-30 10:44:56.684  2044  2118 D AutomaticBrightnessController: drop the lightsensor event ,time=337987464 ,lux=6.6127853

03-30 10:44:56.725  6151  6186 I octvm_klo: read wakeups from wakealarm_fd:1

03-30 10:44:56.725  6151  6186 I octvm_klo: new timerfd interval:

03-30 10:44:56.725  6151  6186 I octvm_klo: 	itval.it_interval.tv_sec 1, itval.it_interval.tv_nsec 0

03-30 10:44:56.725  6151  6186 I octvm_klo: 	itval.it_value.tv_sec 0, itval.it_value.tv_nsec 999997760

03-30 10:44:56.878   379   493 I ThermalEngine: Sensor:batt_temp:362 mC

03-30 10:44:57.219  4223  4223 I PowerUtils: Device name:virgo

03-30 10:44:57.221  4223  4223 I PowerUtils: Device name:virgo

03-30 10:44:57.223  4223  4223 W BatteryChargeTimeHelper: Use max, leftChargeTime 7346673 maxChargeTime 4568000

03-30 10:44:57.240  2044  2044 V NotificationService: pkg=com.miui.securitycenter canInterrupt=true intercept=true

03-30 10:44:57.244  4223  4223 I PowerSaveService: Update connected notification, charging true

03-30 10:44:57.244  3746 19055 D StatusBar: onNotificationPosted:  Key: 0|com.miui.securitycenter|2131296947|null|1000 GroupKey: 0|com.miui.securitycenter|2131296947|null|1000 Connected: true

03-30 10:44:57.245  3746  3746 D StatusBar:  GroupChild: false  GroupsContainsKey: false  IsUpdate: true IsGroupSummary: false hasIcon: true

03-30 10:44:57.245  3746  3746 D PhoneStatusBar: updateNotification pkg=com.miui.securitycenter;id=2131296947

03-30 10:44:57.725  6151  6186 I octvm_klo: read wakeups from wakealarm_fd:1

03-30 10:44:57.729  6151  6186 I octvm_klo: new timerfd interval:

03-30 10:44:57.729  6151  6186 I octvm_klo: 	itval.it_interval.tv_sec 1, itval.it_interval.tv_nsec 0

03-30 10:44:57.729  6151  6186 I octvm_klo: 	itval.it_value.tv_sec 0, itval.it_value.tv_nsec 999990104

03-30 10:44:57.879   379   493 I ThermalEngine: Sensor:batt_temp:362 mC

03-30 10:44:58.041  2044  2118 D AutomaticBrightnessController: drop the lightsensor event ,time=337988821 ,lux=12.490817

03-30 10:44:58.215  2044  2118 D AutomaticBrightnessController: drop the lightsensor event ,time=337988995 ,lux=2.9390156

03-30 10:44:58.380  2044  2118 D AutomaticBrightnessController: drop the lightsensor event ,time=337989160 ,lux=6.6127853

03-30 10:44:58.550  2044  2118 D AutomaticBrightnessController: drop the lightsensor event ,time=337989330 ,lux=8.817047

03-30 10:44:58.668  4116  4556 I XiaomiFirewall: firewall pkgName:com.orvibo.homemate, result:0x0

03-30 10:44:58.686  3745  3745 D wpa_supplicant: wlan0: Control interface command 'SIGNAL_POLL'

03-30 10:44:58.689  3745  3745 D wpa_supplicant: CTRL-DEBUG: global_ctrl_sock-sendto: sock=11 sndbuf=163840 outq=0 send_len=49

03-30 10:44:58.720  2044  2118 D AutomaticBrightnessController: drop the lightsensor event ,time=337989500 ,lux=5.8780313

03-30 10:44:58.725  6151  6186 I octvm_klo: read wakeups from wakealarm_fd:1

03-30 10:44:58.726  6151  6186 I octvm_klo: new timerfd interval:

03-30 10:44:58.726  6151  6186 I octvm_klo: 	itval.it_interval.tv_sec 1, itval.it_interval.tv_nsec 0

03-30 10:44:58.726  6151  6186 I octvm_klo: 	itval.it_value.tv_sec 0, itval.it_value.tv_nsec 999996718

03-30 10:44:58.880   379   493 I ThermalEngine: Sensor:batt_temp:362 mC

03-30 10:44:58.890  2044  2118 D AutomaticBrightnessController: drop the lightsensor event ,time=337989670 ,lux=4.4085236

03-30 10:44:59.060  2044  2118 D AutomaticBrightnessController: drop the lightsensor event ,time=337989840 ,lux=3.6737695

03-30 10:44:59.232  2044  2118 D AutomaticBrightnessController: drop the lightsensor event ,time=337990012 ,lux=10.286555

03-30 10:44:59.401  2044  2118 D AutomaticBrightnessController: drop the lightsensor event ,time=337990181 ,lux=11.7560625

03-30 10:44:59.571 20981 21074 D UTAnalytics:CommitTask: pid:20981 check&commit event:65501,

03-30 10:44:59.579 20981 21074 D UTAnalytics:CommitTask: pid:20981 next:65501,

03-30 10:44:59.588 20981 21074 D UTAnalytics:CommitTask: pid:20981 check&commit event:65502,

03-30 10:44:59.589 20981 21074 D UTAnalytics:CommitTask: pid:20981 next:65502,

03-30 10:44:59.589 20981 21074 D UTAnalytics:CommitTask: pid:20981 check&commit event:65503,

03-30 10:44:59.589 20981 21074 D UTAnalytics:CommitTask: pid:20981 next:65503,

03-30 10:44:59.727  6151  6186 I octvm_klo: read wakeups from wakealarm_fd:1

03-30 10:44:59.727  6151  6186 I octvm_klo: new timerfd interval:

03-30 10:44:59.727  6151  6186 I octvm_klo: 	itval.it_interval.tv_sec 1, itval.it_interval.tv_nsec 0

03-30 10:44:59.727  6151  6186 I octvm_klo: 	itval.it_value.tv_sec 0, itval.it_value.tv_nsec 999996250

03-30 10:44:59.884   379   493 I ThermalEngine: Sensor:batt_temp:362 mC

03-30 10:45:00.077  2044  3620 D WifiStateMachine: starting scan for "56.1_neiwang"-WPA_PSK with 5280,2412

03-30 10:45:00.077  3745  3745 D wpa_supplicant: wlan0: Control interface command 'SCAN TYPE=ONLY freq=5280,2412'

03-30 10:45:00.077  3745  3745 D wpa_supplicant: wlan0: Setting scan request: 0.000000 sec

03-30 10:45:00.077  3745  3745 D wpa_supplicant: CTRL-DEBUG: global_ctrl_sock-sendto: sock=11 sndbuf=163840 outq=0 send_len=3

03-30 10:45:00.077  3745  3745 D wpa_supplicant: wlan0: Starting AP scan for wildcard SSID

03-30 10:45:00.077  3745  3745 D wpa_supplicant: wlan0: Limit manual scan to specified channels

03-30 10:45:00.077  3745  3745 D wpa_supplicant: wlan0: Add radio work 'scan'@0xb68d9398

03-30 10:45:00.077  3745  3745 D wpa_supplicant: wlan0: First radio work item in the queue - schedule start immediately

03-30 10:45:00.077  3745  3745 D wpa_supplicant: wlan0: Starting radio work 'scan'@0xb68d9398 after 0.000058 second wait

03-30 10:45:00.077  3745  3745 D wpa_supplicant: wlan0: nl80211: scan request

03-30 10:45:00.077  3745  3745 D wpa_supplicant: nl80211: Scan SSID - hexdump(len=0): [NULL]

03-30 10:45:00.077  3745  3745 D wpa_supplicant: nl80211: Scan extra IEs - hexdump(len=7): 7f 05 00 00 0a 02 01

03-30 10:45:00.077  3745  3745 D wpa_supplicant: nl80211: Scan frequency 2412 MHz

03-30 10:45:00.078  3745  3745 D wpa_supplicant: nl80211: Scan frequency 5280 MHz

03-30 10:45:00.090  4229  4367 W WtProcessController: do not trim { PackageName :com.orvibo.homemate Pid: 20981 Uid: 10143 Start by: activity Score:50 Old score:50 state:0 mBackgroundTimeInMillis:1490841881235 WakelockCount:0 wakelogsize:0  ActivityDestroied:false Activity size: 2 PackageInfo:{WhetstonePackageInfo#PacakgeName:com.orvibo.homemate uid:10143 uiMemoryThresold:0 nonUiMemoryThresold:0 Flag:1073745984,0x40001040 [,TRIMHEAPS,FLAG_DEAL_SCHEDULE] Type:64[,AUTO_START] } tasknum:17549}

03-30 10:45:00.091  3745  3745 D wpa_supplicant: Scan requested (ret=0) - scan timeout 30 seconds

03-30 10:45:00.091  3745  3745 D wpa_supplicant: nl80211: Event message available

03-30 10:45:00.091  3745  3745 D wpa_supplicant: nl80211: Drv Event 33 (NL80211_CMD_TRIGGER_SCAN) received for wlan0

03-30 10:45:00.091  3745  3745 D wpa_supplicant: wlan0: nl80211: Scan trigger

03-30 10:45:00.091  3745  3745 D wpa_supplicant: wlan0: Event SCAN_STARTED (47) received

03-30 10:45:00.092  3745  3745 D wpa_supplicant: wlan0: Own scan request started a scan in 0.000156 seconds

03-30 10:45:00.092  3745  3745 D wpa_supplicant: CTRL-DEBUG: ctrl_sock-sendmsg: sock=11 sndbuf=163840 outq=0 send_len=24

03-30 10:45:00.092  3745  3745 D wpa_supplicant: CTRL_IFACE monitor sent successfully to /data/misc/wifi/sockets/wpa_ctrl_2044-2\x00

03-30 10:45:00.143  4229  4367 W WtProcessController: do not trim { PackageName :com.miui.home Pid: 4268 Uid: 10019 Start by: unknown Score:50 Old score:50 state:0 mBackgroundTimeInMillis:1490841872611 WakelockCount:0 wakelogsize:0  ActivityDestroied:false Activity size: 1 PackageInfo:{WhetstonePackageInfo#PacakgeName:com.miui.home uid:10019 uiMemoryThresold:0 nonUiMemoryThresold:0 Flag:-2147483392,0x80000100 [,APP_SYSTEM] Type:0[] } tasknum:17548}

03-30 10:45:00.168   379   472 I ThermalEngine: Sensor:tsens_tz_sensor5:55000 mC

03-30 10:45:00.169   379   516 I ThermalEngine: Sensor:tsens_tz_sensor5:55000 mC

03-30 10:45:00.169   379   516 I ThermalEngine: TM Id 'CPU0_MONITOR' Sensor 'cpu0' - alarm raised 1 at 55.0 degC

03-30 10:45:00.171   379   516 I ThermalEngine: ACTION: CPU - Setting CPU[0] to 1728000

03-30 10:45:00.173   379   516 I ThermalEngine: Mitigation:CPU[0]:1728000 Khz

03-30 10:45:00.173   379   516 I ThermalEngine: ACTION: CPU - Setting CPU[1] to 1728000

03-30 10:45:00.173   379   516 E ThermalEngine: Failed to set desired CPU[1] frequency limit to 1728000

03-30 10:45:00.173   379   516 I ThermalEngine: ACTION: CPU - Setting CPU[2] to 1728000

03-30 10:45:00.174   379   516 E ThermalEngine: Failed to set desired CPU[2] frequency limit to 1728000

03-30 10:45:00.174   379   516 I ThermalEngine: ACTION: CPU - Setting CPU[3] to 1728000

03-30 10:45:00.174   379   516 I ThermalEngine: Mitigation:CPU[3]:1728000 Khz

03-30 10:45:00.208  3745  3745 D wpa_supplicant: nl80211: Event message available

03-30 10:45:00.208  3745  3745 D wpa_supplicant: nl80211: Drv Event 34 (NL80211_CMD_NEW_SCAN_RESULTS) received for wlan0

03-30 10:45:00.208  3745  3745 D wpa_supplicant: wlan0: nl80211: New scan results available

03-30 10:45:00.208  3745  3745 D wpa_supplicant: nl80211: Scan included frequencies: 2412 5280

03-30 10:45:00.208  3745  3745 D wpa_supplicant: wlan0: Event SCAN_RESULTS (3) received

03-30 10:45:00.208  3745  3745 D wpa_supplicant: wlan0: Scan completed in 0.116942 seconds

03-30 10:45:00.209  3745  3745 D wpa_supplicant: nl80211: Associated on 5280 MHz

03-30 10:45:00.209  3745  3745 D wpa_supplicant: nl80211: Associated with cc:81:da:9c:13:28

03-30 10:45:00.209  3745  3745 D wpa_supplicant: nl80211: Received scan results (26 BSSes)

03-30 10:45:00.209  3745  3745 D wpa_supplicant: nl80211: Scan results indicate BSS status with cc:81:da:9c:13:28 as associated

03-30 10:45:00.209  3745  3745 D wpa_supplicant: wlan0: BSS: Start scan result update 5279

03-30 10:45:00.209  3745  3745 D wpa_supplicant: wlan0: BSS: Remove id 8635 BSSID 20:a6:80:6c:2d:c0 SSID 'HUAWEI' due to no match in scan

03-30 10:45:00.209  3745  3745 D wpa_supplicant: CTRL-DEBUG: ctrl_sock-sendmsg: sock=11 sndbuf=163840 outq=0 send_len=45

03-30 10:45:00.209  3745  3745 D wpa_supplicant: CTRL_IFACE monitor sent successfully to /data/misc/wifi/sockets/wpa_ctrl_2044-2\x00

03-30 10:45:00.209  3745  3745 D wpa_supplicant: wlan0: BSS: Remove id 8626 BSSID 20:76:93:24:bd:70 SSID 'wukong222' due to no match in scan

03-30 10:45:00.209  3745  3745 D wpa_supplicant: CTRL-DEBUG: ctrl_sock-sendmsg: sock=11 sndbuf=163840 outq=448 send_len=45

03-30 10:45:00.209  3745  3745 D wpa_supplicant: CTRL_IFACE monitor sent successfully to /data/misc/wifi/sockets/wpa_ctrl_2044-2\x00

03-30 10:45:00.209  3745  3745 D wpa_supplicant: BSS: last_scan_res_used=26/64

03-30 10:45:00.209  3745  3745 D wpa_supplicant: wlan0: Scan-only results received

03-30 10:45:00.209  3745  3745 D wpa_supplicant: CTRL-DEBUG: ctrl_sock-sendmsg: sock=11 sndbuf=163840 outq=896 send_len=24

03-30 10:45:00.209  3745  3745 D wpa_supplicant: CTRL_IFACE monitor sent successfully to /data/misc/wifi/sockets/wpa_ctrl_2044-2\x00

03-30 10:45:00.212  3745  3745 D wpa_supplicant: wlan0: Radio work 'scan'@0xb68d9398 done in 0.134282 seconds

03-30 10:45:00.212  3745  3745 D wpa_supplicant: RTM_NEWLINK: ifi_index=22 ifname=wlan0 wext ifi_family=0 ifi_flags=0x11043 ([UP][RUNNING][LOWER_UP])

03-30 10:45:00.214  3745  3745 D wpa_supplicant: CTRL-DEBUG: global_ctrl_sock-sendto: sock=11 sndbuf=163840 outq=0 send_len=3529

03-30 10:45:00.225  3745  3745 D wpa_supplicant: CTRL-DEBUG: global_ctrl_sock-sendto: sock=11 sndbuf=163840 outq=0 send_len=3598

03-30 10:45:00.228  3745  3745 D wpa_supplicant: CTRL-DEBUG: global_ctrl_sock-sendto: sock=11 sndbuf=163840 outq=0 send_len=3955

03-30 10:45:00.234  3745  3745 D wpa_supplicant: CTRL-DEBUG: global_ctrl_sock-sendto: sock=11 sndbuf=163840 outq=0 send_len=3915

03-30 10:45:00.238  3745  3745 D wpa_supplicant: CTRL-DEBUG: global_ctrl_sock-sendto: sock=11 sndbuf=163840 outq=0 send_len=3850

03-30 10:45:00.240  3745  3745 D wpa_supplicant: CTRL-DEBUG: global_ctrl_sock-sendto: sock=11 sndbuf=163840 outq=0 send_len=3069

03-30 10:45:00.250  4229  4367 W WtProcessController: do not trim { PackageName :com.orvibo.homemate Pid: 21102 Uid: 10143 Start by: service Score:50 Old score:50 state:0 mBackgroundTimeInMillis:1490841881236 WakelockCount:0 wakelogsize:0  ActivityDestroied:false Activity size: 0 PackageInfo:{WhetstonePackageInfo#PacakgeName:com.orvibo.homemate uid:10143 uiMemoryThresold:0 nonUiMemoryThresold:0 Flag:1073745984,0x40001040 [,TRIMHEAPS,FLAG_DEAL_SCHEDULE] Type:64[,AUTO_START] } tasknum:-1}

03-30 10:45:00.264  3745  3745 D wpa_supplicant: EAPOL: EAP Session-Id not available

03-30 10:45:00.264  3745  3745 D wpa_supplicant: CTRL-DEBUG: global_ctrl_sock-sendto: sock=11 sndbuf=163840 outq=0 send_len=279

03-30 10:45:00.361   379   472 I ThermalEngine: Sensor:tsens_tz_sensor5:49000 mC

03-30 10:45:00.361   379   516 I ThermalEngine: Sensor:tsens_tz_sensor5:49000 mC

03-30 10:45:00.361   379   516 I ThermalEngine: TM Id 'CPU0_MONITOR' Sensor 'cpu0' - alarm cleared 1 at 49.0 degC

03-30 10:45:00.363   379   516 I ThermalEngine: ACTION: CPU - Setting CPU[0] to 2457600

03-30 10:45:00.363   379   516 I ThermalEngine: Mitigation:CPU[0]:2457600 Khz

03-30 10:45:00.363   379   516 I ThermalEngine: ACTION: CPU - Setting CPU[1] to 2457600

03-30 10:45:00.364   379   516 E ThermalEngine: Failed to set desired CPU[1] frequency limit to 2457600

03-30 10:45:00.364   379   516 I ThermalEngine: ACTION: CPU - Setting CPU[2] to 2457600

03-30 10:45:00.364   379   516 E ThermalEngine: Failed to set desired CPU[2] frequency limit to 2457600

03-30 10:45:00.364   379   516 I ThermalEngine: ACTION: CPU - Setting CPU[3] to 2457600

03-30 10:45:00.365   379   516 I ThermalEngine: Mitigation:CPU[3]:2457600 Khz

03-30 10:45:00.727  6151  6186 I octvm_klo: read wakeups from wakealarm_fd:1

03-30 10:45:00.727  6151  6186 I octvm_klo: new timerfd interval:

03-30 10:45:00.727  6151  6186 I octvm_klo: 	itval.it_interval.tv_sec 1, itval.it_interval.tv_nsec 0

03-30 10:45:00.727  6151  6186 I octvm_klo: 	itval.it_value.tv_sec 0, itval.it_value.tv_nsec 999996094

03-30 10:45:00.885   379   493 I ThermalEngine: Sensor:batt_temp:361 mC

03-30 10:45:01.271  2044  2118 D AutomaticBrightnessController: drop the lightsensor event ,time=337992050 ,lux=9.551801

03-30 10:45:01.440  2044  2118 D AutomaticBrightnessController: drop the lightsensor event ,time=337992220 ,lux=10.286555

03-30 10:45:01.610  2044  2118 D AutomaticBrightnessController: drop the lightsensor event ,time=337992390 ,lux=10.286555

03-30 10:45:01.694  3745  3745 D wpa_supplicant: wlan0: Control interface command 'SIGNAL_POLL'

03-30 10:45:01.697  3745  3745 D wpa_supplicant: CTRL-DEBUG: global_ctrl_sock-sendto: sock=11 sndbuf=163840 outq=0 send_len=49

03-30 10:45:01.727  6151  6186 I octvm_klo: read wakeups from wakealarm_fd:1

03-30 10:45:01.727  6151  6186 I octvm_klo: new timerfd interval:

03-30 10:45:01.727  6151  6186 I octvm_klo: 	itval.it_interval.tv_sec 1, itval.it_interval.tv_nsec 0

03-30 10:45:01.727  6151  6186 I octvm_klo: 	itval.it_value.tv_sec 0, itval.it_value.tv_nsec 999996666

03-30 10:45:01.886   379   493 I ThermalEngine: Sensor:batt_temp:361 mC

03-30 10:45:02.588  4223  4223 I PowerUtils: Device name:virgo

03-30 10:45:02.591  4223  4223 I PowerUtils: Device name:virgo

03-30 10:45:02.595  4223  4223 W BatteryChargeTimeHelper: Use max, leftChargeTime 7346673 maxChargeTime 4568000

03-30 10:45:02.607  2044  2044 V NotificationService: pkg=com.miui.securitycenter canInterrupt=true intercept=true

03-30 10:45:02.612  4223  4223 I PowerSaveService: Update connected notification, charging true

03-30 10:45:02.615  3746  3798 D StatusBar: onNotificationPosted:  Key: 0|com.miui.securitycenter|2131296947|null|1000 GroupKey: 0|com.miui.securitycenter|2131296947|null|1000 Connected: true

03-30 10:45:02.615  3746  3746 D StatusBar:  GroupChild: false  GroupsContainsKey: false  IsUpdate: true IsGroupSummary: false hasIcon: true

03-30 10:45:02.616  3746  3746 D PhoneStatusBar: updateNotification pkg=com.miui.securitycenter;id=2131296947

03-30 10:45:02.728  6151  6186 I octvm_klo: read wakeups from wakealarm_fd:1

03-30 10:45:02.728  6151  6186 I octvm_klo: new timerfd interval:

03-30 10:45:02.728  6151  6186 I octvm_klo: 	itval.it_interval.tv_sec 1, itval.it_interval.tv_nsec 0

03-30 10:45:02.728  6151  6186 I octvm_klo: 	itval.it_value.tv_sec 0, itval.it_value.tv_nsec 999991042

03-30 10:45:02.887   379   493 I ThermalEngine: Sensor:batt_temp:361 mC

03-30 10:45:03.681  4116  4556 I XiaomiFirewall: firewall pkgName:com.orvibo.homemate, result:0x0

03-30 10:45:03.728  6151  6186 I octvm_klo: read wakeups from wakealarm_fd:1

03-30 10:45:03.728  6151  6186 I octvm_klo: new timerfd interval:

03-30 10:45:03.728  6151  6186 I octvm_klo: 	itval.it_interval.tv_sec 1, itval.it_interval.tv_nsec 0

03-30 10:45:03.728  6151  6186 I octvm_klo: 	itval.it_value.tv_sec 0, itval.it_value.tv_nsec 999996302

03-30 10:45:03.888   379   493 I ThermalEngine: Sensor:batt_temp:362 mC

03-30 10:45:04.704  3745  3745 D wpa_supplicant: wlan0: Control interface command 'SIGNAL_POLL'

03-30 10:45:04.719  3745  3745 D wpa_supplicant: CTRL-DEBUG: global_ctrl_sock-sendto: sock=11 sndbuf=163840 outq=0 send_len=49

03-30 10:45:04.728  6151  6186 I octvm_klo: read wakeups from wakealarm_fd:1

03-30 10:45:04.728  6151  6186 I octvm_klo: new timerfd interval:

03-30 10:45:04.728  6151  6186 I octvm_klo: 	itval.it_interval.tv_sec 1, itval.it_interval.tv_nsec 0

03-30 10:45:04.728  6151  6186 I octvm_klo: 	itval.it_value.tv_sec 0, itval.it_value.tv_nsec 999997656

03-30 10:45:04.890   379   493 I ThermalEngine: Sensor:batt_temp:361 mC

03-30 10:45:05.145 20925 20945 I art     : Background sticky concurrent mark sweep GC freed 289391(16MB) AllocSpace objects, 0(0B) LOS objects, 93% free, 1185KB/17MB, paused 496us total 102.429ms

03-30 10:45:05.728  6151  6186 I octvm_klo: read wakeups from wakealarm_fd:1

03-30 10:45:05.728  6151  6186 I octvm_klo: new timerfd interval:

03-30 10:45:05.728  6151  6186 I octvm_klo: 	itval.it_interval.tv_sec 1, itval.it_interval.tv_nsec 0

03-30 10:45:05.728  6151  6186 I octvm_klo: 	itval.it_value.tv_sec 0, itval.it_value.tv_nsec 999994739

03-30 10:45:05.891   379   493 I ThermalEngine: Sensor:batt_temp:362 mC

03-30 10:45:06.182  4116  4556 I XiaomiFirewall: firewall pkgName:com.qihoo.appstore, result:0x0

03-30 10:45:06.728  6151  6186 I octvm_klo: read wakeups from wakealarm_fd:1

03-30 10:45:06.728  6151  6186 I octvm_klo: new timerfd interval:

03-30 10:45:06.728  6151  6186 I octvm_klo: 	itval.it_interval.tv_sec 1, itval.it_interval.tv_nsec 0

03-30 10:45:06.728  6151  6186 I octvm_klo: 	itval.it_value.tv_sec 0, itval.it_value.tv_nsec 999995938

03-30 10:45:06.892   379   493 I ThermalEngine: Sensor:batt_temp:362 mC

03-30 10:45:07.726  3745  3745 D wpa_supplicant: wlan0: Control interface command 'SIGNAL_POLL'

03-30 10:45:07.728  6151  6186 I octvm_klo: read wakeups from wakealarm_fd:1

03-30 10:45:07.729  6151  6186 I octvm_klo: new timerfd interval:

03-30 10:45:07.729  6151  6186 I octvm_klo: 	itval.it_interval.tv_sec 1, itval.it_interval.tv_nsec 0

03-30 10:45:07.729  6151  6186 I octvm_klo: 	itval.it_value.tv_sec 0, itval.it_value.tv_nsec 999996979

03-30 10:45:07.740  3745  3745 D wpa_supplicant: CTRL-DEBUG: global_ctrl_sock-sendto: sock=11 sndbuf=163840 outq=0 send_len=49

03-30 10:45:07.893   379   493 I ThermalEngine: Sensor:batt_temp:361 mC

03-30 10:45:08.419 25810 25810 W AppWatcher: type=1400 audit(0.0:55210286): avc: denied { getattr } for path="/proc/opalum-temp-calib" dev="proc" ino=4026534631 scontext=u:r:untrusted_app:s0:c512,c768 tcontext=u:object_r:proc_opalum:s0 tclass=file permissive=0

03-30 10:45:08.419 25810 25810 W AppWatcher: type=1400 audit(0.0:55210287): avc: denied { getattr } for path="/proc/opalum-f0-calib" dev="proc" ino=4026534630 scontext=u:r:untrusted_app:s0:c512,c768 tcontext=u:object_r:proc_opalum:s0 tclass=file permissive=0

03-30 10:45:08.419 25810 25810 W AppWatcher: type=1400 audit(0.0:55210288): avc: denied { getattr } for path="/proc/sysrq-trigger" dev="proc" ino=4026533735 scontext=u:r:untrusted_app:s0:c512,c768 tcontext=u:object_r:proc_sysrq:s0 tclass=file permissive=0

03-30 10:45:08.419 25810 25810 W AppWatcher: type=1400 audit(0.0:55210289): avc: denied { getattr } for path="/proc/1" dev="proc" ino=11921139 scontext=u:r:untrusted_app:s0:c512,c768 tcontext=u:r:init:s0 tclass=dir permissive=0

03-30 10:45:08.419 25810 25810 W AppWatcher: type=1400 audit(0.0:55210290): avc: denied { getattr } for path="/proc/2" dev="proc" ino=11961941 scontext=u:r:untrusted_app:s0:c512,c768 tcontext=u:r:kernel:s0 tclass=dir permissive=0

03-30 10:45:08.429 25810 25810 W AppWatcher: type=1400 audit(0.0:55210291): avc: denied { getattr } for path="/proc/3" dev="proc" ino=11961942 scontext=u:r:untrusted_app:s0:c512,c768 tcontext=u:r:kernel:s0 tclass=dir permissive=0

03-30 10:45:08.429 25810 25810 W AppWatcher: type=1400 audit(0.0:55210292): avc: denied { getattr } for path="/proc/6" dev="proc" ino=11961943 scontext=u:r:untrusted_app:s0:c512,c768 tcontext=u:r:kernel:s0 tclass=dir permissive=0

03-30 10:45:08.429 25810 25810 W AppWatcher: type=1400 audit(0.0:55210293): avc: denied { getattr } for path="/proc/7" dev="proc" ino=11961944 scontext=u:r:untrusted_app:s0:c512,c768 tcontext=u:r:kernel:s0 tclass=dir permissive=0

03-30 10:45:08.429 25810 25810 W AppWatcher: type=1400 audit(0.0:55210294): avc: denied { getattr } for path="/proc/8" dev="proc" ino=11961945 scontext=u:r:untrusted_app:s0:c512,c768 tcontext=u:r:kernel:s0 tclass=dir permissive=0

03-30 10:45:08.429 25810 25810 W AppWatcher: type=1400 audit(0.0:55210295): avc: denied { getattr } for path="/proc/21" dev="proc" ino=11961946 scontext=u:r:untrusted_app:s0:c512,c768 tcontext=u:r:kernel:s0 tclass=dir permissive=0

03-30 10:45:08.429 25810 25810 W AppWatcher: type=1400 audit(0.0:55210296): avc: denied { getattr } for path="/proc/22" dev="proc" ino=11961947 scontext=u:r:untrusted_app:s0:c512,c768 tcontext=u:r:kernel:s0 tclass=dir permissive=0

03-30 10:45:08.429 25810 25810 W AppWatcher: type=1400 audit(0.0:55210297): avc: denied { getattr } for path="/proc/28" dev="proc" ino=11961948 scontext=u:r:untrusted_app:s0:c512,c768 tcontext=u:r:kernel:s0 tclass=dir permissive=0

03-30 10:45:08.429 25810 25810 W AppWatcher: type=1400 audit(0.0:55210298): avc: denied { getattr } for path="/proc/29" dev="proc" ino=11961949 scontext=u:r:untrusted_app:s0:c512,c768 tcontext=u:r:kernel:s0 tclass=dir permissive=0

03-30 10:45:08.439 25810 25810 W AppWatcher: type=1400 audit(0.0:55210299): avc: denied { getattr } for path="/proc/30" dev="proc" ino=11961950 scontext=u:r:untrusted_app:s0:c512,c768 tcontext=u:r:kernel:s0 tclass=dir permissive=0

03-30 10:45:08.439 25810 25810 W AppWatcher: type=1400 audit(0.0:55210300): avc: denied { getattr } for path="/proc/32" dev="proc" ino=11961951 scontext=u:r:untrusted_app:s0:c512,c768 tcontext=u:r:kernel:s0 tclass=dir permissive=0

03-30 10:45:08.439 25810 25810 W AppWatcher: type=1400 audit(0.0:55210301): avc: denied { getattr } for path="/proc/33" dev="proc" ino=11961952 scontext=u:r:untrusted_app:s0:c512,c768 tcontext=u:r:kernel:s0 tclass=dir permissive=0

03-30 10:45:08.439 25810 25810 W AppWatcher: type=1400 audit(0.0:55210302): avc: denied { getattr } for path="/proc/34" dev="proc" ino=11961953 scontext=u:r:untrusted_app:s0:c512,c768 tcontext=u:r:kernel:s0 tclass=dir permissive=0

03-30 10:45:08.439 25810 25810 W AppWatcher: type=1400 audit(0.0:55210303): avc: denied { getattr } for path="/proc/61" dev="proc" ino=11961954 scontext=u:r:untrusted_app:s0:c512,c768 tcontext=u:r:kernel:s0 tclass=dir permissive=0

03-30 10:45:08.439 25810 25810 W AppWatcher: type=1400 audit(0.0:55210304): avc: denied { getattr } for path="/proc/62" dev="proc" ino=11961955 scontext=u:r:untrusted_app:s0:c512,c768 tcontext=u:r:kernel:s0 tclass=dir permissive=0

03-30 10:45:08.439 25810 25810 W AppWatcher: type=1400 audit(0.0:55210305): avc: denied { getattr } for path="/proc/63" dev="proc" ino=11961956 scontext=u:r:untrusted_app:s0:c512,c768 tcontext=u:r:kernel:s0 tclass=dir permissive=0

03-30 10:45:08.729  6151  6186 I octvm_klo: read wakeups from wakealarm_fd:1

03-30 10:45:08.729  6151  6186 I octvm_klo: new timerfd interval:

03-30 10:45:08.729  6151  6186 I octvm_klo: 	itval.it_interval.tv_sec 1, itval.it_interval.tv_nsec 0

03-30 10:45:08.729  6151  6186 I octvm_klo: 	itval.it_value.tv_sec 0, itval.it_value.tv_nsec 999993854

03-30 10:45:08.894   379   493 I ThermalEngine: Sensor:batt_temp:362 mC

03-30 10:45:09.517 20981 21050 D NAT     : SYMMETRIC_NAT

03-30 10:45:09.518 20981 21050 D NAT     : call void method before

03-30 10:45:09.519 20981 21050 D NAT     : call void method after

03-30 10:45:09.729  6151  6186 I octvm_klo: read wakeups from wakealarm_fd:1

03-30 10:45:09.729  6151  6186 I octvm_klo: new timerfd interval:

03-30 10:45:09.729  6151  6186 I octvm_klo: 	itval.it_interval.tv_sec 1, itval.it_interval.tv_nsec 0

03-30 10:45:09.729  6151  6186 I octvm_klo: 	itval.it_value.tv_sec 0, itval.it_value.tv_nsec 999997552

03-30 10:45:09.895   379   493 I ThermalEngine: Sensor:batt_temp:362 mC

03-30 10:45:10.730  6151  6186 I octvm_klo: read wakeups from wakealarm_fd:1

03-30 10:45:10.730  6151  6186 I octvm_klo: new timerfd interval:

03-30 10:45:10.730  6151  6186 I octvm_klo: 	itval.it_interval.tv_sec 1, itval.it_interval.tv_nsec 0

03-30 10:45:10.730  6151  6186 I octvm_klo: 	itval.it_value.tv_sec 0, itval.it_value.tv_nsec 999994948

03-30 10:45:10.748  3745  3745 D wpa_supplicant: wlan0: Control interface command 'SIGNAL_POLL'

03-30 10:45:10.764  3745  3745 D wpa_supplicant: CTRL-DEBUG: global_ctrl_sock-sendto: sock=11 sndbuf=163840 outq=0 send_len=49

03-30 10:45:10.896   379   493 I ThermalEngine: Sensor:batt_temp:362 mC

03-30 10:45:11.641  2044  2118 D AutomaticBrightnessController: drop the lightsensor event ,time=338002421 ,lux=9.551801

03-30 10:45:11.730  6151  6186 I octvm_klo: read wakeups from wakealarm_fd:1

03-30 10:45:11.730  6151  6186 I octvm_klo: new timerfd interval:

03-30 10:45:11.730  6151  6186 I octvm_klo: 	itval.it_interval.tv_sec 1, itval.it_interval.tv_nsec 0

03-30 10:45:11.730  6151  6186 I octvm_klo: 	itval.it_value.tv_sec 0, itval.it_value.tv_nsec 999996250

03-30 10:45:11.810  2044  2118 D AutomaticBrightnessController: drop the lightsensor event ,time=338002590 ,lux=2.9390156

03-30 10:45:11.897   379   493 I ThermalEngine: Sensor:batt_temp:361 mC

03-30 10:45:11.981  2044  2118 D AutomaticBrightnessController: drop the lightsensor event ,time=338002761 ,lux=2.9390156

03-30 10:45:12.151  2044  2118 D AutomaticBrightnessController: drop the lightsensor event ,time=338002930 ,lux=8.0822935

03-30 10:45:12.320  2044  2118 D AutomaticBrightnessController: drop the lightsensor event ,time=338003100 ,lux=5.8780313

03-30 10:45:12.490  2044  2118 D AutomaticBrightnessController: drop the lightsensor event ,time=338003270 ,lux=10.286555

03-30 10:45:12.660  2044  2118 D AutomaticBrightnessController: drop the lightsensor event ,time=338003440 ,lux=18.368849

03-30 10:45:12.730  6151  6186 I octvm_klo: read wakeups from wakealarm_fd:1

03-30 10:45:12.730  6151  6186 I octvm_klo: new timerfd interval:

03-30 10:45:12.730  6151  6186 I octvm_klo: 	itval.it_interval.tv_sec 1, itval.it_interval.tv_nsec 0

03-30 10:45:12.730  6151  6186 I octvm_klo: 	itval.it_value.tv_sec 0, itval.it_value.tv_nsec 999995261

03-30 10:45:12.898   379   493 I ThermalEngine: Sensor:batt_temp:362 mC

03-30 10:45:13.511  2044  2118 D AutomaticBrightnessController: drop the lightsensor event ,time=338004291 ,lux=4.4085236

03-30 10:45:13.680  2044  2118 D AutomaticBrightnessController: drop the lightsensor event ,time=338004460 ,lux=5.8780313

03-30 10:45:13.733  6151  6186 I octvm_klo: read wakeups from wakealarm_fd:1

03-30 10:45:13.733  6151  6186 I octvm_klo: new timerfd interval:

03-30 10:45:13.733  6151  6186 I octvm_klo: 	itval.it_interval.tv_sec 1, itval.it_interval.tv_nsec 0

03-30 10:45:13.733  6151  6186 I octvm_klo: 	itval.it_value.tv_sec 0, itval.it_value.tv_nsec 999994792

03-30 10:45:13.770  3745  3745 D wpa_supplicant: wlan0: Control interface command 'SIGNAL_POLL'

03-30 10:45:13.785  3745  3745 D wpa_supplicant: CTRL-DEBUG: global_ctrl_sock-sendto: sock=11 sndbuf=163840 outq=0 send_len=49

03-30 10:45:13.900   379   493 I ThermalEngine: Sensor:batt_temp:362 mC

03-30 10:45:14.734  6151  6186 I octvm_klo: read wakeups from wakealarm_fd:1

03-30 10:45:14.734  6151  6186 I octvm_klo: new timerfd interval:

03-30 10:45:14.734  6151  6186 I octvm_klo: 	itval.it_interval.tv_sec 1, itval.it_interval.tv_nsec 0

03-30 10:45:14.734  6151  6186 I octvm_klo: 	itval.it_value.tv_sec 0, itval.it_value.tv_nsec 999997187

03-30 10:45:14.903   379   493 I ThermalEngine: Sensor:batt_temp:362 mC

03-30 10:45:15.677  4569  7585 D FrozenAppController: FrozenAPP, is HasProcessOOMTooLow

03-30 10:45:15.677  4569  7585 D FrozenAppController: >>> event = 22 >>> state = 2 uid 10124

03-30 10:45:15.678  4569  7585 V FrozenAppController:     >>>>  MSG_FROZEN_APP : { uid: 10124 mState:2 mEvent:22 mIsForeground:false mLocationPolicy:0}

03-30 10:45:15.720  2044  2118 D AutomaticBrightnessController: drop the lightsensor event ,time=338006500 ,lux=11.021309

03-30 10:45:15.734  6151  6186 I octvm_klo: read wakeups from wakealarm_fd:1

03-30 10:45:15.734  6151  6186 I octvm_klo: new timerfd interval:

03-30 10:45:15.734  6151  6186 I octvm_klo: 	itval.it_interval.tv_sec 1, itval.it_interval.tv_nsec 0

03-30 10:45:15.734  6151  6186 I octvm_klo: 	itval.it_value.tv_sec 0, itval.it_value.tv_nsec 999996875

03-30 10:45:15.891  2044  2118 D AutomaticBrightnessController: drop the lightsensor event ,time=338006671 ,lux=3.6737695

03-30 10:45:15.911   379   493 I ThermalEngine: Sensor:batt_temp:362 mC

03-30 10:45:16.060  2044  2118 D AutomaticBrightnessController: drop the lightsensor event ,time=338006840 ,lux=3.6737695

03-30 10:45:16.132  4569  7585 D FrozenAppController: FrozenAPP, is HasProcessOOMTooLow

03-30 10:45:16.133  4569  7585 D FrozenAppController: >>> event = 22 >>> state = 0 uid 10120

03-30 10:45:16.133  4569  7585 V FrozenAppController:     >>>>  MSG_FROZEN_APP : { uid: 10120 mState:0 mEvent:22 mIsForeground:false mLocationPolicy:255}

03-30 10:45:16.148  4569  7585 D FrozenAppController: FrozenAPP, is HasProcessOOMTooLow

03-30 10:45:16.148  4569  7585 D FrozenAppController: >>> event = 22 >>> state = 0 uid 10120

03-30 10:45:16.148  4569  7585 V FrozenAppController:     >>>>  MSG_FROZEN_APP : { uid: 10120 mState:0 mEvent:22 mIsForeground:false mLocationPolicy:255}

03-30 10:45:16.231  2044  2118 D AutomaticBrightnessController: drop the lightsensor event ,time=338007011 ,lux=8.817047

03-30 10:45:16.400  2044  2118 D AutomaticBrightnessController: drop the lightsensor event ,time=338007180 ,lux=8.0822935

03-30 10:45:16.736  6151  6186 I octvm_klo: read wakeups from wakealarm_fd:1

03-30 10:45:16.736  6151  6186 I octvm_klo: new timerfd interval:

03-30 10:45:16.736  6151  6186 I octvm_klo: 	itval.it_interval.tv_sec 1, itval.it_interval.tv_nsec 0

03-30 10:45:16.736  6151  6186 I octvm_klo: 	itval.it_value.tv_sec 0, itval.it_value.tv_nsec 999997031

03-30 10:45:16.791  3745  3745 D wpa_supplicant: wlan0: Control interface command 'SIGNAL_POLL'

03-30 10:45:16.810  3745  3745 D wpa_supplicant: CTRL-DEBUG: global_ctrl_sock-sendto: sock=11 sndbuf=163840 outq=0 send_len=49

03-30 10:45:16.912   379   493 I ThermalEngine: Sensor:batt_temp:361 mC

03-30 10:45:17.591  2044  2118 D AutomaticBrightnessController: drop the lightsensor event ,time=338008371 ,lux=51.432777

03-30 10:45:17.736  6151  6186 I octvm_klo: read wakeups from wakealarm_fd:1

03-30 10:45:17.736  6151  6186 I octvm_klo: new timerfd interval:

03-30 10:45:17.736  6151  6186 I octvm_klo: 	itval.it_interval.tv_sec 1, itval.it_interval.tv_nsec 0

03-30 10:45:17.736  6151  6186 I octvm_klo: 	itval.it_value.tv_sec 0, itval.it_value.tv_nsec 999996511

03-30 10:45:17.761  2044  2118 D AutomaticBrightnessController: drop the lightsensor event ,time=338008540 ,lux=9.551801

03-30 10:45:17.913   379   493 I ThermalEngine: Sensor:batt_temp:361 mC

03-30 10:45:17.930  2044  2118 D AutomaticBrightnessController: drop the lightsensor event ,time=338008710 ,lux=6.6127853

03-30 10:45:18.104  2044  2118 D AutomaticBrightnessController: drop the lightsensor event ,time=338008884 ,lux=11.021309

03-30 10:45:18.609 25810 25810 W AppWatcher: type=1400 audit(0.0:55210554): avc: denied { getattr } for path="/proc/opalum-temp-calib" dev="proc" ino=4026534631 scontext=u:r:untrusted_app:s0:c512,c768 tcontext=u:object_r:proc_opalum:s0 tclass=file permissive=0

03-30 10:45:18.609 25810 25810 W AppWatcher: type=1400 audit(0.0:55210555): avc: denied { getattr } for path="/proc/opalum-f0-calib" dev="proc" ino=4026534630 scontext=u:r:untrusted_app:s0:c512,c768 tcontext=u:object_r:proc_opalum:s0 tclass=file permissive=0

03-30 10:45:18.609 25810 25810 W AppWatcher: type=1400 audit(0.0:55210556): avc: denied { getattr } for path="/proc/sysrq-trigger" dev="proc" ino=4026533735 scontext=u:r:untrusted_app:s0:c512,c768 tcontext=u:object_r:proc_sysrq:s0 tclass=file permissive=0

03-30 10:45:18.619 25810 25810 W AppWatcher: type=1400 audit(0.0:55210557): avc: denied { getattr } for path="/proc/1" dev="proc" ino=11921139 scontext=u:r:untrusted_app:s0:c512,c768 tcontext=u:r:init:s0 tclass=dir permissive=0

03-30 10:45:18.639 25810 25810 W AppWatcher: type=1400 audit(0.0:55210558): avc: denied { getattr } for path="/proc/2" dev="proc" ino=11961941 scontext=u:r:untrusted_app:s0:c512,c768 tcontext=u:r:kernel:s0 tclass=dir permissive=0

03-30 10:45:18.639 25810 25810 W AppWatcher: type=1400 audit(0.0:55210559): avc: denied { getattr } for path="/proc/3" dev="proc" ino=11961942 scontext=u:r:untrusted_app:s0:c512,c768 tcontext=u:r:kernel:s0 tclass=dir permissive=0

03-30 10:45:18.639 25810 25810 W AppWatcher: type=1400 audit(0.0:55210560): avc: denied { getattr } for path="/proc/6" dev="proc" ino=11961943 scontext=u:r:untrusted_app:s0:c512,c768 tcontext=u:r:kernel:s0 tclass=dir permissive=0

03-30 10:45:18.639 25810 25810 W AppWatcher: type=1400 audit(0.0:55210561): avc: denied { getattr } for path="/proc/7" dev="proc" ino=11961944 scontext=u:r:untrusted_app:s0:c512,c768 tcontext=u:r:kernel:s0 tclass=dir permissive=0

03-30 10:45:18.639 25810 25810 W AppWatcher: type=1400 audit(0.0:55210562): avc: denied { getattr } for path="/proc/8" dev="proc" ino=11961945 scontext=u:r:untrusted_app:s0:c512,c768 tcontext=u:r:kernel:s0 tclass=dir permissive=0

03-30 10:45:18.639 25810 25810 W AppWatcher: type=1400 audit(0.0:55210563): avc: denied { getattr } for path="/proc/21" dev="proc" ino=11961946 scontext=u:r:untrusted_app:s0:c512,c768 tcontext=u:r:kernel:s0 tclass=dir permissive=0

03-30 10:45:18.639 25810 25810 W AppWatcher: type=1400 audit(0.0:55210564): avc: denied { getattr } for path="/proc/22" dev="proc" ino=11961947 scontext=u:r:untrusted_app:s0:c512,c768 tcontext=u:r:kernel:s0 tclass=dir permissive=0

03-30 10:45:18.639 25810 25810 W AppWatcher: type=1400 audit(0.0:55210565): avc: denied { getattr } for path="/proc/28" dev="proc" ino=11961948 scontext=u:r:untrusted_app:s0:c512,c768 tcontext=u:r:kernel:s0 tclass=dir permissive=0

03-30 10:45:18.649 25810 25810 W AppWatcher: type=1400 audit(0.0:55210566): avc: denied { getattr } for path="/proc/29" dev="proc" ino=11961949 scontext=u:r:untrusted_app:s0:c512,c768 tcontext=u:r:kernel:s0 tclass=dir permissive=0

03-30 10:45:18.649 25810 25810 W AppWatcher: type=1400 audit(0.0:55210567): avc: denied { getattr } for path="/proc/30" dev="proc" ino=11961950 scontext=u:r:untrusted_app:s0:c512,c768 tcontext=u:r:kernel:s0 tclass=dir permissive=0

03-30 10:45:18.649 25810 25810 W AppWatcher: type=1400 audit(0.0:55210568): avc: denied { getattr } for path="/proc/32" dev="proc" ino=11961951 scontext=u:r:untrusted_app:s0:c512,c768 tcontext=u:r:kernel:s0 tclass=dir permissive=0

03-30 10:45:18.649 25810 25810 W AppWatcher: type=1400 audit(0.0:55210569): avc: denied { getattr } for path="/proc/33" dev="proc" ino=11961952 scontext=u:r:untrusted_app:s0:c512,c768 tcontext=u:r:kernel:s0 tclass=dir permissive=0

03-30 10:45:18.649 25810 25810 W AppWatcher: type=1400 audit(0.0:55210570): avc: denied { getattr } for path="/proc/34" dev="proc" ino=11961953 scontext=u:r:untrusted_app:s0:c512,c768 tcontext=u:r:kernel:s0 tclass=dir permissive=0

03-30 10:45:18.649 25810 25810 W AppWatcher: type=1400 audit(0.0:55210571): avc: denied { getattr } for path="/proc/61" dev="proc" ino=11961954 scontext=u:r:untrusted_app:s0:c512,c768 tcontext=u:r:kernel:s0 tclass=dir permissive=0

03-30 10:45:18.649 25810 25810 W AppWatcher: type=1400 audit(0.0:55210572): avc: denied { getattr } for path="/proc/62" dev="proc" ino=11961955 scontext=u:r:untrusted_app:s0:c512,c768 tcontext=u:r:kernel:s0 tclass=dir permissive=0

03-30 10:45:18.649 25810 25810 W AppWatcher: type=1400 audit(0.0:55210573): avc: denied { getattr } for path="/proc/63" dev="proc" ino=11961956 scontext=u:r:untrusted_app:s0:c512,c768 tcontext=u:r:kernel:s0 tclass=dir permissive=0

03-30 10:45:18.673  4223  4223 I PowerUtils: Device name:virgo

03-30 10:45:18.676  4223  4223 I PowerUtils: Device name:virgo

03-30 10:45:18.679  4223  4223 W BatteryChargeTimeHelper: Use max, leftChargeTime 7346673 maxChargeTime 4568000

03-30 10:45:18.697  4223  4223 I PowerSaveService: Update connected notification, charging true

03-30 10:45:18.698  2044  2044 V NotificationService: pkg=com.miui.securitycenter canInterrupt=true intercept=true

03-30 10:45:18.701  3746  5558 D StatusBar: onNotificationPosted:  Key: 0|com.miui.securitycenter|2131296947|null|1000 GroupKey: 0|com.miui.securitycenter|2131296947|null|1000 Connected: true

03-30 10:45:18.701  3746  3746 D StatusBar:  GroupChild: false  GroupsContainsKey: false  IsUpdate: true IsGroupSummary: false hasIcon: true

03-30 10:45:18.702  3746  3746 D PhoneStatusBar: updateNotification pkg=com.miui.securitycenter;id=2131296947

03-30 10:45:18.736  6151  6186 I octvm_klo: read wakeups from wakealarm_fd:1

03-30 10:45:18.736  6151  6186 I octvm_klo: new timerfd interval:

03-30 10:45:18.736  6151  6186 I octvm_klo: 	itval.it_interval.tv_sec 1, itval.it_interval.tv_nsec 0

03-30 10:45:18.736  6151  6186 I octvm_klo: 	itval.it_value.tv_sec 0, itval.it_value.tv_nsec 999996198

03-30 10:45:18.915   379   493 I ThermalEngine: Sensor:batt_temp:362 mC

03-30 10:45:19.736  6151  6186 I octvm_klo: read wakeups from wakealarm_fd:1

03-30 10:45:19.736  6151  6186 I octvm_klo: new timerfd interval:

03-30 10:45:19.736  6151  6186 I octvm_klo: 	itval.it_interval.tv_sec 1, itval.it_interval.tv_nsec 0

03-30 10:45:19.736  6151  6186 I octvm_klo: 	itval.it_value.tv_sec 0, itval.it_value.tv_nsec 999996980

03-30 10:45:19.814  3745  3745 D wpa_supplicant: wlan0: Control interface command 'SIGNAL_POLL'

03-30 10:45:19.829  3745  3745 D wpa_supplicant: CTRL-DEBUG: global_ctrl_sock-sendto: sock=11 sndbuf=163840 outq=0 send_len=49

03-30 10:45:19.916   379   493 I ThermalEngine: Sensor:batt_temp:361 mC

03-30 10:45:20.078  2044  3620 D WifiStateMachine: starting scan for "56.1_neiwang"-WPA_PSK with 5280,2412

03-30 10:45:20.079  3745  3745 D wpa_supplicant: wlan0: Control interface command 'SCAN TYPE=ONLY freq=5280,2412'

03-30 10:45:20.079  3745  3745 D wpa_supplicant: wlan0: Setting scan request: 0.000000 sec

03-30 10:45:20.079  3745  3745 D wpa_supplicant: CTRL-DEBUG: global_ctrl_sock-sendto: sock=11 sndbuf=163840 outq=0 send_len=3

03-30 10:45:20.079  3745  3745 D wpa_supplicant: wlan0: Starting AP scan for wildcard SSID

03-30 10:45:20.079  3745  3745 D wpa_supplicant: wlan0: Limit manual scan to specified channels

03-30 10:45:20.079  3745  3745 D wpa_supplicant: wlan0: Add radio work 'scan'@0xb68d9398

03-30 10:45:20.079  3745  3745 D wpa_supplicant: wlan0: First radio work item in the queue - schedule start immediately

03-30 10:45:20.079  3745  3745 D wpa_supplicant: wlan0: Starting radio work 'scan'@0xb68d9398 after 0.000057 second wait

03-30 10:45:20.079  3745  3745 D wpa_supplicant: wlan0: nl80211: scan request

03-30 10:45:20.079  3745  3745 D wpa_supplicant: nl80211: Scan SSID - hexdump(len=0): [NULL]

03-30 10:45:20.079  3745  3745 D wpa_supplicant: nl80211: Scan extra IEs - hexdump(len=7): 7f 05 00 00 0a 02 01

03-30 10:45:20.079  3745  3745 D wpa_supplicant: nl80211: Scan frequency 2412 MHz

03-30 10:45:20.079  3745  3745 D wpa_supplicant: nl80211: Scan frequency 5280 MHz

03-30 10:45:20.092  3745  3745 D wpa_supplicant: Scan requested (ret=0) - scan timeout 30 seconds

03-30 10:45:20.092  3745  3745 D wpa_supplicant: nl80211: Event message available

03-30 10:45:20.092  3745  3745 D wpa_supplicant: nl80211: Drv Event 33 (NL80211_CMD_TRIGGER_SCAN) received for wlan0

03-30 10:45:20.092  3745  3745 D wpa_supplicant: wlan0: nl80211: Scan trigger

03-30 10:45:20.093  3745  3745 D wpa_supplicant: wlan0: Event SCAN_STARTED (47) received

03-30 10:45:20.093  3745  3745 D wpa_supplicant: wlan0: Own scan request started a scan in 0.000170 seconds

03-30 10:45:20.093  3745  3745 D wpa_supplicant: CTRL-DEBUG: ctrl_sock-sendmsg: sock=11 sndbuf=163840 outq=0 send_len=24

03-30 10:45:20.093  3745  3745 D wpa_supplicant: CTRL_IFACE monitor sent successfully to /data/misc/wifi/sockets/wpa_ctrl_2044-2\x00

03-30 10:45:20.212  3745  3745 D wpa_supplicant: nl80211: Event message available

03-30 10:45:20.212  3745  3745 D wpa_supplicant: nl80211: Drv Event 34 (NL80211_CMD_NEW_SCAN_RESULTS) received for wlan0

03-30 10:45:20.212  3745  3745 D wpa_supplicant: wlan0: nl80211: New scan results available

03-30 10:45:20.212  3745  3745 D wpa_supplicant: nl80211: Scan included frequencies: 2412 5280

03-30 10:45:20.212  3745  3745 D wpa_supplicant: wlan0: Event SCAN_RESULTS (3) received

03-30 10:45:20.212  3745  3745 D wpa_supplicant: wlan0: Scan completed in 0.119208 seconds

03-30 10:45:20.212  3745  3745 D wpa_supplicant: nl80211: Associated on 5280 MHz

03-30 10:45:20.212  3745  3745 D wpa_supplicant: nl80211: Associated with cc:81:da:9c:13:28

03-30 10:45:20.212  3745  3745 D wpa_supplicant: nl80211: Received scan results (27 BSSes)

03-30 10:45:20.212  3745  3745 D wpa_supplicant: nl80211: Scan results indicate BSS status with cc:81:da:9c:13:28 as associated

03-30 10:45:20.212  3745  3745 D wpa_supplicant: wlan0: BSS: Start scan result update 5280

03-30 10:45:20.212  3745  3745 D wpa_supplicant: wlan0: BSS: Add new id 8637 BSSID 20:76:93:24:bd:70 SSID 'wukong222'

03-30 10:45:20.212  3745  3745 D wpa_supplicant: CTRL-DEBUG: ctrl_sock-sendmsg: sock=11 sndbuf=163840 outq=0 send_len=43

03-30 10:45:20.212  3745  3745 D wpa_supplicant: CTRL_IFACE monitor sent successfully to /data/misc/wifi/sockets/wpa_ctrl_2044-2\x00

03-30 10:45:20.213  3745  3745 D wpa_supplicant: BSS: last_scan_res_used=27/64

03-30 10:45:20.213  3745  3745 D wpa_supplicant: wlan0: Scan-only results received

