03-30 11:28:23.951 29494 29494 D HomeMate: comm[ main: QueryUnbinds.java:69 queryAllWifiDevices() ] - QueryUnbinds.queryWifiSockets

03-30 11:28:23.951 29494 29677 D HomeMate: comm[ pool-5-thread-1: BaseRequest.java:511 stopRequest() ] -  Stop request com.orvibo.homemate.model.gateway.SearchNewHub$3@216327c

03-30 11:28:23.953 29494 29590 I HomeMate: comm[ pool-6-thread-2: BaseRequest.java:118 doRequestAsync() ] - registerEvent: com.orvibo.homemate.device.searchdevice.SearchDevice$2@ebd7705

03-30 11:28:23.957 29494 29590 D HomeMate: comm[ pool-6-thread-2: BaseRequest.java:978 saveSerial() ] - Record serial 1231091974 on com.orvibo.homemate.device.searchdevice.SearchDevice$2@ebd7705

03-30 11:28:23.957 29494 29594 D HomeMate: comm[ pool-4-thread-1: MinaSocket.java:139 send() ] - target:server,position:server start request.requestConfig:RequestConfig{state=2, type=0, target=1, requestConf=RequestConf{totalCount=2, intervalTime=3500, lastTimeoutTime=5000}},messageLength:90

03-30 11:28:23.957 29494 29594 D HomeMate: sConnectFutures:{server=org.apache.mina.core.polling.AbstractPollingIoConnector$ConnectionRequest@ef9bdd7}

03-30 11:28:23.958 29494 29594 I HomeMate: comm[ pool-4-thread-1: CodecEncoder.java:44 encode() ] - encode()-ç¼–ç å®Œæˆ,å‘IP:/192.168.2.242:10001å†™æ•°æ?(90):68,64,00,5a,64,6b,18,38,c3,ff,64,32,39,38,32,66,39,36,66,63,34,37,34,35,31,64,38,66,31,39,61,33,64,61,34,34,33,64,65,66,62,65,3e,d5,22,3c,78,72,95,35,ff,b2,9b,ef,9f,34,e3,2b,53,36,0d,40,a1,50,1e,5f,69,06,93,51,68,9a,da,8c,e8,38,04,37,18,44,03,66,8f,e4,46,1a,87,e3,2e,a4

03-30 11:28:23.959 29494 29594 D HomeMate: comm[ pool-4-thread-1: MinaSocket.java:157 send() ] - isWritten:true,ioSession:(0x00000001: nio socket, client, /192.168.56.181:46966 => /192.168.2.242:10001)

03-30 11:28:23.960 29494 29594 V HomeMate: comm[ pool-4-thread-1: BaseRequest.java:180 onAsyncTick() ] - Send command:Command{

03-30 11:28:23.960 29494 29594 V HomeMate: uid='server'

03-30 11:28:23.960 29494 29594 V HomeMate: serial=1231091974

03-30 11:28:23.960 29494 29594 V HomeMate: cmd=66

03-30 11:28:23.960 29494 29594 V HomeMate: crc='1838C3FF'

03-30 11:28:23.960 29494 29594 V HomeMate: requestConfig=RequestConfig{state=2, type=0, target=1, requestConf=RequestConf{totalCount=2, intervalTime=3500, lastTimeoutTime=5000}}

03-30 11:28:23.960 29494 29594 V HomeMate: jsonObject={"cmd":66,"serial":1231091974,"ver":"2.3.0"}}

03-30 11:28:24.181 29494 29662 D HomeMate: comm[ NioProcessor-7: CodecDecoder.java:44 doDecode() ] - hd:6864,actualLen:106

03-30 11:28:24.182 29494 29662 I HomeMate: comm[ NioProcessor-7: CodecDecoder.java:76 doDecode() ] - æŽ¥æ”¶åˆ°IP:192.168.2.242çš„æ•°æ®ï¼š68,64,0,6a,64,6b,88,25,f0,a0,64,32,39,38,32,66,39,36,66,63,34,37,34,35,31,64,38,66,31,39,61,33,64,61,34,34,33,64,65,66,62,65,d0,47,e2,d3,76,7f,63,b0,61,7,74,f,fe,dd,5b,55,c,1d,9b,22,de,78,28,53,f4,6f,fa,dd,62,87,70,f2,48,a3,db,bf,6a,2c,c6,e8,c4,29,f,e1,6c,18,89,9a,7e,cd,40,e8,f1,dc,11,20,fe,41,a8,a,5f,59,e6,10

03-30 11:28:24.183 29494 29677 I HomeMate: comm[ pool-5-thread-1: SocketUtil.java:70 progressMessage() ] - protocolType[dk],crc:8825F0A0,sessionId:d2982f96fc47451d8f19a3da443defbe,jsonLen:64,ip:192.168.2.242,port:10001

03-30 11:28:24.185 29494 29677 I HomeMate: comm[ pool-5-thread-1: SocketUtil.java:108 progressMessage() ] - After decrypt json[{"serial":1231091974,"deviceList":"[]","cmd":66,"status":0}]

03-30 11:28:24.194 29494 29677 D HomeMate: comm[ pool-5-thread-1: ProcessPayload.java:3044 parseJson2DeviceList() ] - count = 0

03-30 11:28:24.202 29494 29494 D HomeMate: comm[ main: QueryUnbinds.java:98 onEventMainThread() ] - QueryUnbinds.onEventMainThread event.getDeviceUnbindList() = []

03-30 11:28:24.203 29494 29494 D HomeMate: comm[ main: QueryUnbinds.java:99 onEventMainThread() ] - QueryUnbinds onEventMainThread configAp:false

03-30 11:28:24.203 29494 29494 D HomeMate: comm[ main: BaseRequest.java:511 stopRequest() ] -  Stop request com.orvibo.homemate.device.searchdevice.SearchDevice$2@ebd7705

03-30 11:28:24.263 29441 29441 I QueryController: Matched selector: UiSelector[INSTANCE=0, RESOURCE_ID=com.orvibo.homemate:id/iv_personal_user_icon] <<==>> [android.view.accessibility.AccessibilityNodeInfo@8004a1d8; boundsInParent: Rect(0, 0 - 347, 347); boundsInScreen: Rect(366, 138 - 713, 485); packageName: com.orvibo.homemate; className: android.widget.ImageView; text: null; error: null; maxTextLength: -1; contentDescription: ç”¨æˆ·å¤´åƒ116; viewIdResName: com.orvibo.homemate:id/iv_personal_user_icon; checkable: false; checked: false; focusable: false; focused: false; selected: false; clickable: true; longClickable: false; contextClickable: false; enabled: true; password: false; scrollable: false; actions: [AccessibilityAction: ACTION_SELECT - null, AccessibilityAction: ACTION_CLEAR_SELECTION - null, AccessibilityAction: ACTION_CLICK - null, AccessibilityAction: ACTION_ACCESSIBILITY_FOCUS - null, AccessibilityAction: ACTION_NEXT_AT_MOVEMENT_GRANULARITY - null, AccessibilityAction: ACTION_PREVIOUS_AT_MOVEMENT_GRANULARITY - null, AccessibilityAction: ACTION_SET_SELECTION - null, AccessibilityAction: ACTION_UNKNOWN - null]]

03-30 11:28:24.300 29441 29441 I QueryController: Matched selector: UiSelector[INSTANCE=0, RESOURCE_ID=com.orvibo.homemate:id/iv_personal_user_icon] <<==>> [android.view.accessibility.AccessibilityNodeInfo@8004a1d8; boundsInParent: Rect(0, 0 - 347, 347); boundsInScreen: Rect(366, 138 - 713, 485); packageName: com.orvibo.homemate; className: android.widget.ImageView; text: null; error: null; maxTextLength: -1; contentDescription: ç”¨æˆ·å¤´åƒ116; viewIdResName: com.orvibo.homemate:id/iv_personal_user_icon; checkable: false; checked: false; focusable: false; focused: false; selected: false; clickable: true; longClickable: false; contextClickable: false; enabled: true; password: false; scrollable: false; actions: [AccessibilityAction: ACTION_SELECT - null, AccessibilityAction: ACTION_CLEAR_SELECTION - null, AccessibilityAction: ACTION_CLICK - null, AccessibilityAction: ACTION_ACCESSIBILITY_FOCUS - null, AccessibilityAction: ACTION_NEXT_AT_MOVEMENT_GRANULARITY - null, AccessibilityAction: ACTION_PREVIOUS_AT_MOVEMENT_GRANULARITY - null, AccessibilityAction: ACTION_SET_SELECTION - null, AccessibilityAction: ACTION_UNKNOWN - null]]

03-30 11:28:24.310 29441 29441 D InteractionController: clickAndSync(539, 311)

03-30 11:28:24.419 29494 29494 I Timeline: Timeline: Activity_launch_request time:340595199

03-30 11:28:24.438  2044  4374 I ActivityManager: START u0 {cmp=com.orvibo.homemate/.user.UserActivity (has extras)} from uid 10143 on display 0

03-30 11:28:24.453  4229  4367 D WtProcessController: onAMCreateActivity callback

03-30 11:28:24.453  4229  4367 D WtProcessController: onAMPauseActivity callback

03-30 11:28:24.493 29494 29494 D UTAnalytics:UTDC: pid:29494 [commit] page:Main,eventId:2001,arg1:Launch,arg2:arg3:4934,args:{SDKTYPE=mini},

03-30 11:28:24.503 29494 29494 D UTAnalytics:UTLog: pid:29494 Log [id=0, eventId=2001, index=],867451020054497||460015796275061||Xiaomi||MI NOTE LTE||1920*1080||Unknown||Wi-Fi||Unknown||null||23256401||2.3.0.300||-||-||-||-||zh||a||6.0.1||2.5.1_for_bc||1490844496898||WJfwe+sntC4DAAdSBLpxQDCW||mini||-||-||-||-||_ap=1_mac=02:00:00:00:00:00||1490844504493||Main||2001||Launch||-||4934||-,

03-30 11:28:24.503 29494 29494 D UTAnalytics:LogStoreMgr: pid:29494 [add] :,

03-30 11:28:24.507 29494 29494 D HomeMate: comm[ main: BaseActivity.java:198 onPause() ] - MainActivity

03-30 11:28:24.512  4229  4367 D WtProcessController: onAMRestartActivity callback

03-30 11:28:24.513  2044  4104 I Timeline: Timeline: App_transition_ready time:340595293

03-30 11:28:24.536 29494 29494 D HomeMate: comm[ main: BaseActivity.java:127 onCreate() ] - onCreate:UserActivity

03-30 11:28:24.537 29494 29494 D HomeMate: allen[ main: ActivityManager.java:47 pushActivity() ] - pushActivity:com.orvibo.homemate.user.UserActivity@193ed74

03-30 11:28:24.560 29494 29494 V BoostFramework: BoostFramework() : mPerf = com.qualcomm.qti.Performance@a2afb36

03-30 11:28:24.560 29494 29494 V BoostFramework: BoostFramework() : mPerf = com.qualcomm.qti.Performance@e9b9a37

03-30 11:28:24.566  6151  6186 I octvm_klo: read wakeups from wakealarm_fd:1

03-30 11:28:24.566  6151  6186 I octvm_klo: new timerfd interval:

03-30 11:28:24.566  6151  6186 I octvm_klo: 	itval.it_interval.tv_sec 1, itval.it_interval.tv_nsec 0

03-30 11:28:24.566  6151  6186 I octvm_klo: 	itval.it_value.tv_sec 0, itval.it_value.tv_nsec 999992604

03-30 11:28:24.613 29494 29494 D HomeMate: comm[ main: BaseActivity.java:154 onResume() ] - UserActivity

03-30 11:28:24.614 29494 29494 E HomeMate: comm[ main: UserActivity.java:189 refresh() ] - Account{userId='46133a343fe94a22b785977ae0938180', familyId='null', password='E10ADC3949BA59ABBE56E057F20F883E', phone='', email='840432908@qq.com', userType=0, registerType=-1, idc=999999, country='å±?åŸŸç½‘', state='null', city=''} BaseBo{delFlag=0, updateTime='1490844459000', createTime='1490844459000', updateTimeSec=0, uid='null', userName=''}

03-30 11:28:24.617  3745  3745 D wpa_supplicant: wlan0: Control interface command 'SIGNAL_POLL'

03-30 11:28:24.619  3745  3745 D wpa_supplicant: CTRL-DEBUG: global_ctrl_sock-sendto: sock=11 sndbuf=163840 outq=0 send_len=49

03-30 11:28:24.631 29494 29494 D HomeMate: comm[ main: GetAccountIcon.java:39 startGetAccountIcon() ] - params:source=ZhiJia365&sessionId=d2982f96fc47451d8f19a3da443defbe&userName=840432908@qq.com

03-30 11:28:24.639  4123  4123 W Binder_8: type=1400 audit(0.0:55381267): avc: denied { ioctl } for path="socket:[12347303]" dev="sockfs" ino=12347303 ioctlcmd=7704 scontext=u:r:system_server:s0 tcontext=u:r:system_server:s0 tclass=unix_stream_socket permissive=0

03-30 11:28:24.647 29494 29494 D ActivityThreadInjector: clearCachedDrawables.

03-30 11:28:24.639  4123  4123 W Binder_8: type=1400 audit(0.0:55381268): avc: denied { ioctl } for path="socket:[12347303]" dev="sockfs" ino=12347303 ioctlcmd=7704 scontext=u:r:system_server:s0 tcontext=u:r:system_server:s0 tclass=unix_stream_socket permissive=0

03-30 11:28:24.657  4116  4556 I XiaomiFirewall: firewall pkgName:com.orvibo.homemate, result:0x0

03-30 11:28:24.671   379   493 I ThermalEngine: Sensor:batt_temp:366 mC

03-30 11:28:24.686  2044  4266 I Timeline: Timeline: App_transition_ready time:340595466

03-30 11:28:24.691  2044  4266 I Timeline: Timeline: App_transition_ready time:340595471

03-30 11:28:24.733 29494 29494 V AsyncHttpRH: Progress 59 from 1 (5900%)

03-30 11:28:24.734 29494 29494 I HomeMate: comm[ main: GetAccountIcon.java:44 onSuccess() ] - {"errorMessage":"æœªè®¾ç½®å¤´åƒ?","file":"","errorCode":56}

03-30 11:28:24.734 29494 29494 I HomeMate: comm[ main: GetAccountIcon.java:63 onSuccess() ] - æœªè®¾ç½®å¤´åƒ?

03-30 11:28:24.735  2044  2115 I Timeline: Timeline: App_transition_ready time:340595515

03-30 11:28:24.739  3807  3807 W Binder_5: type=1400 audit(0.0:55381269): avc: denied { ioctl } for path="socket:[12346005]" dev="sockfs" ino=12346005 ioctlcmd=7704 scontext=u:r:system_server:s0 tcontext=u:r:system_server:s0 tclass=unix_stream_socket permissive=0

03-30 11:28:24.739  3807  3807 W Binder_5: type=1400 audit(0.0:55381270): avc: denied { ioctl } for path="socket:[12346005]" dev="sockfs" ino=12346005 ioctlcmd=7704 scontext=u:r:system_server:s0 tcontext=u:r:system_server:s0 tclass=unix_stream_socket permissive=0

03-30 11:28:24.740  2044  2115 I ActivityManager: Displayed com.orvibo.homemate/.user.UserActivity: +231ms

03-30 11:28:24.741  3746  3746 V PhoneStatusBarPolicy: updateManagedProfile mManagedProfileFocused: false mKeyguardVisible: false mCurrentUserId:0 mCurrentProfileId:0 mSecondSpaceStatusIconVisible: true showIcon:false

03-30 11:28:24.741 28253 28253 I AppiumUnicodeIME: onFinishInput

03-30 11:28:24.743 28253 28253 I AppiumUnicodeIME: onStartInput

03-30 11:28:25.003  2044  2115 I Timeline: Timeline: Activity_windows_visible id: ActivityRecord{bc46e66 u0 com.orvibo.homemate/.user.UserActivity t17649} time:340595783

03-30 11:28:25.005  2044  2115 I Timeline: Timeline: App_transition_stopped time:340595785

03-30 11:28:25.022 29494 29494 D HomeMate: comm[ main: BaseActivity.java:215 onStop() ] - MainActivity

03-30 11:28:25.566  6151  6186 I octvm_klo: read wakeups from wakealarm_fd:1

03-30 11:28:25.566  6151  6186 I octvm_klo: new timerfd interval:

03-30 11:28:25.566  6151  6186 I octvm_klo: 	itval.it_interval.tv_sec 1, itval.it_interval.tv_nsec 0

03-30 11:28:25.566  6151  6186 I octvm_klo: 	itval.it_value.tv_sec 0, itval.it_value.tv_nsec 999997396

03-30 11:28:25.672   379   493 I ThermalEngine: Sensor:batt_temp:364 mC

03-30 11:28:25.803 29441 29441 I QueryController: Matched selector: UiSelector[INSTANCE=0, RESOURCE_ID=com.orvibo.homemate:id/userLogoutButton] <<==>> [android.view.accessibility.AccessibilityNodeInfo@8005c2e6; boundsInParent: Rect(0, 0 - 1080, 132); boundsInScreen: Rect(0, 1207 - 1080, 1339); packageName: com.orvibo.homemate; className: android.widget.Button; text: é€?å‡ºç™»å½?; error: null; maxTextLength: -1; contentDescription: null; viewIdResName: com.orvibo.homemate:id/userLogoutButton; checkable: false; checked: false; focusable: true; focused: false; selected: false; clickable: true; longClickable: false; contextClickable: false; enabled: true; password: false; scrollable: false; actions: [AccessibilityAction: ACTION_FOCUS - null, AccessibilityAction: ACTION_SELECT - null, AccessibilityAction: ACTION_CLEAR_SELECTION - null, AccessibilityAction: ACTION_CLICK - null, AccessibilityAction: ACTION_ACCESSIBILITY_FOCUS - null, AccessibilityAction: ACTION_NEXT_AT_MOVEMENT_GRANULARITY - null, AccessibilityAction: ACTION_PREVIOUS_AT_MOVEMENT_GRANULARITY - null, AccessibilityAction: ACTION_SET_SELECTION - null, AccessibilityAction: ACTION_UNKNOWN - null]]

03-30 11:28:25.929 29441 29441 I QueryController: Matched selector: UiSelector[INSTANCE=0, RESOURCE_ID=com.orvibo.homemate:id/userLogoutButton] <<==>> [android.view.accessibility.AccessibilityNodeInfo@8005c2e6; boundsInParent: Rect(0, 0 - 1080, 132); boundsInScreen: Rect(0, 1207 - 1080, 1339); packageName: com.orvibo.homemate; className: android.widget.Button; text: é€?å‡ºç™»å½?; error: null; maxTextLength: -1; contentDescription: null; viewIdResName: com.orvibo.homemate:id/userLogoutButton; checkable: false; checked: false; focusable: true; focused: false; selected: false; clickable: true; longClickable: false; contextClickable: false; enabled: true; password: false; scrollable: false; actions: [AccessibilityAction: ACTION_FOCUS - null, AccessibilityAction: ACTION_SELECT - null, AccessibilityAction: ACTION_CLEAR_SELECTION - null, AccessibilityAction: ACTION_CLICK - null, AccessibilityAction: ACTION_ACCESSIBILITY_FOCUS - null, AccessibilityAction: ACTION_NEXT_AT_MOVEMENT_GRANULARITY - null, AccessibilityAction: ACTION_PREVIOUS_AT_MOVEMENT_GRANULARITY - null, AccessibilityAction: ACTION_SET_SELECTION - null, AccessibilityAction: ACTION_UNKNOWN - null]]

03-30 11:28:25.931 29441 29441 D InteractionController: clickAndSync(540, 1273)

03-30 11:28:26.118 29494 29494 V BoostFramework: BoostFramework() : mPerf = com.qualcomm.qti.Performance@48d50da

03-30 11:28:26.120 29494 29494 V BoostFramework: BoostFramework() : mPerf = com.qualcomm.qti.Performance@16a090b

03-30 11:28:26.154 29494 29494 D HomeMate: comm[ main: DialogFragmentTwoButton.java:64 onCreateDialog() ] - 

03-30 11:28:26.154 29494 29494 D HomeMate: comm[ main: DialogFragmentTwoButton.java:72 onActivityCreated() ] - 

03-30 11:28:26.159  3765  3765 W Binder_3: type=1400 audit(0.0:55381271): avc: denied { ioctl } for path="socket:[12349899]" dev="sockfs" ino=12349899 ioctlcmd=7704 scontext=u:r:system_server:s0 tcontext=u:r:system_server:s0 tclass=unix_stream_socket permissive=0

03-30 11:28:26.159  3765  3765 W Binder_3: type=1400 audit(0.0:55381272): avc: denied { ioctl } for path="socket:[12349899]" dev="sockfs" ino=12349899 ioctlcmd=7704 scontext=u:r:system_server:s0 tcontext=u:r:system_server:s0 tclass=unix_stream_socket permissive=0

03-30 11:28:26.199  3799  3799 W Binder_4: type=1400 audit(0.0:55381273): avc: denied { ioctl } for path="socket:[12346005]" dev="sockfs" ino=12346005 ioctlcmd=7704 scontext=u:r:system_server:s0 tcontext=u:r:system_server:s0 tclass=unix_stream_socket permissive=0

03-30 11:28:26.199  3799  3799 W Binder_4: type=1400 audit(0.0:55381274): avc: denied { ioctl } for path="socket:[12346005]" dev="sockfs" ino=12346005 ioctlcmd=7704 scontext=u:r:system_server:s0 tcontext=u:r:system_server:s0 tclass=unix_stream_socket permissive=0

03-30 11:28:26.204 28253 28253 I AppiumUnicodeIME: onFinishInput

03-30 11:28:26.205 28253 28253 I AppiumUnicodeIME: onStartInput

03-30 11:28:26.566  6151  6186 I octvm_klo: read wakeups from wakealarm_fd:1

03-30 11:28:26.566  6151  6186 I octvm_klo: new timerfd interval:

03-30 11:28:26.566  6151  6186 I octvm_klo: 	itval.it_interval.tv_sec 1, itval.it_interval.tv_nsec 0

03-30 11:28:26.566  6151  6186 I octvm_klo: 	itval.it_value.tv_sec 0, itval.it_value.tv_nsec 999991823

03-30 11:28:26.659 26410 26410 W AppWatcher: type=1400 audit(0.0:55381275): avc: denied { getattr } for path="/proc/opalum-temp-calib" dev="proc" ino=4026534631 scontext=u:r:untrusted_app:s0:c512,c768 tcontext=u:object_r:proc_opalum:s0 tclass=file permissive=0

03-30 11:28:26.659 26410 26410 W AppWatcher: type=1400 audit(0.0:55381276): avc: denied { getattr } for path="/proc/opalum-f0-calib" dev="proc" ino=4026534630 scontext=u:r:untrusted_app:s0:c512,c768 tcontext=u:object_r:proc_opalum:s0 tclass=file permissive=0

03-30 11:28:26.659 26410 26410 W AppWatcher: type=1400 audit(0.0:55381277): avc: denied { getattr } for path="/proc/sysrq-trigger" dev="proc" ino=4026533735 scontext=u:r:untrusted_app:s0:c512,c768 tcontext=u:object_r:proc_sysrq:s0 tclass=file permissive=0

03-30 11:28:26.669 26410 26410 W AppWatcher: type=1400 audit(0.0:55381278): avc: denied { getattr } for path="/proc/1" dev="proc" ino=12341293 scontext=u:r:untrusted_app:s0:c512,c768 tcontext=u:r:init:s0 tclass=dir permissive=0

03-30 11:28:26.669 26410 26410 W AppWatcher: type=1400 audit(0.0:55381279): avc: denied { getattr } for path="/proc/2" dev="proc" ino=12341294 scontext=u:r:untrusted_app:s0:c512,c768 tcontext=u:r:kernel:s0 tclass=dir permissive=0

03-30 11:28:26.673   379   493 I ThermalEngine: Sensor:batt_temp:366 mC

03-30 11:28:26.669 26410 26410 W AppWatcher: type=1400 audit(0.0:55381280): avc: denied { getattr } for path="/proc/3" dev="proc" ino=12341295 scontext=u:r:untrusted_app:s0:c512,c768 tcontext=u:r:kernel:s0 tclass=dir permissive=0

03-30 11:28:26.669 26410 26410 W AppWatcher: type=1400 audit(0.0:55381281): avc: denied { getattr } for path="/proc/6" dev="proc" ino=12341296 scontext=u:r:untrusted_app:s0:c512,c768 tcontext=u:r:kernel:s0 tclass=dir permissive=0

03-30 11:28:26.669 26410 26410 W AppWatcher: type=1400 audit(0.0:55381282): avc: denied { getattr } for path="/proc/7" dev="proc" ino=12341297 scontext=u:r:untrusted_app:s0:c512,c768 tcontext=u:r:kernel:s0 tclass=dir permissive=0

03-30 11:28:26.669 26410 26410 W AppWatcher: type=1400 audit(0.0:55381283): avc: denied { getattr } for path="/proc/8" dev="proc" ino=12341298 scontext=u:r:untrusted_app:s0:c512,c768 tcontext=u:r:kernel:s0 tclass=dir permissive=0

03-30 11:28:26.669 26410 26410 W AppWatcher: type=1400 audit(0.0:55381284): avc: denied { getattr } for path="/proc/21" dev="proc" ino=12341299 scontext=u:r:untrusted_app:s0:c512,c768 tcontext=u:r:kernel:s0 tclass=dir permissive=0

03-30 11:28:26.669 26410 26410 W AppWatcher: type=1400 audit(0.0:55381285): avc: denied { getattr } for path="/proc/22" dev="proc" ino=12341300 scontext=u:r:untrusted_app:s0:c512,c768 tcontext=u:r:kernel:s0 tclass=dir permissive=0

03-30 11:28:26.669 26410 26410 W AppWatcher: type=1400 audit(0.0:55381286): avc: denied { getattr } for path="/proc/28" dev="proc" ino=12341301 scontext=u:r:untrusted_app:s0:c512,c768 tcontext=u:r:kernel:s0 tclass=dir permissive=0

03-30 11:28:26.669 26410 26410 W AppWatcher: type=1400 audit(0.0:55381287): avc: denied { getattr } for path="/proc/29" dev="proc" ino=12341302 scontext=u:r:untrusted_app:s0:c512,c768 tcontext=u:r:kernel:s0 tclass=dir permissive=0

03-30 11:28:26.669 26410 26410 W AppWatcher: type=1400 audit(0.0:55381288): avc: denied { getattr } for path="/proc/30" dev="proc" ino=12341303 scontext=u:r:untrusted_app:s0:c512,c768 tcontext=u:r:kernel:s0 tclass=dir permissive=0

03-30 11:28:26.669 26410 26410 W AppWatcher: type=1400 audit(0.0:55381289): avc: denied { getattr } for path="/proc/32" dev="proc" ino=12341304 scontext=u:r:untrusted_app:s0:c512,c768 tcontext=u:r:kernel:s0 tclass=dir permissive=0

03-30 11:28:26.669 26410 26410 W AppWatcher: type=1400 audit(0.0:55381290): avc: denied { getattr } for path="/proc/33" dev="proc" ino=12341305 scontext=u:r:untrusted_app:s0:c512,c768 tcontext=u:r:kernel:s0 tclass=dir permissive=0

03-30 11:28:26.669 26410 26410 W AppWatcher: type=1400 audit(0.0:55381291): avc: denied { getattr } for path="/proc/34" dev="proc" ino=12341306 scontext=u:r:untrusted_app:s0:c512,c768 tcontext=u:r:kernel:s0 tclass=dir permissive=0

03-30 11:28:26.669 26410 26410 W AppWatcher: type=1400 audit(0.0:55381292): avc: denied { getattr } for path="/proc/61" dev="proc" ino=12341307 scontext=u:r:untrusted_app:s0:c512,c768 tcontext=u:r:kernel:s0 tclass=dir permissive=0

03-30 11:28:27.327 29441 29441 I QueryController: Matched selector: UiSelector[INSTANCE=0, RESOURCE_ID=com.orvibo.homemate:id/rightButton] <<==>> [android.view.accessibility.AccessibilityNodeInfo@80064dcc; boundsInParent: Rect(524091, 0 - 524523, 132); boundsInScreen: Rect(540, 1065 - 972, 1197); packageName: com.orvibo.homemate; className: android.widget.Button; text: ç¡®å®š; error: null; maxTextLength: -1; contentDescription: null; viewIdResName: com.orvibo.homemate:id/rightButton; checkable: false; checked: false; focusable: true; focused: false; selected: false; clickable: true; longClickable: false; contextClickable: false; enabled: true; password: false; scrollable: false; actions: [AccessibilityAction: ACTION_FOCUS - null, AccessibilityAction: ACTION_SELECT - null, AccessibilityAction: ACTION_CLEAR_SELECTION - null, AccessibilityAction: ACTION_CLICK - null, AccessibilityAction: ACTION_ACCESSIBILITY_FOCUS - null, AccessibilityAction: ACTION_NEXT_AT_MOVEMENT_GRANULARITY - null, AccessibilityAction: ACTION_PREVIOUS_AT_MOVEMENT_GRANULARITY - null, AccessibilityAction: ACTION_SET_SELECTION - null, AccessibilityAction: ACTION_UNKNOWN - null]]

03-30 11:28:27.346 29441 29441 I QueryController: Matched selector: UiSelector[INSTANCE=0, RESOURCE_ID=com.orvibo.homemate:id/rightButton] <<==>> [android.view.accessibility.AccessibilityNodeInfo@80064dcc; boundsInParent: Rect(524091, 0 - 524523, 132); boundsInScreen: Rect(540, 1065 - 972, 1197); packageName: com.orvibo.homemate; className: android.widget.Button; text: ç¡®å®š; error: null; maxTextLength: -1; contentDescription: null; viewIdResName: com.orvibo.homemate:id/rightButton; checkable: false; checked: false; focusable: true; focused: false; selected: false; clickable: true; longClickable: false; contextClickable: false; enabled: true; password: false; scrollable: false; actions: [AccessibilityAction: ACTION_FOCUS - null, AccessibilityAction: ACTION_SELECT - null, AccessibilityAction: ACTION_CLEAR_SELECTION - null, AccessibilityAction: ACTION_CLICK - null, AccessibilityAction: ACTION_ACCESSIBILITY_FOCUS - null, AccessibilityAction: ACTION_NEXT_AT_MOVEMENT_GRANULARITY - null, AccessibilityAction: ACTION_PREVIOUS_AT_MOVEMENT_GRANULARITY - null, AccessibilityAction: ACTION_SET_SELECTION - null, AccessibilityAction: ACTION_UNKNOWN - null]]

03-30 11:28:27.351 29441 29441 D InteractionController: clickAndSync(756, 1131)

03-30 11:28:27.459 29494 29494 D HomeMate: comm[ main: DialogFragmentTwoButton.java:141 onClick() ] - click right button

03-30 11:28:27.483 29494 29494 D HomeMate: comm[ main: UserActivity.java:415 onRightButtonClick() ] - onRightButtonClick()-exit account

03-30 11:28:27.496 29494 29494 I HomeMate: comm[ main: BaseRequest.java:118 doRequestAsync() ] - registerEvent: com.orvibo.homemate.model.login.Logout@80b40af

03-30 11:28:27.500 29494 29494 D HomeMate: comm[ main: BaseRequest.java:978 saveSerial() ] - Record serial 1887690944 on com.orvibo.homemate.model.login.Logout@80b40af

03-30 11:28:27.501 29494 29646 D HomeMate: comm[ pool-4-thread-2: MinaSocket.java:139 send() ] - target:server,position:server start request.requestConfig:RequestConfig{state=2, type=1, target=1, requestConf=RequestConf{totalCount=2, intervalTime=3500, lastTimeoutTime=5000}},messageLength:138

03-30 11:28:27.501 29494 29646 D HomeMate: sConnectFutures:{server=org.apache.mina.core.polling.AbstractPollingIoConnector$ConnectionRequest@ef9bdd7}

03-30 11:28:27.503 29494 29646 I HomeMate: comm[ pool-4-thread-2: CodecEncoder.java:44 encode() ] - encode()-ç¼–ç å®Œæˆ,å‘IP:/192.168.2.242:10001å†™æ•°æ?(138):68,64,00,8a,64,6b,4e,ba,38,bf,64,32,39,38,32,66,39,36,66,63,34,37,34,35,31,64,38,66,31,39,61,33,64,61,34,34,33,64,65,66,62,65,65,a6,87,1b,be,51,42,4d,ba,56,54,f4,4c,b7,b7,39,0a,f8,79,c8,f9,e2,1b,a0,5d,a1,cb,2c,6f,c9,5a,d6,4e,41,aa,ee,49,f5,4c,18,df,48,a3,b8,30,c3,77,e9,1f,fe,9c,85,35,42,fb,74,16,80,87,0b,fe,e4,a6,fe,37,1a,24,65,af,32,77,fc,78,21,7a,95,69,2e,b3,0b,41,21,62,48,69,3a,74,95,f7,88,84,51,e6,9c,2d,6d

03-30 11:28:27.504 29494 29646 D HomeMate: comm[ pool-4-thread-2: MinaSocket.java:157 send() ] - isWritten:true,ioSession:(0x00000001: nio socket, client, /192.168.56.181:46966 => /192.168.2.242:10001)

03-30 11:28:27.505 29494 29646 V HomeMate: comm[ pool-4-thread-2: BaseRequest.java:173 onAsyncTick() ] - sendResult:0,Only do request.command:Command{

03-30 11:28:27.505 29494 29646 V HomeMate: uid='server'

03-30 11:28:27.505 29494 29646 V HomeMate: serial=1887690944

03-30 11:28:27.505 29494 29646 V HomeMate: cmd=56

03-30 11:28:27.505 29494 29646 V HomeMate: crc='4EBA38BF'

03-30 11:28:27.505 29494 29646 V HomeMate: requestConfig=RequestConfig{state=2, type=1, target=1, requestConf=RequestConf{totalCount=2, intervalTime=3500, lastTimeoutTime=5000}}

03-30 11:28:27.505 29494 29646 V HomeMate: jsonObject={"userName":"840432908@qq.com","type":0,"cmd":56,"serial":1887690944,"ver":"2.3.0"}}

03-30 11:28:27.505 29494 29646 D HomeMate: comm[ pool-4-thread-2: BaseRequest.java:498 stopRequest() ] - Stop request which serial is 1887690944 on com.orvibo.homemate.model.login.Logout@80b40af

03-30 11:28:27.526 29494 29494 D HomeMate: comm[ main: MainPresenter.java:565 onEventMainThread() ] - MainEvent{mainActionType=8, bottomTabType=0, showFirstTab=false, toLoginActivity=false, login365Event=null, mLoadDataEvent=null, mHubUpgradeEvent=null, mLocationResultEvent=null, mLatestMessages=null, loadImportantDataUid='null'}

03-30 11:28:27.527 29494 29494 D HomeMate: comm[ main: MainPresenter.java:620 onEventMainThread() ] - Exit account, go to login view.

03-30 11:28:27.531 29494 29662 D HomeMate: comm[ NioProcessor-7: CodecDecoder.java:44 doDecode() ] - hd:6864,actualLen:90

03-30 11:28:27.535 29494 29662 I HomeMate: comm[ NioProcessor-7: CodecDecoder.java:76 doDecode() ] - æŽ¥æ”¶åˆ°IP:192.168.2.242çš„æ•°æ®ï¼š68,64,0,5a,64,6b,40,5b,81,2f,64,32,39,38,32,66,39,36,66,63,34,37,34,35,31,64,38,66,31,39,61,33,64,61,34,34,33,64,65,66,62,65,a7,c8,4e,6c,ce,89,b9,5c,cf,91,8e,9e,d6,b6,4a,41,24,89,41,cd,b2,91,64,d0,63,f4,1a,2f,86,d5,79,51,f6,f6,e3,b9,90,e3,68,c5,a4,7,4b,40,9e,a6,69,ee

03-30 11:28:27.536 29494 29677 I HomeMate: comm[ pool-5-thread-1: SocketUtil.java:70 progressMessage() ] - protocolType[dk],crc:405B812F,sessionId:d2982f96fc47451d8f19a3da443defbe,jsonLen:48,ip:192.168.2.242,port:10001

03-30 11:28:27.536 29494 29677 I HomeMate: comm[ pool-5-thread-1: SocketUtil.java:108 progressMessage() ] - After decrypt json[{"serial":1887690944,"cmd":56,"status":0}]

03-30 11:28:27.538 29494 29494 E HomeMate: comm[ main: UserManage.java:91 exitAccount() ] - userId:46133a343fe94a22b785977ae0938180,userName:840432908@qq.com,familyId:552f998311c04213b4762686e1535dc6

03-30 11:28:27.539 29591 29591 D HomeMate: comm[ main: BaseService.java:37 onDestroy() ] - MoonService

03-30 11:28:27.540 29494 29494 D HomeMate: comm[ main: UserCache.java:292 setLoginStatus() ] - userNameOrUid:840432908@qq.com,status:2

03-30 11:28:27.541  2044  4298 I ActivityManager: Killing 25556:com.tencent.android.qqdownloader/u0a144 (adj 15): empty #17

03-30 11:28:27.548 29494 29494 E HomeMate: comm[ main: UserCache.java:263 removeCurrentUserName() ] - Remove current user

03-30 11:28:27.566  6151  6186 I octvm_klo: read wakeups from wakealarm_fd:1

03-30 11:28:27.566  6151  6186 I octvm_klo: new timerfd interval:

03-30 11:28:27.566  6151  6186 I octvm_klo: 	itval.it_interval.tv_sec 1, itval.it_interval.tv_nsec 0

03-30 11:28:27.566  6151  6186 I octvm_klo: 	itval.it_value.tv_sec 0, itval.it_value.tv_nsec 999995937

03-30 11:28:27.588 29494 29662 E HomeMate: comm[ NioProcessor-7: MinaClientHandler.java:92 sessionClosed() ] - sessionClosed()-session:(0x00000001: nio socket, client, /:::46966 => null),isConneted:false

03-30 11:28:27.588 29494 29494 D HomeMate: comm[ main: InfoPushManager.java:430 pushInfos() ] - []

03-30 11:28:27.588 29494 29494 E HomeMate: comm[ main: MainPresenter.java:724 doExitApp() ] - Exit app

03-30 11:28:27.598 29494 29494 E HomeMate: comm[ main: MultiLoad.java:581 clearListeners() ] - Clear all load listeners []

03-30 11:28:27.599 29494 29494 D HomeMate: comm[ main: BaseRequest.java:511 stopRequest() ] -  Stop request com.orvibo.homemate.device.searchdevice.SearchDevice$2@ebd7705

03-30 11:28:27.599  4116  4556 I XiaomiFirewall: firewall pkgName:com.orvibo.homemate, result:0x0

03-30 11:28:27.599 29494 29494 D HomeMate: comm[ main: SearchNewHub.java:74 stopSearch() ] - 

03-30 11:28:27.599 29494 29494 D SearchGateway: stopSearch()-Stop search gateways.

03-30 11:28:27.599 29494 29494 D NioReceiveThread: stopReceive()

03-30 11:28:27.600 29494 29494 W HomeMate: comm[ main: BaseRequest.java:538 stopProcessResult() ] -  stop request and stop process result

03-30 11:28:27.600 29494 29494 D HomeMate: comm[ main: BaseRequest.java:511 stopRequest() ] -  Stop request com.orvibo.homemate.model.gateway.SearchNewHub$3@216327c

03-30 11:28:27.601 29494 29494 D HomeMate: comm[ main: MainActivity.java:382 setLoadingProgress() ] - show:false

03-30 11:28:27.601 29494 29494 W HomeMate: comm[ main: MainActivity.java:390 setLoadingProgress() ] - Main is hide,don't show progress

03-30 11:28:27.605 29494 29494 I Timeline: Timeline: Activity_launch_request time:340598385

03-30 11:28:27.613  2044  3885 I ActivityManager: START u0 {cmp=com.orvibo.homemate/.user.LoginActivity} from uid 10143 on display 0

03-30 11:28:27.620  4229  4367 D WtProcessController: onAMCreateActivity callback

03-30 11:28:27.622  4229  4367 D WtProcessController: onAMPauseActivity callback

03-30 11:28:27.624  3745  3745 D wpa_supplicant: wlan0: Control interface command 'SIGNAL_POLL'

03-30 11:28:27.625  3745  3745 D wpa_supplicant: CTRL-DEBUG: global_ctrl_sock-sendto: sock=11 sndbuf=163840 outq=0 send_len=49

03-30 11:28:27.628 29494 29494 W HomeMate: comm[ main: BaseActivity.java:228 finish() ] - MainActivity

03-30 11:28:27.628 29494 29494 W HomeMate: comm[ main: BaseActivity.java:670 onEventMainThread() ] - Finish MainActivity activity ActivityFinishEvent{flag=1}

03-30 11:28:27.630  4229  4367 D WtProcessController: onAMDestroyActivity callback

03-30 11:28:27.631 29494 29494 W HomeMate: comm[ main: BaseActivity.java:434 isFinishingOrDestroyed() ] - MainActivity isFinishingOrDestroyed

03-30 11:28:27.632 29494 29494 W HomeMate: comm[ main: BaseActivity.java:670 onEventMainThread() ] - Finish UserActivity activity ActivityFinishEvent{flag=1}

03-30 11:28:27.634 29494 29494 W HomeMate: comm[ main: BaseActivity.java:228 finish() ] - UserActivity

03-30 11:28:27.634  2044  4323 W ActivityManager: Duplicate finish request for ActivityRecord{bc46e66 u0 com.orvibo.homemate/.user.UserActivity t17649 f}

03-30 11:28:27.629  4283  4283 W Binder_C: type=1400 audit(0.0:55381559): avc: denied { ioctl } for path="socket:[12346005]" dev="sockfs" ino=12346005 ioctlcmd=7704 scontext=u:r:system_server:s0 tcontext=u:r:system_server:s0 tclass=unix_stream_socket permissive=0

03-30 11:28:27.629  4283  4283 W Binder_C: type=1400 audit(0.0:55381560): avc: denied { ioctl } for path="socket:[12346005]" dev="sockfs" ino=12346005 ioctlcmd=7704 scontext=u:r:system_server:s0 tcontext=u:r:system_server:s0 tclass=unix_stream_socket permissive=0

03-30 11:28:27.636 29494 29494 W HomeMate: comm[ main: BaseActivity.java:228 finish() ] - UserActivity

03-30 11:28:27.637 29441 29459 E QueryController: Got null root node from accessibility - Retrying...

03-30 11:28:27.638 28253 28253 I AppiumUnicodeIME: onFinishInput

03-30 11:28:27.640 29494 29494 D HomeMate: comm[ main: LogcatHelper.java:115 stop() ] - stop()-Stop to collection app logs.

03-30 11:28:27.640 29494 29494 W HomeMate: comm[ main: MultiLoad.java:677 removeOnMultiLoadListener() ] - Remove listener com.orvibo.homemate.service.ViCenterService@254ef92

03-30 11:28:27.641 29494 29494 D HomeMate: comm[ main: LoadTable.java:203 cancel() ] - Cancel load data.loadTarget:null,listener:com.orvibo.homemate.service.ViCenterService@254ef92

03-30 11:28:27.641 29494 29494 D HomeMate: comm[ main: LoadTable.java:207 cancel() ] - cancelLogin()-Cancel load null

03-30 11:28:27.642 29494 29494 E HomeMate: comm[ main: ReadData.java:117 stopRead() ] - Stop to load data.com.orvibo.homemate.core.load.loadtable.LoadTable$1@b707fc1

03-30 11:28:27.642 29494 29494 D HomeMate: comm[ main: BaseRequest.java:511 stopRequest() ] -  Stop request com.orvibo.homemate.core.load.loadtable.LoadTable$1@b707fc1

03-30 11:28:27.645 29494 29692 E HomeMate: comm[ Thread-44972: LogcatHelper.java:231 run() ] - run()-LogcatHelper has been stoped.

03-30 11:28:27.645 29494 29692 E HomeMate: comm[ Thread-44972: LogcatHelper.java:235 run() ] - run()-LogcatHelper is out of work.

03-30 11:28:27.649 28253 28253 I AppiumUnicodeIME: onStartInput

03-30 11:28:27.650 29494 29494 E HomeMate: comm[ main: Reconnect.java:613 cancel() ] - å–æ¶ˆæ‰?æœ‰é‡è¿?

03-30 11:28:27.650 29494 29494 D SearchGateway: stopSearch()-Stop search gateways.

03-30 11:28:27.650 29494 29494 E HomeMate: comm[ main: RequestKeyX.java:67 cancelAllRequestKey() ] - Cancel all request key action.

03-30 11:28:27.651 29494 29494 D HomeMate: comm[ main: BaseRequest.java:511 stopRequest() ] -  Stop request com.orvibo.homemate.model.base.RequestKeyX$1@a746142

03-30 11:28:27.651 29494 29494 W HomeMate: comm[ main: BaseRequest.java:538 stopProcessResult() ] -  stop request and stop process result

03-30 11:28:27.651 29494 29494 D HomeMate: comm[ main: BaseRequest.java:511 stopRequest() ] -  Stop request com.orvibo.homemate.core.reconnect.Reconnect$2@fddae90

03-30 11:28:27.654  4229  4367 W WtProcessController: do not trim { PackageName :com.orvibo.homemate Pid: 29494 Uid: 10143 Start by: activity Score:50 Old score:50 state:0 mBackgroundTimeInMillis:1490844504453 WakelockCount:0 wakelogsize:0  ActivityDestroied:false Activity size: 1 PackageInfo:{WhetstonePackageInfo#PacakgeName:com.orvibo.homemate uid:10143 uiMemoryThresold:0 nonUiMemoryThresold:0 Flag:1073745984,0x40001040 [,TRIMHEAPS,FLAG_DEAL_SCHEDULE] Type:64[,AUTO_START] } tasknum:17649}

03-30 11:28:27.660 29494 29494 E HomeMate: comm[ main: ViCenterService.java:651 onDestroy() ] - ViCenterService destroycom.orvibo.homemate.service.ViCenterService@254ef92

03-30 11:28:27.661 29494 29494 E HomeMate: comm[ main: InfoPushService.java:67 onDestroy() ] - onDestroy()-InfoPushService has been stoped.

03-30 11:28:27.661 29494 29494 D HomeMate: comm[ main: BaseRequest.java:511 stopRequest() ] -  Stop request com.orvibo.homemate.model.login.Logout@80b40af

03-30 11:28:27.664 29494 29494 D UTAnalytics:UTDC: pid:29494 [commit] page:User,eventId:2001,arg1:Main,arg2:arg3:3052,args:{SDKTYPE=mini},

03-30 11:28:27.668 29494 29494 D UTAnalytics:UTLog: pid:29494 Log [id=0, eventId=2001, index=],867451020054497||460015796275061||Xiaomi||MI NOTE LTE||1920*1080||Unknown||Wi-Fi||Unknown||null||23256401||2.3.0.300||-||-||-||-||zh||a||6.0.1||2.5.1_for_bc||1490844496898||WJfwe+sntC4DAAdSBLpxQDCW||mini||-||-||-||-||_ap=1_mac=02:00:00:00:00:00||1490844507664||User||2001||Main||-||3052||-,

03-30 11:28:27.668 29494 29494 D UTAnalytics:LogStoreMgr: pid:29494 [add] :,

03-30 11:28:27.670 29494 29494 D HomeMate: comm[ main: BaseActivity.java:198 onPause() ] - UserActivity

03-30 11:28:27.672  4229  4367 D WtProcessController: onAMRestartActivity callback

03-30 11:28:27.673  2044  4348 I Timeline: Timeline: App_transition_ready time:340598453

03-30 11:28:27.674   379   493 I ThermalEngine: Sensor:batt_temp:366 mC

03-30 11:28:27.677 29494 29494 D HomeMate: comm[ main: BaseActivity.java:410 onDestroy() ] - MainActivity

03-30 11:28:27.677 29494 29494 D HomeMate: allen[ main: ActivityManager.java:59 popActivity() ] - popActivity:com.orvibo.homemate.common.main.MainActivity@993558f

03-30 11:28:27.678 29494 29494 E HomeMate: comm[ main: MainPresenter.java:724 doExitApp() ] - Exit app

03-30 11:28:27.679 29494 29494 E HomeMate: comm[ main: MultiLoad.java:581 clearListeners() ] - Clear all load listeners []

03-30 11:28:27.679 29494 29494 W Event   : Subscriber to unregister was not registered before: class com.orvibo.homemate.common.main.MainPresenter

03-30 11:28:27.679 29494 29494 D HomeMate: comm[ main: BaseRequest.java:511 stopRequest() ] -  Stop request com.orvibo.homemate.device.searchdevice.SearchDevice$2@ebd7705

03-30 11:28:27.679 29494 29494 D HomeMate: comm[ main: SearchNewHub.java:74 stopSearch() ] - 

03-30 11:28:27.679 29494 29494 D SearchGateway: stopSearch()-Stop search gateways.

03-30 11:28:27.679 29494 29494 D NioReceiveThread: stopReceive()

03-30 11:28:27.680 29494 29494 W HomeMate: comm[ main: BaseRequest.java:538 stopProcessResult() ] -  stop request and stop process result

03-30 11:28:27.680 29494 29494 D HomeMate: comm[ main: BaseRequest.java:511 stopRequest() ] -  Stop request com.orvibo.homemate.model.gateway.SearchNewHub$3@216327c

03-30 11:28:27.681 29494 29494 D HomeMate: comm[ main: LocationPresenter.java:69 stopLocation() ] - 

03-30 11:28:27.686  2044  4283 I Timeline: Timeline: App_transition_ready time:340598466

03-30 11:28:27.689  2044  3765 I Timeline: Timeline: App_transition_ready time:340598470

03-30 11:28:27.716 29494 29494 I HomeMate: comm[ main: FamilyManage.java:152 saveCurrentFamilyId() ] - Save current familyId:null

03-30 11:28:27.722 29494 29494 D HomeMate: comm[ main: BaseActivity.java:127 onCreate() ] - onCreate:LoginActivity

03-30 11:28:27.722 29494 29494 D HomeMate: allen[ main: ActivityManager.java:47 pushActivity() ] - pushActivity:com.orvibo.homemate.user.LoginActivity@bfc96a7

03-30 11:28:27.726 29494 29494 V BoostFramework: BoostFramework() : mPerf = com.qualcomm.qti.Performance@e8465f9

03-30 11:28:27.726 29494 29494 V BoostFramework: BoostFramework() : mPerf = com.qualcomm.qti.Performance@d07793e

03-30 11:28:27.747  2044  2115 I Timeline: Timeline: App_transition_ready time:340598527

03-30 11:28:27.750  2044  2115 I Timeline: Timeline: App_transition_ready time:340598530

03-30 11:28:27.806 29494 29494 D HomeMate: comm[ main: LoginActivity.java:339 initView() ] -  initView:***********************************[15079034630@126.com, huang@qq.com, pkw@qq.com, ppp@qq.com, 840432908@qq.com, 13265784540, test@qq.com]

03-30 11:28:27.888 29441 29459 E QueryController: Got null root node from accessibility - Retrying...

03-30 11:28:27.941 29494 29494 E HomeMate: comm[ main: Reconnect.java:613 cancel() ] - å–æ¶ˆæ‰?æœ‰é‡è¿?

03-30 11:28:27.941 29494 29494 D SearchGateway: stopSearch()-Stop search gateways.

03-30 11:28:27.941 29494 29494 E HomeMate: comm[ main: RequestKeyX.java:67 cancelAllRequestKey() ] - Cancel all request key action.

03-30 11:28:27.941 29494 29494 D HomeMate: comm[ main: BaseRequest.java:511 stopRequest() ] -  Stop request com.orvibo.homemate.model.base.RequestKeyX$1@a746142

03-30 11:28:27.942 29494 29494 W HomeMate: comm[ main: BaseRequest.java:538 stopProcessResult() ] -  stop request and stop process result

03-30 11:28:27.942 29494 29494 D HomeMate: comm[ main: BaseRequest.java:511 stopRequest() ] -  Stop request com.orvibo.homemate.core.reconnect.Reconnect$2@fddae90

03-30 11:28:27.942 29494 29494 E HomeMate: comm[ main: UserCache.java:263 removeCurrentUserName() ] - Remove current user

03-30 11:28:27.952 29494 29806 I BaseRequset: ACCESSTOKEN:null

03-30 11:28:27.953 29494 29806 I RestfulUtils: ignore cer

03-30 11:28:27.953 29494 29494 I HomeMate: comm[ main: LoginActivity.java:201 onCreate() ] - Cost 258ms-4

03-30 11:28:27.953 29494 29806 I RestfulUtils: https://open.ys7.com/api/server/info

03-30 11:28:27.953 29494 29806 I RestfulUtils: [accessToken, clientType=2, featureCode=7317f8b97be9f09f34c5be247484c1e1, osVersion=6.0.1, sdkVersion=v4.0.0.20160803, netType=WIFI, appKey=0cf9e3adad02447f829f4af8d1226582, appName=æ™ºå®¶365, appID=com.orvibo.homemate]

03-30 11:28:27.954 29494 29494 I HomeMate: comm[ main: LoginActivity.java:208 onCreate() ] - Cost 260ms-5

03-30 11:28:27.954 29494 29494 D HomeMate: comm[ main: LoginActivity.java:219 startViCenterService() ] - 

03-30 11:28:27.959 29494 29494 I HomeMate: comm[ main: LoginActivity.java:212 onCreate() ] - Cost 265ms-6

03-30 11:28:27.959 29494 29807 I BaseRequset: ACCESSTOKEN:null

03-30 11:28:27.959 29494 29807 I RestfulUtils: ignore cer

03-30 11:28:27.960 29494 29807 I RestfulUtils: https://open.ys7.com/api/user/getUserName

03-30 11:28:27.960 29494 29807 I RestfulUtils: [accessToken, clientType=2, featureCode=7317f8b97be9f09f34c5be247484c1e1, osVersion=6.0.1, sdkVersion=v4.0.0.20160803, netType=WIFI, appKey=0cf9e3adad02447f829f4af8d1226582, appName=æ™ºå®¶365, appID=com.orvibo.homemate]

03-30 11:28:27.965 29494 29494 D HomeMate: comm[ main: BaseActivity.java:154 onResume() ] - LoginActivity

03-30 11:28:27.991 29494 29494 E HomeMate: comm[ main: BaseDao.java:27 initDB() ] - Init db

03-30 11:28:27.989  3765  3765 W Binder_3: type=1400 audit(0.0:55381561): avc: denied { ioctl } for path="socket:[12348981]" dev="sockfs" ino=12348981 ioctlcmd=7704 scontext=u:r:system_server:s0 tcontext=u:r:system_server:s0 tclass=unix_stream_socket permissive=0

03-30 11:28:27.989  3765  3765 W Binder_3: type=1400 audit(0.0:55381562): avc: denied { ioctl } for path="socket:[12348981]" dev="sockfs" ino=12348981 ioctlcmd=7704 scontext=u:r:system_server:s0 tcontext=u:r:system_server:s0 tclass=unix_stream_socket permissive=0

03-30 11:28:27.999 29494 29494 D ActivityThreadInjector: clearCachedDrawables.

03-30 11:28:28.028  2044  4123 I Timeline: Timeline: App_transition_ready time:340598808

03-30 11:28:28.032  2044  4123 I Timeline: Timeline: App_transition_ready time:340598812

03-30 11:28:28.049 29494 29494 D HomeMate: comm[ main: LogcatHelper.java:92 start() ] - start()-Start to collection app logs,the logs only use for debug issues.

03-30 11:28:28.050 29494 29494 D HomeMate: comm[ main: ViCenterService.java:127 onCreate() ] - mAppContext:com.orvibo.homemate.common.ViHomeProApp@6733d5e

03-30 11:28:28.053 29494 29494 W HomeMate: comm[ main: MinaSocket.java:72 initSocket() ] - Init mina

03-30 11:28:28.056 29494 29494 D HomeMate: comm[ main: MinaClientHandler.java:29 getInstances() ] - Init mina handler.sMinaClientHandler:null,sContext:com.orvibo.homemate.common.ViHomeProApp@6733d5e

03-30 11:28:28.065 29494 29812 D HomeMate: comm[ Thread-45043: LogcatHelper.java:42 init() ] - init()-PATH_LOGCAT[/storage/emulated/0/HomeMate]

03-30 11:28:28.081 29494 29494 I HomeMate: comm[ main: ViCenterService.java:130 onCreate() ] - Cost 32ms

03-30 11:28:28.082 29494 29494 W HomeMate: comm[ main: ViCenterService.java:244 onStartCommand() ] - User is logout,don't start moonService.

03-30 11:28:28.079  4266  4266 W Binder_B: type=1400 audit(0.0:55381563): avc: denied { ioctl } for path="socket:[12346005]" dev="sockfs" ino=12346005 ioctlcmd=7704 scontext=u:r:system_server:s0 tcontext=u:r:system_server:s0 tclass=unix_stream_socket permissive=0

03-30 11:28:28.083 29494 29579 D HomeMate: comm[ pool-6-thread-1: ViCenterService.java:185 run() ] - onStartCommand()-isForeground:true,version:v2.3.0.300_23000300,phone:Xiaomi_MI NOTE LTE,com.orvibo.homemate.service.ViCenterService$1@9716bd1

03-30 11:28:28.079  4266  4266 W Binder_B: type=1400 audit(0.0:55381564): avc: denied { ioctl } for path="socket:[12346005]" dev="sockfs" ino=12346005 ioctlcmd=7704 scontext=u:r:system_server:s0 tcontext=u:r:system_server:s0 tclass=unix_stream_socket permissive=0

03-30 11:28:28.083 29494 29579 D HomeMate: comm[ pool-6-thread-1: ViCenterService.java:188 run() ] - Start init

03-30 11:28:28.083 29494 29579 D HomeMate: comm[ pool-6-thread-1: ViCenterService.java:505 sendTVServiceInitFinishBroadcast() ] - 

03-30 11:28:28.084 29494 29579 D HomeMate: comm[ pool-6-thread-1: ViCenterService.java:195 run() ] - LoginActivity start VicenterService

03-30 11:28:28.084 29494 29579 D HomeMate: comm[ pool-6-thread-1: ViCenterService.java:220 run() ] - Finish init.Cost 1ms

03-30 11:28:28.090 28253 28253 I AppiumUnicodeIME: onFinishInput

03-30 11:28:28.090 29494 29579 D HomeMate: comm[ pool-6-thread-1: GetDeviceDesc.java:55 startGetDeviceDescs() ] - startGetDeviceDescs() - source=ZhiJia365 lastUpdateTime=1490684399

03-30 11:28:28.092 28253 28253 I AppiumUnicodeIME: onStartInput

03-30 11:28:28.100 29494 29579 W System  : ClassLoader referenced unknown path: /system/framework/tcmclient.jar

03-30 11:28:28.201 29494 29565 D UTAnalytics:LogStoreMgr: pid:29494 [store],

03-30 11:28:28.207 29494 29565 D UTAnalytics:UTSqliteLogStore: pid:29494 [insert] ,, isSuccess:true,ret,2459,

03-30 11:28:28.207 29494 29565 D UTAnalytics:UTSqliteLogStore: pid:29494 [insert] ,, isSuccess:true,ret,2460,

03-30 11:28:28.221 29494 29565 D UTAnalytics:UTSqliteLogStore: pid:29494 sql:SELECT * FROM log ORDER BY time ASC  LIMIT 20,

03-30 11:28:28.224 29494 29565 D UTAnalytics:UTSqliteLogStore: pid:29494 pos,0,count,5,

03-30 11:28:28.224 29494 29565 D UTAnalytics:UTSqliteLogStore: pid:29494 pos,1,count,5,

03-30 11:28:28.224 29494 29565 D UTAnalytics:UTSqliteLogStore: pid:29494 pos,2,count,5,

03-30 11:28:28.224 29494 29565 D UTAnalytics:UTSqliteLogStore: pid:29494 pos,3,count,5,

03-30 11:28:28.224 29494 29565 D UTAnalytics:UTSqliteLogStore: pid:29494 pos,4,count,5,

03-30 11:28:28.230 29494 29565 D UTAnalytics:LogStoreMgr: pid:29494 [get],[Log [id=2456, eventId=2001, index=], Log [id=2457, eventId=19999, index=], Log [id=2458, eventId=2001, index=], Log [id=2459, eventId=2001, index=], Log [id=2460, eventId=2001, index=]],

03-30 11:28:28.231 29494 29565 D UTAnalytics:UploadTask: pid:29494 averagePackageSize:106.4,

03-30 11:28:28.297  2044  2115 I Timeline: Timeline: App_transition_ready time:340599077

03-30 11:28:28.304 29441 29453 W art     : Long monitor contention event with owner method=android.view.accessibility.AccessibilityNodeInfo com.android.uiautomator.core.QueryController.findAccessibilityNodeInfo(com.android.uiautomator.core.UiSelector, boolean) from QueryController.java:149 waiters=0 for 655ms

03-30 11:28:28.306  2044  2115 I ActivityManager: Displayed com.orvibo.homemate/.user.LoginActivity: +635ms

03-30 11:28:28.307  3746  3746 V PhoneStatusBarPolicy: updateManagedProfile mManagedProfileFocused: false mKeyguardVisible: false mCurrentUserId:0 mCurrentProfileId:0 mSecondSpaceStatusIconVisible: true showIcon:false

03-30 11:28:28.563  2044  2115 I Timeline: Timeline: Activity_windows_visible id: ActivityRecord{aaaffec u0 com.orvibo.homemate/.user.LoginActivity t17649} time:340599343

03-30 11:28:28.567  6151  6186 I octvm_klo: read wakeups from wakealarm_fd:1

03-30 11:28:28.567  6151  6186 I octvm_klo: new timerfd interval:

03-30 11:28:28.567  6151  6186 I octvm_klo: 	itval.it_interval.tv_sec 1, itval.it_interval.tv_nsec 0

03-30 11:28:28.567  6151  6186 I octvm_klo: 	itval.it_value.tv_sec 0, itval.it_value.tv_nsec 999997605

03-30 11:28:28.571  4229  4367 D WtProcessController: onAMDestroyActivity callback

03-30 11:28:28.578 29494 29494 D HomeMate: comm[ main: BaseActivity.java:215 onStop() ] - UserActivity

03-30 11:28:28.588 29494 29494 D HomeMate: comm[ main: BaseActivity.java:410 onDestroy() ] - UserActivity

03-30 11:28:28.588 29494 29494 D HomeMate: allen[ main: ActivityManager.java:59 popActivity() ] - popActivity:com.orvibo.homemate.user.UserActivity@193ed74

03-30 11:28:28.600  2044  4283 I Timeline: Timeline: App_transition_stopped time:340599380

03-30 11:28:28.676   379   493 I ThermalEngine: Sensor:batt_temp:365 mC

03-30 11:28:28.679  3746  3746 D PhoneStatusBar: disable: 0x00000000 -> 0x00000100 (diff: 0x00000100)

03-30 11:28:28.679  3746  3746 D PhoneStatusBar: disable: < expand icons alerts ticker system_info back home recent clock full HIDE* keyguard none float >

03-30 11:28:28.679  3746  3746 D PhoneStatusBar: showStatusBar isshow=false;delay=false

03-30 11:28:28.679  2044  2079 W System.err: org.json.JSONException: No value for com.orvibo.homemate

03-30 11:28:28.679  2044  2079 W System.err: 	at org.json.JSONObject.get(JSONObject.java:389)

03-30 11:28:28.679  2044  2079 W System.err: 	at miui.util.AutoDisableScreenButtonsHelper.getValue(AutoDisableScreenButtonsHelper.java:55)

03-30 11:28:28.679  2044  2079 W System.err: 	at miui.util.AutoDisableScreenButtonsHelper.getAppFlag(AutoDisableScreenButtonsHelper.java:42)

03-30 11:28:28.679  2044  2079 W System.err: 	at miui.util.AutoDisableScreenButtonsManager$1.run(AutoDisableScreenButtonsManager.java:83)

03-30 11:28:28.679  2044  2079 W System.err: 	at android.os.Handler.handleCallback(Handler.java:739)

03-30 11:28:28.679  2044  2079 W System.err: 	at android.os.Handler.dispatchMessage(Handler.java:95)

