03-30 10:58:02.579 25810 25810 W AppWatcher: type=1400 audit(0.0:55260309): avc: denied { getattr } for path="/proc/77" dev="proc" ino=11961970 scontext=u:r:untrusted_app:s0:c512,c768 tcontext=u:r:kernel:s0 tclass=dir permissive=0

03-30 10:58:02.674  2267  2267 I HybridWebChromeClient: onJsPrompt: hybrid://WXFeedBack:26764/getPrevStatus?; defaultValue: wv_hybrid:; url: https://bcfeedback.taobao.com/#/feedback

03-30 10:58:02.675  2267  2267 D WVJsBridge: callMethod: url=hybrid://WXFeedBack:26764/getPrevStatus?

03-30 10:58:02.681  2267  2742 D WVJsBridge: callMethod-obj:WXFeedBack method:getPrevStatus param: sid:26764

03-30 10:58:02.682  2267  2742 I WVJsBridge: call new method execute.

03-30 10:58:02.684  2267  2267 W WVJsBridge: WVApiPlugin execute . method: getPrevStatus;WXFeedBack

03-30 10:58:02.685  2267  2267 D WVCallBackContext: call success 

03-30 10:58:02.685  2267  2267 D WVCallBackContext: callback: javascript:window.WindVane.onSuccess(26764,'{\"data\":{\"status\":\"0\"},\"ret\":\"HY_SUCCESS\"}');

03-30 10:58:02.685  2267  2267 D FeedbackAPI: javascript:window.WindVane.onSuccess(26764,'{\"data\":{\"status\":\"0\"},\"ret\":\"HY_SUCCESS\"}');

03-30 10:58:02.685  2267  2267 D HybridWebView: loadUrl: url=javascript:window.WindVane.onSuccess(26764,'{\"data\":{\"status\":\"0\"},\"ret\":\"HY_SUCCESS\"}');

03-30 10:58:02.713  2267  2267 I HybridWebChromeClient: onJsPrompt: hybrid://WVToolBarManager:26765/setToolBar?{"pageTitle":"ÊÑèËßÅÂèçÈ¶à","canGoBack":false,"backCallback":"","haveRightNavButton":true,"rightButtonContent":"ÂéÜÂè≤ÂèçÈ¶à","rightButtonCallback":"Api.goToHistoryFeedback()","navbar":{"style":{"color":"#4a4a4a","backgroundColor":"#ffffff"}}}; defaultValue: wv_hybrid:; url: https://bcfeedback.taobao.com/#/feedback

03-30 10:58:02.713  2267  2267 D WVJsBridge: callMethod: url=hybrid://WVToolBarManager:26765/setToolBar?{"pageTitle":"ÊÑèËßÅÂèçÈ¶à","canGoBack":false,"backCallback":"","haveRightNavButton":true,"rightButtonContent":"ÂéÜÂè≤ÂèçÈ¶à","rightButtonCallback":"Api.goToHistoryFeedback()","navbar":{"style":{"color":"#4a4a4a","backgroundColor":"#ffffff"}}}

03-30 10:58:02.714  2267  2715 D WVJsBridge: callMethod-obj:WVToolBarManager method:setToolBar param:{"pageTitle":"ÊÑèËßÅÂèçÈ¶à","canGoBack":false,"backCallback":"","haveRightNavButton":true,"rightButtonContent":"ÂéÜÂè≤ÂèçÈ¶à","rightButtonCallback":"Api.goToHistoryFeedback()","navbar":{"style":{"color":"#4a4a4a","backgroundColor":"#ffffff"}}} sid:26765

03-30 10:58:02.714  2267  2715 I WVJsBridge: call new method execute.

03-30 10:58:02.715  2267  2267 W WVJsBridge: WVApiPlugin execute . method: setToolBar;WVToolBarManager

03-30 10:58:02.715  2267  2267 D FeedbackAPI: {"pageTitle":"ÊÑèËßÅÂèçÈ¶à","canGoBack":false,"backCallback":"","haveRightNavButton":true,"rightButtonContent":"ÂéÜÂè≤ÂèçÈ¶à","rightButtonCallback":"Api.goToHistoryFeedback()","navbar":{"style":{"color":"#4a4a4a","backgroundColor":"#ffffff"}}}

03-30 10:58:02.715  2267  2267 D feedback: setPageTitle

03-30 10:58:02.719  2267  2267 D feedback: updateReturnButtonBehaviour

03-30 10:58:02.727  2267  2743 D FeedbackAPI: sign before:appkey=23256401&deviceId=WJfwe+sntC4DAAdSBLpxQDCW

03-30 10:58:02.731  2267  2743 D FeedbackAPI : sign after:e469344ba86f5f3f88c8fd188558071e8ce8dba2

03-30 10:58:02.732  2267  2267 W cr_BindingManager: Cannot call determinedVisibility() - never saw a connection for the pid: 2267

03-30 10:58:02.733  2267  2267 V HybridWebViewClient: Page finish: https://bcfeedback.taobao.com/#/feedback

03-30 10:58:02.733  2267  2267 D WVJsPatch: start execute jspatch, url: https://bcfeedback.taobao.com/#/feedback

03-30 10:58:02.733  2267  2267 W WVJsPatch: jspatch is not init, or parameter is empty.

03-30 10:58:02.777  2267  2339 D UTAnalytics:AppMonitorDelegate: pid:2267 commitCount module: feedback, monitorPoint: getUnreadCountSuccess, value: 0.0,

03-30 10:58:02.777  2267  2339 I UTAnalytics:EventRepo: pid:2267 COUNTER, EVENT size:7,

03-30 10:58:02.788  2267  2267 E chromium: [ERROR:interface_registry.cc(104)] Failed to locate a binder for interface: autofill::mojom::PasswordManagerDriver

03-30 10:58:02.980  6151  6186 I octvm_klo: read wakeups from wakealarm_fd:1

03-30 10:58:02.980  6151  6186 I octvm_klo: new timerfd interval:

03-30 10:58:02.980  6151  6186 I octvm_klo: 	itval.it_interval.tv_sec 1, itval.it_interval.tv_nsec 0

03-30 10:58:02.980  6151  6186 I octvm_klo: 	itval.it_value.tv_sec 0, itval.it_value.tv_nsec 999997761

03-30 10:58:03.019   379   493 I ThermalEngine: Sensor:batt_temp:368 mC

03-30 10:58:03.162  2729  2729 D AndroidRuntime: >>>>>> START com.android.internal.os.RuntimeInit uid 2000 <<<<<<

03-30 10:58:03.180  2729  2729 D AndroidRuntime: CheckJNI is OFF

03-30 10:58:03.315  4116  4556 I XiaomiFirewall: firewall pkgName:com.orvibo.homemate, result:0x0

03-30 10:58:03.326  2729  2729 D ICU     : No timezone override file found: /data/misc/zoneinfo/current/icu/icu_tzdata.dat

03-30 10:58:03.391  3745  3745 D wpa_supplicant: wlan0: Control interface command 'SIGNAL_POLL'

03-30 10:58:03.393  3745  3745 D wpa_supplicant: CTRL-DEBUG: global_ctrl_sock-sendto: sock=11 sndbuf=163840 outq=0 send_len=49

03-30 10:58:03.401  2729  2729 I Radio-JNI: register_android_hardware_Radio DONE

03-30 10:58:03.439  2729  2729 D AndroidRuntime: Calling main entry com.android.commands.pm.Pm

03-30 10:58:03.449  2729  2729 I art     : System.exit called, status: 0

03-30 10:58:03.449  2729  2729 I AndroidRuntime: VM exiting with result code 0.

03-30 10:58:03.980  6151  6186 I octvm_klo: read wakeups from wakealarm_fd:1

03-30 10:58:03.980  6151  6186 I octvm_klo: new timerfd interval:

03-30 10:58:03.980  6151  6186 I octvm_klo: 	itval.it_interval.tv_sec 1, itval.it_interval.tv_nsec 0

03-30 10:58:03.980  6151  6186 I octvm_klo: 	itval.it_value.tv_sec 0, itval.it_value.tv_nsec 999997187

03-30 10:58:04.020   379   493 I ThermalEngine: Sensor:batt_temp:367 mC

03-30 10:58:04.489   379   472 I ThermalEngine: Sensor:tsens_tz_sensor5:50000 mC

03-30 10:58:04.491   379   516 I ThermalEngine: Sensor:tsens_tz_sensor5:50000 mC

03-30 10:58:04.491   379   516 I ThermalEngine: TM Id 'CPU0_MONITOR' Sensor 'cpu0' - alarm cleared 1 at 50.0 degC

03-30 10:58:04.492   379   516 I ThermalEngine: ACTION: CPU - Setting CPU[0] to 2457600

03-30 10:58:04.493   379   516 I ThermalEngine: Mitigation:CPU[0]:2457600 Khz

03-30 10:58:04.494   379   516 I ThermalEngine: ACTION: CPU - Setting CPU[1] to 2457600

03-30 10:58:04.494   379   516 E ThermalEngine: Failed to set desired CPU[1] frequency limit to 2457600

03-30 10:58:04.494   379   516 I ThermalEngine: ACTION: CPU - Setting CPU[2] to 2457600

03-30 10:58:04.495   379   516 E ThermalEngine: Failed to set desired CPU[2] frequency limit to 2457600

03-30 10:58:04.495   379   516 I ThermalEngine: ACTION: CPU - Setting CPU[3] to 2457600

03-30 10:58:04.496   379   516 I ThermalEngine: Mitigation:CPU[3]:2457600 Khz

03-30 10:58:04.980  6151  6186 I octvm_klo: read wakeups from wakealarm_fd:1

03-30 10:58:04.980  6151  6186 I octvm_klo: new timerfd interval:

03-30 10:58:04.980  6151  6186 I octvm_klo: 	itval.it_interval.tv_sec 1, itval.it_interval.tv_nsec 0

03-30 10:58:04.980  6151  6186 I octvm_klo: 	itval.it_value.tv_sec 0, itval.it_value.tv_nsec 999989323

03-30 10:58:05.021   379   493 I ThermalEngine: Sensor:batt_temp:367 mC

03-30 10:58:05.771   379   472 I ThermalEngine: Sensor:tsens_tz_sensor5:56000 mC

03-30 10:58:05.772   379   516 I ThermalEngine: Sensor:tsens_tz_sensor5:56000 mC

03-30 10:58:05.772   379   516 I ThermalEngine: TM Id 'CPU0_MONITOR' Sensor 'cpu0' - alarm raised 1 at 56.0 degC

03-30 10:58:05.772   379   516 I ThermalEngine: ACTION: CPU - Setting CPU[0] to 1728000

03-30 10:58:05.772   379   516 I ThermalEngine: Mitigation:CPU[0]:1728000 Khz

03-30 10:58:05.772   379   516 I ThermalEngine: ACTION: CPU - Setting CPU[1] to 1728000

03-30 10:58:05.772   379   516 E ThermalEngine: Failed to set desired CPU[1] frequency limit to 1728000

03-30 10:58:05.772   379   516 I ThermalEngine: ACTION: CPU - Setting CPU[2] to 1728000

03-30 10:58:05.773   379   516 E ThermalEngine: Failed to set desired CPU[2] frequency limit to 1728000

03-30 10:58:05.773   379   516 I ThermalEngine: ACTION: CPU - Setting CPU[3] to 1728000

03-30 10:58:05.773   379   516 I ThermalEngine: Mitigation:CPU[3]:1728000 Khz

03-30 10:58:05.980  6151  6186 I octvm_klo: read wakeups from wakealarm_fd:1

03-30 10:58:05.980  6151  6186 I octvm_klo: new timerfd interval:

03-30 10:58:05.980  6151  6186 I octvm_klo: 	itval.it_interval.tv_sec 1, itval.it_interval.tv_nsec 0

03-30 10:58:05.980  6151  6186 I octvm_klo: 	itval.it_value.tv_sec 0, itval.it_value.tv_nsec 999996406

03-30 10:58:06.022   379   493 I ThermalEngine: Sensor:batt_temp:367 mC

03-30 10:58:06.399  3745  3745 D wpa_supplicant: wlan0: Control interface command 'SIGNAL_POLL'

03-30 10:58:06.404  3745  3745 D wpa_supplicant: CTRL-DEBUG: global_ctrl_sock-sendto: sock=11 sndbuf=163840 outq=0 send_len=49

03-30 10:58:06.409  2791  2791 D AndroidRuntime: >>>>>> START com.android.internal.os.RuntimeInit uid 2000 <<<<<<

03-30 10:58:06.416  2791  2791 D AndroidRuntime: CheckJNI is OFF

03-30 10:58:06.466  2791  2791 D ICU     : No timezone override file found: /data/misc/zoneinfo/current/icu/icu_tzdata.dat

03-30 10:58:06.518  2791  2791 I Radio-JNI: register_android_hardware_Radio DONE

03-30 10:58:06.549  2791  2791 D AndroidRuntime: Calling main entry com.android.commands.input.Input

03-30 10:58:06.553  2791  2791 I Input   : injectMotionEvent: MotionEvent { action=ACTION_DOWN, actionButton=0, id[0]=0, x[0]=988.0, y[0]=119.0, toolType[0]=TOOL_TYPE_UNKNOWN, buttonState=0, metaState=0, flags=0x0, edgeFlags=0x0, pointerCount=1, historySize=0, eventTime=338777331, downTime=338777331, deviceId=0, source=0x1002 }

03-30 10:58:06.564  2791  2791 I Input   : injectMotionEvent: MotionEvent { action=ACTION_UP, actionButton=0, id[0]=0, x[0]=988.0, y[0]=119.0, toolType[0]=TOOL_TYPE_UNKNOWN, buttonState=0, metaState=0, flags=0x0, edgeFlags=0x0, pointerCount=1, historySize=0, eventTime=338777331, downTime=338777331, deviceId=0, source=0x1002 }

03-30 10:58:06.566  2267  2267 D FeedbackAPI: javascript:Api.goToHistoryFeedback()

03-30 10:58:06.566  2267  2267 D HybridWebView: loadUrl: url=javascript:Api.goToHistoryFeedback()

03-30 10:58:06.566  2791  2791 D AndroidRuntime: Shutting down VM

03-30 10:58:06.578  2267  2267 W cr_BindingManager: Cannot call determinedVisibility() - never saw a connection for the pid: 2267

03-30 10:58:06.580  2267  2267 V HybridWebViewClient: Page finish: https://bcfeedback.taobao.com/#/history

03-30 10:58:06.580  2267  2267 D WVJsPatch: start execute jspatch, url: https://bcfeedback.taobao.com/#/history

03-30 10:58:06.580  2267  2267 W WVJsPatch: jspatch is not init, or parameter is empty.

03-30 10:58:06.581  2267  2267 I HybridWebChromeClient: onJsPrompt: hybrid://WVToolBarManager:26766/setToolBar?{"pageTitle":"ÂéÜÂè≤ÂèçÈ¶à","canGoBack":true,"backCallback":"Api.normalBackButtonCallback(\"feedback\")","haveRightNavButton":false,"navbar":{"style":{"color":"#4a4a4a","backgroundColor":"#ffffff"}}}; defaultValue: wv_hybrid:; url: https://bcfeedback.taobao.com/#/history

03-30 10:58:06.581  2267  2267 D WVJsBridge: callMethod: url=hybrid://WVToolBarManager:26766/setToolBar?{"pageTitle":"ÂéÜÂè≤ÂèçÈ¶à","canGoBack":true,"backCallback":"Api.normalBackButtonCallback(\"feedback\")","haveRightNavButton":false,"navbar":{"style":{"color":"#4a4a4a","backgroundColor":"#ffffff"}}}

03-30 10:58:06.582  2267  2735 D WVJsBridge: callMethod-obj:WVToolBarManager method:setToolBar param:{"pageTitle":"ÂéÜÂè≤ÂèçÈ¶à","canGoBack":true,"backCallback":"Api.normalBackButtonCallback(\"feedback\")","haveRightNavButton":false,"navbar":{"style":{"color":"#4a4a4a","backgroundColor":"#ffffff"}}} sid:26766

03-30 10:58:06.582  2267  2735 I WVJsBridge: call new method execute.

03-30 10:58:06.583  2267  2267 W WVJsBridge: WVApiPlugin execute . method: setToolBar;WVToolBarManager

03-30 10:58:06.583  2267  2267 D FeedbackAPI: {"pageTitle":"ÂéÜÂè≤ÂèçÈ¶à","canGoBack":true,"backCallback":"Api.normalBackButtonCallback(\"feedback\")","haveRightNavButton":false,"navbar":{"style":{"color":"#4a4a4a","backgroundColor":"#ffffff"}}}

03-30 10:58:06.583  2267  2267 D feedback: setPageTitle

03-30 10:58:06.587  2267  2267 D feedback: updateReturnButtonBehaviour

03-30 10:58:06.592  2267  2267 I HybridWebChromeClient: onJsPrompt: hybrid://WXEncriptionTool:26767/sign?{"data":"appkey=23256401&deviceId=WJfwe+sntC4DAAdSBLpxQDCW","appkey":"23256401"}; defaultValue: wv_hybrid:; url: https://bcfeedback.taobao.com/#/history

03-30 10:58:06.592  2267  2267 D WVJsBridge: callMethod: url=hybrid://WXEncriptionTool:26767/sign?{"data":"appkey=23256401&deviceId=WJfwe+sntC4DAAdSBLpxQDCW","appkey":"23256401"}

03-30 10:58:06.592  2267  2736 D WVJsBridge: callMethod-obj:WXEncriptionTool method:sign param:{"data":"appkey=23256401&deviceId=WJfwe+sntC4DAAdSBLpxQDCW","appkey":"23256401"} sid:26767

03-30 10:58:06.592  2267  2736 I WVJsBridge: call new method execute.

03-30 10:58:06.592  2267  2267 W WVJsBridge: WVApiPlugin execute . method: sign;WXEncriptionTool

03-30 10:58:06.593  2267  2267 D FeedbackAPI: sign before:appkey=23256401&deviceId=WJfwe+sntC4DAAdSBLpxQDCW

03-30 10:58:06.595  2267  2267 D FeedbackAPI : sign after:e469344ba86f5f3f88c8fd188558071e8ce8dba2

03-30 10:58:06.595  2267  2267 D WVCallBackContext: call success 

03-30 10:58:06.595  2267  2267 D WVCallBackContext: callback: javascript:window.WindVane.onSuccess(26767,'{\"data\":\"e469344ba86f5f3f88c8fd188558071e8ce8dba2\",\"ret\":\"HY_SUCCESS\"}');

03-30 10:58:06.595  2267  2267 D FeedbackAPI: javascript:window.WindVane.onSuccess(26767,'{\"data\":\"e469344ba86f5f3f88c8fd188558071e8ce8dba2\",\"ret\":\"HY_SUCCESS\"}');

03-30 10:58:06.595  2267  2267 D HybridWebView: loadUrl: url=javascript:window.WindVane.onSuccess(26767,'{\"data\":\"e469344ba86f5f3f88c8fd188558071e8ce8dba2\",\"ret\":\"HY_SUCCESS\"}');

03-30 10:58:06.606  2267  2267 I HybridWebChromeClient: onJsPrompt: hybrid://WXLog:26768/log?haha:?appkey=23256401&deviceId=WJfwe%2BsntC4DAAdSBLpxQDCW&sign=e469344ba86f5f3f88c8fd188558071e8ce8dba2; defaultValue: wv_hybrid:; url: https://bcfeedback.taobao.com/#/history

03-30 10:58:06.607  2267  2267 D WVJsBridge: callMethod: url=hybrid://WXLog:26768/log?haha:?appkey=23256401&deviceId=WJfwe%2BsntC4DAAdSBLpxQDCW&sign=e469344ba86f5f3f88c8fd188558071e8ce8dba2

03-30 10:58:06.607  2267  2739 D WVJsBridge: callMethod-obj:WXLog method:log param:haha:?appkey=23256401&deviceId=WJfwe%2BsntC4DAAdSBLpxQDCW&sign=e469344ba86f5f3f88c8fd188558071e8ce8dba2 sid:26768

03-30 10:58:06.607  2267  2739 I WVJsBridge: call new method execute.

03-30 10:58:06.610  2267  2267 W WVJsBridge: WVApiPlugin execute . method: log;WXLog

03-30 10:58:06.610  2267  2267 D FeedbackAPI: haha:?appkey=23256401&deviceId=WJfwe%2BsntC4DAAdSBLpxQDCW&sign=e469344ba86f5f3f88c8fd188558071e8ce8dba2

03-30 10:58:06.981  6151  6186 I octvm_klo: read wakeups from wakealarm_fd:1

03-30 10:58:06.981  6151  6186 I octvm_klo: new timerfd interval:

03-30 10:58:06.981  6151  6186 I octvm_klo: 	itval.it_interval.tv_sec 1, itval.it_interval.tv_nsec 0

03-30 10:58:06.981  6151  6186 I octvm_klo: 	itval.it_value.tv_sec 0, itval.it_value.tv_nsec 999991562

03-30 10:58:07.023   379   493 I ThermalEngine: Sensor:batt_temp:367 mC

03-30 10:58:07.739  2267  2267 I HybridWebChromeClient: onJsPrompt: hybrid://WXLog:26769/log?historyList:{"message":"ÊÇ®Â•ΩÔºåÊàë‰ª¨Â∑≤Êî∂Âà∞ÊÇ®ÁöÑÊ∂àÊÅØÔºåÊÑüË∞¢ÊÇ®ÁöÑÂèçÈ¶à„??","msg_type":0,"msgType":"1","type":"text","parent_id":"1898788"}; defaultValue: wv_hybrid:; url: https://bcfeedback.taobao.com/#/history

03-30 10:58:07.739  2267  2267 D WVJsBridge: callMethod: url=hybrid://WXLog:26769/log?historyList:{"message":"ÊÇ®Â•ΩÔºåÊàë‰ª¨Â∑≤Êî∂Âà∞ÊÇ®ÁöÑÊ∂àÊÅØÔºåÊÑüË∞¢ÊÇ®ÁöÑÂèçÈ¶à„??","msg_type":0,"msgType":"1","type":"text","parent_id":"1898788"}

03-30 10:58:07.741  2267  2742 D WVJsBridge: callMethod-obj:WXLog method:log param:historyList:{"message":"ÊÇ®Â•ΩÔºåÊàë‰ª¨Â∑≤Êî∂Âà∞ÊÇ®ÁöÑÊ∂àÊÅØÔºåÊÑüË∞¢ÊÇ®ÁöÑÂèçÈ¶à„??","msg_type":0,"msgType":"1","type":"text","parent_id":"1898788"} sid:26769

03-30 10:58:07.741  2267  2742 I WVJsBridge: call new method execute.

03-30 10:58:07.743  2267  2267 W WVJsBridge: WVApiPlugin execute . method: log;WXLog

03-30 10:58:07.743  2267  2267 D FeedbackAPI: historyList:{"message":"ÊÇ®Â•ΩÔºåÊàë‰ª¨Â∑≤Êî∂Âà∞ÊÇ®ÁöÑÊ∂àÊÅØÔºåÊÑüË∞¢ÊÇ®ÁöÑÂèçÈ¶à„??","msg_type":0,"msgType":"1","type":"text","parent_id":"1898788"}

03-30 10:58:07.750  2267  2267 I HybridWebChromeClient: onJsPrompt: hybrid://WXLog:26770/log?historyListSize:10; defaultValue: wv_hybrid:; url: https://bcfeedback.taobao.com/#/history

03-30 10:58:07.750  2267  2267 D WVJsBridge: callMethod: url=hybrid://WXLog:26770/log?historyListSize:10

03-30 10:58:07.750  2267  2715 D WVJsBridge: callMethod-obj:WXLog method:log param:historyListSize:10 sid:26770

03-30 10:58:07.750  2267  2715 I WVJsBridge: call new method execute.

03-30 10:58:07.763  2267  2267 W WVJsBridge: WVApiPlugin execute . method: log;WXLog

03-30 10:58:07.763  2267  2267 D FeedbackAPI: historyListSize:10

03-30 10:58:07.764  2267  2267 I HybridWebChromeClient: onJsPrompt: hybrid://WXLog:26771/log?latestModifyTime:1490322461000; defaultValue: wv_hybrid:; url: https://bcfeedback.taobao.com/#/history

03-30 10:58:07.764  2267  2267 D WVJsBridge: callMethod: url=hybrid://WXLog:26771/log?latestModifyTime:1490322461000

03-30 10:58:07.766  2267  2735 D WVJsBridge: callMethod-obj:WXLog method:log param:latestModifyTime:1490322461000 sid:26771

03-30 10:58:07.766  2267  2735 I WVJsBridge: call new method execute.

03-30 10:58:07.774  2267  2267 W WVJsBridge: WVApiPlugin execute . method: log;WXLog

03-30 10:58:07.774  2267  2267 D FeedbackAPI: latestModifyTime:1490322461000

03-30 10:58:07.789  2267  2267 W cr_BindingManager: Cannot call determinedVisibility() - never saw a connection for the pid: 2267

03-30 10:58:07.789  2267  2267 V HybridWebViewClient: Page finish: https://bcfeedback.taobao.com/#/history

03-30 10:58:07.789  2267  2267 D WVJsPatch: start execute jspatch, url: https://bcfeedback.taobao.com/#/history

03-30 10:58:07.789  2267  2267 W WVJsPatch: jspatch is not init, or parameter is empty.

03-30 10:58:07.898  4229  4368 I octvm_drv: get memsw state event success.

03-30 10:58:07.898  4229  4368 I octvm_whetstone: memory: threshold 307200, current free 306704; swap: threshold 0, current free 0

03-30 10:58:07.898  4229  4368 W WtEventController: low memory 

03-30 10:58:07.898  4229  4229 D MemController: receive the low memory message

03-30 10:58:07.898  4229  4229 D MemController: Enter the low memory mode transfer level = 0

03-30 10:58:07.898  4229  4229 D MemController: switch the last memory mode to normal mode with the timeout

03-30 10:58:07.898  4229  4229 W MemController: Memory check normal clear disable

03-30 10:58:07.981  6151  6186 I octvm_klo: read wakeups from wakealarm_fd:1

03-30 10:58:07.981  6151  6186 I octvm_klo: new timerfd interval:

03-30 10:58:07.981  6151  6186 I octvm_klo: 	itval.it_interval.tv_sec 1, itval.it_interval.tv_nsec 0

03-30 10:58:07.981  6151  6186 I octvm_klo: 	itval.it_value.tv_sec 0, itval.it_value.tv_nsec 999997083

03-30 10:58:08.025   379   493 I ThermalEngine: Sensor:batt_temp:368 mC

03-30 10:58:08.338   379   472 I ThermalEngine: Sensor:tsens_tz_sensor5:50000 mC

03-30 10:58:08.340   379   516 I ThermalEngine: Sensor:tsens_tz_sensor5:50000 mC

03-30 10:58:08.341   379   516 I ThermalEngine: TM Id 'CPU0_MONITOR' Sensor 'cpu0' - alarm cleared 1 at 50.0 degC

03-30 10:58:08.342   379   516 I ThermalEngine: ACTION: CPU - Setting CPU[0] to 2457600

03-30 10:58:08.343   379   516 I ThermalEngine: Mitigation:CPU[0]:2457600 Khz

03-30 10:58:08.343   379   516 I ThermalEngine: ACTION: CPU - Setting CPU[1] to 2457600

03-30 10:58:08.344   379   516 E ThermalEngine: Failed to set desired CPU[1] frequency limit to 2457600

03-30 10:58:08.344   379   516 I ThermalEngine: ACTION: CPU - Setting CPU[2] to 2457600

03-30 10:58:08.344   379   516 E ThermalEngine: Failed to set desired CPU[2] frequency limit to 2457600

03-30 10:58:08.344   379   516 I ThermalEngine: ACTION: CPU - Setting CPU[3] to 2457600

03-30 10:58:08.345   379   516 I ThermalEngine: Mitigation:CPU[3]:2457600 Khz

03-30 10:58:08.981  6151  6186 I octvm_klo: read wakeups from wakealarm_fd:1

03-30 10:58:08.981  6151  6186 I octvm_klo: new timerfd interval:

03-30 10:58:08.981  6151  6186 I octvm_klo: 	itval.it_interval.tv_sec 1, itval.it_interval.tv_nsec 0

03-30 10:58:08.981  6151  6186 I octvm_klo: 	itval.it_value.tv_sec 0, itval.it_value.tv_nsec 999996458

03-30 10:58:09.026   379   493 I ThermalEngine: Sensor:batt_temp:367 mC

03-30 10:58:09.408  3745  3745 D wpa_supplicant: wlan0: Control interface command 'SIGNAL_POLL'

03-30 10:58:09.411  3745  3745 D wpa_supplicant: CTRL-DEBUG: global_ctrl_sock-sendto: sock=11 sndbuf=163840 outq=0 send_len=49

03-30 10:58:09.981  6151  6186 I octvm_klo: read wakeups from wakealarm_fd:1

03-30 10:58:09.981  6151  6186 I octvm_klo: new timerfd interval:

03-30 10:58:09.981  6151  6186 I octvm_klo: 	itval.it_interval.tv_sec 1, itval.it_interval.tv_nsec 0

03-30 10:58:09.981  6151  6186 I octvm_klo: 	itval.it_value.tv_sec 0, itval.it_value.tv_nsec 999997292

03-30 10:58:09.992  2267  2350 D UTAnalytics:LogStoreMgr: pid:2267 [store],

03-30 10:58:10.016  2267  2350 D UTAnalytics:UTSqliteLogStore: pid:2267 sql:SELECT * FROM log ORDER BY time ASC  LIMIT 20,

03-30 10:58:10.017  2267  2350 D UTAnalytics:UTSqliteLogStore: pid:2267 pos,0,count,17,

03-30 10:58:10.017  2267  2350 D UTAnalytics:UTSqliteLogStore: pid:2267 pos,1,count,17,

03-30 10:58:10.018  2267  2350 D UTAnalytics:UTSqliteLogStore: pid:2267 pos,2,count,17,

03-30 10:58:10.018  2267  2350 D UTAnalytics:UTSqliteLogStore: pid:2267 pos,3,count,17,

03-30 10:58:10.018  2267  2350 D UTAnalytics:UTSqliteLogStore: pid:2267 pos,4,count,17,

03-30 10:58:10.018  2267  2350 D UTAnalytics:UTSqliteLogStore: pid:2267 pos,5,count,17,

03-30 10:58:10.018  2267  2350 D UTAnalytics:UTSqliteLogStore: pid:2267 pos,6,count,17,

03-30 10:58:10.018  2267  2350 D UTAnalytics:UTSqliteLogStore: pid:2267 pos,7,count,17,

03-30 10:58:10.018  2267  2350 D UTAnalytics:UTSqliteLogStore: pid:2267 pos,8,count,17,

03-30 10:58:10.018  2267  2350 D UTAnalytics:UTSqliteLogStore: pid:2267 pos,9,count,17,

03-30 10:58:10.018  2267  2350 D UTAnalytics:UTSqliteLogStore: pid:2267 pos,10,count,17,

03-30 10:58:10.018  2267  2350 D UTAnalytics:UTSqliteLogStore: pid:2267 pos,11,count,17,

03-30 10:58:10.019  2267  2350 D UTAnalytics:UTSqliteLogStore: pid:2267 pos,12,count,17,

03-30 10:58:10.019  2267  2350 D UTAnalytics:UTSqliteLogStore: pid:2267 pos,13,count,17,

03-30 10:58:10.019  2267  2350 D UTAnalytics:UTSqliteLogStore: pid:2267 pos,14,count,17,

03-30 10:58:10.019  2267  2350 D UTAnalytics:UTSqliteLogStore: pid:2267 pos,15,count,17,

03-30 10:58:10.019  2267  2350 D UTAnalytics:UTSqliteLogStore: pid:2267 pos,16,count,17,

03-30 10:58:10.027   379   493 I ThermalEngine: Sensor:batt_temp:367 mC

03-30 10:58:10.051  2267  2350 D UTAnalytics:LogStoreMgr: pid:2267 [get],[Log [id=2328, eventId=19999, index=], Log [id=2329, eventId=19999, index=], Log [id=2330, eventId=2001, index=], Log [id=2331, eventId=2001, index=], Log [id=2332, eventId=2001, index=], Log [id=2333, eventId=2001, index=], Log [id=2334, eventId=19999, index=], Log [id=2335, eventId=19999, index=], Log [id=2336, eventId=2001, index=], Log [id=2337, eventId=2001, index=], Log [id=2338, eventId=2001, index=], Log [id=2339, eventId=2001, index=], Log [id=2340, eventId=2001, index=], Log [id=2341, eventId=19999, index=], Log [id=2342, eventId=19999, index=], Log [id=2343, eventId=2001, index=], Log [id=2344, eventId=2001, index=]],

03-30 10:58:10.074  2267  2350 D UTAnalytics:UploadTask: pid:2267 averagePackageSize:39.588234,

03-30 10:58:10.096  4116  4556 I XiaomiFirewall: firewall pkgName:com.orvibo.homemate, result:0x0

03-30 10:58:10.167  2267  2350 D UTAnalytics:UploadTask: pid:2267 url:http://adashbc.m.taobao.com/rest/sur?ak=23256401&av=2.3.0.300&c=null&v=3.0&s=0bc1727e9cbd04f9c63ae7a86784eecf25fdc686&d=WJfwe%2BsntC4DAAdSBLpxQDCW&sv=2.5.1_for_bc&p=a&t=1490842690090&u=&is=1&k=0,

03-30 10:58:10.167  2267  2350 D UTAnalytics:UploadTask: pid:2267 result:{"t":1490842687509,"ret":"","success":"success"}

03-30 10:58:10.167  2267  2350 D UTAnalytics:UploadTask: ,

03-30 10:58:10.168  2267  2350 D UTAnalytics:UploadTask: pid:2267 winsize:350,

03-30 10:58:10.168  2267  2350 D UTAnalytics:LogStoreMgr: pid:2267 [Log [id=2328, eventId=19999, index=], Log [id=2329, eventId=19999, index=], Log [id=2330, eventId=2001, index=], Log [id=2331, eventId=2001, index=], Log [id=2332, eventId=2001, index=], Log [id=2333, eventId=2001, index=], Log [id=2334, eventId=19999, index=], Log [id=2335, eventId=19999, index=], Log [id=2336, eventId=2001, index=], Log [id=2337, eventId=2001, index=], Log [id=2338, eventId=2001, index=], Log [id=2339, eventId=2001, index=], Log [id=2340, eventId=2001, index=], Log [id=2341, eventId=19999, index=], Log [id=2342, eventId=19999, index=], Log [id=2343, eventId=2001, index=], Log [id=2344, eventId=2001, index=]],

03-30 10:58:10.226  2267  2350 D UTAnalytics:UTSqliteLogStore: pid:2267 delete ,17, isSuccess:true,

03-30 10:58:10.226  2267  2350 D UTAnalytics:CoreStatics: pid:2267 [uploadInc]:0,count:17,

03-30 10:58:10.226  2267  2350 D UTAnalytics:CoreStatics: pid:2267 [uploadInc]:17,

03-30 10:58:10.226  2267  2350 D UTAnalytics:UploadTask: pid:2267 logs.size():17, selfMonitorLogCount:0,

03-30 10:58:10.226  2267  2350 D UTAnalytics:UploadTask: pid:2267 upload isSendSuccess:true, consume:94, delete consume:58,

03-30 10:58:10.239  2267  2267 W cr_BindingManager: Cannot call determinedVisibility() - never saw a connection for the pid: 2267

03-30 10:58:10.249  2267  2267 V HybridWebViewClient: Page finish: https://bcfeedback.taobao.com/#/feedback

03-30 10:58:10.249  2267  2267 D WVJsPatch: start execute jspatch, url: https://bcfeedback.taobao.com/#/feedback

03-30 10:58:10.249  2267  2267 W WVJsPatch: jspatch is not init, or parameter is empty.

03-30 10:58:10.253  2267  2267 I HybridWebChromeClient: onJsPrompt: hybrid://WVToolBarManager:26772/setToolBar?{"pageTitle":"ÊÑèËßÅÂèçÈ¶à","canGoBack":false,"backCallback":"","haveRightNavButton":true,"rightButtonContent":"ÂéÜÂè≤ÂèçÈ¶à","rightButtonCallback":"Api.goToHistoryFeedback()","navbar":{"style":{"color":"#4a4a4a","backgroundColor":"#ffffff"}}}; defaultValue: wv_hybrid:; url: https://bcfeedback.taobao.com/#/feedback

03-30 10:58:10.253  2267  2267 D WVJsBridge: callMethod: url=hybrid://WVToolBarManager:26772/setToolBar?{"pageTitle":"ÊÑèËßÅÂèçÈ¶à","canGoBack":false,"backCallback":"","haveRightNavButton":true,"rightButtonContent":"ÂéÜÂè≤ÂèçÈ¶à","rightButtonCallback":"Api.goToHistoryFeedback()","navbar":{"style":{"color":"#4a4a4a","backgroundColor":"#ffffff"}}}

03-30 10:58:10.256  2267  2736 D WVJsBridge: callMethod-obj:WVToolBarManager method:setToolBar param:{"pageTitle":"ÊÑèËßÅÂèçÈ¶à","canGoBack":false,"backCallback":"","haveRightNavButton":true,"rightButtonContent":"ÂéÜÂè≤ÂèçÈ¶à","rightButtonCallback":"Api.goToHistoryFeedback()","navbar":{"style":{"color":"#4a4a4a","backgroundColor":"#ffffff"}}} sid:26772

03-30 10:58:10.256  2267  2736 I WVJsBridge: call new method execute.

03-30 10:58:10.264  2267  2267 W WVJsBridge: WVApiPlugin execute . method: setToolBar;WVToolBarManager

03-30 10:58:10.264  2267  2267 D FeedbackAPI: {"pageTitle":"ÊÑèËßÅÂèçÈ¶à","canGoBack":false,"backCallback":"","haveRightNavButton":true,"rightButtonContent":"ÂéÜÂè≤ÂèçÈ¶à","rightButtonCallback":"Api.goToHistoryFeedback()","navbar":{"style":{"color":"#4a4a4a","backgroundColor":"#ffffff"}}}

03-30 10:58:10.279  2267  2267 D feedback: setPageTitle

03-30 10:58:10.280  2267  2267 D feedback: updateReturnButtonBehaviour

03-30 10:58:10.284  2267  2267 W cr_BindingManager: Cannot call determinedVisibility() - never saw a connection for the pid: 2267

03-30 10:58:10.285  2267  2889 D FeedbackAPI: sign before:appkey=23256401&deviceId=WJfwe+sntC4DAAdSBLpxQDCW

03-30 10:58:10.287  2267  2889 D FeedbackAPI : sign after:e469344ba86f5f3f88c8fd188558071e8ce8dba2

03-30 10:58:10.294  2267  2267 V HybridWebViewClient: Page finish: https://bcfeedback.taobao.com/#/feedback

03-30 10:58:10.295  2267  2267 D WVJsPatch: start execute jspatch, url: https://bcfeedback.taobao.com/#/feedback

03-30 10:58:10.295  2267  2267 W WVJsPatch: jspatch is not init, or parameter is empty.

03-30 10:58:10.329  2267  2339 D UTAnalytics:AppMonitorDelegate: pid:2267 commitCount module: feedback, monitorPoint: getUnreadCountSuccess, value: 0.0,

03-30 10:58:10.329  2267  2339 I UTAnalytics:EventRepo: pid:2267 COUNTER, EVENT size:8,

03-30 10:58:10.625  2267  2314 W System.err: Êó†Ê≥ïËÆøÈóÆÊàñÁΩëÁªú‰∏çÁ®≥ÂÆö

03-30 10:58:10.626  2267  2314 W System.err: 	at com.danale.video.sdk.http.impl.apache.ApacheHttpClient.readDataWithRetriesAndReportDanaleError(Unknown Source)

03-30 10:58:10.626  2267  2314 W System.err: 	at com.danale.video.sdk.http.impl.apache.ApacheHttpClient.execute(Unknown Source)

03-30 10:58:10.626  2267  2314 W System.err: 	at com.danale.video.sdk.utils.DnsAnalysisUtil.dnsAnalysisByDanale(Unknown Source)

03-30 10:58:10.626  2267  2314 W System.err: 	at com.danale.video.sdk.platform.entity.Session$7.doInBackground(Unknown Source)

03-30 10:58:10.626  2267  2314 W System.err: 	at com.danale.video.sdk.platform.entity.Session$7.doInBackground(Unknown Source)

03-30 10:58:10.626  2267  2314 W System.err: 	at com.danale.video.sdk.async.AsyncTask$2.call(Unknown Source)

03-30 10:58:10.626  2267  2314 W System.err: 	at java.util.concurrent.FutureTask.run(FutureTask.java:237)

03-30 10:58:10.626  2267  2314 W System.err: 	at java.util.concurrent.ThreadPoolExecutor.runWorker(ThreadPoolExecutor.java:1113)

03-30 10:58:10.626  2267  2314 W System.err: 	at java.util.concurrent.ThreadPoolExecutor$Worker.run(ThreadPoolExecutor.java:588)

03-30 10:58:10.626  2267  2314 W System.err: 	at java.lang.Thread.run(Thread.java:818)

03-30 10:58:10.626  2267  2314 W System.err: Caused by: org.apache.http.conn.ConnectTimeoutException: Connect to /54.93.73.119:443 timed out

03-30 10:58:10.627  2267  2314 W System.err: 	at org.apache.http.conn.scheme.PlainSocketFactory.connectSocket(PlainSocketFactory.java:126)

03-30 10:58:10.627  2267  2314 W System.err: 	at org.apache.http.impl.conn.DefaultClientConnectionOperator.openConnection(DefaultClientConnectionOperator.java:149)

03-30 10:58:10.627  2267  2314 W System.err: 	at org.apache.http.impl.conn.AbstractPoolEntry.open(AbstractPoolEntry.java:169)

03-30 10:58:10.627  2267  2314 W System.err: 	at org.apache.http.impl.conn.AbstractPooledConnAdapter.open(AbstractPooledConnAdapter.java:124)

03-30 10:58:10.627  2267  2314 W System.err: 	at org.apache.http.impl.client.DefaultRequestDirector.execute(DefaultRequestDirector.java:370)

03-30 10:58:10.627  2267  2314 W System.err: 	at org.apache.http.impl.client.AbstractHttpClient.execute(AbstractHttpClient.java:560)

03-30 10:58:10.627  2267  2314 W System.err: 	at org.apache.http.impl.client.AbstractHttpClient.execute(AbstractHttpClient.java:492)

03-30 10:58:10.627  2267  2314 W System.err: 	at org.apache.http.impl.client.AbstractHttpClient.execute(AbstractHttpClient.java:470)

03-30 10:58:10.627  2267  2314 W System.err: 	at com.danale.video.sdk.http.impl.apache.ApacheHttpClient.readDataWithRetriesAndReportDanaleError(Unknown Source)

03-30 10:58:10.627  2267  2314 W System.err: 	... 9 more

03-30 10:58:10.985  6151  6186 I octvm_klo: read wakeups from wakealarm_fd:1

03-30 10:58:10.985  6151  6186 I octvm_klo: new timerfd interval:

03-30 10:58:10.985  6151  6186 I octvm_klo: 	itval.it_interval.tv_sec 1, itval.it_interval.tv_nsec 0

03-30 10:58:10.985  6151  6186 I octvm_klo: 	itval.it_value.tv_sec 0, itval.it_value.tv_nsec 999997292

03-30 10:58:11.028   379   493 I ThermalEngine: Sensor:batt_temp:367 mC

03-30 10:58:11.858 28253 28253 I AppiumUnicodeIME: onStartInput

03-30 10:58:11.849  4374  4374 W Binder_10: type=1400 audit(0.0:55260562): avc: denied { ioctl } for path="socket:[12231562]" dev="sockfs" ino=12231562 ioctlcmd=7704 scontext=u:r:system_server:s0 tcontext=u:r:system_server:s0 tclass=unix_stream_socket permissive=0

03-30 10:58:11.849  4374  4374 W Binder_10: type=1400 audit(0.0:55260563): avc: denied { ioctl } for path="socket:[12231562]" dev="sockfs" ino=12231562 ioctlcmd=7704 scontext=u:r:system_server:s0 tcontext=u:r:system_server:s0 tclass=unix_stream_socket permissive=0

03-30 10:58:11.899  4348  4348 W Binder_F: type=1400 audit(0.0:55260564): avc: denied { ioctl } for path="socket:[12231562]" dev="sockfs" ino=12231562 ioctlcmd=7704 scontext=u:r:system_server:s0 tcontext=u:r:system_server:s0 tclass=unix_stream_socket permissive=0

03-30 10:58:11.903 28253 28253 I AppiumUnicodeIME: onFinishInput

03-30 10:58:11.903 28253 28253 I AppiumUnicodeIME: onStartInput

03-30 10:58:11.899  4348  4348 W Binder_F: type=1400 audit(0.0:55260565): avc: denied { ioctl } for path="socket:[12231562]" dev="sockfs" ino=12231562 ioctlcmd=7704 scontext=u:r:system_server:s0 tcontext=u:r:system_server:s0 tclass=unix_stream_socket permissive=0

03-30 10:58:11.985  6151  6186 I octvm_klo: read wakeups from wakealarm_fd:1

03-30 10:58:11.985  6151  6186 I octvm_klo: new timerfd interval:

03-30 10:58:11.985  6151  6186 I octvm_klo: 	itval.it_interval.tv_sec 1, itval.it_interval.tv_nsec 0

03-30 10:58:11.985  6151  6186 I octvm_klo: 	itval.it_value.tv_sec 0, itval.it_value.tv_nsec 999997239

03-30 10:58:12.029   379   493 I ThermalEngine: Sensor:batt_temp:367 mC

03-30 10:58:12.418  3745  3745 D wpa_supplicant: wlan0: Control interface command 'SIGNAL_POLL'

03-30 10:58:12.429  3745  3745 D wpa_supplicant: CTRL-DEBUG: global_ctrl_sock-sendto: sock=11 sndbuf=163840 outq=0 send_len=49

03-30 10:58:12.749 25810 25810 W AppWatcher: type=1400 audit(0.0:55260566): avc: denied { getattr } for path="/proc/opalum-temp-calib" dev="proc" ino=4026534631 scontext=u:r:untrusted_app:s0:c512,c768 tcontext=u:object_r:proc_opalum:s0 tclass=file permissive=0

03-30 10:58:12.749 25810 25810 W AppWatcher: type=1400 audit(0.0:55260567): avc: denied { getattr } for path="/proc/opalum-f0-calib" dev="proc" ino=4026534630 scontext=u:r:untrusted_app:s0:c512,c768 tcontext=u:object_r:proc_opalum:s0 tclass=file permissive=0

03-30 10:58:12.759 25810 25810 W AppWatcher: type=1400 audit(0.0:55260568): avc: denied { getattr } for path="/proc/sysrq-trigger" dev="proc" ino=4026533735 scontext=u:r:untrusted_app:s0:c512,c768 tcontext=u:object_r:proc_sysrq:s0 tclass=file permissive=0

03-30 10:58:12.769 25810 25810 W AppWatcher: type=1400 audit(0.0:55260569): avc: denied { getattr } for path="/proc/1" dev="proc" ino=11921139 scontext=u:r:untrusted_app:s0:c512,c768 tcontext=u:r:init:s0 tclass=dir permissive=0

03-30 10:58:12.769 25810 25810 W AppWatcher: type=1400 audit(0.0:55260570): avc: denied { getattr } for path="/proc/2" dev="proc" ino=11961941 scontext=u:r:untrusted_app:s0:c512,c768 tcontext=u:r:kernel:s0 tclass=dir permissive=0

03-30 10:58:12.769 25810 25810 W AppWatcher: type=1400 audit(0.0:55260571): avc: denied { getattr } for path="/proc/3" dev="proc" ino=11961942 scontext=u:r:untrusted_app:s0:c512,c768 tcontext=u:r:kernel:s0 tclass=dir permissive=0

03-30 10:58:12.769 25810 25810 W AppWatcher: type=1400 audit(0.0:55260572): avc: denied { getattr } for path="/proc/6" dev="proc" ino=11961943 scontext=u:r:untrusted_app:s0:c512,c768 tcontext=u:r:kernel:s0 tclass=dir permissive=0

03-30 10:58:12.779 25810 25810 W AppWatcher: type=1400 audit(0.0:55260573): avc: denied { getattr } for path="/proc/7" dev="proc" ino=11961944 scontext=u:r:untrusted_app:s0:c512,c768 tcontext=u:r:kernel:s0 tclass=dir permissive=0

03-30 10:58:12.779 25810 25810 W AppWatcher: type=1400 audit(0.0:55260574): avc: denied { getattr } for path="/proc/8" dev="proc" ino=11961945 scontext=u:r:untrusted_app:s0:c512,c768 tcontext=u:r:kernel:s0 tclass=dir permissive=0

03-30 10:58:12.779 25810 25810 W AppWatcher: type=1400 audit(0.0:55260575): avc: denied { getattr } for path="/proc/21" dev="proc" ino=11961946 scontext=u:r:untrusted_app:s0:c512,c768 tcontext=u:r:kernel:s0 tclass=dir permissive=0

03-30 10:58:12.779 25810 25810 W AppWatcher: type=1400 audit(0.0:55260576): avc: denied { getattr } for path="/proc/22" dev="proc" ino=11961947 scontext=u:r:untrusted_app:s0:c512,c768 tcontext=u:r:kernel:s0 tclass=dir permissive=0

03-30 10:58:12.789 25810 25810 W AppWatcher: type=1400 audit(0.0:55260577): avc: denied { getattr } for path="/proc/28" dev="proc" ino=11961948 scontext=u:r:untrusted_app:s0:c512,c768 tcontext=u:r:kernel:s0 tclass=dir permissive=0

03-30 10:58:12.799 25810 25810 W AppWatcher: type=1400 audit(0.0:55260578): avc: denied { getattr } for path="/proc/29" dev="proc" ino=11961949 scontext=u:r:untrusted_app:s0:c512,c768 tcontext=u:r:kernel:s0 tclass=dir permissive=0

03-30 10:58:12.799 25810 25810 W AppWatcher: type=1400 audit(0.0:55260579): avc: denied { getattr } for path="/proc/30" dev="proc" ino=11961950 scontext=u:r:untrusted_app:s0:c512,c768 tcontext=u:r:kernel:s0 tclass=dir permissive=0

03-30 10:58:12.799 25810 25810 W AppWatcher: type=1400 audit(0.0:55260580): avc: denied { getattr } for path="/proc/32" dev="proc" ino=11961951 scontext=u:r:untrusted_app:s0:c512,c768 tcontext=u:r:kernel:s0 tclass=dir permissive=0

03-30 10:58:12.799 25810 25810 W AppWatcher: type=1400 audit(0.0:55260581): avc: denied { getattr } for path="/proc/33" dev="proc" ino=11961952 scontext=u:r:untrusted_app:s0:c512,c768 tcontext=u:r:kernel:s0 tclass=dir permissive=0

03-30 10:58:12.829   379   472 I ThermalEngine: Sensor:tsens_tz_sensor5:57000 mC

03-30 10:58:12.830   379   516 I ThermalEngine: Sensor:tsens_tz_sensor5:57000 mC

03-30 10:58:12.830   379   516 I ThermalEngine: TM Id 'CPU0_MONITOR' Sensor 'cpu0' - alarm raised 1 at 57.0 degC

03-30 10:58:12.830   379   516 I ThermalEngine: ACTION: CPU - Setting CPU[0] to 1728000

03-30 10:58:12.830   379   516 I ThermalEngine: Mitigation:CPU[0]:1728000 Khz

03-30 10:58:12.830   379   516 I ThermalEngine: ACTION: CPU - Setting CPU[1] to 1728000

03-30 10:58:12.830   379   516 E ThermalEngine: Failed to set desired CPU[1] frequency limit to 1728000

03-30 10:58:12.830   379   516 I ThermalEngine: ACTION: CPU - Setting CPU[2] to 1728000

03-30 10:58:12.830   379   516 E ThermalEngine: Failed to set desired CPU[2] frequency limit to 1728000

03-30 10:58:12.830   379   516 I ThermalEngine: ACTION: CPU - Setting CPU[3] to 1728000

03-30 10:58:12.831   379   516 I ThermalEngine: Mitigation:CPU[3]:1728000 Khz

03-30 10:58:12.859 25810 25810 W AppWatcher: type=1400 audit(0.0:55260760): avc: denied { getattr } for path="/proc/2936" dev="proc" ino=12234515 scontext=u:r:untrusted_app:s0:c512,c768 tcontext=u:r:shell:s0 tclass=dir permissive=0

03-30 10:58:12.859 25810 25810 W AppWatcher: type=1400 audit(0.0:55260761): avc: denied { getattr } for path="/proc/2946" dev="proc" ino=12237135 scontext=u:r:untrusted_app:s0:c512,c768 tcontext=u:r:kernel:s0 tclass=dir permissive=0

03-30 10:58:12.859 25810 25810 W AppWatcher: type=1400 audit(0.0:55260762): avc: denied { getattr } for path="/proc/2947" dev="proc" ino=12237136 scontext=u:r:untrusted_app:s0:c512,c768 tcontext=u:r:kernel:s0 tclass=dir permissive=0

03-30 10:58:12.859 25810 25810 W AppWatcher: type=1400 audit(0.0:55260763): avc: denied { getattr } for path="/proc/2948" dev="proc" ino=12237137 scontext=u:r:untrusted_app:s0:c512,c768 tcontext=u:r:kernel:s0 tclass=dir permissive=0

03-30 10:58:12.869 25810 25810 W AppWatcher: type=1400 audit(0.0:55260764): avc: denied { getattr } for path="/proc/2949" dev="proc" ino=12237138 scontext=u:r:untrusted_app:s0:c512,c768 tcontext=u:r:kernel:s0 tclass=dir permissive=0

03-30 10:58:12.869 25810 25810 W AppWatcher: type=1400 audit(0.0:55260765): avc: denied { getattr } for path="/proc/2950" dev="proc" ino=12237139 scontext=u:r:untrusted_app:s0:c512,c768 tcontext=u:r:kernel:s0 tclass=dir permissive=0

03-30 10:58:12.869 25810 25810 W AppWatcher: type=1400 audit(0.0:55260766): avc: denied { getattr } for path="/proc/3356" dev="proc" ino=12075830 scontext=u:r:untrusted_app:s0:c512,c768 tcontext=u:r:shell:s0 tclass=dir permissive=0

03-30 10:58:12.869 25810 25810 W AppWatcher: type=1400 audit(0.0:55260767): avc: denied { getattr } for path="/proc/3701" dev="proc" ino=11913057 scontext=u:r:untrusted_app:s0:c512,c768 tcontext=u:r:kernel:s0 tclass=dir permissive=0

03-30 10:58:12.869 25810 25810 W AppWatcher: type=1400 audit(0.0:55260768): avc: denied { getattr } for path="/proc/3703" dev="proc" ino=11913058 scontext=u:r:untrusted_app:s0:c512,c768 tcontext=u:r:kernel:s0 tclass=dir permissive=0

03-30 10:58:12.869 25810 25810 W AppWatcher: type=1400 audit(0.0:55260769): avc: denied { getattr } for path="/proc/3704" dev="proc" ino=11913059 scontext=u:r:untrusted_app:s0:c512,c768 tcontext=u:r:kernel:s0 tclass=dir permissive=0

03-30 10:58:12.869 25810 25810 W AppWatcher: type=1400 audit(0.0:55260770): avc: denied { getattr } for path="/proc/3705" dev="proc" ino=11913060 scontext=u:r:untrusted_app:s0:c512,c768 tcontext=u:r:kernel:s0 tclass=dir permissive=0

03-30 10:58:12.869 25810 25810 W AppWatcher: type=1400 audit(0.0:55260771): avc: denied { getattr } for path="/proc/3716" dev="proc" ino=11913061 scontext=u:r:untrusted_app:s0:c512,c768 tcontext=u:r:kernel:s0 tclass=dir permissive=0

03-30 10:58:12.879 25810 25810 W AppWatcher: type=1400 audit(0.0:55260772): avc: denied { getattr } for path="/proc/3723" dev="proc" ino=11913062 scontext=u:r:untrusted_app:s0:c512,c768 tcontext=u:r:sdcardd:s0 tclass=dir permissive=0

03-30 10:58:12.879 25810 25810 W AppWatcher: type=1400 audit(0.0:55260773): avc: denied { getattr } for path="/proc/3745" dev="proc" ino=11913063 scontext=u:r:untrusted_app:s0:c512,c768 tcontext=u:r:wpa:s0 tclass=dir permissive=0

03-30 10:58:12.879 25810 25810 W AppWatcher: type=1400 audit(0.0:55260774): avc: denied { getattr } for path="/proc/3746" dev="proc" ino=9845897 scontext=u:r:untrusted_app:s0:c512,c768 tcontext=u:r:system_app:s0 tclass=dir permissive=0

03-30 10:58:12.879 25810 25810 W AppWatcher: type=1400 audit(0.0:55260775): avc: denied { getattr } for path="/proc/3754" dev="proc" ino=11913064 scontext=u:r:untrusted_app:s0:c512,c768 tcontext=u:r:downloader:s0:c512,c768 tclass=dir permissive=0

03-30 10:58:12.879 25810 25810 W AppWatcher: type=1400 audit(0.0:55260776): avc: denied { getattr } for path="/proc/4060" dev="proc" ino=11547448 scontext=u:r:untrusted_app:s0:c512,c768 tcontext=u:r:platform_app:s0:c512,c768 tclass=dir permissive=0

03-30 10:58:12.879 25810 25810 W AppWatcher: type=1400 audit(0.0:55260777): avc: denied { getattr } for path="/proc/4116" dev="proc" ino=11913065 scontext=u:r:untrusted_app:s0:c512,c768 tcontext=u:r:networkassistant:s0:c512,c768 tclass=dir permissive=0

03-30 10:58:12.889 25810 25810 W AppWatcher: type=1400 audit(0.0:55260778): avc: denied { getattr } for path="/proc/4223" dev="proc" ino=11913066 scontext=u:r:untrusted_app:s0:c512,c768 tcontext=u:r:system_app:s0 tclass=dir permissive=0

03-30 10:58:12.889 25810 25810 W AppWatcher: type=1400 audit(0.0:55260779): avc: denied { getattr } for path="/proc/4229" dev="proc" ino=11913067 scontext=u:r:untrusted_app:s0:c512,c768 tcontext=u:r:system_app:s0 tclass=dir permissive=0

03-30 10:58:12.985  6151  6186 I octvm_klo: read wakeups from wakealarm_fd:1

03-30 10:58:12.986  6151  6186 I octvm_klo: new timerfd interval:

03-30 10:58:12.986  6151  6186 I octvm_klo: 	itval.it_interval.tv_sec 1, itval.it_interval.tv_nsec 0

03-30 10:58:12.986  6151  6186 I octvm_klo: 	itval.it_value.tv_sec 0, itval.it_value.tv_nsec 999997916

03-30 10:58:13.030   379   493 I ThermalEngine: Sensor:batt_temp:368 mC

03-30 10:58:13.179  2936  2936 D AndroidRuntime: >>>>>> START com.android.internal.os.RuntimeInit uid 2000 <<<<<<

03-30 10:58:13.186  2936  2936 D AndroidRuntime: CheckJNI is OFF

03-30 10:58:13.245  2936  2936 D ICU     : No timezone override file found: /data/misc/zoneinfo/current/icu/icu_tzdata.dat

03-30 10:58:13.299  2936  2936 I Radio-JNI: register_android_hardware_Radio DONE

03-30 10:58:13.328  2936  2936 D AndroidRuntime: Calling main entry com.android.commands.input.Input

03-30 10:58:13.329  2936  2936 I Input   : injectMotionEvent: MotionEvent { action=ACTION_DOWN, actionButton=0, id[0]=0, x[0]=189.0, y[0]=1060.0, toolType[0]=TOOL_TYPE_UNKNOWN, buttonState=0, metaState=0, flags=0x0, edgeFlags=0x0, pointerCount=1, historySize=0, eventTime=338784109, downTime=338784109, deviceId=0, source=0x1002 }

03-30 10:58:13.340  2936  2936 I Input   : injectMotionEvent: MotionEvent { action=ACTION_UP, actionButton=0, id[0]=0, x[0]=189.0, y[0]=1060.0, toolType[0]=TOOL_TYPE_UNKNOWN, buttonState=0, metaState=0, flags=0x0, edgeFlags=0x0, pointerCount=1, historySize=0, eventTime=338784109, downTime=338784109, deviceId=0, source=0x1002 }

03-30 10:58:13.350  2936  2936 D AndroidRuntime: Shutting down VM

03-30 10:58:13.374  2267  2267 I HybridWebChromeClient: onJsPrompt: hybrid://WXKeyboard:26773/down?; defaultValue: wv_hybrid:; url: https://bcfeedback.taobao.com/#/feedback

03-30 10:58:13.374  2267  2267 D WVJsBridge: callMethod: url=hybrid://WXKeyboard:26773/down?

03-30 10:58:13.376  2267  2739 D WVJsBridge: callMethod-obj:WXKeyboard method:down param: sid:26773

03-30 10:58:13.376  2267  2739 I WVJsBridge: call new method execute.

03-30 10:58:13.378 28253 28253 I AppiumUnicodeIME: onStartInput

03-30 10:58:13.380  2267  2267 W WVJsBridge: WVApiPlugin execute . method: down;WXKeyboard

03-30 10:58:13.383  2267  2267 D WXKeyboard: hideSoftInputFromWindow ok

03-30 10:58:13.961  2267  2350 D UTAnalytics:LogStoreMgr: pid:2267 [store],

03-30 10:58:13.986  6151  6186 I octvm_klo: read wakeups from wakealarm_fd:1

03-30 10:58:13.986  6151  6186 I octvm_klo: new timerfd interval:

03-30 10:58:13.986  6151  6186 I octvm_klo: 	itval.it_interval.tv_sec 1, itval.it_interval.tv_nsec 0

03-30 10:58:13.986  6151  6186 I octvm_klo: 	itval.it_value.tv_sec 0, itval.it_value.tv_nsec 999996823

03-30 10:58:14.000  2267  2350 D UTAnalytics:UTSqliteLogStore: pid:2267 sql:SELECT * FROM log ORDER BY time ASC  LIMIT 350,

03-30 10:58:14.020  2267  2350 D UTAnalytics:LogStoreMgr: pid:2267 [get],[],

03-30 10:58:14.031   379   493 I ThermalEngine: Sensor:batt_temp:367 mC

03-30 10:58:14.042  2267  2350 D UTAnalytics:UploadEngine: pid:2267 UTDC.bBackground:false,AppInfoUtil.isForeground(UTDC.getContext()) ,true,

03-30 10:58:14.052  2267  2350 D UTAnalytics:UploadTask: pid:2267 mPeriod:30000,

03-30 10:58:14.117  2966  2966 D AndroidRuntime: >>>>>> START com.android.internal.os.RuntimeInit uid 2000 <<<<<<

03-30 10:58:14.124  2966  2966 D AndroidRuntime: CheckJNI is OFF

03-30 10:58:14.188  2966  2966 D ICU     : No timezone override file found: /data/misc/zoneinfo/current/icu/icu_tzdata.dat

03-30 10:58:14.248  2966  2966 I Radio-JNI: register_android_hardware_Radio DONE

03-30 10:58:14.279  2966  2966 D AndroidRuntime: Calling main entry com.android.commands.input.Input

03-30 10:58:14.281  2966  2966 I Input   : injectMotionEvent: MotionEvent { action=ACTION_DOWN, actionButton=0, id[0]=0, x[0]=542.0, y[0]=1711.0, toolType[0]=TOOL_TYPE_UNKNOWN, buttonState=0, metaState=0, flags=0x0, edgeFlags=0x0, pointerCount=1, historySize=0, eventTime=338785060, downTime=338785060, deviceId=0, source=0x1002 }

03-30 10:58:14.286  2966  2966 I Input   : injectMotionEvent: MotionEvent { action=ACTION_UP, actionButton=0, id[0]=0, x[0]=542.0, y[0]=1711.0, toolType[0]=TOOL_TYPE_UNKNOWN, buttonState=0, metaState=0, flags=0x0, edgeFlags=0x0, pointerCount=1, historySize=0, eventTime=338785060, downTime=338785060, deviceId=0, source=0x1002 }

03-30 10:58:14.297  2966  2966 D AndroidRuntime: Shutting down VM

03-30 10:58:14.306  2267  2267 I HybridWebChromeClient: onJsPrompt: hybrid://WXPhoto:26774/take?{"mode":"album"}; defaultValue: wv_hybrid:; url: https://bcfeedback.taobao.com/#/feedback

03-30 10:58:14.306  2267  2267 D WVJsBridge: callMethod: url=hybrid://WXPhoto:26774/take?{"mode":"album"}

03-30 10:58:14.306  2267  2742 D WVJsBridge: callMethod-obj:WXPhoto method:take param:{"mode":"album"} sid:26774

03-30 10:58:14.319  2267  2742 I WVJsBridge: call new method execute.

03-30 10:58:14.326  2267  2267 W WVJsBridge: WVApiPlugin execute . method: take;WXPhoto

03-30 10:58:14.332  2267  2267 D WXPhoto : start to pick photo from system album.

03-30 10:58:14.339  2267  2267 I Timeline: Timeline: Activity_launch_request time:338785119

03-30 10:58:14.342  2044  4245 I ActivityManager: START u0 {act=android.intent.action.PICK dat=content://media/external/images/media cmp=com.miui.gallery/.picker.PickGalleryActivity} from uid 10143 on display 0

03-30 10:58:14.345  4229  4367 D WtProcessController: onAMCreateActivity callback

03-30 10:58:14.349  4229  4367 D WtProcessController: onAMPauseActivity callback

03-30 10:58:14.376  2267  2267 D WVCallBackContext: call fireEvent 

03-30 10:58:14.376  2267  2267 D WVCallBackContext: callback: javascript:window.WindVane.fireEvent('WXPage.onPaused','{}');

03-30 10:58:14.376  2267  2267 D FeedbackAPI: javascript:window.WindVane.fireEvent('WXPage.onPaused','{}');

03-30 10:58:14.376  2267  2267 D HybridWebView: loadUrl: url=javascript:window.WindVane.fireEvent('WXPage.onPaused','{}');

03-30 10:58:14.380  2267  2267 D UTAnalytics:UTDC: pid:2267 [commit] page:CustomHybird,eventId:2001,arg1:Main,arg2:arg3:16225,args:{SDKTYPE=mini},

