03-30 10:41:40.068  3745  3745 D wpa_supplicant: Scan requested (ret=0) - scan timeout 30 seconds

03-30 10:41:40.068  3745  3745 D wpa_supplicant: nl80211: Event message available

03-30 10:41:40.068  3745  3745 D wpa_supplicant: nl80211: Drv Event 33 (NL80211_CMD_TRIGGER_SCAN) received for wlan0

03-30 10:41:40.068  3745  3745 D wpa_supplicant: wlan0: nl80211: Scan trigger

03-30 10:41:40.068  3745  3745 D wpa_supplicant: wlan0: Event SCAN_STARTED (47) received

03-30 10:41:40.068  3745  3745 D wpa_supplicant: wlan0: Own scan request started a scan in 0.000170 seconds

03-30 10:41:40.068  3745  3745 D wpa_supplicant: CTRL-DEBUG: ctrl_sock-sendmsg: sock=11 sndbuf=163840 outq=0 send_len=24

03-30 10:41:40.068  3745  3745 D wpa_supplicant: CTRL_IFACE monitor sent successfully to /data/misc/wifi/sockets/wpa_ctrl_2044-2\x00

03-30 10:41:40.124 17645 17645 W System  : ClassLoader referenced unknown path: /data/app/com.miui.weather2-2/lib/arm

03-30 10:41:40.152 17645 17645 D miuisdk : current sdk level is 10

03-30 10:41:40.158 17645 17645 I         : ARTPROXY OFFSET: method_entry_offset = 36

03-30 10:41:40.158 17645 17645 I         : ARTPROXY OFFSET: method_interpreter_entry_offset = 28

03-30 10:41:40.158 17645 17645 I         : ARTPROXY OFFSET: managed_stack_size = 12

03-30 10:41:40.158 17645 17645 I         : ARTPROXY OFFSET: thread_deliver_exception_entry_offset = 608

03-30 10:41:40.158 17645 17645 I         : ARTPROXY OFFSET: thread_exception_offset = 132

03-30 10:41:40.158 17645 17645 I         : ARTPROXY OFFSET: method_code_size_offset = 4

03-30 10:41:40.179  3745  3745 D wpa_supplicant: nl80211: Event message available

03-30 10:41:40.179  3745  3745 D wpa_supplicant: nl80211: Drv Event 34 (NL80211_CMD_NEW_SCAN_RESULTS) received for wlan0

03-30 10:41:40.179  3745  3745 D wpa_supplicant: wlan0: nl80211: New scan results available

03-30 10:41:40.179  3745  3745 D wpa_supplicant: nl80211: Scan included frequencies: 2412 5280

03-30 10:41:40.179  3745  3745 D wpa_supplicant: wlan0: Event SCAN_RESULTS (3) received

03-30 10:41:40.180  3745  3745 D wpa_supplicant: wlan0: Scan completed in 0.111172 seconds

03-30 10:41:40.180  3745  3745 D wpa_supplicant: nl80211: Associated on 5280 MHz

03-30 10:41:40.180  3745  3745 D wpa_supplicant: nl80211: Associated with cc:81:da:9c:13:28

03-30 10:41:40.180  3745  3745 D wpa_supplicant: nl80211: Received scan results (27 BSSes)

03-30 10:41:40.180  3745  3745 D wpa_supplicant: nl80211: Scan results indicate BSS status with cc:81:da:9c:13:28 as associated

03-30 10:41:40.180  3745  3745 D wpa_supplicant: wlan0: BSS: Start scan result update 5266

03-30 10:41:40.181  3745  3745 D wpa_supplicant: wlan0: BSS: Remove id 8620 BSSID 20:76:93:24:bd:70 SSID 'wukong222' due to no match in scan

03-30 10:41:40.181  3745  3745 D wpa_supplicant: CTRL-DEBUG: ctrl_sock-sendmsg: sock=11 sndbuf=163840 outq=0 send_len=45

03-30 10:41:40.181  3745  3745 D wpa_supplicant: CTRL_IFACE monitor sent successfully to /data/misc/wifi/sockets/wpa_ctrl_2044-2\x00

03-30 10:41:40.181  3745  3745 D wpa_supplicant: BSS: last_scan_res_used=27/64

03-30 10:41:40.181  3745  3745 D wpa_supplicant: wlan0: Scan-only results received

03-30 10:41:40.181  3745  3745 D wpa_supplicant: CTRL-DEBUG: ctrl_sock-sendmsg: sock=11 sndbuf=163840 outq=448 send_len=24

03-30 10:41:40.181  3745  3745 D wpa_supplicant: CTRL_IFACE monitor sent successfully to /data/misc/wifi/sockets/wpa_ctrl_2044-2\x00

03-30 10:41:40.181  3745  3745 D wpa_supplicant: wlan0: Radio work 'scan'@0xb68d9398 done in 0.125064 seconds

03-30 10:41:40.181  3745  3745 D wpa_supplicant: RTM_NEWLINK: ifi_index=22 ifname=wlan0 wext ifi_family=0 ifi_flags=0x11043 ([UP][RUNNING][LOWER_UP])

03-30 10:41:40.187  3745  3745 D wpa_supplicant: CTRL-DEBUG: global_ctrl_sock-sendto: sock=11 sndbuf=163840 outq=0 send_len=3541

03-30 10:41:40.190  3745  3745 D wpa_supplicant: CTRL-DEBUG: global_ctrl_sock-sendto: sock=11 sndbuf=163840 outq=0 send_len=3598

03-30 10:41:40.193  3745  3745 D wpa_supplicant: CTRL-DEBUG: global_ctrl_sock-sendto: sock=11 sndbuf=163840 outq=0 send_len=3955

03-30 10:41:40.195  3745  3745 D wpa_supplicant: CTRL-DEBUG: global_ctrl_sock-sendto: sock=11 sndbuf=163840 outq=0 send_len=3745

03-30 10:41:40.197  3745  3745 D wpa_supplicant: CTRL-DEBUG: global_ctrl_sock-sendto: sock=11 sndbuf=163840 outq=0 send_len=3747

03-30 10:41:40.216  3745  3745 D wpa_supplicant: EAPOL: EAP Session-Id not available

03-30 10:41:40.217  3745  3745 D wpa_supplicant: CTRL-DEBUG: global_ctrl_sock-sendto: sock=11 sndbuf=163840 outq=0 send_len=279

03-30 10:41:40.311  2044  2056 I ActivityManager: Start proc 17677:com.miui.systemAdSolution:remote/u0a79 for service com.miui.systemAdSolution/.landingPage.LandingPageService

03-30 10:41:40.312  4229  4367 D WtProcessController: onAMProcStart callback

03-30 10:41:40.393 17677 17677 W System  : ClassLoader referenced unknown path: /data/app/com.miui.systemAdSolution-1/lib/arm

03-30 10:41:40.626   379   493 I ThermalEngine: Sensor:batt_temp:358 mC

03-30 10:41:40.668  6151  6186 I octvm_klo: read wakeups from wakealarm_fd:1

03-30 10:41:40.668  6151  6186 I octvm_klo: new timerfd interval:

03-30 10:41:40.668  6151  6186 I octvm_klo: 	itval.it_interval.tv_sec 1, itval.it_interval.tv_nsec 0

03-30 10:41:40.668  6151  6186 I octvm_klo: 	itval.it_value.tv_sec 0, itval.it_value.tv_nsec 999995261

03-30 10:41:41.627   379   493 I ThermalEngine: Sensor:batt_temp:359 mC

03-30 10:41:41.668  6151  6186 I octvm_klo: read wakeups from wakealarm_fd:1

03-30 10:41:41.668  6151  6186 I octvm_klo: new timerfd interval:

03-30 10:41:41.668  6151  6186 I octvm_klo: 	itval.it_interval.tv_sec 1, itval.it_interval.tv_nsec 0

03-30 10:41:41.668  6151  6186 I octvm_klo: 	itval.it_value.tv_sec 0, itval.it_value.tv_nsec 999994271

03-30 10:41:42.514  3745  3745 D wpa_supplicant: wlan0: Control interface command 'SIGNAL_POLL'

03-30 10:41:42.526  3745  3745 D wpa_supplicant: CTRL-DEBUG: global_ctrl_sock-sendto: sock=11 sndbuf=163840 outq=0 send_len=49

03-30 10:41:42.628   379   493 I ThermalEngine: Sensor:batt_temp:358 mC

03-30 10:41:42.668  6151  6186 I octvm_klo: read wakeups from wakealarm_fd:1

03-30 10:41:42.669  6151  6186 I octvm_klo: new timerfd interval:

03-30 10:41:42.669  6151  6186 I octvm_klo: 	itval.it_interval.tv_sec 1, itval.it_interval.tv_nsec 0

03-30 10:41:42.669  6151  6186 I octvm_klo: 	itval.it_value.tv_sec 0, itval.it_value.tv_nsec 999992396

03-30 10:41:43.424  4060  4060 W PushService: 2017-03-30 10:41:43,424 - [WARN::PushService] - [Thread:1] onStart() with intent.Action = null, chid = null

03-30 10:41:43.480  4060  4060 W PushService: 2017-03-30 10:41:43,480 - [WARN::PushService] - [Thread:1] onStart() with intent.Action = com.xiaomi.mipush.SEND_MESSAGE, chid = null

03-30 10:41:43.480  4060  4253 W PushService: 2017-03-30 10:41:43,480 - [WARN::PushService] - [Thread:54] JOB: Handle intent action = com.xiaomi.mipush.SEND_MESSAGE

03-30 10:41:43.481  4060  4253 W PushService: 2017-03-30 10:41:43,481 - [WARN::PushService] - [Thread:54] try send mi push message. packagename:com.miui.weather2 action:Notification

03-30 10:41:43.483  4060  4253 W PushService: 2017-03-30 10:41:43,483 - [WARN::PushService] - [Thread:54] [Slim] Wrote {cmd=SECMSG;chid=5;len=284}

03-30 10:41:43.483  4060  4253 W PushService: 2017-03-30 10:41:43,483 - [WARN::PushService] - [Thread:54] [Slim] 10:41:43 ä¸Šåˆ Sent  Blob [SECMSG,5,F4Xm6-2251]

03-30 10:41:43.629   379   493 I ThermalEngine: Sensor:batt_temp:359 mC

03-30 10:41:43.669  6151  6186 I octvm_klo: read wakeups from wakealarm_fd:1

03-30 10:41:43.669  6151  6186 I octvm_klo: new timerfd interval:

03-30 10:41:43.669  6151  6186 I octvm_klo: 	itval.it_interval.tv_sec 1, itval.it_interval.tv_nsec 0

03-30 10:41:43.669  6151  6186 I octvm_klo: 	itval.it_value.tv_sec 0, itval.it_value.tv_nsec 999992760

03-30 10:41:44.631   379   493 I ThermalEngine: Sensor:batt_temp:359 mC

03-30 10:41:44.669  6151  6186 I octvm_klo: read wakeups from wakealarm_fd:1

03-30 10:41:44.669  6151  6186 I octvm_klo: new timerfd interval:

03-30 10:41:44.669  6151  6186 I octvm_klo: 	itval.it_interval.tv_sec 1, itval.it_interval.tv_nsec 0

03-30 10:41:44.669  6151  6186 I octvm_klo: 	itval.it_value.tv_sec 0, itval.it_value.tv_nsec 999997187

03-30 10:41:45.531  3745  3745 D wpa_supplicant: wlan0: Control interface command 'SIGNAL_POLL'

03-30 10:41:45.546  3745  3745 D wpa_supplicant: CTRL-DEBUG: global_ctrl_sock-sendto: sock=11 sndbuf=163840 outq=0 send_len=49

03-30 10:41:45.632   379   493 I ThermalEngine: Sensor:batt_temp:359 mC

03-30 10:41:45.669  6151  6186 I octvm_klo: read wakeups from wakealarm_fd:1

03-30 10:41:45.669  6151  6186 I octvm_klo: new timerfd interval:

03-30 10:41:45.669  6151  6186 I octvm_klo: 	itval.it_interval.tv_sec 1, itval.it_interval.tv_nsec 0

03-30 10:41:45.669  6151  6186 I octvm_klo: 	itval.it_value.tv_sec 0, itval.it_value.tv_nsec 999995833

03-30 10:41:45.685 17316 17369 W System.err: æ— æ³•è®¿é—®æˆ–ç½‘ç»œä¸ç¨³å®š

03-30 10:41:45.686 17316 17369 W System.err: 	at com.danale.video.sdk.http.impl.apache.ApacheHttpClient.readDataWithRetriesAndReportDanaleError(Unknown Source)

03-30 10:41:45.686 17316 17369 W System.err: 	at com.danale.video.sdk.http.impl.apache.ApacheHttpClient.execute(Unknown Source)

03-30 10:41:45.686 17316 17369 W System.err: 	at com.danale.video.sdk.utils.DnsAnalysisUtil.dnsAnalysisByDanale(Unknown Source)

03-30 10:41:45.686 17316 17369 W System.err: 	at com.danale.video.sdk.platform.entity.Session$7.doInBackground(Unknown Source)

03-30 10:41:45.686 17316 17369 W System.err: 	at com.danale.video.sdk.platform.entity.Session$7.doInBackground(Unknown Source)

03-30 10:41:45.686 17316 17369 W System.err: 	at com.danale.video.sdk.async.AsyncTask$2.call(Unknown Source)

03-30 10:41:45.686 17316 17369 W System.err: 	at java.util.concurrent.FutureTask.run(FutureTask.java:237)

03-30 10:41:45.686 17316 17369 W System.err: 	at java.util.concurrent.ThreadPoolExecutor.runWorker(ThreadPoolExecutor.java:1113)

03-30 10:41:45.687 17316 17369 W System.err: 	at java.util.concurrent.ThreadPoolExecutor$Worker.run(ThreadPoolExecutor.java:588)

03-30 10:41:45.687 17316 17369 W System.err: 	at java.lang.Thread.run(Thread.java:818)

03-30 10:41:45.687 17316 17369 W System.err: Caused by: org.apache.http.conn.ConnectTimeoutException: Connect to /54.93.73.119:443 timed out

03-30 10:41:45.687 17316 17369 W System.err: 	at org.apache.http.conn.scheme.PlainSocketFactory.connectSocket(PlainSocketFactory.java:126)

03-30 10:41:45.687 17316 17369 W System.err: 	at org.apache.http.impl.conn.DefaultClientConnectionOperator.openConnection(DefaultClientConnectionOperator.java:149)

03-30 10:41:45.687 17316 17369 W System.err: 	at org.apache.http.impl.conn.AbstractPoolEntry.open(AbstractPoolEntry.java:169)

03-30 10:41:45.687 17316 17369 W System.err: 	at org.apache.http.impl.conn.AbstractPooledConnAdapter.open(AbstractPooledConnAdapter.java:124)

03-30 10:41:45.687 17316 17369 W System.err: 	at org.apache.http.impl.client.DefaultRequestDirector.execute(DefaultRequestDirector.java:370)

03-30 10:41:45.688 17316 17369 W System.err: 	at org.apache.http.impl.client.AbstractHttpClient.execute(AbstractHttpClient.java:560)

03-30 10:41:45.688 17316 17369 W System.err: 	at org.apache.http.impl.client.AbstractHttpClient.execute(AbstractHttpClient.java:492)

03-30 10:41:45.688 17316 17369 W System.err: 	at org.apache.http.impl.client.AbstractHttpClient.execute(AbstractHttpClient.java:470)

03-30 10:41:45.688 17316 17369 W System.err: 	at com.danale.video.sdk.http.impl.apache.ApacheHttpClient.readDataWithRetriesAndReportDanaleError(Unknown Source)

03-30 10:41:45.688 17316 17369 W System.err: 	... 9 more

03-30 10:41:46.633   379   493 I ThermalEngine: Sensor:batt_temp:358 mC

03-30 10:41:46.669  6151  6186 I octvm_klo: read wakeups from wakealarm_fd:1

03-30 10:41:46.669  6151  6186 I octvm_klo: new timerfd interval:

03-30 10:41:46.669  6151  6186 I octvm_klo: 	itval.it_interval.tv_sec 1, itval.it_interval.tv_nsec 0

03-30 10:41:46.669  6151  6186 I octvm_klo: 	itval.it_value.tv_sec 0, itval.it_value.tv_nsec 999995833

03-30 10:41:47.635   379   493 I ThermalEngine: Sensor:batt_temp:358 mC

03-30 10:41:47.669  6151  6186 I octvm_klo: read wakeups from wakealarm_fd:1

03-30 10:41:47.670  6151  6186 I octvm_klo: new timerfd interval:

03-30 10:41:47.670  6151  6186 I octvm_klo: 	itval.it_interval.tv_sec 1, itval.it_interval.tv_nsec 0

03-30 10:41:47.670  6151  6186 I octvm_klo: 	itval.it_value.tv_sec 0, itval.it_value.tv_nsec 999996510

03-30 10:41:48.553  3745  3745 D wpa_supplicant: wlan0: Control interface command 'SIGNAL_POLL'

03-30 10:41:48.568  3745  3745 D wpa_supplicant: CTRL-DEBUG: global_ctrl_sock-sendto: sock=11 sndbuf=163840 outq=0 send_len=49

03-30 10:41:48.637   379   493 I ThermalEngine: Sensor:batt_temp:359 mC

03-30 10:41:48.670  6151  6186 I octvm_klo: read wakeups from wakealarm_fd:1

03-30 10:41:48.670  6151  6186 I octvm_klo: new timerfd interval:

03-30 10:41:48.670  6151  6186 I octvm_klo: 	itval.it_interval.tv_sec 1, itval.it_interval.tv_nsec 0

03-30 10:41:48.670  6151  6186 I octvm_klo: 	itval.it_value.tv_sec 0, itval.it_value.tv_nsec 999997604

03-30 10:41:49.638   379   493 I ThermalEngine: Sensor:batt_temp:359 mC

03-30 10:41:49.670  6151  6186 I octvm_klo: read wakeups from wakealarm_fd:1

03-30 10:41:49.670  6151  6186 I octvm_klo: new timerfd interval:

03-30 10:41:49.670  6151  6186 I octvm_klo: 	itval.it_interval.tv_sec 1, itval.it_interval.tv_nsec 0

03-30 10:41:49.670  6151  6186 I octvm_klo: 	itval.it_value.tv_sec 0, itval.it_value.tv_nsec 999995834

03-30 10:41:49.828  4116  4556 I XiaomiFirewall: firewall pkgName:com.orvibo.homemate, result:0x0

03-30 10:41:50.639   379   493 I ThermalEngine: Sensor:batt_temp:358 mC

03-30 10:41:50.670  6151  6186 I octvm_klo: read wakeups from wakealarm_fd:1

03-30 10:41:50.670  6151  6186 I octvm_klo: new timerfd interval:

03-30 10:41:50.670  6151  6186 I octvm_klo: 	itval.it_interval.tv_sec 1, itval.it_interval.tv_nsec 0

03-30 10:41:50.670  6151  6186 I octvm_klo: 	itval.it_value.tv_sec 0, itval.it_value.tv_nsec 999995104

03-30 10:41:50.750 17316 17401 D UTAnalytics:CommitTask: pid:17316 check&commit event:65501,

03-30 10:41:50.758 17316 17401 D UTAnalytics:CommitTask: pid:17316 next:65501,

03-30 10:41:50.759 17316 17401 D UTAnalytics:CommitTask: pid:17316 check&commit event:65502,

03-30 10:41:50.759 17316 17401 D UTAnalytics:CommitTask: pid:17316 next:65502,

03-30 10:41:50.759 17316 17401 D UTAnalytics:CommitTask: pid:17316 check&commit event:65503,

03-30 10:41:50.759 17316 17401 D UTAnalytics:CommitTask: pid:17316 next:65503,

03-30 10:41:51.571  3745  3745 D wpa_supplicant: wlan0: Control interface command 'SIGNAL_POLL'

03-30 10:41:51.587  3745  3745 D wpa_supplicant: CTRL-DEBUG: global_ctrl_sock-sendto: sock=11 sndbuf=163840 outq=0 send_len=49

03-30 10:41:51.640   379   493 I ThermalEngine: Sensor:batt_temp:359 mC

03-30 10:41:51.671  6151  6186 I octvm_klo: read wakeups from wakealarm_fd:1

03-30 10:41:51.672  6151  6186 I octvm_klo: new timerfd interval:

03-30 10:41:51.672  6151  6186 I octvm_klo: 	itval.it_interval.tv_sec 1, itval.it_interval.tv_nsec 0

03-30 10:41:51.672  6151  6186 I octvm_klo: 	itval.it_value.tv_sec 0, itval.it_value.tv_nsec 999994114

03-30 10:41:52.641   379   493 I ThermalEngine: Sensor:batt_temp:358 mC

03-30 10:41:52.672  6151  6186 I octvm_klo: read wakeups from wakealarm_fd:1

03-30 10:41:52.672  6151  6186 I octvm_klo: new timerfd interval:

03-30 10:41:52.672  6151  6186 I octvm_klo: 	itval.it_interval.tv_sec 1, itval.it_interval.tv_nsec 0

03-30 10:41:52.672  6151  6186 I octvm_klo: 	itval.it_value.tv_sec 0, itval.it_value.tv_nsec 999995521

03-30 10:41:53.643   379   493 I ThermalEngine: Sensor:batt_temp:359 mC

03-30 10:41:53.672  6151  6186 I octvm_klo: read wakeups from wakealarm_fd:1

03-30 10:41:53.672  6151  6186 I octvm_klo: new timerfd interval:

03-30 10:41:53.672  6151  6186 I octvm_klo: 	itval.it_interval.tv_sec 1, itval.it_interval.tv_nsec 0

03-30 10:41:53.672  6151  6186 I octvm_klo: 	itval.it_value.tv_sec 0, itval.it_value.tv_nsec 999996354

03-30 10:41:54.591  3745  3745 D wpa_supplicant: wlan0: Control interface command 'SIGNAL_POLL'
