03-30 10:27:40.113  3745  3745 D wpa_supplicant: CTRL-DEBUG: global_ctrl_sock-sendto: sock=11 sndbuf=163840 outq=0 send_len=3243

03-30 10:27:40.116  3745  3745 D wpa_supplicant: CTRL-DEBUG: global_ctrl_sock-sendto: sock=11 sndbuf=163840 outq=0 send_len=3891

03-30 10:27:40.119  3745  3745 D wpa_supplicant: CTRL-DEBUG: global_ctrl_sock-sendto: sock=11 sndbuf=163840 outq=0 send_len=3610

03-30 10:27:40.122  3745  3745 D wpa_supplicant: CTRL-DEBUG: global_ctrl_sock-sendto: sock=11 sndbuf=163840 outq=0 send_len=3035

03-30 10:27:40.145  3745  3745 D wpa_supplicant: EAPOL: EAP Session-Id not available

03-30 10:27:40.145  3745  3745 D wpa_supplicant: CTRL-DEBUG: global_ctrl_sock-sendto: sock=11 sndbuf=163840 outq=0 send_len=279

03-30 10:27:40.385  6151  6186 I octvm_klo: read wakeups from wakealarm_fd:1

03-30 10:27:40.385  6151  6186 I octvm_klo: new timerfd interval:

03-30 10:27:40.385  6151  6186 I octvm_klo: 	itval.it_interval.tv_sec 1, itval.it_interval.tv_nsec 0

03-30 10:27:40.385  6151  6186 I octvm_klo: 	itval.it_value.tv_sec 0, itval.it_value.tv_nsec 999995938

03-30 10:27:40.432   379   493 I ThermalEngine: Sensor:batt_temp:336 mC

03-30 10:27:40.862  3745  3745 D wpa_supplicant: wlan0: Control interface command 'SIGNAL_POLL'

03-30 10:27:40.877  3745  3745 D wpa_supplicant: CTRL-DEBUG: global_ctrl_sock-sendto: sock=11 sndbuf=163840 outq=0 send_len=49

03-30 10:27:41.385  6151  6186 I octvm_klo: read wakeups from wakealarm_fd:1

03-30 10:27:41.386  6151  6186 I octvm_klo: new timerfd interval:

03-30 10:27:41.386  6151  6186 I octvm_klo: 	itval.it_interval.tv_sec 1, itval.it_interval.tv_nsec 0

03-30 10:27:41.386  6151  6186 I octvm_klo: 	itval.it_value.tv_sec 0, itval.it_value.tv_nsec 999995834

03-30 10:27:41.433   379   493 I ThermalEngine: Sensor:batt_temp:336 mC

03-30 10:27:42.386  6151  6186 I octvm_klo: read wakeups from wakealarm_fd:1

03-30 10:27:42.386  6151  6186 I octvm_klo: new timerfd interval:

03-30 10:27:42.386  6151  6186 I octvm_klo: 	itval.it_interval.tv_sec 1, itval.it_interval.tv_nsec 0

03-30 10:27:42.386  6151  6186 I octvm_klo: 	itval.it_value.tv_sec 0, itval.it_value.tv_nsec 999997032

03-30 10:27:42.432  2393  2401 I art     : Background concurrent mark sweep GC freed 297422(16MB) AllocSpace objects, 0(0B) LOS objects, 93% free, 1189KB/17MB, paused 473us total 105.464ms

03-30 10:27:42.434   379   493 I ThermalEngine: Sensor:batt_temp:337 mC

03-30 10:27:43.386  6151  6186 I octvm_klo: read wakeups from wakealarm_fd:1

03-30 10:27:43.386  6151  6186 I octvm_klo: new timerfd interval:

03-30 10:27:43.386  6151  6186 I octvm_klo: 	itval.it_interval.tv_sec 1, itval.it_interval.tv_nsec 0

03-30 10:27:43.386  6151  6186 I octvm_klo: 	itval.it_value.tv_sec 0, itval.it_value.tv_nsec 999994739

03-30 10:27:43.436   379   493 I ThermalEngine: Sensor:batt_temp:336 mC

03-30 10:27:43.888  3745  3745 D wpa_supplicant: wlan0: Control interface command 'SIGNAL_POLL'

03-30 10:27:43.903  3745  3745 D wpa_supplicant: CTRL-DEBUG: global_ctrl_sock-sendto: sock=11 sndbuf=163840 outq=0 send_len=49

03-30 10:27:44.386  6151  6186 I octvm_klo: read wakeups from wakealarm_fd:1

03-30 10:27:44.386  6151  6186 I octvm_klo: new timerfd interval:

03-30 10:27:44.386  6151  6186 I octvm_klo: 	itval.it_interval.tv_sec 1, itval.it_interval.tv_nsec 0

03-30 10:27:44.386  6151  6186 I octvm_klo: 	itval.it_value.tv_sec 0, itval.it_value.tv_nsec 999995365

03-30 10:27:44.437   379   493 I ThermalEngine: Sensor:batt_temp:336 mC

03-30 10:27:45.386  6151  6186 I octvm_klo: read wakeups from wakealarm_fd:1

03-30 10:27:45.387  6151  6186 I octvm_klo: new timerfd interval:

03-30 10:27:45.387  6151  6186 I octvm_klo: 	itval.it_interval.tv_sec 1, itval.it_interval.tv_nsec 0

03-30 10:27:45.387  6151  6186 I octvm_klo: 	itval.it_value.tv_sec 0, itval.it_value.tv_nsec 999995990

03-30 10:27:45.438   379   493 I ThermalEngine: Sensor:batt_temp:336 mC

03-30 10:27:46.387  6151  6186 I octvm_klo: read wakeups from wakealarm_fd:1

03-30 10:27:46.387  6151  6186 I octvm_klo: new timerfd interval:

03-30 10:27:46.387  6151  6186 I octvm_klo: 	itval.it_interval.tv_sec 1, itval.it_interval.tv_nsec 0

03-30 10:27:46.387  6151  6186 I octvm_klo: 	itval.it_value.tv_sec 0, itval.it_value.tv_nsec 999996979

03-30 10:27:46.439   379   493 I ThermalEngine: Sensor:batt_temp:336 mC

03-30 10:27:46.587  2393  2401 I art     : Background sticky concurrent mark sweep GC freed 295482(16MB) AllocSpace objects, 0(0B) LOS objects, 92% free, 1254KB/17MB, paused 758us total 105.416ms

03-30 10:27:46.913  3745  3745 D wpa_supplicant: wlan0: Control interface command 'SIGNAL_POLL'

03-30 10:27:46.928  3745  3745 D wpa_supplicant: CTRL-DEBUG: global_ctrl_sock-sendto: sock=11 sndbuf=163840 outq=0 send_len=49

03-30 10:27:47.387  6151  6186 I octvm_klo: read wakeups from wakealarm_fd:1

03-30 10:27:47.387  6151  6186 I octvm_klo: new timerfd interval:

03-30 10:27:47.387  6151  6186 I octvm_klo: 	itval.it_interval.tv_sec 1, itval.it_interval.tv_nsec 0

03-30 10:27:47.387  6151  6186 I octvm_klo: 	itval.it_value.tv_sec 0, itval.it_value.tv_nsec 999997135

03-30 10:27:47.440   379   493 I ThermalEngine: Sensor:batt_temp:336 mC

03-30 10:27:47.816  4116  4556 I XiaomiFirewall: firewall pkgName:com.orvibo.homemate, result:0x0

03-30 10:27:48.387  6151  6186 I octvm_klo: read wakeups from wakealarm_fd:1

03-30 10:27:48.387  6151  6186 I octvm_klo: new timerfd interval:

03-30 10:27:48.387  6151  6186 I octvm_klo: 	itval.it_interval.tv_sec 1, itval.it_interval.tv_nsec 0

03-30 10:27:48.387  6151  6186 I octvm_klo: 	itval.it_value.tv_sec 0, itval.it_value.tv_nsec 999991198

03-30 10:27:48.441   379   493 I ThermalEngine: Sensor:batt_temp:336 mC

03-30 10:27:49.390  6151  6186 I octvm_klo: read wakeups from wakealarm_fd:1

03-30 10:27:49.390  6151  6186 I octvm_klo: new timerfd interval:

03-30 10:27:49.390  6151  6186 I octvm_klo: 	itval.it_interval.tv_sec 1, itval.it_interval.tv_nsec 0

03-30 10:27:49.390  6151  6186 I octvm_klo: 	itval.it_value.tv_sec 0, itval.it_value.tv_nsec 999996302

03-30 10:27:49.443   379   493 I ThermalEngine: Sensor:batt_temp:336 mC

03-30 10:27:49.935  3745  3745 D wpa_supplicant: wlan0: Control interface command 'SIGNAL_POLL'

03-30 10:27:49.950  3745  3745 D wpa_supplicant: CTRL-DEBUG: global_ctrl_sock-sendto: sock=11 sndbuf=163840 outq=0 send_len=49

03-30 10:27:49.989 25810 25810 W AppWatcher: type=1400 audit(0.0:55140337): avc: denied { getattr } for path="/proc/opalum-temp-calib" dev="proc" ino=4026534631 scontext=u:r:untrusted_app:s0:c512,c768 tcontext=u:object_r:proc_opalum:s0 tclass=file permissive=0

03-30 10:27:49.989 25810 25810 W AppWatcher: type=1400 audit(0.0:55140338): avc: denied { getattr } for path="/proc/opalum-f0-calib" dev="proc" ino=4026534630 scontext=u:r:untrusted_app:s0:c512,c768 tcontext=u:object_r:proc_opalum:s0 tclass=file permissive=0

03-30 10:27:49.989 25810 25810 W AppWatcher: type=1400 audit(0.0:55140339): avc: denied { getattr } for path="/proc/sysrq-trigger" dev="proc" ino=4026533735 scontext=u:r:untrusted_app:s0:c512,c768 tcontext=u:object_r:proc_sysrq:s0 tclass=file permissive=0

03-30 10:27:49.999 25810 25810 W AppWatcher: type=1400 audit(0.0:55140340): avc: denied { getattr } for path="/proc/1" dev="proc" ino=11921139 scontext=u:r:untrusted_app:s0:c512,c768 tcontext=u:r:init:s0 tclass=dir permissive=0

03-30 10:27:49.999 25810 25810 W AppWatcher: type=1400 audit(0.0:55140341): avc: denied { getattr } for path="/proc/2" dev="proc" ino=11961941 scontext=u:r:untrusted_app:s0:c512,c768 tcontext=u:r:kernel:s0 tclass=dir permissive=0

03-30 10:27:50.009 25810 25810 W AppWatcher: type=1400 audit(0.0:55140342): avc: denied { getattr } for path="/proc/3" dev="proc" ino=11961942 scontext=u:r:untrusted_app:s0:c512,c768 tcontext=u:r:kernel:s0 tclass=dir permissive=0

03-30 10:27:50.009 25810 25810 W AppWatcher: type=1400 audit(0.0:55140343): avc: denied { getattr } for path="/proc/6" dev="proc" ino=11961943 scontext=u:r:untrusted_app:s0:c512,c768 tcontext=u:r:kernel:s0 tclass=dir permissive=0

03-30 10:27:50.009 25810 25810 W AppWatcher: type=1400 audit(0.0:55140344): avc: denied { getattr } for path="/proc/7" dev="proc" ino=11961944 scontext=u:r:untrusted_app:s0:c512,c768 tcontext=u:r:kernel:s0 tclass=dir permissive=0

03-30 10:27:50.009 25810 25810 W AppWatcher: type=1400 audit(0.0:55140345): avc: denied { getattr } for path="/proc/8" dev="proc" ino=11961945 scontext=u:r:untrusted_app:s0:c512,c768 tcontext=u:r:kernel:s0 tclass=dir permissive=0

03-30 10:27:50.009 25810 25810 W AppWatcher: type=1400 audit(0.0:55140346): avc: denied { getattr } for path="/proc/21" dev="proc" ino=11961946 scontext=u:r:untrusted_app:s0:c512,c768 tcontext=u:r:kernel:s0 tclass=dir permissive=0

03-30 10:27:50.009 25810 25810 W AppWatcher: type=1400 audit(0.0:55140347): avc: denied { getattr } for path="/proc/22" dev="proc" ino=11961947 scontext=u:r:untrusted_app:s0:c512,c768 tcontext=u:r:kernel:s0 tclass=dir permissive=0

03-30 10:27:50.009 25810 25810 W AppWatcher: type=1400 audit(0.0:55140348): avc: denied { getattr } for path="/proc/28" dev="proc" ino=11961948 scontext=u:r:untrusted_app:s0:c512,c768 tcontext=u:r:kernel:s0 tclass=dir permissive=0

03-30 10:27:50.009 25810 25810 W AppWatcher: type=1400 audit(0.0:55140349): avc: denied { getattr } for path="/proc/29" dev="proc" ino=11961949 scontext=u:r:untrusted_app:s0:c512,c768 tcontext=u:r:kernel:s0 tclass=dir permissive=0

03-30 10:27:50.019 25810 25810 W AppWatcher: type=1400 audit(0.0:55140350): avc: denied { getattr } for path="/proc/30" dev="proc" ino=11961950 scontext=u:r:untrusted_app:s0:c512,c768 tcontext=u:r:kernel:s0 tclass=dir permissive=0

03-30 10:27:50.019 25810 25810 W AppWatcher: type=1400 audit(0.0:55140351): avc: denied { getattr } for path="/proc/32" dev="proc" ino=11961951 scontext=u:r:untrusted_app:s0:c512,c768 tcontext=u:r:kernel:s0 tclass=dir permissive=0

03-30 10:27:50.019 25810 25810 W AppWatcher: type=1400 audit(0.0:55140352): avc: denied { getattr } for path="/proc/33" dev="proc" ino=11961952 scontext=u:r:untrusted_app:s0:c512,c768 tcontext=u:r:kernel:s0 tclass=dir permissive=0

03-30 10:27:50.019 25810 25810 W AppWatcher: type=1400 audit(0.0:55140353): avc: denied { getattr } for path="/proc/34" dev="proc" ino=11961953 scontext=u:r:untrusted_app:s0:c512,c768 tcontext=u:r:kernel:s0 tclass=dir permissive=0

03-30 10:27:50.019 25810 25810 W AppWatcher: type=1400 audit(0.0:55140354): avc: denied { getattr } for path="/proc/61" dev="proc" ino=11961954 scontext=u:r:untrusted_app:s0:c512,c768 tcontext=u:r:kernel:s0 tclass=dir permissive=0

03-30 10:27:50.019 25810 25810 W AppWatcher: type=1400 audit(0.0:55140355): avc: denied { getattr } for path="/proc/62" dev="proc" ino=11961955 scontext=u:r:untrusted_app:s0:c512,c768 tcontext=u:r:kernel:s0 tclass=dir permissive=0

03-30 10:27:50.019 25810 25810 W AppWatcher: type=1400 audit(0.0:55140356): avc: denied { getattr } for path="/proc/63" dev="proc" ino=11961956 scontext=u:r:untrusted_app:s0:c512,c768 tcontext=u:r:kernel:s0 tclass=dir permissive=0

03-30 10:27:50.390  6151  6186 I octvm_klo: read wakeups from wakealarm_fd:1

03-30 10:27:50.390  6151  6186 I octvm_klo: new timerfd interval:

03-30 10:27:50.390  6151  6186 I octvm_klo: 	itval.it_interval.tv_sec 1, itval.it_interval.tv_nsec 0

03-30 10:27:50.390  6151  6186 I octvm_klo: 	itval.it_value.tv_sec 0, itval.it_value.tv_nsec 999991354

03-30 10:27:50.444   379   493 I ThermalEngine: Sensor:batt_temp:336 mC

03-30 10:27:51.143  4116  4556 I XiaomiFirewall: firewall pkgName:com.qihoo.appstore, result:0x0

03-30 10:27:51.310  2444  2570 D UTAnalytics:BackgroundTrigger: pid:2444 [bg check],

03-30 10:27:51.390  6151  6186 I octvm_klo: read wakeups from wakealarm_fd:1

03-30 10:27:51.390  6151  6186 I octvm_klo: new timerfd interval:

03-30 10:27:51.390  6151  6186 I octvm_klo: 	itval.it_interval.tv_sec 1, itval.it_interval.tv_nsec 0

03-30 10:27:51.390  6151  6186 I octvm_klo: 	itval.it_value.tv_sec 0, itval.it_value.tv_nsec 999996354

03-30 10:27:51.445   379   493 I ThermalEngine: Sensor:batt_temp:336 mC

03-30 10:27:52.390  6151  6186 I octvm_klo: read wakeups from wakealarm_fd:1

03-30 10:27:52.391  6151  6186 I octvm_klo: new timerfd interval:

03-30 10:27:52.391  6151  6186 I octvm_klo: 	itval.it_interval.tv_sec 1, itval.it_interval.tv_nsec 0

03-30 10:27:52.391  6151  6186 I octvm_klo: 	itval.it_value.tv_sec 0, itval.it_value.tv_nsec 999995833

03-30 10:27:52.446   379   493 I ThermalEngine: Sensor:batt_temp:336 mC

03-30 10:27:52.956  3745  3745 D wpa_supplicant: wlan0: Control interface command 'SIGNAL_POLL'

03-30 10:27:52.971  3745  3745 D wpa_supplicant: CTRL-DEBUG: global_ctrl_sock-sendto: sock=11 sndbuf=163840 outq=0 send_len=49

03-30 10:27:53.391  6151  6186 I octvm_klo: read wakeups from wakealarm_fd:1

03-30 10:27:53.391  6151  6186 I octvm_klo: new timerfd interval:

03-30 10:27:53.391  6151  6186 I octvm_klo: 	itval.it_interval.tv_sec 1, itval.it_interval.tv_nsec 0

03-30 10:27:53.391  6151  6186 I octvm_klo: 	itval.it_value.tv_sec 0, itval.it_value.tv_nsec 999993073

03-30 10:27:53.447   379   493 I ThermalEngine: Sensor:batt_temp:336 mC

03-30 10:27:54.391  6151  6186 I octvm_klo: read wakeups from wakealarm_fd:1

03-30 10:27:54.391  6151  6186 I octvm_klo: new timerfd interval:

03-30 10:27:54.391  6151  6186 I octvm_klo: 	itval.it_interval.tv_sec 1, itval.it_interval.tv_nsec 0

03-30 10:27:54.391  6151  6186 I octvm_klo: 	itval.it_value.tv_sec 0, itval.it_value.tv_nsec 999994427

03-30 10:27:54.449   379   493 I ThermalEngine: Sensor:batt_temp:336 mC

03-30 10:27:55.391  6151  6186 I octvm_klo: read wakeups from wakealarm_fd:1

03-30 10:27:55.391  6151  6186 I octvm_klo: new timerfd interval:

03-30 10:27:55.391  6151  6186 I octvm_klo: 	itval.it_interval.tv_sec 1, itval.it_interval.tv_nsec 0

03-30 10:27:55.391  6151  6186 I octvm_klo: 	itval.it_value.tv_sec 0, itval.it_value.tv_nsec 999993854

03-30 10:27:55.450   379   493 I ThermalEngine: Sensor:batt_temp:336 mC

03-30 10:27:55.976  3745  3745 D wpa_supplicant: wlan0: Control interface command 'SIGNAL_POLL'

03-30 10:27:55.994  3745  3745 D wpa_supplicant: CTRL-DEBUG: global_ctrl_sock-sendto: sock=11 sndbuf=163840 outq=0 send_len=49

03-30 10:27:56.391  6151  6186 I octvm_klo: read wakeups from wakealarm_fd:1

03-30 10:27:56.391  6151  6186 I octvm_klo: new timerfd interval:

03-30 10:27:56.391  6151  6186 I octvm_klo: 	itval.it_interval.tv_sec 1, itval.it_interval.tv_nsec 0

03-30 10:27:56.391  6151  6186 I octvm_klo: 	itval.it_value.tv_sec 0, itval.it_value.tv_nsec 999997969

03-30 10:27:56.451   379   493 I ThermalEngine: Sensor:batt_temp:337 mC

03-30 10:27:56.825  3171  3171 D AndroidRuntime: >>>>>> START com.android.internal.os.RuntimeInit uid 2000 <<<<<<

03-30 10:27:56.833  3171  3171 D AndroidRuntime: CheckJNI is OFF

03-30 10:27:56.886  3171  3171 D ICU     : No timezone override file found: /data/misc/zoneinfo/current/icu/icu_tzdata.dat

03-30 10:27:56.938  3171  3171 I Radio-JNI: register_android_hardware_Radio DONE

03-30 10:27:56.964  3171  3171 D AndroidRuntime: Calling main entry com.android.commands.input.Input

03-30 10:27:56.965  3171  3171 I Input   : injectMotionEvent: MotionEvent { action=ACTION_DOWN, actionButton=0, id[0]=0, x[0]=540.0, y[0]=1440.0, toolType[0]=TOOL_TYPE_UNKNOWN, buttonState=0, metaState=0, flags=0x0, edgeFlags=0x0, pointerCount=1, historySize=0, eventTime=336967745, downTime=336967745, deviceId=0, source=0x1002 }

03-30 10:27:56.970  3171  3171 I Input   : injectMotionEvent: MotionEvent { action=ACTION_MOVE, actionButton=0, id[0]=0, x[0]=540.0, y[0]=1440.0, toolType[0]=TOOL_TYPE_UNKNOWN, buttonState=0, metaState=0, flags=0x0, edgeFlags=0x0, pointerCount=1, historySize=0, eventTime=336967745, downTime=336967745, deviceId=0, source=0x1002 }

03-30 10:27:56.983  3171  3171 I Input   : injectMotionEvent: MotionEvent { action=ACTION_MOVE, actionButton=0, id[0]=0, x[0]=540.0, y[0]=1382.4, toolType[0]=TOOL_TYPE_UNKNOWN, buttonState=0, metaState=0, flags=0x0, edgeFlags=0x0, pointerCount=1, historySize=0, eventTime=336967763, downTime=336967763, deviceId=0, source=0x1002 }

03-30 10:27:56.996  3171  3171 I Input   : injectMotionEvent: MotionEvent { action=ACTION_MOVE, actionButton=0, id[0]=0, x[0]=540.0, y[0]=1340.8, toolType[0]=TOOL_TYPE_UNKNOWN, buttonState=0, metaState=0, flags=0x0, edgeFlags=0x0, pointerCount=1, historySize=0, eventTime=336967776, downTime=336967776, deviceId=0, source=0x1002 }

03-30 10:27:57.017  3171  3171 I Input   : injectMotionEvent: MotionEvent { action=ACTION_MOVE, actionButton=0, id[0]=0, x[0]=540.0, y[0]=1273.6, toolType[0]=TOOL_TYPE_UNKNOWN, buttonState=0, metaState=0, flags=0x0, edgeFlags=0x0, pointerCount=1, historySize=0, eventTime=336967797, downTime=336967797, deviceId=0, source=0x1002 }

03-30 10:27:57.032  3171  3171 I Input   : injectMotionEvent: MotionEvent { action=ACTION_MOVE, actionButton=0, id[0]=0, x[0]=540.0, y[0]=1225.6, toolType[0]=TOOL_TYPE_UNKNOWN, buttonState=0, metaState=0, flags=0x0, edgeFlags=0x0, pointerCount=1, historySize=0, eventTime=336967812, downTime=336967812, deviceId=0, source=0x1002 }

03-30 10:27:57.049  3171  3171 I Input   : injectMotionEvent: MotionEvent { action=ACTION_MOVE, actionButton=0, id[0]=0, x[0]=540.0, y[0]=1171.2, toolType[0]=TOOL_TYPE_UNKNOWN, buttonState=0, metaState=0, flags=0x0, edgeFlags=0x0, pointerCount=1, historySize=0, eventTime=336967829, downTime=336967829, deviceId=0, source=0x1002 }

03-30 10:27:57.062  3171  3171 I Input   : injectMotionEvent: MotionEvent { action=ACTION_MOVE, actionButton=0, id[0]=0, x[0]=540.0, y[0]=1129.6, toolType[0]=TOOL_TYPE_UNKNOWN, buttonState=0, metaState=0, flags=0x0, edgeFlags=0x0, pointerCount=1, historySize=0, eventTime=336967842, downTime=336967842, deviceId=0, source=0x1002 }

03-30 10:27:57.080  3171  3171 I Input   : injectMotionEvent: MotionEvent { action=ACTION_MOVE, actionButton=0, id[0]=0, x[0]=540.0, y[0]=1072.0, toolType[0]=TOOL_TYPE_UNKNOWN, buttonState=0, metaState=0, flags=0x0, edgeFlags=0x0, pointerCount=1, historySize=0, eventTime=336967860, downTime=336967860, deviceId=0, source=0x1002 }

03-30 10:27:57.095  3171  3171 I Input   : injectMotionEvent: MotionEvent { action=ACTION_MOVE, actionButton=0, id[0]=0, x[0]=540.0, y[0]=1024.0, toolType[0]=TOOL_TYPE_UNKNOWN, buttonState=0, metaState=0, flags=0x0, edgeFlags=0x0, pointerCount=1, historySize=0, eventTime=336967875, downTime=336967875, deviceId=0, source=0x1002 }

03-30 10:27:57.112  3171  3171 I Input   : injectMotionEvent: MotionEvent { action=ACTION_MOVE, actionButton=0, id[0]=0, x[0]=540.0, y[0]=969.6, toolType[0]=TOOL_TYPE_UNKNOWN, buttonState=0, metaState=0, flags=0x0, edgeFlags=0x0, pointerCount=1, historySize=0, eventTime=336967892, downTime=336967892, deviceId=0, source=0x1002 }

03-30 10:27:57.130  3171  3171 I Input   : injectMotionEvent: MotionEvent { action=ACTION_MOVE, actionButton=0, id[0]=0, x[0]=540.0, y[0]=912.0, toolType[0]=TOOL_TYPE_UNKNOWN, buttonState=0, metaState=0, flags=0x0, edgeFlags=0x0, pointerCount=1, historySize=0, eventTime=336967910, downTime=336967910, deviceId=0, source=0x1002 }

03-30 10:27:57.150  3171  3171 I Input   : injectMotionEvent: MotionEvent { action=ACTION_MOVE, actionButton=0, id[0]=0, x[0]=540.0, y[0]=848.0, toolType[0]=TOOL_TYPE_UNKNOWN, buttonState=0, metaState=0, flags=0x0, edgeFlags=0x0, pointerCount=1, historySize=0, eventTime=336967930, downTime=336967930, deviceId=0, source=0x1002 }

03-30 10:27:57.166  3171  3171 I Input   : injectMotionEvent: MotionEvent { action=ACTION_MOVE, actionButton=0, id[0]=0, x[0]=540.0, y[0]=796.8, toolType[0]=TOOL_TYPE_UNKNOWN, buttonState=0, metaState=0, flags=0x0, edgeFlags=0x0, pointerCount=1, historySize=0, eventTime=336967946, downTime=336967946, deviceId=0, source=0x1002 }

03-30 10:27:57.180  3171  3171 I Input   : injectMotionEvent: MotionEvent { action=ACTION_MOVE, actionButton=0, id[0]=0, x[0]=540.0, y[0]=752.0, toolType[0]=TOOL_TYPE_UNKNOWN, buttonState=0, metaState=0, flags=0x0, edgeFlags=0x0, pointerCount=1, historySize=0, eventTime=336967960, downTime=336967960, deviceId=0, source=0x1002 }

03-30 10:27:57.200  3171  3171 I Input   : injectMotionEvent: MotionEvent { action=ACTION_MOVE, actionButton=0, id[0]=0, x[0]=540.0, y[0]=688.0, toolType[0]=TOOL_TYPE_UNKNOWN, buttonState=0, metaState=0, flags=0x0, edgeFlags=0x0, pointerCount=1, historySize=0, eventTime=336967980, downTime=336967980, deviceId=0, source=0x1002 }

03-30 10:27:57.212  3171  3171 I Input   : injectMotionEvent: MotionEvent { action=ACTION_MOVE, actionButton=0, id[0]=0, x[0]=540.0, y[0]=649.60004, toolType[0]=TOOL_TYPE_UNKNOWN, buttonState=0, metaState=0, flags=0x0, edgeFlags=0x0, pointerCount=1, historySize=0, eventTime=336967992, downTime=336967992, deviceId=0, source=0x1002 }

03-30 10:27:57.228  3171  3171 I Input   : injectMotionEvent: MotionEvent { action=ACTION_MOVE, actionButton=0, id[0]=0, x[0]=540.0, y[0]=598.4, toolType[0]=TOOL_TYPE_UNKNOWN, buttonState=0, metaState=0, flags=0x0, edgeFlags=0x0, pointerCount=1, historySize=0, eventTime=336968008, downTime=336968008, deviceId=0, source=0x1002 }

03-30 10:27:57.262  3171  3171 I Input   : injectMotionEvent: MotionEvent { action=ACTION_MOVE, actionButton=0, id[0]=0, x[0]=540.0, y[0]=492.8, toolType[0]=TOOL_TYPE_UNKNOWN, buttonState=0, metaState=0, flags=0x0, edgeFlags=0x0, pointerCount=1, historySize=0, eventTime=336968041, downTime=336968041, deviceId=0, source=0x1002 }

03-30 10:27:57.281  3171  3171 I Input   : injectMotionEvent: MotionEvent { action=ACTION_UP, actionButton=0, id[0]=0, x[0]=540.0, y[0]=480.0, toolType[0]=TOOL_TYPE_UNKNOWN, buttonState=0, metaState=0, flags=0x0, edgeFlags=0x0, pointerCount=1, historySize=0, eventTime=336968061, downTime=336968061, deviceId=0, source=0x1002 }

03-30 10:27:57.287  2444  3199 D FeedbackAPI: sign before:appkey=23256401&deviceId=WJfwe+sntC4DAAdSBLpxQDCW

03-30 10:27:57.289  3171  3171 D AndroidRuntime: Shutting down VM

03-30 10:27:57.295  2444  3199 D FeedbackAPI : sign after:e469344ba86f5f3f88c8fd188558071e8ce8dba2

03-30 10:27:57.322  4116  4556 I XiaomiFirewall: firewall pkgName:com.orvibo.homemate, result:0x0

03-30 10:27:57.391  6151  6186 I octvm_klo: read wakeups from wakealarm_fd:1

03-30 10:27:57.392  6151  6186 I octvm_klo: new timerfd interval:

03-30 10:27:57.392  6151  6186 I octvm_klo: 	itval.it_interval.tv_sec 1, itval.it_interval.tv_nsec 0

03-30 10:27:57.392  6151  6186 I octvm_klo: 	itval.it_value.tv_sec 0, itval.it_value.tv_nsec 999996458

03-30 10:27:57.452   379   493 I ThermalEngine: Sensor:batt_temp:337 mC

03-30 10:27:58.392  6151  6186 I octvm_klo: read wakeups from wakealarm_fd:1

03-30 10:27:58.392  6151  6186 I octvm_klo: new timerfd interval:

03-30 10:27:58.392  6151  6186 I octvm_klo: 	itval.it_interval.tv_sec 1, itval.it_interval.tv_nsec 0

03-30 10:27:58.392  6151  6186 I octvm_klo: 	itval.it_value.tv_sec 0, itval.it_value.tv_nsec 999996302

03-30 10:27:58.454   379   493 I ThermalEngine: Sensor:batt_temp:336 mC

03-30 10:27:59.001  3745  3745 D wpa_supplicant: wlan0: Control interface command 'SIGNAL_POLL'

03-30 10:27:59.018  3745  3745 D wpa_supplicant: CTRL-DEBUG: global_ctrl_sock-sendto: sock=11 sndbuf=163840 outq=0 send_len=49

03-30 10:27:59.392  6151  6186 I octvm_klo: read wakeups from wakealarm_fd:1

03-30 10:27:59.392  6151  6186 I octvm_klo: new timerfd interval:

03-30 10:27:59.392  6151  6186 I octvm_klo: 	itval.it_interval.tv_sec 1, itval.it_interval.tv_nsec 0

03-30 10:27:59.392  6151  6186 I octvm_klo: 	itval.it_value.tv_sec 0, itval.it_value.tv_nsec 999996093

03-30 10:27:59.455   379   493 I ThermalEngine: Sensor:batt_temp:336 mC

03-30 10:27:59.946  2044  3620 D WifiStateMachine: starting scan for "56.1_neiwang"-WPA_PSK with 5280,2412

03-30 10:27:59.946  3745  3745 D wpa_supplicant: wlan0: Control interface command 'SCAN TYPE=ONLY freq=5280,2412'

03-30 10:27:59.946  3745  3745 D wpa_supplicant: wlan0: Setting scan request: 0.000000 sec

03-30 10:27:59.946  3745  3745 D wpa_supplicant: CTRL-DEBUG: global_ctrl_sock-sendto: sock=11 sndbuf=163840 outq=0 send_len=3

03-30 10:27:59.947  3745  3745 D wpa_supplicant: wlan0: Starting AP scan for wildcard SSID

03-30 10:27:59.947  3745  3745 D wpa_supplicant: wlan0: Limit manual scan to specified channels

03-30 10:27:59.947  3745  3745 D wpa_supplicant: wlan0: Add radio work 'scan'@0xb68d9398

03-30 10:27:59.947  3745  3745 D wpa_supplicant: wlan0: First radio work item in the queue - schedule start immediately

03-30 10:27:59.947  3745  3745 D wpa_supplicant: wlan0: Starting radio work 'scan'@0xb68d9398 after 0.000069 second wait

03-30 10:27:59.947  3745  3745 D wpa_supplicant: wlan0: nl80211: scan request

03-30 10:27:59.947  3745  3745 D wpa_supplicant: nl80211: Scan SSID - hexdump(len=0): [NULL]

03-30 10:27:59.947  3745  3745 D wpa_supplicant: nl80211: Scan extra IEs - hexdump(len=7): 7f 05 00 00 0a 02 01

03-30 10:27:59.947  3745  3745 D wpa_supplicant: nl80211: Scan frequency 2412 MHz

03-30 10:27:59.947  3745  3745 D wpa_supplicant: nl80211: Scan frequency 5280 MHz

03-30 10:27:59.957  3745  3745 D wpa_supplicant: Scan requested (ret=0) - scan timeout 30 seconds

03-30 10:27:59.957  3745  3745 D wpa_supplicant: nl80211: Event message available

03-30 10:27:59.957  3745  3745 D wpa_supplicant: nl80211: Drv Event 33 (NL80211_CMD_TRIGGER_SCAN) received for wlan0

03-30 10:27:59.957  3745  3745 D wpa_supplicant: wlan0: nl80211: Scan trigger

03-30 10:27:59.957  3745  3745 D wpa_supplicant: wlan0: Event SCAN_STARTED (47) received

03-30 10:27:59.957  3745  3745 D wpa_supplicant: wlan0: Own scan request started a scan in 0.000205 seconds

03-30 10:27:59.957  3745  3745 D wpa_supplicant: CTRL-DEBUG: ctrl_sock-sendmsg: sock=11 sndbuf=163840 outq=0 send_len=24

03-30 10:27:59.958  3745  3745 D wpa_supplicant: CTRL_IFACE monitor sent successfully to /data/misc/wifi/sockets/wpa_ctrl_2044-2\x00

03-30 10:28:00.004  2044  2044 I ActivityManager: Killing 25889:eu.chainfire.supersu/u0a128 (adj 15): empty for 638s

03-30 10:28:00.050  2044  4104 D ActivityManagerInjector: eu.chainfire.supersu is killed by AMS with adj 15 ,do not allow restart

03-30 10:28:00.050  2044  4104 D ActivityManager: cleanUpApplicationRecord -- 25889

03-30 10:28:00.078  3745  3745 D wpa_supplicant: nl80211: Event message available

03-30 10:28:00.078  3745  3745 D wpa_supplicant: nl80211: Drv Event 34 (NL80211_CMD_NEW_SCAN_RESULTS) received for wlan0

03-30 10:28:00.078  3745  3745 D wpa_supplicant: wlan0: nl80211: New scan results available

03-30 10:28:00.078  3745  3745 D wpa_supplicant: nl80211: Scan included frequencies: 2412 5280

03-30 10:28:00.078  3745  3745 D wpa_supplicant: wlan0: Event SCAN_RESULTS (3) received

03-30 10:28:00.078  3745  3745 D wpa_supplicant: wlan0: Scan completed in 0.120415 seconds

03-30 10:28:00.078  3745  3745 D wpa_supplicant: nl80211: Associated on 5280 MHz

03-30 10:28:00.078  3745  3745 D wpa_supplicant: nl80211: Associated with cc:81:da:9c:13:28

03-30 10:28:00.078  3745  3745 D wpa_supplicant: nl80211: Received scan results (32 BSSes)

03-30 10:28:00.078  3745  3745 D wpa_supplicant: nl80211: Scan results indicate BSS status with cc:81:da:9c:13:28 as associated

03-30 10:28:00.078  3745  3745 D wpa_supplicant: wlan0: BSS: Start scan result update 5214

03-30 10:28:00.079  3745  3745 D wpa_supplicant: BSS: last_scan_res_used=32/64

03-30 10:28:00.079  3745  3745 D wpa_supplicant: wlan0: Scan-only results received

03-30 10:28:00.079  3745  3745 D wpa_supplicant: CTRL-DEBUG: ctrl_sock-sendmsg: sock=11 sndbuf=163840 outq=0 send_len=24

03-30 10:28:00.079  3745  3745 D wpa_supplicant: CTRL_IFACE monitor sent successfully to /data/misc/wifi/sockets/wpa_ctrl_2044-2\x00

03-30 10:28:00.079  3745  3745 D wpa_supplicant: wlan0: Radio work 'scan'@0xb68d9398 done in 0.131873 seconds

03-30 10:28:00.082  3745  3745 D wpa_supplicant: RTM_NEWLINK: ifi_index=22 ifname=wlan0 wext ifi_family=0 ifi_flags=0x11043 ([UP][RUNNING][LOWER_UP])

03-30 10:28:00.084  3745  3745 D wpa_supplicant: CTRL-DEBUG: global_ctrl_sock-sendto: sock=11 sndbuf=163840 outq=0 send_len=3541

03-30 10:28:00.087  3745  3745 D wpa_supplicant: CTRL-DEBUG: global_ctrl_sock-sendto: sock=11 sndbuf=163840 outq=0 send_len=3699

03-30 10:28:00.089  3745  3745 D wpa_supplicant: CTRL-DEBUG: global_ctrl_sock-sendto: sock=11 sndbuf=163840 outq=0 send_len=3243

03-30 10:28:00.091  3745  3745 D wpa_supplicant: CTRL-DEBUG: global_ctrl_sock-sendto: sock=11 sndbuf=163840 outq=0 send_len=3891

03-30 10:28:00.094  3745  3745 D wpa_supplicant: CTRL-DEBUG: global_ctrl_sock-sendto: sock=11 sndbuf=163840 outq=0 send_len=3610

03-30 10:28:00.095  3745  3745 D wpa_supplicant: CTRL-DEBUG: global_ctrl_sock-sendto: sock=11 sndbuf=163840 outq=0 send_len=3035

03-30 10:28:00.117  3745  3745 D wpa_supplicant: EAPOL: EAP Session-Id not available

03-30 10:28:00.117  3745  3745 D wpa_supplicant: CTRL-DEBUG: global_ctrl_sock-sendto: sock=11 sndbuf=163840 outq=0 send_len=279

03-30 10:28:00.209 25810 25810 W AppWatcher: type=1400 audit(0.0:55140597): avc: denied { getattr } for path="/proc/opalum-temp-calib" dev="proc" ino=4026534631 scontext=u:r:untrusted_app:s0:c512,c768 tcontext=u:object_r:proc_opalum:s0 tclass=file permissive=0

03-30 10:28:00.209 25810 25810 W AppWatcher: type=1400 audit(0.0:55140598): avc: denied { getattr } for path="/proc/opalum-f0-calib" dev="proc" ino=4026534630 scontext=u:r:untrusted_app:s0:c512,c768 tcontext=u:object_r:proc_opalum:s0 tclass=file permissive=0

03-30 10:28:00.209 25810 25810 W AppWatcher: type=1400 audit(0.0:55140599): avc: denied { getattr } for path="/proc/sysrq-trigger" dev="proc" ino=4026533735 scontext=u:r:untrusted_app:s0:c512,c768 tcontext=u:object_r:proc_sysrq:s0 tclass=file permissive=0

03-30 10:28:00.209 25810 25810 W AppWatcher: type=1400 audit(0.0:55140600): avc: denied { getattr } for path="/proc/1" dev="proc" ino=11921139 scontext=u:r:untrusted_app:s0:c512,c768 tcontext=u:r:init:s0 tclass=dir permissive=0

03-30 10:28:00.209 25810 25810 W AppWatcher: type=1400 audit(0.0:55140601): avc: denied { getattr } for path="/proc/2" dev="proc" ino=11961941 scontext=u:r:untrusted_app:s0:c512,c768 tcontext=u:r:kernel:s0 tclass=dir permissive=0

03-30 10:28:00.209 25810 25810 W AppWatcher: type=1400 audit(0.0:55140602): avc: denied { getattr } for path="/proc/3" dev="proc" ino=11961942 scontext=u:r:untrusted_app:s0:c512,c768 tcontext=u:r:kernel:s0 tclass=dir permissive=0

03-30 10:28:00.209 25810 25810 W AppWatcher: type=1400 audit(0.0:55140603): avc: denied { getattr } for path="/proc/6" dev="proc" ino=11961943 scontext=u:r:untrusted_app:s0:c512,c768 tcontext=u:r:kernel:s0 tclass=dir permissive=0

03-30 10:28:00.209 25810 25810 W AppWatcher: type=1400 audit(0.0:55140604): avc: denied { getattr } for path="/proc/7" dev="proc" ino=11961944 scontext=u:r:untrusted_app:s0:c512,c768 tcontext=u:r:kernel:s0 tclass=dir permissive=0

03-30 10:28:00.209 25810 25810 W AppWatcher: type=1400 audit(0.0:55140605): avc: denied { getattr } for path="/proc/8" dev="proc" ino=11961945 scontext=u:r:untrusted_app:s0:c512,c768 tcontext=u:r:kernel:s0 tclass=dir permissive=0

03-30 10:28:00.209 25810 25810 W AppWatcher: type=1400 audit(0.0:55140606): avc: denied { getattr } for path="/proc/21" dev="proc" ino=11961946 scontext=u:r:untrusted_app:s0:c512,c768 tcontext=u:r:kernel:s0 tclass=dir permissive=0

03-30 10:28:00.219 25810 25810 W AppWatcher: type=1400 audit(0.0:55140607): avc: denied { getattr } for path="/proc/22" dev="proc" ino=11961947 scontext=u:r:untrusted_app:s0:c512,c768 tcontext=u:r:kernel:s0 tclass=dir permissive=0

03-30 10:28:00.219 25810 25810 W AppWatcher: type=1400 audit(0.0:55140608): avc: denied { getattr } for path="/proc/28" dev="proc" ino=11961948 scontext=u:r:untrusted_app:s0:c512,c768 tcontext=u:r:kernel:s0 tclass=dir permissive=0

03-30 10:28:00.219 25810 25810 W AppWatcher: type=1400 audit(0.0:55140609): avc: denied { getattr } for path="/proc/29" dev="proc" ino=11961949 scontext=u:r:untrusted_app:s0:c512,c768 tcontext=u:r:kernel:s0 tclass=dir permissive=0

03-30 10:28:00.219 25810 25810 W AppWatcher: type=1400 audit(0.0:55140610): avc: denied { getattr } for path="/proc/30" dev="proc" ino=11961950 scontext=u:r:untrusted_app:s0:c512,c768 tcontext=u:r:kernel:s0 tclass=dir permissive=0

03-30 10:28:00.219 25810 25810 W AppWatcher: type=1400 audit(0.0:55140611): avc: denied { getattr } for path="/proc/32" dev="proc" ino=11961951 scontext=u:r:untrusted_app:s0:c512,c768 tcontext=u:r:kernel:s0 tclass=dir permissive=0

03-30 10:28:00.219 25810 25810 W AppWatcher: type=1400 audit(0.0:55140612): avc: denied { getattr } for path="/proc/33" dev="proc" ino=11961952 scontext=u:r:untrusted_app:s0:c512,c768 tcontext=u:r:kernel:s0 tclass=dir permissive=0

03-30 10:28:00.219 25810 25810 W AppWatcher: type=1400 audit(0.0:55140613): avc: denied { getattr } for path="/proc/34" dev="proc" ino=11961953 scontext=u:r:untrusted_app:s0:c512,c768 tcontext=u:r:kernel:s0 tclass=dir permissive=0

03-30 10:28:00.219 25810 25810 W AppWatcher: type=1400 audit(0.0:55140614): avc: denied { getattr } for path="/proc/61" dev="proc" ino=11961954 scontext=u:r:untrusted_app:s0:c512,c768 tcontext=u:r:kernel:s0 tclass=dir permissive=0

03-30 10:28:00.219 25810 25810 W AppWatcher: type=1400 audit(0.0:55140615): avc: denied { getattr } for path="/proc/62" dev="proc" ino=11961955 scontext=u:r:untrusted_app:s0:c512,c768 tcontext=u:r:kernel:s0 tclass=dir permissive=0

03-30 10:28:00.219 25810 25810 W AppWatcher: type=1400 audit(0.0:55140616): avc: denied { getattr } for path="/proc/63" dev="proc" ino=11961956 scontext=u:r:untrusted_app:s0:c512,c768 tcontext=u:r:kernel:s0 tclass=dir permissive=0

03-30 10:28:00.392  6151  6186 I octvm_klo: read wakeups from wakealarm_fd:1

03-30 10:28:00.392  6151  6186 I octvm_klo: new timerfd interval:

03-30 10:28:00.392  6151  6186 I octvm_klo: 	itval.it_interval.tv_sec 1, itval.it_interval.tv_nsec 0

03-30 10:28:00.392  6151  6186 I octvm_klo: 	itval.it_value.tv_sec 0, itval.it_value.tv_nsec 999992188

03-30 10:28:00.456   379   493 I ThermalEngine: Sensor:batt_temp:336 mC

03-30 10:28:01.392  6151  6186 I octvm_klo: read wakeups from wakealarm_fd:1

03-30 10:28:01.392  6151  6186 I octvm_klo: new timerfd interval:

03-30 10:28:01.392  6151  6186 I octvm_klo: 	itval.it_interval.tv_sec 1, itval.it_interval.tv_nsec 0

03-30 10:28:01.392  6151  6186 I octvm_klo: 	itval.it_value.tv_sec 0, itval.it_value.tv_nsec 999995989

03-30 10:28:01.457   379   493 I ThermalEngine: Sensor:batt_temp:336 mC

03-30 10:28:02.024  3745  3745 D wpa_supplicant: wlan0: Control interface command 'SIGNAL_POLL'

03-30 10:28:02.038  3745  3745 D wpa_supplicant: CTRL-DEBUG: global_ctrl_sock-sendto: sock=11 sndbuf=163840 outq=0 send_len=49

03-30 10:28:02.392  6151  6186 I octvm_klo: read wakeups from wakealarm_fd:1

03-30 10:28:02.392  6151  6186 I octvm_klo: new timerfd interval:

03-30 10:28:02.392  6151  6186 I octvm_klo: 	itval.it_interval.tv_sec 1, itval.it_interval.tv_nsec 0

03-30 10:28:02.392  6151  6186 I octvm_klo: 	itval.it_value.tv_sec 0, itval.it_value.tv_nsec 999997240

03-30 10:28:02.458   379   493 I ThermalEngine: Sensor:batt_temp:336 mC

03-30 10:28:02.782  2444  2454 I art     : Background sticky concurrent mark sweep GC freed 734540(28MB) AllocSpace objects, 9(180KB) LOS objects, 39% free, 44MB/74MB, paused 2.109ms total 143.646ms

03-30 10:28:02.905  2444  2567 D UTAnalytics:CommitTask: pid:2444 check&commit event:65502,

03-30 10:28:02.905  2444  2567 D UTAnalytics:CommitTask: pid:2444 next:65502,

03-30 10:28:02.906  2444  2567 D UTAnalytics:CommitTask: pid:2444 check&commit event:65503,

03-30 10:28:02.906  2444  2567 D UTAnalytics:CommitTask: pid:2444 next:65503,

03-30 10:28:02.906  2444  2567 D UTAnalytics:CommitTask: pid:2444 check&commit event:65501,

03-30 10:28:02.906  2444  2567 D UTAnalytics:CommitTask: pid:2444 next:65501,

03-30 10:28:03.393  6151  6186 I octvm_klo: read wakeups from wakealarm_fd:1

03-30 10:28:03.393  6151  6186 I octvm_klo: new timerfd interval:

03-30 10:28:03.393  6151  6186 I octvm_klo: 	itval.it_interval.tv_sec 1, itval.it_interval.tv_nsec 0

03-30 10:28:03.393  6151  6186 I octvm_klo: 	itval.it_value.tv_sec 0, itval.it_value.tv_nsec 999995886

03-30 10:28:03.460   379   493 I ThermalEngine: Sensor:batt_temp:337 mC

03-30 10:28:04.394  6151  6186 I octvm_klo: read wakeups from wakealarm_fd:1

03-30 10:28:04.394  6151  6186 I octvm_klo: new timerfd interval:

03-30 10:28:04.394  6151  6186 I octvm_klo: 	itval.it_interval.tv_sec 1, itval.it_interval.tv_nsec 0

03-30 10:28:04.394  6151  6186 I octvm_klo: 	itval.it_value.tv_sec 0, itval.it_value.tv_nsec 999991979

03-30 10:28:04.461   379   493 I ThermalEngine: Sensor:batt_temp:336 mC

03-30 10:28:05.041  3745  3745 D wpa_supplicant: wlan0: Control interface command 'SIGNAL_POLL'

03-30 10:28:05.043  3745  3745 D wpa_supplicant: CTRL-DEBUG: global_ctrl_sock-sendto: sock=11 sndbuf=163840 outq=0 send_len=49

03-30 10:28:05.394  6151  6186 I octvm_klo: read wakeups from wakealarm_fd:1

03-30 10:28:05.394  6151  6186 I octvm_klo: new timerfd interval:

03-30 10:28:05.394  6151  6186 I octvm_klo: 	itval.it_interval.tv_sec 1, itval.it_interval.tv_nsec 0

03-30 10:28:05.394  6151  6186 I octvm_klo: 	itval.it_value.tv_sec 0, itval.it_value.tv_nsec 999995313

03-30 10:28:05.470   379   493 I ThermalEngine: Sensor:batt_temp:336 mC

03-30 10:28:06.394  6151  6186 I octvm_klo: read wakeups from wakealarm_fd:1

03-30 10:28:06.394  6151  6186 I octvm_klo: new timerfd interval:

03-30 10:28:06.394  6151  6186 I octvm_klo: 	itval.it_interval.tv_sec 1, itval.it_interval.tv_nsec 0

03-30 10:28:06.394  6151  6186 I octvm_klo: 	itval.it_value.tv_sec 0, itval.it_value.tv_nsec 999995886

03-30 10:28:06.472   379   493 I ThermalEngine: Sensor:batt_temp:336 mC

03-30 10:28:07.394  6151  6186 I octvm_klo: read wakeups from wakealarm_fd:1

03-30 10:28:07.395  6151  6186 I octvm_klo: new timerfd interval:

03-30 10:28:07.395  6151  6186 I octvm_klo: 	itval.it_interval.tv_sec 1, itval.it_interval.tv_nsec 0

03-30 10:28:07.395  6151  6186 I octvm_klo: 	itval.it_value.tv_sec 0, itval.it_value.tv_nsec 999990678

03-30 10:28:07.473   379   493 I ThermalEngine: Sensor:batt_temp:336 mC

03-30 10:28:08.051  3745  3745 D wpa_supplicant: wlan0: Control interface command 'SIGNAL_POLL'

03-30 10:28:08.053  2444  2567 D UTAnalytics:LogStoreMgr: pid:2444 [store],

03-30 10:28:08.065  2444  2567 D UTAnalytics:UTSqliteLogStore: pid:2444 sql:SELECT * FROM log ORDER BY time ASC  LIMIT 350,

03-30 10:28:08.066  3745  3745 D wpa_supplicant: CTRL-DEBUG: global_ctrl_sock-sendto: sock=11 sndbuf=163840 outq=0 send_len=49

03-30 10:28:08.077  2444  2567 D UTAnalytics:LogStoreMgr: pid:2444 [get],[],

03-30 10:28:08.079  2444  2567 D UTAnalytics:UploadEngine: pid:2444 UTDC.bBackground:false,AppInfoUtil.isForeground(UTDC.getContext()) ,true,

03-30 10:28:08.082  2444  2567 D UTAnalytics:UploadTask: pid:2444 mPeriod:30000,

03-30 10:28:08.395  6151  6186 I octvm_klo: read wakeups from wakealarm_fd:1

03-30 10:28:08.395  6151  6186 I octvm_klo: new timerfd interval:

03-30 10:28:08.395  6151  6186 I octvm_klo: 	itval.it_interval.tv_sec 1, itval.it_interval.tv_nsec 0

03-30 10:28:08.395  6151  6186 I octvm_klo: 	itval.it_value.tv_sec 0, itval.it_value.tv_nsec 999995000

03-30 10:28:08.474   379   493 I ThermalEngine: Sensor:batt_temp:336 mC

03-30 10:28:09.395  6151  6186 I octvm_klo: read wakeups from wakealarm_fd:1

03-30 10:28:09.395  6151  6186 I octvm_klo: new timerfd interval:

03-30 10:28:09.395  6151  6186 I octvm_klo: 	itval.it_interval.tv_sec 1, itval.it_interval.tv_nsec 0

03-30 10:28:09.395  6151  6186 I octvm_klo: 	itval.it_value.tv_sec 0, itval.it_value.tv_nsec 999996094

03-30 10:28:09.475   379   493 I ThermalEngine: Sensor:batt_temp:336 mC

03-30 10:28:10.359 25810 25810 W AppWatcher: type=1400 audit(0.0:55140867): avc: denied { getattr } for path="/proc/opalum-temp-calib" dev="proc" ino=4026534631 scontext=u:r:untrusted_app:s0:c512,c768 tcontext=u:object_r:proc_opalum:s0 tclass=file permissive=0

03-30 10:28:10.359 25810 25810 W AppWatcher: type=1400 audit(0.0:55140868): avc: denied { getattr } for path="/proc/opalum-f0-calib" dev="proc" ino=4026534630 scontext=u:r:untrusted_app:s0:c512,c768 tcontext=u:object_r:proc_opalum:s0 tclass=file permissive=0

03-30 10:28:10.369 25810 25810 W AppWatcher: type=1400 audit(0.0:55140869): avc: denied { getattr } for path="/proc/sysrq-trigger" dev="proc" ino=4026533735 scontext=u:r:untrusted_app:s0:c512,c768 tcontext=u:object_r:proc_sysrq:s0 tclass=file permissive=0

03-30 10:28:10.369 25810 25810 W AppWatcher: type=1400 audit(0.0:55140870): avc: denied { getattr } for path="/proc/1" dev="proc" ino=11921139 scontext=u:r:untrusted_app:s0:c512,c768 tcontext=u:r:init:s0 tclass=dir permissive=0

03-30 10:28:10.369 25810 25810 W AppWatcher: type=1400 audit(0.0:55140871): avc: denied { getattr } for path="/proc/2" dev="proc" ino=11961941 scontext=u:r:untrusted_app:s0:c512,c768 tcontext=u:r:kernel:s0 tclass=dir permissive=0

03-30 10:28:10.369 25810 25810 W AppWatcher: type=1400 audit(0.0:55140872): avc: denied { getattr } for path="/proc/3" dev="proc" ino=11961942 scontext=u:r:untrusted_app:s0:c512,c768 tcontext=u:r:kernel:s0 tclass=dir permissive=0

03-30 10:28:10.369 25810 25810 W AppWatcher: type=1400 audit(0.0:55140873): avc: denied { getattr } for path="/proc/6" dev="proc" ino=11961943 scontext=u:r:untrusted_app:s0:c512,c768 tcontext=u:r:kernel:s0 tclass=dir permissive=0

03-30 10:28:10.379 25810 25810 W AppWatcher: type=1400 audit(0.0:55140874): avc: denied { getattr } for path="/proc/7" dev="proc" ino=11961944 scontext=u:r:untrusted_app:s0:c512,c768 tcontext=u:r:kernel:s0 tclass=dir permissive=0

03-30 10:28:10.379 25810 25810 W AppWatcher: type=1400 audit(0.0:55140875): avc: denied { getattr } for path="/proc/8" dev="proc" ino=11961945 scontext=u:r:untrusted_app:s0:c512,c768 tcontext=u:r:kernel:s0 tclass=dir permissive=0

03-30 10:28:10.379 25810 25810 W AppWatcher: type=1400 audit(0.0:55140876): avc: denied { getattr } for path="/proc/21" dev="proc" ino=11961946 scontext=u:r:untrusted_app:s0:c512,c768 tcontext=u:r:kernel:s0 tclass=dir permissive=0

03-30 10:28:10.379 25810 25810 W AppWatcher: type=1400 audit(0.0:55140877): avc: denied { getattr } for path="/proc/22" dev="proc" ino=11961947 scontext=u:r:untrusted_app:s0:c512,c768 tcontext=u:r:kernel:s0 tclass=dir permissive=0

03-30 10:28:10.379 25810 25810 W AppWatcher: type=1400 audit(0.0:55140878): avc: denied { getattr } for path="/proc/28" dev="proc" ino=11961948 scontext=u:r:untrusted_app:s0:c512,c768 tcontext=u:r:kernel:s0 tclass=dir permissive=0

03-30 10:28:10.379 25810 25810 W AppWatcher: type=1400 audit(0.0:55140879): avc: denied { getattr } for path="/proc/29" dev="proc" ino=11961949 scontext=u:r:untrusted_app:s0:c512,c768 tcontext=u:r:kernel:s0 tclass=dir permissive=0

03-30 10:28:10.379 25810 25810 W AppWatcher: type=1400 audit(0.0:55140880): avc: denied { getattr } for path="/proc/30" dev="proc" ino=11961950 scontext=u:r:untrusted_app:s0:c512,c768 tcontext=u:r:kernel:s0 tclass=dir permissive=0

03-30 10:28:10.379 25810 25810 W AppWatcher: type=1400 audit(0.0:55140881): avc: denied { getattr } for path="/proc/32" dev="proc" ino=11961951 scontext=u:r:untrusted_app:s0:c512,c768 tcontext=u:r:kernel:s0 tclass=dir permissive=0

03-30 10:28:10.379 25810 25810 W AppWatcher: type=1400 audit(0.0:55140882): avc: denied { getattr } for path="/proc/33" dev="proc" ino=11961952 scontext=u:r:untrusted_app:s0:c512,c768 tcontext=u:r:kernel:s0 tclass=dir permissive=0

03-30 10:28:10.379 25810 25810 W AppWatcher: type=1400 audit(0.0:55140883): avc: denied { getattr } for path="/proc/34" dev="proc" ino=11961953 scontext=u:r:untrusted_app:s0:c512,c768 tcontext=u:r:kernel:s0 tclass=dir permissive=0

03-30 10:28:10.379 25810 25810 W AppWatcher: type=1400 audit(0.0:55140884): avc: denied { getattr } for path="/proc/61" dev="proc" ino=11961954 scontext=u:r:untrusted_app:s0:c512,c768 tcontext=u:r:kernel:s0 tclass=dir permissive=0

03-30 10:28:10.379 25810 25810 W AppWatcher: type=1400 audit(0.0:55140885): avc: denied { getattr } for path="/proc/62" dev="proc" ino=11961955 scontext=u:r:untrusted_app:s0:c512,c768 tcontext=u:r:kernel:s0 tclass=dir permissive=0

03-30 10:28:10.379 25810 25810 W AppWatcher: type=1400 audit(0.0:55140886): avc: denied { getattr } for path="/proc/63" dev="proc" ino=11961956 scontext=u:r:untrusted_app:s0:c512,c768 tcontext=u:r:kernel:s0 tclass=dir permissive=0

03-30 10:28:10.395  6151  6186 I octvm_klo: read wakeups from wakealarm_fd:1

03-30 10:28:10.395  6151  6186 I octvm_klo: new timerfd interval:

03-30 10:28:10.395  6151  6186 I octvm_klo: 	itval.it_interval.tv_sec 1, itval.it_interval.tv_nsec 0

03-30 10:28:10.395  6151  6186 I octvm_klo: 	itval.it_value.tv_sec 0, itval.it_value.tv_nsec 999996823

03-30 10:28:10.477   379   493 I ThermalEngine: Sensor:batt_temp:337 mC

03-30 10:28:11.071  3745  3745 D wpa_supplicant: wlan0: Control interface command 'SIGNAL_POLL'

03-30 10:28:11.084  3745  3745 D wpa_supplicant: CTRL-DEBUG: global_ctrl_sock-sendto: sock=11 sndbuf=163840 outq=0 send_len=49

03-30 10:28:11.395  6151  6186 I octvm_klo: read wakeups from wakealarm_fd:1

03-30 10:28:11.395  6151  6186 I octvm_klo: new timerfd interval:

03-30 10:28:11.395  6151  6186 I octvm_klo: 	itval.it_interval.tv_sec 1, itval.it_interval.tv_nsec 0

03-30 10:28:11.395  6151  6186 I octvm_klo: 	itval.it_value.tv_sec 0, itval.it_value.tv_nsec 999990886

03-30 10:28:11.479   379   493 I ThermalEngine: Sensor:batt_temp:336 mC

03-30 10:28:12.395  6151  6186 I octvm_klo: read wakeups from wakealarm_fd:1

03-30 10:28:12.395  6151  6186 I octvm_klo: new timerfd interval:

03-30 10:28:12.395  6151  6186 I octvm_klo: 	itval.it_interval.tv_sec 1, itval.it_interval.tv_nsec 0

03-30 10:28:12.395  6151  6186 I octvm_klo: 	itval.it_value.tv_sec 0, itval.it_value.tv_nsec 999996041

03-30 10:28:12.480   379   493 I ThermalEngine: Sensor:batt_temp:336 mC

03-30 10:28:13.396  6151  6186 I octvm_klo: read wakeups from wakealarm_fd:1

03-30 10:28:13.396  6151  6186 I octvm_klo: new timerfd interval:

03-30 10:28:13.396  6151  6186 I octvm_klo: 	itval.it_interval.tv_sec 1, itval.it_interval.tv_nsec 0

03-30 10:28:13.396  6151  6186 I octvm_klo: 	itval.it_value.tv_sec 0, itval.it_value.tv_nsec 999996093

03-30 10:28:13.482   379   493 I ThermalEngine: Sensor:batt_temp:336 mC

03-30 10:28:14.089  3745  3745 D wpa_supplicant: wlan0: Control interface command 'SIGNAL_POLL'

03-30 10:28:14.103  3745  3745 D wpa_supplicant: CTRL-DEBUG: global_ctrl_sock-sendto: sock=11 sndbuf=163840 outq=0 send_len=49

03-30 10:28:14.396  6151  6186 I octvm_klo: read wakeups from wakealarm_fd:1

03-30 10:28:14.396  6151  6186 I octvm_klo: new timerfd interval:

03-30 10:28:14.396  6151  6186 I octvm_klo: 	itval.it_interval.tv_sec 1, itval.it_interval.tv_nsec 0

03-30 10:28:14.396  6151  6186 I octvm_klo: 	itval.it_value.tv_sec 0, itval.it_value.tv_nsec 999996875

03-30 10:28:14.421  4569  7585 D FrozenAppController: FrozenAPP, is HasProcessOOMTooLow

03-30 10:28:14.421  4569  7585 D FrozenAppController: >>> event = 22 >>> state = 2 uid 10124

03-30 10:28:14.421  4569  7585 V FrozenAppController:     >>>>  MSG_FROZEN_APP : { uid: 10124 mState:2 mEvent:22 mIsForeground:false mLocationPolicy:0}

03-30 10:28:14.483   379   493 I ThermalEngine: Sensor:batt_temp:336 mC

03-30 10:28:15.374  4569  7585 D FrozenAppController: FrozenAPP, is HasProcessOOMTooLow

03-30 10:28:15.374  4569  7585 D FrozenAppController: >>> event = 22 >>> state = 0 uid 10120

03-30 10:28:15.374  4569  7585 V FrozenAppController:     >>>>  MSG_FROZEN_APP : { uid: 10120 mState:0 mEvent:22 mIsForeground:false mLocationPolicy:255}

03-30 10:28:15.387  4569  7585 D FrozenAppController: FrozenAPP, is HasProcessOOMTooLow

03-30 10:28:15.387  4569  7585 D FrozenAppController: >>> event = 22 >>> state = 0 uid 10120

03-30 10:28:15.387  4569  7585 V FrozenAppController:     >>>>  MSG_FROZEN_APP : { uid: 10120 mState:0 mEvent:22 mIsForeground:false mLocationPolicy:255}

03-30 10:28:15.396  6151  6186 I octvm_klo: read wakeups from wakealarm_fd:1

03-30 10:28:15.396  6151  6186 I octvm_klo: new timerfd interval:

03-30 10:28:15.396  6151  6186 I octvm_klo: 	itval.it_interval.tv_sec 1, itval.it_interval.tv_nsec 0

03-30 10:28:15.396  6151  6186 I octvm_klo: 	itval.it_value.tv_sec 0, itval.it_value.tv_nsec 999997395

03-30 10:28:15.485   379   493 I ThermalEngine: Sensor:batt_temp:337 mC

03-30 10:28:16.396  6151  6186 I octvm_klo: read wakeups from wakealarm_fd:1

03-30 10:28:16.396  6151  6186 I octvm_klo: new timerfd interval:

03-30 10:28:16.396  6151  6186 I octvm_klo: 	itval.it_interval.tv_sec 1, itval.it_interval.tv_nsec 0

03-30 10:28:16.396  6151  6186 I octvm_klo: 	itval.it_value.tv_sec 0, itval.it_value.tv_nsec 999995052

03-30 10:28:16.486   379   493 I ThermalEngine: Sensor:batt_temp:336 mC

03-30 10:28:17.110  3745  3745 D wpa_supplicant: wlan0: Control interface command 'SIGNAL_POLL'

03-30 10:28:17.125  3745  3745 D wpa_supplicant: CTRL-DEBUG: global_ctrl_sock-sendto: sock=11 sndbuf=163840 outq=0 send_len=49

03-30 10:28:17.396  6151  6186 I octvm_klo: read wakeups from wakealarm_fd:1

03-30 10:28:17.396  6151  6186 I octvm_klo: new timerfd interval:

03-30 10:28:17.396  6151  6186 I octvm_klo: 	itval.it_interval.tv_sec 1, itval.it_interval.tv_nsec 0

03-30 10:28:17.396  6151  6186 I octvm_klo: 	itval.it_value.tv_sec 0, itval.it_value.tv_nsec 999995782

03-30 10:28:17.487   379   493 I ThermalEngine: Sensor:batt_temp:336 mC

03-30 10:28:18.397  6151  6186 I octvm_klo: read wakeups from wakealarm_fd:1

03-30 10:28:18.397  6151  6186 I octvm_klo: new timerfd interval:

03-30 10:28:18.397  6151  6186 I octvm_klo: 	itval.it_interval.tv_sec 1, itval.it_interval.tv_nsec 0

03-30 10:28:18.397  6151  6186 I octvm_klo: 	itval.it_value.tv_sec 0, itval.it_value.tv_nsec 999996615

