03-30 11:28:21.921 29494 29494 D HomeMate: allen[ main: HomeFragment.java:385 doRefreshRooms() ] - rooms:[Room{roomId='552f998311c04213b4762686e1535dc6', roomName='é»˜è®¤æˆ¿é—´', floorId='552f998311c04213b4762686e1535dc6', roomType=0, sequence=0, isDefaultRoom=false, imgUrl='/storage/emulated/0/HomeMate/room/6_thumb'} BaseBo{delFlag=0, updateTime='0', createTime='0', updateTimeSec=0, uid='null', userName='null'}] selectRoomPosition:0

03-30 11:28:21.923 29494 29494 D HomeMate: comm[ main: BaseFragment.java:74 onAttach() ] - HomePagerFragment

03-30 11:28:21.924 29494 29494 D HomeMate: allen[ main: HomePagerFragment.java:120 onCreateView() ] - onCreateView()

03-30 11:28:21.925 29494 29494 V BoostFramework: BoostFramework() : mPerf = com.qualcomm.qti.Performance@b9276c6

03-30 11:28:21.925 29494 29494 V BoostFramework: BoostFramework() : mPerf = com.qualcomm.qti.Performance@b11687

03-30 11:28:21.936 29494 29494 V BoostFramework: BoostFramework() : mPerf = com.qualcomm.qti.Performance@37989dd

03-30 11:28:21.936 29494 29494 V BoostFramework: BoostFramework() : mPerf = com.qualcomm.qti.Performance@af3952

03-30 11:28:21.937 29494 29494 D HomeMate: allen[ main: HomePagerFragment.java:186 onActivityCreated() ] - onActivityCreated()

03-30 11:28:21.939 29494 29494 D HomeMate: comm[ main: PropertyReport.java:94 registerNewPropertyReport() ] - registerNewPropertyReport()-listener:com.orvibo.homemate.device.home.HomeDevicePresenter@57e9423

03-30 11:28:21.939 29494 29494 D HomeMate: allen[ main: HomeDevicePresenter.java:110 refresh() ] - Start to init devices.

03-30 11:28:21.940 29494 29494 D HomeMate: allen[ main: HomeDevicePresenter.java:114 refresh() ] - Show devices from Room{roomId='552f998311c04213b4762686e1535dc6', roomName='é»˜è®¤æˆ¿é—´', floorId='552f998311c04213b4762686e1535dc6', roomType=0, sequence=0, isDefaultRoom=false, imgUrl='/storage/emulated/0/HomeMate/room/6_thumb'} BaseBo{delFlag=0, updateTime='0', createTime='0', updateTimeSec=0, uid='null', userName='null'}

03-30 11:28:21.942 29494 29494 D HomeMate: allen[ main: HomeDevicePresenter.java:116 refresh() ] - devices []

03-30 11:28:21.944 29494 29494 D HomeMate: allen[ main: HomeDevicePresenter.java:121 refresh() ] - other devices []

03-30 11:28:21.945 29494 29494 D HomeMate: allen[ main: HomeDevicePresenter.java:155 refreshDeviceStatus() ] - deviceStatusMap {}

03-30 11:28:21.945 29494 29494 D HomeMate: allen[ main: HomePagerFragment.java:229 onDeviceInit() ] - devices:[],otherDevices:[]

03-30 11:28:21.947 29494 29494 D HomeMate: allen[ main: HomePagerFragment.java:279 onDeviceInit() ] - Show devices

03-30 11:28:21.948 29494 29494 D HomeMate: allen[ main: HomeDevicePresenter.java:129 refresh() ] - Finish to init device. cost 7ms

03-30 11:28:21.948 29494 29494 D HomeMate: comm[ main: DeviceUtil.java:953 getEnergyDevices() ] - familyId:552f998311c04213b4762686e1535dc6

03-30 11:28:21.950 29494 29494 D HomeMate: comm[ main: DeviceUtil.java:989 getEnergyDevices() ] - energyRemindDevices:[]

03-30 11:28:21.950 29494 29494 I HomeMate: wei[ main: RoomCommonSceneDao.java:46 selRoomCommonScene() ] - select * from scene inner join roomcommonscene on scene.sceneNo = roomcommonscene.sceneNo where roomcommonscene.userId = ? and roomcommonscene.roomId = ? order by roomcommonscene.sceneSequence ASC

03-30 11:28:21.960 29494 29494 D HomeMate: comm[ main: RoomImageUtil.java:275 getRoomImagePathByName() ] - RoomImageUtil: getRoomImagePathByName(file.exists == false !)

03-30 11:28:21.961 29494 29494 D HomeMate: comm[ main: HomePagerFragment.java:349 setRoomImage() ] - room:Room{roomId='552f998311c04213b4762686e1535dc6', roomName='é»˜è®¤æˆ¿é—´', floorId='552f998311c04213b4762686e1535dc6', roomType=0, sequence=0, isDefaultRoom=false, imgUrl='/storage/emulated/0/HomeMate/room/6_thumb'} BaseBo{delFlag=0, updateTime='0', createTime='0', updateTimeSec=0, uid='null', userName='null'}   file.exists()->true

03-30 11:28:21.962 29494 29494 D HomeMate: allen[ main: HomePagerFragment.java:202 onStart() ] - onStart()

03-30 11:28:21.963 29494 29494 D HomeMate: allen[ main: HomePagerFragment.java:208 onResume() ] - onResume()

03-30 11:28:22.004 29494 29562 D UTAnalytics:LogStoreMgr: pid:29494 [store],

03-30 11:28:22.026 29494 29562 D UTAnalytics:UTSqliteLogStore: pid:29494 [insert] ,, isSuccess:true,ret,2457,

03-30 11:28:22.027 29494 29562 D UTAnalytics:UTSqliteLogStore: pid:29494 [insert] ,, isSuccess:true,ret,2458,

03-30 11:28:22.098  2044  4348 D SystemSettings: Want to modify SystemSettings? See MiuiSettings.System.PUBLIC_SETTINGS

03-30 11:28:22.098  2044  4348 W SettingsProvider: You shouldn't keep your settings in the secure settings. This will soon become an error.

03-30 11:28:22.123 29494 29662 D HomeMate: comm[ NioProcessor-7: CodecDecoder.java:44 doDecode() ] - hd:6864,actualLen:512

03-30 11:28:22.124 29494 29662 W HomeMate: comm[ NioProcessor-7: CodecDecoder.java:57 doDecode() ] - length is wrong.æ•°æ®çš„æ?»é•¿åº¦Len[586]ï¼Œå®žé™…æŽ¥æ”¶åˆ°çš„é•¿åº¦actualLenï¼?512

03-30 11:28:22.124 29494 29662 D HomeMate: comm[ NioProcessor-7: CodecDecoder.java:44 doDecode() ] - hd:6864,actualLen:586

03-30 11:28:22.127 29494 29662 I HomeMate: comm[ NioProcessor-7: CodecDecoder.java:76 doDecode() ] - æŽ¥æ”¶åˆ°IP:192.168.2.242çš„æ•°æ®ï¼š68,64,2,4a,64,6b,22,ff,50,de,64,32,39,38,32,66,39,36,66,63,34,37,34,35,31,64,38,66,31,39,61,33,64,61,34,34,33,64,65,66,62,65,93,ce,b7,9e,c,d,59,2f,1,13,ae,16,ec,23,fe,55,47,fa,b6,5,a9,97,c8,43,9d,b5,b7,16,40,38,c3,39,ba,ba,92,6b,c3,60,3c,58,3c,5c,4b,d0,51,59,9b,cc,a5,41,2c,b5,e1,29,ac,21,9a,27,ac,63,58,df,a1,12,cb,55,91,16,a0,bb,b,3d,61,f3,b3,1c,8f,c8,bb,fb,ae,48,2b,b5,8f,a5,ab,6,ee,4a,64,e6,a8,26,ea,0,cb,a5,b9,d9,4c,2,45,c0,b9,c6,e5,22,31,bd,ce,11,62,5d,6b,10,b7,f8,7e,e3,2f,c6,70,8a,3b,fe,9f,e2,a2,43,9a,7f,dc,b2,29,3b,e0,a7,94,f1,94,d8,24,52,9f,35,bd,12,97,68,12,a2,90,5b,4e,67,20,e6,78,19,66,83,f,3d,b6,cc,f1,ef,e2,19,20,b1,9f,b0,43,80,8,80,4f,df,23,f1,78,34,a6,b1,1,18,44,96,f2,9e,41,d6,5c,a4,67,a8,78,11,69,92,44,9a,c3,4a,fb,ae,bc,30,4c,d2,27,1a,b7,8,9e,bf,46,46,66,c6,ac,a7,13,35,a3,ae,4b,ab,24,ab,fe,4d,c,33,2d,54,c1,51,ad,12,df,be,2a,b6,8a,d2,30,17,f2,b8,90,4c,36,67,6c,d2,75,ae,6c,1d,77,66,4a,e2,aa,c3,e2,d8,ce,1c,d2,94,1a,9,5e,64,0,4c,47,32,2b,49,d5,4a,6b,55,f5,8b,5,78,48,8f,7b,cf,3e,9e,d,4b,31,16,5a,14,d9,bc,fe,db,61,6d,ec,a7,70,e,91,10,9f,bf,34,63,e1,b1,59,7,e9,d5,91,be,a0,e4,15,e3,c7,c0,40,2f,89,a5,31,3c,bf,9d,93,58,18,29,ea,f2,34,e,f2,f,f2,ba,9e,6f,5,10,62,2f,b,cc,f5,48,72,5a,b3,b0,a9,9c,e2,34,2d,6,b9,b3,a8,5d,8f,ac,cb,13,b6,88,79,33,10,c4,bc,13,87,9d,c1,74,0,4d,55,6a,e5,8c,e8,31,c5,1e,35,36,6c,c0,f3,b7,b4,8,df,61,d1,e5,ea,60,c3,cd,90,7d,b0,8c,78,e2,ad,2d,f4,81,2f,20,25,b2,13,1a,92,d3,a5,58,58,22,1,b4,c3,8a,3,e6,f2,e,6c,1,64,eb,80,5a,7,6d,b5,23,9f,78,bf,64,20,18,d1,7b,30,56,d8,17,63,78,5f,37,87,d4,a,9b,78,4e,5e,59,8b,88,c1,df,b2,cd,dc,8d,5a,fe,3c,ec,ef,f6,a7,80,c4,70,36,3b,9e,b0,23,62,5f,cc,cf,bc,4d,f6,6b,0,ef,e6,c3,a8,f8,8a,eb,a,3e,c,1b,ab,c2,17,7d,56,6c,f5,c7,b5,27,f0,78,2f,e0,cd,a5,8d

03-30 11:28:22.127 29494 29677 I HomeMate: comm[ pool-5-thread-1: SocketUtil.java:70 progressMessage() ] - protocolType[dk],crc:22FF50DE,sessionId:d2982f96fc47451d8f19a3da443defbe,jsonLen:544,ip:192.168.2.242,port:10001

03-30 11:28:22.128 29494 29677 I HomeMate: comm[ pool-5-thread-1: SocketUtil.java:108 progressMessage() ] - After decrypt json[{"cmd":201,"userId":"46133a343fe94a22b785977ae0938180","ver":"2.3.0","serial":1480863831,"status":0,"familyList":[{"email":"840432908@qq.com","phone":"","userName":"","isAdmin":1,"familyId":"552f998311c04213b4762686e1535dc6","familyName":"æˆ‘çš„å®¶åº­","creator":"46133a343fe94a22b785977ae0938180","showIndex":1,"createTime":"2017-03-30 11:27:39","updateTime":"2017-03-30 11:27:31","longitude":"114.004836","latotide":"22.593926","country":"cn","city":"shenzhen","state":"guangdong","timeOffset":28800,"zoneOffset":28800,"delFlag":0}]}]

03-30 11:28:22.165 29494 29494 D HomeMate: comm[ main: BaseRequest.java:498 stopRequest() ] - Stop request which serial is 1480863831 on com.orvibo.homemate.device.home.HomeRoomPresenter$1@74531c

03-30 11:28:22.166 29494 29494 D HomeMate: comm[ main: HomeRoomPresenter.java:58 init() ] - HomeRefresh

03-30 11:28:22.190 29494 29494 D HomeMate: comm[ main: HomeFragment.java:279 onInit() ] - HomeRefresh

03-30 11:28:22.192 29494 29494 D HomeMate: allen[ main: HomeFragment.java:291 onRefreshFamilies() ] - families:[Family{familyId='552f998311c04213b4762686e1535dc6', pic='null', creator='46133a343fe94a22b785977ae0938180', familyName='æˆ‘çš„å®¶åº­', nickname_in_family='null', email='840432908@qq.com', phone='', showIndex=1, isAdmin=1, userid='46133a343fe94a22b785977ae0938180', userName=, updateTimeSec=1490844451000} ] selectFamilyPosition:0

03-30 11:28:22.202 29494 29494 D HomeMate: comm[ main: HomeFragment.java:382 doRefreshRooms() ] - HomeRefresh-do refresh

03-30 11:28:22.203 29494 29494 D HomeMate: allen[ main: HomeFragment.java:385 doRefreshRooms() ] - rooms:[Room{roomId='552f998311c04213b4762686e1535dc6', roomName='é»˜è®¤æˆ¿é—´', floorId='552f998311c04213b4762686e1535dc6', roomType=0, sequence=0, isDefaultRoom=false, imgUrl='/storage/emulated/0/HomeMate/room/6_thumb'} BaseBo{delFlag=0, updateTime='0', createTime='0', updateTimeSec=0, uid='null', userName='null'}] selectRoomPosition:0

03-30 11:28:22.209 29494 29494 D HomeMate: comm[ main: BaseFragment.java:74 onAttach() ] - HomePagerFragment

03-30 11:28:22.210 29494 29494 D HomeMate: allen[ main: HomePagerFragment.java:120 onCreateView() ] - onCreateView()

03-30 11:28:22.211 29494 29494 V BoostFramework: BoostFramework() : mPerf = com.qualcomm.qti.Performance@14c1d76

03-30 11:28:22.211 29494 29494 V BoostFramework: BoostFramework() : mPerf = com.qualcomm.qti.Performance@da6af77

03-30 11:28:22.214 29494 29494 V BoostFramework: BoostFramework() : mPerf = com.qualcomm.qti.Performance@a15a44d

03-30 11:28:22.214 29494 29494 V BoostFramework: BoostFramework() : mPerf = com.qualcomm.qti.Performance@3d49b02

03-30 11:28:22.215 29494 29494 D HomeMate: allen[ main: HomePagerFragment.java:186 onActivityCreated() ] - onActivityCreated()

03-30 11:28:22.218 29494 29494 D HomeMate: comm[ main: PropertyReport.java:94 registerNewPropertyReport() ] - registerNewPropertyReport()-listener:com.orvibo.homemate.device.home.HomeDevicePresenter@e4ccc13

03-30 11:28:22.218 29494 29494 D HomeMate: allen[ main: HomeDevicePresenter.java:110 refresh() ] - Start to init devices.

03-30 11:28:22.219 29494 29494 D HomeMate: allen[ main: HomeDevicePresenter.java:114 refresh() ] - Show devices from Room{roomId='552f998311c04213b4762686e1535dc6', roomName='é»˜è®¤æˆ¿é—´', floorId='552f998311c04213b4762686e1535dc6', roomType=0, sequence=0, isDefaultRoom=false, imgUrl='/storage/emulated/0/HomeMate/room/6_thumb'} BaseBo{delFlag=0, updateTime='0', createTime='0', updateTimeSec=0, uid='null', userName='null'}

03-30 11:28:22.221 29494 29494 D HomeMate: allen[ main: HomeDevicePresenter.java:116 refresh() ] - devices []

03-30 11:28:22.223 29494 29494 D HomeMate: allen[ main: HomeDevicePresenter.java:121 refresh() ] - other devices []

03-30 11:28:22.223 29494 29494 D HomeMate: allen[ main: HomeDevicePresenter.java:155 refreshDeviceStatus() ] - deviceStatusMap {}

03-30 11:28:22.224 29494 29494 D HomeMate: allen[ main: HomePagerFragment.java:229 onDeviceInit() ] - devices:[],otherDevices:[]

03-30 11:28:22.226 29494 29494 D HomeMate: allen[ main: HomePagerFragment.java:279 onDeviceInit() ] - Show devices

03-30 11:28:22.227 29494 29494 D HomeMate: allen[ main: HomeDevicePresenter.java:129 refresh() ] - Finish to init device. cost 8ms

03-30 11:28:22.227 29494 29494 D HomeMate: comm[ main: DeviceUtil.java:953 getEnergyDevices() ] - familyId:552f998311c04213b4762686e1535dc6

03-30 11:28:22.229 29494 29494 D HomeMate: comm[ main: DeviceUtil.java:989 getEnergyDevices() ] - energyRemindDevices:[]

03-30 11:28:22.230 29494 29494 I HomeMate: wei[ main: RoomCommonSceneDao.java:46 selRoomCommonScene() ] - select * from scene inner join roomcommonscene on scene.sceneNo = roomcommonscene.sceneNo where roomcommonscene.userId = ? and roomcommonscene.roomId = ? order by roomcommonscene.sceneSequence ASC

03-30 11:28:22.241 29494 29494 D HomeMate: comm[ main: RoomImageUtil.java:275 getRoomImagePathByName() ] - RoomImageUtil: getRoomImagePathByName(file.exists == false !)

03-30 11:28:22.242 29494 29494 D HomeMate: comm[ main: HomePagerFragment.java:349 setRoomImage() ] - room:Room{roomId='552f998311c04213b4762686e1535dc6', roomName='é»˜è®¤æˆ¿é—´', floorId='552f998311c04213b4762686e1535dc6', roomType=0, sequence=0, isDefaultRoom=false, imgUrl='/storage/emulated/0/HomeMate/room/6_thumb'} BaseBo{delFlag=0, updateTime='0', createTime='0', updateTimeSec=0, uid='null', userName='null'}   file.exists()->true

03-30 11:28:22.242 29494 29494 D HomeMate: allen[ main: HomePagerFragment.java:202 onStart() ] - onStart()

03-30 11:28:22.243 29494 29494 D HomeMate: allen[ main: HomePagerFragment.java:208 onResume() ] - onResume()

03-30 11:28:22.299 29494 29494 D HomeMate: comm[ main: MainPresenter.java:804 handleMessage() ] - Start to check unbind device

03-30 11:28:22.302 29494 29579 D HomeMate: comm[ pool-6-thread-1: SearchDevice.java:83 searchHub() ] - loadAllHubs()-searchWifiDevice:true

03-30 11:28:22.304 29494 29494 D HomeMate: comm[ main: SearchNewHub.java:57 search() ] - 

03-30 11:28:22.308 29494 29494 D SearchGateway: search()-Start to search gateways.

03-30 11:28:22.314 29494 29715 D SearchGateway: stopSearch()-Stop search gateways.

03-30 11:28:22.316  4116  4556 I XiaomiFirewall: firewall pkgName:com.orvibo.homemate, result:0x0

03-30 11:28:22.321 29494 29717 D NioReceiveThread: run()-start receive thread

03-30 11:28:22.337 29494 29718 D a       : doSearch()-broadcastIps:[255.255.255.255, 192.168.56.255]

03-30 11:28:22.340 29494 29718 I b       : udpSend()-6864005A706BF2DF42FB2020202020202020202020202020202020202020202020202020202020202020761F88C84B4822629DCA55379A7DFDFD1AEBBB24469DB2A32DF9530A58BC666A50609F6AD4A87B4292CC146E8BCFA7B2,udpHost=255.255.255.255,udpPort=10000,len:90,sendRet:90

03-30 11:28:22.342 29494 29716 W NioReceiveThread: handleMessage()-Receive myself data.

03-30 11:28:22.346 29494 29716 D Receive : protocolType[pk],crc:EE65E9D1,sessionId:,jsonLen:112,ip:192.168.56.166,port:33873,

03-30 11:28:22.346 29494 29716 D Receive : Before decrypt json[A0A1E7B92C231F2396E117A8D5174DAB2A44F8353AA8CFF96C0037DBF8BCB9A8B2DD923AFFF073363620D1C0E3BF89634562F2680BAC1466D0D8C0CA45838247DAEDA277D47AEE4F5135F00B2549E2DBDC33E9F768688FAD10790AE6ED5D3B544DDE658CC4CCF1BFBD8F3A4AE74419AC]

03-30 11:28:22.346 29494 29716 I Receive : After decrypt json[{"cmd":86,"serial":0,"uid":"007e5608c69c","status":0,"servicePort":8088,"workType":"master","model":"VIH001"}]

03-30 11:28:22.352 29494 29716 D Receive : protocolType[pk],crc:59EAF938,sessionId:,jsonLen:112,ip:192.168.56.121,port:39986,

03-30 11:28:22.352 29494 29716 D Receive : Before decrypt json[A0A1E7B92C231F2396E117A8D5174DAB8BA41A769528B9808ACA173C3B992E48E58D27B1F24E8DC9DA46E9227288941E4562F2680BAC1466D0D8C0CA45838247DAEDA277D47AEE4F5135F00B2549E2DBDC33E9F768688FAD10790AE6ED5D3B54E4E7238312FA40E57844284B212D137D]

03-30 11:28:22.352 29494 29716 I Receive : After decrypt json[{"cmd":86,"serial":0,"uid":"5cffff43d6b4","status":0,"servicePort":8088,"workType":"master","model":"Hub002"}]

03-30 11:28:22.356 29494 29716 D Receive : protocolType[pk],crc:ECFFBEAD,sessionId:,jsonLen:112,ip:192.168.56.228,port:55597,

03-30 11:28:22.356 29494 29716 D Receive : Before decrypt json[A0A1E7B92C231F2396E117A8D5174DAB8BA41A769528B9808ACA173C3B992E48291B140153327A4532E50C576ABCBE714562F2680BAC1466D0D8C0CA45838247DAEDA277D47AEE4F5135F00B2549E2DBDC33E9F768688FAD10790AE6ED5D3B54C26FD79996F9D53A49A94D060E9A60A8]

03-30 11:28:22.356 29494 29716 I Receive : After decrypt json[{"cmd":86,"serial":0,"uid":"5cffffe20086","status":0,"servicePort":8088,"workType":"master","model":"Hub100"}]

03-30 11:28:22.360 29494 29716 D Receive : protocolType[pk],crc:B35072E1,sessionId:,jsonLen:112,ip:192.168.56.245,port:51124,

03-30 11:28:22.360 29494 29716 D Receive : Before decrypt json[A0A1E7B92C231F2396E117A8D5174DAB2A44F8353AA8CFF96C0037DBF8BCB9A8C7BF686F213FCA032D5D6D801022799F4562F2680BAC1466D0D8C0CA45838247DAEDA277D47AEE4F5135F00B2549E2DBDC33E9F768688FAD10790AE6ED5D3B54E4E7238312FA40E57844284B212D137D]

03-30 11:28:22.360 29494 29716 I Receive : After decrypt json[{"cmd":86,"serial":0,"uid":"007e56121201","status":0,"servicePort":8088,"workType":"master","model":"Hub002"}]

03-30 11:28:22.363 29494 29716 W NioReceiveThread: handleMessage()-Receive myself data.

03-30 11:28:22.364 29494 29718 I b       : udpSend()-6864005A706BF2DF42FB2020202020202020202020202020202020202020202020202020202020202020761F88C84B4822629DCA55379A7DFDFD1AEBBB24469DB2A32DF9530A58BC666A50609F6AD4A87B4292CC146E8BCFA7B2,udpHost=255.255.255.255,udpPort=10000,len:90,sendRet:90

03-30 11:28:22.369 29494 29716 D Receive : protocolType[pk],crc:ECFFBEAD,sessionId:,jsonLen:112,ip:192.168.56.228,port:39507,

03-30 11:28:22.369 29494 29716 D Receive : Before decrypt json[A0A1E7B92C231F2396E117A8D5174DAB8BA41A769528B9808ACA173C3B992E48291B140153327A4532E50C576ABCBE714562F2680BAC1466D0D8C0CA45838247DAEDA277D47AEE4F5135F00B2549E2DBDC33E9F768688FAD10790AE6ED5D3B54C26FD79996F9D53A49A94D060E9A60A8]

03-30 11:28:22.370 29494 29716 I Receive : After decrypt json[{"cmd":86,"serial":0,"uid":"5cffffe20086","status":0,"servicePort":8088,"workType":"master","model":"Hub100"}]

03-30 11:28:22.372 29494 29716 D Receive : protocolType[pk],crc:EE65E9D1,sessionId:,jsonLen:112,ip:192.168.56.166,port:60540,

03-30 11:28:22.372 29494 29716 D Receive : Before decrypt json[A0A1E7B92C231F2396E117A8D5174DAB2A44F8353AA8CFF96C0037DBF8BCB9A8B2DD923AFFF073363620D1C0E3BF89634562F2680BAC1466D0D8C0CA45838247DAEDA277D47AEE4F5135F00B2549E2DBDC33E9F768688FAD10790AE6ED5D3B544DDE658CC4CCF1BFBD8F3A4AE74419AC]

03-30 11:28:22.372 29494 29716 I Receive : After decrypt json[{"cmd":86,"serial":0,"uid":"007e5608c69c","status":0,"servicePort":8088,"workType":"master","model":"VIH001"}]

03-30 11:28:22.373 29494 29715 D a       : start()-Start MDNS.onMDNSListener:com.orvibo.homemate.model.gateway.SearchNewHub$2@9be6a74

03-30 11:28:22.374 29494 29715 D a       : startMDNSTask()-Start phone MDNS

03-30 11:28:22.377 29494 29716 D Receive : protocolType[pk],crc:B35072E1,sessionId:,jsonLen:112,ip:192.168.56.245,port:41565,

03-30 11:28:22.377 29494 29716 D Receive : Before decrypt json[A0A1E7B92C231F2396E117A8D5174DAB2A44F8353AA8CFF96C0037DBF8BCB9A8C7BF686F213FCA032D5D6D801022799F4562F2680BAC1466D0D8C0CA45838247DAEDA277D47AEE4F5135F00B2549E2DBDC33E9F768688FAD10790AE6ED5D3B54E4E7238312FA40E57844284B212D137D]

03-30 11:28:22.378 29494 29716 I Receive : After decrypt json[{"cmd":86,"serial":0,"uid":"007e56121201","status":0,"servicePort":8088,"workType":"master","model":"Hub002"}]

03-30 11:28:22.381 29494 29716 D Receive : protocolType[pk],crc:59EAF938,sessionId:,jsonLen:112,ip:192.168.56.121,port:54884,

03-30 11:28:22.381 29494 29716 D Receive : Before decrypt json[A0A1E7B92C231F2396E117A8D5174DAB8BA41A769528B9808ACA173C3B992E48E58D27B1F24E8DC9DA46E9227288941E4562F2680BAC1466D0D8C0CA45838247DAEDA277D47AEE4F5135F00B2549E2DBDC33E9F768688FAD10790AE6ED5D3B54E4E7238312FA40E57844284B212D137D]

03-30 11:28:22.381 29494 29716 I Receive : After decrypt json[{"cmd":86,"serial":0,"uid":"5cffff43d6b4","status":0,"servicePort":8088,"workType":"master","model":"Hub002"}]

03-30 11:28:22.382 29494 29725 V b       : starting network thread

03-30 11:28:22.387 29494 29718 I b       : udpSend()-6864005A706BF2DF42FB2020202020202020202020202020202020202020202020202020202020202020761F88C84B4822629DCA55379A7DFDFD1AEBBB24469DB2A32DF9530A58BC666A50609F6AD4A87B4292CC146E8BCFA7B2,udpHost=192.168.56.255,udpPort=10000,len:90,sendRet:90

03-30 11:28:22.390 29494 29716 W NioReceiveThread: handleMessage()-Receive myself data.

03-30 11:28:22.391 29494 29494 D SearchGateway: onUdpSearch()-gatewayInfo:GatewayInfo{uid='007e5608c69c', model='VIH001', hubName='null', ip='192.168.56.166', port=8088}

03-30 11:28:22.392 29494 29494 D SearchGateway: onUdpSearch()-gatewayInfo:GatewayInfo{uid='5cffff43d6b4', model='Hub002', hubName='null', ip='192.168.56.121', port=8088}

03-30 11:28:22.394 29494 29494 D SearchGateway: onUdpSearch()-gatewayInfo:GatewayInfo{uid='5cffffe20086', model='Hub100', hubName='null', ip='192.168.56.228', port=8088}

03-30 11:28:22.397 29494 29494 D SearchGateway: onUdpSearch()-gatewayInfo:GatewayInfo{uid='007e56121201', model='Hub002', hubName='null', ip='192.168.56.245', port=8088}

03-30 11:28:22.400 29494 29716 D Receive : protocolType[pk],crc:EE65E9D1,sessionId:,jsonLen:112,ip:192.168.56.166,port:56890,

03-30 11:28:22.400 29494 29716 D Receive : Before decrypt json[A0A1E7B92C231F2396E117A8D5174DAB2A44F8353AA8CFF96C0037DBF8BCB9A8B2DD923AFFF073363620D1C0E3BF89634562F2680BAC1466D0D8C0CA45838247DAEDA277D47AEE4F5135F00B2549E2DBDC33E9F768688FAD10790AE6ED5D3B544DDE658CC4CCF1BFBD8F3A4AE74419AC]

03-30 11:28:22.400 29494 29716 I Receive : After decrypt json[{"cmd":86,"serial":0,"uid":"007e5608c69c","status":0,"servicePort":8088,"workType":"master","model":"VIH001"}]

03-30 11:28:22.406 29494 29716 D Receive : protocolType[pk],crc:59EAF938,sessionId:,jsonLen:112,ip:192.168.56.121,port:44611,

03-30 11:28:22.406 29494 29716 D Receive : Before decrypt json[A0A1E7B92C231F2396E117A8D5174DAB8BA41A769528B9808ACA173C3B992E48E58D27B1F24E8DC9DA46E9227288941E4562F2680BAC1466D0D8C0CA45838247DAEDA277D47AEE4F5135F00B2549E2DBDC33E9F768688FAD10790AE6ED5D3B54E4E7238312FA40E57844284B212D137D]

03-30 11:28:22.406 29494 29716 I Receive : After decrypt json[{"cmd":86,"serial":0,"uid":"5cffff43d6b4","status":0,"servicePort":8088,"workType":"master","model":"Hub002"}]

03-30 11:28:22.408 29494 29718 I b       : udpSend()-6864005A706BF2DF42FB2020202020202020202020202020202020202020202020202020202020202020761F88C84B4822629DCA55379A7DFDFD1AEBBB24469DB2A32DF9530A58BC666A50609F6AD4A87B4292CC146E8BCFA7B2,udpHost=192.168.56.255,udpPort=10000,len:90,sendRet:90

03-30 11:28:22.411 29494 29716 D Receive : protocolType[pk],crc:ECFFBEAD,sessionId:,jsonLen:112,ip:192.168.56.228,port:55337,

03-30 11:28:22.411 29494 29716 D Receive : Before decrypt json[A0A1E7B92C231F2396E117A8D5174DAB8BA41A769528B9808ACA173C3B992E48291B140153327A4532E50C576ABCBE714562F2680BAC1466D0D8C0CA45838247DAEDA277D47AEE4F5135F00B2549E2DBDC33E9F768688FAD10790AE6ED5D3B54C26FD79996F9D53A49A94D060E9A60A8]

03-30 11:28:22.411 29494 29716 I Receive : After decrypt json[{"cmd":86,"serial":0,"uid":"5cffffe20086","status":0,"servicePort":8088,"workType":"master","model":"Hub100"}]

03-30 11:28:22.413  3745  3745 D wpa_supplicant: wlan0: Control interface command 'DRIVER RXFILTER-STOP'

03-30 11:28:22.413  3745  3745 D wpa_supplicant: wpa_driver_nl80211_driver_cmd RXFILTER-STOP len = 0, 4096

03-30 11:28:22.413  3745  3745 D wpa_supplicant: CTRL-DEBUG: global_ctrl_sock-sendto: sock=11 sndbuf=163840 outq=0 send_len=3

03-30 11:28:22.413  3745  3745 D wpa_supplicant: wlan0: Control interface command 'DRIVER RXFILTER-ADD 2'

03-30 11:28:22.413  3745  3745 D wpa_supplicant: wpa_driver_nl80211_driver_cmd RXFILTER-ADD 2 len = 0, 4096

03-30 11:28:22.413  3745  3745 D wpa_supplicant: CTRL-DEBUG: global_ctrl_sock-sendto: sock=11 sndbuf=163840 outq=0 send_len=3

03-30 11:28:22.414  3745  3745 D wpa_supplicant: wlan0: Control interface command 'DRIVER RXFILTER-START'

03-30 11:28:22.414  3745  3745 D wpa_supplicant: wpa_driver_nl80211_driver_cmd RXFILTER-START len = 0, 4096

03-30 11:28:22.414  3745  3745 D wpa_supplicant: CTRL-DEBUG: global_ctrl_sock-sendto: sock=11 sndbuf=163840 outq=0 send_len=3

03-30 11:28:22.415 29494 29725 E b       : run()-error:Socket is closed

03-30 11:28:22.416 29494 29716 D Receive : protocolType[pk],crc:B35072E1,sessionId:,jsonLen:112,ip:192.168.56.245,port:42660,

03-30 11:28:22.416 29494 29716 D Receive : Before decrypt json[A0A1E7B92C231F2396E117A8D5174DAB2A44F8353AA8CFF96C0037DBF8BCB9A8C7BF686F213FCA032D5D6D801022799F4562F2680BAC1466D0D8C0CA45838247DAEDA277D47AEE4F5135F00B2549E2DBDC33E9F768688FAD10790AE6ED5D3B54E4E7238312FA40E57844284B212D137D]

03-30 11:28:22.416 29494 29716 I Receive : After decrypt json[{"cmd":86,"serial":0,"uid":"007e56121201","status":0,"servicePort":8088,"workType":"master","model":"Hub002"}]

03-30 11:28:22.417 29494 29725 D d       : serialize()-name:_smarthome._tcp.local.,qtype:255

03-30 11:28:22.424 29494 29716 W NioReceiveThread: handleMessage()-Receive myself data.

03-30 11:28:22.426 29494 29716 D Receive : protocolType[pk],crc:EE65E9D1,sessionId:,jsonLen:112,ip:192.168.56.166,port:36384,

03-30 11:28:22.426 29494 29716 D Receive : Before decrypt json[A0A1E7B92C231F2396E117A8D5174DAB2A44F8353AA8CFF96C0037DBF8BCB9A8B2DD923AFFF073363620D1C0E3BF89634562F2680BAC1466D0D8C0CA45838247DAEDA277D47AEE4F5135F00B2549E2DBDC33E9F768688FAD10790AE6ED5D3B544DDE658CC4CCF1BFBD8F3A4AE74419AC]

03-30 11:28:22.426 29494 29716 I Receive : After decrypt json[{"cmd":86,"serial":0,"uid":"007e5608c69c","status":0,"servicePort":8088,"workType":"master","model":"VIH001"}]

03-30 11:28:22.431 29494 29716 D Receive : protocolType[pk],crc:ECFFBEAD,sessionId:,jsonLen:112,ip:192.168.56.228,port:48653,

03-30 11:28:22.431 29494 29716 D Receive : Before decrypt json[A0A1E7B92C231F2396E117A8D5174DAB8BA41A769528B9808ACA173C3B992E48291B140153327A4532E50C576ABCBE714562F2680BAC1466D0D8C0CA45838247DAEDA277D47AEE4F5135F00B2549E2DBDC33E9F768688FAD10790AE6ED5D3B54C26FD79996F9D53A49A94D060E9A60A8]

03-30 11:28:22.431 29494 29716 I Receive : After decrypt json[{"cmd":86,"serial":0,"uid":"5cffffe20086","status":0,"servicePort":8088,"workType":"master","model":"Hub100"}]

03-30 11:28:22.434 29494 29716 D Receive : protocolType[pk],crc:B35072E1,sessionId:,jsonLen:112,ip:192.168.56.245,port:54771,

03-30 11:28:22.434 29494 29716 D Receive : Before decrypt json[A0A1E7B92C231F2396E117A8D5174DAB2A44F8353AA8CFF96C0037DBF8BCB9A8C7BF686F213FCA032D5D6D801022799F4562F2680BAC1466D0D8C0CA45838247DAEDA277D47AEE4F5135F00B2549E2DBDC33E9F768688FAD10790AE6ED5D3B54E4E7238312FA40E57844284B212D137D]

03-30 11:28:22.434 29494 29716 I Receive : After decrypt json[{"cmd":86,"serial":0,"uid":"007e56121201","status":0,"servicePort":8088,"workType":"master","model":"Hub002"}]

03-30 11:28:22.438 29494 29716 D Receive : protocolType[pk],crc:59EAF938,sessionId:,jsonLen:112,ip:192.168.56.121,port:53370,

03-30 11:28:22.438 29494 29716 D Receive : Before decrypt json[A0A1E7B92C231F2396E117A8D5174DAB8BA41A769528B9808ACA173C3B992E48E58D27B1F24E8DC9DA46E9227288941E4562F2680BAC1466D0D8C0CA45838247DAEDA277D47AEE4F5135F00B2549E2DBDC33E9F768688FAD10790AE6ED5D3B54E4E7238312FA40E57844284B212D137D]

03-30 11:28:22.438 29494 29716 I Receive : After decrypt json[{"cmd":86,"serial":0,"uid":"5cffff43d6b4","status":0,"servicePort":8088,"workType":"master","model":"Hub002"}]

03-30 11:28:22.498  3745  3745 D wpa_supplicant: nl80211: Event message available

03-30 11:28:22.498  3745  3745 D wpa_supplicant: nl80211: Drv Event 34 (NL80211_CMD_NEW_SCAN_RESULTS) received for wlan0

03-30 11:28:22.498  3745  3745 D wpa_supplicant: wlan0: nl80211: New scan results available

03-30 11:28:22.498  3745  3745 D wpa_supplicant: nl80211: Scan included frequencies: 2412 2417 2422 2427 2432 2437 2442 2447 2452 2457 2462 2467 2472 5180 5200 5220 5240 5260 5280 5300 5320 5745 5765 5785 5805 5825

03-30 11:28:22.498  3745  3745 D wpa_supplicant: wlan0: Event SCAN_RESULTS (3) received

03-30 11:28:22.498  3745  3745 D wpa_supplicant: wlan0: Scan completed in 2.194982 seconds

03-30 11:28:22.498  3745  3745 D wpa_supplicant: nl80211: Associated on 5280 MHz

03-30 11:28:22.498  3745  3745 D wpa_supplicant: nl80211: Associated with cc:81:da:9c:13:28

03-30 11:28:22.498  3745  3745 D wpa_supplicant: nl80211: Received scan results (31 BSSes)

03-30 11:28:22.498  3745  3745 D wpa_supplicant: nl80211: Scan results indicate BSS status with cc:81:da:9c:13:28 as associated

03-30 11:28:22.499  3745  3745 D wpa_supplicant: wlan0: BSS: Start scan result update 5408

03-30 11:28:22.499  3745  3745 D wpa_supplicant: wlan0: BSS: Remove id 8759 BSSID e0:10:7f:4b:eb:b8 SSID 'WX-ORVIBO-Guest' due to no match in scan

03-30 11:28:22.499  3745  3745 D wpa_supplicant: CTRL-DEBUG: ctrl_sock-sendmsg: sock=11 sndbuf=163840 outq=0 send_len=45

03-30 11:28:22.499  3745  3745 D wpa_supplicant: CTRL_IFACE monitor sent successfully to /data/misc/wifi/sockets/wpa_ctrl_2044-2\x00

03-30 11:28:22.499  3745  3745 D wpa_supplicant: wlan0: BSS: Remove id 8760 BSSID e0:10:7f:0b:eb:b8 SSID 'ORVIBO' due to no match in scan

03-30 11:28:22.499  3745  3745 D wpa_supplicant: CTRL-DEBUG: ctrl_sock-sendmsg: sock=11 sndbuf=163840 outq=448 send_len=45

03-30 11:28:22.499  3745  3745 D wpa_supplicant: CTRL_IFACE monitor sent successfully to /data/misc/wifi/sockets/wpa_ctrl_2044-2\x00

03-30 11:28:22.499  3745  3745 D wpa_supplicant: wlan0: BSS: Remove id 8762 BSSID cc:81:da:8e:c3:90 SSID '33.1_neiwang' due to no match in scan

03-30 11:28:22.499  3745  3745 D wpa_supplicant: CTRL-DEBUG: ctrl_sock-sendmsg: sock=11 sndbuf=163840 outq=896 send_len=45

03-30 11:28:22.499  3745  3745 D wpa_supplicant: CTRL_IFACE monitor sent successfully to /data/misc/wifi/sockets/wpa_ctrl_2044-2\x00

03-30 11:28:22.499  3745  3745 D wpa_supplicant: wlan0: BSS: Remove id 8764 BSSID e0:10:7f:4b:f7:48 SSID 'WX-ORVIBO-Guest' due to no match in scan

03-30 11:28:22.499  3745  3745 D wpa_supplicant: CTRL-DEBUG: ctrl_sock-sendmsg: sock=11 sndbuf=163840 outq=1344 send_len=45

03-30 11:28:22.499  3745  3745 D wpa_supplicant: CTRL_IFACE monitor sent successfully to /data/misc/wifi/sockets/wpa_ctrl_2044-2\x00

03-30 11:28:22.499  3745  3745 D wpa_supplicant: wlan0: BSS: Remove id 8765 BSSID e0:10:7f:0b:f7:48 SSID 'ORVIBO' due to no match in scan

03-30 11:28:22.499  3745  3745 D wpa_supplicant: CTRL-DEBUG: ctrl_sock-sendmsg: sock=11 sndbuf=163840 outq=1792 send_len=45

03-30 11:28:22.499  3745  3745 D wpa_supplicant: CTRL_IFACE monitor sent successfully to /data/misc/wifi/sockets/wpa_ctrl_2044-2\x00

03-30 11:28:22.499  3745  3745 D wpa_supplicant: BSS: last_scan_res_used=31/64

03-30 11:28:22.499  3745  3745 D wpa_supplicant: wlan0: Scan-only results received

03-30 11:28:22.500  3745  3745 D wpa_supplicant: CTRL-DEBUG: ctrl_sock-sendmsg: sock=11 sndbuf=163840 outq=2240 send_len=24

03-30 11:28:22.500  3745  3745 D wpa_supplicant: CTRL_IFACE monitor sent successfully to /data/misc/wifi/sockets/wpa_ctrl_2044-2\x00

03-30 11:28:22.500  3745  3745 D wpa_supplicant: wlan0: Radio work 'scan'@0xb68d9398 done in 2.199147 seconds

03-30 11:28:22.504  3745  3745 D wpa_supplicant: RTM_NEWLINK: ifi_index=22 ifname=wlan0 wext ifi_family=0 ifi_flags=0x11043 ([UP][RUNNING][LOWER_UP])

03-30 11:28:22.509  3745  3745 D wpa_supplicant: CTRL-DEBUG: global_ctrl_sock-sendto: sock=11 sndbuf=163840 outq=0 send_len=3592

03-30 11:28:22.511  3745  3745 D wpa_supplicant: CTRL-DEBUG: global_ctrl_sock-sendto: sock=11 sndbuf=163840 outq=0 send_len=3606

03-30 11:28:22.513  3745  3745 D wpa_supplicant: CTRL-DEBUG: global_ctrl_sock-sendto: sock=11 sndbuf=163840 outq=0 send_len=3967

03-30 11:28:22.515  3745  3745 D wpa_supplicant: CTRL-DEBUG: global_ctrl_sock-sendto: sock=11 sndbuf=163840 outq=0 send_len=3690

03-30 11:28:22.518  3745  3745 D wpa_supplicant: CTRL-DEBUG: global_ctrl_sock-sendto: sock=11 sndbuf=163840 outq=0 send_len=4084

03-30 11:28:22.520  3745  3745 D wpa_supplicant: CTRL-DEBUG: global_ctrl_sock-sendto: sock=11 sndbuf=163840 outq=0 send_len=2046

03-30 11:28:22.541  3745  3745 D wpa_supplicant: EAPOL: EAP Session-Id not available

03-30 11:28:22.541  3745  3745 D wpa_supplicant: CTRL-DEBUG: global_ctrl_sock-sendto: sock=11 sndbuf=163840 outq=0 send_len=279

03-30 11:28:22.545  2044  2078 I WhetstoneClientManager: pid = 2465, uid = 10144 is frozen, not allowed Broadcast

03-30 11:28:22.545  2044  2078 V BroadcastQueueInjector: Skipping BroadcastRecord{e04d6c1 u-1 android.net.wifi.SCAN_RESULTS} to ProcessRecord{8fb4531 2465:com.tencent.android.qqdownloader:daemon/u0a144}

03-30 11:28:22.545  2044  2078 D Whetstone-FW: MiuiLog-Whetstone-BroadcastControl BroadcastRecord{e04d6c1 u-1 android.net.wifi.SCAN_RESULTS} is discarded

03-30 11:28:22.553 29494 29725 D a       : parse()-rdataString:uid=007e5608c69c // model=VIH001 // sys_version=1.4.4

03-30 11:28:22.553 29494 29725 E DNSBuffer: readByte()-length=4096; index=-116

03-30 11:28:22.554 29494 29725 E DNSBuffer: readByte()-length=4096; index=-116

03-30 11:28:22.555 29494 29494 I a       : handleMessage()-packet:Packet [src=/192.168.56.166, srcPort=5353, dst=/::, dstPort=5353, domain=orvibo_gateway._smarthome._tcp.local, txt=uid=007e5608c69c // model=VIH001 // sys_version=1.4.4, description=AAAA /fe80::27e:56ff:fe08:c69c

03-30 11:28:22.555 29494 29494 I a       :   A /192.168.56.166

03-30 11:28:22.555 29494 29494 I a       : _smarthome._tcp.local

03-30 11:28:22.555 29494 29494 I a       :   PTR orvibo_gateway._smarthome._tcp.local

03-30 11:28:22.555 29494 29494 I a       : orvibo_gateway._smarthome._tcp.local

03-30 11:28:22.555 29494 29494 I a       :   TXT uid=007e5608c69c // model=VIH001 // sys_version=1.4.4

03-30 11:28:22.555 29494 29494 I a       :   OTHER data[23]]

03-30 11:28:22.558  4229 31077 I StepsProvider: Steps Provider Query

03-30 11:28:22.565 29494 29494 D SearchGateway: onMDNSFound()-gatewayInfo:GatewayInfo{uid='007e5608c69c', model='VIH001', hubName='null', ip='192.168.56.166', port=5353}

03-30 11:28:22.565  6151  6186 I octvm_klo: read wakeups from wakealarm_fd:1

03-30 11:28:22.565  6151  6186 I octvm_klo: new timerfd interval:

03-30 11:28:22.565  6151  6186 I octvm_klo: 	itval.it_interval.tv_sec 1, itval.it_interval.tv_nsec 0

03-30 11:28:22.565  6151  6186 I octvm_klo: 	itval.it_value.tv_sec 0, itval.it_value.tv_nsec 999997500

03-30 11:28:22.669   379   493 I ThermalEngine: Sensor:batt_temp:365 mC

03-30 11:28:23.008 29441 29441 I QueryController: Matched selector: UiSelector[TEXT=æˆ‘çš„] <<==>> [android.view.accessibility.AccessibilityNodeInfo@8004006d; boundsInParent: Rect(524153, 0 - 524423, 48); boundsInScreen: Rect(810, 1863 - 1080, 1911); packageName: com.orvibo.homemate; className: android.widget.TextView; text: æˆ‘çš„; error: null; maxTextLength: -1; contentDescription: null; viewIdResName: com.orvibo.homemate:id/text; checkable: false; checked: false; focusable: false; focused: false; selected: false; clickable: false; longClickable: false; contextClickable: false; enabled: true; password: false; scrollable: false; actions: [AccessibilityAction: ACTION_SELECT - null, AccessibilityAction: ACTION_CLEAR_SELECTION - null, AccessibilityAction: ACTION_ACCESSIBILITY_FOCUS - null, AccessibilityAction: ACTION_NEXT_AT_MOVEMENT_GRANULARITY - null, AccessibilityAction: ACTION_PREVIOUS_AT_MOVEMENT_GRANULARITY - null, AccessibilityAction: ACTION_SET_SELECTION - null, AccessibilityAction: ACTION_UNKNOWN - null]]

03-30 11:28:23.076 29441 29441 I QueryController: Matched selector: UiSelector[TEXT=æˆ‘çš„] <<==>> [android.view.accessibility.AccessibilityNodeInfo@8004006d; boundsInParent: Rect(524153, 0 - 524423, 48); boundsInScreen: Rect(810, 1863 - 1080, 1911); packageName: com.orvibo.homemate; className: android.widget.TextView; text: æˆ‘çš„; error: null; maxTextLength: -1; contentDescription: null; viewIdResName: com.orvibo.homemate:id/text; checkable: false; checked: false; focusable: false; focused: false; selected: false; clickable: false; longClickable: false; contextClickable: false; enabled: true; password: false; scrollable: false; actions: [AccessibilityAction: ACTION_SELECT - null, AccessibilityAction: ACTION_CLEAR_SELECTION - null, AccessibilityAction: ACTION_ACCESSIBILITY_FOCUS - null, AccessibilityAction: ACTION_NEXT_AT_MOVEMENT_GRANULARITY - null, AccessibilityAction: ACTION_PREVIOUS_AT_MOVEMENT_GRANULARITY - null, AccessibilityAction: ACTION_SET_SELECTION - null, AccessibilityAction: ACTION_UNKNOWN - null]]

03-30 11:28:23.088 29441 29441 D InteractionController: clickAndSync(945, 1887)

03-30 11:28:23.197 29494 29494 D HomeMate: comm[ main: MainActivity.java:116 onClick() ] - android.widget.RelativeLayout{637dd82 VFE...C.. ...P.... 810,0-1080,154 #7f0d0780 app:id/tab_rl}

03-30 11:28:23.218 29494 29494 D HomeMate: comm[ main: MainActivity.java:132 onTabChanged() ] - tabId:æˆ‘çš„

03-30 11:28:23.224 29494 29735 D FeedbackAPI: sign before:appkey=23256401&deviceId=WJfwe+sntC4DAAdSBLpxQDCW

03-30 11:28:23.230 29494 29735 D FeedbackAPI : sign after:e469344ba86f5f3f88c8fd188558071e8ce8dba2

03-30 11:28:23.251 29494 29494 D HomeMate: comm[ main: BaseFragment.java:74 onAttach() ] - PersonalFragment

03-30 11:28:23.251 29494 29494 D HomeMate: comm[ main: PersonalFragment.java:97 onCreateView() ] - onCreateView()

03-30 11:28:23.253 29494 29494 V BoostFramework: BoostFramework() : mPerf = com.qualcomm.qti.Performance@13d0d5c

03-30 11:28:23.253 29494 29494 V BoostFramework: BoostFramework() : mPerf = com.qualcomm.qti.Performance@238e865

03-30 11:28:23.309 29494 29735 D HomeMate: hank[ Thread-45021: FeedBackService.java:94 onSuccess() ] - FeedbackAPI unreadCount:18

03-30 11:28:23.315 29494 29494 D HomeMate: comm[ main: PersonalFragment.java:204 refresh() ] - refresh()-appUserName:840432908@qq.com,userId:46133a343fe94a22b785977ae0938180

03-30 11:28:23.316 29494 29494 D HomeMate: comm[ main: PersonalFragment.java:206 refresh() ] - refresh(0)-account:Account{userId='46133a343fe94a22b785977ae0938180', familyId='null', password='E10ADC3949BA59ABBE56E057F20F883E', phone='', email='840432908@qq.com', userType=0, registerType=-1, idc=999999, country='å±?åŸŸç½‘', state='null', city=''} BaseBo{delFlag=0, updateTime='1490844459000', createTime='1490844459000', updateTimeSec=0, uid='null', userName=''}

03-30 11:28:23.332 29494 29494 D HomeMate: comm[ main: GetAccountIcon.java:39 startGetAccountIcon() ] - params:source=ZhiJia365&sessionId=d2982f96fc47451d8f19a3da443defbe&userName=840432908@qq.com

03-30 11:28:23.338 29494 29494 D HomeMate: comm[ main: ADCache.java:50 getADInfo() ] - adInfoJson:{"errorMessage":"check gateway fail","updateTime":0,"isTarget":false,"errorCode":0,"image":null,"showAdv":false,"serial":"c02d7a757bdd40329caf849dd4387c2d","url":null}

03-30 11:28:23.344  4513  4642 W Metok_Tag: < metok_app > invalid network operator 

03-30 11:28:23.353 29494 29494 D HomeMate: comm[ main: ADModel.java:186 parseADInfoJson() ] - adInfo:ADInfo{, showAdv=false, errorCode=0, errorMessage='check gateway fail', image='null', url='null', isTarget=false, updateTime=0}

03-30 11:28:23.355 29494 29494 D HomeMate: comm[ main: PersonalFragment.java:144 setHubView() ] - hub uid :[]

03-30 11:28:23.362 29494 29739 D FeedbackAPI: sign before:appkey=23256401&deviceId=WJfwe+sntC4DAAdSBLpxQDCW

03-30 11:28:23.366 29494 29739 D FeedbackAPI : sign after:e469344ba86f5f3f88c8fd188558071e8ce8dba2

03-30 11:28:23.381  4513  4642 W Metok_Tag: < metok_app > invalid network operator 

03-30 11:28:23.392 29494 29494 D HomeMate: comm[ main: MainActivity.java:176 setTabReadTip() ] - showRedTip:true,position:3

03-30 11:28:23.411 29494 29494 V AsyncHttpRH: Progress 59 from 1 (5900%)

03-30 11:28:23.411 29494 29494 I HomeMate: comm[ main: GetAccountIcon.java:44 onSuccess() ] - {"errorMessage":"æœªè®¾ç½®å¤´åƒ?","file":"","errorCode":56}

03-30 11:28:23.411 29494 29494 I HomeMate: comm[ main: GetAccountIcon.java:63 onSuccess() ] - æœªè®¾ç½®å¤´åƒ?

03-30 11:28:23.412 29494 29494 D HomeMate: comm[ main: PersonalFragment.java:397 onGetAccountIconResult() ] - 

03-30 11:28:23.419 29494 29494 D HomeMate: comm[ main: MainActivity.java:335 onRefresh() ] - mainRefreshType:1

03-30 11:28:23.419 29494 29494 D HomeMate: comm[ main: MainActivity.java:255 refreshCurrentFragment() ] - Current tag is æˆ‘çš„,PersonalFragment{f41c951 #2 id=0x7f0d0299 æˆ‘çš„},mainRefreshType:1

03-30 11:28:23.419 29494 29494 D HomeMate: comm[ main: PersonalFragment.java:204 refresh() ] - refresh()-appUserName:840432908@qq.com,userId:46133a343fe94a22b785977ae0938180

03-30 11:28:23.421 29494 29494 D HomeMate: comm[ main: PersonalFragment.java:206 refresh() ] - refresh(0)-account:Account{userId='46133a343fe94a22b785977ae0938180', familyId='null', password='E10ADC3949BA59ABBE56E057F20F883E', phone='', email='840432908@qq.com', userType=0, registerType=-1, idc=999999, country='å±?åŸŸç½‘', state='null', city=''} BaseBo{delFlag=0, updateTime='1490844459000', createTime='1490844459000', updateTimeSec=0, uid='null', userName=''}

03-30 11:28:23.441 29494 29739 D HomeMate: hank[ Thread-45024: FeedBackService.java:94 onSuccess() ] - FeedbackAPI unreadCount:18

03-30 11:28:23.451 29494 29494 D HomeMate: comm[ main: GetAccountIcon.java:39 startGetAccountIcon() ] - params:source=ZhiJia365&sessionId=d2982f96fc47451d8f19a3da443defbe&userName=840432908@qq.com

03-30 11:28:23.453 29494 29494 D HomeMate: comm[ main: ADCache.java:50 getADInfo() ] - adInfoJson:{"errorMessage":"check gateway fail","updateTime":0,"isTarget":false,"errorCode":0,"image":null,"showAdv":false,"serial":"c02d7a757bdd40329caf849dd4387c2d","url":null}

03-30 11:28:23.457 29494 29494 D HomeMate: comm[ main: ADModel.java:186 parseADInfoJson() ] - adInfo:ADInfo{, showAdv=false, errorCode=0, errorMessage='check gateway fail', image='null', url='null', isTarget=false, updateTime=0}

03-30 11:28:23.459 29494 29494 D HomeMate: comm[ main: PersonalFragment.java:144 setHubView() ] - hub uid :[]

03-30 11:28:23.469 29494 29741 D FeedbackAPI: sign before:appkey=23256401&deviceId=WJfwe+sntC4DAAdSBLpxQDCW

03-30 11:28:23.475 29494 29494 D HomeMate: comm[ main: MainActivity.java:176 setTabReadTip() ] - showRedTip:true,position:3

03-30 11:28:23.482 29494 29741 D FeedbackAPI : sign after:e469344ba86f5f3f88c8fd188558071e8ce8dba2

03-30 11:28:23.495 29494 29494 V AsyncHttpRH: Progress 59 from 1 (5900%)

03-30 11:28:23.495 29494 29494 I HomeMate: comm[ main: GetAccountIcon.java:44 onSuccess() ] - {"errorMessage":"æœªè®¾ç½®å¤´åƒ?","file":"","errorCode":56}

03-30 11:28:23.496 29494 29494 I HomeMate: comm[ main: GetAccountIcon.java:63 onSuccess() ] - æœªè®¾ç½®å¤´åƒ?

03-30 11:28:23.496 29494 29494 D HomeMate: comm[ main: PersonalFragment.java:397 onGetAccountIconResult() ] - 

03-30 11:28:23.516 29494 29742 D HomeMate: comm[ AsyncTask #1: OrviboUpdateAgent.java:259 doInBackground() ] - result =ï»¿{  "oldVersion": 90,  "day": "7",  "version": 22000302 ,  "name": "HomeMate",  "packagename":"com.orvibo.homemate",  "url": "http://firmware.orvibo.com/androidapk/homemate.apk",  "message": "ä¿®å¤BUGï¼Œæå‡ç¨³å®šæ?§ã??",  "message_en": "Bug fixes and overall performance improvements.",  "size": ""}

03-30 11:28:23.518 29494 29494 E HomeMate: comm[ main: OrviboUpdateAgent.java:311 onPostExecute() ] - localVersionCode=23000300

03-30 11:28:23.518 29494 29494 D HomeMate: comm[ main: MainPresenter.java:331 onUpdateReturned() ] - isCanUpdate:false,responseInfos:{packagename=com.orvibo.homemate, oldVersion=90, size=, url=http://firmware.orvibo.com/androidapk/homemate.apk, version=22000302, name=HomeMate, day=7, message=ä¿®å¤BUGï¼Œæå‡ç¨³å®šæ?§ã??, message_en=Bug fixes and overall performance improvements.}

03-30 11:28:23.519 29494 29494 D HomeMate: comm[ main: MainActivity.java:176 setTabReadTip() ] - showRedTip:false,position:3

03-30 11:28:23.556 29494 29741 D HomeMate: hank[ Thread-45026: FeedBackService.java:94 onSuccess() ] - FeedbackAPI unreadCount:18

03-30 11:28:23.557 29494 29494 D HomeMate: comm[ main: MainActivity.java:176 setTabReadTip() ] - showRedTip:true,position:3

03-30 11:28:23.565  6151  6186 I octvm_klo: read wakeups from wakealarm_fd:1

03-30 11:28:23.566  6151  6186 I octvm_klo: new timerfd interval:

03-30 11:28:23.566  6151  6186 I octvm_klo: 	itval.it_interval.tv_sec 1, itval.it_interval.tv_nsec 0

03-30 11:28:23.566  6151  6186 I octvm_klo: 	itval.it_value.tv_sec 0, itval.it_value.tv_nsec 999991927

03-30 11:28:23.585 29494 29727 D a       : stopMDNSSocket()-Stop mDns

03-30 11:28:23.586 29494 29494 I a       : onMDNSFinish(phone)-gatewayInfos:[GatewayInfo{uid='007e5608c69c', model='VIH001', hubName='null', ip='192.168.56.166', port=5353}],isMDNSSearching:true

03-30 11:28:23.586 29494 29494 I a       : callBacks()-MDNS finish.onMDNSListeners:{com.orvibo.homemate.model.gateway.SearchNewHub$2@9be6a74=com.orvibo.homemate.model.gateway.SearchNewHub$2@9be6a74}

03-30 11:28:23.587 29494 29494 I SearchGateway: onMDNSFinish()-gatewayInfos:[GatewayInfo{uid='007e5608c69c', model='VIH001', hubName='null', ip='192.168.56.166', port=5353}]

03-30 11:28:23.587 29494 29725 E b       : run()-error:Socket closed

03-30 11:28:23.589 29494 29725 V b       : stopping network thread

03-30 11:28:23.589  3745  3745 D wpa_supplicant: wlan0: Control interface command 'DRIVER RXFILTER-STOP'

03-30 11:28:23.589  3745  3745 D wpa_supplicant: wpa_driver_nl80211_driver_cmd RXFILTER-STOP len = 0, 4096

03-30 11:28:23.590  3745  3745 D wpa_supplicant: CTRL-DEBUG: global_ctrl_sock-sendto: sock=11 sndbuf=163840 outq=0 send_len=3

03-30 11:28:23.590  3745  3745 D wpa_supplicant: wlan0: Control interface command 'DRIVER RXFILTER-REMOVE 2'

03-30 11:28:23.590  3745  3745 D wpa_supplicant: wpa_driver_nl80211_driver_cmd RXFILTER-REMOVE 2 len = 0, 4096

03-30 11:28:23.590  3745  3745 D wpa_supplicant: CTRL-DEBUG: global_ctrl_sock-sendto: sock=11 sndbuf=163840 outq=0 send_len=3

03-30 11:28:23.591  3745  3745 D wpa_supplicant: wlan0: Control interface command 'DRIVER RXFILTER-START'

03-30 11:28:23.591  3745  3745 D wpa_supplicant: wpa_driver_nl80211_driver_cmd RXFILTER-START len = 0, 4096

03-30 11:28:23.591  3745  3745 D wpa_supplicant: CTRL-DEBUG: global_ctrl_sock-sendto: sock=11 sndbuf=163840 outq=0 send_len=3

03-30 11:28:23.628 29494 29494 I SearchGateway: onUdpSearchGatewayResult()-gatewayInfos:[GatewayInfo{uid='007e5608c69c', model='VIH001', hubName='null', ip='192.168.56.166', port=8088}, GatewayInfo{uid='007e56121201', model='Hub002', hubName='null', ip='192.168.56.245', port=8088}, GatewayInfo{uid='5cffffe20086', model='Hub100', hubName='null', ip='192.168.56.228', port=8088}, GatewayInfo{uid='5cffff43d6b4', model='Hub002', hubName='null', ip='192.168.56.121', port=8088}]

03-30 11:28:23.632 29494 29494 D HomeMate: comm[ main: RequestKeyX.java:92 requestHubKey() ] - uid:007e5608c69c,mDoingRequestKeyUids:[]

03-30 11:28:23.632 29494 29494 D HomeMate: comm[ main: RequestKey.java:210 requestGatewayKey() ] - uid:007e5608c69c

03-30 11:28:23.633 29494 29494 D HomeMate: comm[ main: RequestKeyX.java:92 requestHubKey() ] - uid:007e56121201,mDoingRequestKeyUids:[007e5608c69c]

03-30 11:28:23.633 29494 29594 D HomeMate: comm[ pool-4-thread-1: UserCache.java:292 setLoginStatus() ] - userNameOrUid:007e5608c69c,status:-1

03-30 11:28:23.633 29494 29494 D HomeMate: comm[ main: RequestKey.java:210 requestGatewayKey() ] - uid:007e56121201

03-30 11:28:23.633 29494 29594 D HomeMate: comm[ pool-4-thread-1: MinaSocket.java:293 connectGateway() ] - uid:007e5608c69c

03-30 11:28:23.633 29494 29594 D HomeMate: comm[ pool-4-thread-1: HostCache.java:102 getGatewayIp() ] - getGatewayIp()-uid=007e5608c69c

03-30 11:28:23.633 29494 29494 D HomeMate: comm[ main: RequestKeyX.java:92 requestHubKey() ] - uid:5cffffe20086,mDoingRequestKeyUids:[007e5608c69c, 007e56121201]

03-30 11:28:23.633 29494 29594 E HomeMate: comm[ pool-4-thread-1: MinaSocket.java:235 doDisconnect() ] - key:007e5608c69c

03-30 11:28:23.633 29494 29494 D HomeMate: comm[ main: RequestKey.java:210 requestGatewayKey() ] - uid:5cffffe20086

03-30 11:28:23.633 29494 29646 D HomeMate: comm[ pool-4-thread-2: UserCache.java:292 setLoginStatus() ] - userNameOrUid:007e56121201,status:-1

03-30 11:28:23.633 29494 29494 D HomeMate: comm[ main: RequestKeyX.java:92 requestHubKey() ] - uid:5cffff43d6b4,mDoingRequestKeyUids:[007e5608c69c, 007e56121201, 5cffffe20086]

03-30 11:28:23.634 29494 29494 D HomeMate: comm[ main: RequestKey.java:210 requestGatewayKey() ] - uid:5cffff43d6b4

03-30 11:28:23.634 29494 29494 D SearchGateway: stopSearch()-Stop search gateways.

03-30 11:28:23.634 29494 29646 D HomeMate: comm[ pool-4-thread-2: MinaSocket.java:293 connectGateway() ] - uid:007e56121201

03-30 11:28:23.634 29494 29594 D HomeMate: comm[ pool-4-thread-1: MinaSocket.java:398 connect() ] - 007e5608c69c start to connect 192.168.56.166(8088)

03-30 11:28:23.635 29494 29646 D HomeMate: comm[ pool-4-thread-2: HostCache.java:102 getGatewayIp() ] - getGatewayIp()-uid=007e56121201

03-30 11:28:23.635 29494 29646 E HomeMate: comm[ pool-4-thread-2: MinaSocket.java:235 doDisconnect() ] - key:007e56121201

03-30 11:28:23.635 29494 29717 W NioReceiveThread: run()-NioReceiveThread has been stop.

03-30 11:28:23.638 29494 29646 D HomeMate: comm[ pool-4-thread-2: MinaSocket.java:398 connect() ] - 007e56121201 start to connect 192.168.56.245(8088)

03-30 11:28:23.642 29494 29494 D NioReceiveThread: stopReceive()

03-30 11:28:23.643 29494 29494 D NioReceiveThread: stopReceive()

03-30 11:28:23.645 29494 29750 I HomeMate: comm[ NioProcessor-8: MinaClientHandler.java:86 sessionCreated() ] - sessionCreated()-session:(0x00000002: nio socket, client, /192.168.56.181:58024 => /192.168.56.245:8088)

03-30 11:28:23.646 29494 29646 I HomeMate: comm[ pool-4-thread-2: MinaSocket.java:415 connect() ] - 007e56121201 connect 192.168.56.245 success.

03-30 11:28:23.647 29494 29751 I HomeMate: comm[ NioProcessor-9: MinaClientHandler.java:86 sessionCreated() ] - sessionCreated()-session:(0x00000003: nio socket, client, /192.168.56.181:42528 => /192.168.56.166:8088)

03-30 11:28:23.649 29494 29594 I HomeMate: comm[ pool-4-thread-1: MinaSocket.java:415 connect() ] - 007e5608c69c connect 192.168.56.166 success.

03-30 11:28:23.649 29494 29646 I HomeMate: comm[ pool-4-thread-2: BaseRequest.java:118 doRequestAsync() ] - registerEvent: com.orvibo.homemate.model.base.RequestKeyX$1@a746142

