03-17 16:55:53.857 21078 21266 I HomeMate: comm[ pool-5-thread-1: SocketUtil.java:108 progressMessage() ] - After decrypt json[{"uid":"007e56121206","doorLockRecord":{"addNum":0,"deleteNum":0,"allPageNum":0,"deletePageNum":0,"modifyNum":0,"allNum":0,"addPageNum":0,"modifyPageNum":0},"gateway":{"addNum":0,"deleteNum":0,"allPageNum":0,"deletePageNum":0,"modifyNum":0,"allNum":0,"addPageNum":0,"modifyPageNum":0},"frequentlyMode":{"addNum":0,"deleteNum":0,"allPageNum":0,"deletePageNum":0,"modifyNum":0,"allNum":0,"addPageNum":0,"modifyPageNum":0},"security":{"addNum":0,"deleteNum":0,"allPageNum":0,"deletePageNum":0,"modifyNum":0,"allNum":0,"addPageNum":0,"modifyPageNum":0},"deviceJoinIn":{"addNum":0,"deleteNum":0,"allPageNum":0,"deletePageNum":0,"modifyNum":0,"allNum":0,"addPageNum":0,"modifyPageNum":0},"deviceIr":{"addNum":0,"deleteNum":0,"allPageNum":0,"deletePageNum":0,"modifyNum":0,"allNum":0,"addPageNum":0,"modifyPageNum":0},"authority":{"addNum":0,"deleteNum":0,"allPageNum":0,"deletePageNum":0,"modifyNum":0,"allNum":0,"addPageNum":0,"modifyPageNum":0},"doorUser":{"addNum":0,"deleteNum":0,"allPageNum":0,"deletePageNum":0,"modifyNum":0,"allNum":0,"addPageNum":0,"modifyPageNum":0},"standardIr":{"addNum":0,"deleteNum":0,"allPageNum":0,"deletePageNum":0,"modifyNum":0,"allNum":0,"addPageNum":0,"modifyPageNum":0},"authorizedUnlock":{"addNum":0,"deleteNum":0,"allPageNum":0,"deletePageNum":0,"modifyNum":0,"allNum":0,"addPageNum":0,"modifyPageNum":0},"timing":{"addNum":0,"deleteNum":0,"allPageNum":0,"deletePageNum":0,"modifyNum":0,"allNum":0,"addPageNum":0,"modifyPageNum":0},"remoteBind":{"addNum":0,"deleteNum":0,"allPageNum":0,"deletePageNum":0,"modifyNum":0,"allNum":0,"addPageNum":0,"modifyPageNum":0},"alarmMessage":{"addNum":0,"deleteNum":0,"allPageNum":0,"deletePageNum":0,"modifyNum":0,"allNum":0,"addPageNum":0,"modifyPageNum":0},"status":0,"deviceStatus":{"addNum":0,"deleteNum":0,"allPageNum":0,"deletePageNum":0,"modifyNum":0,"allNum":0,"addPageNum":0,"modifyPageNum":0},"deviceSetting":{"addNum":0,"deleteNum":0,"allPageNum":0,"deletePageNum":0,"modifyNum":0,"allNum":0,"addPageNum":0,"modifyPageNum":0},"standardIrDevice":{"addNum":0,"deleteNum":0,"allPageNum":0,"deletePageNum":0,"modifyNum":0,"allNum":0,"addPageNum":0,"modifyPageNum":0},"cmd":3,"floor":{"addNum":0,"deleteNum":0,"allPageNum":0,"deletePageNum":0,"modifyNum":0,"allNum":0,"addPageNum":0,"modifyPageNum":0},"device":{"addNum":0,"deleteNum":0,"allPageNum":0,"deletePageNum":0,"modifyNum":0,"allNum":0,"addPageNum":0,"modifyPageNum":0},"account":{"addNum":0,"deleteNum":0,"allPageNum":0,"deletePageNum":0,"modifyNum":0,"allNum":0,"addPageNum":0,"modifyPageNum":0},"cameraInfo":{"addNum":0,"deleteNum":0,"allPageNum":0,"deletePageNum":0,"modifyNum":0,"allNum":0,"addPageNum":0,"modifyPageNum":0},"serial":767712756,"room":{"addNum":0,"deleteNum":0,"allPageNum":0,"deletePageNum":0,"modifyNum":0,"allNum":0,"addPageNum":0,"modifyPageNum":0}}]

03-17 16:55:53.866 21078 21266 D HomeMate: comm[ pool-5-thread-1: ProcessPayload.java:1715 queryStatistics() ] - queryStatistics()-007e56121206 need to load java.util.concurrent.ConcurrentHashMap$KeyIterator@46e9bcc

03-17 16:55:53.867 21078 21078 D HomeMate: comm[ main: BaseRequest.java:378 stopRequest() ] - Stop request which serial is 767712756 on com.orvibo.homemate.core.load.MultiLoad$1@9fd54fe

03-17 16:55:53.868 21078 21078 I HomeMate: comm[ main: QueryStatistics.java:84 onEventMainThread() ] - onEventMainThread(007e56121206)-statistics:{}

03-17 16:55:53.869 21078 21078 D HomeMate: comm[ main: MultiLoad.java:235 onStatisticsResult() ] - uid:007e56121206,result:0,tableLoadStatisticses:{}

03-17 16:55:53.876 21078 21078 D HomeMate: comm[ main: MultiLoad.java:516 isLoading() ] - {007e56121206=LoadStatistics{mTableLoadStatistics={}, mLoadingTables=[], mLatestUpdateTime=0, appLatestUpdateTime=1489740400, timeoutWhat=11}}

03-17 16:55:53.877 21078 21176 I HomeMate: comm[ pool-6-thread-1: LoadStatistics.java:101 isLoadFinish() ] - isLoadFinish()-mTableLoadStatistics:{}

03-17 16:55:53.877 21078 21176 I HomeMate: comm[ pool-6-thread-1: MultiLoad.java:248 run() ] - 007e56121206 don't have any data to update.

03-17 16:55:53.878 21078 21078 D HomeMate: comm[ main: MultiLoad.java:714 callback() ] - uid:007e56121206,tableName:null,noneUpdate:false,callBackType:IMPORTANT_TABLES„ÄÇ[com.orvibo.homemate.model.login.loginhub.LoginHub@f703e8d]

03-17 16:55:53.879 21078 21078 D HomeMate: comm[ main: MultiLoad.java:714 callback() ] - uid:007e56121206,tableName:null,noneUpdate:false,callBackType:ALL„ÄÇ[com.orvibo.homemate.model.login.loginhub.LoginHub@f703e8d]

03-17 16:55:53.879 21078 21078 D HomeMate: comm[ main: LoginHub.java:282 isLoginFinish() ] - hubLoginStatues:{007e56121206=DONE}

03-17 16:55:53.879 21078 21078 D HomeMate: comm[ main: LoginServer.java:181 isLoginServerFinish() ] - loginServerState:DONE

03-17 16:55:53.880 21078 21078 I HomeMate: comm[ main: MultiLoad.java:770 onHandleMessage() ] - Load 007e56121206 cost 1148ms

03-17 16:55:53.880 21078 21078 W HomeMate: comm[ main: MultiLoad.java:522 cancelLoad() ] - uid:007e56121206

03-17 16:55:53.880 21078 21078 D HomeMate: comm[ main: MultiLoad.java:543 cancelLoad() ] - Cancel read data request by []

03-17 16:55:53.881 21078 21078 I HomeMate: comm[ main: MultiLoad.java:223 loadNextDevice() ] - None devices waitting to load.

03-17 16:55:53.881 21078 21078 D HomeMate: comm[ main: MultiLoad.java:554 cancelLoad() ] - ÂΩìÂâçÊ≤°ÊúâËÆæÂ§áÂú®ËØªË°®ÊàñËÄÖÁ≠âÂæÖËØªË°?

03-17 16:55:53.881 21078 21078 E HomeMate: comm[ main: QueryStatistics.java:95 cancal() ] - Stop to query data statistics.

03-17 16:55:53.882 21078 21078 D HomeMate: comm[ main: BaseRequest.java:391 stopRequest() ] -  Stop request com.orvibo.homemate.core.load.MultiLoad$1@9fd54fe

03-17 16:55:53.882 21078 21078 E HomeMate: comm[ main: ReadData.java:117 stopRead() ] - Stop to load data.com.orvibo.homemate.core.load.MultiLoad$2@54fb6cb

03-17 16:55:53.882 21078 21078 D HomeMate: comm[ main: BaseRequest.java:391 stopRequest() ] -  Stop request com.orvibo.homemate.core.load.MultiLoad$2@54fb6cb

03-17 16:55:53.882 21078 21078 I HomeMate: comm[ main: Login.java:235 callback() ] - Login cost 5815ms

03-17 16:55:53.883 21078 21078 D HomeMate: comm[ main: InfoPushService.java:58 onEventMainThread() ] - onEventMainThread()-PullEvent:PullEvent{type=1, logined=true}

03-17 16:55:53.883 21078 21078 D HomeMate: comm[ main: InfoPushManager.java:397 pushInfos() ] - []

03-17 16:55:53.884 21078 21078 D HomeMate: comm[ main: MainPresenter.java:564 onEventMainThread() ] - MainEvent{mainActionType=0, bottomTabType=0, showFirstTab=false, toLoginActivity=false, login365Event=Login365Event{gateways=null, cocos=null, result=0, serverLoginResult=0}, mLoadDataEvent=null, mHubUpgradeEvent=null, mLocationResultEvent=null, mLatestMessages=null, loadImportantDataUid='null'}

03-17 16:55:53.884 21078 21078 D HomeMate: comm[ main: MainPresenter.java:581 onEventMainThread() ] - Start to process login result.

03-17 16:55:53.885 21078 21078 D HomeMate: comm[ main: MainActivity.java:388 setLoadingProgress() ] - show:false

03-17 16:55:53.885 21078 21078 D HomeMate: comm[ main: MainPresenter.java:522 processLogin() ] - Login365Event{gateways=null, cocos=null, result=0, serverLoginResult=0}

03-17 16:55:53.886 21078 21078 D HomeMate: comm[ main: MainActivity.java:388 setLoadingProgress() ] - show:false

03-17 16:55:53.894 21078 21078 I HomeMate: comm[ main: MainPresenter.java:538 processLogin() ] - Finish login homemate,start to refresh data.

03-17 16:55:53.903 22823 22823 D wpa_supplicant: EAPOL: EAP Session-Id not available

03-17 16:55:53.903 22823 22823 D wpa_supplicant: CTRL-DEBUG: global_ctrl_sock-sendto: sock=11 sndbuf=163840 outq=0 send_len=280

03-17 16:55:53.907 21078 21078 D HomeMate: comm[ main: MainPresenter.java:262 checkSearchUnbindDevice() ] - 

03-17 16:55:53.932 21078 21078 I HomeMate: comm[ main: MainPresenter.java:663 onLoginFinish() ] - 

03-17 16:55:53.933 21078 21078 D HomeMate: comm[ main: MainActivity.java:463 onCheckHubUpgrade() ] - Ê£?Êü•‰∏ªÊú∫ÊòØÂê¶ÂçáÁ∫?

03-17 16:55:53.938 21078 21193 D HomeMate: comm[ pool-6-thread-2: SearchDevice.java:138 searchWifiDevice() ] - searchWifiDevice()

03-17 16:55:53.940  1534  1669 I WhetstoneClientManager: pid = 16082, uid = 10098 is frozen, not allowed Broadcast

03-17 16:55:53.940  1534  1669 V BroadcastQueueInjector: Skipping BroadcastRecord{1159c94 u-1 android.net.wifi.SCAN_RESULTS} to ProcessRecord{d279ccd 16082:com.sina.weibo:remote/u0a98}

03-17 16:55:53.940  1534  1669 D Whetstone-FW: MiuiLog-Whetstone-BroadcastControl BroadcastRecord{1159c94 u-1 android.net.wifi.SCAN_RESULTS} is discarded

03-17 16:55:53.944   370   482 I ThermalEngine: Sensor:batt_temp:374 mC

03-17 16:55:53.955 21078 21078 D HomeMate: comm[ main: BaseActivityPresenter.java:39 onCheckHubUpgrade() ] - uids:[007e56121206]

03-17 16:55:53.955 21078 21078 D HomeMate: comm[ main: CheckHubUpgrade.java:45 checkFamilyHubUpgrade() ] - familyId:1618cdf675954cf5bb56c6828d56e41c

03-17 16:55:53.961 21078 21078 D HomeMate: comm[ main: CmdManage.java:4932 getCommand() ] - getCommand()-cmd:208,len:138,crc:6115DBF4,sessionId:74c88203d92e40758147acde482f88c9,key:O4Q5Wf4tA7318NAQ,uid:null,socketModel:SERVER,serial:1495722152

03-17 16:55:53.961 21078 21078 D HomeMate: requestConfig:RequestConfig{state=2, type=0, target=1, requestConf=null}

03-17 16:55:53.961 21078 21078 D HomeMate: json(before encrypt):{"familyId":"1618cdf675954cf5bb56c6828d56e41c","cmd":208,"serial":1495722152,"ver":"2.3.0"}(91)

03-17 16:55:53.962 21078 21078 I HomeMate: comm[ main: BaseRequest.java:115 doRequestAsync() ] - registerEvent: com.orvibo.homemate.common.BaseActivityPresenter$1@258ae15

03-17 16:55:53.964 21078 21078 D HomeMate: comm[ main: BaseRequest.java:841 saveSerial() ] - Record serial 1495722152 on com.orvibo.homemate.common.BaseActivityPresenter$1@258ae15

03-17 16:55:53.965  3962  3980 I StepsProvider: Steps Provider Query

03-17 16:55:53.973 21078 21236 D HomeMate: comm[ pool-4-thread-2: BaseRequest.java:149 run() ] - Start command:Command{

03-17 16:55:53.973 21078 21236 D HomeMate: uid='server'

03-17 16:55:53.973 21078 21236 D HomeMate: serial=1495722152

03-17 16:55:53.973 21078 21236 D HomeMate: cmd=208

03-17 16:55:53.973 21078 21236 D HomeMate: crc='6115DBF4'

03-17 16:55:53.973 21078 21236 D HomeMate: requestConfig=RequestConfig{state=2, type=0, target=1, requestConf=RequestConf{totalCount=2, intervalTime=3500}}

03-17 16:55:53.973 21078 21236 D HomeMate: jsonObject={"familyId":"1618cdf675954cf5bb56c6828d56e41c","cmd":208,"serial":1495722152,"ver":"2.3.0"}}

03-17 16:55:53.974 21078 21236 D HomeMate: comm[ pool-4-thread-2: BaseRequest.java:163 run() ] - current count is 0,serial:1495722152

03-17 16:55:53.977 21078 21236 D HomeMate: comm[ pool-4-thread-2: MinaSocket.java:139 send() ] - target:server,position:server start request.requestConfig:RequestConfig{state=2, type=0, target=1, requestConf=RequestConf{totalCount=2, intervalTime=3500}},messageLength:138

03-17 16:55:53.977 21078 21236 D HomeMate: sConnectFutures:{server=org.apache.mina.core.polling.AbstractPollingIoConnector$ConnectionRequest@a5af23}

03-17 16:55:53.982 21078 21236 I HomeMate: comm[ pool-4-thread-2: CodecEncoder.java:44 encode() ] - encode()-ÁºñÁ†ÅÂÆåÊàê,ÂêëIP:/192.168.2.242:10001ÂÜôÊï∞Êç?(138):68,64,00,8a,64,6b,61,15,db,f4,37,34,63,38,38,32,30,33,64,39,32,65,34,30,37,35,38,31,34,37,61,63,64,65,34,38,32,66,38,38,63,39,f6,bc,80,4d,0a,2c,db,2b,26,10,03,e8,c6,90,45,e7,f5,d8,ed,a0,74,da,ed,c0,ec,9c,98,8d,4a,41,ff,ee,47,53,7d,1e,7b,ca,0b,43,17,59,32,7b,43,41,c4,22,de,20,f7,e0,0c,4d,6f,8d,72,4e,b8,11,aa,d8,35,91,25,1c,d4,43,65,8c,04,05,3b,52,7a,23,c2,ef,25,3a,44,ee,a2,d4,73,5f,bd,2f,3e,be,2d,11,5c,6b,0f,7f

03-17 16:55:53.985 21078 21236 D HomeMate: comm[ pool-4-thread-2: MinaSocket.java:157 send() ] - isWritten:true,ioSession:(0x00000001: nio socket, client, /192.168.80.111:35413 => /192.168.2.242:10001)

03-17 16:55:53.996 21078 21078 D HomeMate: comm[ main: ViCenterService.java:467 sendTVLoginFinishBroadcast() ] - result:0 serverLoginResult:0

03-17 16:55:54.002 21078 21265 D HomeMate: comm[ NioProcessor-7: CodecDecoder.java:44 doDecode() ] - hd:6864,actualLen:218

03-17 16:55:54.003 21078 21265 I HomeMate: comm[ NioProcessor-7: CodecDecoder.java:76 doDecode() ] - Êé•Êî∂Âà∞IP:192.168.2.242ÁöÑÊï∞ÊçÆÔºö68,64,0,da,64,6b,4b,6d,8d,cd,37,34,63,38,38,32,30,33,64,39,32,65,34,30,37,35,38,31,34,37,61,63,64,65,34,38,32,66,38,38,63,39,1c,77,33,5a,be,92,ad,d8,45,56,a0,30,b3,30,33,46,20,6,b4,d2,a7,d9,a,5b,5a,3b,5d,ca,dd,65,14,72,bd,d5,60,fb,fe,f9,53,52,f8,e3,34,b3,d7,d9,53,59,d5,54,2d,e8,c6,d8,d5,b1,c1,b5,d0,12,25,0,8,cf,af,ec,5c,43,86,48,e5,8a,46,56,84,c8,9a,8d,a7,c3,c6,22,1a,5a,e1,c0,e2,cc,50,a0,ae,85,36,c0,a3,4d,8a,51,fc,e5,83,21,8e,fe,5c,fc,e7,22,10,83,a0,b1,58,f,58,1f,67,56,82,72,6f,ab,44,db,d2,61,f4,49,4,ad,18,cc,da,a3,25,21,31,51,96,df,46,b3,18,c0,df,45,39,c3,cb,75,a,56,31,79,59,13,74,79,30,f2,88,c4,5a,8f,e6,be,45,2b,37,7c,a6,2e,e3,74,39,26

03-17 16:55:54.004 21078 21266 I HomeMate: comm[ pool-5-thread-1: SocketUtil.java:70 progressMessage() ] - protocolType[dk],crc:4B6D8DCD,sessionId:74c88203d92e40758147acde482f88c9,jsonLen:176,ip:192.168.2.242,port:10001

03-17 16:55:54.004 21078 21266 I HomeMate: comm[ pool-5-thread-1: SocketUtil.java:108 progressMessage() ] - After decrypt json[{"cmd":208,"familyId":"1618cdf675954cf5bb56c6828d56e41c","ver":"2.3.0","serial":1495722152,"status":0,"upgradeStatuses":[{"uid":"007e56121206","upgradeStatus":1}]}]

03-17 16:55:54.029 21078 21078 E HomeMate: comm[ main: Login.java:115 cancelLogin() ] - Cancel login

03-17 16:55:54.030 21078 21078 W HomeMate: comm[ main: BaseRequest.java:412 stopProcessResult() ] -  stop request and stop process result

03-17 16:55:54.030 21078 21078 D HomeMate: comm[ main: BaseRequest.java:391 stopRequest() ] -  Stop request com.orvibo.homemate.model.login.LoginServer$1@cddaf9e

03-17 16:55:54.030 21078 21078 D HomeMate: comm[ main: LoadServer.java:188 cancelQueryData() ] - cancelQueryData()-Cancel load LoadTableStatistics{, totalPage=-1, updateTime=1489740400, latestUpdateTime=0, checkedDataLoseCount=0, msgWhat=2, msgTimeoutWhat=3, readPages=[]}

03-17 16:55:54.031 21078 21078 D HomeMate: comm[ main: BaseRequest.java:391 stopRequest() ] -  Stop request com.orvibo.homemate.model.QueryWifiDeviceData@6a0beac

03-17 16:55:54.031 21078 21078 E HomeMate: comm[ main: LoginHub.java:297 cancalLoginHub() ] - Cancel login hub.

03-17 16:55:54.031 21078 21078 W HomeMate: comm[ main: BaseRequest.java:412 stopProcessResult() ] -  stop request and stop process result

03-17 16:55:54.031 21078 21078 D HomeMate: comm[ main: BaseRequest.java:391 stopRequest() ] -  Stop request com.orvibo.homemate.model.login.loginhub.LoginHub$1@3e7c842

03-17 16:55:54.032 21078 21078 E HomeMate: comm[ main: MultiLoad.java:563 cancel() ] - Cancel load 

03-17 16:55:54.032 21078 21078 E HomeMate: comm[ main: ReadData.java:117 stopRead() ] - Stop to load data.com.orvibo.homemate.core.load.MultiLoad$2@54fb6cb

03-17 16:55:54.032 21078 21078 D HomeMate: comm[ main: BaseRequest.java:391 stopRequest() ] -  Stop request com.orvibo.homemate.core.load.MultiLoad$2@54fb6cb

03-17 16:55:54.048  8449 10509 E WifiScanHomelog: start process end time - 77

03-17 16:55:54.056  8449 10515 E WifiDeviceFinder: start process end time - 88

03-17 16:55:54.061 21078 21078 D HomeMate: comm[ main: QueryUnbinds.java:68 queryAllWifiDevices() ] - QueryUnbinds.queryWifiSockets

03-17 16:55:54.065 21078 21078 E HomeMate: comm[ main: ViCenterService.java:307 onReceive() ] - action:viCenter_action,this:com.orvibo.homemate.service.ViCenterService$3@bac66eb,service:com.orvibo.homemate.service.ViCenterService@4859c48

03-17 16:55:54.067 21078 21176 D HomeMate: comm[ pool-6-thread-1: CmdManage.java:4932 getCommand() ] - getCommand()-cmd:66,len:90,crc:CBAFB99D,sessionId:74c88203d92e40758147acde482f88c9,key:O4Q5Wf4tA7318NAQ,uid:null,socketModel:SERVER,serial:1491080919

03-17 16:55:54.067 21078 21176 D HomeMate: requestConfig:RequestConfig{state=2, type=0, target=1, requestConf=null}

03-17 16:55:54.067 21078 21176 D HomeMate: json(before encrypt):{"cmd":66,"serial":1491080919,"ver":"2.3.0"}(44)

03-17 16:55:54.067 21078 21176 I HomeMate: comm[ pool-6-thread-1: BaseRequest.java:115 doRequestAsync() ] - registerEvent: com.orvibo.homemate.device.searchdevice.SearchDevice$2@fcfa8b8

03-17 16:55:54.070 21078 21176 D HomeMate: comm[ pool-6-thread-1: BaseRequest.java:841 saveSerial() ] - Record serial 1491080919 on com.orvibo.homemate.device.searchdevice.SearchDevice$2@fcfa8b8

03-17 16:55:54.073 21078 21078 D HomeMate: comm[ main: BaseRequest.java:391 stopRequest() ] -  Stop request com.orvibo.homemate.model.QueryUserMessageRequest@ff6f9f6

03-17 16:55:54.085 21078 21207 D HomeMate: comm[ pool-4-thread-1: BaseRequest.java:149 run() ] - Start command:Command{

03-17 16:55:54.085 21078 21207 D HomeMate: uid='server'

03-17 16:55:54.085 21078 21207 D HomeMate: serial=1491080919

03-17 16:55:54.085 21078 21207 D HomeMate: cmd=66

03-17 16:55:54.085 21078 21207 D HomeMate: crc='CBAFB99D'

03-17 16:55:54.085 21078 21207 D HomeMate: requestConfig=RequestConfig{state=2, type=0, target=1, requestConf=RequestConf{totalCount=2, intervalTime=3500}}

03-17 16:55:54.085 21078 21207 D HomeMate: jsonObject={"cmd":66,"serial":1491080919,"ver":"2.3.0"}}

03-17 16:55:54.085 21078 21207 D HomeMate: comm[ pool-4-thread-1: BaseRequest.java:163 run() ] - current count is 0,serial:1491080919

03-17 16:55:54.086 21078 21207 D HomeMate: comm[ pool-4-thread-1: MinaSocket.java:139 send() ] - target:server,position:server start request.requestConfig:RequestConfig{state=2, type=0, target=1, requestConf=RequestConf{totalCount=2, intervalTime=3500}},messageLength:90

03-17 16:55:54.086 21078 21207 D HomeMate: sConnectFutures:{server=org.apache.mina.core.polling.AbstractPollingIoConnector$ConnectionRequest@a5af23}

03-17 16:55:54.086 21078 21078 D HomeMate: allen[ main: QueryUserMessage.java:87 queryLatestMessageCommon() ] - userId:f6355cca622144cd87b53297693b8920,sequence:3

03-17 16:55:54.087 21078 21078 I HomeMate: comm[ main: QueryUserMessageRequest.java:42 queryUserMessageRequest() ] - startStatusRecordRequest():maxSequence=-1,minSequence3

03-17 16:55:54.087 21078 21207 I HomeMate: comm[ pool-4-thread-1: CodecEncoder.java:44 encode() ] - encode()-ÁºñÁ†ÅÂÆåÊàê,ÂêëIP:/192.168.2.242:10001ÂÜôÊï∞Êç?(90):68,64,00,5a,64,6b,cb,af,b9,9d,37,34,63,38,38,32,30,33,64,39,32,65,34,30,37,35,38,31,34,37,61,63,64,65,34,38,32,66,38,38,63,39,30,88,4e,0a,82,c2,13,f3,66,fe,8d,8c,bf,ca,7f,ce,b7,90,17,e5,c5,8c,3b,a6,54,9a,86,16,61,65,17,64,ca,d6,48,9e,c7,fc,bd,1c,3b,67,b2,c3,71,b4,3e,17

03-17 16:55:54.091 21078 21207 D HomeMate: comm[ pool-4-thread-1: MinaSocket.java:157 send() ] - isWritten:true,ioSession:(0x00000001: nio socket, client, /192.168.80.111:35413 => /192.168.2.242:10001)

03-17 16:55:54.093 21078 21078 D HomeMate: comm[ main: CmdManage.java:4932 getCommand() ] - getCommand()-cmd:172,len:218,crc:F50FA86E,sessionId:74c88203d92e40758147acde482f88c9,key:O4Q5Wf4tA7318NAQ,uid:null,socketModel:SERVER,serial:1105599124

03-17 16:55:54.093 21078 21078 D HomeMate: requestConfig:RequestConfig{state=2, type=0, target=1, requestConf=null}

03-17 16:55:54.093 21078 21078 D HomeMate: json(before encrypt):{"familyId":"1618cdf675954cf5bb56c6828d56e41c","tableName":"messageCommon","maxSequence":-1,"minSequence":3,"readCount":100,"cmd":172,"serial":1105599124,"ver":"2.3.0"}(168)

03-17 16:55:54.093 21078 21078 I HomeMate: comm[ main: BaseRequest.java:115 doRequestAsync() ] - registerEvent: com.orvibo.homemate.model.QueryUserMessageRequest@ff6f9f6

03-17 16:55:54.095 21078 21078 D HomeMate: comm[ main: BaseRequest.java:841 saveSerial() ] - Record serial 1105599124 on com.orvibo.homemate.model.QueryUserMessageRequest@ff6f9f6

03-17 16:55:54.095 21078 21078 D HomeMate: comm[ main: BaseRequest.java:378 stopRequest() ] - Stop request which serial is 1495722152 on com.orvibo.homemate.common.BaseActivityPresenter$1@258ae15

03-17 16:55:54.095 21078 21078 D HomeMate: comm[ main: CheckHubUpgrade.java:59 onEventMainThread() ] - HubUpgradeEvent{hubUpgradeStates=[HubUpgradeState{uid='007e56121206', upgradeStatus=1}]upgradeStatus=-1} cmd=208 result=0 serial=1495722152 uid=null

03-17 16:55:54.096 21078 21078 D HomeMate: comm[ main: CheckHubUpgrade.java:97 onHubUpgradeStatus() ] - result:0,hubUpgradeStates:[HubUpgradeState{uid='007e56121206', upgradeStatus=1}]

03-17 16:55:54.096 21078 21078 D HomeMate: comm[ main: BaseRequest.java:391 stopRequest() ] -  Stop request com.orvibo.homemate.common.BaseActivityPresenter$1@258ae15

03-17 16:55:54.096 21078 21078 D HomeMate: comm[ main: BaseActivityPresenter.java:47 onHubUpgradeStatus() ] - hubUpgradeStates:[HubUpgradeState{uid='007e56121206', upgradeStatus=1}],result:0,mActivity:com.orvibo.homemate.common.main.MainActivity@2ac608f

03-17 16:55:54.097 21078 21078 D HomeMate: comm[ main: MainActivity.java:341 onRefresh() ] - mainRefreshType:4

03-17 16:55:54.100 21078 21236 D HomeMate: comm[ pool-4-thread-2: BaseRequest.java:149 run() ] - Start command:Command{

03-17 16:55:54.100 21078 21236 D HomeMate: uid='server'

03-17 16:55:54.100 21078 21236 D HomeMate: serial=1105599124

03-17 16:55:54.100 21078 21236 D HomeMate: cmd=172

03-17 16:55:54.100 21078 21236 D HomeMate: crc='F50FA86E'

03-17 16:55:54.100 21078 21236 D HomeMate: requestConfig=RequestConfig{state=2, type=0, target=1, requestConf=RequestConf{totalCount=2, intervalTime=3500}}

03-17 16:55:54.100 21078 21236 D HomeMate: jsonObject={"familyId":"1618cdf675954cf5bb56c6828d56e41c","tableName":"messageCommon","maxSequence":-1,"minSequence":3,"readCount":100,"cmd":172,"serial":1105599124,"ver":"2.3.0"}}

03-17 16:55:54.100 21078 21236 D HomeMate: comm[ pool-4-thread-2: BaseRequest.java:163 run() ] - current count is 0,serial:1105599124

03-17 16:55:54.101 21078 21314 D HomeMate: comm[ AsyncTask #1: OrviboUpdateAgent.java:259 doInBackground() ] - result =Ôªø{  "oldVersion": 90,  "day": "7",  "version": 22000302 ,  "name": "HomeMate",  "packagename":"com.orvibo.homemate",  "url": "http://firmware.orvibo.com/androidapk/homemate.apk",  "message": "‰øÆÂ§çBUGÔºåÊèêÂçáÁ®≥ÂÆöÊ?ß„??",  "message_en": "Bug fixes and overall performance improvements.",  "size": ""}

03-17 16:55:54.107 21078 21236 D HomeMate: comm[ pool-4-thread-2: MinaSocket.java:139 send() ] - target:server,position:server start request.requestConfig:RequestConfig{state=2, type=0, target=1, requestConf=RequestConf{totalCount=2, intervalTime=3500}},messageLength:218

03-17 16:55:54.107 21078 21236 D HomeMate: sConnectFutures:{server=org.apache.mina.core.polling.AbstractPollingIoConnector$ConnectionRequest@a5af23}

03-17 16:55:54.108 21078 21236 I HomeMate: comm[ pool-4-thread-2: CodecEncoder.java:44 encode() ] - encode()-ÁºñÁ†ÅÂÆåÊàê,ÂêëIP:/192.168.2.242:10001ÂÜôÊï∞Êç?(218):68,64,00,da,64,6b,f5,0f,a8,6e,37,34,63,38,38,32,30,33,64,39,32,65,34,30,37,35,38,31,34,37,61,63,64,65,34,38,32,66,38,38,63,39,f6,bc,80,4d,0a,2c,db,2b,26,10,03,e8,c6,90,45,e7,f5,d8,ed,a0,74,da,ed,c0,ec,9c,98,8d,4a,41,ff,ee,47,53,7d,1e,7b,ca,0b,43,17,59,32,7b,43,41,c4,22,0b,a4,83,0d,a9,79,01,ae,c0,40,b8,19,7e,58,50,7e,a3,9a,b0,f7,c3,f0,f9,3d,6f,ff,5d,58,95,ad,42,26,55,16,0c,82,c0,42,26,b1,94,4b,56,a9,2d,58,ce,66,83,96,fb,a5,d4,5a,27,9c,62,fc,b0,1b,72,b2,26,dc,e0,87,0b,52,22,07,3d,86,04,f5,2c,c3,0c,47,b6,dc,b1,6a,42,6b,b2,27,c5,fb,4a,34,5b,63,ee,2a,bc,b1,74,aa,c9,8a,b4,4f,ae,cc,4b,06,60,cd,e6,5a,b8,8e,b9,f6,2c,5b,54,97,6c,76,9c,2f,2a,9c,0d,38,3d,6f

03-17 16:55:54.110 21078 21236 D HomeMate: comm[ pool-4-thread-2: MinaSocket.java:157 send() ] - isWritten:true,ioSession:(0x00000001: nio socket, client, /192.168.80.111:35413 => /192.168.2.242:10001)

03-17 16:55:54.115 21078 21078 D HomeMate: comm[ main: MainActivity.java:254 refreshCurrentFragment() ] - Current tag is ÊàëÁöÑ,PersonalFragment{c01a799 #2 id=0x7f0d0296 ÊàëÁöÑ},mainRefreshType:4

03-17 16:55:54.116 21078 21078 D HomeMate: comm[ main: PersonalFragment.java:203 refresh() ] - refresh()-appUserName:15079034630@126.com,userId:f6355cca622144cd87b53297693b8920

03-17 16:55:54.124 21078 21078 D HomeMate: comm[ main: PersonalFragment.java:205 refresh() ] - refresh(0)-account:Account{userId='f6355cca622144cd87b53297693b8920', familyId='null', password='E10ADC3949BA59ABBE56E057F20F883E', phone='', email='15079034630@126.com', userType=0, registerType=0, idc=0, country='null', state='null', city='null'} BaseBo{delFlag=0, updateTime='1489740400000', createTime='1489385961000', updateTimeSec=0, uid='null', userName='a'}

03-17 16:55:54.133 21078 21265 D HomeMate: comm[ NioProcessor-7: CodecDecoder.java:44 doDecode() ] - hd:6864,actualLen:138

03-17 16:55:54.134 21078 21265 I HomeMate: comm[ NioProcessor-7: CodecDecoder.java:76 doDecode() ] - Êé•Êî∂Âà∞IP:192.168.2.242ÁöÑÊï∞ÊçÆÔºö68,64,0,8a,64,6b,3,cd,90,4c,37,34,63,38,38,32,30,33,64,39,32,65,34,30,37,35,38,31,34,37,61,63,64,65,34,38,32,66,38,38,63,39,be,74,53,97,51,33,9f,c2,35,e0,da,5b,96,88,18,2d,c4,b5,94,91,9,7b,60,16,5a,24,91,7a,75,55,34,13,5f,db,d9,2,72,31,16,da,95,bc,10,28,2d,cc,ea,a4,9f,f3,8f,98,7c,6c,b9,49,74,b6,d9,7e,d,ce,b6,12,e9,a1,7a,4d,14,27,a4,bc,eb,7f,45,e,43,e2,df,6c,bd,32,4c,ae,d5,3d,c0,7e,47,f1,cf,42,c4,4a,99,9c

03-17 16:55:54.135 21078 21266 I HomeMate: comm[ pool-5-thread-1: SocketUtil.java:70 progressMessage() ] - protocolType[dk],crc:03CD904C,sessionId:74c88203d92e40758147acde482f88c9,jsonLen:96,ip:192.168.2.242,port:10001

03-17 16:55:54.135 21078 21266 I HomeMate: comm[ pool-5-thread-1: SocketUtil.java:108 progressMessage() ] - After decrypt json[{"cmd":172,"status":0,"tableName":"messageCommon","data":[],"serial":1105599124}]

03-17 16:55:54.150 21078 21078 D HomeMate: comm[ main: GetAccountIcon.java:39 startGetAccountIcon() ] - params:source=ZhiJia365&sessionId=74c88203d92e40758147acde482f88c9&userName=15079034630@126.com

03-17 16:55:54.155 21078 21078 D HomeMate: comm[ main: ADCache.java:50 getADInfo() ] - adInfoJson:{"errorMessage":"check gateway fail","updateTime":0,"isTarget":false,"errorCode":0,"image":null,"showAdv":false,"serial":"e4df5788479048899d62f05ca7fd13c8","url":null}

03-17 16:55:54.158 21078 21078 D HomeMate: comm[ main: ADModel.java:186 parseADInfoJson() ] - adInfo:ADInfo{, showAdv=false, errorCode=0, errorMessage='check gateway fail', image='null', url='null', isTarget=false, updateTime=0}

03-17 16:55:54.169  3852  4239 I XiaomiFirewall: firewall pkgName:com.orvibo.homemate, result:0x0

03-17 16:55:54.174 21078 21078 D HomeMate: comm[ main: PersonalFragment.java:144 setHubView() ] - hub uid :[007e56121206]

03-17 16:55:54.182 21078 21078 E HomeMate: comm[ main: OrviboUpdateAgent.java:311 onPostExecute() ] - localVersionCode=23000201

03-17 16:55:54.184 21078 21078 D HomeMate: comm[ main: MainPresenter.java:333 onUpdateReturned() ] - isCanUpdate:false,responseInfos:{packagename=com.orvibo.homemate, oldVersion=90, size=, url=http://firmware.orvibo.com/androidapk/homemate.apk, version=22000302, name=HomeMate, day=7, message=‰øÆÂ§çBUGÔºåÊèêÂçáÁ®≥ÂÆöÊ?ß„??, message_en=Bug fixes and overall performance improvements.}

03-17 16:55:54.188 21078 21078 D HomeMate: comm[ main: MainActivity.java:175 setTabReadTip() ] - showRedTip:false,position:3

03-17 16:55:54.191 21078 21320 D FeedbackAPI: sign before:appkey=23256401&deviceId=WJfwe+sntC4DAAdSBLpxQDCW

03-17 16:55:54.194 21078 21320 D FeedbackAPI : sign after:e469344ba86f5f3f88c8fd188558071e8ce8dba2

03-17 16:55:54.211 21078 21078 D HomeMate: comm[ main: BaseRequest.java:378 stopRequest() ] - Stop request which serial is 1105599124 on com.orvibo.homemate.model.QueryUserMessageRequest@ff6f9f6

03-17 16:55:54.219 21078 21078 D HomeMate: comm[ main: QueryUserMessage.java:112 onResultReturn() ] - cmd=172 result=0 serial=1105599124 uid=null

03-17 16:55:54.219 21078 21078 D HomeMate: comm[ main: BaseActivity.java:480 onEventMainThread() ] - onEventMainThread()-event:ViewEvent{loadDataType=7, uid='null', result=0}

03-17 16:55:54.220 21078 21078 D HomeMate: comm[ main: MainActivity.java:223 onRefresh() ] - ViewEvent{loadDataType=7, uid='null', result=0}

03-17 16:55:54.220 21078 21078 D HomeMate: comm[ main: MainActivity.java:254 refreshCurrentFragment() ] - Current tag is ÊàëÁöÑ,PersonalFragment{c01a799 #2 id=0x7f0d0296 ÊàëÁöÑ},mainRefreshType:5

03-17 16:55:54.221 21078 21078 D HomeMate: comm[ main: PersonalFragment.java:203 refresh() ] - refresh()-appUserName:15079034630@126.com,userId:f6355cca622144cd87b53297693b8920

03-17 16:55:54.222 21078 21078 D HomeMate: comm[ main: PersonalFragment.java:205 refresh() ] - refresh(0)-account:Account{userId='f6355cca622144cd87b53297693b8920', familyId='null', password='E10ADC3949BA59ABBE56E057F20F883E', phone='', email='15079034630@126.com', userType=0, registerType=0, idc=0, country='null', state='null', city='null'} BaseBo{delFlag=0, updateTime='1489740400000', createTime='1489385961000', updateTimeSec=0, uid='null', userName='a'}

03-17 16:55:54.240 21078 21078 D HomeMate: comm[ main: GetAccountIcon.java:39 startGetAccountIcon() ] - params:source=ZhiJia365&sessionId=74c88203d92e40758147acde482f88c9&userName=15079034630@126.com

03-17 16:55:54.241 21078 21320 D HomeMate: hank[ Thread-12778: FeedBackService.java:94 onSuccess() ] - FeedbackAPI unreadCount:11

03-17 16:55:54.246 21078 21265 D HomeMate: comm[ NioProcessor-7: CodecDecoder.java:44 doDecode() ] - hd:6864,actualLen:218

03-17 16:55:54.247 21078 21265 I HomeMate: comm[ NioProcessor-7: CodecDecoder.java:76 doDecode() ] - Êé•Êî∂Âà∞IP:192.168.2.242ÁöÑÊï∞ÊçÆÔºö68,64,0,da,64,6b,49,30,dd,79,37,34,63,38,38,32,30,33,64,39,32,65,34,30,37,35,38,31,34,37,61,63,64,65,34,38,32,66,38,38,63,39,6c,e9,39,7e,e1,f,8d,55,eb,e4,2a,f,89,8d,33,87,ff,97,21,11,ce,6,dd,c4,79,10,e,6d,f7,e3,b0,41,14,78,89,e3,5c,c1,bf,bb,ba,19,b,53,ca,b2,69,3b,49,90,ee,54,4a,8c,29,97,87,a1,ee,1f,8e,3,42,b6,30,9,3,84,17,cc,1c,37,e4,b0,9f,6,ba,96,b0,56,21,f,b,3,17,d6,9a,b1,28,56,60,66,c7,af,18,a8,20,48,ad,b7,96,26,22,47,45,ee,a5,80,6f,6c,7,70,57,79,cc,e0,ab,61,db,be,d7,5e,f1,15,74,ab,24,3a,ba,a9,1a,b8,45,c7,f7,5b,ea,23,3f,e2,e,13,bc,b4,c7,19,cc,59,45,e4,f9,e,25,f3,3a,1f,cc,90,8e,c5,89,36,d7,0,1a,f7,13,c4,f5,28,b1,4b,1a,5c,63,dd

03-17 16:55:54.248 21078 21266 I HomeMate: comm[ pool-5-thread-1: SocketUtil.java:70 progressMessage() ] - protocolType[dk],crc:4930DD79,sessionId:74c88203d92e40758147acde482f88c9,jsonLen:176,ip:192.168.2.242,port:10001

03-17 16:55:54.248 21078 21266 I HomeMate: comm[ pool-5-thread-1: SocketUtil.java:108 progressMessage() ] - After decrypt json[{"serial":1491080919,"deviceList":"[{\"uid\":\"18fe34d3c896\",\"model\":\"1eb48bb61ce547289168a842616d5b8f\",\"lastUpdateTime\":1489740902000}]","cmd":66,"status":0}]

03-17 16:55:54.250 21078 21266 D HomeMate: comm[ pool-5-thread-1: ProcessPayload.java:3016 parseJson2DeviceList() ] - count = 1

03-17 16:55:54.265 21078 21078 D HomeMate: comm[ main: ADCache.java:50 getADInfo() ] - adInfoJson:{"errorMessage":"check gateway fail","updateTime":0,"isTarget":false,"errorCode":0,"image":null,"showAdv":false,"serial":"e4df5788479048899d62f05ca7fd13c8","url":null}

03-17 16:55:54.275 21078 21078 D HomeMate: comm[ main: ADModel.java:186 parseADInfoJson() ] - adInfo:ADInfo{, showAdv=false, errorCode=0, errorMessage='check gateway fail', image='null', url='null', isTarget=false, updateTime=0}

03-17 16:55:54.300 21078 21078 D HomeMate: comm[ main: PersonalFragment.java:144 setHubView() ] - hub uid :[007e56121206]

03-17 16:55:54.306 21078 21078 V AsyncHttpRH: Progress 129 from 1 (12900%)

03-17 16:55:54.307 21078 21078 I HomeMate: comm[ main: GetAccountIcon.java:44 onSuccess() ] - {"errorMessage":"ÊàêÂäü","file":"https://homemate.orvibo.com/images/20170317/e1b13b0454044c59af332a2c1d9442a9.png","errorCode":0}

03-17 16:55:54.307 21078 21078 I HomeMate: comm[ main: GetAccountIcon.java:63 onSuccess() ] - ÊàêÂäü

03-17 16:55:54.307 21078 21078 D HomeMate: comm[ main: PersonalFragment.java:396 onGetAccountIconResult() ] - 

03-17 16:55:54.312 21078 21322 D FeedbackAPI: sign before:appkey=23256401&deviceId=WJfwe+sntC4DAAdSBLpxQDCW

03-17 16:55:54.315 21078 21322 D FeedbackAPI : sign after:e469344ba86f5f3f88c8fd188558071e8ce8dba2

03-17 16:55:54.328 21078 21078 D HomeMate: comm[ main: MainActivity.java:175 setTabReadTip() ] - showRedTip:true,position:3

03-17 16:55:54.334 21078 21078 D HomeMate: comm[ main: QueryUnbinds.java:97 onEventMainThread() ] - QueryUnbinds.onEventMainThread event.getDeviceUnbindList() = [DeviceQueryUnbind{uid='18fe34d3c896', localIp='null', localPort=0, model='1eb48bb61ce547289168a842616d5b8f', isAdded=false}]

03-17 16:55:54.335 21078 21078 D HomeMate: comm[ main: QueryUnbinds.java:98 onEventMainThread() ] - QueryUnbinds onEventMainThread configAp:false

03-17 16:55:54.338 21078 21078 D HomeMate: comm[ main: BaseRequest.java:391 stopRequest() ] -  Stop request com.orvibo.homemate.device.searchdevice.SearchDevice$2@fcfa8b8

03-17 16:55:54.354 21078 21078 E HomeMate: comm[ main: ProductManage.java:640 getWifiFlagByModel() ] - getWifiFlagByModel()-Could not get wifiFlag by null

03-17 16:55:54.360 21078 21078 E HomeMate: comm[ main: DeviceTool.java:2231 getWifiDeviceName() ] - Could not get device icon by DeviceQueryUnbind{uid='18fe34d3c896', localIp='null', localPort=0, model='1eb48bb61ce547289168a842616d5b8f', isAdded=false}

03-17 16:55:54.372 21078 21078 D HomeMate: comm[ main: DeviceTool.java:2235 getWifiDeviceName() ] - {"deviceDescId":"4ec6b8e69f9c33e66e91374c0ab6a813","endpointSet":"1,65533,43@","hostFlag":0,"model":"1eb48bb61ce547289168a842616d5b8f","picUrl":"http://firmware.orvibo.com/pic/device_500_zfcstrip.png","productModel":"Null","source":"","wifiFlag":1,"createTime":"2016-01-01 00:00:00","delFlag":0,"updateTime":"2017-01-11 11:52:06"}

03-17 16:55:54.385 21078 21322 D HomeMate: hank[ Thread-12780: FeedBackService.java:94 onSuccess() ] - FeedbackAPI unreadCount:11

03-17 16:55:54.420  3962  4066 W WtProcessController: do not trim { PackageName :com.orvibo.homemate Pid: 21078 Uid: 10136 Start by: activity Score:50 Old score:50 state:0 mBackgroundTimeInMillis:1489740951877 WakelockCount:0 wakelogsize:0  ActivityDestroied:false Activity size: 0 PackageInfo:{WhetstonePackageInfo#PacakgeName:com.orvibo.homemate uid:10136 uiMemoryThresold:0 nonUiMemoryThresold:0 Flag:5184,0x1440 [,TRIMHEAPS,SOFT_RESET,FLAG_DEAL_SCHEDULE] Type:0[] } tasknum:10263}

03-17 16:55:54.428 21078 21078 E HomeMate: comm[ main: DeviceTool.java:2231 getWifiDeviceName() ] - Could not get device icon by DeviceQueryUnbind{uid='18fe34d3c896', localIp='null', localPort=0, model='1eb48bb61ce547289168a842616d5b8f', isAdded=false}

03-17 16:55:54.435 21078 21078 D HomeMate: comm[ main: DeviceTool.java:2235 getWifiDeviceName() ] - {"deviceDescId":"4ec6b8e69f9c33e66e91374c0ab6a813","endpointSet":"1,65533,43@","hostFlag":0,"model":"1eb48bb61ce547289168a842616d5b8f","picUrl":"http://firmware.orvibo.com/pic/device_500_zfcstrip.png","productModel":"Null","source":"","wifiFlag":1,"createTime":"2016-01-01 00:00:00","delFlag":0,"updateTime":"2017-01-11 11:52:06"}

03-17 16:55:54.453 21078 21078 V AsyncHttpRH: Progress 129 from 1 (12900%)

03-17 16:55:54.453 21078 21078 I HomeMate: comm[ main: GetAccountIcon.java:44 onSuccess() ] - {"errorMessage":"ÊàêÂäü","file":"https://homemate.orvibo.com/images/20170317/e1b13b0454044c59af332a2c1d9442a9.png","errorCode":0}

03-17 16:55:54.453 21078 21078 I HomeMate: comm[ main: GetAccountIcon.java:63 onSuccess() ] - ÊàêÂäü

03-17 16:55:54.454 21078 21078 D HomeMate: comm[ main: PersonalFragment.java:396 onGetAccountIconResult() ] - 

03-17 16:55:54.467 21078 21078 V BoostFramework: BoostFramework() : mPerf = com.qualcomm.qti.Performance@3c146fb

03-17 16:55:54.467 21078 21078 V BoostFramework: BoostFramework() : mPerf = com.qualcomm.qti.Performance@e0de318

03-17 16:55:54.509 21078 21078 D HomeMate: comm[ main: DialogFragmentTwoButton.java:64 onCreateDialog() ] - 

03-17 16:55:54.513 21078 21078 D HomeMate: comm[ main: DialogFragmentTwoButton.java:72 onActivityCreated() ] - 

03-17 16:55:54.512  3796  3796 W Binder_6: type=1400 audit(0.0:3080048): avc: denied { ioctl } for path="socket:[6138614]" dev="sockfs" ino=6138614 ioctlcmd=7704 scontext=u:r:system_server:s0 tcontext=u:r:system_server:s0 tclass=unix_stream_socket permissive=0

03-17 16:55:54.512  3796  3796 W Binder_6: type=1400 audit(0.0:3080049): avc: denied { ioctl } for path="socket:[6138614]" dev="sockfs" ino=6138614 ioctlcmd=7704 scontext=u:r:system_server:s0 tcontext=u:r:system_server:s0 tclass=unix_stream_socket permissive=0

03-17 16:55:54.526 21078 21078 D HomeMate: comm[ main: MainActivity.java:175 setTabReadTip() ] - showRedTip:true,position:3

03-17 16:55:54.544  4242  4392 W Metok_Tag: < metok_app > invalid network operator 

03-17 16:55:54.562  3631  3631 W Binder_4: type=1400 audit(0.0:3080050): avc: denied { ioctl } for path="socket:[6137349]" dev="sockfs" ino=6137349 ioctlcmd=7704 scontext=u:r:system_server:s0 tcontext=u:r:system_server:s0 tclass=unix_stream_socket permissive=0

03-17 16:55:54.577 29800 29800 I AppiumUnicodeIME: onFinishInput

03-17 16:55:54.562  3631  3631 W Binder_4: type=1400 audit(0.0:3080051): avc: denied { ioctl } for path="socket:[6137349]" dev="sockfs" ino=6137349 ioctlcmd=7704 scontext=u:r:system_server:s0 tcontext=u:r:system_server:s0 tclass=unix_stream_socket permissive=0

03-17 16:55:54.578 29800 29800 I AppiumUnicodeIME: onStartInput

03-17 16:55:54.587 21026 21047 W QueryController: AccessibilityNodeInfo returned a null child (6 of 13)

03-17 16:55:54.587 21026 21047 W QueryController: parent = android.view.accessibility.AccessibilityNodeInfo@8003dafd; boundsInParent: Rect(0, 0 - 1080, 1492); boundsInScreen: Rect(0, 55 - 1080, 1547); packageName: com.orvibo.homemate; className: android.widget.LinearLayout; text: null; error: null; maxTextLength: -1; contentDescription: null; viewIdResName: null; checkable: false; checked: false; focusable: false; focused: false; selected: false; clickable: false; longClickable: false; contextClickable: false; enabled: true; password: false; scrollable: false; actions: [AccessibilityAction: ACTION_SELECT - null, AccessibilityAction: ACTION_CLEAR_SELECTION - null, AccessibilityAction: ACTION_ACCESSIBILITY_FOCUS - null, AccessibilityAction: ACTION_UNKNOWN - null]

03-17 16:55:54.588 21026 21047 W QueryController: AccessibilityNodeInfo returned a null child (7 of 13)

03-17 16:55:54.588 21026 21047 W QueryController: AccessibilityNodeInfo returned a null child (8 of 13)

03-17 16:55:54.589 21026 21047 W QueryController: AccessibilityNodeInfo returned a null child (9 of 13)

03-17 16:55:54.592 21026 21047 W QueryController: AccessibilityNodeInfo returned a null child (10 of 13)

03-17 16:55:54.593 21026 21047 W QueryController: AccessibilityNodeInfo returned a null child (11 of 13)

03-17 16:55:54.593 21026 21047 W QueryController: AccessibilityNodeInfo returned a null child (12 of 13)

03-17 16:55:54.597 21026 21026 W art     : Long monitor contention event with owner method=android.view.accessibility.AccessibilityNodeInfo com.android.uiautomator.core.QueryController.findAccessibilityNodeInfo(com.android.uiautomator.core.UiSelector, boolean) from QueryController.java:149 waiters=0 for 628ms

03-17 16:55:54.622 22823 22823 D wpa_supplicant: wlan0: Control interface command 'SIGNAL_POLL'

03-17 16:55:54.624 22823 22823 D wpa_supplicant: CTRL-DEBUG: global_ctrl_sock-sendto: sock=11 sndbuf=163840 outq=0 send_len=48

03-17 16:55:54.642  4242  4392 W Metok_Tag: < metok_app > invalid network operator 

03-17 16:55:54.752  5869  5938 I octvm_klo: read wakeups from wakealarm_fd:1

03-17 16:55:54.752  5869  5938 I octvm_klo: new timerfd interval:

03-17 16:55:54.752  5869  5938 I octvm_klo: 	itval.it_interval.tv_sec 4, itval.it_interval.tv_nsec 0

03-17 16:55:54.752  5869  5938 I octvm_klo: 	itval.it_value.tv_sec 3, itval.it_value.tv_nsec 999996250

03-17 16:55:54.945   370   482 I ThermalEngine: Sensor:batt_temp:374 mC

03-17 16:55:55.592 17661 17661 W AppWatcher: type=1400 audit(0.0:3080052): avc: denied { getattr } for path="/proc/opalum-temp-calib" dev="proc" ino=4026534627 scontext=u:r:untrusted_app:s0:c512,c768 tcontext=u:object_r:proc_opalum:s0 tclass=file permissive=0

03-17 16:55:55.592 17661 17661 W AppWatcher: type=1400 audit(0.0:3080053): avc: denied { getattr } for path="/proc/opalum-f0-calib" dev="proc" ino=4026534626 scontext=u:r:untrusted_app:s0:c512,c768 tcontext=u:object_r:proc_opalum:s0 tclass=file permissive=0

03-17 16:55:55.602 17661 17661 W AppWatcher: type=1400 audit(0.0:3080054): avc: denied { getattr } for path="/proc/sysrq-trigger" dev="proc" ino=4026533735 scontext=u:r:untrusted_app:s0:c512,c768 tcontext=u:object_r:proc_sysrq:s0 tclass=file permissive=0

03-17 16:55:55.612 17661 17661 W AppWatcher: type=1400 audit(0.0:3080055): avc: denied { getattr } for path="/proc/1" dev="proc" ino=8200 scontext=u:r:untrusted_app:s0:c512,c768 tcontext=u:r:init:s0 tclass=dir permissive=0

03-17 16:55:55.622 17661 17661 W AppWatcher: type=1400 audit(0.0:3080056): avc: denied { getattr } for path="/proc/2" dev="proc" ino=2557283 scontext=u:r:untrusted_app:s0:c512,c768 tcontext=u:r:kernel:s0 tclass=dir permissive=0

03-17 16:55:55.622 17661 17661 W AppWatcher: type=1400 audit(0.0:3080057): avc: denied { getattr } for path="/proc/3" dev="proc" ino=2557284 scontext=u:r:untrusted_app:s0:c512,c768 tcontext=u:r:kernel:s0 tclass=dir permissive=0

03-17 16:55:55.622 17661 17661 W AppWatcher: type=1400 audit(0.0:3080058): avc: denied { getattr } for path="/proc/6" dev="proc" ino=2557286 scontext=u:r:untrusted_app:s0:c512,c768 tcontext=u:r:kernel:s0 tclass=dir permissive=0

03-17 16:55:55.622 17661 17661 W AppWatcher: type=1400 audit(0.0:3080059): avc: denied { getattr } for path="/proc/7" dev="proc" ino=2557287 scontext=u:r:untrusted_app:s0:c512,c768 tcontext=u:r:kernel:s0 tclass=dir permissive=0

03-17 16:55:55.622 17661 17661 W AppWatcher: type=1400 audit(0.0:3080060): avc: denied { getattr } for path="/proc/8" dev="proc" ino=2557288 scontext=u:r:untrusted_app:s0:c512,c768 tcontext=u:r:kernel:s0 tclass=dir permissive=0

03-17 16:55:55.622 17661 17661 W AppWatcher: type=1400 audit(0.0:3080061): avc: denied { getattr } for path="/proc/21" dev="proc" ino=2557289 scontext=u:r:untrusted_app:s0:c512,c768 tcontext=u:r:kernel:s0 tclass=dir permissive=0

03-17 16:55:55.632 17661 17661 W AppWatcher: type=1400 audit(0.0:3080062): avc: denied { getattr } for path="/proc/22" dev="proc" ino=2557290 scontext=u:r:untrusted_app:s0:c512,c768 tcontext=u:r:kernel:s0 tclass=dir permissive=0

03-17 16:55:55.632 17661 17661 W AppWatcher: type=1400 audit(0.0:3080063): avc: denied { getattr } for path="/proc/28" dev="proc" ino=2557291 scontext=u:r:untrusted_app:s0:c512,c768 tcontext=u:r:kernel:s0 tclass=dir permissive=0

03-17 16:55:55.642 17661 17661 W AppWatcher: type=1400 audit(0.0:3080064): avc: denied { getattr } for path="/proc/29" dev="proc" ino=2557292 scontext=u:r:untrusted_app:s0:c512,c768 tcontext=u:r:kernel:s0 tclass=dir permissive=0

03-17 16:55:55.642 17661 17661 W AppWatcher: type=1400 audit(0.0:3080065): avc: denied { getattr } for path="/proc/30" dev="proc" ino=2557293 scontext=u:r:untrusted_app:s0:c512,c768 tcontext=u:r:kernel:s0 tclass=dir permissive=0

03-17 16:55:55.642 17661 17661 W AppWatcher: type=1400 audit(0.0:3080066): avc: denied { getattr } for path="/proc/32" dev="proc" ino=2557294 scontext=u:r:untrusted_app:s0:c512,c768 tcontext=u:r:kernel:s0 tclass=dir permissive=0

03-17 16:55:55.652 17661 17661 W AppWatcher: type=1400 audit(0.0:3080067): avc: denied { getattr } for path="/proc/33" dev="proc" ino=2557295 scontext=u:r:untrusted_app:s0:c512,c768 tcontext=u:r:kernel:s0 tclass=dir permissive=0

03-17 16:55:55.652 17661 17661 W AppWatcher: type=1400 audit(0.0:3080068): avc: denied { getattr } for path="/proc/34" dev="proc" ino=2557296 scontext=u:r:untrusted_app:s0:c512,c768 tcontext=u:r:kernel:s0 tclass=dir permissive=0

03-17 16:55:55.662 17661 17661 W AppWatcher: type=1400 audit(0.0:3080069): avc: denied { getattr } for path="/proc/61" dev="proc" ino=2557297 scontext=u:r:untrusted_app:s0:c512,c768 tcontext=u:r:kernel:s0 tclass=dir permissive=0

03-17 16:55:55.662 17661 17661 W AppWatcher: type=1400 audit(0.0:3080070): avc: denied { getattr } for path="/proc/62" dev="proc" ino=2557298 scontext=u:r:untrusted_app:s0:c512,c768 tcontext=u:r:kernel:s0 tclass=dir permissive=0

03-17 16:55:55.662 17661 17661 W AppWatcher: type=1400 audit(0.0:3080071): avc: denied { getattr } for path="/proc/63" dev="proc" ino=2557299 scontext=u:r:untrusted_app:s0:c512,c768 tcontext=u:r:kernel:s0 tclass=dir permissive=0

03-17 16:55:55.880  1534  1534 E JavaBinder: !!! FAILED BINDER TRANSACTION !!!  (parcel size = 104)

03-17 16:55:55.883  1534  1534 E JavaBinder: !!! FAILED BINDER TRANSACTION !!!  (parcel size = 104)

03-17 16:55:55.888  1534  1534 E JavaBinder: !!! FAILED BINDER TRANSACTION !!!  (parcel size = 104)

03-17 16:55:55.888  1534  1534 E JavaBinder: !!! FAILED BINDER TRANSACTION !!!  (parcel size = 104)

03-17 16:55:55.947   370   482 I ThermalEngine: Sensor:batt_temp:374 mC

03-17 16:55:56.559 21078 21167 D UTAnalytics:LogStoreMgr: pid:21078 [store],

03-17 16:55:56.581 21078 21167 D UTAnalytics:UTSqliteLogStore: pid:21078 sql:SELECT * FROM log ORDER BY time ASC  LIMIT 112,

03-17 16:55:56.588 21078 21167 D UTAnalytics:LogStoreMgr: pid:21078 [get],[],

03-17 16:55:56.596 21078 21167 D UTAnalytics:UploadEngine: pid:21078 UTDC.bBackground:false,AppInfoUtil.isForeground(UTDC.getContext()) ,true,

03-17 16:55:56.603 21078 21167 D UTAnalytics:UploadTask: pid:21078 mPeriod:30000,

03-17 16:55:56.795 21026 21039 I art     : Background sticky concurrent mark sweep GC freed 300655(15MB) AllocSpace objects, 0(0B) LOS objects, 95% free, 812KB/16MB, paused 10.637ms total 96.030ms

03-17 16:55:56.949   370   482 I ThermalEngine: Sensor:batt_temp:374 mC

03-17 16:55:57.630 22823 22823 D wpa_supplicant: wlan0: Control interface command 'SIGNAL_POLL'

03-17 16:55:57.645 22823 22823 D wpa_supplicant: CTRL-DEBUG: global_ctrl_sock-sendto: sock=11 sndbuf=163840 outq=0 send_len=48

03-17 16:55:57.950   370   482 I ThermalEngine: Sensor:batt_temp:374 mC

03-17 16:55:58.752  5869  5938 I octvm_klo: read wakeups from wakealarm_fd:1

03-17 16:55:58.752  5869  5938 I octvm_klo: new timerfd interval:

03-17 16:55:58.752  5869  5938 I octvm_klo: 	itval.it_interval.tv_sec 4, itval.it_interval.tv_nsec 0

03-17 16:55:58.752  5869  5938 I octvm_klo: 	itval.it_value.tv_sec 3, itval.it_value.tv_nsec 999995781

03-17 16:55:58.951   370   482 I ThermalEngine: Sensor:batt_temp:374 mC

03-17 16:55:59.952   370   482 I ThermalEngine: Sensor:batt_temp:374 mC

03-17 16:56:00.651 22823 22823 D wpa_supplicant: wlan0: Control interface command 'SIGNAL_POLL'

03-17 16:56:00.667 22823 22823 D wpa_supplicant: CTRL-DEBUG: global_ctrl_sock-sendto: sock=11 sndbuf=163840 outq=0 send_len=48

03-17 16:56:00.954   370   482 I ThermalEngine: Sensor:batt_temp:374 mC

03-17 16:56:01.901  1534  1534 E JavaBinder: !!! FAILED BINDER TRANSACTION !!!  (parcel size = 104)

03-17 16:56:01.907  1534  1534 E JavaBinder: !!! FAILED BINDER TRANSACTION !!!  (parcel size = 104)

03-17 16:56:01.911  1534  1534 E JavaBinder: !!! FAILED BINDER TRANSACTION !!!  (parcel size = 104)

03-17 16:56:01.915  1534  1534 E JavaBinder: !!! FAILED BINDER TRANSACTION !!!  (parcel size = 104)

03-17 16:56:01.955   370   482 I ThermalEngine: Sensor:batt_temp:374 mC

03-17 16:56:02.752  5869  5938 I octvm_klo: read wakeups from wakealarm_fd:1

03-17 16:56:02.752  5869  5938 I octvm_klo: new timerfd interval:

03-17 16:56:02.752  5869  5938 I octvm_klo: 	itval.it_interval.tv_sec 4, itval.it_interval.tv_nsec 0

03-17 16:56:02.752  5869  5938 I octvm_klo: 	itval.it_value.tv_sec 3, itval.it_value.tv_nsec 999996927

03-17 16:56:02.956   370   482 I ThermalEngine: Sensor:batt_temp:374 mC

03-17 16:56:03.672 22823 22823 D wpa_supplicant: wlan0: Control interface command 'SIGNAL_POLL'

03-17 16:56:03.684 22823 22823 D wpa_supplicant: CTRL-DEBUG: global_ctrl_sock-sendto: sock=11 sndbuf=163840 outq=0 send_len=48

03-17 16:56:03.924  1534  1534 E JavaBinder: !!! FAILED BINDER TRANSACTION !!!  (parcel size = 104)

03-17 16:56:03.929  1534  1534 E JavaBinder: !!! FAILED BINDER TRANSACTION !!!  (parcel size = 104)

03-17 16:56:03.934  1534  1534 E JavaBinder: !!! FAILED BINDER TRANSACTION !!!  (parcel size = 104)

03-17 16:56:03.934  1534  1534 E JavaBinder: !!! FAILED BINDER TRANSACTION !!!  (parcel size = 104)

03-17 16:56:03.958   370   482 I ThermalEngine: Sensor:batt_temp:374 mC

03-17 16:56:04.959   370   482 I ThermalEngine: Sensor:batt_temp:374 mC

03-17 16:56:05.872 17661 17661 W AppWatcher: type=1400 audit(0.0:3080345): avc: denied { getattr } for path="/proc/opalum-temp-calib" dev="proc" ino=4026534627 scontext=u:r:untrusted_app:s0:c512,c768 tcontext=u:object_r:proc_opalum:s0 tclass=file permissive=0

03-17 16:56:05.872 17661 17661 W AppWatcher: type=1400 audit(0.0:3080346): avc: denied { getattr } for path="/proc/opalum-f0-calib" dev="proc" ino=4026534626 scontext=u:r:untrusted_app:s0:c512,c768 tcontext=u:object_r:proc_opalum:s0 tclass=file permissive=0

03-17 16:56:05.872 17661 17661 W AppWatcher: type=1400 audit(0.0:3080347): avc: denied { getattr } for path="/proc/sysrq-trigger" dev="proc" ino=4026533735 scontext=u:r:untrusted_app:s0:c512,c768 tcontext=u:object_r:proc_sysrq:s0 tclass=file permissive=0

03-17 16:56:05.872 17661 17661 W AppWatcher: type=1400 audit(0.0:3080348): avc: denied { getattr } for path="/proc/1" dev="proc" ino=8200 scontext=u:r:untrusted_app:s0:c512,c768 tcontext=u:r:init:s0 tclass=dir permissive=0

03-17 16:56:05.882 17661 17661 W AppWatcher: type=1400 audit(0.0:3080349): avc: denied { getattr } for path="/proc/2" dev="proc" ino=2557283 scontext=u:r:untrusted_app:s0:c512,c768 tcontext=u:r:kernel:s0 tclass=dir permissive=0

