03-30 10:47:18.941 23914 24026 D HomeMate: comm[ Thread-44567: FileTool.java:65 deleteOldFiles() ] - deleteOldFiles()-fileName:HomeMate_20170316145159.805.txt

03-30 10:47:18.941 23914 24026 D HomeMate: comm[ Thread-44567: FileTool.java:65 deleteOldFiles() ] - deleteOldFiles()-fileName:HomeMate_20170316145151.584.txt

03-30 10:47:18.942 23914 24026 D HomeMate: comm[ Thread-44567: FileTool.java:65 deleteOldFiles() ] - deleteOldFiles()-fileName:HomeMate_20170316145028.870.txt

03-30 10:47:18.942 23914 24026 D HomeMate: comm[ Thread-44567: FileTool.java:65 deleteOldFiles() ] - deleteOldFiles()-fileName:HomeMate_20170316144843.077.txt

03-30 10:47:18.944 23914 24026 D HomeMate: comm[ Thread-44567: FileTool.java:65 deleteOldFiles() ] - deleteOldFiles()-fileName:HomeMate_20170316144753.840.txt

03-30 10:47:18.945 23914 24026 D HomeMate: comm[ Thread-44567: FileTool.java:65 deleteOldFiles() ] - deleteOldFiles()-fileName:HomeMate_20170316144024.483.txt

03-30 10:47:18.948 23914 24026 D HomeMate: comm[ Thread-44567: FileTool.java:65 deleteOldFiles() ] - deleteOldFiles()-fileName:HomeMate_20170316142256.989.txt

03-30 10:47:18.950 23914 24026 D HomeMate: comm[ Thread-44567: FileTool.java:65 deleteOldFiles() ] - deleteOldFiles()-fileName:HomeMate_20170316142207.161.txt

03-30 10:47:18.950 23862 23875 W art     : Long monitor contention event with owner method=android.view.accessibility.AccessibilityNodeInfo com.android.uiautomator.core.QueryController.findAccessibilityNodeInfo(com.android.uiautomator.core.UiSelector, boolean) from QueryController.java:149 waiters=0 for 606ms

03-30 10:47:18.950 23914 24026 D HomeMate: comm[ Thread-44567: FileTool.java:65 deleteOldFiles() ] - deleteOldFiles()-fileName:HomeMate_20170316141907.168.txt

03-30 10:47:18.951 23914 24026 D HomeMate: comm[ Thread-44567: FileTool.java:65 deleteOldFiles() ] - deleteOldFiles()-fileName:HomeMate_20170316140416.611.txt

03-30 10:47:18.953 23914 24026 D HomeMate: comm[ Thread-44567: FileTool.java:65 deleteOldFiles() ] - deleteOldFiles()-fileName:HomeMate_20170316140006.572.txt

03-30 10:47:18.954 23914 24026 D HomeMate: comm[ Thread-44567: FileTool.java:65 deleteOldFiles() ] - deleteOldFiles()-fileName:HomeMate_20170316135144.870.txt

03-30 10:47:18.956 23914 24026 D HomeMate: comm[ Thread-44567: FileTool.java:65 deleteOldFiles() ] - deleteOldFiles()-fileName:HomeMate_20170316135102.412.txt

03-30 10:47:18.960 23914 24026 D HomeMate: comm[ Thread-44567: FileTool.java:65 deleteOldFiles() ] - deleteOldFiles()-fileName:HomeMate_20170316134859.954.txt

03-30 10:47:18.960 23914 24026 D HomeMate: comm[ Thread-44567: FileTool.java:65 deleteOldFiles() ] - deleteOldFiles()-fileName:HomeMate_20170316134055.408.txt

03-30 10:47:18.961 23914 24026 D HomeMate: comm[ Thread-44567: FileTool.java:65 deleteOldFiles() ] - deleteOldFiles()-fileName:HomeMate_20170316133543.248.txt

03-30 10:47:18.961 23914 24026 D HomeMate: comm[ Thread-44567: FileTool.java:65 deleteOldFiles() ] - deleteOldFiles()-fileName:HomeMate_20170316133523.547.txt

03-30 10:47:18.962 23914 24026 D HomeMate: comm[ Thread-44567: FileTool.java:65 deleteOldFiles() ] - deleteOldFiles()-fileName:HomeMate_20170316121416.818.txt

03-30 10:47:18.962 23914 24026 D HomeMate: comm[ Thread-44567: FileTool.java:65 deleteOldFiles() ] - deleteOldFiles()-fileName:HomeMate_20170316120535.140.txt

03-30 10:47:18.962 23914 24026 D HomeMate: comm[ Thread-44567: FileTool.java:65 deleteOldFiles() ] - deleteOldFiles()-fileName:HomeMate_20170316120435.944.txt

03-30 10:47:18.963 23914 24026 D HomeMate: comm[ Thread-44567: FileTool.java:65 deleteOldFiles() ] - deleteOldFiles()-fileName:HomeMate_20170316120336.486.txt

03-30 10:47:18.963 23914 24026 D HomeMate: comm[ Thread-44567: FileTool.java:65 deleteOldFiles() ] - deleteOldFiles()-fileName:HomeMate_20170316120046.100.txt

03-30 10:47:18.963 23914 24026 D HomeMate: comm[ Thread-44567: FileTool.java:65 deleteOldFiles() ] - deleteOldFiles()-fileName:HomeMate_20170316115130.744.txt

03-30 10:47:18.964 23914 24026 D HomeMate: comm[ Thread-44567: FileTool.java:65 deleteOldFiles() ] - deleteOldFiles()-fileName:HomeMate_20170316115039.244.txt

03-30 10:47:18.964 23914 24026 D HomeMate: comm[ Thread-44567: FileTool.java:65 deleteOldFiles() ] - deleteOldFiles()-fileName:HomeMate_20170316114839.981.txt

03-30 10:47:18.965 23914 24026 D HomeMate: comm[ Thread-44567: FileTool.java:65 deleteOldFiles() ] - deleteOldFiles()-fileName:HomeMate_20170316114712.736.txt

03-30 10:47:18.965 23914 24026 D HomeMate: comm[ Thread-44567: FileTool.java:65 deleteOldFiles() ] - deleteOldFiles()-fileName:HomeMate_20170316114313.319.txt

03-30 10:47:18.965 23914 24026 D HomeMate: comm[ Thread-44567: FileTool.java:65 deleteOldFiles() ] - deleteOldFiles()-fileName:HomeMate_20170316114207.082.txt

03-30 10:47:18.966 23914 24026 D HomeMate: comm[ Thread-44567: FileTool.java:65 deleteOldFiles() ] - deleteOldFiles()-fileName:HomeMate_20170316114137.392.txt

03-30 10:47:18.966 23914 24026 D HomeMate: comm[ Thread-44567: FileTool.java:65 deleteOldFiles() ] - deleteOldFiles()-fileName:HomeMate_20170316113834.210.txt

03-30 10:47:18.966 23914 24026 D HomeMate: comm[ Thread-44567: FileTool.java:65 deleteOldFiles() ] - deleteOldFiles()-fileName:HomeMate_20170316113015.880.txt

03-30 10:47:18.967 23914 24026 D HomeMate: comm[ Thread-44567: FileTool.java:65 deleteOldFiles() ] - deleteOldFiles()-fileName:HomeMate_20170316092744.595.txt

03-30 10:47:18.967 23914 24026 D HomeMate: comm[ Thread-44567: FileTool.java:65 deleteOldFiles() ] - deleteOldFiles()-fileName:HomeMate_20170316092726.953.txt

03-30 10:47:18.967 23914 24026 D HomeMate: comm[ Thread-44567: FileTool.java:65 deleteOldFiles() ] - deleteOldFiles()-fileName:HomeMate_20170316092643.657.txt

03-30 10:47:18.968 23914 24026 D HomeMate: comm[ Thread-44567: FileTool.java:65 deleteOldFiles() ] - deleteOldFiles()-fileName:HomeMate_20170316091839.183.txt

03-30 10:47:18.968 23914 24026 D HomeMate: comm[ Thread-44567: FileTool.java:65 deleteOldFiles() ] - deleteOldFiles()-fileName:HomeMate_20170316091738.272.txt

03-30 10:47:18.969 23914 24026 D HomeMate: comm[ Thread-44567: FileTool.java:65 deleteOldFiles() ] - deleteOldFiles()-fileName:HomeMate_20170316091633.423.txt

03-30 10:47:18.969 23914 24026 D HomeMate: comm[ Thread-44567: FileTool.java:65 deleteOldFiles() ] - deleteOldFiles()-fileName:HomeMate_20170316091425.668.txt

03-30 10:47:18.969 23914 24026 D HomeMate: comm[ Thread-44567: FileTool.java:65 deleteOldFiles() ] - deleteOldFiles()-fileName:HomeMate_20170316091229.575.txt

03-30 10:47:18.978 23914 24026 D HomeMate: comm[ Thread-44567: FileTool.java:65 deleteOldFiles() ] - deleteOldFiles()-fileName:HomeMate_20170315173126.134.txt

03-30 10:47:18.979 23914 24026 D HomeMate: comm[ Thread-44567: FileTool.java:65 deleteOldFiles() ] - deleteOldFiles()-fileName:HomeMate_20170315171549.562.txt

03-30 10:47:18.979 23914 24026 D HomeMate: comm[ Thread-44567: FileTool.java:65 deleteOldFiles() ] - deleteOldFiles()-fileName:HomeMate_20170315171828.864vicenter.db

03-30 10:47:18.984 23914 23914 I a       : onMDNSFinish(phone)-gatewayInfos:[GatewayInfo{uid='007e5608c69c', model='VIH001', hubName='null', ip='192.168.56.166', port=5353}],isMDNSSearching:true

03-30 10:47:18.984 23914 23914 I a       : callBacks()-MDNS finish.onMDNSListeners:{com.orvibo.homemate.model.login.loginhub.LoginHub$2@a1ba544=com.orvibo.homemate.model.login.loginhub.LoginHub$2@a1ba544}

03-30 10:47:18.984 23914 23914 I SearchGateway: onMDNSFinish()-gatewayInfos:[GatewayInfo{uid='007e5608c69c', model='VIH001', hubName='null', ip='192.168.56.166', port=5353}]

03-30 10:47:18.985 23914 23914 D HomeMate: comm[ main: MainActivity.java:176 setTabReadTip() ] - showRedTip:true,position:3

03-30 10:47:18.985 23914 23914 D HomeMate: comm[ main: BaseRequest.java:498 stopRequest() ] - Stop request which serial is 385505083 on com.orvibo.homemate.device.home.HomeRoomPresenter$1@2fb57ee

03-30 10:47:18.985 23914 23914 D HomeMate: comm[ main: HomeRoomPresenter.java:58 init() ] - HomeRefresh

03-30 10:47:18.988 23914 24026 D HomeMate: comm[ Thread-44567: FileTool.java:65 deleteOldFiles() ] - deleteOldFiles()-fileName:HomeMate_20170315171828.882device_desc.db

03-30 10:47:18.988 23914 24026 D HomeMate: comm[ Thread-44567: FileTool.java:65 deleteOldFiles() ] - deleteOldFiles()-fileName:HomeMate_20170315165906.597.txt

03-30 10:47:18.988 23914 24026 D HomeMate: comm[ Thread-44567: FileTool.java:65 deleteOldFiles() ] - deleteOldFiles()-fileName:HomeMate_20170315165624.582.txt

03-30 10:47:18.989 23914 24026 D HomeMate: comm[ Thread-44567: FileTool.java:65 deleteOldFiles() ] - deleteOldFiles()-fileName:HomeMate_20170315165544.887.txt

03-30 10:47:18.991 23914 24026 D HomeMate: comm[ Thread-44567: FileTool.java:65 deleteOldFiles() ] - deleteOldFiles()-fileName:HomeMate_20170315165252.714.txt

03-30 10:47:18.991 23914 24026 D HomeMate: comm[ Thread-44567: FileTool.java:65 deleteOldFiles() ] - deleteOldFiles()-fileName:HomeMate_20170315164919.774.txt

03-30 10:47:18.991 23914 24026 D HomeMate: comm[ Thread-44567: FileTool.java:65 deleteOldFiles() ] - deleteOldFiles()-fileName:HomeMate_20170315164847.440.txt

03-30 10:47:18.993 23914 24026 D HomeMate: comm[ Thread-44567: FileTool.java:65 deleteOldFiles() ] - deleteOldFiles()-fileName:HomeMate_20170315164810.974.txt

03-30 10:47:18.994 23914 24026 D HomeMate: comm[ Thread-44567: FileTool.java:65 deleteOldFiles() ] - deleteOldFiles()-fileName:HomeMate_20170315164733.745.txt

03-30 10:47:18.994 23914 24026 D HomeMate: comm[ Thread-44567: FileTool.java:65 deleteOldFiles() ] - deleteOldFiles()-fileName:HomeMate_20170315164542.557.txt

03-30 10:47:18.994 23914 24026 D HomeMate: comm[ Thread-44567: FileTool.java:65 deleteOldFiles() ] - deleteOldFiles()-fileName:HomeMate_20170315163845.434.txt

03-30 10:47:18.995 23914 24026 D HomeMate: comm[ Thread-44567: FileTool.java:65 deleteOldFiles() ] - deleteOldFiles()-fileName:HomeMate_20170315163835.782.txt

03-30 10:47:18.997 23914 24026 D HomeMate: comm[ Thread-44567: FileTool.java:65 deleteOldFiles() ] - deleteOldFiles()-fileName:HomeMate_20170315163631.082.txt

03-30 10:47:18.997 23914 24026 D HomeMate: comm[ Thread-44567: FileTool.java:65 deleteOldFiles() ] - deleteOldFiles()-fileName:HomeMate_20170315163541.621.txt

03-30 10:47:18.997 23914 24026 D HomeMate: comm[ Thread-44567: FileTool.java:65 deleteOldFiles() ] - deleteOldFiles()-fileName:HomeMate_20170315163344.789.txt

03-30 10:47:18.998 23914 24026 D HomeMate: comm[ Thread-44567: FileTool.java:65 deleteOldFiles() ] - deleteOldFiles()-fileName:HomeMate_20170315163205.896.txt

03-30 10:47:18.998 23914 24026 D HomeMate: comm[ Thread-44567: FileTool.java:65 deleteOldFiles() ] - deleteOldFiles()-fileName:HomeMate_20170315163119.479.txt

03-30 10:47:18.999 23914 24026 D HomeMate: comm[ Thread-44567: FileTool.java:65 deleteOldFiles() ] - deleteOldFiles()-fileName:HomeMate_20170315163034.965.txt

03-30 10:47:18.999 23914 24026 D HomeMate: comm[ Thread-44567: FileTool.java:65 deleteOldFiles() ] - deleteOldFiles()-fileName:HomeMate_20170315162947.937.txt

03-30 10:47:18.999 23914 24026 D HomeMate: comm[ Thread-44567: FileTool.java:65 deleteOldFiles() ] - deleteOldFiles()-fileName:HomeMate_20170315162901.748.txt

03-30 10:47:19.000 23914 24026 D HomeMate: comm[ Thread-44567: FileTool.java:65 deleteOldFiles() ] - deleteOldFiles()-fileName:HomeMate_20170315161847.017.txt

03-30 10:47:19.000 23914 24026 D HomeMate: comm[ Thread-44567: FileTool.java:65 deleteOldFiles() ] - deleteOldFiles()-fileName:HomeMate_20170315161734.602.txt

03-30 10:47:19.000 23914 24026 D HomeMate: comm[ Thread-44567: FileTool.java:65 deleteOldFiles() ] - deleteOldFiles()-fileName:HomeMate_20170315161723.566.txt

03-30 10:47:19.001 23914 24026 D HomeMate: comm[ Thread-44567: FileTool.java:65 deleteOldFiles() ] - deleteOldFiles()-fileName:HomeMate_20170315161651.404.txt

03-30 10:47:19.001 23914 24026 D HomeMate: comm[ Thread-44567: FileTool.java:65 deleteOldFiles() ] - deleteOldFiles()-fileName:HomeMate_20170315161605.201.txt

03-30 10:47:19.002 23914 24026 D HomeMate: comm[ Thread-44567: FileTool.java:65 deleteOldFiles() ] - deleteOldFiles()-fileName:HomeMate_20170315161513.129.txt

03-30 10:47:19.002 23914 24026 D HomeMate: comm[ Thread-44567: FileTool.java:65 deleteOldFiles() ] - deleteOldFiles()-fileName:HomeMate_20170315161433.524.txt

03-30 10:47:19.002 23914 24026 D HomeMate: comm[ Thread-44567: FileTool.java:65 deleteOldFiles() ] - deleteOldFiles()-fileName:HomeMate_20170315161257.239.txt

03-30 10:47:19.003 23914 24026 D HomeMate: comm[ Thread-44567: FileTool.java:65 deleteOldFiles() ] - deleteOldFiles()-fileName:HomeMate_20170315161205.629.txt

03-30 10:47:19.003 23914 24026 D HomeMate: comm[ Thread-44567: FileTool.java:65 deleteOldFiles() ] - deleteOldFiles()-fileName:HomeMate_20170315161125.301.txt

03-30 10:47:19.003 23914 24026 D HomeMate: comm[ Thread-44567: FileTool.java:65 deleteOldFiles() ] - deleteOldFiles()-fileName:HomeMate_20170315160953.858.txt

03-30 10:47:19.004 23914 24026 D HomeMate: comm[ Thread-44567: FileTool.java:65 deleteOldFiles() ] - deleteOldFiles()-fileName:HomeMate_20170315160914.355.txt

03-30 10:47:19.004 23914 24026 D HomeMate: comm[ Thread-44567: FileTool.java:65 deleteOldFiles() ] - deleteOldFiles()-fileName:HomeMate_20170315160604.282.txt

03-30 10:47:19.004 23914 24026 D HomeMate: comm[ Thread-44567: FileTool.java:65 deleteOldFiles() ] - deleteOldFiles()-fileName:HomeMate_20170315160143.082.txt

03-30 10:47:19.005 23914 24026 D HomeMate: comm[ Thread-44567: FileTool.java:65 deleteOldFiles() ] - deleteOldFiles()-fileName:HomeMate_20170315155955.665.txt

03-30 10:47:19.005 23914 24026 D HomeMate: comm[ Thread-44567: FileTool.java:65 deleteOldFiles() ] - deleteOldFiles()-fileName:HomeMate_20170315155631.032.txt

03-30 10:47:19.005 23914 24026 D HomeMate: comm[ Thread-44567: FileTool.java:65 deleteOldFiles() ] - deleteOldFiles()-fileName:HomeMate_20170315155529.322.txt

03-30 10:47:19.006 23914 24026 D HomeMate: comm[ Thread-44567: FileTool.java:65 deleteOldFiles() ] - deleteOldFiles()-fileName:HomeMate_20170315155405.317.txt

03-30 10:47:19.006 23914 24026 D HomeMate: comm[ Thread-44567: FileTool.java:65 deleteOldFiles() ] - deleteOldFiles()-fileName:HomeMate_20170315154618.227.txt

03-30 10:47:19.007 23914 24026 D HomeMate: comm[ Thread-44567: FileTool.java:65 deleteOldFiles() ] - deleteOldFiles()-fileName:HomeMate_20170315154519.037.txt

03-30 10:47:19.007 23914 24026 D HomeMate: comm[ Thread-44567: FileTool.java:65 deleteOldFiles() ] - deleteOldFiles()-fileName:HomeMate_20170315154511.844.txt

03-30 10:47:19.007 23914 24026 D HomeMate: comm[ Thread-44567: FileTool.java:65 deleteOldFiles() ] - deleteOldFiles()-fileName:HomeMate_20170315153345.714.txt

03-30 10:47:19.008 23914 24026 D HomeMate: comm[ Thread-44567: FileTool.java:65 deleteOldFiles() ] - deleteOldFiles()-fileName:HomeMate_20170315153240.555.txt

03-30 10:47:19.008 23914 24026 D HomeMate: comm[ Thread-44567: FileTool.java:65 deleteOldFiles() ] - deleteOldFiles()-fileName:HomeMate_20170315145956.701.txt

03-30 10:47:19.008 23914 24026 D HomeMate: comm[ Thread-44567: FileTool.java:65 deleteOldFiles() ] - deleteOldFiles()-fileName:HomeMate_20170315145950.003.txt

03-30 10:47:19.009 23914 24026 D HomeMate: comm[ Thread-44567: FileTool.java:65 deleteOldFiles() ] - deleteOldFiles()-fileName:HomeMate_20170315142144.680.txt

03-30 10:47:19.009 23914 24026 D HomeMate: comm[ Thread-44567: FileTool.java:65 deleteOldFiles() ] - deleteOldFiles()-fileName:HomeMate_20170315142102.593.txt

03-30 10:47:19.010 23914 24026 D HomeMate: comm[ Thread-44567: FileTool.java:65 deleteOldFiles() ] - deleteOldFiles()-fileName:HomeMate_20170315135952.188.txt

03-30 10:47:19.010 23914 24026 D HomeMate: comm[ Thread-44567: FileTool.java:65 deleteOldFiles() ] - deleteOldFiles()-fileName:HomeMate_20170315135941.637.txt

03-30 10:47:19.011 23914 24026 D HomeMate: comm[ Thread-44567: FileTool.java:65 deleteOldFiles() ] - deleteOldFiles()-fileName:HomeMate_20170315135558.461.txt

03-30 10:47:19.011 23914 24026 D HomeMate: comm[ Thread-44567: FileTool.java:65 deleteOldFiles() ] - deleteOldFiles()-fileName:HomeMate_20170315133847.445.txt

03-30 10:47:19.011 23914 24026 D HomeMate: comm[ Thread-44567: FileTool.java:65 deleteOldFiles() ] - deleteOldFiles()-fileName:HomeMate_20170315125724.932.txt

03-30 10:47:19.012 23914 24026 D HomeMate: comm[ Thread-44567: FileTool.java:65 deleteOldFiles() ] - deleteOldFiles()-fileName:HomeMate_20170315125621.143.txt

03-30 10:47:19.012 23914 24026 D HomeMate: comm[ Thread-44567: FileTool.java:65 deleteOldFiles() ] - deleteOldFiles()-fileName:HomeMate_20170315125535.812.txt

03-30 10:47:19.012 23914 24026 D HomeMate: comm[ Thread-44567: FileTool.java:65 deleteOldFiles() ] - deleteOldFiles()-fileName:HomeMate_20170315125450.208.txt

03-30 10:47:19.013 23914 24026 D HomeMate: comm[ Thread-44567: FileTool.java:65 deleteOldFiles() ] - deleteOldFiles()-fileName:HomeMate_20170315125236.897.txt

03-30 10:47:19.013 23914 24026 D HomeMate: comm[ Thread-44567: FileTool.java:65 deleteOldFiles() ] - deleteOldFiles()-fileName:HomeMate_20170315124941.569.txt

03-30 10:47:19.013 23914 23914 D HomeMate: comm[ main: HomeFragment.java:279 onInit() ] - HomeRefresh

03-30 10:47:19.013 23914 24026 D HomeMate: comm[ Thread-44567: FileTool.java:65 deleteOldFiles() ] - deleteOldFiles()-fileName:HomeMate_20170315124831.111.txt

03-30 10:47:19.014 23914 23914 D HomeMate: allen[ main: HomeFragment.java:291 onRefreshFamilies() ] - families:[Family{familyId='ea4205a93f1c46b4a6df9bb391513dd9', pic='null', creator='91a31ba24648493aad89636922662c04', familyName='ojrtx', nickname_in_family='null', email='15079034630@126.com', phone='', showIndex=1, isAdmin=1, userid='91a31ba24648493aad89636922662c04', userName=ahdhhddhhd, updateTimeSec=1490841108000} , Family{familyId='7c9d5013119f46a2a89fe662794afe17', pic='null', creator='91a31ba24648493aad89636922662c04', familyName='gggy', nickname_in_family='null', email='15079034630@126.com', phone='', showIndex=2, isAdmin=1, userid='91a31ba24648493aad89636922662c04', userName=ahdhhddhhd, updateTimeSec=1490702078000} , Family{familyId='2f2e636022b94e218b3c2f9756c65cc5', pic='http://homemate.orvibo.com/images/family/decd605137a041d3943517d8943621bf.png', creator='91a31ba24648493aad89636922662c04', familyName='f30ow', nickname_in_family='null', email='15079034630@126.com', phone='', showIndex=3, isAdmin=1, userid='91a31ba24648493aad89636922662c04', userName=ahdhhddhhd, updateTimeSec=1490702078000} , Family{familyId='8a1ceb7b78034a539fbebe64efd979fc', pic='http://homemate.orvibo.com/images/family/5d1549631bde4bba877fa28498755239.png', creator='91a31ba24648493aad89636922662c04', familyName='2fa1b', nickname_in_family='null', email='15079034630@126.com', phone='', showIndex=4, isAdmin=1, userid='91a31ba24648493aad89636922662c04', userName=ahdhhddhhd, updateTimeSec=1490702078000} , Family{familyId='dbc10e32ebe547cc932bce19fe63d2c1', pic='http://homemate.orvibo.com/images/family/783967619a144ff182042bce99002bb1.png', creator='91a31ba24648493aad89636922662c04', familyName='iu299', nickname_in_family='null', email='15079034630@126.com', phone='', showIndex=5, isAdmin=1, userid='91a31ba24648493aad89636922662c04', userName=ahdhhddhhd, updateTimeSec=1490702078000} ] selectFamilyPosition:0

03-30 10:47:19.014 23914 24026 D HomeMate: comm[ Thread-44567: FileTool.java:65 deleteOldFiles() ] - deleteOldFiles()-fileName:HomeMate_20170315124745.963.txt

03-30 10:47:19.014 23914 24026 D HomeMate: comm[ Thread-44567: FileTool.java:65 deleteOldFiles() ] - deleteOldFiles()-fileName:HomeMate_20170315124700.288.txt

03-30 10:47:19.014 23914 24026 D HomeMate: comm[ Thread-44567: FileTool.java:65 deleteOldFiles() ] - deleteOldFiles()-fileName:HomeMate_20170315124522.496.txt

03-30 10:47:19.015 23914 24026 D HomeMate: comm[ Thread-44567: FileTool.java:65 deleteOldFiles() ] - deleteOldFiles()-fileName:HomeMate_20170315124437.099.txt

03-30 10:47:19.015 23914 24026 D HomeMate: comm[ Thread-44567: FileTool.java:65 deleteOldFiles() ] - deleteOldFiles()-fileName:HomeMate_20170315124351.378.txt

03-30 10:47:19.016 23914 24026 D HomeMate: comm[ Thread-44567: FileTool.java:65 deleteOldFiles() ] - deleteOldFiles()-fileName:HomeMate_20170315123516.255.txt

03-30 10:47:19.016 23914 24026 D HomeMate: comm[ Thread-44567: FileTool.java:65 deleteOldFiles() ] - deleteOldFiles()-fileName:HomeMate_20170315123353.173.txt

03-30 10:47:19.016 23914 24026 D HomeMate: comm[ Thread-44567: FileTool.java:65 deleteOldFiles() ] - deleteOldFiles()-fileName:HomeMate_20170315123252.813.txt

03-30 10:47:19.017 23914 24026 D HomeMate: comm[ Thread-44567: FileTool.java:65 deleteOldFiles() ] - deleteOldFiles()-fileName:HomeMate_20170315123152.673.txt

03-30 10:47:19.017 23914 24026 D HomeMate: comm[ Thread-44567: FileTool.java:65 deleteOldFiles() ] - deleteOldFiles()-fileName:HomeMate_20170315123048.224.txt

03-30 10:47:19.017 23914 24026 D HomeMate: comm[ Thread-44567: FileTool.java:65 deleteOldFiles() ] - deleteOldFiles()-fileName:HomeMate_20170315122923.341.txt

03-30 10:47:19.018 23914 24026 D HomeMate: comm[ Thread-44567: FileTool.java:65 deleteOldFiles() ] - deleteOldFiles()-fileName:HomeMate_20170315122703.718.txt

03-30 10:47:19.018 23914 24026 D HomeMate: comm[ Thread-44567: FileTool.java:65 deleteOldFiles() ] - deleteOldFiles()-fileName:HomeMate_20170315122534.306.txt

03-30 10:47:19.018 23914 24026 D HomeMate: comm[ Thread-44567: FileTool.java:65 deleteOldFiles() ] - deleteOldFiles()-fileName:HomeMate_20170315122425.253.txt

03-30 10:47:19.019 23914 24026 D HomeMate: comm[ Thread-44567: FileTool.java:65 deleteOldFiles() ] - deleteOldFiles()-fileName:HomeMate_20170315122338.937.txt

03-30 10:47:19.019 23914 24026 D HomeMate: comm[ Thread-44567: FileTool.java:65 deleteOldFiles() ] - deleteOldFiles()-fileName:HomeMate_20170315122254.419.txt

03-30 10:47:19.020 23914 24026 D HomeMate: comm[ Thread-44567: FileTool.java:65 deleteOldFiles() ] - deleteOldFiles()-fileName:HomeMate_20170315122033.533.txt

03-30 10:47:19.020 23914 24026 D HomeMate: comm[ Thread-44567: FileTool.java:65 deleteOldFiles() ] - deleteOldFiles()-fileName:HomeMate_20170315121652.417.txt

03-30 10:47:19.021 23914 24026 D HomeMate: comm[ Thread-44567: FileTool.java:65 deleteOldFiles() ] - deleteOldFiles()-fileName:HomeMate_20170315121646.080.txt

03-30 10:47:19.021 23914 24026 D HomeMate: comm[ Thread-44567: FileTool.java:65 deleteOldFiles() ] - deleteOldFiles()-fileName:HomeMate_20170315121635.468.txt

03-30 10:47:19.022 23914 24026 D HomeMate: comm[ Thread-44567: FileTool.java:65 deleteOldFiles() ] - deleteOldFiles()-fileName:HomeMate_20170315121623.915.txt

03-30 10:47:19.022 23914 24026 D HomeMate: comm[ Thread-44567: FileTool.java:65 deleteOldFiles() ] - deleteOldFiles()-fileName:HomeMate_20170315121612.086.txt

03-30 10:47:19.022 23914 24026 D HomeMate: comm[ Thread-44567: FileTool.java:65 deleteOldFiles() ] - deleteOldFiles()-fileName:HomeMate_20170315121600.373.txt

03-30 10:47:19.023 23914 24026 D HomeMate: comm[ Thread-44567: FileTool.java:65 deleteOldFiles() ] - deleteOldFiles()-fileName:HomeMate_20170315114852.540.txt

03-30 10:47:19.023 23914 24026 D HomeMate: comm[ Thread-44567: FileTool.java:65 deleteOldFiles() ] - deleteOldFiles()-fileName:HomeMate_20170315114814.888.txt

03-30 10:47:19.024 23914 24026 D HomeMate: comm[ Thread-44567: FileTool.java:65 deleteOldFiles() ] - deleteOldFiles()-fileName:HomeMate_20170315114701.642.txt

03-30 10:47:19.024 23914 24026 D HomeMate: comm[ Thread-44567: FileTool.java:65 deleteOldFiles() ] - deleteOldFiles()-fileName:HomeMate_20170315114609.703.txt

03-30 10:47:19.024 23914 24026 D HomeMate: comm[ Thread-44567: FileTool.java:65 deleteOldFiles() ] - deleteOldFiles()-fileName:HomeMate_20170315114526.263.txt

03-30 10:47:19.025 23914 24026 D HomeMate: comm[ Thread-44567: FileTool.java:65 deleteOldFiles() ] - deleteOldFiles()-fileName:HomeMate_20170315114434.896.txt

03-30 10:47:19.025 23914 24026 D HomeMate: comm[ Thread-44567: FileTool.java:65 deleteOldFiles() ] - deleteOldFiles()-fileName:HomeMate_20170315114323.195.txt

03-30 10:47:19.025 23914 24026 D HomeMate: comm[ Thread-44567: FileTool.java:65 deleteOldFiles() ] - deleteOldFiles()-fileName:HomeMate_20170315114242.183.txt

03-30 10:47:19.026 23914 24026 D HomeMate: comm[ Thread-44567: FileTool.java:65 deleteOldFiles() ] - deleteOldFiles()-fileName:HomeMate_20170315114128.051.txt

03-30 10:47:19.026 23914 24026 D HomeMate: comm[ Thread-44567: FileTool.java:65 deleteOldFiles() ] - deleteOldFiles()-fileName:HomeMate_20170315114023.883.txt

03-30 10:47:19.026 23914 24026 D HomeMate: comm[ Thread-44567: FileTool.java:65 deleteOldFiles() ] - deleteOldFiles()-fileName:HomeMate_20170315113918.177.txt

03-30 10:47:19.027 23914 24026 D HomeMate: comm[ Thread-44567: FileTool.java:65 deleteOldFiles() ] - deleteOldFiles()-fileName:HomeMate_20170315113750.298.txt

03-30 10:47:19.027 23914 24026 D HomeMate: comm[ Thread-44567: FileTool.java:65 deleteOldFiles() ] - deleteOldFiles()-fileName:HomeMate_20170315113658.644.txt

03-30 10:47:19.027 23914 24026 D HomeMate: comm[ Thread-44567: FileTool.java:65 deleteOldFiles() ] - deleteOldFiles()-fileName:HomeMate_20170315113528.642.txt

03-30 10:47:19.028 23914 24026 D HomeMate: comm[ Thread-44567: FileTool.java:65 deleteOldFiles() ] - deleteOldFiles()-fileName:HomeMate_20170315113405.698.txt

03-30 10:47:19.028 23914 24026 D HomeMate: comm[ Thread-44567: FileTool.java:65 deleteOldFiles() ] - deleteOldFiles()-fileName:HomeMate_20170315113251.834.txt

03-30 10:47:19.029 23914 24026 D HomeMate: comm[ Thread-44567: FileTool.java:65 deleteOldFiles() ] - deleteOldFiles()-fileName:HomeMate_20170315113209.636.txt

03-30 10:47:19.029 23914 24026 D HomeMate: comm[ Thread-44567: FileTool.java:65 deleteOldFiles() ] - deleteOldFiles()-fileName:HomeMate_20170315113124.566.txt

03-30 10:47:19.029 23914 24026 D HomeMate: comm[ Thread-44567: FileTool.java:65 deleteOldFiles() ] - deleteOldFiles()-fileName:HomeMate_20170315113039.834.txt

03-30 10:47:19.031 23914 24026 D HomeMate: comm[ Thread-44567: FileTool.java:65 deleteOldFiles() ] - deleteOldFiles()-fileName:HomeMate_20170315112945.535.txt

03-30 10:47:19.032 23914 24026 D HomeMate: comm[ Thread-44567: FileTool.java:65 deleteOldFiles() ] - deleteOldFiles()-fileName:HomeMate_20170315112846.587.txt

03-30 10:47:19.032 23914 24026 D HomeMate: comm[ Thread-44567: FileTool.java:65 deleteOldFiles() ] - deleteOldFiles()-fileName:HomeMate_20170315112723.019.txt

03-30 10:47:19.033 23914 24026 D HomeMate: comm[ Thread-44567: FileTool.java:65 deleteOldFiles() ] - deleteOldFiles()-fileName:HomeMate_20170315112614.319.txt

03-30 10:47:19.033 23914 24026 D HomeMate: comm[ Thread-44567: FileTool.java:65 deleteOldFiles() ] - deleteOldFiles()-fileName:HomeMate_20170315112532.735.txt

03-30 10:47:19.034 23914 24026 D HomeMate: comm[ Thread-44567: FileTool.java:65 deleteOldFiles() ] - deleteOldFiles()-fileName:HomeMate_20170315112442.943.txt

03-30 10:47:19.034 23914 24026 D HomeMate: comm[ Thread-44567: FileTool.java:65 deleteOldFiles() ] - deleteOldFiles()-fileName:HomeMate_20170315112253.977.txt

03-30 10:47:19.035 23914 24026 D HomeMate: comm[ Thread-44567: FileTool.java:65 deleteOldFiles() ] - deleteOldFiles()-fileName:HomeMate_20170315112048.243.txt

03-30 10:47:19.035 23914 24026 D HomeMate: comm[ Thread-44567: FileTool.java:65 deleteOldFiles() ] - deleteOldFiles()-fileName:HomeMate_20170315111908.007.txt

03-30 10:47:19.036 23914 24026 D HomeMate: comm[ Thread-44567: FileTool.java:65 deleteOldFiles() ] - deleteOldFiles()-fileName:HomeMate_20170315111724.809.txt

03-30 10:47:19.036 23914 24026 D HomeMate: comm[ Thread-44567: FileTool.java:65 deleteOldFiles() ] - deleteOldFiles()-fileName:HomeMate_20170315111631.263.txt

03-30 10:47:19.036 23914 24026 D HomeMate: comm[ Thread-44567: FileTool.java:65 deleteOldFiles() ] - deleteOldFiles()-fileName:HomeMate_20170315111539.241.txt

03-30 10:47:19.037 23914 24026 D HomeMate: comm[ Thread-44567: FileTool.java:65 deleteOldFiles() ] - deleteOldFiles()-fileName:HomeMate_20170315111450.095.txt

03-30 10:47:19.037 23914 24026 D HomeMate: comm[ Thread-44567: FileTool.java:65 deleteOldFiles() ] - deleteOldFiles()-fileName:HomeMate_20170315111400.711.txt

03-30 10:47:19.037 23914 24026 D HomeMate: comm[ Thread-44567: FileTool.java:65 deleteOldFiles() ] - deleteOldFiles()-fileName:HomeMate_20170315111305.817.txt

03-30 10:47:19.038 23914 24026 D HomeMate: comm[ Thread-44567: FileTool.java:65 deleteOldFiles() ] - deleteOldFiles()-fileName:HomeMate_20170315111159.453.txt

03-30 10:47:19.038 23914 24026 D HomeMate: comm[ Thread-44567: FileTool.java:65 deleteOldFiles() ] - deleteOldFiles()-fileName:HomeMate_20170315111107.549.txt

03-30 10:47:19.038 23914 24026 D HomeMate: comm[ Thread-44567: FileTool.java:65 deleteOldFiles() ] - deleteOldFiles()-fileName:HomeMate_20170315111021.308.txt

03-30 10:47:19.039 23914 24026 D HomeMate: comm[ Thread-44567: FileTool.java:65 deleteOldFiles() ] - deleteOldFiles()-fileName:HomeMate_20170315110932.217.txt

03-30 10:47:19.040 23914 24026 D HomeMate: comm[ Thread-44567: FileTool.java:65 deleteOldFiles() ] - deleteOldFiles()-fileName:HomeMate_20170315110730.488.txt

03-30 10:47:19.041 23914 24026 D HomeMate: comm[ Thread-44567: FileTool.java:65 deleteOldFiles() ] - deleteOldFiles()-fileName:HomeMate_20170315110641.616.txt

03-30 10:47:19.042 23914 24026 D HomeMate: comm[ Thread-44567: FileTool.java:65 deleteOldFiles() ] - deleteOldFiles()-fileName:HomeMate_20170315110447.770.txt

03-30 10:47:19.042 23914 24026 D HomeMate: comm[ Thread-44567: FileTool.java:65 deleteOldFiles() ] - deleteOldFiles()-fileName:HomeMate_20170315110309.988.txt

03-30 10:47:19.042 23914 24026 D HomeMate: comm[ Thread-44567: FileTool.java:65 deleteOldFiles() ] - deleteOldFiles()-fileName:HomeMate_20170315110224.792.txt

03-30 10:47:19.043 23914 24026 D HomeMate: comm[ Thread-44567: FileTool.java:65 deleteOldFiles() ] - deleteOldFiles()-fileName:HomeMate_20170315110140.343.txt

03-30 10:47:19.043 23914 24026 D HomeMate: comm[ Thread-44567: FileTool.java:65 deleteOldFiles() ] - deleteOldFiles()-fileName:HomeMate_20170315110054.542.txt

03-30 10:47:19.044  3745  3745 D wpa_supplicant: wlan0: Control interface command 'SCAN TYPE=ONLY'

03-30 10:47:19.044 23914 24026 D HomeMate: comm[ Thread-44567: FileTool.java:65 deleteOldFiles() ] - deleteOldFiles()-fileName:HomeMate_20170315110012.140.txt

03-30 10:47:19.044  3745  3745 D wpa_supplicant: wlan0: Setting scan request: 0.000000 sec

03-30 10:47:19.044  3745  3745 D wpa_supplicant: CTRL-DEBUG: global_ctrl_sock-sendto: sock=11 sndbuf=163840 outq=0 send_len=3

03-30 10:47:19.044 23914 23914 D HomeMate: comm[ main: HomeFragment.java:382 doRefreshRooms() ] - HomeRefresh-do refresh

03-30 10:47:19.044  3745  3745 D wpa_supplicant: wlan0: Starting AP scan for wildcard SSID

03-30 10:47:19.044  3745  3745 D wpa_supplicant: wlan0: Add radio work 'scan'@0xb68d9398

03-30 10:47:19.044  3745  3745 D wpa_supplicant: wlan0: First radio work item in the queue - schedule start immediately

03-30 10:47:19.044  3745  3745 D wpa_supplicant: wlan0: Starting radio work 'scan'@0xb68d9398 after 0.000057 second wait

03-30 10:47:19.044  3745  3745 D wpa_supplicant: wlan0: nl80211: scan request

03-30 10:47:19.044 23914 24026 D HomeMate: comm[ Thread-44567: FileTool.java:65 deleteOldFiles() ] - deleteOldFiles()-fileName:HomeMate_20170315105859.533.txt

03-30 10:47:19.044  3745  3745 D wpa_supplicant: nl80211: Scan SSID - hexdump(len=0): [NULL]

03-30 10:47:19.044 23914 23914 D HomeMate: allen[ main: HomeFragment.java:385 doRefreshRooms() ] - rooms:[Room{roomId='ea4205a93f1c46b4a6df9bb391513dd9', roomName='é»è®¤æ¿é´', floorId='714c9032b3ef488bbfe77bff438d53a4', roomType=0, sequence=0, isDefaultRoom=false, imgUrl='/storage/emulated/0/HomeMate/room/6_thumb'} BaseBo{delFlag=0, updateTime='0', createTime='0', updateTimeSec=0, uid='null', userName='null'}] selectRoomPosition:0

03-30 10:47:19.044  3745  3745 D wpa_supplicant: nl80211: Scan extra IEs - hexdump(len=7): 7f 05 00 00 0a 02 01

03-30 10:47:19.044 23914 24026 D HomeMate: comm[ Thread-44567: FileTool.java:65 deleteOldFiles() ] - deleteOldFiles()-fileName:HomeMate_20170315105735.086.txt

03-30 10:47:19.045 23914 24026 D HomeMate: comm[ Thread-44567: FileTool.java:65 deleteOldFiles() ] - deleteOldFiles()-fileName:HomeMate_20170315105331.858.txt

03-30 10:47:19.047  3745  3745 D wpa_supplicant: Scan requested (ret=0) - scan timeout 30 seconds

03-30 10:47:19.047  3745  3745 D wpa_supplicant: nl80211: Event message available

03-30 10:47:19.047  3745  3745 D wpa_supplicant: nl80211: Drv Event 33 (NL80211_CMD_TRIGGER_SCAN) received for wlan0

03-30 10:47:19.047  3745  3745 D wpa_supplicant: wlan0: nl80211: Scan trigger

03-30 10:47:19.047  3745  3745 D wpa_supplicant: wlan0: Event SCAN_STARTED (47) received

03-30 10:47:19.047  3745  3745 D wpa_supplicant: wlan0: Own scan request started a scan in 0.000145 seconds

03-30 10:47:19.047  3745  3745 D wpa_supplicant: CTRL-DEBUG: ctrl_sock-sendmsg: sock=11 sndbuf=163840 outq=0 send_len=24

03-30 10:47:19.047  3745  3745 D wpa_supplicant: CTRL_IFACE monitor sent successfully to /data/misc/wifi/sockets/wpa_ctrl_2044-2\x00

03-30 10:47:19.047 23914 24026 D HomeMate: comm[ Thread-44567: FileTool.java:65 deleteOldFiles() ] - deleteOldFiles()-fileName:HomeMate_20170315102638.310.txt

03-30 10:47:19.048 23914 24026 D HomeMate: comm[ Thread-44567: FileTool.java:65 deleteOldFiles() ] - deleteOldFiles()-fileName:HomeMate_20170315102553.301.txt

03-30 10:47:19.048 23914 24026 D HomeMate: comm[ Thread-44567: FileTool.java:65 deleteOldFiles() ] - deleteOldFiles()-fileName:HomeMate_20170315102506.333.txt

03-30 10:47:19.048 23914 24026 D HomeMate: comm[ Thread-44567: FileTool.java:65 deleteOldFiles() ] - deleteOldFiles()-fileName:HomeMate_20170315102420.784.txt

03-30 10:47:19.049 23914 24026 D HomeMate: comm[ Thread-44567: FileTool.java:65 deleteOldFiles() ] - deleteOldFiles()-fileName:HomeMate_20170315091708.070.txt

03-30 10:47:19.049 23914 24026 D HomeMate: comm[ Thread-44567: FileTool.java:65 deleteOldFiles() ] - deleteOldFiles()-fileName:HomeMate_20170315091636.400.txt

03-30 10:47:19.055 23914 24026 D HomeMate: comm[ Thread-44567: FileTool.java:65 deleteOldFiles() ] - deleteOldFiles()-fileName:HomeMate_20170315091531.864.txt

03-30 10:47:19.055 23914 24026 D HomeMate: comm[ Thread-44567: FileTool.java:65 deleteOldFiles() ] - deleteOldFiles()-fileName:HomeMate_20170315091450.189.txt

03-30 10:47:19.056 23914 24026 D HomeMate: comm[ Thread-44567: FileTool.java:65 deleteOldFiles() ] - deleteOldFiles()-fileName:HomeMate_20170315090727.357.txt

03-30 10:47:19.056 23914 24026 D HomeMate: comm[ Thread-44567: FileTool.java:65 deleteOldFiles() ] - deleteOldFiles()-fileName:HomeMate_20170314194309.602.txt

03-30 10:47:19.057 23914 24026 D HomeMate: comm[ Thread-44567: FileTool.java:65 deleteOldFiles() ] - deleteOldFiles()-fileName:HomeMate_20170314194528.432vicenter.db

03-30 10:47:19.058 23914 24026 D HomeMate: comm[ Thread-44567: FileTool.java:65 deleteOldFiles() ] - deleteOldFiles()-fileName:HomeMate_20170314194528.471device_desc.db

03-30 10:47:19.058 23914 24026 D HomeMate: comm[ Thread-44567: FileTool.java:65 deleteOldFiles() ] - deleteOldFiles()-fileName:HomeMate_20170314191435.952.txt

03-30 10:47:19.058 23914 24026 D HomeMate: comm[ Thread-44567: FileTool.java:65 deleteOldFiles() ] - deleteOldFiles()-fileName:HomeMate_20170314191342.186.txt

03-30 10:47:19.059 23914 24026 D HomeMate: comm[ Thread-44567: FileTool.java:65 deleteOldFiles() ] - deleteOldFiles()-fileName:HomeMate_20170314190407.728.txt

03-30 10:47:19.059 23914 24026 D HomeMate: comm[ Thread-44567: FileTool.java:65 deleteOldFiles() ] - deleteOldFiles()-fileName:HomeMate_20170314190302.766.txt

03-30 10:47:19.060 23914 23914 D HomeMate: comm[ main: BaseFragment.java:74 onAttach() ] - HomePagerFragment

03-30 10:47:19.063 23914 23914 D HomeMate: allen[ main: HomePagerFragment.java:120 onCreateView() ] - onCreateView()

03-30 10:47:19.066 23914 23914 V BoostFramework: BoostFramework() : mPerf = com.qualcomm.qti.Performance@aa58c0f

03-30 10:47:19.066 23914 24026 D HomeMate: comm[ Thread-44567: FileTool.java:65 deleteOldFiles() ] - deleteOldFiles()-fileName:HomeMate_20170314190225.130.txt

03-30 10:47:19.066 23914 23914 V BoostFramework: BoostFramework() : mPerf = com.qualcomm.qti.Performance@bc3649c

03-30 10:47:19.066 23914 24026 D HomeMate: comm[ Thread-44567: FileTool.java:65 deleteOldFiles() ] - deleteOldFiles()-fileName:HomeMate_20170314190133.082.txt

03-30 10:47:19.068 23914 23914 V BoostFramework: BoostFramework() : mPerf = com.qualcomm.qti.Performance@43e327a

03-30 10:47:19.069 23914 23914 V BoostFramework: BoostFramework() : mPerf = com.qualcomm.qti.Performance@638da2b

03-30 10:47:19.070 23914 24026 D HomeMate: comm[ Thread-44567: FileTool.java:65 deleteOldFiles() ] - deleteOldFiles()-fileName:HomeMate_20170314190122.738.txt

03-30 10:47:19.070 23914 24026 D HomeMate: comm[ Thread-44567: FileTool.java:65 deleteOldFiles() ] - deleteOldFiles()-fileName:HomeMate_20170314190113.571.txt

03-30 10:47:19.071 23914 24026 D HomeMate: comm[ Thread-44567: FileTool.java:65 deleteOldFiles() ] - deleteOldFiles()-fileName:HomeMate_20170314190036.218.txt

03-30 10:47:19.071 23914 24026 D HomeMate: comm[ Thread-44567: FileTool.java:65 deleteOldFiles() ] - deleteOldFiles()-fileName:HomeMate_20170314185958.974.txt

03-30 10:47:19.071 23914 24026 D HomeMate: comm[ Thread-44567: FileTool.java:65 deleteOldFiles() ] - deleteOldFiles()-fileName:HomeMate_20170314180421.293.txt

03-30 10:47:19.073 23914 24026 D HomeMate: comm[ Thread-44567: FileTool.java:65 deleteOldFiles() ] - deleteOldFiles()-fileName:HomeMate_20170314175634.752.txt

03-30 10:47:19.074 23914 24026 D HomeMate: comm[ Thread-44567: FileTool.java:65 deleteOldFiles() ] - deleteOldFiles()-fileName:HomeMate_20170314174531.915.txt

03-30 10:47:19.074 23914 24026 D HomeMate: comm[ Thread-44567: FileTool.java:65 deleteOldFiles() ] - deleteOldFiles()-fileName:HomeMate_20170314174242.283.txt

03-30 10:47:19.074 23914 24026 D HomeMate: comm[ Thread-44567: FileTool.java:65 deleteOldFiles() ] - deleteOldFiles()-fileName:HomeMate_20170314173009.987.txt

03-30 10:47:19.075 23914 24026 D HomeMate: comm[ Thread-44567: FileTool.java:65 deleteOldFiles() ] - deleteOldFiles()-fileName:HomeMate_20170314171124.633.txt

03-30 10:47:19.075 23914 24026 D HomeMate: comm[ Thread-44567: FileTool.java:65 deleteOldFiles() ] - deleteOldFiles()-fileName:HomeMate_20170314170148.988.txt

03-30 10:47:19.076 23914 24026 D HomeMate: comm[ Thread-44567: FileTool.java:65 deleteOldFiles() ] - deleteOldFiles()-fileName:HomeMate_20170314170103.140.txt

03-30 10:47:19.076 23914 24026 D HomeMate: comm[ Thread-44567: FileTool.java:65 deleteOldFiles() ] - deleteOldFiles()-fileName:HomeMate_20170314170048.079.txt

03-30 10:47:19.076 23914 24026 D HomeMate: comm[ Thread-44567: FileTool.java:65 deleteOldFiles() ] - deleteOldFiles()-fileName:HomeMate_20170314165946.316.txt

03-30 10:47:19.078 23914 23914 D HomeMate: allen[ main: HomePagerFragment.java:186 onActivityCreated() ] - onActivityCreated()

03-30 10:47:19.078 23914 24026 D HomeMate: comm[ Thread-44567: FileTool.java:65 deleteOldFiles() ] - deleteOldFiles()-fileName:HomeMate_20170314165800.825.txt

03-30 10:47:19.079 23914 24026 D HomeMate: comm[ Thread-44567: FileTool.java:65 deleteOldFiles() ] - deleteOldFiles()-fileName:HomeMate_20170314164742.923.txt

03-30 10:47:19.079 23914 24026 D HomeMate: comm[ Thread-44567: FileTool.java:65 deleteOldFiles() ] - deleteOldFiles()-fileName:HomeMate_20170314164639.933.txt

03-30 10:47:19.080 23914 24026 D HomeMate: comm[ Thread-44567: FileTool.java:65 deleteOldFiles() ] - deleteOldFiles()-fileName:HomeMate_20170314164533.729.txt

03-30 10:47:19.080 23914 24026 D HomeMate: comm[ Thread-44567: FileTool.java:65 deleteOldFiles() ] - deleteOldFiles()-fileName:HomeMate_20170314164406.231.txt

03-30 10:47:19.080 23914 24026 D HomeMate: comm[ Thread-44567: FileTool.java:65 deleteOldFiles() ] - deleteOldFiles()-fileName:HomeMate_20170314163059.622.txt

03-30 10:47:19.081 23914 24026 D HomeMate: comm[ Thread-44567: FileTool.java:65 deleteOldFiles() ] - deleteOldFiles()-fileName:HomeMate_20170314163002.900.txt

03-30 10:47:19.081 23914 24026 D HomeMate: comm[ Thread-44567: FileTool.java:65 deleteOldFiles() ] - deleteOldFiles()-fileName:HomeMate_20170314162904.677.txt

03-30 10:47:19.082 23914 24026 D HomeMate: comm[ Thread-44567: FileTool.java:65 deleteOldFiles() ] - deleteOldFiles()-fileName:HomeMate_20170314162814.496.txt

03-30 10:47:19.082 23914 24026 D HomeMate: comm[ Thread-44567: FileTool.java:65 deleteOldFiles() ] - deleteOldFiles()-fileName:HomeMate_20170314162733.632.txt

03-30 10:47:19.082 23914 24026 D HomeMate: comm[ Thread-44567: FileTool.java:65 deleteOldFiles() ] - deleteOldFiles()-fileName:HomeMate_20170314162523.215.txt

03-30 10:47:19.088 23914 23914 D HomeMate: comm[ main: PropertyReport.java:94 registerNewPropertyReport() ] - registerNewPropertyReport()-listener:com.orvibo.homemate.device.home.HomeDevicePresenter@f02e88

03-30 10:47:19.088 23914 23914 D HomeMate: allen[ main: HomeDevicePresenter.java:110 refresh() ] - Start to init devices.

03-30 10:47:19.088 23914 23914 D HomeMate: allen[ main: HomeDevicePresenter.java:114 refresh() ] - Show devices from Room{roomId='ea4205a93f1c46b4a6df9bb391513dd9', roomName='é»è®¤æ¿é´', floorId='714c9032b3ef488bbfe77bff438d53a4', roomType=0, sequence=0, isDefaultRoom=false, imgUrl='/storage/emulated/0/HomeMate/room/6_thumb'} BaseBo{delFlag=0, updateTime='0', createTime='0', updateTimeSec=0, uid='null', userName='null'}

03-30 10:47:19.089 23914 24026 D HomeMate: comm[ Thread-44567: FileTool.java:65 deleteOldFiles() ] - deleteOldFiles()-fileName:HomeMate_20170314162433.431.txt

03-30 10:47:19.090 23914 24026 D HomeMate: comm[ Thread-44567: FileTool.java:65 deleteOldFiles() ] - deleteOldFiles()-fileName:HomeMate_20170314162353.877.txt

03-30 10:47:19.094 23914 24026 D HomeMate: comm[ Thread-44567: FileTool.java:65 deleteOldFiles() ] - deleteOldFiles()-fileName:HomeMate_20170314162305.668.txt

03-30 10:47:19.096 23914 24026 D HomeMate: comm[ Thread-44567: FileTool.java:65 deleteOldFiles() ] - deleteOldFiles()-fileName:HomeMate_20170314162204.038.txt

03-30 10:47:19.097 23914 24026 D HomeMate: comm[ Thread-44567: FileTool.java:65 deleteOldFiles() ] - deleteOldFiles()-fileName:HomeMate_20170314162120.687.txt

03-30 10:47:19.097 23914 23914 D HomeMate: allen[ main: HomeDevicePresenter.java:116 refresh() ] - devices [Device{uid=5ccf7fda9b5e, deviceName=S30æºè½æåº§, deviceId=040c8e12fd4d4f3192d9a5378cf8b149, appDeviceId=65533, deviceType=29, roomId=, company='', delFlag=0, extAddr='', endpoint=-1, irDeviceId=, sequence=0, model='62f1da0474434509923b2dc947a0f14c', updateTime=1490840335000(2017-03-30 10:18:55), userName=null} ]

03-30 10:47:19.097 23914 24026 D HomeMate: comm[ Thread-44567: FileTool.java:65 deleteOldFiles() ] - deleteOldFiles()-fileName:HomeMate_20170314162018.423.txt

03-30 10:47:19.097 23914 24026 D HomeMate: comm[ Thread-44567: FileTool.java:65 deleteOldFiles() ] - deleteOldFiles()-fileName:HomeMate_20170314161918.849.txt

03-30 10:47:19.099 23914 24026 D HomeMate: comm[ Thread-44567: FileTool.java:65 deleteOldFiles() ] - deleteOldFiles()-fileName:HomeMate_20170314161838.102.txt

03-30 10:47:19.099 23914 24026 D HomeMate: comm[ Thread-44567: FileTool.java:65 deleteOldFiles() ] - deleteOldFiles()-fileName:HomeMate_20170314161728.020.txt

03-30 10:47:19.099   379   493 I ThermalEngine: Sensor:batt_temp:366 mC

03-30 10:47:19.099 23914 24026 D HomeMate: comm[ Thread-44567: FileTool.java:65 deleteOldFiles() ] - deleteOldFiles()-fileName:HomeMate_20170314161628.224.txt

03-30 10:47:19.103 23914 24026 D HomeMate: comm[ Thread-44567: FileTool.java:65 deleteOldFiles() ] - deleteOldFiles()-fileName:HomeMate_20170314161537.656.txt

03-30 10:47:19.103 23914 24026 D HomeMate: comm[ Thread-44567: FileTool.java:65 deleteOldFiles() ] - deleteOldFiles()-fileName:HomeMate_20170314161100.376.txt

03-30 10:47:19.104 23914 24026 D HomeMate: comm[ Thread-44567: FileTool.java:65 deleteOldFiles() ] - deleteOldFiles()-fileName:HomeMate_20170314160937.059.txt

03-30 10:47:19.104 23914 24026 D HomeMate: comm[ Thread-44567: FileTool.java:65 deleteOldFiles() ] - deleteOldFiles()-fileName:HomeMate_20170314160835.186.txt

03-30 10:47:19.105 23914 24026 D HomeMate: comm[ Thread-44567: FileTool.java:65 deleteOldFiles() ] - deleteOldFiles()-fileName:HomeMate_20170314160615.884.txt

03-30 10:47:19.105 23914 24026 D HomeMate: comm[ Thread-44567: FileTool.java:65 deleteOldFiles() ] - deleteOldFiles()-fileName:HomeMate_20170314160514.313.txt

03-30 10:47:19.105 23914 24026 D HomeMate: comm[ Thread-44567: FileTool.java:65 deleteOldFiles() ] - deleteOldFiles()-fileName:HomeMate_20170314160348.585.txt

03-30 10:47:19.106 23914 24026 D HomeMate: comm[ Thread-44567: FileTool.java:65 deleteOldFiles() ] - deleteOldFiles()-fileName:HomeMate_20170314155619.147.txt

03-30 10:47:19.106 23914 24026 D HomeMate: comm[ Thread-44567: FileTool.java:65 deleteOldFiles() ] - deleteOldFiles()-fileName:HomeMate_20170314155543.147.txt

03-30 10:47:19.111 23914 24026 D HomeMate: comm[ Thread-44567: FileTool.java:65 deleteOldFiles() ] - deleteOldFiles()-fileName:HomeMate_20170314155504.932.txt

03-30 10:47:19.112 23914 24026 D HomeMate: comm[ Thread-44567: FileTool.java:65 deleteOldFiles() ] - deleteOldFiles()-fileName:HomeMate_20170314155339.027.txt

03-30 10:47:19.112 23914 24026 D HomeMate: comm[ Thread-44567: FileTool.java:65 deleteOldFiles() ] - deleteOldFiles()-fileName:HomeMate_20170314155241.180.txt

03-30 10:47:19.115 23914 24026 D HomeMate: comm[ Thread-44567: FileTool.java:65 deleteOldFiles() ] - deleteOldFiles()-fileName:HomeMate_20170314155142.147.txt

03-30 10:47:19.115 23914 24026 D HomeMate: comm[ Thread-44567: FileTool.java:65 deleteOldFiles() ] - deleteOldFiles()-fileName:HomeMate_20170314095711.806.txt

03-30 10:47:19.116 23914 24026 D HomeMate: comm[ Thread-44567: FileTool.java:65 deleteOldFiles() ] - deleteOldFiles()-fileName:HomeMate_20170314095648.946.txt

03-30 10:47:19.116 23914 24026 D HomeMate: comm[ Thread-44567: FileTool.java:65 deleteOldFiles() ] - deleteOldFiles()-fileName:HomeMate_20170314095628.648.txt

03-30 10:47:19.116 23914 23914 D HomeMate: allen[ main: HomeDevicePresenter.java:121 refresh() ] - other devices []

03-30 10:47:19.116 23914 24026 D HomeMate: comm[ Thread-44567: FileTool.java:65 deleteOldFiles() ] - deleteOldFiles()-fileName:HomeMate_20170314095537.218.txt

03-30 10:47:19.117 23914 24026 D HomeMate: comm[ Thread-44567: FileTool.java:65 deleteOldFiles() ] - deleteOldFiles()-fileName:HomeMate_20170314095520.094.txt

03-30 10:47:19.117 23914 24026 D HomeMate: comm[ Thread-44567: FileTool.java:65 deleteOldFiles() ] - deleteOldFiles()-fileName:HomeMate_20170314095356.804.txt

03-30 10:47:19.118 23914 24026 D HomeMate: comm[ Thread-44567: FileTool.java:65 deleteOldFiles() ] - deleteOldFiles()-fileName:HomeMate_20170314095103.179.txt

03-30 10:47:19.118 23914 24026 D HomeMate: comm[ Thread-44567: FileTool.java:65 deleteOldFiles() ] - deleteOldFiles()-fileName:HomeMate_20170314094908.569.txt

03-30 10:47:19.118 23914 24026 D HomeMate: comm[ Thread-44567: FileTool.java:65 deleteOldFiles() ] - deleteOldFiles()-fileName:HomeMate_20170314094827.887.txt

03-30 10:47:19.122 23914 24026 D HomeMate: comm[ Thread-44567: FileTool.java:65 deleteOldFiles() ] - deleteOldFiles()-fileName:HomeMate_20170314093539.753.txt

03-30 10:47:19.122 23914 23914 D HomeMate: allen[ main: HomeDevicePresenter.java:155 refreshDeviceStatus() ] - deviceStatusMap {040c8e12fd4d4f3192d9a5378cf8b149=Action{uid=5ccf7fda9b5e, deviceId=040c8e12fd4d4f3192d9a5378cf8b149, command='null', value1=0, value2=0, value3=0, value4=0, alarmType=1, delayTime=0, keyName='null', freq=0, name=, pluseNum=0, pluseData=null} }

03-30 10:47:19.123 23914 23914 D HomeMate: allen[ main: HomePagerFragment.java:229 onDeviceInit() ] - devices:[Device{uid=5ccf7fda9b5e, deviceName=S30æºè½æåº§, deviceId=040c8e12fd4d4f3192d9a5378cf8b149, appDeviceId=65533, deviceType=29, roomId=, company='', delFlag=0, extAddr='', endpoint=-1, irDeviceId=, sequence=0, model='62f1da0474434509923b2dc947a0f14c', updateTime=1490840335000(2017-03-30 10:18:55), userName=null} ],otherDevices:[]

03-30 10:47:19.125 23914 24026 D HomeMate: comm[ Thread-44567: FileTool.java:65 deleteOldFiles() ] - deleteOldFiles()-fileName:HomeMate_20170314093520.381.txt

03-30 10:47:19.125 23914 24026 D HomeMate: comm[ Thread-44567: FileTool.java:65 deleteOldFiles() ] - deleteOldFiles()-fileName:HomeMate_20170314092043.278.txt

03-30 10:47:19.125 23914 24026 D HomeMate: comm[ Thread-44567: FileTool.java:65 deleteOldFiles() ] - deleteOldFiles()-fileName:HomeMate_20170314092006.815.txt

03-30 10:47:19.126 23914 24026 D HomeMate: comm[ Thread-44567: FileTool.java:65 deleteOldFiles() ] - deleteOldFiles()-fileName:HomeMate_20170314091624.631.txt

03-30 10:47:19.126 23914 24026 D HomeMate: comm[ Thread-44567: FileTool.java:65 deleteOldFiles() ] - deleteOldFiles()-fileName:HomeMate_20170314091545.648.txt

03-30 10:47:19.127 23914 24026 D HomeMate: comm[ Thread-44567: FileTool.java:65 deleteOldFiles() ] - deleteOldFiles()-fileName:HomeMate_20170314091341.874.txt

03-30 10:47:19.127 23914 24026 D HomeMate: comm[ Thread-44567: FileTool.java:65 deleteOldFiles() ] - deleteOldFiles()-fileName:HomeMate_20170314091231.302.txt

03-30 10:47:19.127 23914 24026 D HomeMate: comm[ Thread-44567: FileTool.java:65 deleteOldFiles() ] - deleteOldFiles()-fileName:HomeMate_20170314091151.430.txt

03-30 10:47:19.128 23914 24026 D HomeMate: comm[ Thread-44567: FileTool.java:65 deleteOldFiles() ] - deleteOldFiles()-fileName:HomeMate_20170313191816.407.txt

