--------- beginning of system

03-08 10:55:05.765  1923  4419 I ActivityManager: START u0 {cmp=com.orvibo.homemate/.roomfloor.manager.RoomManagerActivity} from uid 10133 on display 0

03-08 10:55:07.264  1923  3723 I ActivityManager: START u0 {cmp=com.orvibo.homemate/.roomfloor.room.AddOrModifyRoomActivity (has extras)} from uid 10133 on display 0

03-08 10:55:10.145  1923  4237 I ActivityManager: START u0 {cmp=com.orvibo.homemate/.roomfloor.room.gallery.DefaultGalleryActivity} from uid 10133 on display 0

03-08 10:55:22.414  1923  4130 I ActivityManager: START u0 {cmp=com.orvibo.homemate/.roomfloor.room.AddOrModifyRoomActivity (has extras)} from uid 10133 on display 0

03-08 10:55:25.601  1923  4352 I ActivityManager: START u0 {act=android.media.action.IMAGE_CAPTURE flg=0x3 cmp=com.android.camera/.Camera clip={text/uri-list U:file:///storage/emulated/0/Android/data/com.orvibo.homemate/files/Pictures/1488941725595.jpg} (has extras)} from uid 10133 on display 0

03-08 10:55:25.663  1923  4097 I ActivityManager: Start proc 21111:com.android.camera/u0a17 for activity com.android.camera/.Camera

03-08 10:55:26.336  1923  2116 D AutomaticBrightnessController: setLightSensorEnabled disable

03-08 10:55:26.336  1923  2116 D AutomaticBrightnessController: setProximitySensorEnabled disable

03-08 10:55:27.797  1923  3723 D BaseMiuiPhoneWindowManager: keyCode:4 down:true 84620733 84620733 policyFlags=2b000000 deviceId:-1 isScreenOn:true

03-08 10:55:27.799  1923  3723 D WindowManager: keyguardActive=false

03-08 10:55:27.814  1923  4238 D BaseMiuiPhoneWindowManager: keyCode:4 down:false 84620733 84620733 policyFlags=2b000000 deviceId:-1 isScreenOn:true

03-08 10:55:27.814  1923  4238 D WindowManager: keyguardActive=false

03-08 10:55:28.237  3887  3996 W ContextImpl: Calling a method in the system process without a qualified user: android.app.ContextImpl.bindService:1295 android.content.ContextWrapper.bindService:614 com.xiaomi.mistatistic.sdk.controller.LocalEventRecorder.a:90 com.xiaomi.mistatistic.sdk.controller.LocalEventRecorder.b:70 com.xiaomi.mistatistic.sdk.controller.LocalEventRecorder.a:25 

03-08 10:55:28.496  1923  2116 D AutomaticBrightnessController: setLightSensorEnabled enable

03-08 10:55:28.504  1923  2116 D AutomaticBrightnessController: setProximitySensorEnabled enable

03-08 10:55:28.512  1923  2116 D AutomaticBrightnessController: mLightSensorListener mProximity=-1 ,time=84621449 ,lux=114.62161

03-08 10:55:28.512  1923  2116 D AutomaticBrightnessController: setAmbientLux: mAmbientLux=114.62161, mBrighteningLuxThreshold=171.93242, mDarkeningLuxThreshold=57.310806, angle_xy2horizon=0.5471728

03-08 10:55:28.512  1923  2116 D AutomaticBrightnessController: updateAutoBrightness: mScreenAutoBrightness=148, newScreenAutoBrightness=149

03-08 10:55:30.378  1923  4419 I ActivityManager: START u0 {act=android.intent.action.PICK dat=content://media/external/images/media cmp=com.miui.gallery/.picker.PickGalleryActivity} from uid 10133 on display 0

03-08 10:55:31.689  1923  4237 D BaseMiuiPhoneWindowManager: keyCode:4 down:true 84624625 84624625 policyFlags=2b000000 deviceId:-1 isScreenOn:true

03-08 10:55:31.690  1923  4237 D WindowManager: keyguardActive=false

03-08 10:55:31.710  1923  4352 D BaseMiuiPhoneWindowManager: keyCode:4 down:false 84624625 84624625 policyFlags=2b000000 deviceId:-1 isScreenOn:true

03-08 10:55:31.710  1923  4352 D WindowManager: keyguardActive=false

03-08 10:55:35.257  1923  4325 D BaseMiuiPhoneWindowManager: keyCode:67 down:true 84628193 84628193 policyFlags=2b000000 deviceId:-1 isScreenOn:true

03-08 10:55:35.257  1923  4325 D WindowManager: keyguardActive=false

03-08 10:55:35.332  1923  4237 D BaseMiuiPhoneWindowManager: keyCode:67 down:false 84628193 84628193 policyFlags=2b000000 deviceId:-1 isScreenOn:true

03-08 10:55:35.333  1923  4237 D WindowManager: keyguardActive=false

03-08 10:55:35.897  1923  1980 D BaseMiuiPhoneWindowManager: keyCode:67 down:true 84628834 84628834 policyFlags=2b000000 deviceId:-1 isScreenOn:true

03-08 10:55:35.898  1923  1980 D WindowManager: keyguardActive=false

03-08 10:55:35.913  1923  4130 D BaseMiuiPhoneWindowManager: keyCode:67 down:false 84628834 84628834 policyFlags=2b000000 deviceId:-1 isScreenOn:true

03-08 10:55:35.913  1923  4130 D WindowManager: keyguardActive=false

03-08 10:55:35.925  1923  4352 D BaseMiuiPhoneWindowManager: keyCode:112 down:true 84628861 84628861 policyFlags=2b000000 deviceId:-1 isScreenOn:true

03-08 10:55:35.925  1923  4352 D WindowManager: keyguardActive=false

03-08 10:55:35.933  1923  4238 D BaseMiuiPhoneWindowManager: keyCode:112 down:false 84628861 84628861 policyFlags=2b000000 deviceId:-1 isScreenOn:true

03-08 10:55:35.933  1923  4238 D WindowManager: keyguardActive=false

03-08 10:55:38.287  1923  3723 D BaseMiuiPhoneWindowManager: keyCode:67 down:true 84631224 84631224 policyFlags=2b000000 deviceId:-1 isScreenOn:true

03-08 10:55:38.287  1923  3723 D WindowManager: keyguardActive=false

03-08 10:55:38.300  1923  4106 D BaseMiuiPhoneWindowManager: keyCode:67 down:false 84631224 84631224 policyFlags=2b000000 deviceId:-1 isScreenOn:true

03-08 10:55:38.300  1923  4106 D WindowManager: keyguardActive=false

03-08 10:55:38.318  1923  4325 D BaseMiuiPhoneWindowManager: keyCode:48 down:true 84631255 84631254 policyFlags=2b000000 deviceId:-1 isScreenOn:true

03-08 10:55:38.318  1923  4325 D WindowManager: keyguardActive=false

03-08 10:55:38.335  1923  3995 D BaseMiuiPhoneWindowManager: keyCode:48 down:false 84631271 84631254 policyFlags=2b000000 deviceId:-1 isScreenOn:true

03-08 10:55:38.335  1923  3995 D WindowManager: keyguardActive=false

03-08 10:55:38.373  1923  4325 D BaseMiuiPhoneWindowManager: keyCode:41 down:true 84631309 84631254 policyFlags=2b000000 deviceId:-1 isScreenOn:true

03-08 10:55:38.373  1923  4325 D WindowManager: keyguardActive=false

03-08 10:55:38.381  1923  3920 D BaseMiuiPhoneWindowManager: keyCode:41 down:false 84631316 84631254 policyFlags=2b000000 deviceId:-1 isScreenOn:true

03-08 10:55:38.381  1923  3920 D WindowManager: keyguardActive=false

03-08 10:55:38.385  1923  4377 D BaseMiuiPhoneWindowManager: keyCode:52 down:true 84631322 84631254 policyFlags=2b000000 deviceId:-1 isScreenOn:true

03-08 10:55:38.386  1923  4377 D WindowManager: keyguardActive=false

03-08 10:55:38.395  1923  4097 D BaseMiuiPhoneWindowManager: keyCode:52 down:false 84631332 84631254 policyFlags=2b000000 deviceId:-1 isScreenOn:true

03-08 10:55:38.395  1923  4097 D WindowManager: keyguardActive=false

03-08 10:55:38.402  1923  4238 D BaseMiuiPhoneWindowManager: keyCode:32 down:true 84631339 84631254 policyFlags=2b000000 deviceId:-1 isScreenOn:true

03-08 10:55:38.402  1923  4238 D WindowManager: keyguardActive=false

03-08 10:55:38.408  1923  3920 D BaseMiuiPhoneWindowManager: keyCode:32 down:false 84631344 84631254 policyFlags=2b000000 deviceId:-1 isScreenOn:true

03-08 10:55:38.408  1923  3920 D WindowManager: keyguardActive=false

03-08 10:55:41.578  1923  1923 W InputMethodManagerService: Illegal subtype state: old subtype = null, new subtype = android.view.inputmethod.InputMethodSubtype@6c61b14

03-08 10:55:41.596 16665 16665 W ContextImpl: Calling a method in the system process without a qualified user: android.app.ContextImpl.startService:1231 android.content.ContextWrapper.startService:591 android.content.ContextWrapper.startService:591 com.android.settings.AnalyticsReceiver.onReceive:24 android.app.ActivityThread.handleReceiver:2745 

03-08 10:55:41.617  1923  4377 I ActivityManager: Start proc 21472:com.sohu.inputmethod.sogou.xiaomi/u0a76 for service com.sohu.inputmethod.sogou.xiaomi/.SogouIME

03-08 10:55:41.617  1923  4377 V InputMethodManagerService: Adding window token: android.os.Binder@fb5239b

03-08 10:55:41.650 16665 21478 W ContextImpl: Calling a method in the system process without a qualified user: android.app.ContextImpl.bindService:1295 android.content.ContextWrapper.bindService:614 miui.analytics.Analytics.endSession:120 com.android.settings.analytics.AnalyticService.onHandleIntent:91 android.app.IntentService$ServiceHandler.handleMessage:66 

03-08 10:55:41.672  1923  4106 D PowerKeeperPolicy: Caller[1000] updateWakelockBlockedUid:uid=10124, tag=null, block=true

03-08 10:55:41.674  1923  3723 V LocationPolicy: writePolicyLocked()

03-08 10:55:41.791  1923  3699 D WifiService: New client listening to asynchronous messages

03-08 10:55:43.082  1923  1980 I ActivityManager: Force stopping com.orvibo.homemate appid=10133 user=0: from pid 21503

03-08 10:55:43.083  1923  1980 I ActivityManager: Killing 20513:com.orvibo.homemate/u0a133 (adj 0): stop com.orvibo.homemate

03-08 10:55:43.083  1923  1980 D ActivityManager: cleanUpApplicationRecord -- 20513

03-08 10:55:43.083  1923  1980 I AutoStartManagerService: MIUILOG- Reject RestartService packageName :com.orvibo.homemate uid : 10133

03-08 10:55:43.084  1923  1980 I AutoStartManagerService: MIUILOG- Reject RestartService packageName :com.orvibo.homemate uid : 10133

03-08 10:55:43.084  1923  1980 I AutoStartManagerService: MIUILOG- Reject RestartService packageName :com.orvibo.homemate uid : 10133

03-08 10:55:43.084  1923  1980 I AutoStartManagerService: MIUILOG- Reject RestartService packageName :com.orvibo.homemate uid : 10133

03-08 10:55:43.084  1923  1980 I AutoStartManagerService: MIUILOG- Reject RestartService packageName :com.orvibo.homemate uid : 10133

03-08 10:55:43.084  1923  1980 W ActivityManager: Force removing ActivityRecord{9261a2b u0 com.orvibo.homemate/.roomfloor.manager.RoomManagerActivity t6834}: app died, no saved state

03-08 10:55:43.085  1923  2089 I libprocessgroup: Killing pid 20656 in uid 10133 as part of process group 20513

03-08 10:55:43.102  1923  1980 I ActivityManager: Start proc 21523:com.orvibo.homemate/u0a133 for activity com.orvibo.homemate/.common.main.MainActivity

03-08 10:55:43.102  1923  1980 I ActivityManager: Killing 20618:com.orvibo.homemate:moon/u0a133 (adj 2): stop com.orvibo.homemate

03-08 10:55:43.102  1923  1980 D ActivityManager: cleanUpApplicationRecord -- 20618

03-08 10:55:43.103  1923  1980 I AutoStartManagerService: MIUILOG- Reject RestartService packageName :com.orvibo.homemate uid : 10133

03-08 10:55:43.106  1923  1980 I ActivityManager:   Force finishing activity ActivityRecord{fb19027 u0 com.orvibo.homemate/.common.main.MainActivity t6834}

03-08 10:55:43.149  1923  1980 I ActivityManager:   Force finishing activity ActivityRecord{fb19027 u0 com.orvibo.homemate/.common.main.MainActivity t6834 f}

03-08 10:55:43.149  1923  1980 W ActivityManager: Duplicate finish request for ActivityRecord{fb19027 u0 com.orvibo.homemate/.common.main.MainActivity t6834 f}

03-08 10:55:43.166  1923  2113 W WindowManager: Attempted to add application window with unknown token Token{db072d4 ActivityRecord{fb19027 u0 com.orvibo.homemate/.common.main.MainActivity t6834 f}}.  Aborting.

03-08 10:55:43.169  1923  2113 W WindowManager: Exception when adding starting window

03-08 10:55:43.169  1923  2113 W WindowManager: java.lang.IllegalArgumentException: View=com.android.internal.policy.PhoneWindow$DecorView{f4a6b13 V.E...... R.....ID 0,0-0,0} not attached to window manager

03-08 10:55:43.169  1923  2113 W WindowManager: 	at android.view.WindowManagerGlobal.findViewLocked(WindowManagerGlobal.java:430)

03-08 10:55:43.169  1923  2113 W WindowManager: 	at android.view.WindowManagerGlobal.removeView(WindowManagerGlobal.java:356)

03-08 10:55:43.169  1923  2113 W WindowManager: 	at android.view.WindowManagerImpl.removeViewImmediate(WindowManagerImpl.java:118)

03-08 10:55:43.169  1923  2113 W WindowManager: 	at com.android.server.policy.PhoneWindowManager.addStartingWindow(PhoneWindowManager.java:2423)

03-08 10:55:43.169  1923  2113 W WindowManager: 	at com.android.server.wm.WindowManagerService$H.handleMessage(WindowManagerService.java:7906)

03-08 10:55:43.169  1923  2113 W WindowManager: 	at android.os.Handler.dispatchMessage(Handler.java:102)

03-08 10:55:43.169  1923  2113 W WindowManager: 	at android.os.Looper.loop(Looper.java:148)

03-08 10:55:43.169  1923  2113 W WindowManager: 	at android.os.HandlerThread.run(HandlerThread.java:61)

03-08 10:55:43.169  1923  2113 W WindowManager: 	at com.android.server.ServiceThread.run(ServiceThread.java:46)

03-08 10:55:43.177  1923  4325 I WindowState: WIN DEATH: Window{10be840 u0 com.orvibo.homemate/com.orvibo.homemate.common.main.MainActivity}

03-08 10:55:43.179  1923  3699 D WifiService: Client connection lost with reason: 4

03-08 10:55:43.180  1923  4106 I ActivityManager: Killing 9296:com.miui.mipub/u0a16 (adj 15): empty for 1112s

03-08 10:55:43.197  1923  4377 D ActivityManagerInjector: com.miui.mipub is killed by AMS with adj 15 ,do not allow restart

03-08 10:55:43.197  1923  4377 D ActivityManager: cleanUpApplicationRecord -- 9296

03-08 10:55:43.200  1923  4122 W InputMethodManagerService: Got RemoteException sending setActive(false) notification to pid 20513 uid 10133

03-08 10:55:44.536  1923  1980 D BaseMiuiPhoneWindowManager: keyCode:3 down:true 84637471 84637471 policyFlags=2b000000 deviceId:-1 isScreenOn:true

03-08 10:55:44.536  1923  1980 D WindowManager: keyguardActive=false

03-08 10:55:44.544  1923  4238 D BaseMiuiPhoneWindowManager: keyCode:3 down:false 84637471 84637471 policyFlags=2b000000 deviceId:-1 isScreenOn:true

03-08 10:55:44.544  1923  4238 D WindowManager: keyguardActive=false

03-08 10:55:44.552  1923  3617 I ActivityManager: START u0 {act=android.intent.action.MAIN cat=[android.intent.category.HOME] flg=0x10200000 cmp=com.miui.home/.launcher.Launcher (has extras)} from uid 1000 on display 0

03-08 10:55:44.700  1923  3699 D WifiService: New client listening to asynchronous messages

03-08 10:55:44.785  1923  2114 W ProcessCpuTracker: Skipping unknown process pid 21545

03-08 10:55:44.789  1923  4352 W WindowManager: Attempted to remove non-existing token: android.os.Binder@a57cf29

03-08 10:55:46.541  1923  4130 I ActivityManager: Force stopping io.appium.unlock appid=10126 user=0: from pid 21627

03-08 10:55:50.747  1923  4097 I ActivityManager: START u0 {act=android.intent.action.VIEW dat=file:///data/local/tmp/UnicodeIME-debug.apk typ=application/vnd.android.package-archive flg=0x18000000 cmp=com.miui.securitycenter/com.miui.permcenter.install.AdbInstallActivity (has extras)} from uid 2000 on display 0

03-08 10:55:50.794  1923  2114 W ProcessCpuTracker: Skipping unknown process pid 21690

03-08 10:55:50.794  1923  2114 W ProcessCpuTracker: Skipping unknown process pid 21691

03-08 10:55:50.795  1923  4419 W InputMethodManagerService: Window already focused, ignoring focus gain of: com.android.internal.view.IInputMethodClient$Stub$Proxy@47ac855 attribute=null, token = android.os.BinderProxy@93ccc3d

03-08 10:55:50.798  1923  4130 E ActivityManager: Invalid thumbnail dimensions: 0x0

03-08 10:55:50.800  1923  2114 W ProcessCpuTracker: Skipping unknown process pid 21698

03-08 10:55:50.804  1923  2114 W ProcessCpuTracker: Skipping unknown process pid 21707

03-08 10:55:50.870  1923  4237 D com.android.server.pm.PackageManagerServiceInjector: check if need preinstall apps

03-08 10:55:50.884  6503  9507 D DefContainer: Copying /data/local/tmp/UnicodeIME-debug.apk to base.apk

03-08 10:55:50.907  1923  2130 W PackageManager: Package io.appium.android.ime signatures do not match the previously installed version; ignoring!

03-08 10:55:51.046  1923  2130 I com.android.server.pm.PackageManagerServiceInjector: MIUILOG-onPackageInstalled: PackageEvent { mTimeStamp=2017-03-08 10:55:51 mAction=Install mPackageName=io.appium.android.ime mReturnCode=-7 mVersionCode=0 mVersionName=mInstallerPkgName=

03-08 10:55:55.254 16665 16665 W ContextImpl: Calling a method in the system process without a qualified user: android.app.ContextImpl.startService:1231 android.content.ContextWrapper.startService:591 android.content.ContextWrapper.startService:591 com.android.settings.AnalyticsReceiver.onReceive:24 android.app.ActivityThread.handleReceiver:2745 

03-08 10:55:55.270  1923  4237 V InputMethodManagerService: Adding window token: android.os.Binder@3a1d94b

03-08 10:55:55.271  1923  4238 E InputMethodManagerService: Ignoring updateStatusIcon due to an invalid token. uid:1000 token:android.os.Binder@fb5239b

03-08 10:55:55.292  1923  4122 D PowerKeeperPolicy: Caller[1000] updateWakelockBlockedUid:uid=10124, tag=null, block=false

03-08 10:55:55.298  1923  3995 V LocationPolicy: writePolicyLocked()

03-08 10:55:55.313 16665 21798 W ContextImpl: Calling a method in the system process without a qualified user: android.app.ContextImpl.bindService:1295 android.content.ContextWrapper.bindService:614 miui.analytics.Analytics.endSession:120 com.android.settings.analytics.AnalyticService.onHandleIntent:91 android.app.IntentService$ServiceHandler.handleMessage:66 

03-08 10:55:55.489  1923  4106 E InputMethodManagerService: Ignoring updateStatusIcon due to an invalid token. uid:1000 token:android.os.Binder@fb5239b

03-08 10:55:55.514  1923  3723 I ActivityManager: Process com.sohu.inputmethod.sogou.xiaomi (pid 21472) has died

03-08 10:55:55.514  1923  3699 D WifiService: Client connection lost with reason: 4

03-08 10:55:55.515  1923  3723 D ActivityManager: cleanUpApplicationRecord -- 21472

03-08 10:55:56.589  1923  4325 I ActivityManager: START u0 {act=android.intent.action.VIEW dat=file:///data/local/tmp/settings_apk-debug.apk typ=application/vnd.android.package-archive flg=0x18000000 cmp=com.miui.securitycenter/com.miui.permcenter.install.AdbInstallActivity (has extras)} from uid 2000 on display 0

03-08 10:55:56.631  4988  4988 I PackageParser: io.appium.settings: compat added android.permission.WRITE_EXTERNAL_STORAGE

03-08 10:55:56.651  1923  4238 E ActivityManager: Invalid thumbnail dimensions: 0x0

03-08 10:55:56.653  1923  1980 W InputMethodManagerService: Window already focused, ignoring focus gain of: com.android.internal.view.IInputMethodClient$Stub$Proxy@c0226c3 attribute=android.view.inputmethod.EditorInfo@28c1b40, token = android.os.BinderProxy@93ccc3d

03-08 10:55:56.707  1923  4416 D com.android.server.pm.PackageManagerServiceInjector: check if need preinstall apps

03-08 10:55:56.718  6503  6527 D DefContainer: Copying /data/local/tmp/settings_apk-debug.apk to base.apk

03-08 10:55:56.728  1923  2130 I PackageParser: io.appium.settings: compat added android.permission.WRITE_EXTERNAL_STORAGE

03-08 10:55:56.749  1923  2130 W PackageManager: Package io.appium.settings signatures do not match the previously installed version; ignoring!

03-08 10:55:56.864  1923  2130 I com.android.server.pm.PackageManagerServiceInjector: MIUILOG-onPackageInstalled: PackageEvent { mTimeStamp=2017-03-08 10:55:56 mAction=Install mPackageName=io.appium.settings mReturnCode=-7 mVersionCode=0 mVersionName=mInstallerPkgName=

03-08 10:55:57.906  1923  4377 I ActivityManager: START u0 {act=android.intent.action.VIEW dat=file:///data/local/tmp/unlock_apk-debug.apk typ=application/vnd.android.package-archive flg=0x18000000 cmp=com.miui.securitycenter/com.miui.permcenter.install.AdbInstallActivity (has extras)} from uid 2000 on display 0

03-08 10:55:57.972  1923  4352 E ActivityManager: Invalid thumbnail dimensions: 0x0

03-08 10:55:57.982  1923  4238 W InputMethodManagerService: Window already focused, ignoring focus gain of: com.android.internal.view.IInputMethodClient$Stub$Proxy@6aa46b3 attribute=null, token = android.os.BinderProxy@93ccc3d

03-08 10:55:58.045  1923  4416 D com.android.server.pm.PackageManagerServiceInjector: check if need preinstall apps

03-08 10:55:58.061  6503  9507 D DefContainer: Copying /data/local/tmp/unlock_apk-debug.apk to base.apk

03-08 10:55:58.082  1923  2130 W PackageManager: Package io.appium.unlock signatures do not match the previously installed version; ignoring!

03-08 10:55:58.185  1923  2130 I com.android.server.pm.PackageManagerServiceInjector: MIUILOG-onPackageInstalled: PackageEvent { mTimeStamp=2017-03-08 10:55:58 mAction=Install mPackageName=io.appium.unlock mReturnCode=-7 mVersionCode=0 mVersionName=mInstallerPkgName=

03-08 10:56:00.076  1923  2086 I ActivityManager: Waited long enough for: ServiceRecord{e38a486 u0 com.orvibo.homemate/com.qihoo.ls.SoService}

03-08 10:56:05.401  1923  4377 I ActivityManager: Force stopping com.orvibo.homemate appid=10133 user=0: from pid 21964

03-08 10:56:05.401  1923  4377 I ActivityManager: Killing 21523:com.orvibo.homemate/u0a133 (adj 5): stop com.orvibo.homemate

03-08 10:56:05.402  1923  4377 D ActivityManager: cleanUpApplicationRecord -- 21523

03-08 10:56:05.403  1923  4377 I AutoStartManagerService: MIUILOG- Reject RestartService packageName :com.orvibo.homemate uid : 10133

03-08 10:56:05.431  1923  4097 E WifiService: Multicaster binderDied

03-08 10:56:05.431  1923  3699 D WifiService: Client connection lost with reason: 4

03-08 10:56:05.673  1923  4352 I ActivityManager: START u0 {act=android.intent.action.MAIN cat=[android.intent.category.LAUNCHER] flg=0x10200000 cmp=com.orvibo.homemate/.common.launch.LaunchActivity} from uid 2000 on display 0

03-08 10:56:05.706  1923  3723 I ActivityManager: Start proc 21993:com.orvibo.homemate/u0a133 for activity com.orvibo.homemate/.common.launch.LaunchActivity

03-08 10:56:07.080  1923  3699 D WifiService: New client listening to asynchronous messages

03-08 10:56:07.662  1923  4130 I ActivityManager: Start proc 22095:com.orvibo.homemate:moon/u0a133 for service com.orvibo.homemate/.service.MoonService

03-08 10:56:09.029  1923  2086 V ActivityManager: Attempted to start a foreground service (ComponentInfo{com.orvibo.homemate/com.orvibo.homemate.service.MoonService}) with a broken notification (no icon: Notification(pri=0 contentView=null vibrate=null sound=null defaults=0x0 flags=0x40 color=0x00000000 vis=PRIVATE))

03-08 10:56:09.058  1923  2086 V ActivityManager: Attempted to start a foreground service (ComponentInfo{com.orvibo.homemate/com.orvibo.homemate.service.TempService}) with a broken notification (no icon: Notification(pri=0 contentView=null vibrate=null sound=null defaults=0x0 flags=0x40 color=0x00000000 vis=PRIVATE))

03-08 10:56:09.091  3887  3996 W ContextImpl: Calling a method in the system process without a qualified user: android.app.ContextImpl.bindService:1295 android.content.ContextWrapper.bindService:614 com.xiaomi.mistatistic.sdk.controller.LocalEventRecorder.a:90 com.xiaomi.mistatistic.sdk.controller.LocalEventRecorder.b:70 com.xiaomi.mistatistic.sdk.controller.LocalEventRecorder.a:25 

03-08 10:56:09.402  1923  3723 I ActivityManager: START u0 {cmp=com.orvibo.homemate/.common.main.MainActivity (has extras)} from uid 10133 on display 0

03-08 10:56:10.209  1923  4419 D LocationPolicy: [uid = 10133, op = 2] is blocked by location policy

03-08 10:56:10.209  1923  4419 D WifiService: uid=10133 wifi scan blocked

03-08 10:56:14.615  1923  1987 I ActivityManager: START u0 {cmp=com.orvibo.homemate/.roomfloor.manager.RoomManagerActivity} from uid 10133 on display 0

03-08 10:56:18.544  1923  4237 D PerfShielderService: Jank raised from pkg: com.orvibo.homemate window: com.orvibo.homemate/com.orvibo.homemate.common.main.MainActivity Janky Duration: 169817396 LargestFrameDuration: 122999115 reason: Slow handle traversal

03-08 10:57:18.674  1923  1923 W InputMethodManagerService: Illegal subtype state: old subtype = null, new subtype = android.view.inputmethod.InputMethodSubtype@6c61b14

03-08 10:57:18.693 16665 16665 W ContextImpl: Calling a method in the system process without a qualified user: android.app.ContextImpl.startService:1231 android.content.ContextWrapper.startService:591 android.content.ContextWrapper.startService:591 com.android.settings.AnalyticsReceiver.onReceive:24 android.app.ActivityThread.handleReceiver:2745 

03-08 10:57:18.709 16665 22985 W ContextImpl: Calling a method in the system process without a qualified user: android.app.ContextImpl.bindService:1295 android.content.ContextWrapper.bindService:614 miui.analytics.Analytics.endSession:120 com.android.settings.analytics.AnalyticService.onHandleIntent:91 android.app.IntentService$ServiceHandler.handleMessage:66 

03-08 10:57:18.719  1923  4122 I ActivityManager: Start proc 22986:com.sohu.inputmethod.sogou.xiaomi/u0a76 for service com.sohu.inputmethod.sogou.xiaomi/.SogouIME

03-08 10:57:18.719  1923  4122 V InputMethodManagerService: Adding window token: android.os.Binder@45c2445

03-08 10:57:18.765  1923  4238 D PowerKeeperPolicy: Caller[1000] updateWakelockBlockedUid:uid=10124, tag=null, block=true

03-08 10:57:18.768  1923  4106 V LocationPolicy: writePolicyLocked()

03-08 10:57:18.952  1923  3699 D WifiService: New client listening to asynchronous messages

03-08 10:57:20.228  1923  4122 I ActivityManager: Force stopping com.orvibo.homemate appid=10133 user=0: from pid 23016

03-08 10:57:20.229  1923  4122 I ActivityManager: Killing 21993:com.orvibo.homemate/u0a133 (adj 0): stop com.orvibo.homemate

03-08 10:57:20.229  1923  4122 D ActivityManager: cleanUpApplicationRecord -- 21993

03-08 10:57:20.229  1923  4122 I AutoStartManagerService: MIUILOG- Reject RestartService packageName :com.orvibo.homemate uid : 10133

03-08 10:57:20.229  1923  4122 I AutoStartManagerService: MIUILOG- Reject RestartService packageName :com.orvibo.homemate uid : 10133

03-08 10:57:20.230  1923  4122 I AutoStartManagerService: MIUILOG- Reject RestartService packageName :com.orvibo.homemate uid : 10133

03-08 10:57:20.230  1923  2089 I libprocessgroup: Killing pid 22135 in uid 10133 as part of process group 21993

03-08 10:57:20.230  1923  4122 I AutoStartManagerService: MIUILOG- Reject RestartService packageName :com.orvibo.homemate uid : 10133

03-08 10:57:20.230  1923  4122 W ActivityManager: Force removing ActivityRecord{cdcca63 u0 com.orvibo.homemate/.roomfloor.manager.RoomManagerActivity t6838}: app died, no saved state

03-08 10:57:20.246  1923  4122 I ActivityManager: Start proc 23038:com.orvibo.homemate/u0a133 for activity com.orvibo.homemate/.common.main.MainActivity

03-08 10:57:20.246  1923  4122 I ActivityManager: Killing 22095:com.orvibo.homemate:moon/u0a133 (adj 2): stop com.orvibo.homemate

03-08 10:57:20.247  1923  4122 D ActivityManager: cleanUpApplicationRecord -- 22095

03-08 10:57:20.247  1923  4122 I AutoStartManagerService: MIUILOG- Reject RestartService packageName :com.orvibo.homemate uid : 10133

03-08 10:57:20.248  1923  4122 I ActivityManager:   Force finishing activity ActivityRecord{4f08afb u0 com.orvibo.homemate/.common.main.MainActivity t6838}

03-08 10:57:20.282  1923  4122 I ActivityManager:   Force finishing activity ActivityRecord{4f08afb u0 com.orvibo.homemate/.common.main.MainActivity t6838 f}

03-08 10:57:20.282  1923  4122 W ActivityManager: Duplicate finish request for ActivityRecord{4f08afb u0 com.orvibo.homemate/.common.main.MainActivity t6838 f}

03-08 10:57:20.295  1923  2113 W WindowManager: Attempted to add application window with unknown token Token{de5d718 ActivityRecord{4f08afb u0 com.orvibo.homemate/.common.main.MainActivity t6838 f}}.  Aborting.

03-08 10:57:20.296  1923  2113 W WindowManager: Exception when adding starting window

03-08 10:57:20.296  1923  2113 W WindowManager: java.lang.IllegalArgumentException: View=com.android.internal.policy.PhoneWindow$DecorView{d857754 V.E...... R.....ID 0,0-0,0} not attached to window manager

03-08 10:57:20.296  1923  2113 W WindowManager: 	at android.view.WindowManagerGlobal.findViewLocked(WindowManagerGlobal.java:430)

03-08 10:57:20.296  1923  2113 W WindowManager: 	at android.view.WindowManagerGlobal.removeView(WindowManagerGlobal.java:356)

03-08 10:57:20.296  1923  2113 W WindowManager: 	at android.view.WindowManagerImpl.removeViewImmediate(WindowManagerImpl.java:118)

03-08 10:57:20.296  1923  2113 W WindowManager: 	at com.android.server.policy.PhoneWindowManager.addStartingWindow(PhoneWindowManager.java:2423)

03-08 10:57:20.296  1923  2113 W WindowManager: 	at com.android.server.wm.WindowManagerService$H.handleMessage(WindowManagerService.java:7906)

03-08 10:57:20.296  1923  2113 W WindowManager: 	at android.os.Handler.dispatchMessage(Handler.java:102)

03-08 10:57:20.296  1923  2113 W WindowManager: 	at android.os.Looper.loop(Looper.java:148)

03-08 10:57:20.296  1923  2113 W WindowManager: 	at android.os.HandlerThread.run(HandlerThread.java:61)

03-08 10:57:20.296  1923  2113 W WindowManager: 	at com.android.server.ServiceThread.run(ServiceThread.java:46)

03-08 10:57:20.314  1923  4419 I WindowState: WIN DEATH: Window{2ed4cc4 u0 com.orvibo.homemate/com.orvibo.homemate.common.main.MainActivity}

03-08 10:57:20.314  1923  3699 D WifiService: Client connection lost with reason: 4

03-08 10:57:20.331  1923  4416 W InputMethodManagerService: Got RemoteException sending setActive(false) notification to pid 21993 uid 10133

03-08 10:57:21.824  1923  1980 D BaseMiuiPhoneWindowManager: keyCode:3 down:true 84734759 84734759 policyFlags=2b000000 deviceId:-1 isScreenOn:true

03-08 10:57:21.825  1923  1980 D WindowManager: keyguardActive=false

03-08 10:57:21.826  1923  1987 D BaseMiuiPhoneWindowManager: keyCode:3 down:false 84734759 84734759 policyFlags=2b000000 deviceId:-1 isScreenOn:true

03-08 10:57:21.826  1923  1987 D WindowManager: keyguardActive=false

03-08 10:57:21.832  1923  3617 I ActivityManager: START u0 {act=android.intent.action.MAIN cat=[android.intent.category.HOME] flg=0x10200000 cmp=com.miui.home/.launcher.Launcher (has extras)} from uid 1000 on display 0

03-08 10:57:21.976  1923  3699 D WifiService: New client listening to asynchronous messages

03-08 10:57:22.066  1923  4416 W WindowManager: Attempted to remove non-existing token: android.os.Binder@778f45d

03-08 10:57:23.990  1923  1987 I ActivityManager: Force stopping io.appium.unlock appid=10126 user=0: from pid 23155

03-08 10:57:28.258  1923  4130 I ActivityManager: START u0 {act=android.intent.action.VIEW dat=file:///data/local/tmp/UnicodeIME-debug.apk typ=application/vnd.android.package-archive flg=0x18000000 cmp=com.miui.securitycenter/com.miui.permcenter.install.AdbInstallActivity (has extras)} from uid 2000 on display 0

03-08 10:57:28.308  1923  3723 E ActivityManager: Invalid thumbnail dimensions: 0x0

03-08 10:57:28.309  1923  4377 W InputMethodManagerService: Window already focused, ignoring focus gain of: com.android.internal.view.IInputMethodClient$Stub$Proxy@6721e05 attribute=null, token = android.os.BinderProxy@93ccc3d

03-08 10:57:28.366  1923  4377 D com.android.server.pm.PackageManagerServiceInjector: check if need preinstall apps

03-08 10:57:28.380  6503  6527 D DefContainer: Copying /data/local/tmp/UnicodeIME-debug.apk to base.apk

03-08 10:57:28.402  1923  2130 W PackageManager: Package io.appium.android.ime signatures do not match the previously installed version; ignoring!

03-08 10:57:28.578  1923  2130 I com.android.server.pm.PackageManagerServiceInjector: MIUILOG-onPackageInstalled: PackageEvent { mTimeStamp=2017-03-08 10:57:28 mAction=Install mPackageName=io.appium.android.ime mReturnCode=-7 mVersionCode=0 mVersionName=mInstallerPkgName=

03-08 10:57:32.929  1923  3920 V InputMethodManagerService: Adding window token: android.os.Binder@4e38a7b

03-08 10:57:32.946  1923  1987 D PowerKeeperPolicy: Caller[1000] updateWakelockBlockedUid:uid=10124, tag=null, block=false

03-08 10:57:32.948  1923  3995 V LocationPolicy: writePolicyLocked()

03-08 10:57:32.951  1923  4419 E InputMethodManagerService: Ignoring updateStatusIcon due to an invalid token. uid:1000 token:android.os.Binder@45c2445

03-08 10:57:32.956 16665 16665 W ContextImpl: Calling a method in the system process without a qualified user: android.app.ContextImpl.startService:1231 android.content.ContextWrapper.startService:591 android.content.ContextWrapper.startService:591 com.android.settings.AnalyticsReceiver.onReceive:24 android.app.ActivityThread.handleReceiver:2745 

03-08 10:57:32.980 16665 23310 W ContextImpl: Calling a method in the system process without a qualified user: android.app.ContextImpl.bindService:1295 android.content.ContextWrapper.bindService:614 miui.analytics.Analytics.endSession:120 com.android.settings.analytics.AnalyticService.onHandleIntent:91 android.app.IntentService$ServiceHandler.handleMessage:66 

03-08 10:57:33.215  1923  1980 E InputMethodManagerService: Ignoring updateStatusIcon due to an invalid token. uid:1000 token:android.os.Binder@45c2445

03-08 10:57:33.278  1923  4130 I ActivityManager: Process com.sohu.inputmethod.sogou.xiaomi (pid 22986) has died

03-08 10:57:33.278  1923  3699 D WifiService: Client connection lost with reason: 4

03-08 10:57:33.278  1923  4130 D ActivityManager: cleanUpApplicationRecord -- 22986

03-08 10:57:34.367  1923  3995 I ActivityManager: START u0 {act=android.intent.action.VIEW dat=file:///data/local/tmp/settings_apk-debug.apk typ=application/vnd.android.package-archive flg=0x18000000 cmp=com.miui.securitycenter/com.miui.permcenter.install.AdbInstallActivity (has extras)} from uid 2000 on display 0

03-08 10:57:34.412  4988  4988 I PackageParser: io.appium.settings: compat added android.permission.WRITE_EXTERNAL_STORAGE

03-08 10:57:34.423  1923  3920 E ActivityManager: Invalid thumbnail dimensions: 0x0

03-08 10:57:34.461  1923  3723 W InputMethodManagerService: Window already focused, ignoring focus gain of: com.android.internal.view.IInputMethodClient$Stub$Proxy@5ecbd29 attribute=android.view.inputmethod.EditorInfo@e2538ae, token = android.os.BinderProxy@93ccc3d

03-08 10:57:34.492  1923  4097 D com.android.server.pm.PackageManagerServiceInjector: check if need preinstall apps

03-08 10:57:34.503  6503  9507 D DefContainer: Copying /data/local/tmp/settings_apk-debug.apk to base.apk

03-08 10:57:34.511  1923  2130 I PackageParser: io.appium.settings: compat added android.permission.WRITE_EXTERNAL_STORAGE

03-08 10:57:34.538  1923  2130 W PackageManager: Package io.appium.settings signatures do not match the previously installed version; ignoring!

03-08 10:57:34.641  1923  2130 I com.android.server.pm.PackageManagerServiceInjector: MIUILOG-onPackageInstalled: PackageEvent { mTimeStamp=2017-03-08 10:57:34 mAction=Install mPackageName=io.appium.settings mReturnCode=-7 mVersionCode=0 mVersionName=mInstallerPkgName=

03-08 10:57:35.660  1923  3723 I ActivityManager: START u0 {act=android.intent.action.VIEW dat=file:///data/local/tmp/unlock_apk-debug.apk typ=application/vnd.android.package-archive flg=0x18000000 cmp=com.miui.securitycenter/com.miui.permcenter.install.AdbInstallActivity (has extras)} from uid 2000 on display 0

03-08 10:57:35.711  1923  4130 W InputMethodManagerService: Window already focused, ignoring focus gain of: com.android.internal.view.IInputMethodClient$Stub$Proxy@6bb19e3 attribute=null, token = android.os.BinderProxy@93ccc3d

03-08 10:57:35.715  1923  4237 E ActivityManager: Invalid thumbnail dimensions: 0x0

03-08 10:57:35.772  1923  4325 D com.android.server.pm.PackageManagerServiceInjector: check if need preinstall apps

03-08 10:57:35.783  6503  6527 D DefContainer: Copying /data/local/tmp/unlock_apk-debug.apk to base.apk

03-08 10:57:35.803  1923  2130 W PackageManager: Package io.appium.unlock signatures do not match the previously installed version; ignoring!

03-08 10:57:35.935  1923  2130 I com.android.server.pm.PackageManagerServiceInjector: MIUILOG-onPackageInstalled: PackageEvent { mTimeStamp=2017-03-08 10:57:35 mAction=Install mPackageName=io.appium.unlock mReturnCode=-7 mVersionCode=0 mVersionName=mInstallerPkgName=

03-08 10:57:37.292  1923  2086 I ActivityManager: Waited long enough for: ServiceRecord{6d8a29b u0 com.orvibo.homemate/com.qihoo.ls.SoService}

03-08 10:57:42.129  1923  2086 I ActivityManager: Waited long enough for: ServiceRecord{b7d102 u0 com.orvibo.homemate/com.qihoo.util.CommonService}

03-08 10:57:42.831  1923  4352 I ActivityManager: Force stopping com.orvibo.homemate appid=10133 user=0: from pid 23457

03-08 10:57:42.831  1923  4352 I ActivityManager: Killing 23038:com.orvibo.homemate/u0a133 (adj 5): stop com.orvibo.homemate

03-08 10:57:42.832  1923  4352 D ActivityManager: cleanUpApplicationRecord -- 23038

03-08 10:57:42.834  1923  4352 I AutoStartManagerService: MIUILOG- Reject RestartService packageName :com.orvibo.homemate uid : 10133

03-08 10:57:42.834  1923  4352 I AutoStartManagerService: MIUILOG- Reject RestartService packageName :com.orvibo.homemate uid : 10133

03-08 10:57:42.856  1923  4238 E WifiService: Multicaster binderDied

03-08 10:57:42.856  1923  3699 D WifiService: Client connection lost with reason: 4

03-08 10:57:43.095  1923  1987 I ActivityManager: START u0 {act=android.intent.action.MAIN cat=[android.intent.category.LAUNCHER] flg=0x10200000 cmp=com.orvibo.homemate/.common.launch.LaunchActivity} from uid 2000 on display 0

03-08 10:57:43.127  1923  4097 I ActivityManager: Start proc 23503:com.orvibo.homemate/u0a133 for activity com.orvibo.homemate/.common.launch.LaunchActivity

03-08 10:57:44.600  1923  3699 D WifiService: New client listening to asynchronous messages

03-08 10:57:45.176  1923  4122 I ActivityManager: Start proc 23601:com.orvibo.homemate:moon/u0a133 for service com.orvibo.homemate/.service.MoonService

03-08 10:57:46.523  1923  2086 V ActivityManager: Attempted to start a foreground service (ComponentInfo{com.orvibo.homemate/com.orvibo.homemate.service.MoonService}) with a broken notification (no icon: Notification(pri=0 contentView=null vibrate=null sound=null defaults=0x0 flags=0x40 color=0x00000000 vis=PRIVATE))

03-08 10:57:46.532  1923  2086 V ActivityManager: Attempted to start a foreground service (ComponentInfo{com.orvibo.homemate/com.orvibo.homemate.service.TempService}) with a broken notification (no icon: Notification(pri=0 contentView=null vibrate=null sound=null defaults=0x0 flags=0x40 color=0x00000000 vis=PRIVATE))

03-08 10:57:46.587  3887  3996 W ContextImpl: Calling a method in the system process without a qualified user: android.app.ContextImpl.bindService:1295 android.content.ContextWrapper.bindService:614 com.xiaomi.mistatistic.sdk.controller.LocalEventRecorder.a:90 com.xiaomi.mistatistic.sdk.controller.LocalEventRecorder.b:70 com.xiaomi.mistatistic.sdk.controller.LocalEventRecorder.a:25 

03-08 10:57:46.929  1923  4122 I ActivityManager: START u0 {cmp=com.orvibo.homemate/.common.main.MainActivity (has extras)} from uid 10133 on display 0

03-08 10:57:47.636  1923  4325 D LocationPolicy: [uid = 10133, op = 2] is blocked by location policy

03-08 10:57:47.636  1923  4325 D WifiService: uid=10133 wifi scan blocked

03-08 10:57:51.168  1923  3723 I ActivityManager: START u0 {cmp=com.orvibo.homemate/.roomfloor.manager.RoomManagerActivity} from uid 10133 on display 0

--------- beginning of main

03-08 10:57:51.491   372   476 I ThermalEngine: Sensor:batt_temp:328 mC

03-08 10:57:51.654  1923  2113 I Timeline: Timeline: Activity_windows_visible id: ActivityRecord{f938e82 u0 com.orvibo.homemate/.roomfloor.manager.RoomManagerActivity t6842} time:84764591

03-08 10:57:51.656  1923  2113 I Timeline: Timeline: App_transition_stopped time:84764593

03-08 10:57:51.668 23503 23503 D HomeMate: comm[ main: BaseFragment.java:116 onStop() ] - PersonalFragment

03-08 10:57:51.668 23503 23503 D HomeMate: comm[ main: BaseActivity.java:214 onStop() ] - MainActivity

03-08 10:57:52.493   372   476 I ThermalEngine: Sensor:batt_temp:328 mC

03-08 10:57:52.665  4099  5103 I XiaomiFirewall: firewall pkgName:com.xiaomi.shop, result:0x0

03-08 10:57:52.797  1923  1923 E JavaBinder: !!! FAILED BINDER TRANSACTION !!!  (parcel size = 104)

03-08 10:57:52.818  1923  4266 D WifiHAL : Read rolling over to the start of ring buffer

03-08 10:57:53.198  4269  4269 D wpa_supplicant: nl80211: Event message available

03-08 10:57:53.199  4269  4269 D wpa_supplicant: nl80211: Drv Event 34 (NL80211_CMD_NEW_SCAN_RESULTS) received for wlan0

03-08 10:57:53.199  4269  4269 D wpa_supplicant: wlan0: nl80211: New scan results available

03-08 10:57:53.199  4269  4269 D wpa_supplicant: nl80211: Scan included frequencies: 2412 2417 2422 2427 2432 2437 2442 2447 2452 2457 2462 2467 2472 5180 5200 5220 5240 5260 5280 5300 5320 5500 5520 5540 5560 5580 5600 5620 5640 5660 5680 5700 5745 5765 5785 5805 5825

03-08 10:57:53.199  4269  4269 D wpa_supplicant: wlan0: Event SCAN_RESULTS (3) received

03-08 10:57:53.199  4269  4269 D wpa_supplicant: wlan0: Scan completed in 4.023419 seconds

03-08 10:57:53.199  4269  4269 D wpa_supplicant: nl80211: Associated on 2422 MHz

03-08 10:57:53.199  4269  4269 D wpa_supplicant: nl80211: Associated with c0:3d:46:00:1a:5a

03-08 10:57:53.200  4269  4269 D wpa_supplicant: nl80211: Received scan results (38 BSSes)

03-08 10:57:53.200  4269  4269 D wpa_supplicant: nl80211: Scan results indicate BSS status with c0:3d:46:00:1a:5a as associated

03-08 10:57:53.200  4269  4269 D wpa_supplicant: wlan0: BSS: Start scan result update 8899

03-08 10:57:53.200  4269  4269 D wpa_supplicant: wlan0: BSS: Add new id 26722 BSSID b8:f8:83:ee:be:7b SSID 'HostGroup-InnerNet'

03-08 10:57:53.200  4269  4269 D wpa_supplicant: CTRL-DEBUG: ctrl_sock-sendmsg: sock=11 sndbuf=163840 outq=0 send_len=44

03-08 10:57:53.200  4269  4269 D wpa_supplicant: CTRL_IFACE monitor sent successfully to /data/misc/wifi/sockets/wpa_ctrl_1923-2\x00

03-08 10:57:53.200  4269  4269 D wpa_supplicant: wlan0: BSS: Add new id 26723 BSSID 3c:df:bd:39:72:f4 SSID '55.1_neiwang'

03-08 10:57:53.200  4269  4269 D wpa_supplicant: CTRL-DEBUG: ctrl_sock-sendmsg: sock=11 sndbuf=163840 outq=448 send_len=44

03-08 10:57:53.200  4269  4269 D wpa_supplicant: CTRL_IFACE monitor sent successfully to /data/misc/wifi/sockets/wpa_ctrl_1923-2\x00

03-08 10:57:53.201  4269  4269 D wpa_supplicant: wlan0: BSS: Add new id 26724 BSSID e0:10:7f:4c:0b:98 SSID 'WX-ORVIBO-Guest'

03-08 10:57:53.201  4269  4269 D wpa_supplicant: CTRL-DEBUG: ctrl_sock-sendmsg: sock=11 sndbuf=163840 outq=896 send_len=44

03-08 10:57:53.201  4269  4269 D wpa_supplicant: CTRL_IFACE monitor sent successfully to /data/misc/wifi/sockets/wpa_ctrl_1923-2\x00

03-08 10:57:53.201  4269  4269 D wpa_supplicant: wlan0: BSS: Add new id 26725 BSSID 00:0c:43:43:6f:f7 SSID 'MWIFI-GLUO'

03-08 10:57:53.201  4269  4269 D wpa_supplicant: CTRL-DEBUG: ctrl_sock-sendmsg: sock=11 sndbuf=163840 outq=1344 send_len=44

03-08 10:57:53.201  4269  4269 D wpa_supplicant: CTRL_IFACE monitor sent successfully to /data/misc/wifi/sockets/wpa_ctrl_1923-2\x00

03-08 10:57:53.201  4269  4269 D wpa_supplicant: wlan0: BSS: Remove id 26714 BSSID 08:10:77:61:24:3e SSID 'er1' due to no match in scan

03-08 10:57:53.201  4269  4269 D wpa_supplicant: CTRL-DEBUG: ctrl_sock-sendmsg: sock=11 sndbuf=163840 outq=1792 send_len=46

03-08 10:57:53.201  4269  4269 D wpa_supplicant: CTRL_IFACE monitor sent successfully to /data/misc/wifi/sockets/wpa_ctrl_1923-2\x00

03-08 10:57:53.201  4269  4269 D wpa_supplicant: wlan0: BSS: Remove id 26715 BSSID e0:10:7f:4b:e9:f8 SSID 'WX-ORVIBO-Guest' due to no match in scan

03-08 10:57:53.201  4269  4269 D wpa_supplicant: CTRL-DEBUG: ctrl_sock-sendmsg: sock=11 sndbuf=163840 outq=2240 send_len=46

03-08 10:57:53.201  4269  4269 D wpa_supplicant: CTRL_IFACE monitor sent successfully to /data/misc/wifi/sockets/wpa_ctrl_1923-2\x00

03-08 10:57:53.201  4269  4269 D wpa_supplicant: BSS: last_scan_res_used=38/64

03-08 10:57:53.201  4269  4269 D wpa_supplicant: wlan0: Scan-only results received

03-08 10:57:53.201  4269  4269 D wpa_supplicant: CTRL-DEBUG: ctrl_sock-sendmsg: sock=11 sndbuf=163840 outq=2688 send_len=24

03-08 10:57:53.202  4269  4269 D wpa_supplicant: CTRL_IFACE monitor sent successfully to /data/misc/wifi/sockets/wpa_ctrl_1923-2\x00

03-08 10:57:53.202  4269  4269 D wpa_supplicant: wlan0: Radio work 'scan'@0xb6919398 done in 4.037813 seconds

03-08 10:57:53.219  4269  4269 D wpa_supplicant: CTRL-DEBUG: global_ctrl_sock-sendto: sock=11 sndbuf=163840 outq=0 send_len=3995

03-08 10:57:53.220  4269  4269 D wpa_supplicant: RTM_NEWLINK: ifi_index=22 ifname=wlan0 wext ifi_family=0 ifi_flags=0x11043 ([UP][RUNNING][LOWER_UP])

03-08 10:57:53.223  4269  4269 D wpa_supplicant: CTRL-DEBUG: global_ctrl_sock-sendto: sock=11 sndbuf=163840 outq=0 send_len=3849

03-08 10:57:53.228  4269  4269 D wpa_supplicant: CTRL-DEBUG: global_ctrl_sock-sendto: sock=11 sndbuf=163840 outq=0 send_len=4030

03-08 10:57:53.231  4269  4269 D wpa_supplicant: CTRL-DEBUG: global_ctrl_sock-sendto: sock=11 sndbuf=163840 outq=0 send_len=3897

03-08 10:57:53.234  4269  4269 D wpa_supplicant: CTRL-DEBUG: global_ctrl_sock-sendto: sock=11 sndbuf=163840 outq=0 send_len=3908

03-08 10:57:53.237  4269  4269 D wpa_supplicant: CTRL-DEBUG: global_ctrl_sock-sendto: sock=11 sndbuf=163840 outq=0 send_len=3541

03-08 10:57:53.246  4269  4269 D wpa_supplicant: CTRL-DEBUG: global_ctrl_sock-sendto: sock=11 sndbuf=163840 outq=0 send_len=4051

03-08 10:57:53.248   433   644 W XTCC-5.1.0.8: [WifiScanner] WiFi scan result : [38] AP's

03-08 10:57:53.248  4269  4269 D wpa_supplicant: CTRL-DEBUG: global_ctrl_sock-sendto: sock=11 sndbuf=163840 outq=0 send_len=2075

03-08 10:57:53.295  1923  1987 I Sensors : HAL: PressureSensor::enable = 0

03-08 10:57:53.326  4269  4269 D wpa_supplicant: EAPOL: EAP Session-Id not available

03-08 10:57:53.326  4269  4269 D wpa_supplicant: CTRL-DEBUG: global_ctrl_sock-sendto: sock=11 sndbuf=163840 outq=0 send_len=278

03-08 10:57:53.354 26390 26435 E WifiScanHomelog: start process end time - 14

03-08 10:57:53.364 26390 27008 E WifiDeviceFinder: start process end time - 28

03-08 10:57:53.367  4269  4269 D wpa_supplicant: wlan0: Control interface command 'SIGNAL_POLL'

03-08 10:57:53.380  4269  4269 D wpa_supplicant: CTRL-DEBUG: global_ctrl_sock-sendto: sock=11 sndbuf=163840 outq=0 send_len=48

03-08 10:57:53.443  4188  4327 W WtProcessController: do not trim { PackageName :com.orvibo.homemate Pid: 23503 Uid: 10133 Start by: activity Score:50 Old score:50 state:0 mBackgroundTimeInMillis:1488941871180 WakelockCount:0 wakelogsize:0  ActivityDestroied:false Activity size: 2 PackageInfo:{WhetstonePackageInfo#PacakgeName:com.orvibo.homemate uid:10133 uiMemoryThresold:0 nonUiMemoryThresold:0 Flag:5184,0x1440 [,TRIMHEAPS,SOFT_RESET,FLAG_DEAL_SCHEDULE] Type:0[] } tasknum:6842}

03-08 10:57:53.494   372   476 I ThermalEngine: Sensor:batt_temp:328 mC

03-08 10:57:54.273 26902 23479 W System.err: java.net.SocketTimeoutException: failed to connect to loc.map.baidu.com/14.215.177.33 (port 443) after 12000ms

03-08 10:57:54.274 26902 23479 W System.err: 	at libcore.io.IoBridge.connectErrno(IoBridge.java:169)

03-08 10:57:54.274 26902 23479 W System.err: 	at libcore.io.IoBridge.connect(IoBridge.java:122)

03-08 10:57:54.274 26902 23479 W System.err: 	at java.net.PlainSocketImpl.connect(PlainSocketImpl.java:183)

03-08 10:57:54.274 26902 23479 W System.err: 	at java.net.PlainSocketImpl.connect(PlainSocketImpl.java:452)

03-08 10:57:54.274 26902 23479 W System.err: 	at java.net.Socket.connect(Socket.java:884)

03-08 10:57:54.274 26902 23479 W System.err: 	at com.android.okhttp.internal.Platform.connectSocket(Platform.java:117)

03-08 10:57:54.274 26902 23479 W System.err: 	at com.android.okhttp.internal.http.SocketConnector.connectRawSocket(SocketConnector.java:160)

03-08 10:57:54.274 26902 23479 W System.err: 	at com.android.okhttp.internal.http.SocketConnector.connectTls(SocketConnector.java:79)

03-08 10:57:54.274 26902 23479 W System.err: 	at com.android.okhttp.Connection.connect(Connection.java:143)

03-08 10:57:54.274 26902 23479 W System.err: 	at com.android.okhttp.Connection.connectAndSetOwner(Connection.java:185)

03-08 10:57:54.274 26902 23479 W System.err: 	at com.android.okhttp.OkHttpClient$1.connectAndSetOwner(OkHttpClient.java:128)

03-08 10:57:54.274 26902 23479 W System.err: 	at com.android.okhttp.internal.http.HttpEngine.nextConnection(HttpEngine.java:342)

03-08 10:57:54.274 26902 23479 W System.err: 	at com.android.okhttp.internal.http.HttpEngine.connect(HttpEngine.java:331)

03-08 10:57:54.274 26902 23479 W System.err: 	at com.android.okhttp.internal.http.HttpEngine.sendRequest(HttpEngine.java:249)

03-08 10:57:54.274 26902 23479 W System.err: 	at com.android.okhttp.internal.huc.HttpURLConnectionImpl.execute(HttpURLConnectionImpl.java:437)

03-08 10:57:54.274 26902 23479 W System.err: 	at com.android.okhttp.internal.huc.HttpURLConnectionImpl.connect(HttpURLConnectionImpl.java:114)

03-08 10:57:54.274 26902 23479 W System.err: 	at com.android.okhttp.internal.huc.DelegatingHttpsURLConnection.connect(DelegatingHttpsURLConnection.java:89)

03-08 10:57:54.274 26902 23479 W System.err: 	at com.android.okhttp.internal.huc.HttpsURLConnectionImpl.connect(HttpsURLConnectionImpl.java:25)

03-08 10:57:54.274 26902 23479 W System.err: 	at com.baidu.location.h.e$4.run(Unknown Source)

03-08 10:57:54.274 26902 23479 I baidu_location_service: https NetworkCommunicationException!

03-08 10:57:54.349  4099  5103 I XiaomiFirewall: firewall pkgName:com.baidu.BaiduMap, result:0x0

03-08 10:57:54.401 26902 26918 W Settings: Setting airplane_mode_on has moved from android.provider.Settings.System to android.provider.Settings.Global, returning read-only value.

03-08 10:57:54.495   372   476 I ThermalEngine: Sensor:batt_temp:328 mC

03-08 10:57:55.496   372   476 I ThermalEngine: Sensor:batt_temp:328 mC

03-08 10:57:55.500 23503 23571 D UTAnalytics:LogStoreMgr: pid:23503 [store],

03-08 10:57:55.514 23503 23571 D UTAnalytics:UTSqliteLogStore: pid:23503 [insert] ,, isSuccess:true,ret,1356,

03-08 10:57:55.561 23503 23571 D UTAnalytics:UTSqliteLogStore: pid:23503 sql:SELECT * FROM log ORDER BY time ASC  LIMIT 20,

03-08 10:57:55.562 23503 23571 D UTAnalytics:UTSqliteLogStore: pid:23503 pos,0,count,4,

03-08 10:57:55.562 23503 23571 D UTAnalytics:UTSqliteLogStore: pid:23503 pos,1,count,4,

03-08 10:57:55.562 23503 23571 D UTAnalytics:UTSqliteLogStore: pid:23503 pos,2,count,4,

03-08 10:57:55.562 23503 23571 D UTAnalytics:UTSqliteLogStore: pid:23503 pos,3,count,4,

