03-30 10:43:40.807 19833 19833 I QueryController: Matched selector: UiSelector[TEXT=ÂÆöÊó∂ÊâßË°åÊèêÈÜí] <<==>> [android.view.accessibility.AccessibilityNodeInfo@8005d113; boundsInParent: Rect(0, 0 - 1080, 132); boundsInScreen: Rect(0, 234 - 1080, 366); packageName: com.orvibo.homemate; className: android.widget.TextView; text: ÂÆöÊó∂ÊâßË°åÊèêÈÜí; error: null; maxTextLength: -1; contentDescription: null; viewIdResName: null; checkable: false; checked: false; focusable: false; focused: false; selected: false; clickable: false; longClickable: false; contextClickable: false; enabled: true; password: false; scrollable: false; actions: [AccessibilityAction: ACTION_SELECT - null, AccessibilityAction: ACTION_CLEAR_SELECTION - null, AccessibilityAction: ACTION_ACCESSIBILITY_FOCUS - null, AccessibilityAction: ACTION_NEXT_AT_MOVEMENT_GRANULARITY - null, AccessibilityAction: ACTION_PREVIOUS_AT_MOVEMENT_GRANULARITY - null, AccessibilityAction: ACTION_SET_SELECTION - null, AccessibilityAction: ACTION_UNKNOWN - null]]

03-30 10:43:40.837 19833 19833 I QueryController: Matched selector: UiSelector[TEXT=ÂÆöÊó∂ÊâßË°åÊèêÈÜí] <<==>> [android.view.accessibility.AccessibilityNodeInfo@8005d113; boundsInParent: Rect(0, 0 - 1080, 132); boundsInScreen: Rect(0, 234 - 1080, 366); packageName: com.orvibo.homemate; className: android.widget.TextView; text: ÂÆöÊó∂ÊâßË°åÊèêÈÜí; error: null; maxTextLength: -1; contentDescription: null; viewIdResName: null; checkable: false; checked: false; focusable: false; focused: false; selected: false; clickable: false; longClickable: false; contextClickable: false; enabled: true; password: false; scrollable: false; actions: [AccessibilityAction: ACTION_SELECT - null, AccessibilityAction: ACTION_CLEAR_SELECTION - null, AccessibilityAction: ACTION_ACCESSIBILITY_FOCUS - null, AccessibilityAction: ACTION_NEXT_AT_MOVEMENT_GRANULARITY - null, AccessibilityAction: ACTION_PREVIOUS_AT_MOVEMENT_GRANULARITY - null, AccessibilityAction: ACTION_SET_SELECTION - null, AccessibilityAction: ACTION_UNKNOWN - null]]

03-30 10:43:40.875 19833 19833 I QueryController: Matched selector: UiSelector[TEXT=ÂÆöÊó∂ÊâßË°åÊèêÈÜí] <<==>> [android.view.accessibility.AccessibilityNodeInfo@8005d113; boundsInParent: Rect(0, 0 - 1080, 132); boundsInScreen: Rect(0, 234 - 1080, 366); packageName: com.orvibo.homemate; className: android.widget.TextView; text: ÂÆöÊó∂ÊâßË°åÊèêÈÜí; error: null; maxTextLength: -1; contentDescription: null; viewIdResName: null; checkable: false; checked: false; focusable: false; focused: false; selected: false; clickable: false; longClickable: false; contextClickable: false; enabled: true; password: false; scrollable: false; actions: [AccessibilityAction: ACTION_SELECT - null, AccessibilityAction: ACTION_CLEAR_SELECTION - null, AccessibilityAction: ACTION_ACCESSIBILITY_FOCUS - null, AccessibilityAction: ACTION_NEXT_AT_MOVEMENT_GRANULARITY - null, AccessibilityAction: ACTION_PREVIOUS_AT_MOVEMENT_GRANULARITY - null, AccessibilityAction: ACTION_SET_SELECTION - null, AccessibilityAction: ACTION_UNKNOWN - null]]

03-30 10:43:40.880 19833 19833 D InteractionController: clickAndSync(540, 300)

03-30 10:43:40.998 19885 19885 I Timeline: Timeline: Activity_launch_request time:337911778

03-30 10:43:41.003  2044  4266 I ActivityManager: START u0 {cmp=com.orvibo.homemate/.message.TimingMessageSettingActivity} from uid 10143 on display 0

03-30 10:43:41.008  4229  4367 D WtProcessController: onAMCreateActivity callback

03-30 10:43:41.011  4229  4367 D WtProcessController: onAMPauseActivity callback

03-30 10:43:41.023 19885 19885 D UTAnalytics:UTDC: pid:19885 [commit] page:MessageSetting,eventId:2001,arg1:Main,arg2:arg3:1437,args:{SDKTYPE=mini},

03-30 10:43:41.027 19885 19885 D UTAnalytics:UTLog: pid:19885 Log [id=0, eventId=2001, index=],867451020054497||460015796275061||Xiaomi||MI NOTE LTE||1920*1080||Unknown||Wi-Fi||Unknown||null||23256401||2.3.0.300||-||-||-||-||zh||a||6.0.1||2.5.1_for_bc||1490841812956||WJfwe+sntC4DAAdSBLpxQDCW||mini||-||-||-||-||_ap=1_mac=02:00:00:00:00:00||1490841821025||MessageSetting||2001||Main||-||1437||-,

03-30 10:43:41.028 19885 19885 D UTAnalytics:LogStoreMgr: pid:19885 [add] :,

03-30 10:43:41.028 19885 19885 D HomeMate: comm[ main: BaseActivity.java:198 onPause() ] - MessageSettingActivity

03-30 10:43:41.032  4229  4367 D WtProcessController: onAMRestartActivity callback

03-30 10:43:41.032  2044  4104 I Timeline: Timeline: App_transition_ready time:337911812

03-30 10:43:41.041 19885 19885 D HomeMate: comm[ main: BaseActivity.java:127 onCreate() ] - onCreate:TimingMessageSettingActivity

03-30 10:43:41.041 19885 19885 D HomeMate: allen[ main: ActivityManager.java:47 pushActivity() ] - pushActivity:com.orvibo.homemate.message.TimingMessageSettingActivity@5db8fdf

03-30 10:43:41.058 19885 19885 D HomeMate: allen[ main: TimingMessageSettingActivity.java:60 refreshTimingMessageSetting() ] - refreshTimingMessageSetting isLogintrue

03-30 10:43:41.059 19885 19885 D HomeMate: allen[ main: TimingMessageSettingActivity.java:65 refreshTimingMessageSetting() ] - refreshTimingMessageSetting userId:91a31ba24648493aad89636922662c04

03-30 10:43:41.066 19885 19885 D HomeMate: allen[ main: TimingMessageSettingActivity.java:68 refreshTimingMessageSetting() ] - refreshTimingMessageSetting devices:[Device{uid=5ccf7fda9b5e, deviceName=S30Êô∫ËÉΩÊèíÂ∫ß, deviceId=040c8e12fd4d4f3192d9a5378cf8b149, appDeviceId=65533, deviceType=29, roomId=, company='', delFlag=0, extAddr='', endpoint=-1, irDeviceId=, sequence=0, model='62f1da0474434509923b2dc947a0f14c', updateTime=1490840335000(2017-03-30 10:18:55), userName=null} ]

03-30 10:43:41.071 19885 19885 D HomeMate: comm[ main: BaseActivity.java:154 onResume() ] - TimingMessageSettingActivity

03-30 10:43:41.069  2057  2057 W Binder_2: type=1400 audit(0.0:55206411): avc: denied { ioctl } for path="socket:[12165238]" dev="sockfs" ino=12165238 ioctlcmd=7704 scontext=u:r:system_server:s0 tcontext=u:r:system_server:s0 tclass=unix_stream_socket permissive=0

03-30 10:43:41.069  2057  2057 W Binder_2: type=1400 audit(0.0:55206412): avc: denied { ioctl } for path="socket:[12165238]" dev="sockfs" ino=12165238 ioctlcmd=7704 scontext=u:r:system_server:s0 tcontext=u:r:system_server:s0 tclass=unix_stream_socket permissive=0

03-30 10:43:41.080 19885 19885 D ActivityThreadInjector: clearCachedDrawables.

03-30 10:43:41.123  2044  3807 I Timeline: Timeline: App_transition_ready time:337911903

03-30 10:43:41.126  2044  3807 I Timeline: Timeline: App_transition_ready time:337911906

03-30 10:43:41.158  2044  2115 I Timeline: Timeline: App_transition_ready time:337911938

03-30 10:43:41.159  4323  4323 W Binder_E: type=1400 audit(0.0:55206413): avc: denied { ioctl } for path="socket:[12163746]" dev="sockfs" ino=12163746 ioctlcmd=7704 scontext=u:r:system_server:s0 tcontext=u:r:system_server:s0 tclass=unix_stream_socket permissive=0

03-30 10:43:41.162 28253 28253 I AppiumUnicodeIME: onFinishInput

03-30 10:43:41.159  4323  4323 W Binder_E: type=1400 audit(0.0:55206414): avc: denied { ioctl } for path="socket:[12163746]" dev="sockfs" ino=12163746 ioctlcmd=7704 scontext=u:r:system_server:s0 tcontext=u:r:system_server:s0 tclass=unix_stream_socket permissive=0

03-30 10:43:41.164 28253 28253 I AppiumUnicodeIME: onStartInput

03-30 10:43:41.165  2044  2115 I ActivityManager: Displayed com.orvibo.homemate/.message.TimingMessageSettingActivity: +135ms

03-30 10:43:41.166  3746  3746 V PhoneStatusBarPolicy: updateManagedProfile mManagedProfileFocused: false mKeyguardVisible: false mCurrentUserId:0 mCurrentProfileId:0 mSecondSpaceStatusIconVisible: true showIcon:false

03-30 10:43:41.200 19885 19980 D OpenGLRenderer: endAllStagingAnimators on 0x9fd63e00 (RippleDrawable) with handle 0x9f809220

03-30 10:43:41.428  2044  2115 I Timeline: Timeline: Activity_windows_visible id: ActivityRecord{f84dbe9 u0 com.orvibo.homemate/.message.TimingMessageSettingActivity t17545} time:337912208

03-30 10:43:41.429  2044  2115 I Timeline: Timeline: App_transition_stopped time:337912209

03-30 10:43:41.433 19885 19885 D HomeMate: comm[ main: BaseActivity.java:215 onStop() ] - MessageSettingActivity

03-30 10:43:41.482  4229  4367 W WtProcessController: do not trim { PackageName :com.orvibo.homemate Pid: 19885 Uid: 10143 Start by: activity Score:50 Old score:50 state:0 mBackgroundTimeInMillis:1490841819457 WakelockCount:0 wakelogsize:0  ActivityDestroied:false Activity size: 3 PackageInfo:{WhetstonePackageInfo#PacakgeName:com.orvibo.homemate uid:10143 uiMemoryThresold:0 nonUiMemoryThresold:0 Flag:1073745984,0x40001040 [,TRIMHEAPS,FLAG_DEAL_SCHEDULE] Type:64[,AUTO_START] } tasknum:17545}

03-30 10:43:41.701  6151  6186 I octvm_klo: read wakeups from wakealarm_fd:1

03-30 10:43:41.702  6151  6186 I octvm_klo: new timerfd interval:

03-30 10:43:41.702  6151  6186 I octvm_klo: 	itval.it_interval.tv_sec 1, itval.it_interval.tv_nsec 0

03-30 10:43:41.702  6151  6186 I octvm_klo: 	itval.it_value.tv_sec 0, itval.it_value.tv_nsec 999993802

03-30 10:43:41.781   379   493 I ThermalEngine: Sensor:batt_temp:360 mC

03-30 10:43:42.241 19833 19833 I QueryController: Matched selector: UiSelector[INSTANCE=0, RESOURCE_ID=com.orvibo.homemate:id/deviceNameTextView] <<==>> [android.view.accessibility.AccessibilityNodeInfo@80062b2c; boundsInParent: Rect(0, 0 - 739, 132); boundsInScreen: Rect(44, 487 - 783, 619); packageName: com.orvibo.homemate; className: android.widget.TextView; text: S30Êô∫ËÉΩÊèíÂ∫ß; error: null; maxTextLength: -1; contentDescription: null; viewIdResName: com.orvibo.homemate:id/deviceNameTextView; checkable: false; checked: false; focusable: false; focused: false; selected: false; clickable: false; longClickable: false; contextClickable: false; enabled: true; password: false; scrollable: false; actions: [AccessibilityAction: ACTION_SELECT - null, AccessibilityAction: ACTION_CLEAR_SELECTION - null, AccessibilityAction: ACTION_ACCESSIBILITY_FOCUS - null, AccessibilityAction: ACTION_NEXT_AT_MOVEMENT_GRANULARITY - null, AccessibilityAction: ACTION_PREVIOUS_AT_MOVEMENT_GRANULARITY - null, AccessibilityAction: ACTION_SET_SELECTION - null, AccessibilityAction: ACTION_UNKNOWN - null]]

03-30 10:43:42.332 19833 19833 I QueryController: Matched selector: UiSelector[INSTANCE=0, RESOURCE_ID=com.orvibo.homemate:id/left_iv] <<==>> [android.view.accessibility.AccessibilityNodeInfo@8005f69e; boundsInParent: Rect(0, 0 - 121, 121); boundsInScreen: Rect(0, 60 - 121, 181); packageName: com.orvibo.homemate; className: android.widget.ImageView; text: null; error: null; maxTextLength: -1; contentDescription: null; viewIdResName: com.orvibo.homemate:id/left_iv; checkable: false; checked: false; focusable: false; focused: false; selected: false; clickable: true; longClickable: false; contextClickable: false; enabled: true; password: false; scrollable: false; actions: [AccessibilityAction: ACTION_SELECT - null, AccessibilityAction: ACTION_CLEAR_SELECTION - null, AccessibilityAction: ACTION_CLICK - null, AccessibilityAction: ACTION_ACCESSIBILITY_FOCUS - null, AccessibilityAction: ACTION_UNKNOWN - null]]

03-30 10:43:42.440 19833 19833 I QueryController: Matched selector: UiSelector[INSTANCE=0, RESOURCE_ID=com.orvibo.homemate:id/left_iv] <<==>> [android.view.accessibility.AccessibilityNodeInfo@8005f69e; boundsInParent: Rect(0, 0 - 121, 121); boundsInScreen: Rect(0, 60 - 121, 181); packageName: com.orvibo.homemate; className: android.widget.ImageView; text: null; error: null; maxTextLength: -1; contentDescription: null; viewIdResName: com.orvibo.homemate:id/left_iv; checkable: false; checked: false; focusable: false; focused: false; selected: false; clickable: true; longClickable: false; contextClickable: false; enabled: true; password: false; scrollable: false; actions: [AccessibilityAction: ACTION_SELECT - null, AccessibilityAction: ACTION_CLEAR_SELECTION - null, AccessibilityAction: ACTION_CLICK - null, AccessibilityAction: ACTION_ACCESSIBILITY_FOCUS - null, AccessibilityAction: ACTION_UNKNOWN - null]]

03-30 10:43:42.449 19833 19833 D InteractionController: clickAndSync(60, 120)

03-30 10:43:42.611  4229  4367 D WtProcessController: onAMPauseActivity callback

03-30 10:43:42.619 19885 19885 W HomeMate: comm[ main: BaseActivity.java:228 finish() ] - TimingMessageSettingActivity

03-30 10:43:42.627 19885 19885 D UTAnalytics:UTDC: pid:19885 [commit] page:TimingMessageSetting,eventId:2001,arg1:MessageSetting,arg2:arg3:1557,args:{SDKTYPE=mini},

03-30 10:43:42.633 19885 19885 D UTAnalytics:UTLog: pid:19885 Log [id=0, eventId=2001, index=],867451020054497||460015796275061||Xiaomi||MI NOTE LTE||1920*1080||Unknown||Wi-Fi||Unknown||null||23256401||2.3.0.300||-||-||-||-||zh||a||6.0.1||2.5.1_for_bc||1490841812956||WJfwe+sntC4DAAdSBLpxQDCW||mini||-||-||-||-||_ap=1_mac=02:00:00:00:00:00||1490841822627||TimingMessageSetting||2001||MessageSetting||-||1557||-,

03-30 10:43:42.633 19885 19885 D UTAnalytics:LogStoreMgr: pid:19885 [add] :,

03-30 10:43:42.636 19885 19885 D HomeMate: comm[ main: BaseActivity.java:198 onPause() ] - TimingMessageSettingActivity

03-30 10:43:42.639  2044  2056 I Timeline: Timeline: App_transition_ready time:337913419

03-30 10:43:42.641  4229  4367 D WtProcessController: onAMResumeActivity callback

03-30 10:43:42.645 19885 19885 D HomeMate: allen[ main: MessageSettingActivity.java:55 refreshMessageSetting() ] - refreshMessageSetting isLogintrue

03-30 10:43:42.653 19885 19885 D HomeMate: comm[ main: BaseActivity.java:154 onResume() ] - MessageSettingActivity

03-30 10:43:42.658  2044  4266 I Timeline: Timeline: App_transition_ready time:337913438

03-30 10:43:42.659  4374  4374 W Binder_10: type=1400 audit(0.0:55206415): avc: denied { ioctl } for path="socket:[12163746]" dev="sockfs" ino=12163746 ioctlcmd=7704 scontext=u:r:system_server:s0 tcontext=u:r:system_server:s0 tclass=unix_stream_socket permissive=0

03-30 10:43:42.659  4374  4374 W Binder_10: type=1400 audit(0.0:55206416): avc: denied { ioctl } for path="socket:[12163746]" dev="sockfs" ino=12163746 ioctlcmd=7704 scontext=u:r:system_server:s0 tcontext=u:r:system_server:s0 tclass=unix_stream_socket permissive=0

03-30 10:43:42.666 28253 28253 I AppiumUnicodeIME: onFinishInput

03-30 10:43:42.670 28253 28253 I AppiumUnicodeIME: onStartInput

03-30 10:43:42.678  2044  2115 I Timeline: Timeline: App_transition_ready time:337913458

03-30 10:43:42.681  3746  3746 V PhoneStatusBarPolicy: updateManagedProfile mManagedProfileFocused: false mKeyguardVisible: false mCurrentUserId:0 mCurrentProfileId:0 mSecondSpaceStatusIconVisible: true showIcon:false

03-30 10:43:42.702  6151  6186 I octvm_klo: read wakeups from wakealarm_fd:1

03-30 10:43:42.702  6151  6186 I octvm_klo: new timerfd interval:

03-30 10:43:42.702  6151  6186 I octvm_klo: 	itval.it_interval.tv_sec 1, itval.it_interval.tv_nsec 0

03-30 10:43:42.702  6151  6186 I octvm_klo: 	itval.it_value.tv_sec 0, itval.it_value.tv_nsec 999997969

03-30 10:43:42.782   379   493 I ThermalEngine: Sensor:batt_temp:361 mC

03-30 10:43:42.954  2044  2115 I Timeline: Timeline: Activity_windows_visible id: ActivityRecord{c35c496 u0 com.orvibo.homemate/.message.MessageSettingActivity t17545} time:337913734

03-30 10:43:42.957  4229  4367 D WtProcessController: onAMDestroyActivity callback

03-30 10:43:42.957 19885 19885 D HomeMate: comm[ main: BaseActivity.java:215 onStop() ] - TimingMessageSettingActivity

03-30 10:43:42.958 19885 19885 D HomeMate: comm[ main: BaseActivity.java:410 onDestroy() ] - TimingMessageSettingActivity

03-30 10:43:42.958 19885 19885 D HomeMate: allen[ main: ActivityManager.java:59 popActivity() ] - popActivity:com.orvibo.homemate.message.TimingMessageSettingActivity@5db8fdf

03-30 10:43:42.959 19885 19885 W HomeMate: comm[ main: BaseRequest.java:538 stopProcessResult() ] -  stop request and stop process result

03-30 10:43:42.959 19885 19885 D HomeMate: comm[ main: BaseRequest.java:511 stopRequest() ] -  Stop request com.orvibo.homemate.message.TimingMessageSettingActivity$1@80b40af

03-30 10:43:42.962  2044  2115 I Timeline: Timeline: App_transition_stopped time:337913742

03-30 10:43:43.230  3745  3745 D wpa_supplicant: wlan0: Control interface command 'SIGNAL_POLL'

03-30 10:43:43.234  3745  3745 D wpa_supplicant: CTRL-DEBUG: global_ctrl_sock-sendto: sock=11 sndbuf=163840 outq=0 send_len=49

03-30 10:43:43.238   379   472 I ThermalEngine: Sensor:tsens_tz_sensor5:55000 mC

03-30 10:43:43.238   379   516 I ThermalEngine: Sensor:tsens_tz_sensor5:55000 mC

03-30 10:43:43.238   379   516 I ThermalEngine: TM Id 'CPU0_MONITOR' Sensor 'cpu0' - alarm raised 1 at 55.0 degC

03-30 10:43:43.239   379   516 I ThermalEngine: ACTION: CPU - Setting CPU[0] to 1728000

03-30 10:43:43.240   379   516 I ThermalEngine: Mitigation:CPU[0]:1728000 Khz

03-30 10:43:43.240   379   516 I ThermalEngine: ACTION: CPU - Setting CPU[1] to 1728000

03-30 10:43:43.240   379   516 E ThermalEngine: Failed to set desired CPU[1] frequency limit to 1728000

03-30 10:43:43.240   379   516 I ThermalEngine: ACTION: CPU - Setting CPU[2] to 1728000

03-30 10:43:43.240   379   516 E ThermalEngine: Failed to set desired CPU[2] frequency limit to 1728000

03-30 10:43:43.240   379   516 I ThermalEngine: ACTION: CPU - Setting CPU[3] to 1728000

03-30 10:43:43.240   379   516 I ThermalEngine: Mitigation:CPU[3]:1728000 Khz

03-30 10:43:43.431   379   472 I ThermalEngine: Sensor:tsens_tz_sensor5:50000 mC

03-30 10:43:43.432   379   516 I ThermalEngine: Sensor:tsens_tz_sensor5:50000 mC

03-30 10:43:43.432   379   516 I ThermalEngine: TM Id 'CPU0_MONITOR' Sensor 'cpu0' - alarm cleared 1 at 50.0 degC

03-30 10:43:43.432   379   516 I ThermalEngine: ACTION: CPU - Setting CPU[0] to 2457600

03-30 10:43:43.433   379   516 I ThermalEngine: Mitigation:CPU[0]:2457600 Khz

03-30 10:43:43.433   379   516 I ThermalEngine: ACTION: CPU - Setting CPU[1] to 2457600

03-30 10:43:43.433   379   516 E ThermalEngine: Failed to set desired CPU[1] frequency limit to 2457600

03-30 10:43:43.433   379   516 I ThermalEngine: ACTION: CPU - Setting CPU[2] to 2457600

03-30 10:43:43.433   379   516 E ThermalEngine: Failed to set desired CPU[2] frequency limit to 2457600

03-30 10:43:43.433   379   516 I ThermalEngine: ACTION: CPU - Setting CPU[3] to 2457600

03-30 10:43:43.433   379   516 I ThermalEngine: Mitigation:CPU[3]:2457600 Khz

03-30 10:43:43.702  6151  6186 I octvm_klo: read wakeups from wakealarm_fd:1

03-30 10:43:43.702  6151  6186 I octvm_klo: new timerfd interval:

03-30 10:43:43.702  6151  6186 I octvm_klo: 	itval.it_interval.tv_sec 1, itval.it_interval.tv_nsec 0

03-30 10:43:43.702  6151  6186 I octvm_klo: 	itval.it_value.tv_sec 0, itval.it_value.tv_nsec 999991615

03-30 10:43:43.783   379   493 I ThermalEngine: Sensor:batt_temp:360 mC

03-30 10:43:44.520 19885 19958 D UTAnalytics:LogStoreMgr: pid:19885 [store],

03-30 10:43:44.542 19885 19958 D UTAnalytics:UTSqliteLogStore: pid:19885 [insert] ,, isSuccess:true,ret,2272,

03-30 10:43:44.543 19885 19958 D UTAnalytics:UTSqliteLogStore: pid:19885 [insert] ,, isSuccess:true,ret,2273,

03-30 10:43:44.543 19885 19958 D UTAnalytics:UTSqliteLogStore: pid:19885 [insert] ,, isSuccess:true,ret,2274,

03-30 10:43:44.702  6151  6186 I octvm_klo: read wakeups from wakealarm_fd:1

03-30 10:43:44.702  6151  6186 I octvm_klo: new timerfd interval:

03-30 10:43:44.702  6151  6186 I octvm_klo: 	itval.it_interval.tv_sec 1, itval.it_interval.tv_nsec 0

03-30 10:43:44.702  6151  6186 I octvm_klo: 	itval.it_value.tv_sec 0, itval.it_value.tv_nsec 999994114

03-30 10:43:44.785   379   493 I ThermalEngine: Sensor:batt_temp:360 mC

03-30 10:43:45.561 19833 19833 W InteractionController: runAndwaitForEvent timedout waiting for events

03-30 10:43:45.702  6151  6186 I octvm_klo: read wakeups from wakealarm_fd:1

03-30 10:43:45.703  6151  6186 I octvm_klo: new timerfd interval:

03-30 10:43:45.703  6151  6186 I octvm_klo: 	itval.it_interval.tv_sec 1, itval.it_interval.tv_nsec 0

03-30 10:43:45.703  6151  6186 I octvm_klo: 	itval.it_value.tv_sec 0, itval.it_value.tv_nsec 999990625

03-30 10:43:45.786   379   493 I ThermalEngine: Sensor:batt_temp:360 mC

03-30 10:43:46.241  3745  3745 D wpa_supplicant: wlan0: Control interface command 'SIGNAL_POLL'

03-30 10:43:46.257  3745  3745 D wpa_supplicant: CTRL-DEBUG: global_ctrl_sock-sendto: sock=11 sndbuf=163840 outq=0 send_len=49

03-30 10:43:46.634 19833 19833 W AccessibilityNodeInfoDumper: Fetch time: 14ms

03-30 10:43:46.707  6151  6186 I octvm_klo: read wakeups from wakealarm_fd:1

03-30 10:43:46.707  6151  6186 I octvm_klo: new timerfd interval:

03-30 10:43:46.707  6151  6186 I octvm_klo: 	itval.it_interval.tv_sec 1, itval.it_interval.tv_nsec 0

03-30 10:43:46.707  6151  6186 I octvm_klo: 	itval.it_value.tv_sec 0, itval.it_value.tv_nsec 999997657

03-30 10:43:46.787   379   493 I ThermalEngine: Sensor:batt_temp:361 mC

03-30 10:43:47.019 25810 25810 W AppWatcher: type=1400 audit(0.0:55206417): avc: denied { getattr } for path="/proc/opalum-temp-calib" dev="proc" ino=4026534631 scontext=u:r:untrusted_app:s0:c512,c768 tcontext=u:object_r:proc_opalum:s0 tclass=file permissive=0

03-30 10:43:47.019 25810 25810 W AppWatcher: type=1400 audit(0.0:55206418): avc: denied { getattr } for path="/proc/opalum-f0-calib" dev="proc" ino=4026534630 scontext=u:r:untrusted_app:s0:c512,c768 tcontext=u:object_r:proc_opalum:s0 tclass=file permissive=0

03-30 10:43:47.019 25810 25810 W AppWatcher: type=1400 audit(0.0:55206419): avc: denied { getattr } for path="/proc/sysrq-trigger" dev="proc" ino=4026533735 scontext=u:r:untrusted_app:s0:c512,c768 tcontext=u:object_r:proc_sysrq:s0 tclass=file permissive=0

03-30 10:43:47.019 25810 25810 W AppWatcher: type=1400 audit(0.0:55206420): avc: denied { getattr } for path="/proc/1" dev="proc" ino=11921139 scontext=u:r:untrusted_app:s0:c512,c768 tcontext=u:r:init:s0 tclass=dir permissive=0

03-30 10:43:47.019 25810 25810 W AppWatcher: type=1400 audit(0.0:55206421): avc: denied { getattr } for path="/proc/2" dev="proc" ino=11961941 scontext=u:r:untrusted_app:s0:c512,c768 tcontext=u:r:kernel:s0 tclass=dir permissive=0

03-30 10:43:47.019 25810 25810 W AppWatcher: type=1400 audit(0.0:55206422): avc: denied { getattr } for path="/proc/3" dev="proc" ino=11961942 scontext=u:r:untrusted_app:s0:c512,c768 tcontext=u:r:kernel:s0 tclass=dir permissive=0

03-30 10:43:47.019 25810 25810 W AppWatcher: type=1400 audit(0.0:55206423): avc: denied { getattr } for path="/proc/6" dev="proc" ino=11961943 scontext=u:r:untrusted_app:s0:c512,c768 tcontext=u:r:kernel:s0 tclass=dir permissive=0

03-30 10:43:47.019 25810 25810 W AppWatcher: type=1400 audit(0.0:55206424): avc: denied { getattr } for path="/proc/7" dev="proc" ino=11961944 scontext=u:r:untrusted_app:s0:c512,c768 tcontext=u:r:kernel:s0 tclass=dir permissive=0

03-30 10:43:47.019 25810 25810 W AppWatcher: type=1400 audit(0.0:55206425): avc: denied { getattr } for path="/proc/8" dev="proc" ino=11961945 scontext=u:r:untrusted_app:s0:c512,c768 tcontext=u:r:kernel:s0 tclass=dir permissive=0

03-30 10:43:47.019 25810 25810 W AppWatcher: type=1400 audit(0.0:55206426): avc: denied { getattr } for path="/proc/21" dev="proc" ino=11961946 scontext=u:r:untrusted_app:s0:c512,c768 tcontext=u:r:kernel:s0 tclass=dir permissive=0

03-30 10:43:47.019 25810 25810 W AppWatcher: type=1400 audit(0.0:55206427): avc: denied { getattr } for path="/proc/22" dev="proc" ino=11961947 scontext=u:r:untrusted_app:s0:c512,c768 tcontext=u:r:kernel:s0 tclass=dir permissive=0

03-30 10:43:47.019 25810 25810 W AppWatcher: type=1400 audit(0.0:55206428): avc: denied { getattr } for path="/proc/28" dev="proc" ino=11961948 scontext=u:r:untrusted_app:s0:c512,c768 tcontext=u:r:kernel:s0 tclass=dir permissive=0

03-30 10:43:47.019 25810 25810 W AppWatcher: type=1400 audit(0.0:55206429): avc: denied { getattr } for path="/proc/29" dev="proc" ino=11961949 scontext=u:r:untrusted_app:s0:c512,c768 tcontext=u:r:kernel:s0 tclass=dir permissive=0

03-30 10:43:47.029 25810 25810 W AppWatcher: type=1400 audit(0.0:55206430): avc: denied { getattr } for path="/proc/30" dev="proc" ino=11961950 scontext=u:r:untrusted_app:s0:c512,c768 tcontext=u:r:kernel:s0 tclass=dir permissive=0

03-30 10:43:47.029 25810 25810 W AppWatcher: type=1400 audit(0.0:55206431): avc: denied { getattr } for path="/proc/32" dev="proc" ino=11961951 scontext=u:r:untrusted_app:s0:c512,c768 tcontext=u:r:kernel:s0 tclass=dir permissive=0

03-30 10:43:47.029 25810 25810 W AppWatcher: type=1400 audit(0.0:55206432): avc: denied { getattr } for path="/proc/33" dev="proc" ino=11961952 scontext=u:r:untrusted_app:s0:c512,c768 tcontext=u:r:kernel:s0 tclass=dir permissive=0

03-30 10:43:47.029 25810 25810 W AppWatcher: type=1400 audit(0.0:55206433): avc: denied { getattr } for path="/proc/34" dev="proc" ino=11961953 scontext=u:r:untrusted_app:s0:c512,c768 tcontext=u:r:kernel:s0 tclass=dir permissive=0

03-30 10:43:47.029 25810 25810 W AppWatcher: type=1400 audit(0.0:55206434): avc: denied { getattr } for path="/proc/61" dev="proc" ino=11961954 scontext=u:r:untrusted_app:s0:c512,c768 tcontext=u:r:kernel:s0 tclass=dir permissive=0

03-30 10:43:47.029 25810 25810 W AppWatcher: type=1400 audit(0.0:55206435): avc: denied { getattr } for path="/proc/62" dev="proc" ino=11961955 scontext=u:r:untrusted_app:s0:c512,c768 tcontext=u:r:kernel:s0 tclass=dir permissive=0

03-30 10:43:47.029 25810 25810 W AppWatcher: type=1400 audit(0.0:55206436): avc: denied { getattr } for path="/proc/63" dev="proc" ino=11961956 scontext=u:r:untrusted_app:s0:c512,c768 tcontext=u:r:kernel:s0 tclass=dir permissive=0

03-30 10:43:47.029 25810 25810 W AppWatcher: type=1400 audit(0.0:55206437): avc: denied { getattr } for path="/proc/64" dev="proc" ino=11961957 scontext=u:r:untrusted_app:s0:c512,c768 tcontext=u:r:kernel:s0 tclass=dir permissive=0

03-30 10:43:47.029 25810 25810 W AppWatcher: type=1400 audit(0.0:55206438): avc: denied { getattr } for path="/proc/65" dev="proc" ino=11961958 scontext=u:r:untrusted_app:s0:c512,c768 tcontext=u:r:kernel:s0 tclass=dir permissive=0

03-30 10:43:47.029 25810 25810 W AppWatcher: type=1400 audit(0.0:55206439): avc: denied { getattr } for path="/proc/66" dev="proc" ino=11961959 scontext=u:r:untrusted_app:s0:c512,c768 tcontext=u:r:kernel:s0 tclass=dir permissive=0

03-30 10:43:47.029 25810 25810 W AppWatcher: type=1400 audit(0.0:55206440): avc: denied { getattr } for path="/proc/67" dev="proc" ino=11961960 scontext=u:r:untrusted_app:s0:c512,c768 tcontext=u:r:kernel:s0 tclass=dir permissive=0

03-30 10:43:47.029 25810 25810 W AppWatcher: type=1400 audit(0.0:55206441): avc: denied { getattr } for path="/proc/68" dev="proc" ino=11961961 scontext=u:r:untrusted_app:s0:c512,c768 tcontext=u:r:kernel:s0 tclass=dir permissive=0

03-30 10:43:47.029 25810 25810 W AppWatcher: type=1400 audit(0.0:55206442): avc: denied { getattr } for path="/proc/69" dev="proc" ino=11961962 scontext=u:r:untrusted_app:s0:c512,c768 tcontext=u:r:kernel:s0 tclass=dir permissive=0

03-30 10:43:47.029 25810 25810 W AppWatcher: type=1400 audit(0.0:55206443): avc: denied { getattr } for path="/proc/70" dev="proc" ino=11961963 scontext=u:r:untrusted_app:s0:c512,c768 tcontext=u:r:kernel:s0 tclass=dir permissive=0

03-30 10:43:47.029 25810 25810 W AppWatcher: type=1400 audit(0.0:55206444): avc: denied { getattr } for path="/proc/71" dev="proc" ino=11961964 scontext=u:r:untrusted_app:s0:c512,c768 tcontext=u:r:kernel:s0 tclass=dir permissive=0

03-30 10:43:47.029 25810 25810 W AppWatcher: type=1400 audit(0.0:55206445): avc: denied { getattr } for path="/proc/72" dev="proc" ino=11961965 scontext=u:r:untrusted_app:s0:c512,c768 tcontext=u:r:kernel:s0 tclass=dir permissive=0

03-30 10:43:47.029 25810 25810 W AppWatcher: type=1400 audit(0.0:55206446): avc: denied { getattr } for path="/proc/73" dev="proc" ino=11961966 scontext=u:r:untrusted_app:s0:c512,c768 tcontext=u:r:kernel:s0 tclass=dir permissive=0

03-30 10:43:47.707  6151  6186 I octvm_klo: read wakeups from wakealarm_fd:1

03-30 10:43:47.707  6151  6186 I octvm_klo: new timerfd interval:

03-30 10:43:47.707  6151  6186 I octvm_klo: 	itval.it_interval.tv_sec 1, itval.it_interval.tv_nsec 0

03-30 10:43:47.707  6151  6186 I octvm_klo: 	itval.it_value.tv_sec 0, itval.it_value.tv_nsec 999995885

03-30 10:43:47.790   379   493 I ThermalEngine: Sensor:batt_temp:360 mC

03-30 10:43:48.707  6151  6186 I octvm_klo: read wakeups from wakealarm_fd:1

03-30 10:43:48.707  6151  6186 I octvm_klo: new timerfd interval:

03-30 10:43:48.707  6151  6186 I octvm_klo: 	itval.it_interval.tv_sec 1, itval.it_interval.tv_nsec 0

03-30 10:43:48.707  6151  6186 I octvm_klo: 	itval.it_value.tv_sec 0, itval.it_value.tv_nsec 999997136

03-30 10:43:48.791   379   493 I ThermalEngine: Sensor:batt_temp:361 mC

03-30 10:43:49.268  3745  3745 D wpa_supplicant: wlan0: Control interface command 'SIGNAL_POLL'

03-30 10:43:49.283  3745  3745 D wpa_supplicant: CTRL-DEBUG: global_ctrl_sock-sendto: sock=11 sndbuf=163840 outq=0 send_len=49

03-30 10:43:49.707  6151  6186 I octvm_klo: read wakeups from wakealarm_fd:1

03-30 10:43:49.707  6151  6186 I octvm_klo: new timerfd interval:

03-30 10:43:49.707  6151  6186 I octvm_klo: 	itval.it_interval.tv_sec 1, itval.it_interval.tv_nsec 0

03-30 10:43:49.707  6151  6186 I octvm_klo: 	itval.it_value.tv_sec 0, itval.it_value.tv_nsec 999994479

03-30 10:43:49.792   379   493 I ThermalEngine: Sensor:batt_temp:361 mC

03-30 10:43:50.327  4339  4403 D Analytics-Core-PollingSender: PollingTask: Remain 5 db events, 0 exceeded retry limit, retryMap size 5

03-30 10:43:50.707  6151  6186 I octvm_klo: read wakeups from wakealarm_fd:1

03-30 10:43:50.708  6151  6186 I octvm_klo: new timerfd interval:

03-30 10:43:50.708  6151  6186 I octvm_klo: 	itval.it_interval.tv_sec 1, itval.it_interval.tv_nsec 0

03-30 10:43:50.708  6151  6186 I octvm_klo: 	itval.it_value.tv_sec 0, itval.it_value.tv_nsec 999993906

03-30 10:43:50.793   379   493 I ThermalEngine: Sensor:batt_temp:360 mC

03-30 10:43:51.180 19833 19841 I art     : Background sticky concurrent mark sweep GC freed 295976(15MB) AllocSpace objects, 14(284KB) LOS objects, 91% free, 1579KB/17MB, paused 588us total 112.210ms

03-30 10:43:51.708  6151  6186 I octvm_klo: read wakeups from wakealarm_fd:1

03-30 10:43:51.708  6151  6186 I octvm_klo: new timerfd interval:

03-30 10:43:51.708  6151  6186 I octvm_klo: 	itval.it_interval.tv_sec 1, itval.it_interval.tv_nsec 0

03-30 10:43:51.708  6151  6186 I octvm_klo: 	itval.it_value.tv_sec 0, itval.it_value.tv_nsec 999994740

03-30 10:43:51.794   379   493 I ThermalEngine: Sensor:batt_temp:361 mC

03-30 10:43:52.292  3745  3745 D wpa_supplicant: wlan0: Control interface command 'SIGNAL_POLL'

03-30 10:43:52.307  3745  3745 D wpa_supplicant: CTRL-DEBUG: global_ctrl_sock-sendto: sock=11 sndbuf=163840 outq=0 send_len=49

03-30 10:43:52.708  6151  6186 I octvm_klo: read wakeups from wakealarm_fd:1

03-30 10:43:52.708  6151  6186 I octvm_klo: new timerfd interval:

03-30 10:43:52.708  6151  6186 I octvm_klo: 	itval.it_interval.tv_sec 1, itval.it_interval.tv_nsec 0

03-30 10:43:52.708  6151  6186 I octvm_klo: 	itval.it_value.tv_sec 0, itval.it_value.tv_nsec 999993594

03-30 10:43:52.795   379   493 I ThermalEngine: Sensor:batt_temp:361 mC

03-30 10:43:52.902 19885 19923 W System.err: Êó†Ê≥ïËÆøÈóÆÊàñÁΩëÁªú‰∏çÁ®≥ÂÆö

03-30 10:43:52.902 19885 19923 W System.err: 	at com.danale.video.sdk.http.impl.apache.ApacheHttpClient.readDataWithRetriesAndReportDanaleError(Unknown Source)

03-30 10:43:52.902 19885 19923 W System.err: 	at com.danale.video.sdk.http.impl.apache.ApacheHttpClient.execute(Unknown Source)

03-30 10:43:52.902 19885 19923 W System.err: 	at com.danale.video.sdk.utils.DnsAnalysisUtil.dnsAnalysisByDanale(Unknown Source)

03-30 10:43:52.902 19885 19923 W System.err: 	at com.danale.video.sdk.platform.entity.Session$7.doInBackground(Unknown Source)

03-30 10:43:52.902 19885 19923 W System.err: 	at com.danale.video.sdk.platform.entity.Session$7.doInBackground(Unknown Source)

03-30 10:43:52.902 19885 19923 W System.err: 	at com.danale.video.sdk.async.AsyncTask$2.call(Unknown Source)

03-30 10:43:52.903 19885 19923 W System.err: 	at java.util.concurrent.FutureTask.run(FutureTask.java:237)

03-30 10:43:52.903 19885 19923 W System.err: 	at java.util.concurrent.ThreadPoolExecutor.runWorker(ThreadPoolExecutor.java:1113)

03-30 10:43:52.903 19885 19923 W System.err: 	at java.util.concurrent.ThreadPoolExecutor$Worker.run(ThreadPoolExecutor.java:588)

03-30 10:43:52.903 19885 19923 W System.err: 	at java.lang.Thread.run(Thread.java:818)

03-30 10:43:52.903 19885 19923 W System.err: Caused by: org.apache.http.conn.ConnectTimeoutException: Connect to /112.74.15.239:443 timed out

03-30 10:43:52.903 19885 19923 W System.err: 	at org.apache.http.conn.scheme.PlainSocketFactory.connectSocket(PlainSocketFactory.java:126)

03-30 10:43:52.903 19885 19923 W System.err: 	at org.apache.http.impl.conn.DefaultClientConnectionOperator.openConnection(DefaultClientConnectionOperator.java:149)

03-30 10:43:52.903 19885 19923 W System.err: 	at org.apache.http.impl.conn.AbstractPoolEntry.open(AbstractPoolEntry.java:169)

03-30 10:43:52.903 19885 19923 W System.err: 	at org.apache.http.impl.conn.AbstractPooledConnAdapter.open(AbstractPooledConnAdapter.java:124)

03-30 10:43:52.903 19885 19923 W System.err: 	at org.apache.http.impl.client.DefaultRequestDirector.execute(DefaultRequestDirector.java:370)

03-30 10:43:52.903 19885 19923 W System.err: 	at org.apache.http.impl.client.AbstractHttpClient.execute(AbstractHttpClient.java:560)

03-30 10:43:52.903 19885 19923 W System.err: 	at org.apache.http.impl.client.AbstractHttpClient.execute(AbstractHttpClient.java:492)

03-30 10:43:52.903 19885 19923 W System.err: 	at org.apache.http.impl.client.AbstractHttpClient.execute(AbstractHttpClient.java:470)

03-30 10:43:52.903 19885 19923 W System.err: 	at com.danale.video.sdk.http.impl.apache.ApacheHttpClient.readDataWithRetriesAndReportDanaleError(Unknown Source)

03-30 10:43:52.903 19885 19923 W System.err: 	... 9 more

03-30 10:43:52.904 19885 19926 W System.err: Êó†Ê≥ïËÆøÈóÆÊàñÁΩëÁªú‰∏çÁ®≥ÂÆö

03-30 10:43:52.904 19885 19926 W System.err: 	at com.danale.video.sdk.http.impl.apache.ApacheHttpClient.readDataWithRetriesAndReportDanaleError(Unknown Source)

03-30 10:43:52.904 19885 19926 W System.err: 	at com.danale.video.sdk.http.impl.apache.ApacheHttpClient.execute(Unknown Source)

03-30 10:43:52.904 19885 19926 W System.err: 	at com.danale.video.sdk.utils.DnsAnalysisUtil.dnsAnalysisByDanale(Unknown Source)

03-30 10:43:52.904 19885 19926 W System.err: 	at com.danale.video.sdk.platform.entity.Session$7.doInBackground(Unknown Source)

03-30 10:43:52.904 19885 19926 W System.err: 	at com.danale.video.sdk.platform.entity.Session$7.doInBackground(Unknown Source)

03-30 10:43:52.904 19885 19926 W System.err: 	at com.danale.video.sdk.async.AsyncTask$2.call(Unknown Source)

03-30 10:43:52.904 19885 19926 W System.err: 	at java.util.concurrent.FutureTask.run(FutureTask.java:237)

03-30 10:43:52.904 19885 19926 W System.err: 	at java.util.concurrent.ThreadPoolExecutor.runWorker(ThreadPoolExecutor.java:1113)

03-30 10:43:52.904 19885 19926 W System.err: 	at java.util.concurrent.ThreadPoolExecutor$Worker.run(ThreadPoolExecutor.java:588)

03-30 10:43:52.904 19885 19926 W System.err: 	at java.lang.Thread.run(Thread.java:818)

03-30 10:43:52.904 19885 19926 W System.err: Caused by: org.apache.http.conn.ConnectTimeoutException: Connect to /54.93.73.119:443 timed out

03-30 10:43:52.905 19885 19926 W System.err: 	at org.apache.http.conn.scheme.PlainSocketFactory.connectSocket(PlainSocketFactory.java:126)

03-30 10:43:52.905 19885 19926 W System.err: 	at org.apache.http.impl.conn.DefaultClientConnectionOperator.openConnection(DefaultClientConnectionOperator.java:149)

03-30 10:43:52.905 19885 19926 W System.err: 	at org.apache.http.impl.conn.AbstractPoolEntry.open(AbstractPoolEntry.java:169)

03-30 10:43:52.905 19885 19926 W System.err: 	at org.apache.http.impl.conn.AbstractPooledConnAdapter.open(AbstractPooledConnAdapter.java:124)

03-30 10:43:52.905 19885 19926 W System.err: 	at org.apache.http.impl.client.DefaultRequestDirector.execute(DefaultRequestDirector.java:370)

03-30 10:43:52.905 19885 19926 W System.err: 	at org.apache.http.impl.client.AbstractHttpClient.execute(AbstractHttpClient.java:560)

03-30 10:43:52.905 19885 19926 W System.err: 	at org.apache.http.impl.client.AbstractHttpClient.execute(AbstractHttpClient.java:492)

03-30 10:43:52.905 19885 19926 W System.err: 	at org.apache.http.impl.client.AbstractHttpClient.execute(AbstractHttpClient.java:470)

03-30 10:43:52.905 19885 19926 W System.err: 	at com.danale.video.sdk.http.impl.apache.ApacheHttpClient.readDataWithRetriesAndReportDanaleError(Unknown Source)

03-30 10:43:52.905 19885 19926 W System.err: 	... 9 more

03-30 10:43:53.175 19885 19955 D UTAnalytics:LogStoreMgr: pid:19885 [store],

03-30 10:43:53.183 19885 19955 D UTAnalytics:UTSqliteLogStore: pid:19885 sql:SELECT * FROM log ORDER BY time ASC  LIMIT 20,

03-30 10:43:53.186 19885 19955 D UTAnalytics:UTSqliteLogStore: pid:19885 pos,0,count,8,

03-30 10:43:53.186 19885 19955 D UTAnalytics:UTSqliteLogStore: pid:19885 pos,1,count,8,

03-30 10:43:53.186 19885 19955 D UTAnalytics:UTSqliteLogStore: pid:19885 pos,2,count,8,

03-30 10:43:53.186 19885 19955 D UTAnalytics:UTSqliteLogStore: pid:19885 pos,3,count,8,

03-30 10:43:53.186 19885 19955 D UTAnalytics:UTSqliteLogStore: pid:19885 pos,4,count,8,

03-30 10:43:53.186 19885 19955 D UTAnalytics:UTSqliteLogStore: pid:19885 pos,5,count,8,

03-30 10:43:53.186 19885 19955 D UTAnalytics:UTSqliteLogStore: pid:19885 pos,6,count,8,

03-30 10:43:53.186 19885 19955 D UTAnalytics:UTSqliteLogStore: pid:19885 pos,7,count,8,

03-30 10:43:53.187 19885 19955 D UTAnalytics:LogStoreMgr: pid:19885 [get],[Log [id=2267, eventId=19999, index=], Log [id=2268, eventId=19999, index=], Log [id=2269, eventId=2001, index=], Log [id=2270, eventId=19999, index=], Log [id=2271, eventId=2001, index=], Log [id=2272, eventId=2001, index=], Log [id=2273, eventId=2001, index=], Log [id=2274, eventId=2001, index=]],

03-30 10:43:53.197 19885 19955 D UTAnalytics:UploadTask: pid:19885 averagePackageSize:71.5,

03-30 10:43:53.217  4116  4556 I XiaomiFirewall: firewall pkgName:com.orvibo.homemate, result:0x0

03-30 10:43:53.293 19885 19955 D UTAnalytics:UploadTask: pid:19885 url:http://adashbc.m.taobao.com/rest/sur?ak=23256401&av=2.3.0.300&c=null&v=3.0&s=eade5c7b9ef1b5a3d901c854f055cda631bfd1f1&d=WJfwe%2BsntC4DAAdSBLpxQDCW&sv=2.5.1_for_bc&p=a&t=1490841833206&u=&is=1&k=0,

03-30 10:43:53.293 19885 19955 D UTAnalytics:UploadTask: pid:19885 result:{"t":1490841830509,"ret":"","success":"success"}

03-30 10:43:53.293 19885 19955 D UTAnalytics:UploadTask: ,

03-30 10:43:53.297 19885 19955 D UTAnalytics:UploadTask: pid:19885 winsize:350,

03-30 10:43:53.298 19885 19955 D UTAnalytics:LogStoreMgr: pid:19885 [Log [id=2267, eventId=19999, index=], Log [id=2268, eventId=19999, index=], Log [id=2269, eventId=2001, index=], Log [id=2270, eventId=19999, index=], Log [id=2271, eventId=2001, index=], Log [id=2272, eventId=2001, index=], Log [id=2273, eventId=2001, index=], Log [id=2274, eventId=2001, index=]],

03-30 10:43:53.347 19885 19955 D UTAnalytics:UTSqliteLogStore: pid:19885 delete ,8, isSuccess:true,

03-30 10:43:53.347 19885 19955 D UTAnalytics:CoreStatics: pid:19885 [uploadInc]:0,count:8,

03-30 10:43:53.347 19885 19955 D UTAnalytics:CoreStatics: pid:19885 [uploadInc]:8,

03-30 10:43:53.348 19885 19955 D UTAnalytics:UploadTask: pid:19885 logs.size():8, selfMonitorLogCount:0,

03-30 10:43:53.348 19885 19955 D UTAnalytics:UploadTask: pid:19885 upload isSendSuccess:true, consume:99, delete consume:51,

03-30 10:43:53.430  2044  2118 D AutomaticBrightnessController: drop the lightsensor event ,time=337924210 ,lux=6.6127853

03-30 10:43:53.600  2044  2118 D AutomaticBrightnessController: drop the lightsensor event ,time=337924380 ,lux=10.286555

03-30 10:43:53.708  6151  6186 I octvm_klo: read wakeups from wakealarm_fd:1

03-30 10:43:53.708  6151  6186 I octvm_klo: new timerfd interval:

03-30 10:43:53.708  6151  6186 I octvm_klo: 	itval.it_interval.tv_sec 1, itval.it_interval.tv_nsec 0

03-30 10:43:53.708  6151  6186 I octvm_klo: 	itval.it_value.tv_sec 0, itval.it_value.tv_nsec 999997239

03-30 10:43:53.770  2044  2118 D AutomaticBrightnessController: drop the lightsensor event ,time=337924550 ,lux=13.225571

03-30 10:43:53.797   379   493 I ThermalEngine: Sensor:batt_temp:361 mC

03-30 10:43:54.110  2044  2118 D AutomaticBrightnessController: drop the lightsensor event ,time=337924890 ,lux=103.6003

03-30 10:43:54.274 19885 19955 D UTAnalytics:LogStoreMgr: pid:19885 [store],

03-30 10:43:54.280  2044  2118 D AutomaticBrightnessController: drop the lightsensor event ,time=337925060 ,lux=79.353424

03-30 10:43:54.301 19885 19955 D UTAnalytics:UTSqliteLogStore: pid:19885 sql:SELECT * FROM log ORDER BY time ASC  LIMIT 350,

03-30 10:43:54.312   638   638 D charger_monitor: vchg_loop stable: 0, is_settled = 0,usb_target_ua = 500000, usbin_current_now = 500000,fastchg_sts = 1, num_attempts = 0

03-30 10:43:54.336  2044  2078 I WhetstoneClientManager: pid = 2465, uid = 10144 is frozen, not allowed Broadcast

03-30 10:43:54.336  2044  2078 V BroadcastQueueInjector: Skipping BroadcastRecord{9cf3988 u-1 android.intent.action.BATTERY_CHANGED} to ProcessRecord{8fb4531 2465:com.tencent.android.qqdownloader:daemon/u0a144}

03-30 10:43:54.336  2044  2078 D Whetstone-FW: MiuiLog-Whetstone-BroadcastControl BroadcastRecord{9cf3988 u-1 android.intent.action.BATTERY_CHANGED} is discarded

03-30 10:43:54.336  2044  2078 I WhetstoneClientManager: pid = 2465, uid = 10144 is frozen, not allowed Broadcast

03-30 10:43:54.336  2044  2078 V BroadcastQueueInjector: Skipping BroadcastRecord{9cf3988 u-1 android.intent.action.BATTERY_CHANGED} to ProcessRecord{8fb4531 2465:com.tencent.android.qqdownloader:daemon/u0a144}

03-30 10:43:54.336  2044  2078 D Whetstone-FW: MiuiLog-Whetstone-BroadcastControl BroadcastRecord{9cf3988 u-1 android.intent.action.BATTERY_CHANGED} is discarded

03-30 10:43:54.355  4569  5273 I InfoCollectManager: ACTION:android.intent.action.BATTERY_CHANGED

03-30 10:43:54.366  4569  5273 I InfoCollectManager: ACTION:android.intent.action.BATTERY_CHANGED

03-30 10:43:54.368 13976 13976 V MiCloudSyncStateObserver: broadcast received

03-30 10:43:54.368 13976 13976 V MiCloudSyncStateObserver: battery changed

03-30 10:43:54.371  2044  2078 I WhetstoneClientManager: pid = 2465, uid = 10144 is frozen, not allowed Broadcast

03-30 10:43:54.371  2044  2078 V BroadcastQueueInjector: Skipping BroadcastRecord{7f31f21 u-1 android.intent.action.BATTERY_CHANGED} to ProcessRecord{8fb4531 2465:com.tencent.android.qqdownloader:daemon/u0a144}

03-30 10:43:54.371  2044  2078 D Whetstone-FW: MiuiLog-Whetstone-BroadcastControl BroadcastRecord{7f31f21 u-1 android.intent.action.BATTERY_CHANGED} is discarded

03-30 10:43:54.371  2044  2078 I WhetstoneClientManager: pid = 2465, uid = 10144 is frozen, not allowed Broadcast

03-30 10:43:54.371  2044  2078 V BroadcastQueueInjector: Skipping BroadcastRecord{7f31f21 u-1 android.intent.action.BATTERY_CHANGED} to ProcessRecord{8fb4531 2465:com.tencent.android.qqdownloader:daemon/u0a144}

03-30 10:43:54.371  2044  2078 D Whetstone-FW: MiuiLog-Whetstone-BroadcastControl BroadcastRecord{7f31f21 u-1 android.intent.action.BATTERY_CHANGED} is discarded

03-30 10:43:54.376 13976 13976 V MiCloudSyncStateObserver: broadcast received

03-30 10:43:54.376 13976 13976 V MiCloudSyncStateObserver: battery changed

03-30 10:43:54.378 19885 19955 D UTAnalytics:LogStoreMgr: pid:19885 [get],[],

03-30 10:43:54.381 19885 19955 D UTAnalytics:UploadEngine: pid:19885 UTDC.bBackground:false,AppInfoUtil.isForeground(UTDC.getContext()) ,true,

03-30 10:43:54.384 19885 19955 D UTAnalytics:UploadTask: pid:19885 mPeriod:30000,

03-30 10:43:54.450  2044  2118 D AutomaticBrightnessController: drop the lightsensor event ,time=337925230 ,lux=76.414406

03-30 10:43:54.620  2044  2118 D AutomaticBrightnessController: drop the lightsensor event ,time=337925400 ,lux=76.414406

03-30 10:43:54.708  6151  6186 I octvm_klo: read wakeups from wakealarm_fd:1

03-30 10:43:54.709  6151  6186 I octvm_klo: new timerfd interval:

03-30 10:43:54.709  6151  6186 I octvm_klo: 	itval.it_interval.tv_sec 1, itval.it_interval.tv_nsec 0

03-30 10:43:54.709  6151  6186 I octvm_klo: 	itval.it_value.tv_sec 0, itval.it_value.tv_nsec 999992240

03-30 10:43:54.790  2044  2118 D AutomaticBrightnessController: drop the lightsensor event ,time=337925570 ,lux=43.350483

03-30 10:43:54.798   379   493 I ThermalEngine: Sensor:batt_temp:361 mC

03-30 10:43:54.960  2044  2118 D AutomaticBrightnessController: drop the lightsensor event ,time=337925740 ,lux=8.0822935

03-30 10:43:55.131  2044  2118 D AutomaticBrightnessController: drop the lightsensor event ,time=337925911 ,lux=5.8780313

03-30 10:43:55.300  2044  2118 D AutomaticBrightnessController: drop the lightsensor event ,time=337926080 ,lux=6.6127853

03-30 10:43:55.319  3745  3745 D wpa_supplicant: wlan0: Control interface command 'SIGNAL_POLL'

03-30 10:43:55.335  3745  3745 D wpa_supplicant: CTRL-DEBUG: global_ctrl_sock-sendto: sock=11 sndbuf=163840 outq=0 send_len=49

03-30 10:43:55.472  2044  2118 D AutomaticBrightnessController: drop the lightsensor event ,time=337926252 ,lux=6.6127853

03-30 10:43:55.640  2044  2118 D AutomaticBrightnessController: drop the lightsensor event ,time=337926420 ,lux=2.2042618

03-30 10:43:55.709  6151  6186 I octvm_klo: read wakeups from wakealarm_fd:1

03-30 10:43:55.709  6151  6186 I octvm_klo: new timerfd interval:

03-30 10:43:55.709  6151  6186 I octvm_klo: 	itval.it_interval.tv_sec 1, itval.it_interval.tv_nsec 0

03-30 10:43:55.709  6151  6186 I octvm_klo: 	itval.it_value.tv_sec 0, itval.it_value.tv_nsec 999996511

03-30 10:43:55.800   379   493 I ThermalEngine: Sensor:batt_temp:361 mC

03-30 10:43:55.810  2044  2118 D AutomaticBrightnessController: drop the lightsensor event ,time=337926590 ,lux=9.551801

03-30 10:43:55.980  2044  2118 D AutomaticBrightnessController: drop the lightsensor event ,time=337926760 ,lux=11.021309

03-30 10:43:56.152  2044  2118 D AutomaticBrightnessController: drop the lightsensor event ,time=337926932 ,lux=12.490817

03-30 10:43:56.320  2044  2118 D AutomaticBrightnessController: drop the lightsensor event ,time=337927100 ,lux=86.700966

03-30 10:43:56.490  2044  2118 D AutomaticBrightnessController: drop the lightsensor event ,time=337927270 ,lux=104.33506

03-30 10:43:56.641 19885 20066 W System.err: java.net.SocketTimeoutException

03-30 10:43:56.642 19885 20066 W System.err: 	at java.net.PlainSocketImpl.read(PlainSocketImpl.java:484)

03-30 10:43:56.642 19885 20066 W System.err: 	at java.net.PlainSocketImpl.access$000(PlainSocketImpl.java:37)

03-30 10:43:56.642 19885 20066 W System.err: 	at java.net.PlainSocketImpl$PlainSocketInputStream.read(PlainSocketImpl.java:237)

03-30 10:43:56.642 19885 20066 W System.err: 	at com.android.okhttp.okio.Okio$2.read(Okio.java:135)

03-30 10:43:56.642 19885 20066 W System.err: 	at com.android.okhttp.okio.AsyncTimeout$2.read(AsyncTimeout.java:211)

03-30 10:43:56.642 19885 20066 W System.err: 	at com.android.okhttp.okio.RealBufferedSource.indexOf(RealBufferedSource.java:306)

03-30 10:43:56.642 19885 20066 W System.err: 	at com.android.okhttp.okio.RealBufferedSource.indexOf(RealBufferedSource.java:300)

03-30 10:43:56.642 19885 20066 W System.err: 	at com.android.okhttp.okio.RealBufferedSource.readUtf8LineStrict(RealBufferedSource.java:196)

03-30 10:43:56.642 19885 20066 W System.err: 	at com.android.okhttp.internal.http.HttpConnection.readResponse(HttpConnection.java:191)

03-30 10:43:56.642 19885 20066 W System.err: 	at com.android.okhttp.internal.http.HttpTransport.readResponseHeaders(HttpTransport.java:80)

03-30 10:43:56.642 19885 20066 W System.err: 	at com.android.okhttp.internal.http.HttpEngine.readNetworkResponse(HttpEngine.java:905)

03-30 10:43:56.643 19885 20066 W System.err: 	at com.android.okhttp.internal.http.HttpEngine.readResponse(HttpEngine.java:789)

03-30 10:43:56.643 19885 20066 W System.err: 	at com.android.okhttp.internal.huc.HttpURLConnectionImpl.execute(HttpURLConnectionImpl.java:443)

03-30 10:43:56.643 19885 20066 W System.err: 	at com.android.okhttp.internal.huc.HttpURLConnectionImpl.getResponse(HttpURLConnectionImpl.java:388)

03-30 10:43:56.643 19885 20066 W System.err: 	at com.android.okhttp.internal.huc.HttpURLConnectionImpl.getHeaders(HttpURLConnectionImpl.java:150)

03-30 10:43:56.643 19885 20066 W System.err: 	at com.android.okhttp.internal.huc.HttpURLConnectionImpl.getHeaderFields(HttpURLConnectionImpl.java:210)

03-30 10:43:56.643 19885 20066 W System.err: 	at com.loc.ar.a(HttpUrlUtil.java:451)

03-30 10:43:56.643 19885 20066 W System.err: 	at com.loc.ar.a(HttpUrlUtil.java:378)

03-30 10:43:56.643 19885 20066 W System.err: 	at com.loc.ap.b(BaseNetManager.java:158)

03-30 10:43:56.643 19885 20066 W System.err: 	at com.loc.ap.b(BaseNetManager.java:117)

03-30 10:43:56.643 19885 20066 W System.err: 	at com.loc.n.a(AuthManager.java:96)

03-30 10:43:56.643 19885 20066 W System.err: 	at com.loc.n.b(AuthManager.java:118)

03-30 10:43:56.643 19885 20066 W System.err: 	at com.loc.aw.b(APS.java:3446)

03-30 10:43:56.643 19885 20066 W System.err: 	at com.loc.d.e(APSServiceCore.java:450)

03-30 10:43:56.643 19885 20066 W System.err: 	at com.loc.d.f(APSServiceCore.java:43)

03-30 10:43:56.643 19885 20066 W System.err: 	at com.loc.d$a.run(APSServiceCore.java:319)

03-30 10:43:56.644 19885 20066 W System.err: com.loc.l: socket ËøûÊé•Ë∂ÖÊó∂ - SocketTimeoutException

03-30 10:43:56.645 19885 20066 W System.err: 	at com.loc.ar.a(HttpUrlUtil.java:393)

03-30 10:43:56.645 19885 20066 W System.err: 	at com.loc.ap.b(BaseNetManager.java:158)

03-30 10:43:56.645 19885 20066 W System.err: 	at com.loc.ap.b(BaseNetManager.java:117)

