03-17 17:00:57.817 22189 22213 I QueryController: Matched selector: UiSelector[PACKAGE NAME=com.android.systemui] <<==>> [android.view.accessibility.AccessibilityNodeInfo@8005a8d1; boundsInParent: Rect(0, 0 - 1080, 1920); boundsInScreen: Rect(0, 0 - 1080, 1920); packageName: com.android.systemui; className: android.widget.FrameLayout; text: null; error: null; maxTextLength: -1; contentDescription: null; viewIdResName: null; checkable: false; checked: false; focusable: true; focused: false; selected: false; clickable: false; longClickable: false; contextClickable: false; enabled: true; password: false; scrollable: false; actions: [AccessibilityAction: ACTION_FOCUS - null, AccessibilityAction: ACTION_SELECT - null, AccessibilityAction: ACTION_CLEAR_SELECTION - null, AccessibilityAction: ACTION_ACCESSIBILITY_FOCUS - null, AccessibilityAction: ACTION_UNKNOWN - null]]

03-17 17:00:57.871 22189 22213 I QueryController: Matched selector: UiSelector[PACKAGE NAME=com.android.systemui] <<==>> [android.view.accessibility.AccessibilityNodeInfo@8005a8d1; boundsInParent: Rect(0, 0 - 1080, 1920); boundsInScreen: Rect(0, 0 - 1080, 1920); packageName: com.android.systemui; className: android.widget.FrameLayout; text: null; error: null; maxTextLength: -1; contentDescription: null; viewIdResName: null; checkable: false; checked: false; focusable: true; focused: false; selected: false; clickable: false; longClickable: false; contextClickable: false; enabled: true; password: false; scrollable: false; actions: [AccessibilityAction: ACTION_FOCUS - null, AccessibilityAction: ACTION_SELECT - null, AccessibilityAction: ACTION_CLEAR_SELECTION - null, AccessibilityAction: ACTION_ACCESSIBILITY_FOCUS - null, AccessibilityAction: ACTION_UNKNOWN - null]]

03-17 17:00:57.922 22189 22213 I QueryController: Matched selector: UiSelector[PACKAGE NAME=com.android.systemui] <<==>> [android.view.accessibility.AccessibilityNodeInfo@8005a8d1; boundsInParent: Rect(0, 0 - 1080, 1920); boundsInScreen: Rect(0, 0 - 1080, 1920); packageName: com.android.systemui; className: android.widget.FrameLayout; text: null; error: null; maxTextLength: -1; contentDescription: null; viewIdResName: null; checkable: false; checked: false; focusable: true; focused: false; selected: false; clickable: false; longClickable: false; contextClickable: false; enabled: true; password: false; scrollable: false; actions: [AccessibilityAction: ACTION_FOCUS - null, AccessibilityAction: ACTION_SELECT - null, AccessibilityAction: ACTION_CLEAR_SELECTION - null, AccessibilityAction: ACTION_ACCESSIBILITY_FOCUS - null, AccessibilityAction: ACTION_UNKNOWN - null]]

03-17 17:00:57.979 22189 22213 I QueryController: Matched selector: UiSelector[PACKAGE NAME=com.android.systemui] <<==>> [android.view.accessibility.AccessibilityNodeInfo@8005a8d1; boundsInParent: Rect(0, 0 - 1080, 1920); boundsInScreen: Rect(0, 0 - 1080, 1920); packageName: com.android.systemui; className: android.widget.FrameLayout; text: null; error: null; maxTextLength: -1; contentDescription: null; viewIdResName: null; checkable: false; checked: false; focusable: true; focused: false; selected: false; clickable: false; longClickable: false; contextClickable: false; enabled: true; password: false; scrollable: false; actions: [AccessibilityAction: ACTION_FOCUS - null, AccessibilityAction: ACTION_SELECT - null, AccessibilityAction: ACTION_CLEAR_SELECTION - null, AccessibilityAction: ACTION_ACCESSIBILITY_FOCUS - null, AccessibilityAction: ACTION_UNKNOWN - null]]

03-17 17:00:58.028 22189 22213 I QueryController: Matched selector: UiSelector[PACKAGE NAME=com.android.systemui] <<==>> [android.view.accessibility.AccessibilityNodeInfo@8005a8d1; boundsInParent: Rect(0, 0 - 1080, 1920); boundsInScreen: Rect(0, 0 - 1080, 1920); packageName: com.android.systemui; className: android.widget.FrameLayout; text: null; error: null; maxTextLength: -1; contentDescription: null; viewIdResName: null; checkable: false; checked: false; focusable: true; focused: false; selected: false; clickable: false; longClickable: false; contextClickable: false; enabled: true; password: false; scrollable: false; actions: [AccessibilityAction: ACTION_FOCUS - null, AccessibilityAction: ACTION_SELECT - null, AccessibilityAction: ACTION_CLEAR_SELECTION - null, AccessibilityAction: ACTION_ACCESSIBILITY_FOCUS - null, AccessibilityAction: ACTION_UNKNOWN - null]]

03-17 17:00:58.076 22189 22213 I QueryController: Matched selector: UiSelector[PACKAGE NAME=com.android.systemui] <<==>> [android.view.accessibility.AccessibilityNodeInfo@8005a8d1; boundsInParent: Rect(0, 0 - 1080, 1920); boundsInScreen: Rect(0, 0 - 1080, 1920); packageName: com.android.systemui; className: android.widget.FrameLayout; text: null; error: null; maxTextLength: -1; contentDescription: null; viewIdResName: null; checkable: false; checked: false; focusable: true; focused: false; selected: false; clickable: false; longClickable: false; contextClickable: false; enabled: true; password: false; scrollable: false; actions: [AccessibilityAction: ACTION_FOCUS - null, AccessibilityAction: ACTION_SELECT - null, AccessibilityAction: ACTION_CLEAR_SELECTION - null, AccessibilityAction: ACTION_ACCESSIBILITY_FOCUS - null, AccessibilityAction: ACTION_UNKNOWN - null]]

03-17 17:00:58.124 22189 22213 I QueryController: Matched selector: UiSelector[PACKAGE NAME=com.android.systemui] <<==>> [android.view.accessibility.AccessibilityNodeInfo@8005a8d1; boundsInParent: Rect(0, 0 - 1080, 1920); boundsInScreen: Rect(0, 0 - 1080, 1920); packageName: com.android.systemui; className: android.widget.FrameLayout; text: null; error: null; maxTextLength: -1; contentDescription: null; viewIdResName: null; checkable: false; checked: false; focusable: true; focused: false; selected: false; clickable: false; longClickable: false; contextClickable: false; enabled: true; password: false; scrollable: false; actions: [AccessibilityAction: ACTION_FOCUS - null, AccessibilityAction: ACTION_SELECT - null, AccessibilityAction: ACTION_CLEAR_SELECTION - null, AccessibilityAction: ACTION_ACCESSIBILITY_FOCUS - null, AccessibilityAction: ACTION_UNKNOWN - null]]

03-17 17:00:58.176 22189 22213 I QueryController: Matched selector: UiSelector[PACKAGE NAME=com.android.systemui] <<==>> [android.view.accessibility.AccessibilityNodeInfo@8005a8d1; boundsInParent: Rect(0, 0 - 1080, 1920); boundsInScreen: Rect(0, 0 - 1080, 1920); packageName: com.android.systemui; className: android.widget.FrameLayout; text: null; error: null; maxTextLength: -1; contentDescription: null; viewIdResName: null; checkable: false; checked: false; focusable: true; focused: false; selected: false; clickable: false; longClickable: false; contextClickable: false; enabled: true; password: false; scrollable: false; actions: [AccessibilityAction: ACTION_FOCUS - null, AccessibilityAction: ACTION_SELECT - null, AccessibilityAction: ACTION_CLEAR_SELECTION - null, AccessibilityAction: ACTION_ACCESSIBILITY_FOCUS - null, AccessibilityAction: ACTION_UNKNOWN - null]]

03-17 17:00:58.226 22189 22213 I QueryController: Matched selector: UiSelector[PACKAGE NAME=com.android.systemui] <<==>> [android.view.accessibility.AccessibilityNodeInfo@8005a8d1; boundsInParent: Rect(0, 0 - 1080, 1920); boundsInScreen: Rect(0, 0 - 1080, 1920); packageName: com.android.systemui; className: android.widget.FrameLayout; text: null; error: null; maxTextLength: -1; contentDescription: null; viewIdResName: null; checkable: false; checked: false; focusable: true; focused: false; selected: false; clickable: false; longClickable: false; contextClickable: false; enabled: true; password: false; scrollable: false; actions: [AccessibilityAction: ACTION_FOCUS - null, AccessibilityAction: ACTION_SELECT - null, AccessibilityAction: ACTION_CLEAR_SELECTION - null, AccessibilityAction: ACTION_ACCESSIBILITY_FOCUS - null, AccessibilityAction: ACTION_UNKNOWN - null]]

03-17 17:00:58.275 22189 22213 I QueryController: Matched selector: UiSelector[PACKAGE NAME=com.android.systemui] <<==>> [android.view.accessibility.AccessibilityNodeInfo@8005a8d1; boundsInParent: Rect(0, 0 - 1080, 1920); boundsInScreen: Rect(0, 0 - 1080, 1920); packageName: com.android.systemui; className: android.widget.FrameLayout; text: null; error: null; maxTextLength: -1; contentDescription: null; viewIdResName: null; checkable: false; checked: false; focusable: true; focused: false; selected: false; clickable: false; longClickable: false; contextClickable: false; enabled: true; password: false; scrollable: false; actions: [AccessibilityAction: ACTION_FOCUS - null, AccessibilityAction: ACTION_SELECT - null, AccessibilityAction: ACTION_CLEAR_SELECTION - null, AccessibilityAction: ACTION_ACCESSIBILITY_FOCUS - null, AccessibilityAction: ACTION_UNKNOWN - null]]

03-17 17:00:58.323 22189 22213 I QueryController: Matched selector: UiSelector[PACKAGE NAME=com.android.systemui] <<==>> [android.view.accessibility.AccessibilityNodeInfo@8005a8d1; boundsInParent: Rect(0, 0 - 1080, 1920); boundsInScreen: Rect(0, 0 - 1080, 1920); packageName: com.android.systemui; className: android.widget.FrameLayout; text: null; error: null; maxTextLength: -1; contentDescription: null; viewIdResName: null; checkable: false; checked: false; focusable: true; focused: false; selected: false; clickable: false; longClickable: false; contextClickable: false; enabled: true; password: false; scrollable: false; actions: [AccessibilityAction: ACTION_FOCUS - null, AccessibilityAction: ACTION_SELECT - null, AccessibilityAction: ACTION_CLEAR_SELECTION - null, AccessibilityAction: ACTION_ACCESSIBILITY_FOCUS - null, AccessibilityAction: ACTION_UNKNOWN - null]]

03-17 17:00:58.373 22189 22213 I QueryController: Matched selector: UiSelector[PACKAGE NAME=com.android.systemui] <<==>> [android.view.accessibility.AccessibilityNodeInfo@8005a8d1; boundsInParent: Rect(0, 0 - 1080, 1920); boundsInScreen: Rect(0, 0 - 1080, 1920); packageName: com.android.systemui; className: android.widget.FrameLayout; text: null; error: null; maxTextLength: -1; contentDescription: null; viewIdResName: null; checkable: false; checked: false; focusable: true; focused: false; selected: false; clickable: false; longClickable: false; contextClickable: false; enabled: true; password: false; scrollable: false; actions: [AccessibilityAction: ACTION_FOCUS - null, AccessibilityAction: ACTION_SELECT - null, AccessibilityAction: ACTION_CLEAR_SELECTION - null, AccessibilityAction: ACTION_ACCESSIBILITY_FOCUS - null, AccessibilityAction: ACTION_UNKNOWN - null]]

03-17 17:00:58.374   370   482 I ThermalEngine: Sensor:batt_temp:372 mC

03-17 17:00:58.426 22189 22213 I QueryController: Matched selector: UiSelector[PACKAGE NAME=com.android.systemui] <<==>> [android.view.accessibility.AccessibilityNodeInfo@8005a8d1; boundsInParent: Rect(0, 0 - 1080, 1920); boundsInScreen: Rect(0, 0 - 1080, 1920); packageName: com.android.systemui; className: android.widget.FrameLayout; text: null; error: null; maxTextLength: -1; contentDescription: null; viewIdResName: null; checkable: false; checked: false; focusable: true; focused: false; selected: false; clickable: false; longClickable: false; contextClickable: false; enabled: true; password: false; scrollable: false; actions: [AccessibilityAction: ACTION_FOCUS - null, AccessibilityAction: ACTION_SELECT - null, AccessibilityAction: ACTION_CLEAR_SELECTION - null, AccessibilityAction: ACTION_ACCESSIBILITY_FOCUS - null, AccessibilityAction: ACTION_UNKNOWN - null]]

03-17 17:00:58.521 22189 22213 I QueryController: Matched selector: UiSelector[PACKAGE NAME=com.android.systemui] <<==>> [android.view.accessibility.AccessibilityNodeInfo@8005a8d1; boundsInParent: Rect(0, 0 - 1080, 1920); boundsInScreen: Rect(0, 0 - 1080, 1920); packageName: com.android.systemui; className: android.widget.FrameLayout; text: null; error: null; maxTextLength: -1; contentDescription: null; viewIdResName: null; checkable: false; checked: false; focusable: true; focused: false; selected: false; clickable: false; longClickable: false; contextClickable: false; enabled: true; password: false; scrollable: false; actions: [AccessibilityAction: ACTION_FOCUS - null, AccessibilityAction: ACTION_SELECT - null, AccessibilityAction: ACTION_CLEAR_SELECTION - null, AccessibilityAction: ACTION_ACCESSIBILITY_FOCUS - null, AccessibilityAction: ACTION_UNKNOWN - null]]

03-17 17:00:58.616 22189 22213 I QueryController: Matched selector: UiSelector[PACKAGE NAME=com.android.systemui] <<==>> [android.view.accessibility.AccessibilityNodeInfo@8005a8d1; boundsInParent: Rect(0, 0 - 1080, 1920); boundsInScreen: Rect(0, 0 - 1080, 1920); packageName: com.android.systemui; className: android.widget.FrameLayout; text: null; error: null; maxTextLength: -1; contentDescription: null; viewIdResName: null; checkable: false; checked: false; focusable: true; focused: false; selected: false; clickable: false; longClickable: false; contextClickable: false; enabled: true; password: false; scrollable: false; actions: [AccessibilityAction: ACTION_FOCUS - null, AccessibilityAction: ACTION_SELECT - null, AccessibilityAction: ACTION_CLEAR_SELECTION - null, AccessibilityAction: ACTION_ACCESSIBILITY_FOCUS - null, AccessibilityAction: ACTION_UNKNOWN - null]]

03-17 17:00:58.670 22189 22213 I QueryController: Matched selector: UiSelector[PACKAGE NAME=com.android.systemui] <<==>> [android.view.accessibility.AccessibilityNodeInfo@8005a8d1; boundsInParent: Rect(0, 0 - 1080, 1920); boundsInScreen: Rect(0, 0 - 1080, 1920); packageName: com.android.systemui; className: android.widget.FrameLayout; text: null; error: null; maxTextLength: -1; contentDescription: null; viewIdResName: null; checkable: false; checked: false; focusable: true; focused: false; selected: false; clickable: false; longClickable: false; contextClickable: false; enabled: true; password: false; scrollable: false; actions: [AccessibilityAction: ACTION_FOCUS - null, AccessibilityAction: ACTION_SELECT - null, AccessibilityAction: ACTION_CLEAR_SELECTION - null, AccessibilityAction: ACTION_ACCESSIBILITY_FOCUS - null, AccessibilityAction: ACTION_UNKNOWN - null]]

03-17 17:00:58.717 22189 22213 I QueryController: Matched selector: UiSelector[PACKAGE NAME=com.android.systemui] <<==>> [android.view.accessibility.AccessibilityNodeInfo@8005a8d1; boundsInParent: Rect(0, 0 - 1080, 1920); boundsInScreen: Rect(0, 0 - 1080, 1920); packageName: com.android.systemui; className: android.widget.FrameLayout; text: null; error: null; maxTextLength: -1; contentDescription: null; viewIdResName: null; checkable: false; checked: false; focusable: true; focused: false; selected: false; clickable: false; longClickable: false; contextClickable: false; enabled: true; password: false; scrollable: false; actions: [AccessibilityAction: ACTION_FOCUS - null, AccessibilityAction: ACTION_SELECT - null, AccessibilityAction: ACTION_CLEAR_SELECTION - null, AccessibilityAction: ACTION_ACCESSIBILITY_FOCUS - null, AccessibilityAction: ACTION_UNKNOWN - null]]

03-17 17:00:58.773  5869  5938 I octvm_klo: read wakeups from wakealarm_fd:1

03-17 17:00:58.774  5869  5938 I octvm_klo: new timerfd interval:

03-17 17:00:58.774  5869  5938 I octvm_klo: 	itval.it_interval.tv_sec 4, itval.it_interval.tv_nsec 0

03-17 17:00:58.774  5869  5938 I octvm_klo: 	itval.it_value.tv_sec 3, itval.it_value.tv_nsec 999995990

03-17 17:00:58.828 22189 22213 I QueryController: Matched selector: UiSelector[PACKAGE NAME=com.android.systemui] <<==>> [android.view.accessibility.AccessibilityNodeInfo@8005a8d1; boundsInParent: Rect(0, 0 - 1080, 1920); boundsInScreen: Rect(0, 0 - 1080, 1920); packageName: com.android.systemui; className: android.widget.FrameLayout; text: null; error: null; maxTextLength: -1; contentDescription: null; viewIdResName: null; checkable: false; checked: false; focusable: true; focused: false; selected: false; clickable: false; longClickable: false; contextClickable: false; enabled: true; password: false; scrollable: false; actions: [AccessibilityAction: ACTION_FOCUS - null, AccessibilityAction: ACTION_SELECT - null, AccessibilityAction: ACTION_CLEAR_SELECTION - null, AccessibilityAction: ACTION_ACCESSIBILITY_FOCUS - null, AccessibilityAction: ACTION_UNKNOWN - null]]

03-17 17:00:58.931 22189 22213 I QueryController: Matched selector: UiSelector[PACKAGE NAME=com.android.systemui] <<==>> [android.view.accessibility.AccessibilityNodeInfo@8005a8d1; boundsInParent: Rect(0, 0 - 1080, 1920); boundsInScreen: Rect(0, 0 - 1080, 1920); packageName: com.android.systemui; className: android.widget.FrameLayout; text: null; error: null; maxTextLength: -1; contentDescription: null; viewIdResName: null; checkable: false; checked: false; focusable: true; focused: false; selected: false; clickable: false; longClickable: false; contextClickable: false; enabled: true; password: false; scrollable: false; actions: [AccessibilityAction: ACTION_FOCUS - null, AccessibilityAction: ACTION_SELECT - null, AccessibilityAction: ACTION_CLEAR_SELECTION - null, AccessibilityAction: ACTION_ACCESSIBILITY_FOCUS - null, AccessibilityAction: ACTION_UNKNOWN - null]]

03-17 17:00:58.986 22189 22213 I QueryController: Matched selector: UiSelector[PACKAGE NAME=com.android.systemui] <<==>> [android.view.accessibility.AccessibilityNodeInfo@8005a8d1; boundsInParent: Rect(0, 0 - 1080, 1920); boundsInScreen: Rect(0, 0 - 1080, 1920); packageName: com.android.systemui; className: android.widget.FrameLayout; text: null; error: null; maxTextLength: -1; contentDescription: null; viewIdResName: null; checkable: false; checked: false; focusable: true; focused: false; selected: false; clickable: false; longClickable: false; contextClickable: false; enabled: true; password: false; scrollable: false; actions: [AccessibilityAction: ACTION_FOCUS - null, AccessibilityAction: ACTION_SELECT - null, AccessibilityAction: ACTION_CLEAR_SELECTION - null, AccessibilityAction: ACTION_ACCESSIBILITY_FOCUS - null, AccessibilityAction: ACTION_UNKNOWN - null]]

03-17 17:00:59.040 22189 22213 I QueryController: Matched selector: UiSelector[PACKAGE NAME=com.android.systemui] <<==>> [android.view.accessibility.AccessibilityNodeInfo@8005a8d1; boundsInParent: Rect(0, 0 - 1080, 1920); boundsInScreen: Rect(0, 0 - 1080, 1920); packageName: com.android.systemui; className: android.widget.FrameLayout; text: null; error: null; maxTextLength: -1; contentDescription: null; viewIdResName: null; checkable: false; checked: false; focusable: true; focused: false; selected: false; clickable: false; longClickable: false; contextClickable: false; enabled: true; password: false; scrollable: false; actions: [AccessibilityAction: ACTION_FOCUS - null, AccessibilityAction: ACTION_SELECT - null, AccessibilityAction: ACTION_CLEAR_SELECTION - null, AccessibilityAction: ACTION_ACCESSIBILITY_FOCUS - null, AccessibilityAction: ACTION_UNKNOWN - null]]

03-17 17:00:59.117 22189 22213 I QueryController: Matched selector: UiSelector[PACKAGE NAME=com.android.systemui] <<==>> [android.view.accessibility.AccessibilityNodeInfo@8005a8d1; boundsInParent: Rect(0, 0 - 1080, 1920); boundsInScreen: Rect(0, 0 - 1080, 1920); packageName: com.android.systemui; className: android.widget.FrameLayout; text: null; error: null; maxTextLength: -1; contentDescription: null; viewIdResName: null; checkable: false; checked: false; focusable: true; focused: false; selected: false; clickable: false; longClickable: false; contextClickable: false; enabled: true; password: false; scrollable: false; actions: [AccessibilityAction: ACTION_FOCUS - null, AccessibilityAction: ACTION_SELECT - null, AccessibilityAction: ACTION_CLEAR_SELECTION - null, AccessibilityAction: ACTION_ACCESSIBILITY_FOCUS - null, AccessibilityAction: ACTION_UNKNOWN - null]]

03-17 17:00:59.173 22189 22213 I QueryController: Matched selector: UiSelector[PACKAGE NAME=com.android.systemui] <<==>> [android.view.accessibility.AccessibilityNodeInfo@8005a8d1; boundsInParent: Rect(0, 0 - 1080, 1920); boundsInScreen: Rect(0, 0 - 1080, 1920); packageName: com.android.systemui; className: android.widget.FrameLayout; text: null; error: null; maxTextLength: -1; contentDescription: null; viewIdResName: null; checkable: false; checked: false; focusable: true; focused: false; selected: false; clickable: false; longClickable: false; contextClickable: false; enabled: true; password: false; scrollable: false; actions: [AccessibilityAction: ACTION_FOCUS - null, AccessibilityAction: ACTION_SELECT - null, AccessibilityAction: ACTION_CLEAR_SELECTION - null, AccessibilityAction: ACTION_ACCESSIBILITY_FOCUS - null, AccessibilityAction: ACTION_UNKNOWN - null]]

03-17 17:00:59.227 22189 22213 I QueryController: Matched selector: UiSelector[PACKAGE NAME=com.android.systemui] <<==>> [android.view.accessibility.AccessibilityNodeInfo@8005a8d1; boundsInParent: Rect(0, 0 - 1080, 1920); boundsInScreen: Rect(0, 0 - 1080, 1920); packageName: com.android.systemui; className: android.widget.FrameLayout; text: null; error: null; maxTextLength: -1; contentDescription: null; viewIdResName: null; checkable: false; checked: false; focusable: true; focused: false; selected: false; clickable: false; longClickable: false; contextClickable: false; enabled: true; password: false; scrollable: false; actions: [AccessibilityAction: ACTION_FOCUS - null, AccessibilityAction: ACTION_SELECT - null, AccessibilityAction: ACTION_CLEAR_SELECTION - null, AccessibilityAction: ACTION_ACCESSIBILITY_FOCUS - null, AccessibilityAction: ACTION_UNKNOWN - null]]

03-17 17:00:59.327 22189 22213 I QueryController: Matched selector: UiSelector[PACKAGE NAME=com.android.systemui] <<==>> [android.view.accessibility.AccessibilityNodeInfo@8005a8d1; boundsInParent: Rect(0, 0 - 1080, 1920); boundsInScreen: Rect(0, 0 - 1080, 1920); packageName: com.android.systemui; className: android.widget.FrameLayout; text: null; error: null; maxTextLength: -1; contentDescription: null; viewIdResName: null; checkable: false; checked: false; focusable: true; focused: false; selected: false; clickable: false; longClickable: false; contextClickable: false; enabled: true; password: false; scrollable: false; actions: [AccessibilityAction: ACTION_FOCUS - null, AccessibilityAction: ACTION_SELECT - null, AccessibilityAction: ACTION_CLEAR_SELECTION - null, AccessibilityAction: ACTION_ACCESSIBILITY_FOCUS - null, AccessibilityAction: ACTION_UNKNOWN - null]]

03-17 17:00:59.378   370   482 I ThermalEngine: Sensor:batt_temp:372 mC

03-17 17:00:59.481 22823 22823 D wpa_supplicant: wlan0: Control interface command 'SIGNAL_POLL'

03-17 17:00:59.497 22823 22823 D wpa_supplicant: CTRL-DEBUG: global_ctrl_sock-sendto: sock=11 sndbuf=163840 outq=0 send_len=48

03-17 17:00:59.597 22189 22213 I QueryController: Matched selector: UiSelector[PACKAGE NAME=com.android.systemui] <<==>> [android.view.accessibility.AccessibilityNodeInfo@8005a8d1; boundsInParent: Rect(0, 0 - 1080, 1920); boundsInScreen: Rect(0, 0 - 1080, 1920); packageName: com.android.systemui; className: android.widget.FrameLayout; text: null; error: null; maxTextLength: -1; contentDescription: null; viewIdResName: null; checkable: false; checked: false; focusable: true; focused: false; selected: false; clickable: false; longClickable: false; contextClickable: false; enabled: true; password: false; scrollable: false; actions: [AccessibilityAction: ACTION_FOCUS - null, AccessibilityAction: ACTION_SELECT - null, AccessibilityAction: ACTION_CLEAR_SELECTION - null, AccessibilityAction: ACTION_ACCESSIBILITY_FOCUS - null, AccessibilityAction: ACTION_UNKNOWN - null]]

03-17 17:00:59.721 22189 22213 I QueryController: Matched selector: UiSelector[PACKAGE NAME=com.android.systemui] <<==>> [android.view.accessibility.AccessibilityNodeInfo@8005a8d1; boundsInParent: Rect(0, 0 - 1080, 1920); boundsInScreen: Rect(0, 0 - 1080, 1920); packageName: com.android.systemui; className: android.widget.FrameLayout; text: null; error: null; maxTextLength: -1; contentDescription: null; viewIdResName: null; checkable: false; checked: false; focusable: true; focused: false; selected: false; clickable: false; longClickable: false; contextClickable: false; enabled: true; password: false; scrollable: false; actions: [AccessibilityAction: ACTION_FOCUS - null, AccessibilityAction: ACTION_SELECT - null, AccessibilityAction: ACTION_CLEAR_SELECTION - null, AccessibilityAction: ACTION_ACCESSIBILITY_FOCUS - null, AccessibilityAction: ACTION_UNKNOWN - null]]

03-17 17:00:59.824 22189 22213 I QueryController: Matched selector: UiSelector[PACKAGE NAME=com.android.systemui] <<==>> [android.view.accessibility.AccessibilityNodeInfo@8005a8d1; boundsInParent: Rect(0, 0 - 1080, 1920); boundsInScreen: Rect(0, 0 - 1080, 1920); packageName: com.android.systemui; className: android.widget.FrameLayout; text: null; error: null; maxTextLength: -1; contentDescription: null; viewIdResName: null; checkable: false; checked: false; focusable: true; focused: false; selected: false; clickable: false; longClickable: false; contextClickable: false; enabled: true; password: false; scrollable: false; actions: [AccessibilityAction: ACTION_FOCUS - null, AccessibilityAction: ACTION_SELECT - null, AccessibilityAction: ACTION_CLEAR_SELECTION - null, AccessibilityAction: ACTION_ACCESSIBILITY_FOCUS - null, AccessibilityAction: ACTION_UNKNOWN - null]]

03-17 17:00:59.934 22189 22213 I QueryController: Matched selector: UiSelector[PACKAGE NAME=com.android.systemui] <<==>> [android.view.accessibility.AccessibilityNodeInfo@8005a8d1; boundsInParent: Rect(0, 0 - 1080, 1920); boundsInScreen: Rect(0, 0 - 1080, 1920); packageName: com.android.systemui; className: android.widget.FrameLayout; text: null; error: null; maxTextLength: -1; contentDescription: null; viewIdResName: null; checkable: false; checked: false; focusable: true; focused: false; selected: false; clickable: false; longClickable: false; contextClickable: false; enabled: true; password: false; scrollable: false; actions: [AccessibilityAction: ACTION_FOCUS - null, AccessibilityAction: ACTION_SELECT - null, AccessibilityAction: ACTION_CLEAR_SELECTION - null, AccessibilityAction: ACTION_ACCESSIBILITY_FOCUS - null, AccessibilityAction: ACTION_UNKNOWN - null]]

03-17 17:01:00.039 22189 22213 I QueryController: Matched selector: UiSelector[PACKAGE NAME=com.android.systemui] <<==>> [android.view.accessibility.AccessibilityNodeInfo@8005a8d1; boundsInParent: Rect(0, 0 - 1080, 1920); boundsInScreen: Rect(0, 0 - 1080, 1920); packageName: com.android.systemui; className: android.widget.FrameLayout; text: null; error: null; maxTextLength: -1; contentDescription: null; viewIdResName: null; checkable: false; checked: false; focusable: true; focused: false; selected: false; clickable: false; longClickable: false; contextClickable: false; enabled: true; password: false; scrollable: false; actions: [AccessibilityAction: ACTION_FOCUS - null, AccessibilityAction: ACTION_SELECT - null, AccessibilityAction: ACTION_CLEAR_SELECTION - null, AccessibilityAction: ACTION_ACCESSIBILITY_FOCUS - null, AccessibilityAction: ACTION_UNKNOWN - null]]

03-17 17:01:00.105 22189 22213 I QueryController: Matched selector: UiSelector[PACKAGE NAME=com.android.systemui] <<==>> [android.view.accessibility.AccessibilityNodeInfo@8005a8d1; boundsInParent: Rect(0, 0 - 1080, 1920); boundsInScreen: Rect(0, 0 - 1080, 1920); packageName: com.android.systemui; className: android.widget.FrameLayout; text: null; error: null; maxTextLength: -1; contentDescription: null; viewIdResName: null; checkable: false; checked: false; focusable: true; focused: false; selected: false; clickable: false; longClickable: false; contextClickable: false; enabled: true; password: false; scrollable: false; actions: [AccessibilityAction: ACTION_FOCUS - null, AccessibilityAction: ACTION_SELECT - null, AccessibilityAction: ACTION_CLEAR_SELECTION - null, AccessibilityAction: ACTION_ACCESSIBILITY_FOCUS - null, AccessibilityAction: ACTION_UNKNOWN - null]]

03-17 17:01:00.177  3580  3580 D SizeAdaptiveLayout: com.android.internal.widget.SizeAdaptiveLayout{eff1960 V.E...... ......ID 0,0-934,173 #7f0b0118 app:id/adaptive}child view android.widget.LinearLayout{afab478 V.E...... ......ID 0,0-934,172 #1020370 android:id/status_bar_latest_event_content} measured out of bounds at 172px clamped to 173px

03-17 17:01:00.180  3580  3580 D SizeAdaptiveLayout: com.android.internal.widget.SizeAdaptiveLayout{363e310 V.E...... ......ID 0,0-934,173 #7f0b0118 app:id/adaptive}child view android.widget.LinearLayout{4990428 V.E...... ......ID 0,0-934,172 #1020370 android:id/status_bar_latest_event_content} measured out of bounds at 172px clamped to 173px

03-17 17:01:00.182  3580  3580 D SizeAdaptiveLayout: com.android.internal.widget.SizeAdaptiveLayout{5f719b9 V.E...... ......ID 0,0-934,173 #7f0b0118 app:id/adaptive}child view android.widget.LinearLayout{d1546f1 V.E...... ......ID 0,0-934,172 #1020370 android:id/status_bar_latest_event_content} measured out of bounds at 172px clamped to 173px

03-17 17:01:00.183  3580  3580 D SizeAdaptiveLayout: com.android.internal.widget.SizeAdaptiveLayout{26ff529 V.E...... ......ID 0,0-934,173 #7f0b0118 app:id/adaptive}child view android.widget.LinearLayout{f802061 V.E...... ......ID 0,0-934,172 #1020370 android:id/status_bar_latest_event_content} measured out of bounds at 172px clamped to 173px

03-17 17:01:00.184  3580  3580 D SizeAdaptiveLayout: com.android.internal.widget.SizeAdaptiveLayout{e2b3db7 V.E...... ......ID 0,0-934,173 #7f0b0118 app:id/adaptive}child view android.widget.LinearLayout{e6aec8e V.E...... ......ID 0,0-934,172 #1020370 android:id/status_bar_latest_event_content} measured out of bounds at 172px clamped to 173px

03-17 17:01:00.184  3580  3580 D SizeAdaptiveLayout: com.android.internal.widget.SizeAdaptiveLayout{d2c1b78 V.E...... ......ID 0,0-934,173 #7f0b0118 app:id/adaptive}child view android.widget.LinearLayout{549d453 V.E...... ......ID 0,0-934,172 #1020370 android:id/status_bar_latest_event_content} measured out of bounds at 172px clamped to 173px

03-17 17:01:00.185  3580  3580 D SizeAdaptiveLayout: com.android.internal.widget.SizeAdaptiveLayout{9085355 V.E...... ......ID 0,0-934,173 #7f0b0118 app:id/adaptive}child view android.widget.LinearLayout{67492a4 V.E...... ......ID 0,0-934,172 #1020370 android:id/status_bar_latest_event_content} measured out of bounds at 172px clamped to 173px

03-17 17:01:00.186  3580  3580 D SizeAdaptiveLayout: com.android.internal.widget.SizeAdaptiveLayout{3fc0205 V.E...... ......ID 0,0-934,173 #7f0b0118 app:id/adaptive}child view android.widget.LinearLayout{fad6cbd V.E...... ......ID 0,0-934,172 #1020370 android:id/status_bar_latest_event_content} measured out of bounds at 172px clamped to 173px

03-17 17:01:00.186  3580  3580 D SizeAdaptiveLayout: com.android.internal.widget.SizeAdaptiveLayout{485fafd V.E...... ......ID 0,0-934,173 #7f0b0118 app:id/adaptive}child view android.widget.LinearLayout{76e8cb5 V.E...... ......ID 0,0-934,172 #1020370 android:id/status_bar_latest_event_content} measured out of bounds at 172px clamped to 173px

03-17 17:01:00.193  3580  3580 D SizeAdaptiveLayout: com.android.internal.widget.SizeAdaptiveLayout{dde5c5b V.E...... ......ID 0,0-934,173 #7f0b0118 app:id/adaptive}child view android.widget.LinearLayout{3cdb1c2 V.E...... ......ID 0,0-934,172 #1020370 android:id/status_bar_latest_event_content} measured out of bounds at 172px clamped to 173px

03-17 17:01:00.194  3580  3580 D SizeAdaptiveLayout: com.android.internal.widget.SizeAdaptiveLayout{7e11b58 V.E...... ......ID 0,0-934,173 #7f0b0118 app:id/adaptive}child view android.widget.LinearLayout{32873b3 V.E...... ......ID 0,0-934,172 #1020370 android:id/status_bar_latest_event_content} measured out of bounds at 172px clamped to 173px

03-17 17:01:00.195  3580  3580 D SizeAdaptiveLayout: com.android.internal.widget.SizeAdaptiveLayout{2ff37f0 V.E...... ......ID 0,0-934,173 #7f0b0118 app:id/adaptive}child view android.widget.LinearLayout{17c4aab V.E...... ......ID 0,0-934,172 #1020370 android:id/status_bar_latest_event_content} measured out of bounds at 172px clamped to 173px

03-17 17:01:00.195  3580  3580 D SizeAdaptiveLayout: com.android.internal.widget.SizeAdaptiveLayout{89007f0 V.E...... ......ID 0,0-934,173 #7f0b0118 app:id/adaptive}child view android.widget.LinearLayout{c05aab V.E...... ......ID 0,0-934,172 #1020370 android:id/status_bar_latest_event_content} measured out of bounds at 172px clamped to 173px

03-17 17:01:00.196  3580  3580 D SizeAdaptiveLayout: com.android.internal.widget.SizeAdaptiveLayout{2204fdb V.E...... ......ID 0,0-934,173 #7f0b0118 app:id/adaptive}child view android.widget.LinearLayout{489f342 V.E...... ......ID 0,0-934,172 #1020370 android:id/status_bar_latest_event_content} measured out of bounds at 172px clamped to 173px

03-17 17:01:00.197  3580  3580 D SizeAdaptiveLayout: com.android.internal.widget.SizeAdaptiveLayout{14b4cf4 V.E...... ......ID 0,0-934,173 #7f0b0118 app:id/adaptive}child view android.widget.LinearLayout{a7f468c V.E...... ......ID 0,0-934,172 #1020370 android:id/status_bar_latest_event_content} measured out of bounds at 172px clamped to 173px

03-17 17:01:00.379   370   482 I ThermalEngine: Sensor:batt_temp:372 mC

03-17 17:01:00.818 22189 22213 I QueryController: Matched selector: UiSelector[PACKAGE NAME=com.android.systemui] <<==>> [android.view.accessibility.AccessibilityNodeInfo@8005a8d1; boundsInParent: Rect(0, 0 - 1080, 1920); boundsInScreen: Rect(0, 0 - 1080, 1920); packageName: com.android.systemui; className: android.widget.FrameLayout; text: null; error: null; maxTextLength: -1; contentDescription: null; viewIdResName: null; checkable: false; checked: false; focusable: true; focused: false; selected: false; clickable: false; longClickable: false; contextClickable: false; enabled: true; password: false; scrollable: false; actions: [AccessibilityAction: ACTION_FOCUS - null, AccessibilityAction: ACTION_SELECT - null, AccessibilityAction: ACTION_CLEAR_SELECTION - null, AccessibilityAction: ACTION_ACCESSIBILITY_FOCUS - null, AccessibilityAction: ACTION_UNKNOWN - null]]

03-17 17:01:00.875 22189 22213 I QueryController: Matched selector: UiSelector[PACKAGE NAME=com.android.systemui] <<==>> [android.view.accessibility.AccessibilityNodeInfo@8005a8d1; boundsInParent: Rect(0, 0 - 1080, 1920); boundsInScreen: Rect(0, 0 - 1080, 1920); packageName: com.android.systemui; className: android.widget.FrameLayout; text: null; error: null; maxTextLength: -1; contentDescription: null; viewIdResName: null; checkable: false; checked: false; focusable: true; focused: false; selected: false; clickable: false; longClickable: false; contextClickable: false; enabled: true; password: false; scrollable: false; actions: [AccessibilityAction: ACTION_FOCUS - null, AccessibilityAction: ACTION_SELECT - null, AccessibilityAction: ACTION_CLEAR_SELECTION - null, AccessibilityAction: ACTION_ACCESSIBILITY_FOCUS - null, AccessibilityAction: ACTION_UNKNOWN - null]]

03-17 17:01:00.982 22189 22213 I QueryController: Matched selector: UiSelector[PACKAGE NAME=com.android.systemui] <<==>> [android.view.accessibility.AccessibilityNodeInfo@8005a8d1; boundsInParent: Rect(0, 0 - 1080, 1920); boundsInScreen: Rect(0, 0 - 1080, 1920); packageName: com.android.systemui; className: android.widget.FrameLayout; text: null; error: null; maxTextLength: -1; contentDescription: null; viewIdResName: null; checkable: false; checked: false; focusable: true; focused: false; selected: false; clickable: false; longClickable: false; contextClickable: false; enabled: true; password: false; scrollable: false; actions: [AccessibilityAction: ACTION_FOCUS - null, AccessibilityAction: ACTION_SELECT - null, AccessibilityAction: ACTION_CLEAR_SELECTION - null, AccessibilityAction: ACTION_ACCESSIBILITY_FOCUS - null, AccessibilityAction: ACTION_UNKNOWN - null]]

03-17 17:01:01.093 22189 22213 I QueryController: Matched selector: UiSelector[PACKAGE NAME=com.android.systemui] <<==>> [android.view.accessibility.AccessibilityNodeInfo@8005a8d1; boundsInParent: Rect(0, 0 - 1080, 1920); boundsInScreen: Rect(0, 0 - 1080, 1920); packageName: com.android.systemui; className: android.widget.FrameLayout; text: null; error: null; maxTextLength: -1; contentDescription: null; viewIdResName: null; checkable: false; checked: false; focusable: true; focused: false; selected: false; clickable: false; longClickable: false; contextClickable: false; enabled: true; password: false; scrollable: false; actions: [AccessibilityAction: ACTION_FOCUS - null, AccessibilityAction: ACTION_SELECT - null, AccessibilityAction: ACTION_CLEAR_SELECTION - null, AccessibilityAction: ACTION_ACCESSIBILITY_FOCUS - null, AccessibilityAction: ACTION_UNKNOWN - null]]

03-17 17:01:01.201 22189 22213 I QueryController: Matched selector: UiSelector[PACKAGE NAME=com.android.systemui] <<==>> [android.view.accessibility.AccessibilityNodeInfo@8005a8d1; boundsInParent: Rect(0, 0 - 1080, 1920); boundsInScreen: Rect(0, 0 - 1080, 1920); packageName: com.android.systemui; className: android.widget.FrameLayout; text: null; error: null; maxTextLength: -1; contentDescription: null; viewIdResName: null; checkable: false; checked: false; focusable: true; focused: false; selected: false; clickable: false; longClickable: false; contextClickable: false; enabled: true; password: false; scrollable: false; actions: [AccessibilityAction: ACTION_FOCUS - null, AccessibilityAction: ACTION_SELECT - null, AccessibilityAction: ACTION_CLEAR_SELECTION - null, AccessibilityAction: ACTION_ACCESSIBILITY_FOCUS - null, AccessibilityAction: ACTION_UNKNOWN - null]]

03-17 17:01:01.319 22189 22213 I QueryController: Matched selector: UiSelector[PACKAGE NAME=com.android.systemui] <<==>> [android.view.accessibility.AccessibilityNodeInfo@8005a8d1; boundsInParent: Rect(0, 0 - 1080, 1920); boundsInScreen: Rect(0, 0 - 1080, 1920); packageName: com.android.systemui; className: android.widget.FrameLayout; text: null; error: null; maxTextLength: -1; contentDescription: null; viewIdResName: null; checkable: false; checked: false; focusable: true; focused: false; selected: false; clickable: false; longClickable: false; contextClickable: false; enabled: true; password: false; scrollable: false; actions: [AccessibilityAction: ACTION_FOCUS - null, AccessibilityAction: ACTION_SELECT - null, AccessibilityAction: ACTION_CLEAR_SELECTION - null, AccessibilityAction: ACTION_ACCESSIBILITY_FOCUS - null, AccessibilityAction: ACTION_UNKNOWN - null]]

03-17 17:01:01.380   370   482 I ThermalEngine: Sensor:batt_temp:372 mC

03-17 17:01:01.426 22189 22213 I QueryController: Matched selector: UiSelector[PACKAGE NAME=com.android.systemui] <<==>> [android.view.accessibility.AccessibilityNodeInfo@8005a8d1; boundsInParent: Rect(0, 0 - 1080, 1920); boundsInScreen: Rect(0, 0 - 1080, 1920); packageName: com.android.systemui; className: android.widget.FrameLayout; text: null; error: null; maxTextLength: -1; contentDescription: null; viewIdResName: null; checkable: false; checked: false; focusable: true; focused: false; selected: false; clickable: false; longClickable: false; contextClickable: false; enabled: true; password: false; scrollable: false; actions: [AccessibilityAction: ACTION_FOCUS - null, AccessibilityAction: ACTION_SELECT - null, AccessibilityAction: ACTION_CLEAR_SELECTION - null, AccessibilityAction: ACTION_ACCESSIBILITY_FOCUS - null, AccessibilityAction: ACTION_UNKNOWN - null]]

03-17 17:01:01.476 22189 22213 I QueryController: Matched selector: UiSelector[PACKAGE NAME=com.android.systemui] <<==>> [android.view.accessibility.AccessibilityNodeInfo@8005a8d1; boundsInParent: Rect(0, 0 - 1080, 1920); boundsInScreen: Rect(0, 0 - 1080, 1920); packageName: com.android.systemui; className: android.widget.FrameLayout; text: null; error: null; maxTextLength: -1; contentDescription: null; viewIdResName: null; checkable: false; checked: false; focusable: true; focused: false; selected: false; clickable: false; longClickable: false; contextClickable: false; enabled: true; password: false; scrollable: false; actions: [AccessibilityAction: ACTION_FOCUS - null, AccessibilityAction: ACTION_SELECT - null, AccessibilityAction: ACTION_CLEAR_SELECTION - null, AccessibilityAction: ACTION_ACCESSIBILITY_FOCUS - null, AccessibilityAction: ACTION_UNKNOWN - null]]

03-17 17:01:01.528 22189 22213 I QueryController: Matched selector: UiSelector[PACKAGE NAME=com.android.systemui] <<==>> [android.view.accessibility.AccessibilityNodeInfo@8005a8d1; boundsInParent: Rect(0, 0 - 1080, 1920); boundsInScreen: Rect(0, 0 - 1080, 1920); packageName: com.android.systemui; className: android.widget.FrameLayout; text: null; error: null; maxTextLength: -1; contentDescription: null; viewIdResName: null; checkable: false; checked: false; focusable: true; focused: false; selected: false; clickable: false; longClickable: false; contextClickable: false; enabled: true; password: false; scrollable: false; actions: [AccessibilityAction: ACTION_FOCUS - null, AccessibilityAction: ACTION_SELECT - null, AccessibilityAction: ACTION_CLEAR_SELECTION - null, AccessibilityAction: ACTION_ACCESSIBILITY_FOCUS - null, AccessibilityAction: ACTION_UNKNOWN - null]]

03-17 17:01:01.584 22189 22213 I QueryController: Matched selector: UiSelector[PACKAGE NAME=com.android.systemui] <<==>> [android.view.accessibility.AccessibilityNodeInfo@8005a8d1; boundsInParent: Rect(0, 0 - 1080, 1920); boundsInScreen: Rect(0, 0 - 1080, 1920); packageName: com.android.systemui; className: android.widget.FrameLayout; text: null; error: null; maxTextLength: -1; contentDescription: null; viewIdResName: null; checkable: false; checked: false; focusable: true; focused: false; selected: false; clickable: false; longClickable: false; contextClickable: false; enabled: true; password: false; scrollable: false; actions: [AccessibilityAction: ACTION_FOCUS - null, AccessibilityAction: ACTION_SELECT - null, AccessibilityAction: ACTION_CLEAR_SELECTION - null, AccessibilityAction: ACTION_ACCESSIBILITY_FOCUS - null, AccessibilityAction: ACTION_UNKNOWN - null]]

03-17 17:01:01.636 22189 22213 I QueryController: Matched selector: UiSelector[PACKAGE NAME=com.android.systemui] <<==>> [android.view.accessibility.AccessibilityNodeInfo@8005a8d1; boundsInParent: Rect(0, 0 - 1080, 1920); boundsInScreen: Rect(0, 0 - 1080, 1920); packageName: com.android.systemui; className: android.widget.FrameLayout; text: null; error: null; maxTextLength: -1; contentDescription: null; viewIdResName: null; checkable: false; checked: false; focusable: true; focused: false; selected: false; clickable: false; longClickable: false; contextClickable: false; enabled: true; password: false; scrollable: false; actions: [AccessibilityAction: ACTION_FOCUS - null, AccessibilityAction: ACTION_SELECT - null, AccessibilityAction: ACTION_CLEAR_SELECTION - null, AccessibilityAction: ACTION_ACCESSIBILITY_FOCUS - null, AccessibilityAction: ACTION_UNKNOWN - null]]

03-17 17:01:01.871 22238 22315 D UTAnalytics:LogStoreMgr: pid:22238 [store],

03-17 17:01:01.884 22238 22315 D UTAnalytics:UTSqliteLogStore: pid:22238 sql:SELECT * FROM log ORDER BY time ASC  LIMIT 89,

03-17 17:01:01.893 22238 22315 D UTAnalytics:UTSqliteLogStore: pid:22238 pos,0,count,1,

03-17 17:01:01.896 22238 22315 D UTAnalytics:LogStoreMgr: pid:22238 [get],[Log [id=2379, eventId=65502, index=]],

03-17 17:01:01.904 22238 22315 D UTAnalytics:UploadTask: pid:22238 averagePackageSize:316.0,

03-17 17:01:01.926 22189 22213 I QueryController: Matched selector: UiSelector[PACKAGE NAME=com.android.systemui] <<==>> [android.view.accessibility.AccessibilityNodeInfo@8005a8d1; boundsInParent: Rect(0, 0 - 1080, 1920); boundsInScreen: Rect(0, 0 - 1080, 1920); packageName: com.android.systemui; className: android.widget.FrameLayout; text: null; error: null; maxTextLength: -1; contentDescription: null; viewIdResName: null; checkable: false; checked: false; focusable: true; focused: false; selected: false; clickable: false; longClickable: false; contextClickable: false; enabled: true; password: false; scrollable: false; actions: [AccessibilityAction: ACTION_FOCUS - null, AccessibilityAction: ACTION_SELECT - null, AccessibilityAction: ACTION_CLEAR_SELECTION - null, AccessibilityAction: ACTION_ACCESSIBILITY_FOCUS - null, AccessibilityAction: ACTION_UNKNOWN - null]]

03-17 17:01:01.979 22189 22213 I QueryController: Matched selector: UiSelector[PACKAGE NAME=com.android.systemui] <<==>> [android.view.accessibility.AccessibilityNodeInfo@8005a8d1; boundsInParent: Rect(0, 0 - 1080, 1920); boundsInScreen: Rect(0, 0 - 1080, 1920); packageName: com.android.systemui; className: android.widget.FrameLayout; text: null; error: null; maxTextLength: -1; contentDescription: null; viewIdResName: null; checkable: false; checked: false; focusable: true; focused: false; selected: false; clickable: false; longClickable: false; contextClickable: false; enabled: true; password: false; scrollable: false; actions: [AccessibilityAction: ACTION_FOCUS - null, AccessibilityAction: ACTION_SELECT - null, AccessibilityAction: ACTION_CLEAR_SELECTION - null, AccessibilityAction: ACTION_ACCESSIBILITY_FOCUS - null, AccessibilityAction: ACTION_UNKNOWN - null]]

03-17 17:01:02.034 22189 22213 I QueryController: Matched selector: UiSelector[PACKAGE NAME=com.android.systemui] <<==>> [android.view.accessibility.AccessibilityNodeInfo@8005a8d1; boundsInParent: Rect(0, 0 - 1080, 1920); boundsInScreen: Rect(0, 0 - 1080, 1920); packageName: com.android.systemui; className: android.widget.FrameLayout; text: null; error: null; maxTextLength: -1; contentDescription: null; viewIdResName: null; checkable: false; checked: false; focusable: true; focused: false; selected: false; clickable: false; longClickable: false; contextClickable: false; enabled: true; password: false; scrollable: false; actions: [AccessibilityAction: ACTION_FOCUS - null, AccessibilityAction: ACTION_SELECT - null, AccessibilityAction: ACTION_CLEAR_SELECTION - null, AccessibilityAction: ACTION_ACCESSIBILITY_FOCUS - null, AccessibilityAction: ACTION_UNKNOWN - null]]

03-17 17:01:02.088 22189 22213 I QueryController: Matched selector: UiSelector[PACKAGE NAME=com.android.systemui] <<==>> [android.view.accessibility.AccessibilityNodeInfo@8005a8d1; boundsInParent: Rect(0, 0 - 1080, 1920); boundsInScreen: Rect(0, 0 - 1080, 1920); packageName: com.android.systemui; className: android.widget.FrameLayout; text: null; error: null; maxTextLength: -1; contentDescription: null; viewIdResName: null; checkable: false; checked: false; focusable: true; focused: false; selected: false; clickable: false; longClickable: false; contextClickable: false; enabled: true; password: false; scrollable: false; actions: [AccessibilityAction: ACTION_FOCUS - null, AccessibilityAction: ACTION_SELECT - null, AccessibilityAction: ACTION_CLEAR_SELECTION - null, AccessibilityAction: ACTION_ACCESSIBILITY_FOCUS - null, AccessibilityAction: ACTION_UNKNOWN - null]]

03-17 17:01:02.213 22189 22213 I QueryController: Matched selector: UiSelector[PACKAGE NAME=com.android.systemui] <<==>> [android.view.accessibility.AccessibilityNodeInfo@8005a8d1; boundsInParent: Rect(0, 0 - 1080, 1920); boundsInScreen: Rect(0, 0 - 1080, 1920); packageName: com.android.systemui; className: android.widget.FrameLayout; text: null; error: null; maxTextLength: -1; contentDescription: null; viewIdResName: null; checkable: false; checked: false; focusable: true; focused: false; selected: false; clickable: false; longClickable: false; contextClickable: false; enabled: true; password: false; scrollable: false; actions: [AccessibilityAction: ACTION_FOCUS - null, AccessibilityAction: ACTION_SELECT - null, AccessibilityAction: ACTION_CLEAR_SELECTION - null, AccessibilityAction: ACTION_ACCESSIBILITY_FOCUS - null, AccessibilityAction: ACTION_UNKNOWN - null]]

03-17 17:01:02.264 22238 22315 W System.err: java.lang.reflect.InvocationTargetException

03-17 17:01:02.264 22238 22315 W System.err: 	at java.lang.reflect.Method.invoke(Native Method)

03-17 17:01:02.274 22238 22315 W System.err: 	at com.alibaba.mtl.log.sign.SecurityRequestAuth.getSign(SecurityRequestAuth.java:135)

03-17 17:01:02.274 22238 22315 W System.err: 	at com.alibaba.mtl.log.e.t.a(UrlWrapper.java:204)

03-17 17:01:02.274 22238 22315 W System.err: 	at com.alibaba.mtl.log.e.t.a(UrlWrapper.java:58)

03-17 17:01:02.274 22238 22315 W System.err: 	at com.alibaba.mtl.log.d.b.M(UploadTask.java:136)

03-17 17:01:02.274 22238 22315 W System.err: 	at com.alibaba.mtl.log.d.b.run(UploadTask.java:52)

03-17 17:01:02.274 22238 22315 W System.err: 	at java.util.concurrent.Executors$RunnableAdapter.call(Executors.java:423)

03-17 17:01:02.274 22238 22315 W System.err: 	at java.util.concurrent.FutureTask.run(FutureTask.java:237)

03-17 17:01:02.274 22238 22315 W System.err: 	at java.util.concurrent.ThreadPoolExecutor.runWorker(ThreadPoolExecutor.java:1113)

03-17 17:01:02.288 22238 22315 W System.err: 	at java.util.concurrent.ThreadPoolExecutor$Worker.run(ThreadPoolExecutor.java:588)

03-17 17:01:02.288 22238 22315 W System.err: 	at java.lang.Thread.run(Thread.java:818)

03-17 17:01:02.288 22238 22315 W System.err: Caused by: com.alibaba.wireless.security.open.SecException: 

03-17 17:01:02.288 22238 22315 W System.err: 	at com.taobao.wireless.security.adapter.JNICLibrary.doCommandNative(Native Method)

03-17 17:01:02.288 22238 22315 W System.err: 	at com.alibaba.wireless.security.mainplugin.a.doCommandNative(Unknown Source)

03-17 17:01:02.288 22238 22315 W System.err: 	at com.taobao.wireless.security.adapter.b.b.b(Unknown Source)

03-17 17:01:02.288 22238 22315 W System.err: 	at com.taobao.wireless.security.adapter.b.b.a(Unknown Source)

03-17 17:01:02.289 22238 22315 W System.err: 	at com.taobao.wireless.security.adapter.b.b.a(Unknown Source)

03-17 17:01:02.289 22238 22315 W System.err: 	at com.alibaba.wireless.security.a.h.a.signRequest(Unknown Source)

03-17 17:01:02.289 22238 22315 W System.err: 	... 11 more

