03-30 10:36:24.254 11889 11983 D HomeMate: comm[ Thread-44416: FileTool.java:65 deleteOldFiles() ] - deleteOldFiles()-fileName:HomeMate_20170316150400.945.txt

03-30 10:36:24.254 11889 11983 D HomeMate: comm[ Thread-44416: FileTool.java:65 deleteOldFiles() ] - deleteOldFiles()-fileName:HomeMate_20170316150052.126.txt

03-30 10:36:24.254 11889 11983 D HomeMate: comm[ Thread-44416: FileTool.java:65 deleteOldFiles() ] - deleteOldFiles()-fileName:HomeMate_20170316145945.765.txt

03-30 10:36:24.255 11889 11983 D HomeMate: comm[ Thread-44416: FileTool.java:65 deleteOldFiles() ] - deleteOldFiles()-fileName:HomeMate_20170316145754.903.txt

03-30 10:36:24.255 11889 11983 D HomeMate: comm[ Thread-44416: FileTool.java:65 deleteOldFiles() ] - deleteOldFiles()-fileName:HomeMate_20170316145745.663.txt

03-30 10:36:24.255 11889 11983 D HomeMate: comm[ Thread-44416: FileTool.java:65 deleteOldFiles() ] - deleteOldFiles()-fileName:HomeMate_20170316145700.005.txt

03-30 10:36:24.256 11889 11983 D HomeMate: comm[ Thread-44416: FileTool.java:65 deleteOldFiles() ] - deleteOldFiles()-fileName:HomeMate_20170316145650.791.txt

03-30 10:36:24.256 11889 11983 D HomeMate: comm[ Thread-44416: FileTool.java:65 deleteOldFiles() ] - deleteOldFiles()-fileName:HomeMate_20170316145527.688.txt

03-30 10:36:24.256 11889 11983 D HomeMate: comm[ Thread-44416: FileTool.java:65 deleteOldFiles() ] - deleteOldFiles()-fileName:HomeMate_20170316145335.194.txt

03-30 10:36:24.256 11889 11983 D HomeMate: comm[ Thread-44416: FileTool.java:65 deleteOldFiles() ] - deleteOldFiles()-fileName:HomeMate_20170316145247.284.txt

03-30 10:36:24.257 11889 11983 D HomeMate: comm[ Thread-44416: FileTool.java:65 deleteOldFiles() ] - deleteOldFiles()-fileName:HomeMate_20170316145159.805.txt

03-30 10:36:24.257 11889 11983 D HomeMate: comm[ Thread-44416: FileTool.java:65 deleteOldFiles() ] - deleteOldFiles()-fileName:HomeMate_20170316145151.584.txt

03-30 10:36:24.257 11889 11983 D HomeMate: comm[ Thread-44416: FileTool.java:65 deleteOldFiles() ] - deleteOldFiles()-fileName:HomeMate_20170316145028.870.txt

03-30 10:36:24.258 11889 11983 D HomeMate: comm[ Thread-44416: FileTool.java:65 deleteOldFiles() ] - deleteOldFiles()-fileName:HomeMate_20170316144843.077.txt

03-30 10:36:24.259 11889 11983 D HomeMate: comm[ Thread-44416: FileTool.java:65 deleteOldFiles() ] - deleteOldFiles()-fileName:HomeMate_20170316144753.840.txt

03-30 10:36:24.259 11889 11983 D HomeMate: comm[ Thread-44416: FileTool.java:65 deleteOldFiles() ] - deleteOldFiles()-fileName:HomeMate_20170316144024.483.txt

03-30 10:36:24.259 11889 11983 D HomeMate: comm[ Thread-44416: FileTool.java:65 deleteOldFiles() ] - deleteOldFiles()-fileName:HomeMate_20170316142256.989.txt

03-30 10:36:24.261 11889 11983 D HomeMate: comm[ Thread-44416: FileTool.java:65 deleteOldFiles() ] - deleteOldFiles()-fileName:HomeMate_20170316142207.161.txt

03-30 10:36:24.261 11889 11983 D HomeMate: comm[ Thread-44416: FileTool.java:65 deleteOldFiles() ] - deleteOldFiles()-fileName:HomeMate_20170316141907.168.txt

03-30 10:36:24.262 11889 11983 D HomeMate: comm[ Thread-44416: FileTool.java:65 deleteOldFiles() ] - deleteOldFiles()-fileName:HomeMate_20170316140416.611.txt

03-30 10:36:24.262 11889 11983 D HomeMate: comm[ Thread-44416: FileTool.java:65 deleteOldFiles() ] - deleteOldFiles()-fileName:HomeMate_20170316140006.572.txt

03-30 10:36:24.262 11889 11983 D HomeMate: comm[ Thread-44416: FileTool.java:65 deleteOldFiles() ] - deleteOldFiles()-fileName:HomeMate_20170316135144.870.txt

03-30 10:36:24.263 11889 11983 D HomeMate: comm[ Thread-44416: FileTool.java:65 deleteOldFiles() ] - deleteOldFiles()-fileName:HomeMate_20170316135102.412.txt

03-30 10:36:24.263 11889 11983 D HomeMate: comm[ Thread-44416: FileTool.java:65 deleteOldFiles() ] - deleteOldFiles()-fileName:HomeMate_20170316134859.954.txt

03-30 10:36:24.263 11889 11983 D HomeMate: comm[ Thread-44416: FileTool.java:65 deleteOldFiles() ] - deleteOldFiles()-fileName:HomeMate_20170316134055.408.txt

03-30 10:36:24.263 11889 11983 D HomeMate: comm[ Thread-44416: FileTool.java:65 deleteOldFiles() ] - deleteOldFiles()-fileName:HomeMate_20170316133543.248.txt

03-30 10:36:24.264 11889 11983 D HomeMate: comm[ Thread-44416: FileTool.java:65 deleteOldFiles() ] - deleteOldFiles()-fileName:HomeMate_20170316133523.547.txt

03-30 10:36:24.265 11889 11983 D HomeMate: comm[ Thread-44416: FileTool.java:65 deleteOldFiles() ] - deleteOldFiles()-fileName:HomeMate_20170316121416.818.txt

03-30 10:36:24.265 11889 11983 D HomeMate: comm[ Thread-44416: FileTool.java:65 deleteOldFiles() ] - deleteOldFiles()-fileName:HomeMate_20170316120535.140.txt

03-30 10:36:24.265 11889 11983 D HomeMate: comm[ Thread-44416: FileTool.java:65 deleteOldFiles() ] - deleteOldFiles()-fileName:HomeMate_20170316120435.944.txt

03-30 10:36:24.266 11889 11983 D HomeMate: comm[ Thread-44416: FileTool.java:65 deleteOldFiles() ] - deleteOldFiles()-fileName:HomeMate_20170316120336.486.txt

03-30 10:36:24.266 11889 11983 D HomeMate: comm[ Thread-44416: FileTool.java:65 deleteOldFiles() ] - deleteOldFiles()-fileName:HomeMate_20170316120046.100.txt

03-30 10:36:24.277 11889 11983 D HomeMate: comm[ Thread-44416: FileTool.java:65 deleteOldFiles() ] - deleteOldFiles()-fileName:HomeMate_20170316115130.744.txt

03-30 10:36:24.277 11889 11983 D HomeMate: comm[ Thread-44416: FileTool.java:65 deleteOldFiles() ] - deleteOldFiles()-fileName:HomeMate_20170316115039.244.txt

03-30 10:36:24.278 11889 11983 D HomeMate: comm[ Thread-44416: FileTool.java:65 deleteOldFiles() ] - deleteOldFiles()-fileName:HomeMate_20170316114839.981.txt

03-30 10:36:24.279 11889 12034 D a       : stopMDNSSocket()-Stop mDns

03-30 10:36:24.279 11889 11983 D HomeMate: comm[ Thread-44416: FileTool.java:65 deleteOldFiles() ] - deleteOldFiles()-fileName:HomeMate_20170316114712.736.txt

03-30 10:36:24.279 11889 11983 D HomeMate: comm[ Thread-44416: FileTool.java:65 deleteOldFiles() ] - deleteOldFiles()-fileName:HomeMate_20170316114313.319.txt

03-30 10:36:24.280 11889 11983 D HomeMate: comm[ Thread-44416: FileTool.java:65 deleteOldFiles() ] - deleteOldFiles()-fileName:HomeMate_20170316114207.082.txt

03-30 10:36:24.280 11889 12033 E b       : run()-error:Socket closed

03-30 10:36:24.280 11889 11983 D HomeMate: comm[ Thread-44416: FileTool.java:65 deleteOldFiles() ] - deleteOldFiles()-fileName:HomeMate_20170316114137.392.txt

03-30 10:36:24.281 11889 11983 D HomeMate: comm[ Thread-44416: FileTool.java:65 deleteOldFiles() ] - deleteOldFiles()-fileName:HomeMate_20170316113834.210.txt

03-30 10:36:24.283  3745  3745 D wpa_supplicant: wlan0: Control interface command 'DRIVER RXFILTER-STOP'

03-30 10:36:24.283  3745  3745 D wpa_supplicant: wpa_driver_nl80211_driver_cmd RXFILTER-STOP len = 0, 4096

03-30 10:36:24.283  3745  3745 D wpa_supplicant: CTRL-DEBUG: global_ctrl_sock-sendto: sock=11 sndbuf=163840 outq=0 send_len=3

03-30 10:36:24.284  3745  3745 D wpa_supplicant: wlan0: Control interface command 'DRIVER RXFILTER-REMOVE 2'

03-30 10:36:24.284  3745  3745 D wpa_supplicant: wpa_driver_nl80211_driver_cmd RXFILTER-REMOVE 2 len = 0, 4096

03-30 10:36:24.284  3745  3745 D wpa_supplicant: CTRL-DEBUG: global_ctrl_sock-sendto: sock=11 sndbuf=163840 outq=0 send_len=3

03-30 10:36:24.285  3745  3745 D wpa_supplicant: wlan0: Control interface command 'DRIVER RXFILTER-START'

03-30 10:36:24.285  3745  3745 D wpa_supplicant: wpa_driver_nl80211_driver_cmd RXFILTER-START len = 0, 4096

03-30 10:36:24.285  3745  3745 D wpa_supplicant: CTRL-DEBUG: global_ctrl_sock-sendto: sock=11 sndbuf=163840 outq=0 send_len=3

03-30 10:36:24.286 11889 12033 V b       : stopping network thread

03-30 10:36:24.288 11889 11983 D HomeMate: comm[ Thread-44416: FileTool.java:65 deleteOldFiles() ] - deleteOldFiles()-fileName:HomeMate_20170316113015.880.txt

03-30 10:36:24.288 11889 11983 D HomeMate: comm[ Thread-44416: FileTool.java:65 deleteOldFiles() ] - deleteOldFiles()-fileName:HomeMate_20170316092744.595.txt

03-30 10:36:24.289 11889 11983 D HomeMate: comm[ Thread-44416: FileTool.java:65 deleteOldFiles() ] - deleteOldFiles()-fileName:HomeMate_20170316092726.953.txt

03-30 10:36:24.289 11889 11983 D HomeMate: comm[ Thread-44416: FileTool.java:65 deleteOldFiles() ] - deleteOldFiles()-fileName:HomeMate_20170316092643.657.txt

03-30 10:36:24.289 11889 11983 D HomeMate: comm[ Thread-44416: FileTool.java:65 deleteOldFiles() ] - deleteOldFiles()-fileName:HomeMate_20170316091839.183.txt

03-30 10:36:24.290 11889 11983 D HomeMate: comm[ Thread-44416: FileTool.java:65 deleteOldFiles() ] - deleteOldFiles()-fileName:HomeMate_20170316091738.272.txt

03-30 10:36:24.290 11889 11983 D HomeMate: comm[ Thread-44416: FileTool.java:65 deleteOldFiles() ] - deleteOldFiles()-fileName:HomeMate_20170316091633.423.txt

03-30 10:36:24.290 11889 11983 D HomeMate: comm[ Thread-44416: FileTool.java:65 deleteOldFiles() ] - deleteOldFiles()-fileName:HomeMate_20170316091425.668.txt

03-30 10:36:24.291 11889 11983 D HomeMate: comm[ Thread-44416: FileTool.java:65 deleteOldFiles() ] - deleteOldFiles()-fileName:HomeMate_20170316091229.575.txt

03-30 10:36:24.291 11889 11983 D HomeMate: comm[ Thread-44416: FileTool.java:65 deleteOldFiles() ] - deleteOldFiles()-fileName:HomeMate_20170315173126.134.txt

03-30 10:36:24.291 11889 11983 D HomeMate: comm[ Thread-44416: FileTool.java:65 deleteOldFiles() ] - deleteOldFiles()-fileName:HomeMate_20170315171549.562.txt

03-30 10:36:24.292 11889 11983 D HomeMate: comm[ Thread-44416: FileTool.java:65 deleteOldFiles() ] - deleteOldFiles()-fileName:HomeMate_20170315171828.864vicenter.db

03-30 10:36:24.292 11889 11983 D HomeMate: comm[ Thread-44416: FileTool.java:65 deleteOldFiles() ] - deleteOldFiles()-fileName:HomeMate_20170315171828.882device_desc.db

03-30 10:36:24.292 11889 11983 D HomeMate: comm[ Thread-44416: FileTool.java:65 deleteOldFiles() ] - deleteOldFiles()-fileName:HomeMate_20170315165906.597.txt

03-30 10:36:24.293 11889 11983 D HomeMate: comm[ Thread-44416: FileTool.java:65 deleteOldFiles() ] - deleteOldFiles()-fileName:HomeMate_20170315165624.582.txt

03-30 10:36:24.293 11889 11983 D HomeMate: comm[ Thread-44416: FileTool.java:65 deleteOldFiles() ] - deleteOldFiles()-fileName:HomeMate_20170315165544.887.txt

03-30 10:36:24.293 11889 11983 D HomeMate: comm[ Thread-44416: FileTool.java:65 deleteOldFiles() ] - deleteOldFiles()-fileName:HomeMate_20170315165252.714.txt

03-30 10:36:24.294 11889 11983 D HomeMate: comm[ Thread-44416: FileTool.java:65 deleteOldFiles() ] - deleteOldFiles()-fileName:HomeMate_20170315164919.774.txt

03-30 10:36:24.294 11889 11983 D HomeMate: comm[ Thread-44416: FileTool.java:65 deleteOldFiles() ] - deleteOldFiles()-fileName:HomeMate_20170315164847.440.txt

03-30 10:36:24.294 11889 11983 D HomeMate: comm[ Thread-44416: FileTool.java:65 deleteOldFiles() ] - deleteOldFiles()-fileName:HomeMate_20170315164810.974.txt

03-30 10:36:24.295 11889 11983 D HomeMate: comm[ Thread-44416: FileTool.java:65 deleteOldFiles() ] - deleteOldFiles()-fileName:HomeMate_20170315164733.745.txt

03-30 10:36:24.295 11889 11983 D HomeMate: comm[ Thread-44416: FileTool.java:65 deleteOldFiles() ] - deleteOldFiles()-fileName:HomeMate_20170315164542.557.txt

03-30 10:36:24.295 11889 11983 D HomeMate: comm[ Thread-44416: FileTool.java:65 deleteOldFiles() ] - deleteOldFiles()-fileName:HomeMate_20170315163845.434.txt

03-30 10:36:24.296 11889 11983 D HomeMate: comm[ Thread-44416: FileTool.java:65 deleteOldFiles() ] - deleteOldFiles()-fileName:HomeMate_20170315163835.782.txt

03-30 10:36:24.296 11889 11983 D HomeMate: comm[ Thread-44416: FileTool.java:65 deleteOldFiles() ] - deleteOldFiles()-fileName:HomeMate_20170315163631.082.txt

03-30 10:36:24.296 11889 11983 D HomeMate: comm[ Thread-44416: FileTool.java:65 deleteOldFiles() ] - deleteOldFiles()-fileName:HomeMate_20170315163541.621.txt

03-30 10:36:24.297 11889 11983 D HomeMate: comm[ Thread-44416: FileTool.java:65 deleteOldFiles() ] - deleteOldFiles()-fileName:HomeMate_20170315163344.789.txt

03-30 10:36:24.297 11889 11983 D HomeMate: comm[ Thread-44416: FileTool.java:65 deleteOldFiles() ] - deleteOldFiles()-fileName:HomeMate_20170315163205.896.txt

03-30 10:36:24.298 11889 11983 D HomeMate: comm[ Thread-44416: FileTool.java:65 deleteOldFiles() ] - deleteOldFiles()-fileName:HomeMate_20170315163119.479.txt

03-30 10:36:24.298 11889 11983 D HomeMate: comm[ Thread-44416: FileTool.java:65 deleteOldFiles() ] - deleteOldFiles()-fileName:HomeMate_20170315163034.965.txt

03-30 10:36:24.298 11889 11983 D HomeMate: comm[ Thread-44416: FileTool.java:65 deleteOldFiles() ] - deleteOldFiles()-fileName:HomeMate_20170315162947.937.txt

03-30 10:36:24.299 11889 11983 D HomeMate: comm[ Thread-44416: FileTool.java:65 deleteOldFiles() ] - deleteOldFiles()-fileName:HomeMate_20170315162901.748.txt

03-30 10:36:24.299 11889 11983 D HomeMate: comm[ Thread-44416: FileTool.java:65 deleteOldFiles() ] - deleteOldFiles()-fileName:HomeMate_20170315161847.017.txt

03-30 10:36:24.300 11889 11983 D HomeMate: comm[ Thread-44416: FileTool.java:65 deleteOldFiles() ] - deleteOldFiles()-fileName:HomeMate_20170315161734.602.txt

03-30 10:36:24.300 11889 11983 D HomeMate: comm[ Thread-44416: FileTool.java:65 deleteOldFiles() ] - deleteOldFiles()-fileName:HomeMate_20170315161723.566.txt

03-30 10:36:24.300 11889 11983 D HomeMate: comm[ Thread-44416: FileTool.java:65 deleteOldFiles() ] - deleteOldFiles()-fileName:HomeMate_20170315161651.404.txt

03-30 10:36:24.301 11889 11983 D HomeMate: comm[ Thread-44416: FileTool.java:65 deleteOldFiles() ] - deleteOldFiles()-fileName:HomeMate_20170315161605.201.txt

03-30 10:36:24.301 11889 11983 D HomeMate: comm[ Thread-44416: FileTool.java:65 deleteOldFiles() ] - deleteOldFiles()-fileName:HomeMate_20170315161513.129.txt

03-30 10:36:24.301 11889 11983 D HomeMate: comm[ Thread-44416: FileTool.java:65 deleteOldFiles() ] - deleteOldFiles()-fileName:HomeMate_20170315161433.524.txt

03-30 10:36:24.302 11889 11983 D HomeMate: comm[ Thread-44416: FileTool.java:65 deleteOldFiles() ] - deleteOldFiles()-fileName:HomeMate_20170315161257.239.txt

03-30 10:36:24.302 11889 11983 D HomeMate: comm[ Thread-44416: FileTool.java:65 deleteOldFiles() ] - deleteOldFiles()-fileName:HomeMate_20170315161205.629.txt

03-30 10:36:24.302 11889 11983 D HomeMate: comm[ Thread-44416: FileTool.java:65 deleteOldFiles() ] - deleteOldFiles()-fileName:HomeMate_20170315161125.301.txt

03-30 10:36:24.303 11889 11983 D HomeMate: comm[ Thread-44416: FileTool.java:65 deleteOldFiles() ] - deleteOldFiles()-fileName:HomeMate_20170315160953.858.txt

03-30 10:36:24.303 11889 11983 D HomeMate: comm[ Thread-44416: FileTool.java:65 deleteOldFiles() ] - deleteOldFiles()-fileName:HomeMate_20170315160914.355.txt

03-30 10:36:24.303 11889 11983 D HomeMate: comm[ Thread-44416: FileTool.java:65 deleteOldFiles() ] - deleteOldFiles()-fileName:HomeMate_20170315160604.282.txt

03-30 10:36:24.304 11889 11983 D HomeMate: comm[ Thread-44416: FileTool.java:65 deleteOldFiles() ] - deleteOldFiles()-fileName:HomeMate_20170315160143.082.txt

03-30 10:36:24.304 11889 11983 D HomeMate: comm[ Thread-44416: FileTool.java:65 deleteOldFiles() ] - deleteOldFiles()-fileName:HomeMate_20170315155955.665.txt

03-30 10:36:24.304 11889 11983 D HomeMate: comm[ Thread-44416: FileTool.java:65 deleteOldFiles() ] - deleteOldFiles()-fileName:HomeMate_20170315155631.032.txt

03-30 10:36:24.305 11889 11983 D HomeMate: comm[ Thread-44416: FileTool.java:65 deleteOldFiles() ] - deleteOldFiles()-fileName:HomeMate_20170315155529.322.txt

03-30 10:36:24.305 11889 11983 D HomeMate: comm[ Thread-44416: FileTool.java:65 deleteOldFiles() ] - deleteOldFiles()-fileName:HomeMate_20170315155405.317.txt

03-30 10:36:24.305 11889 11983 D HomeMate: comm[ Thread-44416: FileTool.java:65 deleteOldFiles() ] - deleteOldFiles()-fileName:HomeMate_20170315154618.227.txt

03-30 10:36:24.306 11889 11983 D HomeMate: comm[ Thread-44416: FileTool.java:65 deleteOldFiles() ] - deleteOldFiles()-fileName:HomeMate_20170315154519.037.txt

03-30 10:36:24.306 11889 11983 D HomeMate: comm[ Thread-44416: FileTool.java:65 deleteOldFiles() ] - deleteOldFiles()-fileName:HomeMate_20170315154511.844.txt

03-30 10:36:24.307 11889 11983 D HomeMate: comm[ Thread-44416: FileTool.java:65 deleteOldFiles() ] - deleteOldFiles()-fileName:HomeMate_20170315153345.714.txt

03-30 10:36:24.307 11889 11983 D HomeMate: comm[ Thread-44416: FileTool.java:65 deleteOldFiles() ] - deleteOldFiles()-fileName:HomeMate_20170315153240.555.txt

03-30 10:36:24.308 11889 11983 D HomeMate: comm[ Thread-44416: FileTool.java:65 deleteOldFiles() ] - deleteOldFiles()-fileName:HomeMate_20170315145956.701.txt

03-30 10:36:24.308 11889 11983 D HomeMate: comm[ Thread-44416: FileTool.java:65 deleteOldFiles() ] - deleteOldFiles()-fileName:HomeMate_20170315145950.003.txt

03-30 10:36:24.309 11889 11983 D HomeMate: comm[ Thread-44416: FileTool.java:65 deleteOldFiles() ] - deleteOldFiles()-fileName:HomeMate_20170315142144.680.txt

03-30 10:36:24.314 11889 11983 D HomeMate: comm[ Thread-44416: FileTool.java:65 deleteOldFiles() ] - deleteOldFiles()-fileName:HomeMate_20170315142102.593.txt

03-30 10:36:24.314 11889 11983 D HomeMate: comm[ Thread-44416: FileTool.java:65 deleteOldFiles() ] - deleteOldFiles()-fileName:HomeMate_20170315135952.188.txt

03-30 10:36:24.315 11889 11983 D HomeMate: comm[ Thread-44416: FileTool.java:65 deleteOldFiles() ] - deleteOldFiles()-fileName:HomeMate_20170315135941.637.txt

03-30 10:36:24.315 11889 11983 D HomeMate: comm[ Thread-44416: FileTool.java:65 deleteOldFiles() ] - deleteOldFiles()-fileName:HomeMate_20170315135558.461.txt

03-30 10:36:24.315 11889 11983 D HomeMate: comm[ Thread-44416: FileTool.java:65 deleteOldFiles() ] - deleteOldFiles()-fileName:HomeMate_20170315133847.445.txt

03-30 10:36:24.316 11889 11983 D HomeMate: comm[ Thread-44416: FileTool.java:65 deleteOldFiles() ] - deleteOldFiles()-fileName:HomeMate_20170315125724.932.txt

03-30 10:36:24.316 11889 11983 D HomeMate: comm[ Thread-44416: FileTool.java:65 deleteOldFiles() ] - deleteOldFiles()-fileName:HomeMate_20170315125621.143.txt

03-30 10:36:24.317 11889 11983 D HomeMate: comm[ Thread-44416: FileTool.java:65 deleteOldFiles() ] - deleteOldFiles()-fileName:HomeMate_20170315125535.812.txt

03-30 10:36:24.317 11889 11983 D HomeMate: comm[ Thread-44416: FileTool.java:65 deleteOldFiles() ] - deleteOldFiles()-fileName:HomeMate_20170315125450.208.txt

03-30 10:36:24.327 11889 11983 D HomeMate: comm[ Thread-44416: FileTool.java:65 deleteOldFiles() ] - deleteOldFiles()-fileName:HomeMate_20170315125236.897.txt

03-30 10:36:24.327 11889 11983 D HomeMate: comm[ Thread-44416: FileTool.java:65 deleteOldFiles() ] - deleteOldFiles()-fileName:HomeMate_20170315124941.569.txt

03-30 10:36:24.328 11889 11983 D HomeMate: comm[ Thread-44416: FileTool.java:65 deleteOldFiles() ] - deleteOldFiles()-fileName:HomeMate_20170315124831.111.txt

03-30 10:36:24.329 11889 11983 D HomeMate: comm[ Thread-44416: FileTool.java:65 deleteOldFiles() ] - deleteOldFiles()-fileName:HomeMate_20170315124745.963.txt

03-30 10:36:24.329 11889 11983 D HomeMate: comm[ Thread-44416: FileTool.java:65 deleteOldFiles() ] - deleteOldFiles()-fileName:HomeMate_20170315124700.288.txt

03-30 10:36:24.330 11889 11983 D HomeMate: comm[ Thread-44416: FileTool.java:65 deleteOldFiles() ] - deleteOldFiles()-fileName:HomeMate_20170315124522.496.txt

03-30 10:36:24.330 11889 11983 D HomeMate: comm[ Thread-44416: FileTool.java:65 deleteOldFiles() ] - deleteOldFiles()-fileName:HomeMate_20170315124437.099.txt

03-30 10:36:24.330 11889 11983 D HomeMate: comm[ Thread-44416: FileTool.java:65 deleteOldFiles() ] - deleteOldFiles()-fileName:HomeMate_20170315124351.378.txt

03-30 10:36:24.332 11889 11983 D HomeMate: comm[ Thread-44416: FileTool.java:65 deleteOldFiles() ] - deleteOldFiles()-fileName:HomeMate_20170315123516.255.txt

03-30 10:36:24.332 11889 11983 D HomeMate: comm[ Thread-44416: FileTool.java:65 deleteOldFiles() ] - deleteOldFiles()-fileName:HomeMate_20170315123353.173.txt

03-30 10:36:24.332 11889 11983 D HomeMate: comm[ Thread-44416: FileTool.java:65 deleteOldFiles() ] - deleteOldFiles()-fileName:HomeMate_20170315123252.813.txt

03-30 10:36:24.333 11889 11983 D HomeMate: comm[ Thread-44416: FileTool.java:65 deleteOldFiles() ] - deleteOldFiles()-fileName:HomeMate_20170315123152.673.txt

03-30 10:36:24.333 11889 11983 D HomeMate: comm[ Thread-44416: FileTool.java:65 deleteOldFiles() ] - deleteOldFiles()-fileName:HomeMate_20170315123048.224.txt

03-30 10:36:24.334 11889 11983 D HomeMate: comm[ Thread-44416: FileTool.java:65 deleteOldFiles() ] - deleteOldFiles()-fileName:HomeMate_20170315122923.341.txt

03-30 10:36:24.334 11889 11983 D HomeMate: comm[ Thread-44416: FileTool.java:65 deleteOldFiles() ] - deleteOldFiles()-fileName:HomeMate_20170315122703.718.txt

03-30 10:36:24.334 11889 11983 D HomeMate: comm[ Thread-44416: FileTool.java:65 deleteOldFiles() ] - deleteOldFiles()-fileName:HomeMate_20170315122534.306.txt

03-30 10:36:24.337 11889 11983 D HomeMate: comm[ Thread-44416: FileTool.java:65 deleteOldFiles() ] - deleteOldFiles()-fileName:HomeMate_20170315122425.253.txt

03-30 10:36:24.337 11889 11983 D HomeMate: comm[ Thread-44416: FileTool.java:65 deleteOldFiles() ] - deleteOldFiles()-fileName:HomeMate_20170315122338.937.txt

03-30 10:36:24.338 11889 11983 D HomeMate: comm[ Thread-44416: FileTool.java:65 deleteOldFiles() ] - deleteOldFiles()-fileName:HomeMate_20170315122254.419.txt

03-30 10:36:24.338 11889 11983 D HomeMate: comm[ Thread-44416: FileTool.java:65 deleteOldFiles() ] - deleteOldFiles()-fileName:HomeMate_20170315122033.533.txt

03-30 10:36:24.338 11889 11983 D HomeMate: comm[ Thread-44416: FileTool.java:65 deleteOldFiles() ] - deleteOldFiles()-fileName:HomeMate_20170315121652.417.txt

03-30 10:36:24.339 11889 11983 D HomeMate: comm[ Thread-44416: FileTool.java:65 deleteOldFiles() ] - deleteOldFiles()-fileName:HomeMate_20170315121646.080.txt

03-30 10:36:24.339 11889 11983 D HomeMate: comm[ Thread-44416: FileTool.java:65 deleteOldFiles() ] - deleteOldFiles()-fileName:HomeMate_20170315121635.468.txt

03-30 10:36:24.339 11889 11983 D HomeMate: comm[ Thread-44416: FileTool.java:65 deleteOldFiles() ] - deleteOldFiles()-fileName:HomeMate_20170315121623.915.txt

03-30 10:36:24.340 11889 11983 D HomeMate: comm[ Thread-44416: FileTool.java:65 deleteOldFiles() ] - deleteOldFiles()-fileName:HomeMate_20170315121612.086.txt

03-30 10:36:24.340 11889 11983 D HomeMate: comm[ Thread-44416: FileTool.java:65 deleteOldFiles() ] - deleteOldFiles()-fileName:HomeMate_20170315121600.373.txt

03-30 10:36:24.341 11889 11983 D HomeMate: comm[ Thread-44416: FileTool.java:65 deleteOldFiles() ] - deleteOldFiles()-fileName:HomeMate_20170315114852.540.txt

03-30 10:36:24.341 11889 11983 D HomeMate: comm[ Thread-44416: FileTool.java:65 deleteOldFiles() ] - deleteOldFiles()-fileName:HomeMate_20170315114814.888.txt

03-30 10:36:24.341 11889 11983 D HomeMate: comm[ Thread-44416: FileTool.java:65 deleteOldFiles() ] - deleteOldFiles()-fileName:HomeMate_20170315114701.642.txt

03-30 10:36:24.342 11889 11983 D HomeMate: comm[ Thread-44416: FileTool.java:65 deleteOldFiles() ] - deleteOldFiles()-fileName:HomeMate_20170315114609.703.txt

03-30 10:36:24.342 11889 11983 D HomeMate: comm[ Thread-44416: FileTool.java:65 deleteOldFiles() ] - deleteOldFiles()-fileName:HomeMate_20170315114526.263.txt

03-30 10:36:24.342 11889 11983 D HomeMate: comm[ Thread-44416: FileTool.java:65 deleteOldFiles() ] - deleteOldFiles()-fileName:HomeMate_20170315114434.896.txt

03-30 10:36:24.343 11889 11983 D HomeMate: comm[ Thread-44416: FileTool.java:65 deleteOldFiles() ] - deleteOldFiles()-fileName:HomeMate_20170315114323.195.txt

03-30 10:36:24.343 11889 11983 D HomeMate: comm[ Thread-44416: FileTool.java:65 deleteOldFiles() ] - deleteOldFiles()-fileName:HomeMate_20170315114242.183.txt

03-30 10:36:24.344 11889 11983 D HomeMate: comm[ Thread-44416: FileTool.java:65 deleteOldFiles() ] - deleteOldFiles()-fileName:HomeMate_20170315114128.051.txt

03-30 10:36:24.344 11889 11983 D HomeMate: comm[ Thread-44416: FileTool.java:65 deleteOldFiles() ] - deleteOldFiles()-fileName:HomeMate_20170315114023.883.txt

03-30 10:36:24.344 11889 11983 D HomeMate: comm[ Thread-44416: FileTool.java:65 deleteOldFiles() ] - deleteOldFiles()-fileName:HomeMate_20170315113918.177.txt

03-30 10:36:24.345 11889 11983 D HomeMate: comm[ Thread-44416: FileTool.java:65 deleteOldFiles() ] - deleteOldFiles()-fileName:HomeMate_20170315113750.298.txt

03-30 10:36:24.345 11889 11983 D HomeMate: comm[ Thread-44416: FileTool.java:65 deleteOldFiles() ] - deleteOldFiles()-fileName:HomeMate_20170315113658.644.txt

03-30 10:36:24.345 11889 11983 D HomeMate: comm[ Thread-44416: FileTool.java:65 deleteOldFiles() ] - deleteOldFiles()-fileName:HomeMate_20170315113528.642.txt

03-30 10:36:24.346 11889 11983 D HomeMate: comm[ Thread-44416: FileTool.java:65 deleteOldFiles() ] - deleteOldFiles()-fileName:HomeMate_20170315113405.698.txt

03-30 10:36:24.346 11889 11983 D HomeMate: comm[ Thread-44416: FileTool.java:65 deleteOldFiles() ] - deleteOldFiles()-fileName:HomeMate_20170315113251.834.txt

03-30 10:36:24.348 11889 11983 D HomeMate: comm[ Thread-44416: FileTool.java:65 deleteOldFiles() ] - deleteOldFiles()-fileName:HomeMate_20170315113209.636.txt

03-30 10:36:24.348 11889 11983 D HomeMate: comm[ Thread-44416: FileTool.java:65 deleteOldFiles() ] - deleteOldFiles()-fileName:HomeMate_20170315113124.566.txt

03-30 10:36:24.349 11889 11983 D HomeMate: comm[ Thread-44416: FileTool.java:65 deleteOldFiles() ] - deleteOldFiles()-fileName:HomeMate_20170315113039.834.txt

03-30 10:36:24.349 11889 11983 D HomeMate: comm[ Thread-44416: FileTool.java:65 deleteOldFiles() ] - deleteOldFiles()-fileName:HomeMate_20170315112945.535.txt

03-30 10:36:24.349 11889 11983 D HomeMate: comm[ Thread-44416: FileTool.java:65 deleteOldFiles() ] - deleteOldFiles()-fileName:HomeMate_20170315112846.587.txt

03-30 10:36:24.350 11889 11983 D HomeMate: comm[ Thread-44416: FileTool.java:65 deleteOldFiles() ] - deleteOldFiles()-fileName:HomeMate_20170315112723.019.txt

03-30 10:36:24.350 11889 11983 D HomeMate: comm[ Thread-44416: FileTool.java:65 deleteOldFiles() ] - deleteOldFiles()-fileName:HomeMate_20170315112614.319.txt

03-30 10:36:24.350 11889 11983 D HomeMate: comm[ Thread-44416: FileTool.java:65 deleteOldFiles() ] - deleteOldFiles()-fileName:HomeMate_20170315112532.735.txt

03-30 10:36:24.351 11889 11983 D HomeMate: comm[ Thread-44416: FileTool.java:65 deleteOldFiles() ] - deleteOldFiles()-fileName:HomeMate_20170315112442.943.txt

03-30 10:36:24.351 11889 11983 D HomeMate: comm[ Thread-44416: FileTool.java:65 deleteOldFiles() ] - deleteOldFiles()-fileName:HomeMate_20170315112253.977.txt

03-30 10:36:24.352 11889 11983 D HomeMate: comm[ Thread-44416: FileTool.java:65 deleteOldFiles() ] - deleteOldFiles()-fileName:HomeMate_20170315112048.243.txt

03-30 10:36:24.352 11889 11983 D HomeMate: comm[ Thread-44416: FileTool.java:65 deleteOldFiles() ] - deleteOldFiles()-fileName:HomeMate_20170315111908.007.txt

03-30 10:36:24.352 11889 11983 D HomeMate: comm[ Thread-44416: FileTool.java:65 deleteOldFiles() ] - deleteOldFiles()-fileName:HomeMate_20170315111724.809.txt

03-30 10:36:24.353 11889 11983 D HomeMate: comm[ Thread-44416: FileTool.java:65 deleteOldFiles() ] - deleteOldFiles()-fileName:HomeMate_20170315111631.263.txt

03-30 10:36:24.353 11889 11983 D HomeMate: comm[ Thread-44416: FileTool.java:65 deleteOldFiles() ] - deleteOldFiles()-fileName:HomeMate_20170315111539.241.txt

03-30 10:36:24.353 11889 11983 D HomeMate: comm[ Thread-44416: FileTool.java:65 deleteOldFiles() ] - deleteOldFiles()-fileName:HomeMate_20170315111450.095.txt

03-30 10:36:24.354 11889 11983 D HomeMate: comm[ Thread-44416: FileTool.java:65 deleteOldFiles() ] - deleteOldFiles()-fileName:HomeMate_20170315111400.711.txt

03-30 10:36:24.354 11889 11983 D HomeMate: comm[ Thread-44416: FileTool.java:65 deleteOldFiles() ] - deleteOldFiles()-fileName:HomeMate_20170315111305.817.txt

03-30 10:36:24.355 11889 11983 D HomeMate: comm[ Thread-44416: FileTool.java:65 deleteOldFiles() ] - deleteOldFiles()-fileName:HomeMate_20170315111159.453.txt

03-30 10:36:24.355 11889 11983 D HomeMate: comm[ Thread-44416: FileTool.java:65 deleteOldFiles() ] - deleteOldFiles()-fileName:HomeMate_20170315111107.549.txt

03-30 10:36:24.355 11889 11983 D HomeMate: comm[ Thread-44416: FileTool.java:65 deleteOldFiles() ] - deleteOldFiles()-fileName:HomeMate_20170315111021.308.txt

03-30 10:36:24.356 11889 11983 D HomeMate: comm[ Thread-44416: FileTool.java:65 deleteOldFiles() ] - deleteOldFiles()-fileName:HomeMate_20170315110932.217.txt

03-30 10:36:24.356 11889 11983 D HomeMate: comm[ Thread-44416: FileTool.java:65 deleteOldFiles() ] - deleteOldFiles()-fileName:HomeMate_20170315110730.488.txt

03-30 10:36:24.356 11889 11983 D HomeMate: comm[ Thread-44416: FileTool.java:65 deleteOldFiles() ] - deleteOldFiles()-fileName:HomeMate_20170315110641.616.txt

03-30 10:36:24.357 11889 11983 D HomeMate: comm[ Thread-44416: FileTool.java:65 deleteOldFiles() ] - deleteOldFiles()-fileName:HomeMate_20170315110447.770.txt

03-30 10:36:24.357 11889 11983 D HomeMate: comm[ Thread-44416: FileTool.java:65 deleteOldFiles() ] - deleteOldFiles()-fileName:HomeMate_20170315110309.988.txt

03-30 10:36:24.357 11889 11983 D HomeMate: comm[ Thread-44416: FileTool.java:65 deleteOldFiles() ] - deleteOldFiles()-fileName:HomeMate_20170315110224.792.txt

03-30 10:36:24.358 11889 11983 D HomeMate: comm[ Thread-44416: FileTool.java:65 deleteOldFiles() ] - deleteOldFiles()-fileName:HomeMate_20170315110140.343.txt

03-30 10:36:24.358 11889 11983 D HomeMate: comm[ Thread-44416: FileTool.java:65 deleteOldFiles() ] - deleteOldFiles()-fileName:HomeMate_20170315110054.542.txt

03-30 10:36:24.359 11889 11983 D HomeMate: comm[ Thread-44416: FileTool.java:65 deleteOldFiles() ] - deleteOldFiles()-fileName:HomeMate_20170315110012.140.txt

03-30 10:36:24.359 11889 11983 D HomeMate: comm[ Thread-44416: FileTool.java:65 deleteOldFiles() ] - deleteOldFiles()-fileName:HomeMate_20170315105859.533.txt

03-30 10:36:24.359 11889 11983 D HomeMate: comm[ Thread-44416: FileTool.java:65 deleteOldFiles() ] - deleteOldFiles()-fileName:HomeMate_20170315105735.086.txt

03-30 10:36:24.360 11889 11983 D HomeMate: comm[ Thread-44416: FileTool.java:65 deleteOldFiles() ] - deleteOldFiles()-fileName:HomeMate_20170315105331.858.txt

03-30 10:36:24.361 11889 11983 D HomeMate: comm[ Thread-44416: FileTool.java:65 deleteOldFiles() ] - deleteOldFiles()-fileName:HomeMate_20170315102638.310.txt

03-30 10:36:24.361 11889 11983 D HomeMate: comm[ Thread-44416: FileTool.java:65 deleteOldFiles() ] - deleteOldFiles()-fileName:HomeMate_20170315102553.301.txt

03-30 10:36:24.361 11889 11983 D HomeMate: comm[ Thread-44416: FileTool.java:65 deleteOldFiles() ] - deleteOldFiles()-fileName:HomeMate_20170315102506.333.txt

03-30 10:36:24.362 11889 11983 D HomeMate: comm[ Thread-44416: FileTool.java:65 deleteOldFiles() ] - deleteOldFiles()-fileName:HomeMate_20170315102420.784.txt

03-30 10:36:24.362 11889 11983 D HomeMate: comm[ Thread-44416: FileTool.java:65 deleteOldFiles() ] - deleteOldFiles()-fileName:HomeMate_20170315091708.070.txt

03-30 10:36:24.362 11889 11983 D HomeMate: comm[ Thread-44416: FileTool.java:65 deleteOldFiles() ] - deleteOldFiles()-fileName:HomeMate_20170315091636.400.txt

03-30 10:36:24.363 11889 11983 D HomeMate: comm[ Thread-44416: FileTool.java:65 deleteOldFiles() ] - deleteOldFiles()-fileName:HomeMate_20170315091531.864.txt

03-30 10:36:24.363 11889 11983 D HomeMate: comm[ Thread-44416: FileTool.java:65 deleteOldFiles() ] - deleteOldFiles()-fileName:HomeMate_20170315091450.189.txt

03-30 10:36:24.364 11889 11983 D HomeMate: comm[ Thread-44416: FileTool.java:65 deleteOldFiles() ] - deleteOldFiles()-fileName:HomeMate_20170315090727.357.txt

03-30 10:36:24.364 11889 11983 D HomeMate: comm[ Thread-44416: FileTool.java:65 deleteOldFiles() ] - deleteOldFiles()-fileName:HomeMate_20170314194309.602.txt

03-30 10:36:24.364 11889 11983 D HomeMate: comm[ Thread-44416: FileTool.java:65 deleteOldFiles() ] - deleteOldFiles()-fileName:HomeMate_20170314194528.432vicenter.db

03-30 10:36:24.365 11889 11983 D HomeMate: comm[ Thread-44416: FileTool.java:65 deleteOldFiles() ] - deleteOldFiles()-fileName:HomeMate_20170314194528.471device_desc.db

03-30 10:36:24.365 11889 11983 D HomeMate: comm[ Thread-44416: FileTool.java:65 deleteOldFiles() ] - deleteOldFiles()-fileName:HomeMate_20170314191435.952.txt

03-30 10:36:24.366 11889 11983 D HomeMate: comm[ Thread-44416: FileTool.java:65 deleteOldFiles() ] - deleteOldFiles()-fileName:HomeMate_20170314191342.186.txt

03-30 10:36:24.366 11889 11983 D HomeMate: comm[ Thread-44416: FileTool.java:65 deleteOldFiles() ] - deleteOldFiles()-fileName:HomeMate_20170314190407.728.txt

03-30 10:36:24.367 11889 11889 D HomeMate: allen[ main: HomeFragment.java:209 onResume() ] - onResume()

03-30 10:36:24.367 11889 11983 D HomeMate: comm[ Thread-44416: FileTool.java:65 deleteOldFiles() ] - deleteOldFiles()-fileName:HomeMate_20170314190302.766.txt

03-30 10:36:24.367 11889 11983 D HomeMate: comm[ Thread-44416: FileTool.java:65 deleteOldFiles() ] - deleteOldFiles()-fileName:HomeMate_20170314190225.130.txt

03-30 10:36:24.367 11889 11983 D HomeMate: comm[ Thread-44416: FileTool.java:65 deleteOldFiles() ] - deleteOldFiles()-fileName:HomeMate_20170314190133.082.txt

03-30 10:36:24.368 11889 11983 D HomeMate: comm[ Thread-44416: FileTool.java:65 deleteOldFiles() ] - deleteOldFiles()-fileName:HomeMate_20170314190122.738.txt

03-30 10:36:24.368 11889 11983 D HomeMate: comm[ Thread-44416: FileTool.java:65 deleteOldFiles() ] - deleteOldFiles()-fileName:HomeMate_20170314190113.571.txt

03-30 10:36:24.368 11889 11983 D HomeMate: comm[ Thread-44416: FileTool.java:65 deleteOldFiles() ] - deleteOldFiles()-fileName:HomeMate_20170314190036.218.txt

03-30 10:36:24.369 11889 11983 D HomeMate: comm[ Thread-44416: FileTool.java:65 deleteOldFiles() ] - deleteOldFiles()-fileName:HomeMate_20170314185958.974.txt

03-30 10:36:24.369 11889 11983 D HomeMate: comm[ Thread-44416: FileTool.java:65 deleteOldFiles() ] - deleteOldFiles()-fileName:HomeMate_20170314180421.293.txt

03-30 10:36:24.371 11889 11983 D HomeMate: comm[ Thread-44416: FileTool.java:65 deleteOldFiles() ] - deleteOldFiles()-fileName:HomeMate_20170314175634.752.txt

03-30 10:36:24.371 11889 11983 D HomeMate: comm[ Thread-44416: FileTool.java:65 deleteOldFiles() ] - deleteOldFiles()-fileName:HomeMate_20170314174531.915.txt

03-30 10:36:24.372 11889 11983 D HomeMate: comm[ Thread-44416: FileTool.java:65 deleteOldFiles() ] - deleteOldFiles()-fileName:HomeMate_20170314174242.283.txt

03-30 10:36:24.372 11889 11983 D HomeMate: comm[ Thread-44416: FileTool.java:65 deleteOldFiles() ] - deleteOldFiles()-fileName:HomeMate_20170314173009.987.txt

03-30 10:36:24.375 11889 11983 D HomeMate: comm[ Thread-44416: FileTool.java:65 deleteOldFiles() ] - deleteOldFiles()-fileName:HomeMate_20170314171124.633.txt

03-30 10:36:24.377 11889 11983 D HomeMate: comm[ Thread-44416: FileTool.java:65 deleteOldFiles() ] - deleteOldFiles()-fileName:HomeMate_20170314170148.988.txt

03-30 10:36:24.377 11889 11983 D HomeMate: comm[ Thread-44416: FileTool.java:65 deleteOldFiles() ] - deleteOldFiles()-fileName:HomeMate_20170314170103.140.txt

03-30 10:36:24.378 11889 11983 D HomeMate: comm[ Thread-44416: FileTool.java:65 deleteOldFiles() ] - deleteOldFiles()-fileName:HomeMate_20170314170048.079.txt

03-30 10:36:24.379 11889 12054 W System  : ClassLoader referenced unknown path: /system/framework/tcmclient.jar

03-30 10:36:24.380 11889 11983 D HomeMate: comm[ Thread-44416: FileTool.java:65 deleteOldFiles() ] - deleteOldFiles()-fileName:HomeMate_20170314165946.316.txt

03-30 10:36:24.380 11889 11983 D HomeMate: comm[ Thread-44416: FileTool.java:65 deleteOldFiles() ] - deleteOldFiles()-fileName:HomeMate_20170314165800.825.txt

03-30 10:36:24.381 11889 11983 D HomeMate: comm[ Thread-44416: FileTool.java:65 deleteOldFiles() ] - deleteOldFiles()-fileName:HomeMate_20170314164742.923.txt

03-30 10:36:24.382 11889 11983 D HomeMate: comm[ Thread-44416: FileTool.java:65 deleteOldFiles() ] - deleteOldFiles()-fileName:HomeMate_20170314164639.933.txt

03-30 10:36:24.383 11889 11983 D HomeMate: comm[ Thread-44416: FileTool.java:65 deleteOldFiles() ] - deleteOldFiles()-fileName:HomeMate_20170314164533.729.txt

03-30 10:36:24.383 11889 11983 D HomeMate: comm[ Thread-44416: FileTool.java:65 deleteOldFiles() ] - deleteOldFiles()-fileName:HomeMate_20170314164406.231.txt

03-30 10:36:24.383 11889 11889 D HomeMate: comm[ main: BaseFragment.java:74 onAttach() ] - HomePagerFragment

03-30 10:36:24.383 11889 11983 D HomeMate: comm[ Thread-44416: FileTool.java:65 deleteOldFiles() ] - deleteOldFiles()-fileName:HomeMate_20170314163059.622.txt

03-30 10:36:24.384 11889 11983 D HomeMate: comm[ Thread-44416: FileTool.java:65 deleteOldFiles() ] - deleteOldFiles()-fileName:HomeMate_20170314163002.900.txt

03-30 10:36:24.384 11889 11983 D HomeMate: comm[ Thread-44416: FileTool.java:65 deleteOldFiles() ] - deleteOldFiles()-fileName:HomeMate_20170314162904.677.txt

03-30 10:36:24.386 11889 11983 D HomeMate: comm[ Thread-44416: FileTool.java:65 deleteOldFiles() ] - deleteOldFiles()-fileName:HomeMate_20170314162814.496.txt

03-30 10:36:24.387 11889 11983 D HomeMate: comm[ Thread-44416: FileTool.java:65 deleteOldFiles() ] - deleteOldFiles()-fileName:HomeMate_20170314162733.632.txt

03-30 10:36:24.387 11889 11983 D HomeMate: comm[ Thread-44416: FileTool.java:65 deleteOldFiles() ] - deleteOldFiles()-fileName:HomeMate_20170314162523.215.txt

03-30 10:36:24.387 11889 11983 D HomeMate: comm[ Thread-44416: FileTool.java:65 deleteOldFiles() ] - deleteOldFiles()-fileName:HomeMate_20170314162433.431.txt

03-30 10:36:24.388 11889 11983 D HomeMate: comm[ Thread-44416: FileTool.java:65 deleteOldFiles() ] - deleteOldFiles()-fileName:HomeMate_20170314162353.877.txt

03-30 10:36:24.388 11889 11983 D HomeMate: comm[ Thread-44416: FileTool.java:65 deleteOldFiles() ] - deleteOldFiles()-fileName:HomeMate_20170314162305.668.txt

03-30 10:36:24.388 11889 11889 D HomeMate: allen[ main: HomePagerFragment.java:120 onCreateView() ] - onCreateView()

03-30 10:36:24.388 11889 11983 D HomeMate: comm[ Thread-44416: FileTool.java:65 deleteOldFiles() ] - deleteOldFiles()-fileName:HomeMate_20170314162204.038.txt

03-30 10:36:24.389 11889 11983 D HomeMate: comm[ Thread-44416: FileTool.java:65 deleteOldFiles() ] - deleteOldFiles()-fileName:HomeMate_20170314162120.687.txt

03-30 10:36:24.389 11889 11983 D HomeMate: comm[ Thread-44416: FileTool.java:65 deleteOldFiles() ] - deleteOldFiles()-fileName:HomeMate_20170314162018.423.txt

03-30 10:36:24.390 11889 11983 D HomeMate: comm[ Thread-44416: FileTool.java:65 deleteOldFiles() ] - deleteOldFiles()-fileName:HomeMate_20170314161918.849.txt

03-30 10:36:24.390 11889 11983 D HomeMate: comm[ Thread-44416: FileTool.java:65 deleteOldFiles() ] - deleteOldFiles()-fileName:HomeMate_20170314161838.102.txt

03-30 10:36:24.391 11889 11983 D HomeMate: comm[ Thread-44416: FileTool.java:65 deleteOldFiles() ] - deleteOldFiles()-fileName:HomeMate_20170314161728.020.txt

03-30 10:36:24.391 11889 11983 D HomeMate: comm[ Thread-44416: FileTool.java:65 deleteOldFiles() ] - deleteOldFiles()-fileName:HomeMate_20170314161628.224.txt

03-30 10:36:24.392 11889 11983 D HomeMate: comm[ Thread-44416: FileTool.java:65 deleteOldFiles() ] - deleteOldFiles()-fileName:HomeMate_20170314161537.656.txt

03-30 10:36:24.392 11889 11983 D HomeMate: comm[ Thread-44416: FileTool.java:65 deleteOldFiles() ] - deleteOldFiles()-fileName:HomeMate_20170314161100.376.txt

03-30 10:36:24.392 11889 11983 D HomeMate: comm[ Thread-44416: FileTool.java:65 deleteOldFiles() ] - deleteOldFiles()-fileName:HomeMate_20170314160937.059.txt

03-30 10:36:24.393 11889 11983 D HomeMate: comm[ Thread-44416: FileTool.java:65 deleteOldFiles() ] - deleteOldFiles()-fileName:HomeMate_20170314160835.186.txt

03-30 10:36:24.393 11889 11983 D HomeMate: comm[ Thread-44416: FileTool.java:65 deleteOldFiles() ] - deleteOldFiles()-fileName:HomeMate_20170314160615.884.txt

03-30 10:36:24.393 11889 11983 D HomeMate: comm[ Thread-44416: FileTool.java:65 deleteOldFiles() ] - deleteOldFiles()-fileName:HomeMate_20170314160514.313.txt

03-30 10:36:24.394 11889 11983 D HomeMate: comm[ Thread-44416: FileTool.java:65 deleteOldFiles() ] - deleteOldFiles()-fileName:HomeMate_20170314160348.585.txt

03-30 10:36:24.394 11889 11983 D HomeMate: comm[ Thread-44416: FileTool.java:65 deleteOldFiles() ] - deleteOldFiles()-fileName:HomeMate_20170314155619.147.txt

03-30 10:36:24.394 11889 11983 D HomeMate: comm[ Thread-44416: FileTool.java:65 deleteOldFiles() ] - deleteOldFiles()-fileName:HomeMate_20170314155543.147.txt

03-30 10:36:24.395 11889 11983 D HomeMate: comm[ Thread-44416: FileTool.java:65 deleteOldFiles() ] - deleteOldFiles()-fileName:HomeMate_20170314155504.932.txt

03-30 10:36:24.395 11889 11983 D HomeMate: comm[ Thread-44416: FileTool.java:65 deleteOldFiles() ] - deleteOldFiles()-fileName:HomeMate_20170314155339.027.txt

03-30 10:36:24.395 11889 11983 D HomeMate: comm[ Thread-44416: FileTool.java:65 deleteOldFiles() ] - deleteOldFiles()-fileName:HomeMate_20170314155241.180.txt

03-30 10:36:24.396 11889 11983 D HomeMate: comm[ Thread-44416: FileTool.java:65 deleteOldFiles() ] - deleteOldFiles()-fileName:HomeMate_20170314155142.147.txt

03-30 10:36:24.396 11889 11983 D HomeMate: comm[ Thread-44416: FileTool.java:65 deleteOldFiles() ] - deleteOldFiles()-fileName:HomeMate_20170314095711.806.txt

03-30 10:36:24.396 11889 11889 V BoostFramework: BoostFramework() : mPerf = com.qualcomm.qti.Performance@95e44a1

03-30 10:36:24.396 11889 11889 V BoostFramework: BoostFramework() : mPerf = com.qualcomm.qti.Performance@b9276c6

03-30 10:36:24.396 11889 11983 D HomeMate: comm[ Thread-44416: FileTool.java:65 deleteOldFiles() ] - deleteOldFiles()-fileName:HomeMate_20170314095648.946.txt

03-30 10:36:24.397 11889 11983 D HomeMate: comm[ Thread-44416: FileTool.java:65 deleteOldFiles() ] - deleteOldFiles()-fileName:HomeMate_20170314095628.648.txt

03-30 10:36:24.398 11889 11983 D HomeMate: comm[ Thread-44416: FileTool.java:65 deleteOldFiles() ] - deleteOldFiles()-fileName:HomeMate_20170314095537.218.txt

03-30 10:36:24.398 11889 11983 D HomeMate: comm[ Thread-44416: FileTool.java:65 deleteOldFiles() ] - deleteOldFiles()-fileName:HomeMate_20170314095520.094.txt

03-30 10:36:24.398 11889 11983 D HomeMate: comm[ Thread-44416: FileTool.java:65 deleteOldFiles() ] - deleteOldFiles()-fileName:HomeMate_20170314095356.804.txt

03-30 10:36:24.399 11889 11983 D HomeMate: comm[ Thread-44416: FileTool.java:65 deleteOldFiles() ] - deleteOldFiles()-fileName:HomeMate_20170314095103.179.txt

03-30 10:36:24.399 11889 11983 D HomeMate: comm[ Thread-44416: FileTool.java:65 deleteOldFiles() ] - deleteOldFiles()-fileName:HomeMate_20170314094908.569.txt

03-30 10:36:24.400 11889 11983 D HomeMate: comm[ Thread-44416: FileTool.java:65 deleteOldFiles() ] - deleteOldFiles()-fileName:HomeMate_20170314094827.887.txt

03-30 10:36:24.400 11889 11983 D HomeMate: comm[ Thread-44416: FileTool.java:65 deleteOldFiles() ] - deleteOldFiles()-fileName:HomeMate_20170314093539.753.txt

03-30 10:36:24.400 11889 11983 D HomeMate: comm[ Thread-44416: FileTool.java:65 deleteOldFiles() ] - deleteOldFiles()-fileName:HomeMate_20170314093520.381.txt

03-30 10:36:24.401 11889 11983 D HomeMate: comm[ Thread-44416: FileTool.java:65 deleteOldFiles() ] - deleteOldFiles()-fileName:HomeMate_20170314092043.278.txt

03-30 10:36:24.401 11889 11983 D HomeMate: comm[ Thread-44416: FileTool.java:65 deleteOldFiles() ] - deleteOldFiles()-fileName:HomeMate_20170314092006.815.txt

03-30 10:36:24.401 11889 11983 D HomeMate: comm[ Thread-44416: FileTool.java:65 deleteOldFiles() ] - deleteOldFiles()-fileName:HomeMate_20170314091624.631.txt

03-30 10:36:24.402 11889 11983 D HomeMate: comm[ Thread-44416: FileTool.java:65 deleteOldFiles() ] - deleteOldFiles()-fileName:HomeMate_20170314091545.648.txt

03-30 10:36:24.402 11889 11983 D HomeMate: comm[ Thread-44416: FileTool.java:65 deleteOldFiles() ] - deleteOldFiles()-fileName:HomeMate_20170314091341.874.txt

03-30 10:36:24.402 11889 11983 D HomeMate: comm[ Thread-44416: FileTool.java:65 deleteOldFiles() ] - deleteOldFiles()-fileName:HomeMate_20170314091231.302.txt

03-30 10:36:24.403 11889 11983 D HomeMate: comm[ Thread-44416: FileTool.java:65 deleteOldFiles() ] - deleteOldFiles()-fileName:HomeMate_20170314091151.430.txt

03-30 10:36:24.403 11889 11983 D HomeMate: comm[ Thread-44416: FileTool.java:65 deleteOldFiles() ] - deleteOldFiles()-fileName:HomeMate_20170313191816.407.txt

03-30 10:36:24.403 11889 11983 D HomeMate: comm[ Thread-44416: FileTool.java:65 deleteOldFiles() ] - deleteOldFiles()-fileName:HomeMate_20170313191739.265.txt

03-30 10:36:24.403 11889 11889 V BoostFramework: BoostFramework() : mPerf = com.qualcomm.qti.Performance@37989dd

03-30 10:36:24.404 11889 11889 V BoostFramework: BoostFramework() : mPerf = com.qualcomm.qti.Performance@af3952

03-30 10:36:24.404 11889 11983 D HomeMate: comm[ Thread-44416: FileTool.java:65 deleteOldFiles() ] - deleteOldFiles()-fileName:HomeMate_20170313191601.277.txt

03-30 10:36:24.404 11889 11983 D HomeMate: comm[ Thread-44416: FileTool.java:65 deleteOldFiles() ] - deleteOldFiles()-fileName:HomeMate_20170313191524.488.txt

03-30 10:36:24.404 11889 11983 D HomeMate: comm[ Thread-44416: FileTool.java:65 deleteOldFiles() ] - deleteOldFiles()-fileName:HomeMate_20170313191321.780.txt

03-30 10:36:24.405 11889 11983 D HomeMate: comm[ Thread-44416: FileTool.java:65 deleteOldFiles() ] - deleteOldFiles()-fileName:HomeMate_20170313191246.144.txt

03-30 10:36:24.405 11889 11983 D HomeMate: comm[ Thread-44416: FileTool.java:65 deleteOldFiles() ] - deleteOldFiles()-fileName:HomeMate_20170313191141.026.txt

03-30 10:36:24.405 11889 11983 D HomeMate: comm[ Thread-44416: FileTool.java:65 deleteOldFiles() ] - deleteOldFiles()-fileName:HomeMate_20170313191050.606.txt

03-30 10:36:24.406 11889 11983 D HomeMate: comm[ Thread-44416: FileTool.java:65 deleteOldFiles() ] - deleteOldFiles()-fileName:HomeMate_20170313191012.345.txt

03-30 10:36:24.406 11889 11983 D HomeMate: comm[ Thread-44416: FileTool.java:65 deleteOldFiles() ] - deleteOldFiles()-fileName:HomeMate_20170313190741.732.txt

03-30 10:36:24.406 11889 11983 D HomeMate: comm[ Thread-44416: FileTool.java:65 deleteOldFiles() ] - deleteOldFiles()-fileName:HomeMate_20170313190703.828.txt

03-30 10:36:24.407 11889 11983 D HomeMate: comm[ Thread-44416: FileTool.java:65 deleteOldFiles() ] - deleteOldFiles()-fileName:HomeMate_20170313190456.707.txt

03-30 10:36:24.407 11889 11983 D HomeMate: comm[ Thread-44416: FileTool.java:65 deleteOldFiles() ] - deleteOldFiles()-fileName:HomeMate_20170313190426.578.txt

03-30 10:36:24.408 11889 11983 D HomeMate: comm[ Thread-44416: FileTool.java:65 deleteOldFiles() ] - deleteOldFiles()-fileName:HomeMate_20170313190410.585.txt

03-30 10:36:24.408 11889 11983 D HomeMate: comm[ Thread-44416: FileTool.java:65 deleteOldFiles() ] - deleteOldFiles()-fileName:HomeMate_20170313190332.633.txt

03-30 10:36:24.408 11889 11983 D HomeMate: comm[ Thread-44416: FileTool.java:65 deleteOldFiles() ] - deleteOldFiles()-fileName:HomeMate_20170313190212.735.txt

03-30 10:36:24.409 11889 11983 D HomeMate: comm[ Thread-44416: FileTool.java:65 deleteOldFiles() ] - deleteOldFiles()-fileName:HomeMate_20170313190112.636.txt

03-30 10:36:24.409 11889 11983 D HomeMate: comm[ Thread-44416: FileTool.java:65 deleteOldFiles() ] - deleteOldFiles()-fileName:HomeMate_20170313190036.425.txt

03-30 10:36:24.409 11889 11983 D HomeMate: comm[ Thread-44416: FileTool.java:65 deleteOldFiles() ] - deleteOldFiles()-fileName:HomeMate_20170313185111.315.txt

03-30 10:36:24.410 11889 11983 D HomeMate: comm[ Thread-44416: FileTool.java:65 deleteOldFiles() ] - deleteOldFiles()-fileName:HomeMate_20170313184906.175.txt

03-30 10:36:24.410 11889 11983 D HomeMate: comm[ Thread-44416: FileTool.java:65 deleteOldFiles() ] - deleteOldFiles()-fileName:HomeMate_20170313184525.970.txt

03-30 10:36:24.411 11889 11983 D HomeMate: comm[ Thread-44416: FileTool.java:65 deleteOldFiles() ] - deleteOldFiles()-fileName:HomeMate_20170313184439.797.txt

03-30 10:36:24.411 11889 11889 D HomeMate: allen[ main: HomePagerFragment.java:186 onActivityCreated() ] - onActivityCreated()

03-30 10:36:24.411 11889 11983 D HomeMate: comm[ Thread-44416: FileTool.java:65 deleteOldFiles() ] - deleteOldFiles()-fileName:HomeMate_20170313184354.382.txt

03-30 10:36:24.412 11889 11983 D HomeMate: comm[ Thread-44416: FileTool.java:65 deleteOldFiles() ] - deleteOldFiles()-fileName:HomeMate_20170313184134.785.txt

03-30 10:36:24.412 11889 11983 D HomeMate: comm[ Thread-44416: FileTool.java:65 deleteOldFiles() ] - deleteOldFiles()-fileName:HomeMate_20170313184019.923.txt

03-30 10:36:24.412 11889 11983 D HomeMate: comm[ Thread-44416: FileTool.java:65 deleteOldFiles() ] - deleteOldFiles()-fileName:HomeMate_20170313183931.347.txt

03-30 10:36:24.413 11889 11983 D HomeMate: comm[ Thread-44416: FileTool.java:65 deleteOldFiles() ] - deleteOldFiles()-fileName:HomeMate_20170313180326.788.txt

03-30 10:36:24.413 11889 11983 D HomeMate: comm[ Thread-44416: FileTool.java:65 deleteOldFiles() ] - deleteOldFiles()-fileName:HomeMate_20170313173614.684.txt

03-30 10:36:24.413 11889 11983 D HomeMate: comm[ Thread-44416: FileTool.java:65 deleteOldFiles() ] - deleteOldFiles()-fileName:HomeMate_20170313170821.794.txt

03-30 10:36:24.414 11889 11983 D HomeMate: comm[ Thread-44416: FileTool.java:65 deleteOldFiles() ] - deleteOldFiles()-fileName:HomeMate_20170313161144.300.txt

03-30 10:36:24.414 11889 11983 D HomeMate: comm[ Thread-44416: FileTool.java:65 deleteOldFiles() ] - deleteOldFiles()-fileName:HomeMate_20170313155950.353.txt

03-30 10:36:24.414 11889 11983 D HomeMate: comm[ Thread-44416: FileTool.java:65 deleteOldFiles() ] - deleteOldFiles()-fileName:HomeMate_20170313150904.353.txt

